2025-10-08 03:33:13,905 - training - INFO - ============================================================
2025-10-08 03:33:13,905 - training - INFO - 基于NNConv的分子进化预测器模型训练开始
2025-10-08 03:33:13,905 - training - INFO - ============================================================
2025-10-08 03:33:13,905 - training - INFO - 数据文件: mol_evo/dataset/data/qm9-evo-pairs-step-1-with-properties.csv
2025-10-08 03:33:13,905 - training - INFO - 最大对数: 30000
2025-10-08 03:33:13,905 - training - INFO - 训练轮数: 500
2025-10-08 03:33:20,918 - training - INFO - 正在构建图数据: mol_evo/dataset/data/qm9-evo-pairs-step-1-with-properties.csv
2025-10-08 03:33:20,918 - training - INFO - 数据构建完成:
2025-10-08 03:33:20,918 - training - INFO -   - 节点数: 1987
2025-10-08 03:33:20,919 - training - INFO -   - 边数: 30000
2025-10-08 03:33:20,919 - training - INFO -   - 节点特征维度: 2048
2025-10-08 03:33:20,919 - training - INFO -   - 边特征维度: 11
2025-10-08 03:33:20,919 - training - INFO -   - 目标属性变化维度: 15
2025-10-08 03:33:20,921 - training - INFO - 数据集划分完成:
2025-10-08 03:33:20,921 - training - INFO -   - 训练集: 21000 (70.0%)
2025-10-08 03:33:20,921 - training - INFO -   - 验证集: 3000 (10.0%)
2025-10-08 03:33:20,921 - training - INFO -   - 测试集: 6000 (20.0%)
2025-10-08 03:33:21,010 - training - INFO - 正在创建模型...
2025-10-08 03:33:21,010 - training - INFO - 模型参数数量: 6791951
2025-10-08 03:33:21,010 - training - INFO - 开始训练 (500 轮)...
2025-10-08 03:33:22,871 - training - INFO - Epoch [10/500], Train Loss: 0.826081, Val Loss: 1.264731, R²: 0.0935, MAE: 0.5888
2025-10-08 03:33:24,209 - training - INFO - Epoch [20/500], Train Loss: 0.696983, Val Loss: 1.090976, R²: 0.2180, MAE: 0.5133
2025-10-08 03:33:25,551 - training - INFO - Epoch [30/500], Train Loss: 0.582099, Val Loss: 0.991452, R²: 0.2894, MAE: 0.4412
2025-10-08 03:33:26,899 - training - INFO - Epoch [40/500], Train Loss: 0.518532, Val Loss: 0.933337, R²: 0.3310, MAE: 0.3991
2025-10-08 03:33:28,249 - training - INFO - Epoch [50/500], Train Loss: 0.484701, Val Loss: 0.903138, R²: 0.3527, MAE: 0.3708
2025-10-08 03:33:29,599 - training - INFO - Epoch [60/500], Train Loss: 0.460021, Val Loss: 0.880661, R²: 0.3688, MAE: 0.3536
2025-10-08 03:33:30,948 - training - INFO - Epoch [70/500], Train Loss: 0.436123, Val Loss: 0.858499, R²: 0.3847, MAE: 0.3420
2025-10-08 03:33:32,302 - training - INFO - Epoch [80/500], Train Loss: 0.399803, Val Loss: 0.814780, R²: 0.4160, MAE: 0.3309
2025-10-08 03:33:33,654 - training - INFO - Epoch [90/500], Train Loss: 0.291144, Val Loss: 0.728271, R²: 0.4780, MAE: 0.3069
2025-10-08 03:33:35,004 - training - INFO - Epoch [100/500], Train Loss: 0.233058, Val Loss: 0.503787, R²: 0.6389, MAE: 0.2840
2025-10-08 03:33:36,348 - training - INFO - Epoch [110/500], Train Loss: 0.199275, Val Loss: 0.374889, R²: 0.7313, MAE: 0.2686
2025-10-08 03:33:37,692 - training - INFO - Epoch [120/500], Train Loss: 0.179170, Val Loss: 0.323652, R²: 0.7680, MAE: 0.2564
2025-10-08 03:33:39,037 - training - INFO - Epoch [130/500], Train Loss: 0.170237, Val Loss: 0.371111, R²: 0.7340, MAE: 0.2483
2025-10-08 03:33:40,383 - training - INFO - Epoch [140/500], Train Loss: 0.158588, Val Loss: 0.322153, R²: 0.7691, MAE: 0.2415
2025-10-08 03:33:41,729 - training - INFO - Epoch [150/500], Train Loss: 0.148165, Val Loss: 0.326194, R²: 0.7662, MAE: 0.2327
2025-10-08 03:33:43,075 - training - INFO - Epoch [160/500], Train Loss: 0.134978, Val Loss: 0.283783, R²: 0.7966, MAE: 0.2213
2025-10-08 03:33:44,422 - training - INFO - Epoch [170/500], Train Loss: 0.122338, Val Loss: 0.245632, R²: 0.8239, MAE: 0.2118
2025-10-08 03:33:45,772 - training - INFO - Epoch [180/500], Train Loss: 0.113047, Val Loss: 0.293587, R²: 0.7896, MAE: 0.2019
2025-10-08 03:33:47,119 - training - INFO - Epoch [190/500], Train Loss: 0.104585, Val Loss: 0.243812, R²: 0.8252, MAE: 0.1932
2025-10-08 03:33:48,468 - training - INFO - Epoch [200/500], Train Loss: 0.097019, Val Loss: 0.251329, R²: 0.8199, MAE: 0.1856
2025-10-08 03:33:49,819 - training - INFO - Epoch [210/500], Train Loss: 0.089376, Val Loss: 0.285586, R²: 0.7953, MAE: 0.1806
2025-10-08 03:33:51,171 - training - INFO - Epoch [220/500], Train Loss: 0.085690, Val Loss: 0.231673, R²: 0.8339, MAE: 0.1776
2025-10-08 03:33:52,524 - training - INFO - Epoch [230/500], Train Loss: 0.081637, Val Loss: 0.196347, R²: 0.8593, MAE: 0.1708
2025-10-08 03:33:53,878 - training - INFO - Epoch [240/500], Train Loss: 0.076620, Val Loss: 0.212658, R²: 0.8476, MAE: 0.1655
2025-10-08 03:33:55,233 - training - INFO - Epoch [250/500], Train Loss: 0.072986, Val Loss: 0.191090, R²: 0.8630, MAE: 0.1632
2025-10-08 03:33:56,588 - training - INFO - Epoch [260/500], Train Loss: 0.070660, Val Loss: 0.198174, R²: 0.8580, MAE: 0.1605
2025-10-08 03:33:57,943 - training - INFO - Epoch [270/500], Train Loss: 0.065978, Val Loss: 0.212612, R²: 0.8476, MAE: 0.1555
2025-10-08 03:33:59,298 - training - INFO - Epoch [280/500], Train Loss: 0.062935, Val Loss: 0.229679, R²: 0.8354, MAE: 0.1512
2025-10-08 03:34:00,653 - training - INFO - Epoch [290/500], Train Loss: 0.060398, Val Loss: 0.258479, R²: 0.8147, MAE: 0.1480
2025-10-08 03:34:02,009 - training - INFO - Epoch [300/500], Train Loss: 0.058273, Val Loss: 0.184156, R²: 0.8680, MAE: 0.1427
2025-10-08 03:34:03,363 - training - INFO - Epoch [310/500], Train Loss: 0.053806, Val Loss: 0.182156, R²: 0.8694, MAE: 0.1384
2025-10-08 03:34:04,717 - training - INFO - Epoch [320/500], Train Loss: 0.056708, Val Loss: 0.172499, R²: 0.8764, MAE: 0.1344
2025-10-08 03:34:06,072 - training - INFO - Epoch [330/500], Train Loss: 0.052614, Val Loss: 0.200908, R²: 0.8560, MAE: 0.1319
2025-10-08 03:34:07,428 - training - INFO - Epoch [340/500], Train Loss: 0.045331, Val Loss: 0.179576, R²: 0.8713, MAE: 0.1262
2025-10-08 03:34:08,785 - training - INFO - Epoch [350/500], Train Loss: 0.047507, Val Loss: 0.173086, R²: 0.8759, MAE: 0.1194
2025-10-08 03:34:10,141 - training - INFO - Epoch [360/500], Train Loss: 0.041590, Val Loss: 0.199055, R²: 0.8573, MAE: 0.1175
2025-10-08 03:34:11,498 - training - INFO - Epoch [370/500], Train Loss: 0.039488, Val Loss: 0.192099, R²: 0.8623, MAE: 0.1144
2025-10-08 03:34:12,854 - training - INFO - Epoch [380/500], Train Loss: 0.037372, Val Loss: 0.185518, R²: 0.8670, MAE: 0.1099
2025-10-08 03:34:14,211 - training - INFO - Epoch [390/500], Train Loss: 0.041584, Val Loss: 0.157324, R²: 0.8872, MAE: 0.1083
2025-10-08 03:34:15,567 - training - INFO - Epoch [400/500], Train Loss: 0.034593, Val Loss: 0.144499, R²: 0.8964, MAE: 0.1037
2025-10-08 03:34:16,924 - training - INFO - Epoch [410/500], Train Loss: 0.037312, Val Loss: 0.171279, R²: 0.8772, MAE: 0.1006
2025-10-08 03:34:18,283 - training - INFO - Epoch [420/500], Train Loss: 0.032857, Val Loss: 0.157343, R²: 0.8872, MAE: 0.0986
2025-10-08 03:34:19,639 - training - INFO - Epoch [430/500], Train Loss: 0.031177, Val Loss: 0.162470, R²: 0.8835, MAE: 0.0953
2025-10-08 03:34:20,996 - training - INFO - Epoch [440/500], Train Loss: 0.031948, Val Loss: 0.150140, R²: 0.8924, MAE: 0.0939
2025-10-08 03:34:22,354 - training - INFO - Epoch [450/500], Train Loss: 0.033532, Val Loss: 0.159176, R²: 0.8859, MAE: 0.0933
2025-10-08 03:34:23,712 - training - INFO - Epoch [460/500], Train Loss: 0.029427, Val Loss: 0.157532, R²: 0.8871, MAE: 0.0907
2025-10-08 03:34:25,070 - training - INFO - Epoch [470/500], Train Loss: 0.030377, Val Loss: 0.174260, R²: 0.8751, MAE: 0.0888
2025-10-08 03:34:26,428 - training - INFO - Epoch [480/500], Train Loss: 0.028043, Val Loss: 0.183859, R²: 0.8682, MAE: 0.0889
2025-10-08 03:34:27,787 - training - INFO - Epoch [490/500], Train Loss: 0.029472, Val Loss: 0.190055, R²: 0.8638, MAE: 0.0914
2025-10-08 03:34:29,147 - training - INFO - Epoch [500/500], Train Loss: 0.029929, Val Loss: 0.162197, R²: 0.8837, MAE: 0.0876
2025-10-08 03:34:29,188 - training - INFO - 原始尺度评估指标:
2025-10-08 03:34:29,188 - training - INFO -   - MSE: 8567.807396
2025-10-08 03:34:29,188 - training - INFO -   - RMSE: 92.562451
2025-10-08 03:34:29,188 - training - INFO -   - MAE: 25.462220
2025-10-08 03:34:29,188 - training - INFO - 各维度阈值准确率:
2025-10-08 03:34:29,189 - training - INFO - Threshold   A        B        C        mu       alpha    homo     lumo     gap      r2       zpve     U0       U        H        G        Cv       
2025-10-08 03:34:29,189 - training - INFO - ---------------------------------------------------------------------------------------------------------------------------------------------------
2025-10-08 03:34:29,189 - training - INFO - @0.400      0.9995   0.9922   0.9927   0.9807   0.9792   0.9797   0.9857   0.9908   0.9937   0.9755   0.9957   0.9958   0.9957   0.9953   0.9735   
2025-10-08 03:34:29,189 - training - INFO - @0.300      0.9983   0.9812   0.9830   0.9507   0.9558   0.9500   0.9575   0.9802   0.9812   0.9212   0.9928   0.9925   0.9925   0.9930   0.9237   
2025-10-08 03:34:29,189 - training - INFO - @0.200      0.9955   0.9378   0.9363   0.8462   0.8615   0.8572   0.8570   0.9270   0.9367   0.7883   0.9812   0.9827   0.9813   0.9825   0.7855   
2025-10-08 03:34:29,189 - training - INFO - @0.100      0.9753   0.7968   0.7718   0.5553   0.5848   0.5747   0.5793   0.6903   0.7032   0.4898   0.8968   0.9047   0.9103   0.9142   0.4950   
2025-10-08 03:34:29,189 - training - INFO - @0.050      0.8298   0.5420   0.5298   0.3013   0.3283   0.3252   0.3212   0.3968   0.4202   0.2655   0.6607   0.6652   0.6970   0.6800   0.2647   
2025-10-08 03:34:30,142 - training - INFO - 训练完成:
2025-10-08 03:34:30,142 - training - INFO -   - 最终训练损失: 0.029929
2025-10-08 03:34:30,142 - training - INFO -   - 最佳验证损失: 0.124646
2025-10-08 03:34:30,142 - training - INFO -   - 测试损失 (MSE): 0.026757
2025-10-08 03:34:30,142 - training - INFO -   - 测试RMSE: 0.163577
2025-10-08 03:34:30,142 - training - INFO -   - 测试MAE: 0.082930
2025-10-08 03:34:30,142 - training - INFO -   - 测试R²: 0.970060
2025-10-08 03:34:30,142 - training - INFO -   - 测试阈值准确率 (0.4, 所有维度): 0.9028
2025-10-08 03:34:30,142 - training - INFO -   - 测试阈值准确率 (0.4, 平均): 0.9884
2025-10-08 03:34:30,142 - training - INFO -   - 测试阈值准确率 (0.3, 所有维度): 0.7477
2025-10-08 03:34:30,142 - training - INFO -   - 测试阈值准确率 (0.3, 平均): 0.9702
2025-10-08 03:34:30,143 - training - INFO -   - 测试阈值准确率 (0.2, 所有维度): 0.4045
2025-10-08 03:34:30,143 - training - INFO -   - 测试阈值准确率 (0.2, 平均): 0.9104
2025-10-08 03:34:30,143 - training - INFO -   - 测试阈值准确率 (0.1, 所有维度): 0.0460
2025-10-08 03:34:30,143 - training - INFO -   - 测试阈值准确率 (0.1, 平均): 0.7228
2025-10-08 03:34:30,143 - training - INFO -   - 测试阈值准确率 (0.05, 所有维度): 0.0007
2025-10-08 03:34:30,143 - training - INFO -   - 测试阈值准确率 (0.05, 平均): 0.4818
2025-10-08 03:34:30,143 - training - INFO -   - 原始尺度MSE: 8567.807396
2025-10-08 03:34:30,143 - training - INFO -   - 原始尺度RMSE: 92.562451
2025-10-08 03:34:30,143 - training - INFO -   - 原始尺度MAE: 25.462220
2025-10-08 03:34:30,143 - training - INFO -   - 模型已保存到: /home/data2/rhj/project/mol_editor/mol_evo/../mol_evo/model-data/nnconv/training_20251008_033313/molecule_evolution_nnconv_predictor.pth
