2025-11-11 19:10:50,957 - INFO - ============================================================
2025-11-11 19:10:50,957 - INFO - 数据文件: mol_evo/dataset/data/qm9-evo-pairs-step-1-with-properties-pct.csv
2025-11-11 19:10:50,957 - INFO - 最大对数: 30000
2025-11-11 19:10:50,957 - INFO - 训练轮数: 300
2025-11-11 19:10:50,958 - INFO - ============================================================
2025-11-11 19:10:50,958 - INFO - 正在构建图数据: mol_evo/dataset/data/qm9-evo-pairs-step-1-with-properties-pct.csv
2025-11-11 19:10:51,571 - INFO - 加载缓存文件: /home/data2/rhj/project/mol_editor/mol_evo/core/utils/../../.cache/molecule_graphs/csv_qm9-evo-pairs-step-1-with-properties-pct_3cbb45cc1ac9202d.pt，包含 1994 个分子
2025-11-11 19:10:56,337 - WARNING - 跳过第25871行分子对: [H]O/N=C(\C([H])([H])[H])C([H])([H])C(C([H])([H])[H])(C([H])([H])[H])C([H])([H])[H] -> [H]ONC1C([H])([H])[C@]23C([H])([H])[C@]([H])(C2([H])[H])[C@@]13[H] (数据为None)
2025-11-11 19:10:57,174 - WARNING - 跳过第25984行分子对: [H]O/N=C(/C([H])([H])C([H])([H])[H])C(C([H])([H])[H])(C([H])([H])[H])C([H])([H])[H] -> [H]ONC1C([H])([H])[C@]23C([H])([H])[C@]([H])(C2([H])[H])[C@@]13[H] (数据为None)
2025-11-11 19:10:58,016 - WARNING - 跳过第26175行分子对: [H]O/N=C(\C([H])([H])[H])C(C([H])([H])[H])(C([H])([H])[H])C([H])([H])C([H])([H])[H] -> [H]ONC1C([H])([H])[C@]23C([H])([H])[C@]([H])(C2([H])[H])[C@@]13[H] (数据为None)
2025-11-11 19:10:58,932 - WARNING - 跳过第26431行分子对: [H]O/N=C(\C([H])([H])[H])C([H])([H])C([H])([H])C([H])(C([H])([H])[H])C([H])([H])[H] -> [H]ONC1C([H])([H])[C@]23C([H])([H])[C@]([H])(C2([H])[H])[C@@]13[H] (数据为None)
2025-11-11 19:10:59,769 - WARNING - 跳过第26530行分子对: [H]ONC1C(C([H])([H])[H])(C([H])([H])[H])C([H])([H])[C@]1([H])C([H])([H])[H] -> [H]ONC1C([H])([H])[C@]23C([H])([H])[C@]([H])(C2([H])[H])[C@@]13[H] (数据为None)
2025-11-11 19:11:00,625 - WARNING - 跳过第26630行分子对: [H]ONC1C([H])=C([H])C(C([H])([H])[H])(C([H])([H])[H])C1([H])[H] -> [H]ONC1C([H])([H])[C@]23C([H])([H])[C@]([H])(C2([H])[H])[C@@]13[H] (数据为None)
2025-11-11 19:11:01,471 - WARNING - 跳过第26691行分子对: [H]ONC1C([H])([H])C([H])([H])C(C([H])([H])[H])(C([H])([H])[H])C1([H])[H] -> [H]ONC1C([H])([H])[C@]23C([H])([H])[C@]([H])(C2([H])[H])[C@@]13[H] (数据为None)
2025-11-11 19:11:02,320 - WARNING - 跳过第26895行分子对: [H]O/N=C(\C([H])([H])C([H])([H])[H])C([H])([H])C([H])(C([H])([H])[H])C([H])([H])[H] -> [H]ONC1C([H])([H])[C@]23C([H])([H])[C@]([H])(C2([H])[H])[C@@]13[H] (数据为None)
2025-11-11 19:11:03,165 - WARNING - 跳过第27044行分子对: [H]C#C[C@]1(C([H])([H])[H])C([H])([H])[C@@H](NO[H])C1([H])[H] -> [H]ONC1C([H])([H])[C@]23C([H])([H])[C@]([H])(C2([H])[H])[C@@]13[H] (数据为None)
2025-11-11 19:11:04,014 - WARNING - 跳过第27152行分子对: [H]ON[C@H]1C([H])([H])[C@](C([H])([H])[H])(C([H])([H])C([H])([H])[H])C1([H])[H] -> [H]ONC1C([H])([H])[C@]23C([H])([H])[C@]([H])(C2([H])[H])[C@@]13[H] (数据为None)
2025-11-11 19:11:04,848 - WARNING - 跳过第27266行分子对: [H]O/N=C(\C([H])([H])[H])C([H])([H])C1(C([H])([H])[H])C([H])([H])C1([H])[H] -> [H]ONC1C([H])([H])[C@]23C([H])([H])[C@]([H])(C2([H])[H])[C@@]13[H] (数据为None)
2025-11-11 19:11:05,729 - WARNING - 跳过第27714行分子对: [H]O/N=C(\C([H])([H])[H])C([H])([H])C([H])([H])C([H])([H])C([H])([H])C([H])([H])[H] -> [H]ONC1C([H])([H])[C@]23C([H])([H])[C@]([H])(C2([H])[H])[C@@]13[H] (数据为None)
2025-11-11 19:11:06,541 - WARNING - 跳过第27835行分子对: [H]ONC1C([H])([H])C([H])=C([H])C1(C([H])([H])[H])C([H])([H])[H] -> [H]ONC1C([H])([H])[C@]23C([H])([H])[C@]([H])(C2([H])[H])[C@@]13[H] (数据为None)
2025-11-11 19:11:07,365 - WARNING - 跳过第27878行分子对: [H]ONC1=C([H])[C-]([H])C([H])([H])C1(C([H])([H])[H])C([H])([H])[H] -> [H]ONC1C([H])([H])[C@]23C([H])([H])[C@]([H])(C2([H])[H])[C@@]13[H] (数据为None)
2025-11-11 19:11:08,147 - WARNING - 跳过第27924行分子对: [H]ONC1C([H])([H])C([H])([H])C([H])([H])C1(C([H])([H])[H])C([H])([H])[H] -> [H]ONC1C([H])([H])[C@]23C([H])([H])[C@]([H])(C2([H])[H])[C@@]13[H] (数据为None)
2025-11-11 19:11:08,994 - WARNING - 跳过第28107行分子对: [H]ON=C(C([H])([H])C([H])([H])C([H])([H])[H])C([H])([H])C([H])([H])C([H])([H])[H] -> [H]ONC1C([H])([H])[C@]23C([H])([H])[C@]([H])(C2([H])[H])[C@@]13[H] (数据为None)
2025-11-11 19:11:09,863 - WARNING - 跳过第28312行分子对: [H]O/N=C(/C([H])([H])C([H])([H])C([H])([H])[H])C([H])(C([H])([H])[H])C([H])([H])[H] -> [H]ONC1C([H])([H])[C@]23C([H])([H])[C@]([H])(C2([H])[H])[C@@]13[H] (数据为None)
2025-11-11 19:11:10,754 - WARNING - 跳过第28519行分子对: [H]ON=C(C([H])(C([H])([H])[H])C([H])([H])[H])C([H])(C([H])([H])[H])C([H])([H])[H] -> [H]ONC1C([H])([H])[C@]23C([H])([H])[C@]([H])(C2([H])[H])[C@@]13[H] (数据为None)
2025-11-11 19:11:11,591 - WARNING - 跳过第28649行分子对: [H]O/N=C(\C([H])([H])[H])C1(C([H])([H])[H])C([H])([H])C([H])([H])C1([H])[H] -> [H]ONC1C([H])([H])[C@]23C([H])([H])[C@]([H])(C2([H])[H])[C@@]13[H] (数据为None)
2025-11-11 19:11:12,444 - WARNING - 跳过第28853行分子对: [H]ON[C@H]1C([H])([H])[C@]([H])(C([H])(C([H])([H])[H])C([H])([H])[H])C1([H])[H] -> [H]ONC1C([H])([H])[C@]23C([H])([H])[C@]([H])(C2([H])[H])[C@@]13[H] (数据为None)
2025-11-11 19:11:13,227 - WARNING - 跳过第28960行分子对: [H]O/N=C(\C([H])([H])[H])[C@]1([H])C([H])([H])[C@@]([H])(C([H])([H])[H])C1([H])[H] -> [H]ONC1C([H])([H])[C@]23C([H])([H])[C@]([H])(C2([H])[H])[C@@]13[H] (数据为None)
2025-11-11 19:11:14,049 - WARNING - 跳过第29052行分子对: [H]ONC1C([H])=C(C([H])([H])[H])C([H])([H])C([H])([H])C1([H])[H] -> [H]ONC1C([H])([H])[C@]23C([H])([H])[C@]([H])(C2([H])[H])[C@@]13[H] (数据为None)
2025-11-11 19:11:14,860 - WARNING - 跳过第29115行分子对: [H]ONC1C([H])([H])C(C([H])([H])[H])=C([H])C([H])([H])C1([H])[H] -> [H]ONC1C([H])([H])[C@]23C([H])([H])[C@]([H])(C2([H])[H])[C@@]13[H] (数据为None)
2025-11-11 19:11:15,708 - WARNING - 跳过第29191行分子对: [H]ONC1C([H])([H])C([H])([H])C([H])([H])[C@]([H])(C([H])([H])[H])C1([H])[H] -> [H]ONC1C([H])([H])[C@]23C([H])([H])[C@]([H])(C2([H])[H])[C@@]13[H] (数据为None)
2025-11-11 19:11:16,537 - WARNING - 跳过第29259行分子对: [H]ONC1C([H])([H])C(C([H])([H])[H])=C(C([H])([H])[H])C1([H])[H] -> [H]ONC1C([H])([H])[C@]23C([H])([H])[C@]([H])(C2([H])[H])[C@@]13[H] (数据为None)
2025-11-11 19:11:17,377 - WARNING - 跳过第29362行分子对: [H]ONC1C([H])([H])C(C([H])([H])[H])=C([H])[C@]1([H])C([H])([H])[H] -> [H]ONC1C([H])([H])[C@]23C([H])([H])[C@]([H])(C2([H])[H])[C@@]13[H] (数据为None)
2025-11-11 19:11:17,945 - WARNING - 跳过第29437行分子对: [H][N-]C1O[C@]([H])(C([H])([H])[H])C(NO[H])C1([H])[H] -> [H]ONC1C([H])([H])[C@]23C([H])([H])[N@@H+](C2([H])[H])[C@@]13[H] (数据为None)
2025-11-11 19:11:18,775 - WARNING - 跳过第29554行分子对: [H]ONC1C([H])([H])[C@]2([H])C([H])([H])[C@@]1(C([H])([H])[H])C2([H])[H] -> [H]ONC1C([H])([H])[C@]23C([H])([H])[C@]([H])(C2([H])[H])[C@@]13[H] (数据为None)
2025-11-11 19:11:19,602 - WARNING - 跳过第29644行分子对: [H]O/N=C(\C([H])([H])[H])C([H])([H])C1([H])C([H])([H])C([H])([H])C1([H])[H] -> [H]ONC1C([H])([H])[C@]23C([H])([H])[C@]([H])(C2([H])[H])[C@@]13[H] (数据为None)
2025-11-11 19:11:20,388 - WARNING - 跳过第29737行分子对: [H]C#CC([H])([H])[C@]1([H])C([H])([H])[C@@H](NO[H])C1([H])[H] -> [H]ONC1C([H])([H])[C@]23C([H])([H])[C@]([H])(C2([H])[H])[C@@]13[H] (数据为None)
2025-11-11 19:11:21,214 - WARNING - 跳过第29820行分子对: [H]ON[C@H]1C([H])([H])[C@]([H])(C#CC([H])([H])[H])C1([H])[H] -> [H]ONC1C([H])([H])[C@]23C([H])([H])[C@]([H])(C2([H])[H])[C@@]13[H] (数据为None)
2025-11-11 19:11:22,010 - WARNING - 跳过第29860行分子对: [H]ON[C@H]1C([H])([H])[C@]([H])(C([H])([H])C([H])([H])C([H])([H])[H])C1([H])[H] -> [H]ONC1C([H])([H])[C@]23C([H])([H])[C@]([H])(C2([H])[H])[C@@]13[H] (数据为None)
2025-11-11 19:11:22,808 - WARNING - 跳过第29968行分子对: [H]ONC1C([H])([H])C2(C1([H])[H])C([H])([H])C([H])([H])C2([H])[H] -> [H]ONC1C([H])([H])[C@]23C([H])([H])[C@]([H])(C2([H])[H])[C@@]13[H] (数据为None)
2025-11-11 19:11:22,943 - INFO - 分子处理统计: 总数=60000, 命中=59967, 未命中=33, 命中率=99.94%
2025-11-11 19:11:22,994 - INFO - --- 训练集样本示例 (头部数据) ---
2025-11-11 19:11:22,994 - INFO -   样本       起始节点数        起始边数         目标节点数        目标边数         边特征             目标属性值          
2025-11-11 19:11:22,994 - INFO -   --------------------------------------------------------------------------------
2025-11-11 19:11:22,994 - INFO -   1        5            8            8            14           [0.0, 1.0, 0.   -1.626431      
2025-11-11 19:11:22,994 - INFO -   2        3            4            6            10           [0.0, 1.0, 0.   -1.218061      
2025-11-11 19:11:22,994 - INFO -   3        4            6            11           20           [0.0, 1.0, 0.   1.620416       
2025-11-11 19:11:22,995 - INFO -   --------------------------------------------------------------------------------
2025-11-11 19:11:22,995 - INFO - 
数据构建完成:
2025-11-11 19:11:22,995 - INFO -   项目                   值                   
2025-11-11 19:11:22,995 - INFO -   ---------------------------------------- --------------------
2025-11-11 19:11:22,995 - INFO -   样本数                  29967               
2025-11-11 19:11:22,995 - INFO -   节点特征维度               11                  
2025-11-11 19:11:22,995 - INFO -   边特征维度                25                  
2025-11-11 19:11:22,995 - INFO -   目标属性变化维度             1                   
2025-11-11 19:11:22,998 - INFO - 数据集划分完成:
2025-11-11 19:11:22,998 - INFO -   - 训练集: 23973 (80.0%)
2025-11-11 19:11:22,998 - INFO -   - 验证集: 2996 (10.0%)
2025-11-11 19:11:22,998 - INFO -   - 测试集: 2998 (10.0%)
2025-11-11 19:11:23,043 - INFO - 更新模型边特征维度: 11 -> 25
2025-11-11 19:11:23,142 - INFO - 正在创建模型...
2025-11-11 19:11:23,143 - INFO - 模型参数数量: 4452301
2025-11-11 19:11:23,143 - INFO - 使用设备: cuda
2025-11-11 19:11:23,391 - INFO - 开始训练 (300 轮)...
2025-11-11 19:18:18,960 - INFO - Epoch [10/300], Train Loss: 0.242345, Val Loss: 0.280657, R²: 0.8125, MAE: 0.2807
2025-11-11 19:25:04,640 - INFO - Epoch [20/300], Train Loss: 0.152161, Val Loss: 0.148135, R²: 0.9057, MAE: 0.1481
2025-11-11 19:31:49,755 - INFO - Epoch [30/300], Train Loss: 0.105902, Val Loss: 0.112824, R²: 0.9324, MAE: 0.1128
2025-11-11 19:38:34,625 - INFO - Epoch [40/300], Train Loss: 0.087352, Val Loss: 0.094733, R²: 0.9452, MAE: 0.0947
2025-11-11 19:45:21,923 - INFO - Epoch [50/300], Train Loss: 0.065335, Val Loss: 0.077859, R²: 0.9506, MAE: 0.0779
2025-11-11 19:52:10,781 - INFO - Epoch [60/300], Train Loss: 0.029835, Val Loss: 0.039462, R²: 0.9634, MAE: 0.0395
2025-11-11 19:58:55,925 - INFO - Epoch [70/300], Train Loss: 0.026938, Val Loss: 0.037740, R²: 0.9648, MAE: 0.0377
2025-11-11 20:05:39,947 - INFO - Epoch [80/300], Train Loss: 0.015773, Val Loss: 0.027756, R²: 0.9656, MAE: 0.0278
2025-11-11 20:12:23,800 - INFO - Epoch [90/300], Train Loss: 0.014103, Val Loss: 0.027082, R²: 0.9658, MAE: 0.0271
2025-11-11 20:19:08,433 - INFO - Epoch [100/300], Train Loss: 0.013629, Val Loss: 0.026455, R²: 0.9661, MAE: 0.0265
2025-11-11 20:25:53,605 - INFO - Epoch [110/300], Train Loss: 0.012713, Val Loss: 0.025697, R²: 0.9661, MAE: 0.0257
2025-11-11 20:32:40,508 - INFO - Epoch [120/300], Train Loss: 0.012458, Val Loss: 0.025434, R²: 0.9662, MAE: 0.0254
2025-11-11 20:39:27,874 - INFO - Epoch [130/300], Train Loss: 0.012292, Val Loss: 0.025311, R²: 0.9664, MAE: 0.0253
2025-11-11 20:46:13,250 - INFO - Epoch [140/300], Train Loss: 0.012119, Val Loss: 0.024972, R²: 0.9664, MAE: 0.0250
2025-11-11 20:53:01,800 - INFO - Epoch [150/300], Train Loss: 0.011954, Val Loss: 0.024915, R²: 0.9665, MAE: 0.0249
2025-11-11 20:59:49,227 - INFO - Epoch [160/300], Train Loss: 0.011772, Val Loss: 0.024615, R²: 0.9666, MAE: 0.0246
2025-11-11 21:06:36,583 - INFO - Epoch [170/300], Train Loss: 0.011610, Val Loss: 0.024371, R²: 0.9666, MAE: 0.0244
