
=== 开始处理分子 1/50: CC(O)(C=O)C=O ===
时间: 2025-12-23 16:29:26
初始属性值: -7.1184983253479
状态: success
耗时: 44.83 秒
优化结果数量: 0
topK结果数量: 3

=== 开始处理分子 2/50: COCCOC=O ===
时间: 2025-12-23 16:30:11
初始属性值: -7.355237483978271
状态: success
耗时: 167.16 秒
优化结果数量: 0
topK结果数量: 3

=== 开始处理分子 3/50: Oc1ncn[nH]1 ===
时间: 2025-12-23 16:32:58
初始属性值: -6.674952983856201
状态: success
耗时: 107.43 秒
优化结果数量: 0
topK结果数量: 3

=== 开始处理分子 4/50: Nc1ncn[nH]1 ===
时间: 2025-12-23 16:34:46
初始属性值: -6.171542167663574
状态: success
耗时: 87.75 秒
优化结果数量: 0
topK结果数量: 3

=== 开始处理分子 5/50: CC#CC(C)(C)C ===
时间: 2025-12-23 16:36:14
初始属性值: -6.541617393493652
状态: success
耗时: 310.44 秒
优化结果数量: 0
topK结果数量: 3

=== 开始处理分子 6/50: C#CCCC#CC ===
时间: 2025-12-23 16:41:24
初始属性值: -6.713048934936523
状态: success
耗时: 376.17 秒
优化结果数量: 0
topK结果数量: 3

=== 开始处理分子 7/50: CCCOCC ===
时间: 2025-12-23 16:47:41
初始属性值: -6.751144886016846
状态: success
耗时: 841.67 秒
优化结果数量: 0
topK结果数量: 3

=== 开始处理分子 8/50: OC1CCCC1 ===
时间: 2025-12-23 17:01:42
初始属性值: -7.077681541442871
状态: success
耗时: 1257.79 秒
优化结果数量: 0
topK结果数量: 3

=== 开始处理分子 9/50: CCC(C)(C)CC ===
时间: 2025-12-23 17:22:40
初始属性值: -8.119877815246582
状态: success
耗时: 1631.24 秒
优化结果数量: 0
topK结果数量: 3

=== 开始处理分子 10/50: C#CC(C)(C)CC ===
时间: 2025-12-23 17:49:51
初始属性值: -6.996047019958496
状态: success
耗时: 1217.10 秒
优化结果数量: 0
topK结果数量: 3

=== 开始处理分子 11/50: NC(=O)C#CCO ===
时间: 2025-12-23 18:10:09
初始属性值: -6.960672855377197
状态: success
耗时: 875.67 秒
优化结果数量: 0
topK结果数量: 3

=== 开始处理分子 12/50: NC(=O)C#CC=O ===
时间: 2025-12-23 18:24:45
初始属性值: -7.5566020011901855
状态: success
耗时: 561.50 秒
优化结果数量: 0
topK结果数量: 3

=== 开始处理分子 13/50: COCC(C)(C)O ===
时间: 2025-12-23 18:34:06
初始属性值: -6.911692142486572
状态: success
耗时: 1589.74 秒
优化结果数量: 0
topK结果数量: 3

=== 开始处理分子 14/50: CCO[C@@H](C)CO ===
时间: 2025-12-23 19:00:36
初始属性值: -6.881759643554688
状态: success
耗时: 1480.17 秒
优化结果数量: 0
topK结果数量: 3

=== 开始处理分子 15/50: C#C[C@]1(C)CO1 ===
时间: 2025-12-23 19:25:16
初始属性值: -7.1184983253479
状态: success
耗时: 779.60 秒
优化结果数量: 0
topK结果数量: 3

=== 开始处理分子 16/50: C#CC[C@H]1CO1 ===
时间: 2025-12-23 19:38:16
初始属性值: -7.104892730712891
状态: success
耗时: 875.84 秒
优化结果数量: 0
topK结果数量: 3

=== 开始处理分子 17/50: C#CCOCC ===
时间: 2025-12-23 19:52:52
初始属性值: -6.930739879608154
状态: success
耗时: 824.13 秒
优化结果数量: 0
topK结果数量: 3

=== 开始处理分子 18/50: CC#CCCCO ===
时间: 2025-12-23 20:06:36
初始属性值: -6.555222511291504
状态: success
耗时: 1222.79 秒
优化结果数量: 0
topK结果数量: 3

=== 开始处理分子 19/50: CC(C)(C)CC#N ===
时间: 2025-12-23 20:26:59
初始属性值: -8.533491134643555
状态: success
耗时: 800.74 秒
优化结果数量: 0
topK结果数量: 3

=== 开始处理分子 20/50: CC(C)C#CC#N ===
时间: 2025-12-23 20:40:20
初始属性值: -7.689937114715576
状态: success
耗时: 482.00 秒
优化结果数量: 0
topK结果数量: 3

=== 开始处理分子 21/50: COCC(C)C ===
时间: 2025-12-23 20:48:22
初始属性值: -6.824615955352783
状态: success
耗时: 925.71 秒
优化结果数量: 0
topK结果数量: 3

=== 开始处理分子 22/50: CCCCOCC ===
时间: 2025-12-23 21:03:48
初始属性值: -6.740260601043701
状态: success
耗时: 1830.70 秒
优化结果数量: 0
topK结果数量: 3

=== 开始处理分子 23/50: Cc1c[nH]nn1 ===
时间: 2025-12-23 21:34:19
初始属性值: -6.8001251220703125
状态: success
耗时: 451.91 秒
优化结果数量: 0
topK结果数量: 3

=== 开始处理分子 24/50: Oc1c[nH]nn1 ===
时间: 2025-12-23 21:41:50
初始属性值: -6.329368591308594
状态: success
耗时: 264.46 秒
优化结果数量: 0
topK结果数量: 3

=== 开始处理分子 25/50: COCC(N)=O ===
时间: 2025-12-23 21:46:15
初始属性值: -6.704885482788086
状态: success
耗时: 1112.37 秒
优化结果数量: 0
topK结果数量: 3

=== 开始处理分子 26/50: [NH-][CH+]OC(N)=O ===
时间: 2025-12-23 22:04:48
初始属性值: -7.464083194732666
状态: success
耗时: 810.34 秒
优化结果数量: 0
topK结果数量: 3

=== 开始处理分子 27/50: C[C@@H](CO)CC=O ===
时间: 2025-12-23 22:18:18
初始属性值: -6.8001251220703125
状态: success
耗时: 1933.43 秒
优化结果数量: 0
topK结果数量: 3

=== 开始处理分子 28/50: CCC(=O)CCO ===
时间: 2025-12-23 22:50:32
初始属性值: -6.655904769897461
状态: success
耗时: 2077.10 秒
优化结果数量: 0
topK结果数量: 3

=== 开始处理分子 29/50: O[C@H]1CCOC1 ===
时间: 2025-12-23 23:25:09
初始属性值: -6.606924533843994
状态: success
耗时: 1888.72 秒
优化结果数量: 0
topK结果数量: 3

=== 开始处理分子 30/50: C[C@H]1CCOC1 ===
时间: 2025-12-23 23:56:38
初始属性值: -6.479031085968018
状态: success
耗时: 1990.59 秒
优化结果数量: 0
topK结果数量: 3

=== 开始处理分子 31/50: C#CC#CCC ===
时间: 2025-12-24 00:29:49
初始属性值: -6.544338226318359
状态: success
耗时: 852.55 秒
优化结果数量: 0
topK结果数量: 3

=== 开始处理分子 32/50: C#CCCCC ===
时间: 2025-12-24 00:44:02
初始属性值: -7.017816543579102
状态: success
耗时: 1781.97 秒
优化结果数量: 0
topK结果数量: 3

=== 开始处理分子 33/50: CC(C)OCC=O ===
时间: 2025-12-24 01:13:43
初始属性值: -6.928018569946289
状态: success
耗时: 3190.07 秒
优化结果数量: 0
topK结果数量: 3

=== 开始处理分子 34/50: CCCC(=O)NC ===
时间: 2025-12-24 02:06:54
初始属性值: -6.566107273101807
状态: success
耗时: 5220.28 秒
优化结果数量: 0
topK结果数量: 3

=== 开始处理分子 35/50: C[C@@H](O)CC#N ===
时间: 2025-12-24 03:33:54
初始属性值: -7.798782825469971
状态: success
耗时: 2679.77 秒
优化结果数量: 0
topK结果数量: 3

=== 开始处理分子 36/50: CC(=O)CC#N ===
时间: 2025-12-24 04:18:35
初始属性值: -7.45591926574707
状态: success
耗时: 2468.42 秒
优化结果数量: 0
topK结果数量: 3

=== 开始处理分子 37/50: CCCCCC ===
时间: 2025-12-24 04:59:44
初始属性值: -8.269539833068848
状态: success
耗时: 5872.62 秒
优化结果数量: 0
topK结果数量: 3

=== 开始处理分子 38/50: CCCCOC ===
时间: 2025-12-24 06:37:36
初始属性值: -6.791961669921875
状态: success
耗时: 3882.86 秒
优化结果数量: 0
topK结果数量: 3

=== 开始处理分子 39/50: CC#CCOC ===
时间: 2025-12-24 07:42:19
初始属性值: -6.59604024887085
状态: success
耗时: 2424.09 秒
优化结果数量: 0
topK结果数量: 3

=== 开始处理分子 40/50: CCOC(=O)C#N ===
时间: 2025-12-24 08:22:43
初始属性值: -8.58519172668457
状态: success
耗时: 2469.42 秒
优化结果数量: 0
topK结果数量: 3

=== 开始处理分子 41/50: N#CC(=O)O[CH+][NH-] ===
时间: 2025-12-24 09:03:55
初始属性值: -8.4790678024292
状态: success
耗时: 1616.11 秒
优化结果数量: 0
topK结果数量: 3

=== 开始处理分子 42/50: CCOC(C)=O ===
时间: 2025-12-24 09:30:52
初始属性值: -7.221901416778564
状态: success
耗时: 1694.99 秒
优化结果数量: 0
topK结果数量: 3

=== 开始处理分子 43/50: CCNC(C)=O ===
时间: 2025-12-24 09:59:07
初始属性值: -6.536174774169922
状态: success
耗时: 1597.82 秒
优化结果数量: 0
topK结果数量: 3

=== 开始处理分子 44/50: C#C[C@@H]1C[C@@H]1O ===
时间: 2025-12-24 10:25:44
初始属性值: -6.819173336029053
状态: success
耗时: 1856.40 秒
优化结果数量: 0
topK结果数量: 3

=== 开始处理分子 45/50: CC[C@H]1C[C@H]1O ===
时间: 2025-12-24 10:56:41
初始属性值: -6.849106311798096
状态: success
耗时: 3633.25 秒
优化结果数量: 0
topK结果数量: 3

=== 开始处理分子 46/50: O=CCCCO ===
时间: 2025-12-24 11:57:15
初始属性值: -6.8354997634887695
状态: success
耗时: 2354.41 秒
优化结果数量: 0
topK结果数量: 3

=== 开始处理分子 47/50: CC(CO)CO ===
时间: 2025-12-24 12:36:29
初始属性值: -7.094007968902588
状态: success
耗时: 3797.66 秒
优化结果数量: 0
topK结果数量: 3

=== 开始处理分子 48/50: CC(=O)C(C)(C)O ===
时间: 2025-12-24 13:39:47
初始属性值: -6.544338226318359
状态: success
耗时: 4759.46 秒
优化结果数量: 0
topK结果数量: 3

=== 开始处理分子 49/50: CC(C)CCC=O ===
时间: 2025-12-24 14:59:07
初始属性值: -6.734817981719971
状态: success
耗时: 6849.08 秒
优化结果数量: 0
topK结果数量: 3

=== 开始处理分子 50/50: CC(=O)C#CCO ===
时间: 2025-12-24 16:53:16
初始属性值: -7.001489162445068
状态: success
耗时: 3025.84 秒
优化结果数量: 0
topK结果数量: 3

=== 批量处理完成 ===
总耗时: 90859.41 秒
平均每个分子耗时: 1817.19 秒
