2025-10-30 17:25:39,894 - INFO - ============================================================
2025-10-30 17:25:39,894 - INFO - 数据文件: mol_evo/dataset/data/qm9-evo-pairs-step-1-with-properties-pct.csv
2025-10-30 17:25:39,894 - INFO - 最大对数: 50
2025-10-30 17:25:39,895 - INFO - 训练轮数: 20
2025-10-30 17:25:39,895 - INFO - ============================================================
2025-10-30 17:25:39,895 - INFO - 正在构建图数据: mol_evo/dataset/data/qm9-evo-pairs-step-1-with-properties-pct.csv
2025-10-30 17:25:40,450 - INFO - 加载缓存文件: /home/data2/rhj/project/mol_editor/mol_evo/core/utils/../../.cache/molecule_graphs/csv_qm9-evo-pairs-step-1-with-properties-pct_3cbb45cc1ac9202d.pt，包含 1994 个分子
2025-10-30 17:25:40,477 - INFO - 分子处理统计: 总数=100, 命中=100, 未命中=0, 命中率=100.00%
2025-10-30 17:25:40,483 - INFO - --- 训练集样本示例 (头部数据) ---
2025-10-30 17:25:40,483 - INFO -   样本       起始节点数        起始边数         目标节点数        目标边数         边特征             目标属性值          
2025-10-30 17:25:40,484 - INFO -   --------------------------------------------------------------------------------
2025-10-30 17:25:40,484 - INFO -   1        5            8            8            14           [1.0, 0.0, 0.   0.465178       
2025-10-30 17:25:40,484 - INFO -   2        3            4            6            10           [1.0, 0.0, 0.   0.013040       
2025-10-30 17:25:40,484 - INFO -   3        4            6            11           20           [1.0, 0.0, 0.   0.548156       
2025-10-30 17:25:40,484 - INFO -   --------------------------------------------------------------------------------
2025-10-30 17:25:40,484 - INFO - 
数据构建完成:
2025-10-30 17:25:40,484 - INFO -   项目                   值                   
2025-10-30 17:25:40,484 - INFO -   ---------------------------------------- --------------------
2025-10-30 17:25:40,484 - INFO -   样本数                  50                  
2025-10-30 17:25:40,484 - INFO -   节点特征维度               11                  
2025-10-30 17:25:40,484 - INFO -   边特征维度                11                  
2025-10-30 17:25:40,484 - INFO -   目标属性变化维度             1                   
2025-10-30 17:25:40,485 - INFO - 数据集划分完成:
2025-10-30 17:25:40,485 - INFO -   - 训练集: 40 (80.0%)
2025-10-30 17:25:40,485 - INFO -   - 验证集: 5 (10.0%)
2025-10-30 17:25:40,485 - INFO -   - 测试集: 5 (10.0%)
2025-10-30 17:25:40,512 - INFO - 正在创建模型...
2025-10-30 17:25:40,513 - INFO - 模型参数数量: 3264513
2025-10-30 17:25:40,513 - INFO - 使用设备: cuda
2025-10-30 17:25:40,779 - INFO - 开始训练 (20 轮)...
2025-10-30 17:25:41,247 - INFO - Epoch [10/20], Train Loss: 2.025200, Val Loss: 0.503569, R²: -0.0920, MAE: 0.5036
2025-10-30 17:25:41,497 - INFO - Epoch [20/20], Train Loss: 0.789077, Val Loss: 0.427661, R²: -0.2748, MAE: 0.4277
2025-10-30 17:25:41,497 - INFO - 开始训练 (20 轮)...
2025-10-30 17:25:42,461 - INFO - 模型已保存至: /home/data2/rhj/project/mol_editor/mol_evo/../mol_evo/output/v0/MoleculeEvolutionGCNTransformerPredictor/train-20251030_172539-mu_change-50-20/last.pth
2025-10-30 17:25:42,462 - INFO - 
2025-10-30 17:25:42,462 - INFO - ============================================================
2025-10-30 17:25:42,462 - INFO - 训练完成 - 最终评估结果
2025-10-30 17:25:42,462 - INFO - ============================================================
2025-10-30 17:25:42,462 - INFO - 测试集损失: 0.461991
2025-10-30 17:25:42,462 - INFO - RMSE: 0.636995
2025-10-30 17:25:42,462 - INFO - MAE: 0.461991
2025-10-30 17:25:42,462 - INFO - R²: -0.293828
2025-10-30 17:25:42,462 - INFO - PCC: -0.531307
2025-10-30 17:25:42,462 - INFO - Rank Loss: 1.000046
2025-10-30 17:25:42,462 - INFO - 
2025-10-30 17:25:42,462 - INFO - 阈值准确率:
2025-10-30 17:25:42,462 - INFO -   阈值 0.5: 60.00%
2025-10-30 17:25:42,462 - INFO -   阈值 0.4: 60.00%
2025-10-30 17:25:42,462 - INFO -   阈值 0.30000000000000004: 60.00%
2025-10-30 17:25:42,462 - INFO -   阈值 0.20000000000000004: 40.00%
2025-10-30 17:25:42,462 - INFO - 
2025-10-30 17:25:42,462 - INFO - 训练完成:
2025-10-30 17:25:42,463 - INFO -   - 最终训练损失: 0.789077
2025-10-30 17:25:42,463 - INFO -   - 最佳验证损失: 0.427661
2025-10-30 17:25:42,463 - INFO -   - 测试损失 (MSE): 0.461991
2025-10-30 17:25:42,463 - INFO -   - 测试RMSE: 0.636995
2025-10-30 17:25:42,463 - INFO -   - 测试MAE: 0.461991
2025-10-30 17:25:42,463 - INFO -   - 测试R²: -0.293828
2025-10-30 17:25:42,463 - INFO -   - 测试PCC: -0.531307
2025-10-30 17:25:42,463 - INFO -   - 测试Rank Loss: 1.000046
2025-10-30 17:25:42,463 - INFO -   - 测试阈值准确率 (0.5): 0.6000
2025-10-30 17:25:42,463 - INFO -   - 测试阈值准确率 (0.4): 0.6000
2025-10-30 17:25:42,463 - INFO -   - 测试阈值准确率 (0.30000000000000004): 0.6000
2025-10-30 17:25:42,463 - INFO -   - 测试阈值准确率 (0.20000000000000004): 0.4000
2025-10-30 17:25:42,463 - INFO -   - 模型已保存到: /home/data2/rhj/project/mol_editor/mol_evo/../mol_evo/output/v0/MoleculeEvolutionGCNTransformerPredictor/train-20251030_172539-mu_change-50-20/last.pth
2025-10-30 17:25:42,463 - INFO - 训练结果已保存到: /home/data2/rhj/project/mol_editor/mol_evo/../mol_evo/output/v0/MoleculeEvolutionGCNTransformerPredictor/train-20251030_172539-mu_change-50-20/training_results.json
2025-10-30 17:25:42,463 - INFO - 模型目录: /home/data2/rhj/project/mol_editor/mol_evo/../mol_evo/output/v0/MoleculeEvolutionGCNTransformerPredictor/train-20251030_172539-mu_change-50-20
