2025-11-09 13:19:27,737 - INFO - ============================================================
2025-11-09 13:19:27,737 - INFO - 数据文件: /home/data2/rhj/project/mol_editor/mol_evo/dataset/data/output.json
2025-11-09 13:19:27,737 - INFO - 最大对数: 30000
2025-11-09 13:19:27,737 - INFO - 训练轮数: 20
2025-11-09 13:19:27,737 - INFO - ============================================================
2025-11-09 13:19:27,737 - INFO - 正在构建图数据: /home/data2/rhj/project/mol_editor/mol_evo/dataset/data/output.json
2025-11-09 13:19:27,795 - INFO - 分子处理统计: 总数=2, 命中=0, 未命中=2, 命中率=0.00%
2025-11-09 13:19:27,795 - INFO - --- 训练集样本示例 (头部数据) ---
2025-11-09 13:19:27,795 - INFO -   样本       起始节点数        起始边数         目标节点数        目标边数         边特征             目标属性值          
2025-11-09 13:19:27,795 - INFO -   --------------------------------------------------------------------------------
2025-11-09 13:19:27,795 - INFO -   1        10           18           12           22           [0.0, 0.0, 0.   1.028800       
2025-11-09 13:19:27,796 - INFO -   --------------------------------------------------------------------------------
2025-11-09 13:19:27,796 - INFO - 
数据构建完成:
2025-11-09 13:19:27,796 - INFO -   项目                   值                   
2025-11-09 13:19:27,796 - INFO -   ---------------------------------------- --------------------
2025-11-09 13:19:27,796 - INFO -   样本数                  1                   
2025-11-09 13:19:27,796 - INFO -   节点特征维度               11                  
2025-11-09 13:19:27,796 - INFO -   边特征维度                11                  
2025-11-09 13:19:27,796 - INFO -   目标属性变化维度             1                   
2025-11-09 13:19:27,796 - INFO - 数据集划分完成:
2025-11-09 13:19:27,796 - INFO -   - 训练集: 0 (0.0%)
2025-11-09 13:19:27,796 - INFO -   - 验证集: 0 (0.0%)
2025-11-09 13:19:27,796 - INFO -   - 测试集: 1 (100.0%)
2025-11-09 13:19:27,796 - ERROR - 训练集为空，请检查数据划分
