2025-10-29 09:42:01,811 - INFO - ============================================================
2025-10-29 09:42:01,811 - INFO - 数据文件: mol_evo/dataset/data/qm9-evo-pairs-step-1-with-properties-pct.csv
2025-10-29 09:42:01,811 - INFO - 最大对数: 30000
2025-10-29 09:42:01,811 - INFO - 训练轮数: 200
2025-10-29 09:42:01,811 - INFO - ============================================================
2025-10-29 09:42:01,811 - INFO - 正在构建图数据: mol_evo/dataset/data/qm9-evo-pairs-step-1-with-properties-pct.csv
2025-10-29 09:42:02,370 - INFO - 加载缓存文件: /home/data2/rhj/project/mol_editor/mol_evo/core/utils/../../.cache/molecule_graphs/csv_qm9-evo-pairs-step-1-with-properties-pct_3cbb45cc1ac9202d.pt，包含 1994 个分子
2025-10-29 09:42:06,606 - WARNING - 跳过第25871行分子对: [H]O/N=C(\C([H])([H])[H])C([H])([H])C(C([H])([H])[H])(C([H])([H])[H])C([H])([H])[H] -> [H]ONC1C([H])([H])[C@]23C([H])([H])[C@]([H])(C2([H])[H])[C@@]13[H] (数据为None)
2025-10-29 09:42:07,392 - WARNING - 跳过第25984行分子对: [H]O/N=C(/C([H])([H])C([H])([H])[H])C(C([H])([H])[H])(C([H])([H])[H])C([H])([H])[H] -> [H]ONC1C([H])([H])[C@]23C([H])([H])[C@]([H])(C2([H])[H])[C@@]13[H] (数据为None)
2025-10-29 09:42:08,182 - WARNING - 跳过第26175行分子对: [H]O/N=C(\C([H])([H])[H])C(C([H])([H])[H])(C([H])([H])[H])C([H])([H])C([H])([H])[H] -> [H]ONC1C([H])([H])[C@]23C([H])([H])[C@]([H])(C2([H])[H])[C@@]13[H] (数据为None)
2025-10-29 09:42:09,026 - WARNING - 跳过第26431行分子对: [H]O/N=C(\C([H])([H])[H])C([H])([H])C([H])([H])C([H])(C([H])([H])[H])C([H])([H])[H] -> [H]ONC1C([H])([H])[C@]23C([H])([H])[C@]([H])(C2([H])[H])[C@@]13[H] (数据为None)
2025-10-29 09:42:09,800 - WARNING - 跳过第26530行分子对: [H]ONC1C(C([H])([H])[H])(C([H])([H])[H])C([H])([H])[C@]1([H])C([H])([H])[H] -> [H]ONC1C([H])([H])[C@]23C([H])([H])[C@]([H])(C2([H])[H])[C@@]13[H] (数据为None)
2025-10-29 09:42:10,589 - WARNING - 跳过第26630行分子对: [H]ONC1C([H])=C([H])C(C([H])([H])[H])(C([H])([H])[H])C1([H])[H] -> [H]ONC1C([H])([H])[C@]23C([H])([H])[C@]([H])(C2([H])[H])[C@@]13[H] (数据为None)
2025-10-29 09:42:11,374 - WARNING - 跳过第26691行分子对: [H]ONC1C([H])([H])C([H])([H])C(C([H])([H])[H])(C([H])([H])[H])C1([H])[H] -> [H]ONC1C([H])([H])[C@]23C([H])([H])[C@]([H])(C2([H])[H])[C@@]13[H] (数据为None)
2025-10-29 09:42:12,171 - WARNING - 跳过第26895行分子对: [H]O/N=C(\C([H])([H])C([H])([H])[H])C([H])([H])C([H])(C([H])([H])[H])C([H])([H])[H] -> [H]ONC1C([H])([H])[C@]23C([H])([H])[C@]([H])(C2([H])[H])[C@@]13[H] (数据为None)
2025-10-29 09:42:12,965 - WARNING - 跳过第27044行分子对: [H]C#C[C@]1(C([H])([H])[H])C([H])([H])[C@@H](NO[H])C1([H])[H] -> [H]ONC1C([H])([H])[C@]23C([H])([H])[C@]([H])(C2([H])[H])[C@@]13[H] (数据为None)
2025-10-29 09:42:13,768 - WARNING - 跳过第27152行分子对: [H]ON[C@H]1C([H])([H])[C@](C([H])([H])[H])(C([H])([H])C([H])([H])[H])C1([H])[H] -> [H]ONC1C([H])([H])[C@]23C([H])([H])[C@]([H])(C2([H])[H])[C@@]13[H] (数据为None)
2025-10-29 09:42:14,556 - WARNING - 跳过第27266行分子对: [H]O/N=C(\C([H])([H])[H])C([H])([H])C1(C([H])([H])[H])C([H])([H])C1([H])[H] -> [H]ONC1C([H])([H])[C@]23C([H])([H])[C@]([H])(C2([H])[H])[C@@]13[H] (数据为None)
2025-10-29 09:42:15,389 - WARNING - 跳过第27714行分子对: [H]O/N=C(\C([H])([H])[H])C([H])([H])C([H])([H])C([H])([H])C([H])([H])C([H])([H])[H] -> [H]ONC1C([H])([H])[C@]23C([H])([H])[C@]([H])(C2([H])[H])[C@@]13[H] (数据为None)
2025-10-29 09:42:16,160 - WARNING - 跳过第27835行分子对: [H]ONC1C([H])([H])C([H])=C([H])C1(C([H])([H])[H])C([H])([H])[H] -> [H]ONC1C([H])([H])[C@]23C([H])([H])[C@]([H])(C2([H])[H])[C@@]13[H] (数据为None)
2025-10-29 09:42:16,937 - WARNING - 跳过第27878行分子对: [H]ONC1=C([H])[C-]([H])C([H])([H])C1(C([H])([H])[H])C([H])([H])[H] -> [H]ONC1C([H])([H])[C@]23C([H])([H])[C@]([H])(C2([H])[H])[C@@]13[H] (数据为None)
2025-10-29 09:42:17,691 - WARNING - 跳过第27924行分子对: [H]ONC1C([H])([H])C([H])([H])C([H])([H])C1(C([H])([H])[H])C([H])([H])[H] -> [H]ONC1C([H])([H])[C@]23C([H])([H])[C@]([H])(C2([H])[H])[C@@]13[H] (数据为None)
2025-10-29 09:42:18,497 - WARNING - 跳过第28107行分子对: [H]ON=C(C([H])([H])C([H])([H])C([H])([H])[H])C([H])([H])C([H])([H])C([H])([H])[H] -> [H]ONC1C([H])([H])[C@]23C([H])([H])[C@]([H])(C2([H])[H])[C@@]13[H] (数据为None)
2025-10-29 09:42:19,307 - WARNING - 跳过第28312行分子对: [H]O/N=C(/C([H])([H])C([H])([H])C([H])([H])[H])C([H])(C([H])([H])[H])C([H])([H])[H] -> [H]ONC1C([H])([H])[C@]23C([H])([H])[C@]([H])(C2([H])[H])[C@@]13[H] (数据为None)
2025-10-29 09:42:20,128 - WARNING - 跳过第28519行分子对: [H]ON=C(C([H])(C([H])([H])[H])C([H])([H])[H])C([H])(C([H])([H])[H])C([H])([H])[H] -> [H]ONC1C([H])([H])[C@]23C([H])([H])[C@]([H])(C2([H])[H])[C@@]13[H] (数据为None)
2025-10-29 09:42:20,934 - WARNING - 跳过第28649行分子对: [H]O/N=C(\C([H])([H])[H])C1(C([H])([H])[H])C([H])([H])C([H])([H])C1([H])[H] -> [H]ONC1C([H])([H])[C@]23C([H])([H])[C@]([H])(C2([H])[H])[C@@]13[H] (数据为None)
2025-10-29 09:42:21,735 - WARNING - 跳过第28853行分子对: [H]ON[C@H]1C([H])([H])[C@]([H])(C([H])(C([H])([H])[H])C([H])([H])[H])C1([H])[H] -> [H]ONC1C([H])([H])[C@]23C([H])([H])[C@]([H])(C2([H])[H])[C@@]13[H] (数据为None)
2025-10-29 09:42:22,497 - WARNING - 跳过第28960行分子对: [H]O/N=C(\C([H])([H])[H])[C@]1([H])C([H])([H])[C@@]([H])(C([H])([H])[H])C1([H])[H] -> [H]ONC1C([H])([H])[C@]23C([H])([H])[C@]([H])(C2([H])[H])[C@@]13[H] (数据为None)
2025-10-29 09:42:23,283 - WARNING - 跳过第29052行分子对: [H]ONC1C([H])=C(C([H])([H])[H])C([H])([H])C([H])([H])C1([H])[H] -> [H]ONC1C([H])([H])[C@]23C([H])([H])[C@]([H])(C2([H])[H])[C@@]13[H] (数据为None)
2025-10-29 09:42:24,049 - WARNING - 跳过第29115行分子对: [H]ONC1C([H])([H])C(C([H])([H])[H])=C([H])C([H])([H])C1([H])[H] -> [H]ONC1C([H])([H])[C@]23C([H])([H])[C@]([H])(C2([H])[H])[C@@]13[H] (数据为None)
2025-10-29 09:42:24,849 - WARNING - 跳过第29191行分子对: [H]ONC1C([H])([H])C([H])([H])C([H])([H])[C@]([H])(C([H])([H])[H])C1([H])[H] -> [H]ONC1C([H])([H])[C@]23C([H])([H])[C@]([H])(C2([H])[H])[C@@]13[H] (数据为None)
2025-10-29 09:42:25,624 - WARNING - 跳过第29259行分子对: [H]ONC1C([H])([H])C(C([H])([H])[H])=C(C([H])([H])[H])C1([H])[H] -> [H]ONC1C([H])([H])[C@]23C([H])([H])[C@]([H])(C2([H])[H])[C@@]13[H] (数据为None)
2025-10-29 09:42:26,410 - WARNING - 跳过第29362行分子对: [H]ONC1C([H])([H])C(C([H])([H])[H])=C([H])[C@]1([H])C([H])([H])[H] -> [H]ONC1C([H])([H])[C@]23C([H])([H])[C@]([H])(C2([H])[H])[C@@]13[H] (数据为None)
2025-10-29 09:42:26,938 - WARNING - 跳过第29437行分子对: [H][N-]C1O[C@]([H])(C([H])([H])[H])C(NO[H])C1([H])[H] -> [H]ONC1C([H])([H])[C@]23C([H])([H])[N@@H+](C2([H])[H])[C@@]13[H] (数据为None)
2025-10-29 09:42:27,735 - WARNING - 跳过第29554行分子对: [H]ONC1C([H])([H])[C@]2([H])C([H])([H])[C@@]1(C([H])([H])[H])C2([H])[H] -> [H]ONC1C([H])([H])[C@]23C([H])([H])[C@]([H])(C2([H])[H])[C@@]13[H] (数据为None)
2025-10-29 09:42:28,519 - WARNING - 跳过第29644行分子对: [H]O/N=C(\C([H])([H])[H])C([H])([H])C1([H])C([H])([H])C([H])([H])C1([H])[H] -> [H]ONC1C([H])([H])[C@]23C([H])([H])[C@]([H])(C2([H])[H])[C@@]13[H] (数据为None)
2025-10-29 09:42:29,275 - WARNING - 跳过第29737行分子对: [H]C#CC([H])([H])[C@]1([H])C([H])([H])[C@@H](NO[H])C1([H])[H] -> [H]ONC1C([H])([H])[C@]23C([H])([H])[C@]([H])(C2([H])[H])[C@@]13[H] (数据为None)
2025-10-29 09:42:30,059 - WARNING - 跳过第29820行分子对: [H]ON[C@H]1C([H])([H])[C@]([H])(C#CC([H])([H])[H])C1([H])[H] -> [H]ONC1C([H])([H])[C@]23C([H])([H])[C@]([H])(C2([H])[H])[C@@]13[H] (数据为None)
2025-10-29 09:42:30,836 - WARNING - 跳过第29860行分子对: [H]ON[C@H]1C([H])([H])[C@]([H])(C([H])([H])C([H])([H])C([H])([H])[H])C1([H])[H] -> [H]ONC1C([H])([H])[C@]23C([H])([H])[C@]([H])(C2([H])[H])[C@@]13[H] (数据为None)
2025-10-29 09:42:31,606 - WARNING - 跳过第29968行分子对: [H]ONC1C([H])([H])C2(C1([H])[H])C([H])([H])C([H])([H])C2([H])[H] -> [H]ONC1C([H])([H])[C@]23C([H])([H])[C@]([H])(C2([H])[H])[C@@]13[H] (数据为None)
2025-10-29 09:42:31,674 - INFO - 分子处理统计: 总数=60000, 命中=59967, 未命中=33, 命中率=99.94%
2025-10-29 09:42:31,699 - INFO - --- 训练集样本示例 (头部数据) ---
2025-10-29 09:42:31,699 - INFO -   样本       起始节点数        起始边数         目标节点数        目标边数         边特征             目标属性值          
2025-10-29 09:42:31,699 - INFO -   --------------------------------------------------------------------------------
2025-10-29 09:42:31,699 - INFO -   1        5            8            8            14           [1.0, 0.0, 0.   0.023518       
2025-10-29 09:42:31,700 - INFO -   2        3            4            6            10           [1.0, 0.0, 0.   -0.273184      
2025-10-29 09:42:31,700 - INFO -   3        4            6            11           20           [1.0, 0.0, 0.   0.077970       
2025-10-29 09:42:31,700 - INFO -   --------------------------------------------------------------------------------
2025-10-29 09:42:31,700 - INFO - 
数据构建完成:
2025-10-29 09:42:31,700 - INFO -   项目                   值                   
2025-10-29 09:42:31,700 - INFO -   ---------------------------------------- --------------------
2025-10-29 09:42:31,700 - INFO -   样本数                  29967               
2025-10-29 09:42:31,700 - INFO -   节点特征维度               11                  
2025-10-29 09:42:31,700 - INFO -   边特征维度                11                  
2025-10-29 09:42:31,700 - INFO -   目标属性变化维度             1                   
2025-10-29 09:42:31,703 - INFO - 数据集划分完成:
2025-10-29 09:42:31,703 - INFO -   - 训练集: 23973 (80.0%)
2025-10-29 09:42:31,703 - INFO -   - 验证集: 2996 (10.0%)
2025-10-29 09:42:31,703 - INFO -   - 测试集: 2998 (10.0%)
2025-10-29 09:42:31,756 - INFO - 正在创建模型...
2025-10-29 09:42:31,756 - INFO - 模型参数数量: 3264513
2025-10-29 09:42:31,756 - INFO - 使用设备: cuda
2025-10-29 09:42:32,041 - INFO - 开始训练 (200 轮)...
2025-10-29 09:42:52,933 - INFO - Epoch [10/200], Train Loss: 0.567785, Val Loss: 0.563893, R²: 0.3089, MAE: 0.5639
2025-10-29 09:43:13,568 - INFO - Epoch [20/200], Train Loss: 0.538344, Val Loss: 0.539962, R²: 0.3510, MAE: 0.5400
2025-10-29 09:43:33,704 - INFO - Epoch [30/200], Train Loss: 0.520637, Val Loss: 0.600380, R²: 0.2641, MAE: 0.6004
2025-10-29 09:43:54,684 - INFO - Epoch [40/200], Train Loss: 0.507703, Val Loss: 0.494336, R²: 0.4122, MAE: 0.4943
2025-10-29 09:44:16,086 - INFO - Epoch [50/200], Train Loss: 0.477479, Val Loss: 0.485392, R²: 0.4256, MAE: 0.4854
2025-10-29 09:44:36,611 - INFO - Epoch [60/200], Train Loss: 0.470746, Val Loss: 0.471265, R²: 0.4433, MAE: 0.4713
2025-10-29 09:44:57,168 - INFO - Epoch [70/200], Train Loss: 0.464972, Val Loss: 0.469600, R²: 0.4445, MAE: 0.4696
2025-10-29 09:45:17,730 - INFO - Epoch [80/200], Train Loss: 0.459529, Val Loss: 0.464846, R²: 0.4489, MAE: 0.4648
2025-10-29 09:45:38,345 - INFO - Epoch [90/200], Train Loss: 0.459045, Val Loss: 0.462364, R²: 0.4519, MAE: 0.4624
2025-10-29 09:45:59,137 - INFO - 已保存checkpoint: /home/data2/rhj/project/mol_editor/mol_evo/../mol_evo/output/v0/MoleculeEvolutionGCNTransformerPredictor/train-20251029_094201-mu_change-30000-200/checkpoint_epoch_100.pth
2025-10-29 09:45:59,318 - INFO - Epoch [100/200], Train Loss: 0.456839, Val Loss: 0.461261, R²: 0.4543, MAE: 0.4613
2025-10-29 09:46:20,639 - INFO - Epoch [110/200], Train Loss: 0.454950, Val Loss: 0.460409, R²: 0.4543, MAE: 0.4604
2025-10-29 09:46:41,136 - INFO - Epoch [120/200], Train Loss: 0.455359, Val Loss: 0.459664, R²: 0.4555, MAE: 0.4597
2025-10-29 09:47:01,504 - INFO - Epoch [130/200], Train Loss: 0.455140, Val Loss: 0.459591, R²: 0.4555, MAE: 0.4596
2025-10-29 09:47:22,213 - INFO - Epoch [140/200], Train Loss: 0.454398, Val Loss: 0.459580, R²: 0.4555, MAE: 0.4596
2025-10-29 09:47:42,727 - INFO - Epoch [150/200], Train Loss: 0.455561, Val Loss: 0.459605, R²: 0.4555, MAE: 0.4596
2025-10-29 09:48:03,473 - INFO - Epoch [160/200], Train Loss: 0.454795, Val Loss: 0.459605, R²: 0.4555, MAE: 0.4596
2025-10-29 09:48:05,467 - INFO - 早停机制触发，在第 161 轮停止训练
2025-10-29 09:48:05,468 - INFO - 开始训练 (200 轮)...
2025-10-29 09:48:06,763 - INFO - 模型已保存至: /home/data2/rhj/project/mol_editor/mol_evo/../mol_evo/output/v0/MoleculeEvolutionGCNTransformerPredictor/train-20251029_094201-mu_change-30000-200/last.pth
2025-10-29 09:48:06,763 - INFO - 
2025-10-29 09:48:06,763 - INFO - ============================================================
2025-10-29 09:48:06,763 - INFO - 训练完成 - 最终评估结果
2025-10-29 09:48:06,763 - INFO - ============================================================
2025-10-29 09:48:06,763 - INFO - 测试集损失: 0.446705
2025-10-29 09:48:06,763 - INFO - RMSE: 0.711101
2025-10-29 09:48:06,763 - INFO - MAE: 0.446705
2025-10-29 09:48:06,763 - INFO - R²: 0.440333
2025-10-29 09:48:06,763 - INFO - PCC: 0.669450
2025-10-29 09:48:06,763 - INFO - Rank Loss: 0.600095
2025-10-29 09:48:06,763 - INFO - 
2025-10-29 09:48:06,763 - INFO - 阈值准确率:
2025-10-29 09:48:06,763 - INFO -   阈值 0.5: 71.38%
2025-10-29 09:48:06,764 - INFO -   阈值 0.4: 65.61%
2025-10-29 09:48:06,764 - INFO -   阈值 0.30000000000000004: 57.87%
2025-10-29 09:48:06,764 - INFO -   阈值 0.20000000000000004: 44.60%
2025-10-29 09:48:06,764 - INFO - 
2025-10-29 09:48:06,764 - INFO - 训练完成:
2025-10-29 09:48:06,764 - INFO -   - 最终训练损失: 0.454961
2025-10-29 09:48:06,764 - INFO -   - 最佳验证损失: 0.459469
2025-10-29 09:48:06,764 - INFO -   - 测试损失 (MSE): 0.446705
2025-10-29 09:48:06,764 - INFO -   - 测试RMSE: 0.711101
2025-10-29 09:48:06,764 - INFO -   - 测试MAE: 0.446705
2025-10-29 09:48:06,764 - INFO -   - 测试R²: 0.440333
2025-10-29 09:48:06,764 - INFO -   - 测试PCC: 0.669450
2025-10-29 09:48:06,764 - INFO -   - 测试Rank Loss: 0.600095
2025-10-29 09:48:06,764 - INFO -   - 测试阈值准确率 (0.5): 0.7138
2025-10-29 09:48:06,764 - INFO -   - 测试阈值准确率 (0.4): 0.6561
2025-10-29 09:48:06,764 - INFO -   - 测试阈值准确率 (0.30000000000000004): 0.5787
2025-10-29 09:48:06,764 - INFO -   - 测试阈值准确率 (0.20000000000000004): 0.4460
2025-10-29 09:48:06,764 - INFO -   - 模型已保存到: /home/data2/rhj/project/mol_editor/mol_evo/../mol_evo/output/v0/MoleculeEvolutionGCNTransformerPredictor/train-20251029_094201-mu_change-30000-200/last.pth
2025-10-29 09:48:06,764 - INFO - 训练结果已保存到: /home/data2/rhj/project/mol_editor/mol_evo/../mol_evo/output/v0/MoleculeEvolutionGCNTransformerPredictor/train-20251029_094201-mu_change-30000-200/training_results.json
2025-10-29 09:48:06,764 - INFO - 模型目录: /home/data2/rhj/project/mol_editor/mol_evo/../mol_evo/output/v0/MoleculeEvolutionGCNTransformerPredictor/train-20251029_094201-mu_change-30000-200
