2025-11-02 12:24:57,930 - INFO - ============================================================
2025-11-02 12:24:57,930 - INFO - 数据文件: mol_evo/dataset/data/qm9-evo-pairs-step-1-with-properties-pct.csv
2025-11-02 12:24:57,930 - INFO - 最大对数: 30000
2025-11-02 12:24:57,930 - INFO - 训练轮数: 200
2025-11-02 12:24:57,930 - INFO - ============================================================
2025-11-02 12:24:57,930 - INFO - 正在构建图数据: mol_evo/dataset/data/qm9-evo-pairs-step-1-with-properties-pct.csv
2025-11-02 12:24:58,512 - INFO - 加载缓存文件: /home/data2/rhj/project/mol_editor/mol_evo/core/utils/../../.cache/molecule_graphs/csv_qm9-evo-pairs-step-1-with-properties-pct_3cbb45cc1ac9202d.pt，包含 1994 个分子
2025-11-02 12:25:02,758 - WARNING - 跳过第25871行分子对: [H]O/N=C(\C([H])([H])[H])C([H])([H])C(C([H])([H])[H])(C([H])([H])[H])C([H])([H])[H] -> [H]ONC1C([H])([H])[C@]23C([H])([H])[C@]([H])(C2([H])[H])[C@@]13[H] (数据为None)
2025-11-02 12:25:03,558 - WARNING - 跳过第25984行分子对: [H]O/N=C(/C([H])([H])C([H])([H])[H])C(C([H])([H])[H])(C([H])([H])[H])C([H])([H])[H] -> [H]ONC1C([H])([H])[C@]23C([H])([H])[C@]([H])(C2([H])[H])[C@@]13[H] (数据为None)
2025-11-02 12:25:04,511 - WARNING - 跳过第26175行分子对: [H]O/N=C(\C([H])([H])[H])C(C([H])([H])[H])(C([H])([H])[H])C([H])([H])C([H])([H])[H] -> [H]ONC1C([H])([H])[C@]23C([H])([H])[C@]([H])(C2([H])[H])[C@@]13[H] (数据为None)
2025-11-02 12:25:05,366 - WARNING - 跳过第26431行分子对: [H]O/N=C(\C([H])([H])[H])C([H])([H])C([H])([H])C([H])(C([H])([H])[H])C([H])([H])[H] -> [H]ONC1C([H])([H])[C@]23C([H])([H])[C@]([H])(C2([H])[H])[C@@]13[H] (数据为None)
2025-11-02 12:25:06,155 - WARNING - 跳过第26530行分子对: [H]ONC1C(C([H])([H])[H])(C([H])([H])[H])C([H])([H])[C@]1([H])C([H])([H])[H] -> [H]ONC1C([H])([H])[C@]23C([H])([H])[C@]([H])(C2([H])[H])[C@@]13[H] (数据为None)
2025-11-02 12:25:06,979 - WARNING - 跳过第26630行分子对: [H]ONC1C([H])=C([H])C(C([H])([H])[H])(C([H])([H])[H])C1([H])[H] -> [H]ONC1C([H])([H])[C@]23C([H])([H])[C@]([H])(C2([H])[H])[C@@]13[H] (数据为None)
2025-11-02 12:25:07,813 - WARNING - 跳过第26691行分子对: [H]ONC1C([H])([H])C([H])([H])C(C([H])([H])[H])(C([H])([H])[H])C1([H])[H] -> [H]ONC1C([H])([H])[C@]23C([H])([H])[C@]([H])(C2([H])[H])[C@@]13[H] (数据为None)
2025-11-02 12:25:08,627 - WARNING - 跳过第26895行分子对: [H]O/N=C(\C([H])([H])C([H])([H])[H])C([H])([H])C([H])(C([H])([H])[H])C([H])([H])[H] -> [H]ONC1C([H])([H])[C@]23C([H])([H])[C@]([H])(C2([H])[H])[C@@]13[H] (数据为None)
2025-11-02 12:25:09,439 - WARNING - 跳过第27044行分子对: [H]C#C[C@]1(C([H])([H])[H])C([H])([H])[C@@H](NO[H])C1([H])[H] -> [H]ONC1C([H])([H])[C@]23C([H])([H])[C@]([H])(C2([H])[H])[C@@]13[H] (数据为None)
2025-11-02 12:25:10,258 - WARNING - 跳过第27152行分子对: [H]ON[C@H]1C([H])([H])[C@](C([H])([H])[H])(C([H])([H])C([H])([H])[H])C1([H])[H] -> [H]ONC1C([H])([H])[C@]23C([H])([H])[C@]([H])(C2([H])[H])[C@@]13[H] (数据为None)
2025-11-02 12:25:11,056 - WARNING - 跳过第27266行分子对: [H]O/N=C(\C([H])([H])[H])C([H])([H])C1(C([H])([H])[H])C([H])([H])C1([H])[H] -> [H]ONC1C([H])([H])[C@]23C([H])([H])[C@]([H])(C2([H])[H])[C@@]13[H] (数据为None)
2025-11-02 12:25:11,899 - WARNING - 跳过第27714行分子对: [H]O/N=C(\C([H])([H])[H])C([H])([H])C([H])([H])C([H])([H])C([H])([H])C([H])([H])[H] -> [H]ONC1C([H])([H])[C@]23C([H])([H])[C@]([H])(C2([H])[H])[C@@]13[H] (数据为None)
2025-11-02 12:25:12,676 - WARNING - 跳过第27835行分子对: [H]ONC1C([H])([H])C([H])=C([H])C1(C([H])([H])[H])C([H])([H])[H] -> [H]ONC1C([H])([H])[C@]23C([H])([H])[C@]([H])(C2([H])[H])[C@@]13[H] (数据为None)
2025-11-02 12:25:13,468 - WARNING - 跳过第27878行分子对: [H]ONC1=C([H])[C-]([H])C([H])([H])C1(C([H])([H])[H])C([H])([H])[H] -> [H]ONC1C([H])([H])[C@]23C([H])([H])[C@]([H])(C2([H])[H])[C@@]13[H] (数据为None)
2025-11-02 12:25:14,235 - WARNING - 跳过第27924行分子对: [H]ONC1C([H])([H])C([H])([H])C([H])([H])C1(C([H])([H])[H])C([H])([H])[H] -> [H]ONC1C([H])([H])[C@]23C([H])([H])[C@]([H])(C2([H])[H])[C@@]13[H] (数据为None)
2025-11-02 12:25:15,061 - WARNING - 跳过第28107行分子对: [H]ON=C(C([H])([H])C([H])([H])C([H])([H])[H])C([H])([H])C([H])([H])C([H])([H])[H] -> [H]ONC1C([H])([H])[C@]23C([H])([H])[C@]([H])(C2([H])[H])[C@@]13[H] (数据为None)
2025-11-02 12:25:15,885 - WARNING - 跳过第28312行分子对: [H]O/N=C(/C([H])([H])C([H])([H])C([H])([H])[H])C([H])(C([H])([H])[H])C([H])([H])[H] -> [H]ONC1C([H])([H])[C@]23C([H])([H])[C@]([H])(C2([H])[H])[C@@]13[H] (数据为None)
2025-11-02 12:25:16,714 - WARNING - 跳过第28519行分子对: [H]ON=C(C([H])(C([H])([H])[H])C([H])([H])[H])C([H])(C([H])([H])[H])C([H])([H])[H] -> [H]ONC1C([H])([H])[C@]23C([H])([H])[C@]([H])(C2([H])[H])[C@@]13[H] (数据为None)
2025-11-02 12:25:17,528 - WARNING - 跳过第28649行分子对: [H]O/N=C(\C([H])([H])[H])C1(C([H])([H])[H])C([H])([H])C([H])([H])C1([H])[H] -> [H]ONC1C([H])([H])[C@]23C([H])([H])[C@]([H])(C2([H])[H])[C@@]13[H] (数据为None)
2025-11-02 12:25:18,341 - WARNING - 跳过第28853行分子对: [H]ON[C@H]1C([H])([H])[C@]([H])(C([H])(C([H])([H])[H])C([H])([H])[H])C1([H])[H] -> [H]ONC1C([H])([H])[C@]23C([H])([H])[C@]([H])(C2([H])[H])[C@@]13[H] (数据为None)
2025-11-02 12:25:19,114 - WARNING - 跳过第28960行分子对: [H]O/N=C(\C([H])([H])[H])[C@]1([H])C([H])([H])[C@@]([H])(C([H])([H])[H])C1([H])[H] -> [H]ONC1C([H])([H])[C@]23C([H])([H])[C@]([H])(C2([H])[H])[C@@]13[H] (数据为None)
2025-11-02 12:25:19,915 - WARNING - 跳过第29052行分子对: [H]ONC1C([H])=C(C([H])([H])[H])C([H])([H])C([H])([H])C1([H])[H] -> [H]ONC1C([H])([H])[C@]23C([H])([H])[C@]([H])(C2([H])[H])[C@@]13[H] (数据为None)
2025-11-02 12:25:20,688 - WARNING - 跳过第29115行分子对: [H]ONC1C([H])([H])C(C([H])([H])[H])=C([H])C([H])([H])C1([H])[H] -> [H]ONC1C([H])([H])[C@]23C([H])([H])[C@]([H])(C2([H])[H])[C@@]13[H] (数据为None)
2025-11-02 12:25:21,498 - WARNING - 跳过第29191行分子对: [H]ONC1C([H])([H])C([H])([H])C([H])([H])[C@]([H])(C([H])([H])[H])C1([H])[H] -> [H]ONC1C([H])([H])[C@]23C([H])([H])[C@]([H])(C2([H])[H])[C@@]13[H] (数据为None)
2025-11-02 12:25:22,285 - WARNING - 跳过第29259行分子对: [H]ONC1C([H])([H])C(C([H])([H])[H])=C(C([H])([H])[H])C1([H])[H] -> [H]ONC1C([H])([H])[C@]23C([H])([H])[C@]([H])(C2([H])[H])[C@@]13[H] (数据为None)
2025-11-02 12:25:23,090 - WARNING - 跳过第29362行分子对: [H]ONC1C([H])([H])C(C([H])([H])[H])=C([H])[C@]1([H])C([H])([H])[H] -> [H]ONC1C([H])([H])[C@]23C([H])([H])[C@]([H])(C2([H])[H])[C@@]13[H] (数据为None)
2025-11-02 12:25:23,619 - WARNING - 跳过第29437行分子对: [H][N-]C1O[C@]([H])(C([H])([H])[H])C(NO[H])C1([H])[H] -> [H]ONC1C([H])([H])[C@]23C([H])([H])[N@@H+](C2([H])[H])[C@@]13[H] (数据为None)
2025-11-02 12:25:24,407 - WARNING - 跳过第29554行分子对: [H]ONC1C([H])([H])[C@]2([H])C([H])([H])[C@@]1(C([H])([H])[H])C2([H])[H] -> [H]ONC1C([H])([H])[C@]23C([H])([H])[C@]([H])(C2([H])[H])[C@@]13[H] (数据为None)
2025-11-02 12:25:25,193 - WARNING - 跳过第29644行分子对: [H]O/N=C(\C([H])([H])[H])C([H])([H])C1([H])C([H])([H])C([H])([H])C1([H])[H] -> [H]ONC1C([H])([H])[C@]23C([H])([H])[C@]([H])(C2([H])[H])[C@@]13[H] (数据为None)
2025-11-02 12:25:25,952 - WARNING - 跳过第29737行分子对: [H]C#CC([H])([H])[C@]1([H])C([H])([H])[C@@H](NO[H])C1([H])[H] -> [H]ONC1C([H])([H])[C@]23C([H])([H])[C@]([H])(C2([H])[H])[C@@]13[H] (数据为None)
2025-11-02 12:25:26,749 - WARNING - 跳过第29820行分子对: [H]ON[C@H]1C([H])([H])[C@]([H])(C#CC([H])([H])[H])C1([H])[H] -> [H]ONC1C([H])([H])[C@]23C([H])([H])[C@]([H])(C2([H])[H])[C@@]13[H] (数据为None)
2025-11-02 12:25:27,529 - WARNING - 跳过第29860行分子对: [H]ON[C@H]1C([H])([H])[C@]([H])(C([H])([H])C([H])([H])C([H])([H])[H])C1([H])[H] -> [H]ONC1C([H])([H])[C@]23C([H])([H])[C@]([H])(C2([H])[H])[C@@]13[H] (数据为None)
2025-11-02 12:25:28,308 - WARNING - 跳过第29968行分子对: [H]ONC1C([H])([H])C2(C1([H])[H])C([H])([H])C([H])([H])C2([H])[H] -> [H]ONC1C([H])([H])[C@]23C([H])([H])[C@]([H])(C2([H])[H])[C@@]13[H] (数据为None)
2025-11-02 12:25:28,385 - INFO - 分子处理统计: 总数=60000, 命中=59967, 未命中=33, 命中率=99.94%
2025-11-02 12:25:28,411 - INFO - --- 训练集样本示例 (头部数据) ---
2025-11-02 12:25:28,411 - INFO -   样本       起始节点数        起始边数         目标节点数        目标边数         边特征             目标属性值          
2025-11-02 12:25:28,411 - INFO -   --------------------------------------------------------------------------------
2025-11-02 12:25:28,411 - INFO -   1        5            8            8            14           [1.0, 0.0, 0.   0.023518       
2025-11-02 12:25:28,411 - INFO -   2        3            4            6            10           [1.0, 0.0, 0.   -0.273184      
2025-11-02 12:25:28,412 - INFO -   3        4            6            11           20           [1.0, 0.0, 0.   0.077970       
2025-11-02 12:25:28,412 - INFO -   --------------------------------------------------------------------------------
2025-11-02 12:25:28,412 - INFO - 
数据构建完成:
2025-11-02 12:25:28,412 - INFO -   项目                   值                   
2025-11-02 12:25:28,412 - INFO -   ---------------------------------------- --------------------
2025-11-02 12:25:28,412 - INFO -   样本数                  29967               
2025-11-02 12:25:28,412 - INFO -   节点特征维度               11                  
2025-11-02 12:25:28,412 - INFO -   边特征维度                11                  
2025-11-02 12:25:28,412 - INFO -   目标属性变化维度             1                   
2025-11-02 12:25:28,414 - INFO - 数据集划分完成:
2025-11-02 12:25:28,414 - INFO -   - 训练集: 23973 (80.0%)
2025-11-02 12:25:28,415 - INFO -   - 验证集: 2996 (10.0%)
2025-11-02 12:25:28,415 - INFO -   - 测试集: 2998 (10.0%)
2025-11-02 12:25:28,459 - INFO - 正在创建模型...
2025-11-02 12:25:28,459 - INFO - 模型参数数量: 1227265
2025-11-02 12:25:28,459 - INFO - 使用设备: cuda
2025-11-02 12:25:28,798 - INFO - 开始训练 (200 轮)...
2025-11-02 12:26:06,922 - INFO - Epoch [10/200], Train Loss: 0.479428, Val Loss: 0.472811, R²: 0.4516, MAE: 0.4728
2025-11-02 12:26:51,197 - INFO - Epoch [20/200], Train Loss: 0.397256, Val Loss: 0.409970, R²: 0.5532, MAE: 0.4100
2025-11-02 12:27:32,769 - INFO - Epoch [30/200], Train Loss: 0.358399, Val Loss: 0.365101, R²: 0.6077, MAE: 0.3651
2025-11-02 12:28:11,208 - INFO - Epoch [40/200], Train Loss: 0.309169, Val Loss: 0.329769, R²: 0.6625, MAE: 0.3298
2025-11-02 12:28:50,101 - INFO - Epoch [50/200], Train Loss: 0.269534, Val Loss: 0.299730, R²: 0.7000, MAE: 0.2997
2025-11-02 12:29:33,272 - INFO - Epoch [60/200], Train Loss: 0.247982, Val Loss: 0.281743, R²: 0.7213, MAE: 0.2817
2025-11-02 12:30:10,624 - INFO - Epoch [70/200], Train Loss: 0.219644, Val Loss: 0.271313, R²: 0.7406, MAE: 0.2713
2025-11-02 12:30:48,403 - INFO - Epoch [80/200], Train Loss: 0.208030, Val Loss: 0.266276, R²: 0.7425, MAE: 0.2663
2025-11-02 12:31:25,099 - INFO - Epoch [90/200], Train Loss: 0.199500, Val Loss: 0.260758, R²: 0.7550, MAE: 0.2608
2025-11-02 12:32:02,840 - INFO - 已保存checkpoint: /home/data2/rhj/project/mol_editor/mol_evo/../mol_evo/output/v0/MoleculeEvolutionGCNLinearPredictorV01/train-20251102_122457-mu_change-30000-200/checkpoint_epoch_100.pth
2025-11-02 12:32:03,229 - INFO - Epoch [100/200], Train Loss: 0.184004, Val Loss: 0.254183, R²: 0.7621, MAE: 0.2542
2025-11-02 12:32:40,013 - INFO - Epoch [110/200], Train Loss: 0.174993, Val Loss: 0.252005, R²: 0.7633, MAE: 0.2520
2025-11-02 12:33:17,645 - INFO - Epoch [120/200], Train Loss: 0.172122, Val Loss: 0.251491, R²: 0.7638, MAE: 0.2515
2025-11-02 12:33:55,328 - INFO - Epoch [130/200], Train Loss: 0.167874, Val Loss: 0.250231, R²: 0.7643, MAE: 0.2502
2025-11-02 12:34:31,813 - INFO - Epoch [140/200], Train Loss: 0.165518, Val Loss: 0.249792, R²: 0.7646, MAE: 0.2498
2025-11-02 12:35:09,033 - INFO - Epoch [150/200], Train Loss: 0.164867, Val Loss: 0.249751, R²: 0.7648, MAE: 0.2498
2025-11-02 12:35:46,569 - INFO - Epoch [160/200], Train Loss: 0.164760, Val Loss: 0.249734, R²: 0.7648, MAE: 0.2497
2025-11-02 12:36:23,907 - INFO - Epoch [170/200], Train Loss: 0.164729, Val Loss: 0.249735, R²: 0.7648, MAE: 0.2497
2025-11-02 12:37:01,006 - INFO - Epoch [180/200], Train Loss: 0.164699, Val Loss: 0.249738, R²: 0.7648, MAE: 0.2497
2025-11-02 12:37:22,761 - INFO - 早停机制触发，在第 186 轮停止训练
2025-11-02 12:37:22,763 - INFO - 开始训练 (200 轮)...
2025-11-02 12:37:24,074 - INFO - 模型已保存至: /home/data2/rhj/project/mol_editor/mol_evo/../mol_evo/output/v0/MoleculeEvolutionGCNLinearPredictorV01/train-20251102_122457-mu_change-30000-200/last.pth
2025-11-02 12:37:24,074 - INFO - 
2025-11-02 12:37:24,074 - INFO - ============================================================
2025-11-02 12:37:24,074 - INFO - 训练完成 - 最终评估结果
2025-11-02 12:37:24,074 - INFO - ============================================================
2025-11-02 12:37:24,075 - INFO - 测试集损失: 0.248563
2025-11-02 12:37:24,075 - INFO - RMSE: 0.472367
2025-11-02 12:37:24,075 - INFO - MAE: 0.248563
2025-11-02 12:37:24,075 - INFO - R²: 0.753040
2025-11-02 12:37:24,075 - INFO - PCC: 0.869517
2025-11-02 12:37:24,075 - INFO - Rank Loss: 0.435045
2025-11-02 12:37:24,075 - INFO - 
2025-11-02 12:37:24,075 - INFO - 阈值准确率:
2025-11-02 12:37:24,075 - INFO -   阈值 0.5: 85.66%
2025-11-02 12:37:24,075 - INFO -   阈值 0.4: 81.69%
2025-11-02 12:37:24,075 - INFO -   阈值 0.30000000000000004: 76.75%
2025-11-02 12:37:24,075 - INFO -   阈值 0.20000000000000004: 69.78%
2025-11-02 12:37:24,075 - INFO -   阈值 0.10000000000000003: 52.87%
2025-11-02 12:37:24,075 - INFO -   阈值 0.05000000000000002: 32.79%
2025-11-02 12:37:24,075 - INFO - 
2025-11-02 12:37:24,075 - INFO - 训练完成:
2025-11-02 12:37:24,075 - INFO -   - 最终训练损失: 0.164680
2025-11-02 12:37:24,075 - INFO -   - 最佳验证损失: 0.249543
2025-11-02 12:37:24,075 - INFO -   - 测试损失 (MSE): 0.248563
2025-11-02 12:37:24,076 - INFO -   - 测试RMSE: 0.472367
2025-11-02 12:37:24,076 - INFO -   - 测试MAE: 0.248563
2025-11-02 12:37:24,076 - INFO -   - 测试R²: 0.753040
2025-11-02 12:37:24,076 - INFO -   - 测试PCC: 0.869517
2025-11-02 12:37:24,076 - INFO -   - 测试Rank Loss: 0.435045
2025-11-02 12:37:24,076 - INFO -   - 测试阈值准确率 (0.5): 0.8566
2025-11-02 12:37:24,076 - INFO -   - 测试阈值准确率 (0.4): 0.8169
2025-11-02 12:37:24,076 - INFO -   - 测试阈值准确率 (0.30000000000000004): 0.7675
2025-11-02 12:37:24,076 - INFO -   - 测试阈值准确率 (0.20000000000000004): 0.6978
2025-11-02 12:37:24,076 - INFO -   - 测试阈值准确率 (0.10000000000000003): 0.5287
2025-11-02 12:37:24,076 - INFO -   - 测试阈值准确率 (0.05000000000000002): 0.3279
2025-11-02 12:37:24,076 - INFO -   - 模型已保存到: /home/data2/rhj/project/mol_editor/mol_evo/../mol_evo/output/v0/MoleculeEvolutionGCNLinearPredictorV01/train-20251102_122457-mu_change-30000-200/last.pth
2025-11-02 12:37:24,076 - INFO - 训练结果已保存到: /home/data2/rhj/project/mol_editor/mol_evo/../mol_evo/output/v0/MoleculeEvolutionGCNLinearPredictorV01/train-20251102_122457-mu_change-30000-200/training_results.json
2025-11-02 12:37:24,076 - INFO - 模型目录: /home/data2/rhj/project/mol_editor/mol_evo/../mol_evo/output/v0/MoleculeEvolutionGCNLinearPredictorV01/train-20251102_122457-mu_change-30000-200
