2025-10-30 18:59:22,463 - INFO - ============================================================
2025-10-30 18:59:22,463 - INFO - 数据文件: mol_evo/dataset/data/qm9-evo-pairs-step-1-with-properties-pct.csv
2025-10-30 18:59:22,464 - INFO - 最大对数: 200
2025-10-30 18:59:22,464 - INFO - 训练轮数: 20
2025-10-30 18:59:22,464 - INFO - ============================================================
2025-10-30 18:59:22,464 - INFO - 正在构建图数据: mol_evo/dataset/data/qm9-evo-pairs-step-1-with-properties-pct.csv
2025-10-30 18:59:23,012 - INFO - 加载缓存文件: /home/data2/rhj/project/mol_editor/mol_evo/core/utils/../../.cache/molecule_graphs/csv_qm9-evo-pairs-step-1-with-properties-pct_3cbb45cc1ac9202d.pt，包含 1994 个分子
2025-10-30 18:59:23,040 - INFO - 分子处理统计: 总数=400, 命中=400, 未命中=0, 命中率=100.00%
2025-10-30 18:59:23,046 - INFO - --- 训练集样本示例 (头部数据) ---
2025-10-30 18:59:23,046 - INFO -   样本       起始节点数        起始边数         目标节点数        目标边数         边特征             目标属性值          
2025-10-30 18:59:23,046 - INFO -   --------------------------------------------------------------------------------
2025-10-30 18:59:23,046 - INFO -   1        5            8            8            14           [1.0, 0.0, 0.   0.514104       
2025-10-30 18:59:23,046 - INFO -   2        3            4            6            10           [1.0, 0.0, 0.   0.057467       
2025-10-30 18:59:23,046 - INFO -   3        4            6            11           20           [1.0, 0.0, 0.   0.597908       
2025-10-30 18:59:23,046 - INFO -   --------------------------------------------------------------------------------
2025-10-30 18:59:23,046 - INFO - 
数据构建完成:
2025-10-30 18:59:23,046 - INFO -   项目                   值                   
2025-10-30 18:59:23,046 - INFO -   ---------------------------------------- --------------------
2025-10-30 18:59:23,047 - INFO -   样本数                  200                 
2025-10-30 18:59:23,047 - INFO -   节点特征维度               11                  
2025-10-30 18:59:23,047 - INFO -   边特征维度                11                  
2025-10-30 18:59:23,047 - INFO -   目标属性变化维度             1                   
2025-10-30 18:59:23,047 - INFO - 数据集划分完成:
2025-10-30 18:59:23,048 - INFO -   - 训练集: 160 (80.0%)
2025-10-30 18:59:23,048 - INFO -   - 验证集: 20 (10.0%)
2025-10-30 18:59:23,048 - INFO -   - 测试集: 20 (10.0%)
2025-10-30 18:59:31,952 - INFO - 正在创建模型...
2025-10-30 18:59:31,955 - INFO - 模型参数数量: 5776775
2025-10-30 18:59:31,955 - INFO - 使用设备: cuda
2025-10-30 18:59:32,330 - INFO - 开始训练 (20 轮)...
2025-10-30 18:59:39,886 - INFO - Epoch [10/20], Train Loss: 0.714682, Val Loss: 0.759075, R²: -0.2796, MAE: 0.7591
2025-10-30 18:59:44,304 - INFO - Epoch [20/20], Train Loss: 0.684341, Val Loss: 0.708875, R²: -0.1843, MAE: 0.7089
2025-10-30 18:59:44,305 - INFO - 开始训练 (20 轮)...
2025-10-30 18:59:45,496 - INFO - 模型已保存至: /home/data2/rhj/project/mol_editor/mol_evo/../mol_evo/output/v0/MoleculeEvolutionEquiformerLinearPredictor/train-20251030_185922-mu_change-200-20/last.pth
2025-10-30 18:59:45,496 - INFO - 
2025-10-30 18:59:45,496 - INFO - ============================================================
2025-10-30 18:59:45,496 - INFO - 训练完成 - 最终评估结果
2025-10-30 18:59:45,496 - INFO - ============================================================
2025-10-30 18:59:45,497 - INFO - 测试集损失: 0.680281
2025-10-30 18:59:45,497 - INFO - RMSE: 0.855984
2025-10-30 18:59:45,497 - INFO - MAE: 0.680281
2025-10-30 18:59:45,497 - INFO - R²: -0.086621
2025-10-30 18:59:45,497 - INFO - PCC: 0.108388
2025-10-30 18:59:45,497 - INFO - Rank Loss: 0.971579
2025-10-30 18:59:45,497 - INFO - 
2025-10-30 18:59:45,497 - INFO - 阈值准确率:
2025-10-30 18:59:45,497 - INFO -   阈值 0.5: 35.00%
2025-10-30 18:59:45,497 - INFO - 
2025-10-30 18:59:45,497 - INFO - 训练完成:
2025-10-30 18:59:45,497 - INFO -   - 最终训练损失: 0.684341
2025-10-30 18:59:45,497 - INFO -   - 最佳验证损失: 0.708875
2025-10-30 18:59:45,497 - INFO -   - 测试损失 (MSE): 0.680281
2025-10-30 18:59:45,497 - INFO -   - 测试RMSE: 0.855984
2025-10-30 18:59:45,497 - INFO -   - 测试MAE: 0.680281
2025-10-30 18:59:45,497 - INFO -   - 测试R²: -0.086621
2025-10-30 18:59:45,497 - INFO -   - 测试PCC: 0.108388
2025-10-30 18:59:45,497 - INFO -   - 测试Rank Loss: 0.971579
2025-10-30 18:59:45,497 - INFO -   - 测试阈值准确率 (0.5): 0.3500
2025-10-30 18:59:45,497 - INFO -   - 模型已保存到: /home/data2/rhj/project/mol_editor/mol_evo/../mol_evo/output/v0/MoleculeEvolutionEquiformerLinearPredictor/train-20251030_185922-mu_change-200-20/last.pth
2025-10-30 18:59:45,498 - INFO - 训练结果已保存到: /home/data2/rhj/project/mol_editor/mol_evo/../mol_evo/output/v0/MoleculeEvolutionEquiformerLinearPredictor/train-20251030_185922-mu_change-200-20/training_results.json
2025-10-30 18:59:45,498 - INFO - 模型目录: /home/data2/rhj/project/mol_editor/mol_evo/../mol_evo/output/v0/MoleculeEvolutionEquiformerLinearPredictor/train-20251030_185922-mu_change-200-20
