2025-11-02 11:49:08,815 - INFO - ============================================================
2025-11-02 11:49:08,815 - INFO - 数据文件: mol_evo/dataset/data/qm9-evo-pairs-step-1-with-properties-pct.csv
2025-11-02 11:49:08,815 - INFO - 最大对数: 30000
2025-11-02 11:49:08,815 - INFO - 训练轮数: 200
2025-11-02 11:49:08,815 - INFO - ============================================================
2025-11-02 11:49:08,816 - INFO - 正在构建图数据: mol_evo/dataset/data/qm9-evo-pairs-step-1-with-properties-pct.csv
2025-11-02 11:49:09,480 - INFO - 加载缓存文件: /home/data2/rhj/project/mol_editor/mol_evo/core/utils/../../.cache/molecule_graphs/csv_qm9-evo-pairs-step-1-with-properties-pct_3cbb45cc1ac9202d.pt，包含 1994 个分子
2025-11-02 11:49:13,930 - WARNING - 跳过第25871行分子对: [H]O/N=C(\C([H])([H])[H])C([H])([H])C(C([H])([H])[H])(C([H])([H])[H])C([H])([H])[H] -> [H]ONC1C([H])([H])[C@]23C([H])([H])[C@]([H])(C2([H])[H])[C@@]13[H] (数据为None)
2025-11-02 11:49:14,723 - WARNING - 跳过第25984行分子对: [H]O/N=C(/C([H])([H])C([H])([H])[H])C(C([H])([H])[H])(C([H])([H])[H])C([H])([H])[H] -> [H]ONC1C([H])([H])[C@]23C([H])([H])[C@]([H])(C2([H])[H])[C@@]13[H] (数据为None)
2025-11-02 11:49:15,691 - WARNING - 跳过第26175行分子对: [H]O/N=C(\C([H])([H])[H])C(C([H])([H])[H])(C([H])([H])[H])C([H])([H])C([H])([H])[H] -> [H]ONC1C([H])([H])[C@]23C([H])([H])[C@]([H])(C2([H])[H])[C@@]13[H] (数据为None)
2025-11-02 11:49:16,544 - WARNING - 跳过第26431行分子对: [H]O/N=C(\C([H])([H])[H])C([H])([H])C([H])([H])C([H])(C([H])([H])[H])C([H])([H])[H] -> [H]ONC1C([H])([H])[C@]23C([H])([H])[C@]([H])(C2([H])[H])[C@@]13[H] (数据为None)
2025-11-02 11:49:17,318 - WARNING - 跳过第26530行分子对: [H]ONC1C(C([H])([H])[H])(C([H])([H])[H])C([H])([H])[C@]1([H])C([H])([H])[H] -> [H]ONC1C([H])([H])[C@]23C([H])([H])[C@]([H])(C2([H])[H])[C@@]13[H] (数据为None)
2025-11-02 11:49:18,112 - WARNING - 跳过第26630行分子对: [H]ONC1C([H])=C([H])C(C([H])([H])[H])(C([H])([H])[H])C1([H])[H] -> [H]ONC1C([H])([H])[C@]23C([H])([H])[C@]([H])(C2([H])[H])[C@@]13[H] (数据为None)
2025-11-02 11:49:18,906 - WARNING - 跳过第26691行分子对: [H]ONC1C([H])([H])C([H])([H])C(C([H])([H])[H])(C([H])([H])[H])C1([H])[H] -> [H]ONC1C([H])([H])[C@]23C([H])([H])[C@]([H])(C2([H])[H])[C@@]13[H] (数据为None)
2025-11-02 11:49:19,704 - WARNING - 跳过第26895行分子对: [H]O/N=C(\C([H])([H])C([H])([H])[H])C([H])([H])C([H])(C([H])([H])[H])C([H])([H])[H] -> [H]ONC1C([H])([H])[C@]23C([H])([H])[C@]([H])(C2([H])[H])[C@@]13[H] (数据为None)
2025-11-02 11:49:20,504 - WARNING - 跳过第27044行分子对: [H]C#C[C@]1(C([H])([H])[H])C([H])([H])[C@@H](NO[H])C1([H])[H] -> [H]ONC1C([H])([H])[C@]23C([H])([H])[C@]([H])(C2([H])[H])[C@@]13[H] (数据为None)
2025-11-02 11:49:21,312 - WARNING - 跳过第27152行分子对: [H]ON[C@H]1C([H])([H])[C@](C([H])([H])[H])(C([H])([H])C([H])([H])[H])C1([H])[H] -> [H]ONC1C([H])([H])[C@]23C([H])([H])[C@]([H])(C2([H])[H])[C@@]13[H] (数据为None)
2025-11-02 11:49:22,101 - WARNING - 跳过第27266行分子对: [H]O/N=C(\C([H])([H])[H])C([H])([H])C1(C([H])([H])[H])C([H])([H])C1([H])[H] -> [H]ONC1C([H])([H])[C@]23C([H])([H])[C@]([H])(C2([H])[H])[C@@]13[H] (数据为None)
2025-11-02 11:49:22,937 - WARNING - 跳过第27714行分子对: [H]O/N=C(\C([H])([H])[H])C([H])([H])C([H])([H])C([H])([H])C([H])([H])C([H])([H])[H] -> [H]ONC1C([H])([H])[C@]23C([H])([H])[C@]([H])(C2([H])[H])[C@@]13[H] (数据为None)
2025-11-02 11:49:23,701 - WARNING - 跳过第27835行分子对: [H]ONC1C([H])([H])C([H])=C([H])C1(C([H])([H])[H])C([H])([H])[H] -> [H]ONC1C([H])([H])[C@]23C([H])([H])[C@]([H])(C2([H])[H])[C@@]13[H] (数据为None)
2025-11-02 11:49:24,478 - WARNING - 跳过第27878行分子对: [H]ONC1=C([H])[C-]([H])C([H])([H])C1(C([H])([H])[H])C([H])([H])[H] -> [H]ONC1C([H])([H])[C@]23C([H])([H])[C@]([H])(C2([H])[H])[C@@]13[H] (数据为None)
2025-11-02 11:49:25,231 - WARNING - 跳过第27924行分子对: [H]ONC1C([H])([H])C([H])([H])C([H])([H])C1(C([H])([H])[H])C([H])([H])[H] -> [H]ONC1C([H])([H])[C@]23C([H])([H])[C@]([H])(C2([H])[H])[C@@]13[H] (数据为None)
2025-11-02 11:49:26,039 - WARNING - 跳过第28107行分子对: [H]ON=C(C([H])([H])C([H])([H])C([H])([H])[H])C([H])([H])C([H])([H])C([H])([H])[H] -> [H]ONC1C([H])([H])[C@]23C([H])([H])[C@]([H])(C2([H])[H])[C@@]13[H] (数据为None)
2025-11-02 11:49:26,857 - WARNING - 跳过第28312行分子对: [H]O/N=C(/C([H])([H])C([H])([H])C([H])([H])[H])C([H])(C([H])([H])[H])C([H])([H])[H] -> [H]ONC1C([H])([H])[C@]23C([H])([H])[C@]([H])(C2([H])[H])[C@@]13[H] (数据为None)
2025-11-02 11:49:27,683 - WARNING - 跳过第28519行分子对: [H]ON=C(C([H])(C([H])([H])[H])C([H])([H])[H])C([H])(C([H])([H])[H])C([H])([H])[H] -> [H]ONC1C([H])([H])[C@]23C([H])([H])[C@]([H])(C2([H])[H])[C@@]13[H] (数据为None)
2025-11-02 11:49:28,490 - WARNING - 跳过第28649行分子对: [H]O/N=C(\C([H])([H])[H])C1(C([H])([H])[H])C([H])([H])C([H])([H])C1([H])[H] -> [H]ONC1C([H])([H])[C@]23C([H])([H])[C@]([H])(C2([H])[H])[C@@]13[H] (数据为None)
2025-11-02 11:49:29,296 - WARNING - 跳过第28853行分子对: [H]ON[C@H]1C([H])([H])[C@]([H])(C([H])(C([H])([H])[H])C([H])([H])[H])C1([H])[H] -> [H]ONC1C([H])([H])[C@]23C([H])([H])[C@]([H])(C2([H])[H])[C@@]13[H] (数据为None)
2025-11-02 11:49:30,064 - WARNING - 跳过第28960行分子对: [H]O/N=C(\C([H])([H])[H])[C@]1([H])C([H])([H])[C@@]([H])(C([H])([H])[H])C1([H])[H] -> [H]ONC1C([H])([H])[C@]23C([H])([H])[C@]([H])(C2([H])[H])[C@@]13[H] (数据为None)
2025-11-02 11:49:30,859 - WARNING - 跳过第29052行分子对: [H]ONC1C([H])=C(C([H])([H])[H])C([H])([H])C([H])([H])C1([H])[H] -> [H]ONC1C([H])([H])[C@]23C([H])([H])[C@]([H])(C2([H])[H])[C@@]13[H] (数据为None)
2025-11-02 11:49:31,624 - WARNING - 跳过第29115行分子对: [H]ONC1C([H])([H])C(C([H])([H])[H])=C([H])C([H])([H])C1([H])[H] -> [H]ONC1C([H])([H])[C@]23C([H])([H])[C@]([H])(C2([H])[H])[C@@]13[H] (数据为None)
2025-11-02 11:49:32,422 - WARNING - 跳过第29191行分子对: [H]ONC1C([H])([H])C([H])([H])C([H])([H])[C@]([H])(C([H])([H])[H])C1([H])[H] -> [H]ONC1C([H])([H])[C@]23C([H])([H])[C@]([H])(C2([H])[H])[C@@]13[H] (数据为None)
2025-11-02 11:49:33,205 - WARNING - 跳过第29259行分子对: [H]ONC1C([H])([H])C(C([H])([H])[H])=C(C([H])([H])[H])C1([H])[H] -> [H]ONC1C([H])([H])[C@]23C([H])([H])[C@]([H])(C2([H])[H])[C@@]13[H] (数据为None)
2025-11-02 11:49:33,991 - WARNING - 跳过第29362行分子对: [H]ONC1C([H])([H])C(C([H])([H])[H])=C([H])[C@]1([H])C([H])([H])[H] -> [H]ONC1C([H])([H])[C@]23C([H])([H])[C@]([H])(C2([H])[H])[C@@]13[H] (数据为None)
2025-11-02 11:49:34,513 - WARNING - 跳过第29437行分子对: [H][N-]C1O[C@]([H])(C([H])([H])[H])C(NO[H])C1([H])[H] -> [H]ONC1C([H])([H])[C@]23C([H])([H])[N@@H+](C2([H])[H])[C@@]13[H] (数据为None)
2025-11-02 11:49:35,320 - WARNING - 跳过第29554行分子对: [H]ONC1C([H])([H])[C@]2([H])C([H])([H])[C@@]1(C([H])([H])[H])C2([H])[H] -> [H]ONC1C([H])([H])[C@]23C([H])([H])[C@]([H])(C2([H])[H])[C@@]13[H] (数据为None)
2025-11-02 11:49:36,106 - WARNING - 跳过第29644行分子对: [H]O/N=C(\C([H])([H])[H])C([H])([H])C1([H])C([H])([H])C([H])([H])C1([H])[H] -> [H]ONC1C([H])([H])[C@]23C([H])([H])[C@]([H])(C2([H])[H])[C@@]13[H] (数据为None)
2025-11-02 11:49:36,867 - WARNING - 跳过第29737行分子对: [H]C#CC([H])([H])[C@]1([H])C([H])([H])[C@@H](NO[H])C1([H])[H] -> [H]ONC1C([H])([H])[C@]23C([H])([H])[C@]([H])(C2([H])[H])[C@@]13[H] (数据为None)
2025-11-02 11:49:37,664 - WARNING - 跳过第29820行分子对: [H]ON[C@H]1C([H])([H])[C@]([H])(C#CC([H])([H])[H])C1([H])[H] -> [H]ONC1C([H])([H])[C@]23C([H])([H])[C@]([H])(C2([H])[H])[C@@]13[H] (数据为None)
2025-11-02 11:49:38,453 - WARNING - 跳过第29860行分子对: [H]ON[C@H]1C([H])([H])[C@]([H])(C([H])([H])C([H])([H])C([H])([H])[H])C1([H])[H] -> [H]ONC1C([H])([H])[C@]23C([H])([H])[C@]([H])(C2([H])[H])[C@@]13[H] (数据为None)
2025-11-02 11:49:39,234 - WARNING - 跳过第29968行分子对: [H]ONC1C([H])([H])C2(C1([H])[H])C([H])([H])C([H])([H])C2([H])[H] -> [H]ONC1C([H])([H])[C@]23C([H])([H])[C@]([H])(C2([H])[H])[C@@]13[H] (数据为None)
2025-11-02 11:49:39,314 - INFO - 分子处理统计: 总数=60000, 命中=59967, 未命中=33, 命中率=99.94%
2025-11-02 11:49:39,354 - INFO - --- 训练集样本示例 (头部数据) ---
2025-11-02 11:49:39,354 - INFO -   样本       起始节点数        起始边数         目标节点数        目标边数         边特征             目标属性值          
2025-11-02 11:49:39,354 - INFO -   --------------------------------------------------------------------------------
2025-11-02 11:49:39,355 - INFO -   1        5            8            8            14           [1.0, 0.0, 0.   0.023518       
2025-11-02 11:49:39,355 - INFO -   2        3            4            6            10           [1.0, 0.0, 0.   -0.273184      
2025-11-02 11:49:39,355 - INFO -   3        4            6            11           20           [1.0, 0.0, 0.   0.077970       
2025-11-02 11:49:39,355 - INFO -   --------------------------------------------------------------------------------
2025-11-02 11:49:39,355 - INFO - 
数据构建完成:
2025-11-02 11:49:39,355 - INFO -   项目                   值                   
2025-11-02 11:49:39,355 - INFO -   ---------------------------------------- --------------------
2025-11-02 11:49:39,355 - INFO -   样本数                  29967               
2025-11-02 11:49:39,355 - INFO -   节点特征维度               11                  
2025-11-02 11:49:39,355 - INFO -   边特征维度                11                  
2025-11-02 11:49:39,355 - INFO -   目标属性变化维度             1                   
2025-11-02 11:49:39,358 - INFO - 数据集划分完成:
2025-11-02 11:49:39,358 - INFO -   - 训练集: 23973 (80.0%)
2025-11-02 11:49:39,358 - INFO -   - 验证集: 2996 (10.0%)
2025-11-02 11:49:39,358 - INFO -   - 测试集: 2998 (10.0%)
2025-11-02 11:49:39,397 - INFO - 正在创建模型...
2025-11-02 11:49:39,397 - INFO - 模型参数数量: 1236097
2025-11-02 11:49:39,397 - INFO - 使用设备: cuda
2025-11-02 11:49:39,671 - INFO - 开始训练 (200 轮)...
2025-11-02 11:50:00,169 - INFO - Epoch [10/200], Train Loss: 0.549146, Val Loss: 0.543293, R²: 0.3406, MAE: 0.5433
2025-11-02 11:50:20,143 - INFO - Epoch [20/200], Train Loss: 0.480856, Val Loss: 0.505892, R²: 0.4137, MAE: 0.5059
2025-11-02 11:50:40,030 - INFO - Epoch [30/200], Train Loss: 0.448092, Val Loss: 0.458465, R²: 0.4625, MAE: 0.4585
2025-11-02 11:51:00,216 - INFO - Epoch [40/200], Train Loss: 0.429774, Val Loss: 0.437220, R²: 0.4980, MAE: 0.4372
2025-11-02 11:51:20,242 - INFO - Epoch [50/200], Train Loss: 0.393097, Val Loss: 0.408382, R²: 0.5257, MAE: 0.4084
2025-11-02 11:51:40,680 - INFO - Epoch [60/200], Train Loss: 0.362269, Val Loss: 0.387742, R²: 0.5558, MAE: 0.3877
2025-11-02 11:52:00,777 - INFO - Epoch [70/200], Train Loss: 0.344572, Val Loss: 0.371178, R²: 0.5933, MAE: 0.3712
2025-11-02 11:52:20,501 - INFO - Epoch [80/200], Train Loss: 0.313526, Val Loss: 0.349229, R²: 0.6241, MAE: 0.3492
2025-11-02 11:52:40,499 - INFO - Epoch [90/200], Train Loss: 0.298299, Val Loss: 0.345328, R²: 0.6243, MAE: 0.3453
2025-11-02 11:53:00,402 - INFO - 已保存checkpoint: /home/data2/rhj/project/mol_editor/mol_evo/../mol_evo/output/v0/MoleculeEvolutionGCNLinearPredictorV01/train-20251102_114908-mu_change-30000-200/checkpoint_epoch_100.pth
2025-11-02 11:53:00,582 - INFO - Epoch [100/200], Train Loss: 0.285191, Val Loss: 0.338485, R²: 0.6303, MAE: 0.3385
2025-11-02 11:53:20,600 - INFO - Epoch [110/200], Train Loss: 0.275006, Val Loss: 0.328506, R²: 0.6353, MAE: 0.3285
2025-11-02 11:53:40,723 - INFO - Epoch [120/200], Train Loss: 0.254650, Val Loss: 0.322323, R²: 0.6431, MAE: 0.3223
2025-11-02 11:54:01,190 - INFO - Epoch [130/200], Train Loss: 0.241249, Val Loss: 0.318438, R²: 0.6452, MAE: 0.3184
2025-11-02 11:54:21,049 - INFO - Epoch [140/200], Train Loss: 0.233659, Val Loss: 0.315646, R²: 0.6520, MAE: 0.3156
2025-11-02 11:54:41,611 - INFO - Epoch [150/200], Train Loss: 0.230258, Val Loss: 0.314886, R²: 0.6526, MAE: 0.3149
2025-11-02 11:55:01,486 - INFO - Epoch [160/200], Train Loss: 0.227195, Val Loss: 0.314432, R²: 0.6522, MAE: 0.3144
2025-11-02 11:55:21,781 - INFO - Epoch [170/200], Train Loss: 0.225102, Val Loss: 0.314528, R²: 0.6510, MAE: 0.3145
2025-11-02 11:55:41,701 - INFO - Epoch [180/200], Train Loss: 0.224804, Val Loss: 0.314590, R²: 0.6509, MAE: 0.3146
2025-11-02 11:56:01,702 - INFO - Epoch [190/200], Train Loss: 0.224737, Val Loss: 0.314583, R²: 0.6509, MAE: 0.3146
2025-11-02 11:56:21,734 - INFO - 已保存checkpoint: /home/data2/rhj/project/mol_editor/mol_evo/../mol_evo/output/v0/MoleculeEvolutionGCNLinearPredictorV01/train-20251102_114908-mu_change-30000-200/checkpoint_epoch_200.pth
2025-11-02 11:56:21,918 - INFO - Epoch [200/200], Train Loss: 0.224722, Val Loss: 0.314588, R²: 0.6509, MAE: 0.3146
2025-11-02 11:56:21,918 - INFO - 开始训练 (200 轮)...
2025-11-02 11:56:23,192 - INFO - 模型已保存至: /home/data2/rhj/project/mol_editor/mol_evo/../mol_evo/output/v0/MoleculeEvolutionGCNLinearPredictorV01/train-20251102_114908-mu_change-30000-200/last.pth
2025-11-02 11:56:23,192 - INFO - 
2025-11-02 11:56:23,192 - INFO - ============================================================
2025-11-02 11:56:23,192 - INFO - 训练完成 - 最终评估结果
2025-11-02 11:56:23,193 - INFO - ============================================================
2025-11-02 11:56:23,193 - INFO - 测试集损失: 0.312287
2025-11-02 11:56:23,193 - INFO - RMSE: 0.584343
2025-11-02 11:56:23,193 - INFO - MAE: 0.312287
2025-11-02 11:56:23,193 - INFO - R²: 0.622078
2025-11-02 11:56:23,193 - INFO - PCC: 0.795915
2025-11-02 11:56:23,193 - INFO - Rank Loss: 0.487921
2025-11-02 11:56:23,193 - INFO - 
2025-11-02 11:56:23,193 - INFO - 阈值准确率:
2025-11-02 11:56:23,193 - INFO -   阈值 0.5: 80.69%
2025-11-02 11:56:23,193 - INFO -   阈值 0.4: 76.95%
2025-11-02 11:56:23,193 - INFO -   阈值 0.30000000000000004: 71.98%
2025-11-02 11:56:23,193 - INFO -   阈值 0.20000000000000004: 64.78%
2025-11-02 11:56:23,193 - INFO -   阈值 0.10000000000000003: 45.50%
2025-11-02 11:56:23,193 - INFO - 
2025-11-02 11:56:23,193 - INFO - 训练完成:
2025-11-02 11:56:23,193 - INFO -   - 最终训练损失: 0.224722
2025-11-02 11:56:23,193 - INFO -   - 最佳验证损失: 0.314294
2025-11-02 11:56:23,193 - INFO -   - 测试损失 (MSE): 0.312287
2025-11-02 11:56:23,193 - INFO -   - 测试RMSE: 0.584343
2025-11-02 11:56:23,194 - INFO -   - 测试MAE: 0.312287
2025-11-02 11:56:23,194 - INFO -   - 测试R²: 0.622078
2025-11-02 11:56:23,194 - INFO -   - 测试PCC: 0.795915
2025-11-02 11:56:23,194 - INFO -   - 测试Rank Loss: 0.487921
2025-11-02 11:56:23,194 - INFO -   - 测试阈值准确率 (0.5): 0.8069
2025-11-02 11:56:23,194 - INFO -   - 测试阈值准确率 (0.4): 0.7695
2025-11-02 11:56:23,194 - INFO -   - 测试阈值准确率 (0.30000000000000004): 0.7198
2025-11-02 11:56:23,194 - INFO -   - 测试阈值准确率 (0.20000000000000004): 0.6478
2025-11-02 11:56:23,194 - INFO -   - 测试阈值准确率 (0.10000000000000003): 0.4550
2025-11-02 11:56:23,194 - INFO -   - 模型已保存到: /home/data2/rhj/project/mol_editor/mol_evo/../mol_evo/output/v0/MoleculeEvolutionGCNLinearPredictorV01/train-20251102_114908-mu_change-30000-200/last.pth
2025-11-02 11:56:23,194 - INFO - 训练结果已保存到: /home/data2/rhj/project/mol_editor/mol_evo/../mol_evo/output/v0/MoleculeEvolutionGCNLinearPredictorV01/train-20251102_114908-mu_change-30000-200/training_results.json
2025-11-02 11:56:23,194 - INFO - 模型目录: /home/data2/rhj/project/mol_editor/mol_evo/../mol_evo/output/v0/MoleculeEvolutionGCNLinearPredictorV01/train-20251102_114908-mu_change-30000-200
