2025-10-14 15:53:59,418 - INFO - ============================================================
2025-10-14 15:53:59,419 - INFO - 基于NNConv的分子进化预测器模型训练开始
2025-10-14 15:53:59,419 - INFO - ============================================================
2025-10-14 15:53:59,419 - INFO - 数据文件: mol_evo/dataset/data/qm9-evo-pairs-step-1-with-properties-pct.csv
2025-10-14 15:53:59,419 - INFO - 最大对数: 50
2025-10-14 15:53:59,419 - INFO - 训练轮数: 20
2025-10-14 15:53:59,419 - INFO - 正在构建图数据: mol_evo/dataset/data/qm9-evo-pairs-step-1-with-properties-pct.csv
2025-10-14 15:53:59,962 - INFO - 加载缓存文件: /home/data2/rhj/project/mol_editor/mol_evo/core/utils/../../.cache/molecule_graphs/csv_qm9-evo-pairs-step-1-with-properties-pct_3cbb45cc1ac9202d.pt，包含 1994 个分子
2025-10-14 15:53:59,968 - INFO - 分子处理统计: 总数=100, 命中=100, 未命中=0, 命中率=100.00%
2025-10-14 15:53:59,975 - INFO - --- 训练集样本示例 (头部数据) ---
2025-10-14 15:53:59,975 - INFO -   样本       起始节点数        起始边数         目标节点数        目标边数         边特征             目标属性值          
2025-10-14 15:53:59,975 - INFO -   --------------------------------------------------------------------------------
2025-10-14 15:53:59,975 - INFO -   1        5            8            8            14           [1.0, 0.0, 0.   0.465178       
2025-10-14 15:53:59,975 - INFO -   2        3            4            6            10           [1.0, 0.0, 0.   0.013040       
2025-10-14 15:53:59,975 - INFO -   3        4            6            11           20           [1.0, 0.0, 0.   0.548156       
2025-10-14 15:53:59,975 - INFO -   --------------------------------------------------------------------------------
2025-10-14 15:53:59,975 - INFO - 
数据构建完成:
2025-10-14 15:53:59,975 - INFO -   项目                   值                   
2025-10-14 15:53:59,975 - INFO -   ----------------------------------------
2025-10-14 15:53:59,976 - INFO -   样本数                  50                  
2025-10-14 15:53:59,976 - INFO -   节点特征维度               11                  
2025-10-14 15:53:59,976 - INFO -   边特征维度                11                  
2025-10-14 15:53:59,976 - INFO -   目标属性变化维度             1                   
2025-10-14 15:53:59,976 - INFO - 数据集划分完成:
2025-10-14 15:53:59,976 - INFO -   - 训练集: 40 (80.0%)
2025-10-14 15:53:59,976 - INFO -   - 验证集: 5 (10.0%)
2025-10-14 15:53:59,976 - INFO -   - 测试集: 5 (10.0%)
2025-10-14 15:54:00,034 - INFO - 正在创建模型...
2025-10-14 15:54:00,034 - INFO - 模型参数数量: 3313025
2025-10-14 15:54:00,034 - INFO - 使用设备: cuda
2025-10-14 15:54:01,931 - INFO - Epoch [10/20], Train Loss: 0.789455, Val Loss: 0.435856, R²: -0.1391, MAE: 0.4359
2025-10-14 15:54:03,257 - INFO - Epoch [20/20], Train Loss: 0.768506, Val Loss: 0.447105, R²: -0.5243, MAE: 0.4471
2025-10-14 15:54:03,258 - INFO - 开始训练 (20 轮)...
2025-10-14 15:54:04,333 - INFO - 模型已保存至: /home/data2/rhj/project/mol_editor/mol_evo/../mol_evo/output/v0/gcn_transformer_transformer/train-20251014_155359-mu_change-50-20/last.pth
2025-10-14 15:54:04,333 - INFO - 
2025-10-14 15:54:04,333 - INFO - ============================================================
2025-10-14 15:54:04,333 - INFO - 训练完成 - 最终评估结果
2025-10-14 15:54:04,333 - INFO - ============================================================
2025-10-14 15:54:04,334 - INFO - 测试集损失: 0.479444
2025-10-14 15:54:04,334 - INFO - RMSE: 0.689286
2025-10-14 15:54:04,334 - INFO - MAE: 0.479444
2025-10-14 15:54:04,334 - INFO - R²: -0.514968
2025-10-14 15:54:04,334 - INFO - PCC: 0.949883
2025-10-14 15:54:04,334 - INFO - Rank Loss: 0.999314
2025-10-14 15:54:04,334 - INFO - 
2025-10-14 15:54:04,334 - INFO - 阈值准确率:
2025-10-14 15:54:04,334 - INFO -   阈值 0.5: 60.00%
2025-10-14 15:54:04,334 - INFO -   阈值 0.4: 60.00%
2025-10-14 15:54:04,334 - INFO -   阈值 0.30000000000000004: 60.00%
2025-10-14 15:54:04,334 - INFO -   阈值 0.20000000000000004: 60.00%
2025-10-14 15:54:04,334 - INFO -   阈值 0.10000000000000003: 40.00%
2025-10-14 15:54:04,334 - INFO - 
2025-10-14 15:54:04,334 - INFO - 训练完成:
2025-10-14 15:54:04,334 - INFO -   - 最终训练损失: 0.768506
2025-10-14 15:54:04,334 - INFO -   - 最佳验证损失: 0.425092
2025-10-14 15:54:04,334 - INFO -   - 测试损失 (MSE): 0.479444
2025-10-14 15:54:04,334 - INFO -   - 测试RMSE: 0.689286
2025-10-14 15:54:04,334 - INFO -   - 测试MAE: 0.479444
2025-10-14 15:54:04,335 - INFO -   - 测试R²: -0.514968
2025-10-14 15:54:04,335 - INFO -   - 测试PCC: 0.949883
2025-10-14 15:54:04,335 - INFO -   - 测试Rank Loss: 0.999314
2025-10-14 15:54:04,335 - INFO -   - 测试阈值准确率 (0.5): 0.6000
2025-10-14 15:54:04,335 - INFO -   - 测试阈值准确率 (0.4): 0.6000
2025-10-14 15:54:04,335 - INFO -   - 测试阈值准确率 (0.30000000000000004): 0.6000
2025-10-14 15:54:04,335 - INFO -   - 测试阈值准确率 (0.20000000000000004): 0.6000
2025-10-14 15:54:04,335 - INFO -   - 测试阈值准确率 (0.10000000000000003): 0.4000
2025-10-14 15:54:04,335 - INFO -   - 模型已保存到: /home/data2/rhj/project/mol_editor/mol_evo/../mol_evo/output/v0/gcn_transformer_transformer/train-20251014_155359-mu_change-50-20/last.pth
