2025-11-15 11:57:02,095 - INFO - ============================================================
2025-11-15 11:57:02,095 - INFO - 数据文件: /home/data2/rhj/project/mol_editor/mol_evo/dataset/data/tmp/qm9-evo-pairs-step-1-pairs-v0-81005-with-properties-pct.json
2025-11-15 11:57:02,095 - INFO - 最大对数: 80000
2025-11-15 11:57:02,095 - INFO - 训练轮数: 200
2025-11-15 11:57:02,095 - INFO - ============================================================
2025-11-15 11:57:02,095 - INFO - 模型配置已保存到: /home/data2/rhj/project/mol_editor/mol_evo/../mol_evo/output/v0/MoleculeEvolutionVisnetLinearPredictor/train-20251115_115702-mu_change-80000-200/model_config.json
2025-11-15 11:57:02,095 - INFO - 正在构建图数据: /home/data2/rhj/project/mol_editor/mol_evo/dataset/data/tmp/qm9-evo-pairs-step-1-pairs-v0-81005-with-properties-pct.json
2025-11-15 11:57:07,449 - INFO - 加载缓存文件: /home/data2/rhj/project/mol_editor/mol_evo/core/utils/../../.cache/molecule_graphs/csv_qm9-evo-pairs-step-1-pairs-v0-81005-with-properties-pct_3e3e8fb9d5f3ef32.pt，包含 13086 个分子
2025-11-15 11:57:45,528 - WARNING - 跳过第26973行分子对: O=C1[C@H]2C[C@@H]3[C@H]2N13 -> C[C@]12[C@@H]3C[C@H]1N2C3=O (数据为None)
2025-11-15 11:58:39,982 - WARNING - 跳过第65375行分子对: C[C@]12C[C@H](C1)[C@H]2CO -> C1OC[C@]23C[C@H](C2)[C@H]13 (数据为None)
2025-11-15 11:58:41,447 - WARNING - 跳过第66217行分子对: COCC12C[NH+](C1)C2 -> C1OC[C@]23C[N@H+](C2)[C@H]13 (数据为None)
2025-11-15 11:58:42,855 - WARNING - 跳过第66723行分子对: [NH-][C@@H]1O[C@]23C[C@H](C2)[C@@H]13 -> C[C@H]1O[C@]23C[C@H](C2)[C@@H]13 (数据为None)
2025-11-15 11:58:43,524 - WARNING - 跳过第66724行分子对: [NH-][C@@H]1O[C@]23C[N@H+](C2)[C@@H]13 -> C[C@H]1O[C@]23C[N@H+](C2)[C@@H]13 (数据为None)
2025-11-15 11:58:44,000 - WARNING - 跳过第66725行分子对: O=C1N[C@]23C[C@H](C2)[C@@H]13 -> O=C1O[C@]23C[C@H](C2)[C@@H]13 (数据为None)
2025-11-15 11:58:44,426 - WARNING - 跳过第66726行分子对: O=C1N[C@]23C[N@H+](C2)[C@@H]13 -> O=C1O[C@]23C[N@H+](C2)[C@@H]13 (数据为None)
2025-11-15 11:58:44,892 - WARNING - 跳过第66727行分子对: O=C1O[C@]23C[C@H](C2)[C@@H]13 -> O=C1N[C@]23C[C@H](C2)[C@@H]13 (数据为None)
2025-11-15 11:58:45,343 - WARNING - 跳过第66728行分子对: O=C1O[C@]23C[N@H+](C2)[C@@H]13 -> O=C1N[C@]23C[N@H+](C2)[C@@H]13 (数据为None)
2025-11-15 11:58:45,858 - WARNING - 跳过第66729行分子对: C[C@H]1C[C@]23C[C@H](C2)[C@@H]13 -> C1[C@H]2C[C@H]3C[C@H](C3)[C@@H]12 (数据为None)
2025-11-15 11:58:46,805 - WARNING - 跳过第66730行分子对: C[C@H]1C[C@]23C[N@H+](C2)[C@@H]13 -> O[C@H]1C[C@]23C[N@H+](C2)[C@@H]13 (数据为None)
2025-11-15 11:58:47,488 - WARNING - 跳过第66731行分子对: C[C@H]1O[C@]23C[C@H](C2)[C@@H]13 -> [NH-][C@@H]1O[C@]23C[C@H](C2)[C@@H]13 (数据为None)
2025-11-15 11:58:48,112 - WARNING - 跳过第66732行分子对: C[C@H]1O[C@]23C[N@H+](C2)[C@@H]13 -> [NH-][C@@H]1O[C@]23C[N@H+](C2)[C@@H]13 (数据为None)
2025-11-15 11:58:48,527 - WARNING - 跳过第66733行分子对: C[C@H]1O[C@]23C[N@H+](C2)[C@@H]13 -> C1[C@H]2O[C@H]3C[N@H+](C3)[C@@H]12 (数据为None)
2025-11-15 11:58:49,407 - WARNING - 跳过第66734行分子对: O[C@H]1C[C@]23C[N@H+](C2)[C@@H]13 -> C[C@H]1C[C@]23C[N@H+](C2)[C@@H]13 (数据为None)
2025-11-15 11:59:07,620 - INFO - 分子处理统计: 总数=160000, 命中=159974, 未命中=26, 命中率=99.98%
2025-11-15 11:59:07,706 - INFO - --- 训练集样本示例 (头部数据) ---
2025-11-15 11:59:07,706 - INFO -   样本       起始节点数        起始边数         目标节点数        目标边数         边特征             目标属性值          
2025-11-15 11:59:07,706 - INFO -   --------------------------------------------------------------------------------
2025-11-15 11:59:07,713 - INFO -   DEBUG: 边特征维度 = 25
2025-11-15 11:59:07,713 - INFO -   DEBUG: 第一个样本的边特征值 = [0.0, 0.0, 1.0, 0.0, 0.0, 0.0, 0.0, 0.0, 0.0, 0.0, 0.0, 0.0, 0.0, 0.0, 0.0, 1.0, 0.049671415239572525, -0.013826429843902588, 0.06476885080337524, 0.15230298042297363, -0.02341533824801445, -0.02341369539499283, 0.15792128443717957, 0.0767434760928154, 1.0]
2025-11-15 11:59:07,713 - INFO -   DEBUG: 原子类型数量 = 4, 操作类型数量 = 12
2025-11-15 11:59:07,713 - INFO -   DEBUG: 边特征总长度 = 25
2025-11-15 11:59:07,713 - INFO -   DEBUG: 原子类型one-hot编码 = [0.0, 0.0, 1.0, 0.0]
2025-11-15 11:59:07,713 - INFO -   DEBUG: 操作类型one-hot编码 = [0.0, 0.0, 0.0, 0.0, 0.0, 0.0, 0.0, 0.0, 0.0, 0.0, 0.0, 1.0]
2025-11-15 11:59:07,714 - INFO -   DEBUG: 原子类型列表 = ['C', 'F', 'N', 'O']
2025-11-15 11:59:07,714 - INFO -   DEBUG: 操作类型列表 = ['add_atom', 'add_stereo', 'form_double_bond', 'form_double_ring', 'form_ring', 'form_triple_bond', 'remove_add_stereo', 'remove_form_double_bond', 'remove_form_double_ring', 'remove_form_ring', 'remove_form_triple_bond', 'replace_atom']
2025-11-15 11:59:07,716 - INFO -   1        5            8            4            6            [0.0, 0.0, 1.   1.283813       
2025-11-15 11:59:07,716 - INFO -   2        5            8            3            4            [0.0, 0.0, 0.   1.462490       
2025-11-15 11:59:07,716 - INFO -   3        4            6            5            8            [1.0, 0.0, 0.   -1.292303      
2025-11-15 11:59:07,716 - INFO -   --------------------------------------------------------------------------------
2025-11-15 11:59:07,716 - INFO - 
数据构建完成:
2025-11-15 11:59:07,716 - INFO -   项目                   值                   
2025-11-15 11:59:07,716 - INFO -   ---------------------------------------- --------------------
2025-11-15 11:59:07,716 - INFO -   样本数                  79985               
2025-11-15 11:59:07,716 - INFO -   节点特征维度               11                  
2025-11-15 11:59:07,716 - INFO -   边特征维度                25                  
2025-11-15 11:59:07,716 - INFO -   目标属性变化维度             1                   
2025-11-15 11:59:07,722 - INFO - 数据集划分完成:
2025-11-15 11:59:07,722 - INFO -   - 训练集: 63988 (80.0%)
2025-11-15 11:59:07,722 - INFO -   - 验证集: 7998 (10.0%)
2025-11-15 11:59:07,722 - INFO -   - 测试集: 7999 (10.0%)
2025-11-15 11:59:07,774 - INFO - 更新模型边特征维度: 11 -> 25
2025-11-15 11:59:08,065 - INFO - 正在创建模型...
2025-11-15 11:59:08,066 - INFO - 模型参数数量: 4452301
2025-11-15 11:59:08,066 - INFO - 使用设备: cuda
2025-11-15 11:59:08,644 - INFO - 开始训练 (200 轮)...
2025-11-15 12:18:07,243 - INFO - Epoch [10/200], Train Loss: 0.248347, Val Loss: 0.268756, R²: 0.7766, MAE: 0.2688
2025-11-15 12:37:44,717 - INFO - Epoch [20/200], Train Loss: 0.137242, Val Loss: 0.180836, R²: 0.8907, MAE: 0.1808
2025-11-15 12:56:29,976 - INFO - Epoch [30/200], Train Loss: 0.069695, Val Loss: 0.096702, R²: 0.9433, MAE: 0.0967
2025-11-15 13:15:40,275 - INFO - Epoch [40/200], Train Loss: 0.040752, Val Loss: 0.076259, R²: 0.9531, MAE: 0.0763
2025-11-15 13:37:51,865 - INFO - Epoch [50/200], Train Loss: 0.036506, Val Loss: 0.069944, R²: 0.9566, MAE: 0.0699
2025-11-15 14:00:11,573 - INFO - Epoch [60/200], Train Loss: 0.017968, Val Loss: 0.053776, R²: 0.9605, MAE: 0.0538
2025-11-15 14:22:55,794 - INFO - Epoch [70/200], Train Loss: 0.015855, Val Loss: 0.050782, R²: 0.9613, MAE: 0.0508
2025-11-15 14:45:35,215 - INFO - Epoch [80/200], Train Loss: 0.014731, Val Loss: 0.049384, R²: 0.9620, MAE: 0.0494
2025-11-15 15:08:27,158 - INFO - Epoch [90/200], Train Loss: 0.013992, Val Loss: 0.048553, R²: 0.9625, MAE: 0.0486
2025-11-15 15:31:59,961 - INFO - Epoch [100/200], Train Loss: 0.008790, Val Loss: 0.043962, R²: 0.9628, MAE: 0.0440
2025-11-15 15:54:45,614 - INFO - Epoch [110/200], Train Loss: 0.008490, Val Loss: 0.043460, R²: 0.9629, MAE: 0.0435
2025-11-15 16:17:30,786 - INFO - Epoch [120/200], Train Loss: 0.008201, Val Loss: 0.042907, R²: 0.9630, MAE: 0.0429
2025-11-15 16:40:14,336 - INFO - Epoch [130/200], Train Loss: 0.007897, Val Loss: 0.042747, R²: 0.9631, MAE: 0.0427
2025-11-15 17:04:10,276 - INFO - Epoch [140/200], Train Loss: 0.007752, Val Loss: 0.042352, R²: 0.9633, MAE: 0.0424
2025-11-15 17:27:32,247 - INFO - Epoch [150/200], Train Loss: 0.007486, Val Loss: 0.041892, R²: 0.9635, MAE: 0.0419
2025-11-15 17:52:03,276 - INFO - Epoch [160/200], Train Loss: 0.007286, Val Loss: 0.041807, R²: 0.9634, MAE: 0.0418
2025-11-15 18:17:42,742 - INFO - Epoch [170/200], Train Loss: 0.005994, Val Loss: 0.040735, R²: 0.9637, MAE: 0.0407
2025-11-15 18:44:11,879 - INFO - Epoch [180/200], Train Loss: 0.005890, Val Loss: 0.040516, R²: 0.9637, MAE: 0.0405
2025-11-15 19:10:59,730 - INFO - Epoch [190/200], Train Loss: 0.005816, Val Loss: 0.040497, R²: 0.9637, MAE: 0.0405
2025-11-15 19:37:34,931 - INFO - Epoch [200/200], Train Loss: 0.005733, Val Loss: 0.040300, R²: 0.9637, MAE: 0.0403
2025-11-15 19:37:34,934 - INFO - 开始训练 (200 轮)...
2025-11-15 19:37:43,755 - INFO - 模型已保存至: /home/data2/rhj/project/mol_editor/mol_evo/../mol_evo/output/v0/MoleculeEvolutionVisnetLinearPredictor/train-20251115_115702-mu_change-80000-200/last.pth
2025-11-15 19:37:43,756 - INFO - 
2025-11-15 19:37:43,756 - INFO - ============================================================
2025-11-15 19:37:43,756 - INFO - 训练完成 - 最终评估结果
2025-11-15 19:37:43,756 - INFO - ============================================================
2025-11-15 19:37:43,756 - INFO - 测试集损失: 0.041518
2025-11-15 19:37:43,756 - INFO - RMSE: 0.182330
2025-11-15 19:37:43,756 - INFO - MAE: 0.041518
2025-11-15 19:37:43,756 - INFO - R²: 0.965460
2025-11-15 19:37:43,757 - INFO - PCC: 0.982599
2025-11-15 19:37:43,757 - INFO - Rank Loss: 0.329406
2025-11-15 19:37:43,757 - INFO - 
2025-11-15 19:37:43,757 - INFO - 阈值准确率:
2025-11-15 19:37:43,757 - INFO -   阈值 0.5: 97.57%
2025-11-15 19:37:43,757 - INFO -   阈值 0.4: 96.96%
2025-11-15 19:37:43,757 - INFO -   阈值 0.30000000000000004: 96.07%
2025-11-15 19:37:43,757 - INFO -   阈值 0.20000000000000004: 94.86%
2025-11-15 19:37:43,757 - INFO -   阈值 0.10000000000000003: 92.35%
2025-11-15 19:37:43,757 - INFO -   阈值 0.05000000000000002: 89.72%
2025-11-15 19:37:43,757 - INFO -   阈值 0.040000000000000015: 89.06%
2025-11-15 19:37:43,757 - INFO -   阈值 0.030000000000000013: 88.07%
2025-11-15 19:37:43,757 - INFO -   阈值 0.02000000000000001: 86.37%
2025-11-15 19:37:43,757 - INFO -   阈值 0.01000000000000001: 80.32%
2025-11-15 19:37:43,757 - INFO -   阈值 0.005000000000000005: 68.31%
2025-11-15 19:37:43,757 - INFO -   阈值 0.004000000000000005: 63.16%
2025-11-15 19:37:43,757 - INFO -   阈值 0.0030000000000000053: 55.61%
2025-11-15 19:37:43,757 - INFO -   阈值 0.0020000000000000052: 44.79%
2025-11-15 19:37:43,757 - INFO - 
2025-11-15 19:37:43,757 - INFO - 训练完成:
2025-11-15 19:37:43,757 - INFO -   - 最终训练损失: 0.005733
2025-11-15 19:37:43,757 - INFO -   - 最佳验证损失: 0.040274
2025-11-15 19:37:43,758 - INFO -   - 测试损失 (MSE): 0.041518
2025-11-15 19:37:43,758 - INFO -   - 测试RMSE: 0.182330
2025-11-15 19:37:43,758 - INFO -   - 测试MAE: 0.041518
2025-11-15 19:37:43,758 - INFO -   - 测试R²: 0.965460
2025-11-15 19:37:43,758 - INFO -   - 测试PCC: 0.982599
2025-11-15 19:37:43,758 - INFO -   - 测试Rank Loss: 0.329406
2025-11-15 19:37:43,758 - INFO -   - 测试阈值准确率 (0.5): 0.9757
2025-11-15 19:37:43,758 - INFO -   - 测试阈值准确率 (0.4): 0.9696
2025-11-15 19:37:43,758 - INFO -   - 测试阈值准确率 (0.30000000000000004): 0.9607
2025-11-15 19:37:43,758 - INFO -   - 测试阈值准确率 (0.20000000000000004): 0.9486
2025-11-15 19:37:43,758 - INFO -   - 测试阈值准确率 (0.10000000000000003): 0.9235
2025-11-15 19:37:43,758 - INFO -   - 测试阈值准确率 (0.05000000000000002): 0.8972
2025-11-15 19:37:43,758 - INFO -   - 测试阈值准确率 (0.040000000000000015): 0.8906
2025-11-15 19:37:43,758 - INFO -   - 测试阈值准确率 (0.030000000000000013): 0.8807
2025-11-15 19:37:43,758 - INFO -   - 测试阈值准确率 (0.02000000000000001): 0.8637
2025-11-15 19:37:43,758 - INFO -   - 测试阈值准确率 (0.01000000000000001): 0.8032
2025-11-15 19:37:43,758 - INFO -   - 测试阈值准确率 (0.005000000000000005): 0.6831
2025-11-15 19:37:43,758 - INFO -   - 测试阈值准确率 (0.004000000000000005): 0.6316
2025-11-15 19:37:43,758 - INFO -   - 测试阈值准确率 (0.0030000000000000053): 0.5561
2025-11-15 19:37:43,758 - INFO -   - 测试阈值准确率 (0.0020000000000000052): 0.4479
2025-11-15 19:37:43,758 - INFO -   - 模型已保存到: /home/data2/rhj/project/mol_editor/mol_evo/../mol_evo/output/v0/MoleculeEvolutionVisnetLinearPredictor/train-20251115_115702-mu_change-80000-200/last.pth
2025-11-15 19:37:43,759 - INFO - 训练结果已保存到: /home/data2/rhj/project/mol_editor/mol_evo/../mol_evo/output/v0/MoleculeEvolutionVisnetLinearPredictor/train-20251115_115702-mu_change-80000-200/training_results.json
2025-11-15 19:37:43,759 - INFO - 模型目录: /home/data2/rhj/project/mol_editor/mol_evo/../mol_evo/output/v0/MoleculeEvolutionVisnetLinearPredictor/train-20251115_115702-mu_change-80000-200
