2025-10-14 16:00:35,697 - INFO - ============================================================
2025-10-14 16:00:35,697 - INFO - 基于NNConv的分子进化预测器模型训练开始
2025-10-14 16:00:35,697 - INFO - ============================================================
2025-10-14 16:00:35,697 - INFO - 数据文件: mol_evo/dataset/data/qm9-evo-pairs-step-1-with-properties-pct.csv
2025-10-14 16:00:35,697 - INFO - 最大对数: 30000
2025-10-14 16:00:35,697 - INFO - 训练轮数: 100
2025-10-14 16:00:35,697 - INFO - 正在构建图数据: mol_evo/dataset/data/qm9-evo-pairs-step-1-with-properties-pct.csv
2025-10-14 16:00:37,367 - INFO - 加载缓存文件: /home/data2/rhj/project/mol_editor/mol_evo/core/utils/../../.cache/molecule_graphs/csv_qm9-evo-pairs-step-1-with-properties-pct_3cbb45cc1ac9202d.pt，包含 1994 个分子
2025-10-14 16:01:05,527 - INFO - 分子处理统计: 总数=60000, 命中=59967, 未命中=33, 命中率=99.94%
2025-10-14 16:01:05,552 - INFO - --- 训练集样本示例 (头部数据) ---
2025-10-14 16:01:05,552 - INFO -   样本       起始节点数        起始边数         目标节点数        目标边数         边特征             目标属性值          
2025-10-14 16:01:05,552 - INFO -   --------------------------------------------------------------------------------
2025-10-14 16:01:05,553 - INFO -   1        5            8            8            14           [1.0, 0.0, 0.   0.023518       
2025-10-14 16:01:05,553 - INFO -   2        3            4            6            10           [1.0, 0.0, 0.   -0.273184      
2025-10-14 16:01:05,553 - INFO -   3        4            6            11           20           [1.0, 0.0, 0.   0.077970       
2025-10-14 16:01:05,553 - INFO -   --------------------------------------------------------------------------------
2025-10-14 16:01:05,553 - INFO - 
数据构建完成:
2025-10-14 16:01:05,553 - INFO -   项目                   值                   
2025-10-14 16:01:05,553 - INFO -   ----------------------------------------
2025-10-14 16:01:05,553 - INFO -   样本数                  29967               
2025-10-14 16:01:05,553 - INFO -   节点特征维度               11                  
2025-10-14 16:01:05,553 - INFO -   边特征维度                11                  
2025-10-14 16:01:05,553 - INFO -   目标属性变化维度             1                   
2025-10-14 16:01:05,555 - INFO - 数据集划分完成:
2025-10-14 16:01:05,555 - INFO -   - 训练集: 23973 (80.0%)
2025-10-14 16:01:05,555 - INFO -   - 验证集: 2996 (10.0%)
2025-10-14 16:01:05,555 - INFO -   - 测试集: 2998 (10.0%)
2025-10-14 16:01:05,698 - INFO - 正在创建模型...
2025-10-14 16:01:05,698 - INFO - 模型参数数量: 3313025
2025-10-14 16:01:05,698 - INFO - 使用设备: cuda
2025-10-14 16:01:52,953 - INFO - Epoch [10/100], Train Loss: 0.548248, Val Loss: 0.570419, R²: 0.3071, MAE: 0.5704
2025-10-14 16:02:39,187 - INFO - Epoch [20/100], Train Loss: 0.522607, Val Loss: 0.527144, R²: 0.3687, MAE: 0.5271
2025-10-14 16:03:26,078 - INFO - Epoch [30/100], Train Loss: 0.500013, Val Loss: 0.500270, R²: 0.3988, MAE: 0.5003
2025-10-14 16:04:13,027 - INFO - Epoch [40/100], Train Loss: 0.498720, Val Loss: 0.492934, R²: 0.4133, MAE: 0.4929
2025-10-14 16:04:59,841 - INFO - Epoch [50/100], Train Loss: 0.475820, Val Loss: 0.484028, R²: 0.4214, MAE: 0.4840
2025-10-14 16:05:46,653 - INFO - Epoch [60/100], Train Loss: 0.466899, Val Loss: 0.486625, R²: 0.4007, MAE: 0.4866
2025-10-14 16:06:33,384 - INFO - Epoch [70/100], Train Loss: 0.454974, Val Loss: 0.453684, R²: 0.4548, MAE: 0.4537
2025-10-14 16:07:20,304 - INFO - Epoch [80/100], Train Loss: 0.440239, Val Loss: 0.448604, R²: 0.4841, MAE: 0.4486
2025-10-14 16:08:07,306 - INFO - Epoch [90/100], Train Loss: 0.430924, Val Loss: 0.427592, R²: 0.4995, MAE: 0.4276
2025-10-14 16:08:53,404 - INFO - 已保存checkpoint: /home/data2/rhj/project/mol_editor/mol_evo/../mol_evo/output/v0/gcn_transformer_transformer/train-20251014_160035-mu_change-30000-100/checkpoint_epoch_100.pth
2025-10-14 16:08:53,774 - INFO - Epoch [100/100], Train Loss: 0.423018, Val Loss: 0.446888, R²: 0.5018, MAE: 0.4469
2025-10-14 16:08:53,774 - INFO - 开始训练 (100 轮)...
2025-10-14 16:08:55,138 - INFO - 模型已保存至: /home/data2/rhj/project/mol_editor/mol_evo/../mol_evo/output/v0/gcn_transformer_transformer/train-20251014_160035-mu_change-30000-100/last.pth
2025-10-14 16:08:55,138 - INFO - 
2025-10-14 16:08:55,138 - INFO - ============================================================
2025-10-14 16:08:55,138 - INFO - 训练完成 - 最终评估结果
2025-10-14 16:08:55,139 - INFO - ============================================================
2025-10-14 16:08:55,139 - INFO - 测试集损失: 0.432517
2025-10-14 16:08:55,139 - INFO - RMSE: 0.680141
2025-10-14 16:08:55,139 - INFO - MAE: 0.432517
2025-10-14 16:08:55,139 - INFO - R²: 0.493412
2025-10-14 16:08:55,139 - INFO - PCC: 0.712295
2025-10-14 16:08:55,139 - INFO - Rank Loss: 0.583737
2025-10-14 16:08:55,139 - INFO - 
2025-10-14 16:08:55,139 - INFO - 阈值准确率:
2025-10-14 16:08:55,139 - INFO -   阈值 0.5: 73.05%
2025-10-14 16:08:55,139 - INFO -   阈值 0.4: 66.91%
2025-10-14 16:08:55,139 - INFO -   阈值 0.30000000000000004: 57.97%
2025-10-14 16:08:55,139 - INFO -   阈值 0.20000000000000004: 42.23%
2025-10-14 16:08:55,139 - INFO - 
2025-10-14 16:08:55,139 - INFO - 训练完成:
2025-10-14 16:08:55,139 - INFO -   - 最终训练损失: 0.423018
2025-10-14 16:08:55,139 - INFO -   - 最佳验证损失: 0.407557
2025-10-14 16:08:55,139 - INFO -   - 测试损失 (MSE): 0.432517
2025-10-14 16:08:55,139 - INFO -   - 测试RMSE: 0.680141
2025-10-14 16:08:55,139 - INFO -   - 测试MAE: 0.432517
2025-10-14 16:08:55,139 - INFO -   - 测试R²: 0.493412
2025-10-14 16:08:55,139 - INFO -   - 测试PCC: 0.712295
2025-10-14 16:08:55,140 - INFO -   - 测试Rank Loss: 0.583737
2025-10-14 16:08:55,140 - INFO -   - 测试阈值准确率 (0.5): 0.7305
2025-10-14 16:08:55,140 - INFO -   - 测试阈值准确率 (0.4): 0.6691
2025-10-14 16:08:55,140 - INFO -   - 测试阈值准确率 (0.30000000000000004): 0.5797
2025-10-14 16:08:55,140 - INFO -   - 测试阈值准确率 (0.20000000000000004): 0.4223
2025-10-14 16:08:55,140 - INFO -   - 模型已保存到: /home/data2/rhj/project/mol_editor/mol_evo/../mol_evo/output/v0/gcn_transformer_transformer/train-20251014_160035-mu_change-30000-100/last.pth
