2025-10-09 00:26:25,051 - training - INFO - ============================================================
2025-10-09 00:26:25,051 - training - INFO - 基于NNConv的分子进化预测器模型训练开始
2025-10-09 00:26:25,051 - training - INFO - ============================================================
2025-10-09 00:26:25,051 - training - INFO - 数据文件: mol_evo/dataset/data/qm9-evo-pairs-step-1-with-properties.csv
2025-10-09 00:26:25,051 - training - INFO - 最大对数: 30000
2025-10-09 00:26:25,051 - training - INFO - 训练轮数: 500
2025-10-09 00:26:30,148 - training - INFO - 正在构建图数据: mol_evo/dataset/data/qm9-evo-pairs-step-1-with-properties.csv
2025-10-09 00:26:30,148 - training - INFO - 数据构建完成:
2025-10-09 00:26:30,149 - training - INFO -   - 节点数: 1987
2025-10-09 00:26:30,149 - training - INFO -   - 边数: 30000
2025-10-09 00:26:30,149 - training - INFO -   - 节点特征维度: 2048
2025-10-09 00:26:30,149 - training - INFO -   - 边特征维度: 11
2025-10-09 00:26:30,149 - training - INFO -   - 目标属性变化维度: 1
2025-10-09 00:26:30,151 - training - INFO - 数据集划分完成:
2025-10-09 00:26:30,151 - training - INFO -   - 训练集: 21000 (70.0%)
2025-10-09 00:26:30,151 - training - INFO -   - 验证集: 3000 (10.0%)
2025-10-09 00:26:30,151 - training - INFO -   - 测试集: 6000 (20.0%)
2025-10-09 00:26:30,352 - training - INFO - 正在创建模型...
2025-10-09 00:26:30,352 - training - INFO - 模型参数数量: 6790145
2025-10-09 00:26:30,352 - training - INFO - 开始训练 (500 轮)...
2025-10-09 00:26:32,301 - training - INFO - Epoch [10/500], Train Loss: 1.390391, Val Loss: 0.001997, R²: -346.0522, MAE: 0.0263
2025-10-09 00:26:33,624 - training - INFO - Epoch [20/500], Train Loss: 0.532777, Val Loss: 0.258509, R²: -44930.7734, MAE: 0.0637
2025-10-09 00:26:34,950 - training - INFO - Epoch [30/500], Train Loss: 0.119866, Val Loss: 0.051441, R²: -8939.9326, MAE: 0.0223
2025-10-09 00:26:36,275 - training - INFO - Epoch [40/500], Train Loss: 0.047870, Val Loss: 0.010566, R²: -1835.5166, MAE: 0.0046
2025-10-09 00:26:37,600 - training - INFO - Epoch [50/500], Train Loss: 0.038968, Val Loss: 0.018948, R²: -3292.2935, MAE: 0.0103
2025-10-09 00:26:37,864 - training - INFO - 早停机制触发，在第 52 轮停止训练
2025-10-09 00:26:37,905 - training - INFO - 原始尺度评估指标:
2025-10-09 00:26:37,905 - training - INFO -   - MSE: 489276.062500
2025-10-09 00:26:37,905 - training - INFO -   - RMSE: 699.482727
2025-10-09 00:26:37,906 - training - INFO -   - MAE: 57.968407
2025-10-09 00:26:37,906 - training - INFO - 各维度阈值准确率:
2025-10-09 00:26:37,906 - training - INFO - Threshold   A        
2025-10-09 00:26:37,906 - training - INFO - ---------------------
2025-10-09 00:26:37,906 - training - INFO - @0.400      0.9990   
2025-10-09 00:26:37,906 - training - INFO - @0.300      0.9990   
2025-10-09 00:26:37,906 - training - INFO - @0.200      0.9987   
2025-10-09 00:26:37,906 - training - INFO - @0.100      0.9985   
2025-10-09 00:26:37,906 - training - INFO - @0.050      0.9982   
2025-10-09 00:26:38,774 - training - INFO - 训练完成:
2025-10-09 00:26:38,774 - training - INFO -   - 最终训练损失: 0.042464
2025-10-09 00:26:38,775 - training - INFO -   - 最佳验证损失: 0.000168
2025-10-09 00:26:38,775 - training - INFO -   - 测试损失 (MSE): 0.009551
2025-10-09 00:26:38,775 - training - INFO -   - 测试RMSE: 0.097728
2025-10-09 00:26:38,775 - training - INFO -   - 测试MAE: 0.008099
2025-10-09 00:26:38,775 - training - INFO -   - 测试R²: -3397.192871
2025-10-09 00:26:38,775 - training - INFO -   - 测试阈值准确率 (0.4, 所有维度): 0.9990
2025-10-09 00:26:38,775 - training - INFO -   - 测试阈值准确率 (0.4, 平均): 0.9990
2025-10-09 00:26:38,775 - training - INFO -   - 测试阈值准确率 (0.3, 所有维度): 0.9990
2025-10-09 00:26:38,775 - training - INFO -   - 测试阈值准确率 (0.3, 平均): 0.9990
2025-10-09 00:26:38,775 - training - INFO -   - 测试阈值准确率 (0.2, 所有维度): 0.9987
2025-10-09 00:26:38,775 - training - INFO -   - 测试阈值准确率 (0.2, 平均): 0.9987
2025-10-09 00:26:38,775 - training - INFO -   - 测试阈值准确率 (0.1, 所有维度): 0.9985
2025-10-09 00:26:38,775 - training - INFO -   - 测试阈值准确率 (0.1, 平均): 0.9985
2025-10-09 00:26:38,775 - training - INFO -   - 测试阈值准确率 (0.05, 所有维度): 0.9982
2025-10-09 00:26:38,775 - training - INFO -   - 测试阈值准确率 (0.05, 平均): 0.9982
2025-10-09 00:26:38,775 - training - INFO -   - 原始尺度MSE: 489276.062500
2025-10-09 00:26:38,775 - training - INFO -   - 原始尺度RMSE: 699.482727
2025-10-09 00:26:38,775 - training - INFO -   - 原始尺度MAE: 57.968407
2025-10-09 00:26:38,776 - training - INFO -   - 模型已保存到: /home/data2/rhj/project/mol_editor/mol_evo/../mol_evo/model-data/nnconv/training_20251009_002625/molecule_evolution_nnconv_predictor.pth
