2025-10-14 06:16:35,567 - INFO - ============================================================
2025-10-14 06:16:35,574 - INFO - 基于NNConv的分子进化预测器模型训练开始
2025-10-14 06:16:35,574 - INFO - ============================================================
2025-10-14 06:16:35,574 - INFO - 数据文件: mol_evo/dataset/data/qm9-evo-pairs-step-1-with-properties-pct.csv
2025-10-14 06:16:35,574 - INFO - 最大对数: 30000
2025-10-14 06:16:35,574 - INFO - 训练轮数: 500
2025-10-14 06:16:35,574 - INFO - 正在构建图数据: mol_evo/dataset/data/qm9-evo-pairs-step-1-with-properties-pct.csv
2025-10-14 06:16:37,319 - INFO - 加载缓存文件: /home/data2/rhj/project/mol_editor/mol_evo/core/utils/../../.cache/molecule_graphs/csv_qm9-evo-pairs-step-1-with-properties-pct_3cbb45cc1ac9202d.pt，包含 1994 个分子
2025-10-14 06:17:05,296 - INFO - 分子处理统计: 总数=60000, 命中=59967, 未命中=33, 命中率=99.94%
2025-10-14 06:17:05,326 - INFO - --- 训练集样本示例 (头部数据) ---
2025-10-14 06:17:05,326 - INFO -   样本       起始节点数        起始边数         目标节点数        目标边数         边特征             目标属性值          
2025-10-14 06:17:05,327 - INFO -   --------------------------------------------------------------------------------
2025-10-14 06:17:05,327 - INFO -   1        5            8            8            14           [1.0, 0.0, 0.   -0.798788      
2025-10-14 06:17:05,327 - INFO -   2        3            4            6            10           [1.0, 0.0, 0.   -0.397409      
2025-10-14 06:17:05,327 - INFO -   3        4            6            11           20           [1.0, 0.0, 0.   1.210377       
2025-10-14 06:17:05,327 - INFO -   --------------------------------------------------------------------------------
2025-10-14 06:17:05,327 - INFO - 
数据构建完成:
2025-10-14 06:17:05,327 - INFO -   项目                   值                   
2025-10-14 06:17:05,327 - INFO -   ----------------------------------------
2025-10-14 06:17:05,327 - INFO -   样本数                  29967               
2025-10-14 06:17:05,327 - INFO -   节点特征维度               11                  
2025-10-14 06:17:05,327 - INFO -   边特征维度                11                  
2025-10-14 06:17:05,327 - INFO -   目标属性变化维度             1                   
2025-10-14 06:17:05,329 - INFO - 数据集划分完成:
2025-10-14 06:17:05,330 - INFO -   - 训练集: 23973 (80.0%)
2025-10-14 06:17:05,330 - INFO -   - 验证集: 2996 (10.0%)
2025-10-14 06:17:05,330 - INFO -   - 测试集: 2998 (10.0%)
2025-10-14 06:17:05,399 - INFO - 正在创建模型...
2025-10-14 06:17:05,399 - INFO - 模型参数数量: 1063041
2025-10-14 06:17:05,399 - INFO - 使用设备: cuda
2025-10-14 06:17:22,761 - INFO - Epoch [10/500], Train Loss: 0.348921, Val Loss: 0.317498, R²: 0.7374, MAE: 0.3175
2025-10-14 06:17:39,325 - INFO - Epoch [20/500], Train Loss: 0.284766, Val Loss: 0.272221, R²: 0.7951, MAE: 0.2722
2025-10-14 06:17:57,006 - INFO - Epoch [30/500], Train Loss: 0.277304, Val Loss: 0.267029, R²: 0.8178, MAE: 0.2670
2025-10-14 06:18:14,509 - INFO - Epoch [40/500], Train Loss: 0.245763, Val Loss: 0.247888, R²: 0.8339, MAE: 0.2479
2025-10-14 06:18:34,666 - INFO - Epoch [50/500], Train Loss: 0.226540, Val Loss: 0.214512, R²: 0.8538, MAE: 0.2145
2025-10-14 06:18:55,673 - INFO - Epoch [60/500], Train Loss: 0.225911, Val Loss: 0.232429, R²: 0.8502, MAE: 0.2324
2025-10-14 06:19:15,819 - INFO - Epoch [70/500], Train Loss: 0.209917, Val Loss: 0.202017, R²: 0.8679, MAE: 0.2020
2025-10-14 06:19:33,225 - INFO - Epoch [80/500], Train Loss: 0.211467, Val Loss: 0.217232, R²: 0.8625, MAE: 0.2172
2025-10-14 06:19:51,961 - INFO - Epoch [90/500], Train Loss: 0.193329, Val Loss: 0.193459, R²: 0.8732, MAE: 0.1935
2025-10-14 06:20:09,350 - INFO - 已保存checkpoint: /home/data2/rhj/project/mol_editor/mol_evo/../mol_evo/output/v0/gcn_linear_linear/train-20251014_061635-gap_change_pct-30000-500/checkpoint_epoch_100.pth
2025-10-14 06:20:09,518 - INFO - Epoch [100/500], Train Loss: 0.188707, Val Loss: 0.180625, R²: 0.8850, MAE: 0.1806
2025-10-14 06:20:27,535 - INFO - Epoch [110/500], Train Loss: 0.181949, Val Loss: 0.191099, R²: 0.8833, MAE: 0.1911
2025-10-14 06:20:45,006 - INFO - Epoch [120/500], Train Loss: 0.164368, Val Loss: 0.171023, R²: 0.8915, MAE: 0.1710
2025-10-14 06:21:02,740 - INFO - Epoch [130/500], Train Loss: 0.154818, Val Loss: 0.162533, R²: 0.8936, MAE: 0.1625
2025-10-14 06:21:20,329 - INFO - Epoch [140/500], Train Loss: 0.153108, Val Loss: 0.175362, R²: 0.8866, MAE: 0.1754
2025-10-14 06:21:37,312 - INFO - Epoch [150/500], Train Loss: 0.144401, Val Loss: 0.157642, R²: 0.8929, MAE: 0.1576
2025-10-14 06:21:54,594 - INFO - Epoch [160/500], Train Loss: 0.146093, Val Loss: 0.166574, R²: 0.8948, MAE: 0.1666
2025-10-14 06:22:12,929 - INFO - Epoch [170/500], Train Loss: 0.137680, Val Loss: 0.155311, R²: 0.8972, MAE: 0.1553
2025-10-14 06:22:30,700 - INFO - Epoch [180/500], Train Loss: 0.126910, Val Loss: 0.143768, R²: 0.9007, MAE: 0.1438
2025-10-14 06:22:48,243 - INFO - Epoch [190/500], Train Loss: 0.126356, Val Loss: 0.139889, R²: 0.9026, MAE: 0.1399
2025-10-14 06:23:05,322 - INFO - 已保存checkpoint: /home/data2/rhj/project/mol_editor/mol_evo/../mol_evo/output/v0/gcn_linear_linear/train-20251014_061635-gap_change_pct-30000-500/checkpoint_epoch_200.pth
2025-10-14 06:23:05,485 - INFO - Epoch [200/500], Train Loss: 0.118564, Val Loss: 0.139455, R²: 0.9021, MAE: 0.1395
2025-10-14 06:23:22,942 - INFO - Epoch [210/500], Train Loss: 0.117304, Val Loss: 0.136208, R²: 0.9040, MAE: 0.1362
2025-10-14 06:23:40,056 - INFO - Epoch [220/500], Train Loss: 0.114361, Val Loss: 0.140919, R²: 0.8993, MAE: 0.1409
2025-10-14 06:23:57,270 - INFO - Epoch [230/500], Train Loss: 0.108782, Val Loss: 0.130961, R²: 0.9043, MAE: 0.1310
2025-10-14 06:24:14,643 - INFO - Epoch [240/500], Train Loss: 0.104836, Val Loss: 0.129749, R²: 0.9047, MAE: 0.1297
2025-10-14 06:24:32,306 - INFO - Epoch [250/500], Train Loss: 0.103911, Val Loss: 0.129503, R²: 0.9033, MAE: 0.1295
2025-10-14 06:24:49,973 - INFO - Epoch [260/500], Train Loss: 0.102016, Val Loss: 0.129127, R²: 0.9039, MAE: 0.1291
2025-10-14 06:25:07,257 - INFO - Epoch [270/500], Train Loss: 0.101414, Val Loss: 0.127964, R²: 0.9046, MAE: 0.1280
2025-10-14 06:25:24,607 - INFO - Epoch [280/500], Train Loss: 0.099312, Val Loss: 0.126058, R²: 0.9053, MAE: 0.1261
2025-10-14 06:25:42,911 - INFO - Epoch [290/500], Train Loss: 0.104432, Val Loss: 0.130597, R²: 0.9042, MAE: 0.1306
2025-10-14 06:26:00,341 - INFO - 已保存checkpoint: /home/data2/rhj/project/mol_editor/mol_evo/../mol_evo/output/v0/gcn_linear_linear/train-20251014_061635-gap_change_pct-30000-500/checkpoint_epoch_300.pth
2025-10-14 06:26:00,500 - INFO - Epoch [300/500], Train Loss: 0.095243, Val Loss: 0.124405, R²: 0.9050, MAE: 0.1244
2025-10-14 06:26:18,318 - INFO - Epoch [310/500], Train Loss: 0.093377, Val Loss: 0.123764, R²: 0.9052, MAE: 0.1238
2025-10-14 06:26:35,966 - INFO - Epoch [320/500], Train Loss: 0.092934, Val Loss: 0.124170, R²: 0.9046, MAE: 0.1242
2025-10-14 06:26:53,429 - INFO - Epoch [330/500], Train Loss: 0.092132, Val Loss: 0.123603, R²: 0.9047, MAE: 0.1236
2025-10-14 06:27:10,677 - INFO - Epoch [340/500], Train Loss: 0.091728, Val Loss: 0.123192, R²: 0.9049, MAE: 0.1232
2025-10-14 06:27:27,875 - INFO - Epoch [350/500], Train Loss: 0.091554, Val Loss: 0.123291, R²: 0.9046, MAE: 0.1233
2025-10-14 06:27:46,939 - INFO - Epoch [360/500], Train Loss: 0.090295, Val Loss: 0.122761, R²: 0.9048, MAE: 0.1228
2025-10-14 06:28:05,805 - INFO - Epoch [370/500], Train Loss: 0.089986, Val Loss: 0.122437, R²: 0.9050, MAE: 0.1224
2025-10-14 06:28:23,238 - INFO - Epoch [380/500], Train Loss: 0.089725, Val Loss: 0.122736, R²: 0.9045, MAE: 0.1227
2025-10-14 06:28:40,545 - INFO - Epoch [390/500], Train Loss: 0.089595, Val Loss: 0.122664, R²: 0.9045, MAE: 0.1227
2025-10-14 06:28:57,796 - INFO - 已保存checkpoint: /home/data2/rhj/project/mol_editor/mol_evo/../mol_evo/output/v0/gcn_linear_linear/train-20251014_061635-gap_change_pct-30000-500/checkpoint_epoch_400.pth
2025-10-14 06:28:57,958 - INFO - Epoch [400/500], Train Loss: 0.089051, Val Loss: 0.122342, R²: 0.9047, MAE: 0.1223
2025-10-14 06:29:15,502 - INFO - Epoch [410/500], Train Loss: 0.088925, Val Loss: 0.122514, R²: 0.9046, MAE: 0.1225
2025-10-14 06:29:32,949 - INFO - Epoch [420/500], Train Loss: 0.088765, Val Loss: 0.122234, R²: 0.9048, MAE: 0.1222
2025-10-14 06:29:50,375 - INFO - Epoch [430/500], Train Loss: 0.088530, Val Loss: 0.122307, R²: 0.9046, MAE: 0.1223
2025-10-14 06:30:08,110 - INFO - Epoch [440/500], Train Loss: 0.088419, Val Loss: 0.122157, R²: 0.9048, MAE: 0.1222
2025-10-14 06:30:25,814 - INFO - Epoch [450/500], Train Loss: 0.088293, Val Loss: 0.122244, R²: 0.9046, MAE: 0.1222
2025-10-14 06:30:43,314 - INFO - Epoch [460/500], Train Loss: 0.088197, Val Loss: 0.122212, R²: 0.9047, MAE: 0.1222
2025-10-14 06:31:00,699 - INFO - Epoch [470/500], Train Loss: 0.088161, Val Loss: 0.122207, R²: 0.9047, MAE: 0.1222
2025-10-14 06:31:18,479 - INFO - Epoch [480/500], Train Loss: 0.088146, Val Loss: 0.122204, R²: 0.9047, MAE: 0.1222
2025-10-14 06:31:36,269 - INFO - 早停机制触发，在第 490 轮停止训练
2025-10-14 06:31:36,270 - INFO - 开始训练 (500 轮)...
2025-10-14 06:31:37,432 - INFO - 模型已保存至: /home/data2/rhj/project/mol_editor/mol_evo/../mol_evo/output/v0/gcn_linear_linear/train-20251014_061635-gap_change_pct-30000-500/last.pth
2025-10-14 06:31:37,432 - INFO - 
2025-10-14 06:31:37,432 - INFO - ============================================================
2025-10-14 06:31:37,432 - INFO - 训练完成 - 最终评估结果
2025-10-14 06:31:37,432 - INFO - ============================================================
2025-10-14 06:31:37,432 - INFO - 测试集损失: 0.123979
2025-10-14 06:31:37,432 - INFO - RMSE: 0.289201
2025-10-14 06:31:37,433 - INFO - MAE: 0.123979
2025-10-14 06:31:37,433 - INFO - R²: 0.914154
2025-10-14 06:31:37,433 - INFO - PCC: 0.956125
2025-10-14 06:31:37,433 - INFO - Rank Loss: 0.411585
2025-10-14 06:31:37,433 - INFO - 
2025-10-14 06:31:37,433 - INFO - 阈值准确率:
2025-10-14 06:31:37,433 - INFO -   阈值 0.5: 94.16%
2025-10-14 06:31:37,433 - INFO -   阈值 0.4: 92.93%
2025-10-14 06:31:37,433 - INFO -   阈值 0.30000000000000004: 90.76%
2025-10-14 06:31:37,433 - INFO -   阈值 0.20000000000000004: 86.12%
2025-10-14 06:31:37,433 - INFO -   阈值 0.10000000000000003: 73.42%
2025-10-14 06:31:37,433 - INFO -   阈值 0.05000000000000002: 57.97%
2025-10-14 06:31:37,433 - INFO -   阈值 0.040000000000000015: 52.30%
2025-10-14 06:31:37,433 - INFO -   阈值 0.030000000000000013: 45.06%
2025-10-14 06:31:37,433 - INFO - 
2025-10-14 06:31:37,433 - INFO - 训练完成:
2025-10-14 06:31:37,433 - INFO -   - 最终训练损失: 0.088126
2025-10-14 06:31:37,433 - INFO -   - 最佳验证损失: 0.122157
2025-10-14 06:31:37,433 - INFO -   - 测试损失 (MSE): 0.123979
2025-10-14 06:31:37,433 - INFO -   - 测试RMSE: 0.289201
2025-10-14 06:31:37,433 - INFO -   - 测试MAE: 0.123979
2025-10-14 06:31:37,434 - INFO -   - 测试R²: 0.914154
2025-10-14 06:31:37,434 - INFO -   - 测试PCC: 0.956125
2025-10-14 06:31:37,434 - INFO -   - 测试Rank Loss: 0.411585
2025-10-14 06:31:37,434 - INFO -   - 测试阈值准确率 (0.5): 0.9416
2025-10-14 06:31:37,434 - INFO -   - 测试阈值准确率 (0.4): 0.9293
2025-10-14 06:31:37,434 - INFO -   - 测试阈值准确率 (0.30000000000000004): 0.9076
2025-10-14 06:31:37,434 - INFO -   - 测试阈值准确率 (0.20000000000000004): 0.8612
2025-10-14 06:31:37,434 - INFO -   - 测试阈值准确率 (0.10000000000000003): 0.7342
2025-10-14 06:31:37,434 - INFO -   - 测试阈值准确率 (0.05000000000000002): 0.5797
2025-10-14 06:31:37,434 - INFO -   - 测试阈值准确率 (0.040000000000000015): 0.5230
2025-10-14 06:31:37,434 - INFO -   - 测试阈值准确率 (0.030000000000000013): 0.4506
2025-10-14 06:31:37,434 - INFO -   - 模型已保存到: /home/data2/rhj/project/mol_editor/mol_evo/../mol_evo/output/v0/gcn_linear_linear/train-20251014_061635-gap_change_pct-30000-500/last.pth
