2025-10-10 14:13:36,681 - INFO - training_file - ============================================================
2025-10-10 14:13:36,681 - INFO - training_console - ============================================================
2025-10-10 14:13:36,681 - INFO - training_file - 基于NNConv的分子进化预测器模型训练开始
2025-10-10 14:13:36,681 - INFO - training_console - 基于NNConv的分子进化预测器模型训练开始
2025-10-10 14:13:36,682 - INFO - training_file - ============================================================
2025-10-10 14:13:36,682 - INFO - training_console - ============================================================
2025-10-10 14:13:36,682 - INFO - training_file - 数据文件: mol_evo/dataset/data/qm9-evo-pairs-step-1-with-properties.csv
2025-10-10 14:13:36,682 - INFO - training_console - 数据文件: mol_evo/dataset/data/qm9-evo-pairs-step-1-with-properties.csv
2025-10-10 14:13:36,682 - INFO - training_file - 最大对数: 2000
2025-10-10 14:13:36,682 - INFO - training_console - 最大对数: 2000
2025-10-10 14:13:36,682 - INFO - training_file - 训练轮数: 1000
2025-10-10 14:13:36,682 - INFO - training_console - 训练轮数: 1000
2025-10-10 14:13:36,682 - INFO - training_file - 正在构建图数据: mol_evo/dataset/data/qm9-evo-pairs-step-1-with-properties.csv
2025-10-10 14:13:36,682 - INFO - training_console - 正在构建图数据: mol_evo/dataset/data/qm9-evo-pairs-step-1-with-properties.csv
2025-10-10 14:13:37,486 - INFO - training_file - 加载缓存文件: /home/data2/rhj/project/mol_editor/mol_evo/core/utils/../../.cache/molecule_graphs/training_dataset.pt，包含 1377 个分子
2025-10-10 14:13:37,486 - INFO - training_console - 加载缓存文件: /home/data2/rhj/project/mol_editor/mol_evo/core/utils/../../.cache/molecule_graphs/training_dataset.pt，包含 1377 个分子
2025-10-10 14:13:37,760 - INFO - training_file - 分子处理统计: 总数=4000, 命中=4000, 未命中=0, 命中率=100.00%
2025-10-10 14:13:37,760 - INFO - training_console - 分子处理统计: 总数=4000, 命中=4000, 未命中=0, 命中率=100.00%
2025-10-10 14:13:37,765 - INFO - training_file - 训练集样本示例 (头部数据):
2025-10-10 14:13:37,765 - INFO - training_console - 训练集样本示例 (头部数据):
2025-10-10 14:13:37,765 - INFO - training_file -   样本 1:
2025-10-10 14:13:37,765 - INFO - training_console -   样本 1:
2025-10-10 14:13:37,765 - INFO - training_file -     起始分子节点数: 5
2025-10-10 14:13:37,765 - INFO - training_console -     起始分子节点数: 5
2025-10-10 14:13:37,766 - INFO - training_file -     起始分子边数: 8
2025-10-10 14:13:37,766 - INFO - training_console -     起始分子边数: 8
2025-10-10 14:13:37,766 - INFO - training_file -     目标分子节点数: 8
2025-10-10 14:13:37,766 - INFO - training_console -     目标分子节点数: 8
2025-10-10 14:13:37,766 - INFO - training_file -     目标分子边数: 14
2025-10-10 14:13:37,766 - INFO - training_console -     目标分子边数: 14
2025-10-10 14:13:37,766 - INFO - training_file -     边特征: [1.0, 0.0, 0.0, 0.0, 0.0, 1.0, 0.0, 0.0, 0.0, 0.0, 0.0]
2025-10-10 14:13:37,766 - INFO - training_console -     边特征: [1.0, 0.0, 0.0, 0.0, 0.0, 1.0, 0.0, 0.0, 0.0, 0.0, 0.0]
2025-10-10 14:13:37,766 - INFO - training_file -     目标属性值: 0.19934579730033875
2025-10-10 14:13:37,766 - INFO - training_console -     目标属性值: 0.19934579730033875
2025-10-10 14:13:37,766 - INFO - training_file -   样本 2:
2025-10-10 14:13:37,766 - INFO - training_console -   样本 2:
2025-10-10 14:13:37,766 - INFO - training_file -     起始分子节点数: 3
2025-10-10 14:13:37,766 - INFO - training_console -     起始分子节点数: 3
2025-10-10 14:13:37,766 - INFO - training_file -     起始分子边数: 4
2025-10-10 14:13:37,766 - INFO - training_console -     起始分子边数: 4
2025-10-10 14:13:37,766 - INFO - training_file -     目标分子节点数: 6
2025-10-10 14:13:37,766 - INFO - training_console -     目标分子节点数: 6
2025-10-10 14:13:37,766 - INFO - training_file -     目标分子边数: 10
2025-10-10 14:13:37,766 - INFO - training_console -     目标分子边数: 10
2025-10-10 14:13:37,766 - INFO - training_file -     边特征: [1.0, 0.0, 0.0, 0.0, 0.0, 1.0, 0.0, 0.0, 0.0, 0.0, 0.0]
2025-10-10 14:13:37,766 - INFO - training_console -     边特征: [1.0, 0.0, 0.0, 0.0, 0.0, 1.0, 0.0, 0.0, 0.0, 0.0, 0.0]
2025-10-10 14:13:37,766 - INFO - training_file -     目标属性值: -0.12400833517313004
2025-10-10 14:13:37,766 - INFO - training_console -     目标属性值: -0.12400833517313004
2025-10-10 14:13:37,766 - INFO - training_file -   样本 3:
2025-10-10 14:13:37,766 - INFO - training_console -   样本 3:
2025-10-10 14:13:37,766 - INFO - training_file -     起始分子节点数: 4
2025-10-10 14:13:37,766 - INFO - training_console -     起始分子节点数: 4
2025-10-10 14:13:37,766 - INFO - training_file -     起始分子边数: 6
2025-10-10 14:13:37,767 - INFO - training_console -     起始分子边数: 6
2025-10-10 14:13:37,767 - INFO - training_file -     目标分子节点数: 11
2025-10-10 14:13:37,767 - INFO - training_console -     目标分子节点数: 11
2025-10-10 14:13:37,767 - INFO - training_file -     目标分子边数: 20
2025-10-10 14:13:37,767 - INFO - training_console -     目标分子边数: 20
2025-10-10 14:13:37,767 - INFO - training_file -     边特征: [1.0, 0.0, 0.0, 0.0, 0.0, 0.0, 1.0, 0.0, 0.0, 0.0, 0.0]
2025-10-10 14:13:37,767 - INFO - training_console -     边特征: [1.0, 0.0, 0.0, 0.0, 0.0, 0.0, 1.0, 0.0, 0.0, 0.0, 0.0]
2025-10-10 14:13:37,767 - INFO - training_file -     目标属性值: 0.25868868827819824
2025-10-10 14:13:37,767 - INFO - training_console -     目标属性值: 0.25868868827819824
2025-10-10 14:13:37,767 - INFO - training_file - 数据构建完成:
2025-10-10 14:13:37,767 - INFO - training_console - 数据构建完成:
2025-10-10 14:13:37,767 - INFO - training_file -   - 样本数: 2000
2025-10-10 14:13:37,767 - INFO - training_console -   - 样本数: 2000
2025-10-10 14:13:37,767 - INFO - training_file -   - 节点特征维度: 11
2025-10-10 14:13:37,767 - INFO - training_console -   - 节点特征维度: 11
2025-10-10 14:13:37,767 - INFO - training_file -   - 边特征维度: 11
2025-10-10 14:13:37,767 - INFO - training_console -   - 边特征维度: 11
2025-10-10 14:13:37,767 - INFO - training_file -   - 目标属性变化维度: 1
2025-10-10 14:13:37,767 - INFO - training_console -   - 目标属性变化维度: 1
2025-10-10 14:13:37,768 - INFO - training_file - 数据集划分完成:
2025-10-10 14:13:37,768 - INFO - training_console - 数据集划分完成:
2025-10-10 14:13:37,768 - INFO - training_file -   - 训练集: 1600 (80.0%)
2025-10-10 14:13:37,768 - INFO - training_console -   - 训练集: 1600 (80.0%)
2025-10-10 14:13:37,768 - INFO - training_file -   - 验证集: 200 (10.0%)
2025-10-10 14:13:37,768 - INFO - training_console -   - 验证集: 200 (10.0%)
2025-10-10 14:13:37,768 - INFO - training_file -   - 测试集: 200 (10.0%)
2025-10-10 14:13:37,768 - INFO - training_console -   - 测试集: 200 (10.0%)
2025-10-10 14:13:37,808 - INFO - training_file - 正在创建模型...
2025-10-10 14:13:37,808 - INFO - training_console - 正在创建模型...
2025-10-10 14:13:37,808 - INFO - training_file - 模型参数数量: 980993
2025-10-10 14:13:37,808 - INFO - training_console - 模型参数数量: 980993
2025-10-10 14:13:37,808 - INFO - training_file - 使用设备: cuda
2025-10-10 14:13:37,808 - INFO - training_console - 使用设备: cuda
2025-10-10 14:15:48,574 - INFO - training_file - Epoch [10/1000], Train Loss: 0.882272, Val Loss: 1.312415, R²: 0.1041, MAE: 0.6552
2025-10-10 14:17:57,012 - INFO - training_file - Epoch [20/1000], Train Loss: 0.857169, Val Loss: 1.189505, R²: 0.1880, MAE: 0.6253
2025-10-10 14:20:06,073 - INFO - training_file - Epoch [30/1000], Train Loss: 1.441815, Val Loss: 1.845815, R²: -0.2600, MAE: 1.0033
2025-10-10 14:22:14,415 - INFO - training_file - Epoch [40/1000], Train Loss: 0.880905, Val Loss: 1.359860, R²: 0.0717, MAE: 0.7339
2025-10-10 14:24:22,693 - INFO - training_file - Epoch [50/1000], Train Loss: 0.713657, Val Loss: 1.132173, R²: 0.2271, MAE: 0.6054
2025-10-10 14:26:31,169 - INFO - training_file - Epoch [60/1000], Train Loss: 0.645896, Val Loss: 1.076769, R²: 0.2649, MAE: 0.5628
2025-10-10 14:28:40,243 - INFO - training_file - Epoch [70/1000], Train Loss: 0.621988, Val Loss: 1.062314, R²: 0.2748, MAE: 0.5739
2025-10-10 14:30:48,977 - INFO - training_file - Epoch [80/1000], Train Loss: 0.606841, Val Loss: 1.038295, R²: 0.2912, MAE: 0.5601
2025-10-10 14:32:56,954 - INFO - training_file - Epoch [90/1000], Train Loss: 0.594724, Val Loss: 1.005361, R²: 0.3137, MAE: 0.5449
2025-10-10 14:35:04,472 - INFO - training_file - 已保存checkpoint: /home/data2/rhj/project/mol_editor/mol_evo/../mol_evo/model-data/v0/training_20251010_141336/checkpoint_epoch_100.pth
2025-10-10 14:35:04,472 - INFO - training_console - 已保存checkpoint: /home/data2/rhj/project/mol_editor/mol_evo/../mol_evo/model-data/v0/training_20251010_141336/checkpoint_epoch_100.pth
2025-10-10 14:35:05,247 - INFO - training_file - Epoch [100/1000], Train Loss: 0.579963, Val Loss: 0.982030, R²: 0.3296, MAE: 0.5401
2025-10-10 14:37:13,197 - INFO - training_file - Epoch [110/1000], Train Loss: 0.566194, Val Loss: 0.951269, R²: 0.3506, MAE: 0.5330
2025-10-10 14:39:21,720 - INFO - training_file - Epoch [120/1000], Train Loss: 0.568431, Val Loss: 0.908144, R²: 0.3801, MAE: 0.5225
2025-10-10 14:41:29,834 - INFO - training_file - Epoch [130/1000], Train Loss: 0.563939, Val Loss: 0.887967, R²: 0.3938, MAE: 0.5194
2025-10-10 14:43:39,414 - INFO - training_file - Epoch [140/1000], Train Loss: 0.533572, Val Loss: 0.858051, R²: 0.4142, MAE: 0.5192
2025-10-10 14:45:49,100 - INFO - training_file - Epoch [150/1000], Train Loss: 0.515375, Val Loss: 0.795475, R²: 0.4570, MAE: 0.5071
2025-10-10 14:47:59,355 - INFO - training_file - Epoch [160/1000], Train Loss: 0.503920, Val Loss: 0.774940, R²: 0.4710, MAE: 0.5209
2025-10-10 14:50:09,531 - INFO - training_file - Epoch [170/1000], Train Loss: 0.498240, Val Loss: 0.684607, R²: 0.5327, MAE: 0.5028
2025-10-10 14:52:19,605 - INFO - training_file - Epoch [180/1000], Train Loss: 0.460676, Val Loss: 0.665637, R²: 0.5456, MAE: 0.5136
2025-10-10 14:54:29,250 - INFO - training_file - Epoch [190/1000], Train Loss: 0.435800, Val Loss: 0.562475, R²: 0.6160, MAE: 0.4841
2025-10-10 14:56:38,590 - INFO - training_file - 已保存checkpoint: /home/data2/rhj/project/mol_editor/mol_evo/../mol_evo/model-data/v0/training_20251010_141336/checkpoint_epoch_200.pth
2025-10-10 14:56:38,590 - INFO - training_console - 已保存checkpoint: /home/data2/rhj/project/mol_editor/mol_evo/../mol_evo/model-data/v0/training_20251010_141336/checkpoint_epoch_200.pth
2025-10-10 14:56:39,364 - INFO - training_file - Epoch [200/1000], Train Loss: 0.414740, Val Loss: 0.538258, R²: 0.6326, MAE: 0.4846
2025-10-10 14:58:50,000 - INFO - training_file - Epoch [210/1000], Train Loss: 0.402344, Val Loss: 0.493534, R²: 0.6631, MAE: 0.4719
2025-10-10 15:00:58,864 - INFO - training_file - Epoch [220/1000], Train Loss: 0.440183, Val Loss: 0.497313, R²: 0.6605, MAE: 0.4757
2025-10-10 15:03:07,655 - INFO - training_file - Epoch [230/1000], Train Loss: 0.410143, Val Loss: 0.511631, R²: 0.6507, MAE: 0.5008
2025-10-10 15:05:17,192 - INFO - training_file - Epoch [240/1000], Train Loss: 0.419644, Val Loss: 0.489959, R²: 0.6655, MAE: 0.4758
2025-10-10 15:07:26,684 - INFO - training_file - Epoch [250/1000], Train Loss: 0.386091, Val Loss: 0.536751, R²: 0.6336, MAE: 0.5131
2025-10-10 15:09:35,571 - INFO - training_file - Epoch [260/1000], Train Loss: 0.356886, Val Loss: 0.471377, R²: 0.6782, MAE: 0.4932
2025-10-10 15:11:44,804 - INFO - training_file - Epoch [270/1000], Train Loss: 0.492145, Val Loss: 0.444498, R²: 0.6966, MAE: 0.4584
2025-10-10 15:13:54,741 - INFO - training_file - Epoch [280/1000], Train Loss: 0.369816, Val Loss: 0.510593, R²: 0.6514, MAE: 0.4792
2025-10-10 15:16:04,549 - INFO - training_file - Epoch [290/1000], Train Loss: 0.378476, Val Loss: 0.465851, R²: 0.6820, MAE: 0.4710
2025-10-10 15:18:13,192 - INFO - training_file - 已保存checkpoint: /home/data2/rhj/project/mol_editor/mol_evo/../mol_evo/model-data/v0/training_20251010_141336/checkpoint_epoch_300.pth
2025-10-10 15:18:13,192 - INFO - training_console - 已保存checkpoint: /home/data2/rhj/project/mol_editor/mol_evo/../mol_evo/model-data/v0/training_20251010_141336/checkpoint_epoch_300.pth
2025-10-10 15:18:13,965 - INFO - training_file - Epoch [300/1000], Train Loss: 0.340579, Val Loss: 0.416524, R²: 0.7157, MAE: 0.4517
2025-10-10 15:20:22,808 - INFO - training_file - Epoch [310/1000], Train Loss: 0.335693, Val Loss: 0.408479, R²: 0.7212, MAE: 0.4537
2025-10-10 15:22:31,620 - INFO - training_file - Epoch [320/1000], Train Loss: 0.329086, Val Loss: 0.398764, R²: 0.7278, MAE: 0.4436
2025-10-10 15:24:40,720 - INFO - training_file - Epoch [330/1000], Train Loss: 0.322378, Val Loss: 0.400245, R²: 0.7268, MAE: 0.4513
2025-10-10 15:26:49,812 - INFO - training_file - Epoch [340/1000], Train Loss: 0.325939, Val Loss: 0.390951, R²: 0.7331, MAE: 0.4406
2025-10-10 15:28:58,136 - INFO - training_file - Epoch [350/1000], Train Loss: 0.324211, Val Loss: 0.391005, R²: 0.7331, MAE: 0.4450
2025-10-10 15:31:07,528 - INFO - training_file - Epoch [360/1000], Train Loss: 0.306084, Val Loss: 0.416813, R²: 0.7155, MAE: 0.4697
2025-10-10 15:33:16,221 - INFO - training_file - Epoch [370/1000], Train Loss: 0.312808, Val Loss: 0.415279, R²: 0.7165, MAE: 0.4385
2025-10-10 15:35:24,233 - INFO - training_file - Epoch [380/1000], Train Loss: 0.313829, Val Loss: 0.378979, R²: 0.7413, MAE: 0.4363
2025-10-10 15:37:33,179 - INFO - training_file - Epoch [390/1000], Train Loss: 0.314055, Val Loss: 0.378818, R²: 0.7414, MAE: 0.4375
2025-10-10 15:39:39,915 - INFO - training_file - 已保存checkpoint: /home/data2/rhj/project/mol_editor/mol_evo/../mol_evo/model-data/v0/training_20251010_141336/checkpoint_epoch_400.pth
2025-10-10 15:39:39,915 - INFO - training_console - 已保存checkpoint: /home/data2/rhj/project/mol_editor/mol_evo/../mol_evo/model-data/v0/training_20251010_141336/checkpoint_epoch_400.pth
2025-10-10 15:39:40,686 - INFO - training_file - Epoch [400/1000], Train Loss: 0.317066, Val Loss: 0.423917, R²: 0.7106, MAE: 0.4394
2025-10-10 15:41:49,162 - INFO - training_file - Epoch [410/1000], Train Loss: 0.310391, Val Loss: 0.373709, R²: 0.7449, MAE: 0.4350
2025-10-10 15:43:58,689 - INFO - training_file - Epoch [420/1000], Train Loss: 0.296470, Val Loss: 0.379235, R²: 0.7411, MAE: 0.4412
2025-10-10 15:46:07,394 - INFO - training_file - Epoch [430/1000], Train Loss: 0.286742, Val Loss: 0.366619, R²: 0.7497, MAE: 0.4232
2025-10-10 15:48:15,926 - INFO - training_file - Epoch [440/1000], Train Loss: 0.283224, Val Loss: 0.359971, R²: 0.7543, MAE: 0.4231
2025-10-10 15:50:23,966 - INFO - training_file - Epoch [450/1000], Train Loss: 0.278825, Val Loss: 0.357945, R²: 0.7556, MAE: 0.4195
2025-10-10 15:52:31,883 - INFO - training_file - Epoch [460/1000], Train Loss: 0.275506, Val Loss: 0.354183, R²: 0.7582, MAE: 0.4178
2025-10-10 15:54:39,049 - INFO - training_file - Epoch [470/1000], Train Loss: 0.274770, Val Loss: 0.355435, R²: 0.7574, MAE: 0.4261
2025-10-10 15:56:46,790 - INFO - training_file - Epoch [480/1000], Train Loss: 0.284397, Val Loss: 0.358678, R²: 0.7551, MAE: 0.4134
2025-10-10 15:58:54,268 - INFO - training_file - Epoch [490/1000], Train Loss: 0.265956, Val Loss: 0.356623, R²: 0.7566, MAE: 0.4124
2025-10-10 16:01:00,999 - INFO - training_file - 已保存checkpoint: /home/data2/rhj/project/mol_editor/mol_evo/../mol_evo/model-data/v0/training_20251010_141336/checkpoint_epoch_500.pth
2025-10-10 16:01:00,999 - INFO - training_console - 已保存checkpoint: /home/data2/rhj/project/mol_editor/mol_evo/../mol_evo/model-data/v0/training_20251010_141336/checkpoint_epoch_500.pth
2025-10-10 16:01:01,784 - INFO - training_file - Epoch [500/1000], Train Loss: 0.265864, Val Loss: 0.351362, R²: 0.7601, MAE: 0.4235
2025-10-10 16:03:10,016 - INFO - training_file - Epoch [510/1000], Train Loss: 0.273705, Val Loss: 0.350617, R²: 0.7607, MAE: 0.4102
2025-10-10 16:05:18,575 - INFO - training_file - Epoch [520/1000], Train Loss: 0.261328, Val Loss: 0.352631, R²: 0.7593, MAE: 0.4099
2025-10-10 16:07:26,245 - INFO - training_file - Epoch [530/1000], Train Loss: 0.261062, Val Loss: 0.347828, R²: 0.7626, MAE: 0.4205
2025-10-10 16:09:34,708 - INFO - training_file - Epoch [540/1000], Train Loss: 0.270330, Val Loss: 0.348428, R²: 0.7621, MAE: 0.4078
2025-10-10 16:11:43,294 - INFO - training_file - Epoch [550/1000], Train Loss: 0.256013, Val Loss: 0.352280, R²: 0.7595, MAE: 0.4082
2025-10-10 16:13:51,635 - INFO - training_file - Epoch [560/1000], Train Loss: 0.255599, Val Loss: 0.342318, R²: 0.7663, MAE: 0.4159
2025-10-10 16:15:59,674 - INFO - training_file - Epoch [570/1000], Train Loss: 0.267108, Val Loss: 0.345510, R²: 0.7641, MAE: 0.4053
2025-10-10 16:18:09,737 - INFO - training_file - Epoch [580/1000], Train Loss: 0.251753, Val Loss: 0.346385, R²: 0.7635, MAE: 0.4050
2025-10-10 16:20:20,161 - INFO - training_file - Epoch [590/1000], Train Loss: 0.252227, Val Loss: 0.340293, R²: 0.7677, MAE: 0.4150
2025-10-10 16:22:28,369 - INFO - training_file - 已保存checkpoint: /home/data2/rhj/project/mol_editor/mol_evo/../mol_evo/model-data/v0/training_20251010_141336/checkpoint_epoch_600.pth
2025-10-10 16:22:28,369 - INFO - training_console - 已保存checkpoint: /home/data2/rhj/project/mol_editor/mol_evo/../mol_evo/model-data/v0/training_20251010_141336/checkpoint_epoch_600.pth
2025-10-10 16:22:29,198 - INFO - training_file - Epoch [600/1000], Train Loss: 0.258844, Val Loss: 0.339082, R²: 0.7685, MAE: 0.4023
2025-10-10 16:24:37,864 - INFO - training_file - Epoch [610/1000], Train Loss: 0.248474, Val Loss: 0.341285, R²: 0.7670, MAE: 0.4022
2025-10-10 16:26:46,227 - INFO - training_file - Epoch [620/1000], Train Loss: 0.249083, Val Loss: 0.337703, R²: 0.7695, MAE: 0.4131
2025-10-10 16:28:54,530 - INFO - training_file - Epoch [630/1000], Train Loss: 0.254722, Val Loss: 0.335917, R²: 0.7707, MAE: 0.3999
2025-10-10 16:31:03,030 - INFO - training_file - Epoch [640/1000], Train Loss: 0.244736, Val Loss: 0.337988, R²: 0.7693, MAE: 0.3997
2025-10-10 16:33:10,644 - INFO - training_file - Epoch [650/1000], Train Loss: 0.245588, Val Loss: 0.334673, R²: 0.7715, MAE: 0.4107
2025-10-10 16:35:18,753 - INFO - training_file - Epoch [660/1000], Train Loss: 0.250957, Val Loss: 0.333382, R²: 0.7724, MAE: 0.3976
2025-10-10 16:37:26,306 - INFO - training_file - Epoch [670/1000], Train Loss: 0.240932, Val Loss: 0.335786, R²: 0.7708, MAE: 0.3974
2025-10-10 16:39:33,711 - INFO - training_file - Epoch [680/1000], Train Loss: 0.241764, Val Loss: 0.331412, R²: 0.7738, MAE: 0.4076
2025-10-10 16:41:41,219 - INFO - training_file - Epoch [690/1000], Train Loss: 0.247162, Val Loss: 0.330824, R²: 0.7742, MAE: 0.3952
2025-10-10 16:43:47,532 - INFO - training_file - 已保存checkpoint: /home/data2/rhj/project/mol_editor/mol_evo/../mol_evo/model-data/v0/training_20251010_141336/checkpoint_epoch_700.pth
2025-10-10 16:43:47,532 - INFO - training_console - 已保存checkpoint: /home/data2/rhj/project/mol_editor/mol_evo/../mol_evo/model-data/v0/training_20251010_141336/checkpoint_epoch_700.pth
2025-10-10 16:43:48,305 - INFO - training_file - Epoch [700/1000], Train Loss: 0.237256, Val Loss: 0.333676, R²: 0.7722, MAE: 0.3954
2025-10-10 16:45:56,963 - INFO - training_file - Epoch [710/1000], Train Loss: 0.238357, Val Loss: 0.329051, R²: 0.7754, MAE: 0.4053
2025-10-10 16:48:05,318 - INFO - training_file - Epoch [720/1000], Train Loss: 0.243270, Val Loss: 0.327879, R²: 0.7762, MAE: 0.3928
2025-10-10 16:50:15,096 - INFO - training_file - Epoch [730/1000], Train Loss: 0.233827, Val Loss: 0.330654, R²: 0.7743, MAE: 0.3930
2025-10-10 16:52:23,670 - INFO - training_file - Epoch [740/1000], Train Loss: 0.235208, Val Loss: 0.326169, R²: 0.7773, MAE: 0.4032
2025-10-10 16:54:31,720 - INFO - training_file - Epoch [750/1000], Train Loss: 0.239182, Val Loss: 0.324721, R²: 0.7783, MAE: 0.3902
2025-10-10 16:56:39,639 - INFO - training_file - Epoch [760/1000], Train Loss: 0.230547, Val Loss: 0.327830, R²: 0.7762, MAE: 0.3903
2025-10-10 16:58:47,560 - INFO - training_file - Epoch [770/1000], Train Loss: 0.232064, Val Loss: 0.324235, R²: 0.7787, MAE: 0.4013
2025-10-10 17:00:56,505 - INFO - training_file - Epoch [780/1000], Train Loss: 0.235163, Val Loss: 0.322519, R²: 0.7798, MAE: 0.3879
2025-10-10 17:03:05,376 - INFO - training_file - Epoch [790/1000], Train Loss: 0.227261, Val Loss: 0.325343, R²: 0.7779, MAE: 0.3880
2025-10-10 17:05:12,962 - INFO - training_file - 已保存checkpoint: /home/data2/rhj/project/mol_editor/mol_evo/../mol_evo/model-data/v0/training_20251010_141336/checkpoint_epoch_800.pth
2025-10-10 17:05:12,962 - INFO - training_console - 已保存checkpoint: /home/data2/rhj/project/mol_editor/mol_evo/../mol_evo/model-data/v0/training_20251010_141336/checkpoint_epoch_800.pth
2025-10-10 17:05:13,733 - INFO - training_file - Epoch [800/1000], Train Loss: 0.229363, Val Loss: 0.323338, R²: 0.7793, MAE: 0.4006
2025-10-10 17:07:21,909 - INFO - training_file - Epoch [810/1000], Train Loss: 0.229658, Val Loss: 0.319315, R²: 0.7820, MAE: 0.3854
2025-10-10 17:09:29,865 - INFO - training_file - Epoch [820/1000], Train Loss: 0.224520, Val Loss: 0.321537, R²: 0.7805, MAE: 0.3852
2025-10-10 17:11:38,231 - INFO - training_file - Epoch [830/1000], Train Loss: 0.225427, Val Loss: 0.320784, R²: 0.7810, MAE: 0.3982
2025-10-10 17:13:46,176 - INFO - training_file - Epoch [840/1000], Train Loss: 0.226564, Val Loss: 0.318170, R²: 0.7828, MAE: 0.3833
2025-10-10 17:15:55,007 - INFO - training_file - Epoch [850/1000], Train Loss: 0.219304, Val Loss: 0.322542, R²: 0.7798, MAE: 0.3833
2025-10-10 17:18:03,723 - INFO - training_file - Epoch [860/1000], Train Loss: 0.219313, Val Loss: 0.316937, R²: 0.7836, MAE: 0.3940
2025-10-10 17:20:12,231 - INFO - training_file - Epoch [870/1000], Train Loss: 0.225966, Val Loss: 0.320165, R²: 0.7814, MAE: 0.3817
2025-10-10 17:22:20,119 - INFO - training_file - Epoch [880/1000], Train Loss: 0.213866, Val Loss: 0.324522, R²: 0.7785, MAE: 0.3824
2025-10-10 17:24:29,607 - INFO - training_file - Epoch [890/1000], Train Loss: 0.214497, Val Loss: 0.316182, R²: 0.7842, MAE: 0.3921
2025-10-10 17:26:37,174 - INFO - training_file - 已保存checkpoint: /home/data2/rhj/project/mol_editor/mol_evo/../mol_evo/model-data/v0/training_20251010_141336/checkpoint_epoch_900.pth
2025-10-10 17:26:37,174 - INFO - training_console - 已保存checkpoint: /home/data2/rhj/project/mol_editor/mol_evo/../mol_evo/model-data/v0/training_20251010_141336/checkpoint_epoch_900.pth
2025-10-10 17:26:38,010 - INFO - training_file - Epoch [900/1000], Train Loss: 0.222245, Val Loss: 0.319714, R²: 0.7817, MAE: 0.3798
2025-10-10 17:28:46,085 - INFO - training_file - Epoch [910/1000], Train Loss: 0.209413, Val Loss: 0.324080, R²: 0.7788, MAE: 0.3806
2025-10-10 17:30:54,073 - INFO - training_file - Epoch [920/1000], Train Loss: 0.210189, Val Loss: 0.313682, R²: 0.7859, MAE: 0.3886
2025-10-10 17:33:02,846 - INFO - training_file - Epoch [930/1000], Train Loss: 0.220462, Val Loss: 0.319459, R²: 0.7819, MAE: 0.3776
2025-10-10 17:35:11,032 - INFO - training_file - Epoch [940/1000], Train Loss: 0.204667, Val Loss: 0.324571, R²: 0.7784, MAE: 0.3793
2025-10-10 17:37:18,962 - INFO - training_file - Epoch [950/1000], Train Loss: 0.205356, Val Loss: 0.310333, R²: 0.7882, MAE: 0.3845
2025-10-10 17:39:26,837 - INFO - training_file - Epoch [960/1000], Train Loss: 0.218447, Val Loss: 0.319178, R²: 0.7821, MAE: 0.3758
2025-10-10 17:41:33,458 - INFO - training_file - Epoch [970/1000], Train Loss: 0.200784, Val Loss: 0.323353, R²: 0.7793, MAE: 0.3769
2025-10-10 17:43:39,987 - INFO - training_file - Epoch [980/1000], Train Loss: 0.200634, Val Loss: 0.306817, R²: 0.7906, MAE: 0.3802
2025-10-10 17:45:47,324 - INFO - training_file - Epoch [990/1000], Train Loss: 0.216401, Val Loss: 0.318820, R²: 0.7824, MAE: 0.3736
2025-10-10 17:47:54,171 - INFO - training_file - 已保存checkpoint: /home/data2/rhj/project/mol_editor/mol_evo/../mol_evo/model-data/v0/training_20251010_141336/checkpoint_epoch_1000.pth
2025-10-10 17:47:54,171 - INFO - training_console - 已保存checkpoint: /home/data2/rhj/project/mol_editor/mol_evo/../mol_evo/model-data/v0/training_20251010_141336/checkpoint_epoch_1000.pth
2025-10-10 17:47:54,941 - INFO - training_file - Epoch [1000/1000], Train Loss: 0.196197, Val Loss: 0.324559, R²: 0.7784, MAE: 0.3754
2025-10-10 17:47:54,942 - INFO - training_file - 开始训练 (1000 轮)...
2025-10-10 17:47:54,942 - INFO - training_console - 开始训练 (1000 轮)...
2025-10-10 17:47:56,569 - INFO - training_file - 训练完成:
2025-10-10 17:47:56,569 - INFO - training_console - 训练完成:
2025-10-10 17:47:56,569 - INFO - training_file -   - 最终训练损失: 0.196197
2025-10-10 17:47:56,569 - INFO - training_console -   - 最终训练损失: 0.196197
2025-10-10 17:47:56,569 - INFO - training_file -   - 最佳验证损失: 0.301677
2025-10-10 17:47:56,569 - INFO - training_console -   - 最佳验证损失: 0.301677
2025-10-10 17:47:56,569 - INFO - training_file -   - 测试损失 (MSE): 0.278593
2025-10-10 17:47:56,569 - INFO - training_console -   - 测试损失 (MSE): 0.278593
2025-10-10 17:47:56,569 - INFO - training_file -   - 测试RMSE: 0.527819
2025-10-10 17:47:56,569 - INFO - training_console -   - 测试RMSE: 0.527819
2025-10-10 17:47:56,569 - INFO - training_file -   - 测试MAE: 0.345309
2025-10-10 17:47:56,569 - INFO - training_console -   - 测试MAE: 0.345309
2025-10-10 17:47:56,569 - INFO - training_file -   - 测试R²: 0.647237
2025-10-10 17:47:56,569 - INFO - training_console -   - 测试R²: 0.647237
2025-10-10 17:47:56,570 - INFO - training_file -   - 测试阈值准确率 (0.4): 0.7450
2025-10-10 17:47:56,570 - INFO - training_console -   - 测试阈值准确率 (0.4): 0.7450
2025-10-10 17:47:56,570 - INFO - training_file -   - 测试阈值准确率 (0.3): 0.6750
2025-10-10 17:47:56,570 - INFO - training_console -   - 测试阈值准确率 (0.3): 0.6750
2025-10-10 17:47:56,570 - INFO - training_file -   - 测试阈值准确率 (0.2): 0.4900
2025-10-10 17:47:56,570 - INFO - training_console -   - 测试阈值准确率 (0.2): 0.4900
2025-10-10 17:47:56,570 - INFO - training_file -   - 测试阈值准确率 (0.1): 0.2400
2025-10-10 17:47:56,570 - INFO - training_console -   - 测试阈值准确率 (0.1): 0.2400
2025-10-10 17:47:56,570 - INFO - training_file -   - 测试阈值准确率 (0.05): 0.0950
2025-10-10 17:47:56,570 - INFO - training_console -   - 测试阈值准确率 (0.05): 0.0950
2025-10-10 17:47:56,570 - INFO - training_file -   - 模型已保存到: /home/data2/rhj/project/mol_editor/mol_evo/../mol_evo/model-data/v0/training_20251010_141336/molecule_evolution_gcn_v0_mu_predictor.pth
2025-10-10 17:47:56,570 - INFO - training_console -   - 模型已保存到: /home/data2/rhj/project/mol_editor/mol_evo/../mol_evo/model-data/v0/training_20251010_141336/molecule_evolution_gcn_v0_mu_predictor.pth
