2025-11-01 23:25:05,037 - INFO - ============================================================
2025-11-01 23:25:05,037 - INFO - 数据文件: mol_evo/dataset/data/qm9-evo-pairs-step-1-with-properties-pct.csv
2025-11-01 23:25:05,037 - INFO - 最大对数: 30000
2025-11-01 23:25:05,037 - INFO - 训练轮数: 200
2025-11-01 23:25:05,037 - INFO - ============================================================
2025-11-01 23:25:05,037 - INFO - 正在构建图数据: mol_evo/dataset/data/qm9-evo-pairs-step-1-with-properties-pct.csv
2025-11-01 23:25:05,645 - INFO - 加载缓存文件: /home/data2/rhj/project/mol_editor/mol_evo/core/utils/../../.cache/molecule_graphs/csv_qm9-evo-pairs-step-1-with-properties-pct_3cbb45cc1ac9202d.pt，包含 1994 个分子
2025-11-01 23:25:09,995 - WARNING - 跳过第25871行分子对: [H]O/N=C(\C([H])([H])[H])C([H])([H])C(C([H])([H])[H])(C([H])([H])[H])C([H])([H])[H] -> [H]ONC1C([H])([H])[C@]23C([H])([H])[C@]([H])(C2([H])[H])[C@@]13[H] (数据为None)
2025-11-01 23:25:10,782 - WARNING - 跳过第25984行分子对: [H]O/N=C(/C([H])([H])C([H])([H])[H])C(C([H])([H])[H])(C([H])([H])[H])C([H])([H])[H] -> [H]ONC1C([H])([H])[C@]23C([H])([H])[C@]([H])(C2([H])[H])[C@@]13[H] (数据为None)
2025-11-01 23:25:11,731 - WARNING - 跳过第26175行分子对: [H]O/N=C(\C([H])([H])[H])C(C([H])([H])[H])(C([H])([H])[H])C([H])([H])C([H])([H])[H] -> [H]ONC1C([H])([H])[C@]23C([H])([H])[C@]([H])(C2([H])[H])[C@@]13[H] (数据为None)
2025-11-01 23:25:12,583 - WARNING - 跳过第26431行分子对: [H]O/N=C(\C([H])([H])[H])C([H])([H])C([H])([H])C([H])(C([H])([H])[H])C([H])([H])[H] -> [H]ONC1C([H])([H])[C@]23C([H])([H])[C@]([H])(C2([H])[H])[C@@]13[H] (数据为None)
2025-11-01 23:25:13,353 - WARNING - 跳过第26530行分子对: [H]ONC1C(C([H])([H])[H])(C([H])([H])[H])C([H])([H])[C@]1([H])C([H])([H])[H] -> [H]ONC1C([H])([H])[C@]23C([H])([H])[C@]([H])(C2([H])[H])[C@@]13[H] (数据为None)
2025-11-01 23:25:14,147 - WARNING - 跳过第26630行分子对: [H]ONC1C([H])=C([H])C(C([H])([H])[H])(C([H])([H])[H])C1([H])[H] -> [H]ONC1C([H])([H])[C@]23C([H])([H])[C@]([H])(C2([H])[H])[C@@]13[H] (数据为None)
2025-11-01 23:25:14,933 - WARNING - 跳过第26691行分子对: [H]ONC1C([H])([H])C([H])([H])C(C([H])([H])[H])(C([H])([H])[H])C1([H])[H] -> [H]ONC1C([H])([H])[C@]23C([H])([H])[C@]([H])(C2([H])[H])[C@@]13[H] (数据为None)
2025-11-01 23:25:15,726 - WARNING - 跳过第26895行分子对: [H]O/N=C(\C([H])([H])C([H])([H])[H])C([H])([H])C([H])(C([H])([H])[H])C([H])([H])[H] -> [H]ONC1C([H])([H])[C@]23C([H])([H])[C@]([H])(C2([H])[H])[C@@]13[H] (数据为None)
2025-11-01 23:25:16,526 - WARNING - 跳过第27044行分子对: [H]C#C[C@]1(C([H])([H])[H])C([H])([H])[C@@H](NO[H])C1([H])[H] -> [H]ONC1C([H])([H])[C@]23C([H])([H])[C@]([H])(C2([H])[H])[C@@]13[H] (数据为None)
2025-11-01 23:25:17,326 - WARNING - 跳过第27152行分子对: [H]ON[C@H]1C([H])([H])[C@](C([H])([H])[H])(C([H])([H])C([H])([H])[H])C1([H])[H] -> [H]ONC1C([H])([H])[C@]23C([H])([H])[C@]([H])(C2([H])[H])[C@@]13[H] (数据为None)
2025-11-01 23:25:18,116 - WARNING - 跳过第27266行分子对: [H]O/N=C(\C([H])([H])[H])C([H])([H])C1(C([H])([H])[H])C([H])([H])C1([H])[H] -> [H]ONC1C([H])([H])[C@]23C([H])([H])[C@]([H])(C2([H])[H])[C@@]13[H] (数据为None)
2025-11-01 23:25:18,949 - WARNING - 跳过第27714行分子对: [H]O/N=C(\C([H])([H])[H])C([H])([H])C([H])([H])C([H])([H])C([H])([H])C([H])([H])[H] -> [H]ONC1C([H])([H])[C@]23C([H])([H])[C@]([H])(C2([H])[H])[C@@]13[H] (数据为None)
2025-11-01 23:25:19,711 - WARNING - 跳过第27835行分子对: [H]ONC1C([H])([H])C([H])=C([H])C1(C([H])([H])[H])C([H])([H])[H] -> [H]ONC1C([H])([H])[C@]23C([H])([H])[C@]([H])(C2([H])[H])[C@@]13[H] (数据为None)
2025-11-01 23:25:20,480 - WARNING - 跳过第27878行分子对: [H]ONC1=C([H])[C-]([H])C([H])([H])C1(C([H])([H])[H])C([H])([H])[H] -> [H]ONC1C([H])([H])[C@]23C([H])([H])[C@]([H])(C2([H])[H])[C@@]13[H] (数据为None)
2025-11-01 23:25:21,229 - WARNING - 跳过第27924行分子对: [H]ONC1C([H])([H])C([H])([H])C([H])([H])C1(C([H])([H])[H])C([H])([H])[H] -> [H]ONC1C([H])([H])[C@]23C([H])([H])[C@]([H])(C2([H])[H])[C@@]13[H] (数据为None)
2025-11-01 23:25:22,027 - WARNING - 跳过第28107行分子对: [H]ON=C(C([H])([H])C([H])([H])C([H])([H])[H])C([H])([H])C([H])([H])C([H])([H])[H] -> [H]ONC1C([H])([H])[C@]23C([H])([H])[C@]([H])(C2([H])[H])[C@@]13[H] (数据为None)
2025-11-01 23:25:22,837 - WARNING - 跳过第28312行分子对: [H]O/N=C(/C([H])([H])C([H])([H])C([H])([H])[H])C([H])(C([H])([H])[H])C([H])([H])[H] -> [H]ONC1C([H])([H])[C@]23C([H])([H])[C@]([H])(C2([H])[H])[C@@]13[H] (数据为None)
2025-11-01 23:25:23,657 - WARNING - 跳过第28519行分子对: [H]ON=C(C([H])(C([H])([H])[H])C([H])([H])[H])C([H])(C([H])([H])[H])C([H])([H])[H] -> [H]ONC1C([H])([H])[C@]23C([H])([H])[C@]([H])(C2([H])[H])[C@@]13[H] (数据为None)
2025-11-01 23:25:24,462 - WARNING - 跳过第28649行分子对: [H]O/N=C(\C([H])([H])[H])C1(C([H])([H])[H])C([H])([H])C([H])([H])C1([H])[H] -> [H]ONC1C([H])([H])[C@]23C([H])([H])[C@]([H])(C2([H])[H])[C@@]13[H] (数据为None)
2025-11-01 23:25:25,261 - WARNING - 跳过第28853行分子对: [H]ON[C@H]1C([H])([H])[C@]([H])(C([H])(C([H])([H])[H])C([H])([H])[H])C1([H])[H] -> [H]ONC1C([H])([H])[C@]23C([H])([H])[C@]([H])(C2([H])[H])[C@@]13[H] (数据为None)
2025-11-01 23:25:26,024 - WARNING - 跳过第28960行分子对: [H]O/N=C(\C([H])([H])[H])[C@]1([H])C([H])([H])[C@@]([H])(C([H])([H])[H])C1([H])[H] -> [H]ONC1C([H])([H])[C@]23C([H])([H])[C@]([H])(C2([H])[H])[C@@]13[H] (数据为None)
2025-11-01 23:25:26,810 - WARNING - 跳过第29052行分子对: [H]ONC1C([H])=C(C([H])([H])[H])C([H])([H])C([H])([H])C1([H])[H] -> [H]ONC1C([H])([H])[C@]23C([H])([H])[C@]([H])(C2([H])[H])[C@@]13[H] (数据为None)
2025-11-01 23:25:27,568 - WARNING - 跳过第29115行分子对: [H]ONC1C([H])([H])C(C([H])([H])[H])=C([H])C([H])([H])C1([H])[H] -> [H]ONC1C([H])([H])[C@]23C([H])([H])[C@]([H])(C2([H])[H])[C@@]13[H] (数据为None)
2025-11-01 23:25:28,368 - WARNING - 跳过第29191行分子对: [H]ONC1C([H])([H])C([H])([H])C([H])([H])[C@]([H])(C([H])([H])[H])C1([H])[H] -> [H]ONC1C([H])([H])[C@]23C([H])([H])[C@]([H])(C2([H])[H])[C@@]13[H] (数据为None)
2025-11-01 23:25:29,140 - WARNING - 跳过第29259行分子对: [H]ONC1C([H])([H])C(C([H])([H])[H])=C(C([H])([H])[H])C1([H])[H] -> [H]ONC1C([H])([H])[C@]23C([H])([H])[C@]([H])(C2([H])[H])[C@@]13[H] (数据为None)
2025-11-01 23:25:29,926 - WARNING - 跳过第29362行分子对: [H]ONC1C([H])([H])C(C([H])([H])[H])=C([H])[C@]1([H])C([H])([H])[H] -> [H]ONC1C([H])([H])[C@]23C([H])([H])[C@]([H])(C2([H])[H])[C@@]13[H] (数据为None)
2025-11-01 23:25:30,441 - WARNING - 跳过第29437行分子对: [H][N-]C1O[C@]([H])(C([H])([H])[H])C(NO[H])C1([H])[H] -> [H]ONC1C([H])([H])[C@]23C([H])([H])[N@@H+](C2([H])[H])[C@@]13[H] (数据为None)
2025-11-01 23:25:31,225 - WARNING - 跳过第29554行分子对: [H]ONC1C([H])([H])[C@]2([H])C([H])([H])[C@@]1(C([H])([H])[H])C2([H])[H] -> [H]ONC1C([H])([H])[C@]23C([H])([H])[C@]([H])(C2([H])[H])[C@@]13[H] (数据为None)
2025-11-01 23:25:32,007 - WARNING - 跳过第29644行分子对: [H]O/N=C(\C([H])([H])[H])C([H])([H])C1([H])C([H])([H])C([H])([H])C1([H])[H] -> [H]ONC1C([H])([H])[C@]23C([H])([H])[C@]([H])(C2([H])[H])[C@@]13[H] (数据为None)
2025-11-01 23:25:32,761 - WARNING - 跳过第29737行分子对: [H]C#CC([H])([H])[C@]1([H])C([H])([H])[C@@H](NO[H])C1([H])[H] -> [H]ONC1C([H])([H])[C@]23C([H])([H])[C@]([H])(C2([H])[H])[C@@]13[H] (数据为None)
2025-11-01 23:25:33,543 - WARNING - 跳过第29820行分子对: [H]ON[C@H]1C([H])([H])[C@]([H])(C#CC([H])([H])[H])C1([H])[H] -> [H]ONC1C([H])([H])[C@]23C([H])([H])[C@]([H])(C2([H])[H])[C@@]13[H] (数据为None)
2025-11-01 23:25:34,317 - WARNING - 跳过第29860行分子对: [H]ON[C@H]1C([H])([H])[C@]([H])(C([H])([H])C([H])([H])C([H])([H])[H])C1([H])[H] -> [H]ONC1C([H])([H])[C@]23C([H])([H])[C@]([H])(C2([H])[H])[C@@]13[H] (数据为None)
2025-11-01 23:25:35,097 - WARNING - 跳过第29968行分子对: [H]ONC1C([H])([H])C2(C1([H])[H])C([H])([H])C([H])([H])C2([H])[H] -> [H]ONC1C([H])([H])[C@]23C([H])([H])[C@]([H])(C2([H])[H])[C@@]13[H] (数据为None)
2025-11-01 23:25:35,154 - INFO - 分子处理统计: 总数=60000, 命中=59967, 未命中=33, 命中率=99.94%
2025-11-01 23:25:35,179 - INFO - --- 训练集样本示例 (头部数据) ---
2025-11-01 23:25:35,180 - INFO -   样本       起始节点数        起始边数         目标节点数        目标边数         边特征             目标属性值          
2025-11-01 23:25:35,180 - INFO -   --------------------------------------------------------------------------------
2025-11-01 23:25:35,180 - INFO -   1        5            8            8            14           [1.0, 0.0, 0.   0.023518       
2025-11-01 23:25:35,180 - INFO -   2        3            4            6            10           [1.0, 0.0, 0.   -0.273184      
2025-11-01 23:25:35,180 - INFO -   3        4            6            11           20           [1.0, 0.0, 0.   0.077970       
2025-11-01 23:25:35,180 - INFO -   --------------------------------------------------------------------------------
2025-11-01 23:25:35,180 - INFO - 
数据构建完成:
2025-11-01 23:25:35,180 - INFO -   项目                   值                   
2025-11-01 23:25:35,180 - INFO -   ---------------------------------------- --------------------
2025-11-01 23:25:35,180 - INFO -   样本数                  29967               
2025-11-01 23:25:35,180 - INFO -   节点特征维度               11                  
2025-11-01 23:25:35,181 - INFO -   边特征维度                11                  
2025-11-01 23:25:35,181 - INFO -   目标属性变化维度             1                   
2025-11-01 23:25:35,183 - INFO - 数据集划分完成:
2025-11-01 23:25:35,184 - INFO -   - 训练集: 23973 (80.0%)
2025-11-01 23:25:35,184 - INFO -   - 验证集: 2996 (10.0%)
2025-11-01 23:25:35,184 - INFO -   - 测试集: 2998 (10.0%)
2025-11-01 23:25:35,223 - INFO - 正在创建模型...
2025-11-01 23:25:35,223 - INFO - 模型参数数量: 1063041
2025-11-01 23:25:35,223 - INFO - 使用设备: cuda
2025-11-01 23:25:35,586 - INFO - 开始训练 (200 轮)...
2025-11-01 23:26:01,528 - INFO - Epoch [10/200], Train Loss: 0.607111, Val Loss: 0.592803, R²: 0.2846, MAE: 0.5928
2025-11-01 23:26:27,409 - INFO - Epoch [20/200], Train Loss: 0.518532, Val Loss: 0.514477, R²: 0.3895, MAE: 0.5145
2025-11-01 23:26:52,798 - INFO - Epoch [30/200], Train Loss: 0.473942, Val Loss: 0.479458, R²: 0.4341, MAE: 0.4795
2025-11-01 23:27:21,264 - INFO - Epoch [40/200], Train Loss: 0.466381, Val Loss: 0.471356, R²: 0.4547, MAE: 0.4714
2025-11-01 23:27:46,851 - INFO - Epoch [50/200], Train Loss: 0.461039, Val Loss: 0.460278, R²: 0.4681, MAE: 0.4603
2025-11-01 23:28:12,456 - INFO - Epoch [60/200], Train Loss: 0.428981, Val Loss: 0.438298, R²: 0.4895, MAE: 0.4383
2025-11-01 23:28:37,356 - INFO - Epoch [70/200], Train Loss: 0.414625, Val Loss: 0.429790, R²: 0.5054, MAE: 0.4298
2025-11-01 23:29:00,002 - INFO - Epoch [80/200], Train Loss: 0.407541, Val Loss: 0.426761, R²: 0.5146, MAE: 0.4268
2025-11-01 23:29:22,649 - INFO - Epoch [90/200], Train Loss: 0.400867, Val Loss: 0.419926, R²: 0.5207, MAE: 0.4199
2025-11-01 23:29:45,235 - INFO - 已保存checkpoint: /home/data2/rhj/project/mol_editor/mol_evo/../mol_evo/output/v0/MoleculeEvolutionGCNLinearPredictor/train-20251101_232505-mu_change-30000-200/checkpoint_epoch_100.pth
2025-11-01 23:29:45,436 - INFO - Epoch [100/200], Train Loss: 0.396232, Val Loss: 0.416121, R²: 0.5272, MAE: 0.4161
2025-11-01 23:30:07,840 - INFO - Epoch [110/200], Train Loss: 0.393337, Val Loss: 0.412956, R²: 0.5304, MAE: 0.4130
2025-11-01 23:30:30,631 - INFO - Epoch [120/200], Train Loss: 0.388476, Val Loss: 0.410362, R²: 0.5362, MAE: 0.4104
2025-11-01 23:30:53,352 - INFO - Epoch [130/200], Train Loss: 0.385606, Val Loss: 0.406572, R²: 0.5419, MAE: 0.4066
2025-11-01 23:31:16,121 - INFO - Epoch [140/200], Train Loss: 0.381718, Val Loss: 0.403482, R²: 0.5454, MAE: 0.4035
2025-11-01 23:31:38,957 - INFO - Epoch [150/200], Train Loss: 0.377228, Val Loss: 0.399198, R²: 0.5508, MAE: 0.3992
2025-11-01 23:32:01,605 - INFO - Epoch [160/200], Train Loss: 0.373905, Val Loss: 0.396202, R²: 0.5546, MAE: 0.3962
2025-11-01 23:32:24,158 - INFO - Epoch [170/200], Train Loss: 0.370081, Val Loss: 0.393563, R²: 0.5578, MAE: 0.3936
2025-11-01 23:32:46,645 - INFO - Epoch [180/200], Train Loss: 0.367857, Val Loss: 0.391759, R²: 0.5587, MAE: 0.3918
2025-11-01 23:33:09,201 - INFO - Epoch [190/200], Train Loss: 0.365967, Val Loss: 0.390493, R²: 0.5611, MAE: 0.3905
2025-11-01 23:33:31,616 - INFO - 已保存checkpoint: /home/data2/rhj/project/mol_editor/mol_evo/../mol_evo/output/v0/MoleculeEvolutionGCNLinearPredictor/train-20251101_232505-mu_change-30000-200/checkpoint_epoch_200.pth
2025-11-01 23:33:31,821 - INFO - Epoch [200/200], Train Loss: 0.365921, Val Loss: 0.391691, R²: 0.5622, MAE: 0.3917
2025-11-01 23:33:31,822 - INFO - 开始训练 (200 轮)...
2025-11-01 23:33:33,187 - INFO - 模型已保存至: /home/data2/rhj/project/mol_editor/mol_evo/../mol_evo/output/v0/MoleculeEvolutionGCNLinearPredictor/train-20251101_232505-mu_change-30000-200/last.pth
2025-11-01 23:33:33,187 - INFO - 
2025-11-01 23:33:33,187 - INFO - ============================================================
2025-11-01 23:33:33,187 - INFO - 训练完成 - 最终评估结果
2025-11-01 23:33:33,187 - INFO - ============================================================
2025-11-01 23:33:33,187 - INFO - 测试集损失: 0.373769
2025-11-01 23:33:33,188 - INFO - RMSE: 0.620802
2025-11-01 23:33:33,188 - INFO - MAE: 0.373769
2025-11-01 23:33:33,188 - INFO - R²: 0.573447
2025-11-01 23:33:33,188 - INFO - PCC: 0.761448
2025-11-01 23:33:33,188 - INFO - Rank Loss: 0.535798
2025-11-01 23:33:33,188 - INFO - 
2025-11-01 23:33:33,188 - INFO - 阈值准确率:
2025-11-01 23:33:33,188 - INFO -   阈值 0.5: 76.05%
2025-11-01 23:33:33,188 - INFO -   阈值 0.4: 71.05%
2025-11-01 23:33:33,188 - INFO -   阈值 0.30000000000000004: 63.78%
2025-11-01 23:33:33,188 - INFO -   阈值 0.20000000000000004: 54.00%
2025-11-01 23:33:33,188 - INFO -   阈值 0.10000000000000003: 34.06%
2025-11-01 23:33:33,188 - INFO - 
2025-11-01 23:33:33,188 - INFO - 训练完成:
2025-11-01 23:33:33,188 - INFO -   - 最终训练损失: 0.365921
2025-11-01 23:33:33,188 - INFO -   - 最佳验证损失: 0.388406
2025-11-01 23:33:33,188 - INFO -   - 测试损失 (MSE): 0.373769
2025-11-01 23:33:33,188 - INFO -   - 测试RMSE: 0.620802
2025-11-01 23:33:33,188 - INFO -   - 测试MAE: 0.373769
2025-11-01 23:33:33,188 - INFO -   - 测试R²: 0.573447
2025-11-01 23:33:33,188 - INFO -   - 测试PCC: 0.761448
2025-11-01 23:33:33,188 - INFO -   - 测试Rank Loss: 0.535798
2025-11-01 23:33:33,188 - INFO -   - 测试阈值准确率 (0.5): 0.7605
2025-11-01 23:33:33,189 - INFO -   - 测试阈值准确率 (0.4): 0.7105
2025-11-01 23:33:33,189 - INFO -   - 测试阈值准确率 (0.30000000000000004): 0.6378
2025-11-01 23:33:33,189 - INFO -   - 测试阈值准确率 (0.20000000000000004): 0.5400
2025-11-01 23:33:33,189 - INFO -   - 测试阈值准确率 (0.10000000000000003): 0.3406
2025-11-01 23:33:33,189 - INFO -   - 模型已保存到: /home/data2/rhj/project/mol_editor/mol_evo/../mol_evo/output/v0/MoleculeEvolutionGCNLinearPredictor/train-20251101_232505-mu_change-30000-200/last.pth
2025-11-01 23:33:33,189 - INFO - 训练结果已保存到: /home/data2/rhj/project/mol_editor/mol_evo/../mol_evo/output/v0/MoleculeEvolutionGCNLinearPredictor/train-20251101_232505-mu_change-30000-200/training_results.json
2025-11-01 23:33:33,189 - INFO - 模型目录: /home/data2/rhj/project/mol_editor/mol_evo/../mol_evo/output/v0/MoleculeEvolutionGCNLinearPredictor/train-20251101_232505-mu_change-30000-200
