2025-10-08 22:57:57,112 - training - INFO - ============================================================
2025-10-08 22:57:57,112 - training - INFO - 基于NNConv的分子进化预测器模型训练开始
2025-10-08 22:57:57,112 - training - INFO - ============================================================
2025-10-08 22:57:57,112 - training - INFO - 数据文件: mol_evo/dataset/data/qm9-evo-pairs-step-1-with-properties.csv
2025-10-08 22:57:57,112 - training - INFO - 最大对数: 30000
2025-10-08 22:57:57,112 - training - INFO - 训练轮数: 500
2025-10-08 22:58:02,482 - training - INFO - 正在构建图数据: mol_evo/dataset/data/qm9-evo-pairs-step-1-with-properties.csv
2025-10-08 22:58:02,485 - training - INFO - 数据构建完成:
2025-10-08 22:58:02,485 - training - INFO -   - 节点数: 1987
2025-10-08 22:58:02,485 - training - INFO -   - 边数: 30000
2025-10-08 22:58:02,485 - training - INFO -   - 节点特征维度: 2048
2025-10-08 22:58:02,485 - training - INFO -   - 边特征维度: 11
2025-10-08 22:58:02,485 - training - INFO -   - 目标属性变化维度: 1
2025-10-08 22:58:02,487 - training - INFO - 数据集划分完成:
2025-10-08 22:58:02,488 - training - INFO -   - 训练集: 21000 (70.0%)
2025-10-08 22:58:02,488 - training - INFO -   - 验证集: 3000 (10.0%)
2025-10-08 22:58:02,488 - training - INFO -   - 测试集: 6000 (20.0%)
2025-10-08 22:58:02,696 - training - INFO - 正在创建模型...
2025-10-08 22:58:02,696 - training - INFO - 模型参数数量: 6790145
2025-10-08 22:58:02,696 - training - INFO - 开始训练 (500 轮)...
2025-10-08 22:58:06,405 - training - INFO - Epoch [10/500], Train Loss: 73173416.000000, Val Loss: 443.062897, R²: -0.5032, MAE: 10.9196
2025-10-08 22:58:09,448 - training - INFO - Epoch [20/500], Train Loss: 71829384.000000, Val Loss: 559761.687500, R²: -1898.1581, MAE: 491.4317
2025-10-08 22:58:12,517 - training - INFO - Epoch [30/500], Train Loss: 43045712.000000, Val Loss: 7841093.000000, R²: -26602.2422, MAE: 1394.9436
2025-10-08 22:58:15,597 - training - INFO - Epoch [40/500], Train Loss: 4462539.000000, Val Loss: 3704200.250000, R²: -12566.6025, MAE: 304.9628
2025-10-08 22:58:18,663 - training - INFO - Epoch [50/500], Train Loss: 2750798.250000, Val Loss: 1449321.000000, R²: -4916.2529, MAE: 77.5925
2025-10-08 22:58:21,759 - training - INFO - Epoch [60/500], Train Loss: 1273250.125000, Val Loss: 1276274.375000, R²: -4329.1406, MAE: 41.9015
2025-10-08 22:58:24,945 - training - INFO - Epoch [70/500], Train Loss: 1603889.000000, Val Loss: 289587.625000, R²: -981.5123, MAE: 23.6924
2025-10-08 22:58:28,016 - training - INFO - Epoch [80/500], Train Loss: 646706.000000, Val Loss: 387001.031250, R²: -1312.0162, MAE: 24.3923
2025-10-08 22:58:31,073 - training - INFO - Epoch [90/500], Train Loss: 1462033.000000, Val Loss: 379374.500000, R²: -1286.1410, MAE: 20.7777
2025-10-08 22:58:34,111 - training - INFO - Epoch [100/500], Train Loss: 1029576.812500, Val Loss: 5356.354492, R²: -17.1730, MAE: 10.5344
2025-10-08 22:58:37,166 - training - INFO - Epoch [110/500], Train Loss: 1098178.875000, Val Loss: 191058.234375, R²: -647.2220, MAE: 19.3838
2025-10-08 22:58:40,196 - training - INFO - Epoch [120/500], Train Loss: 1573991.625000, Val Loss: 130096.992188, R²: -440.3928, MAE: 16.2366
2025-10-08 22:58:43,390 - training - INFO - Epoch [130/500], Train Loss: 3240525.500000, Val Loss: 343541.843750, R²: -1164.5680, MAE: 21.1401
2025-10-08 22:58:46,476 - training - INFO - Epoch [140/500], Train Loss: 231010.015625, Val Loss: 37467.953125, R²: -126.1212, MAE: 12.3049
2025-10-08 22:58:49,529 - training - INFO - Epoch [150/500], Train Loss: 382411.562500, Val Loss: 300120.218750, R²: -1017.2473, MAE: 20.6288
2025-10-08 22:58:52,596 - training - INFO - Epoch [160/500], Train Loss: 91935.148438, Val Loss: 32130.396484, R²: -108.0119, MAE: 11.6499
2025-10-08 22:58:55,674 - training - INFO - Epoch [170/500], Train Loss: 2395180.250000, Val Loss: 94409.382812, R²: -319.3120, MAE: 12.6155
2025-10-08 22:58:58,748 - training - INFO - Epoch [180/500], Train Loss: 544121.312500, Val Loss: 36643.582031, R²: -123.3243, MAE: 9.5793
2025-10-08 22:59:01,787 - training - INFO - Epoch [190/500], Train Loss: 875519.875000, Val Loss: 209296.296875, R²: -709.1000, MAE: 23.1379
2025-10-08 22:59:04,953 - training - INFO - Epoch [200/500], Train Loss: 341954.906250, Val Loss: 14583.445312, R²: -48.4787, MAE: 14.1807
2025-10-08 22:59:08,111 - training - INFO - Epoch [210/500], Train Loss: 419752.906250, Val Loss: 130451.703125, R²: -441.5963, MAE: 15.3145
2025-10-08 22:59:11,172 - training - INFO - Epoch [220/500], Train Loss: 849525.625000, Val Loss: 54337.230469, R²: -183.3552, MAE: 17.9769
2025-10-08 22:59:14,232 - training - INFO - Epoch [230/500], Train Loss: 314925.906250, Val Loss: 108468.265625, R²: -367.0109, MAE: 30.7076
2025-10-08 22:59:17,339 - training - INFO - Epoch [240/500], Train Loss: 1514943.125000, Val Loss: 172817.328125, R²: -585.3343, MAE: 21.3669
2025-10-08 22:59:19,865 - training - INFO - Epoch [250/500], Train Loss: 1635517.625000, Val Loss: 47844.992188, R²: -161.3284, MAE: 15.0830
2025-10-08 22:59:23,404 - training - INFO - Epoch [260/500], Train Loss: 2622223.000000, Val Loss: 219414.359375, R²: -743.4285, MAE: 13.8615
2025-10-08 22:59:26,922 - training - INFO - Epoch [270/500], Train Loss: 1002588.812500, Val Loss: 1244.676270, R²: -3.2229, MAE: 5.2646
2025-10-08 22:59:30,469 - training - INFO - Epoch [280/500], Train Loss: 793711.437500, Val Loss: 129355.789062, R²: -437.8780, MAE: 24.5078
2025-10-08 22:59:33,153 - training - INFO - Epoch [290/500], Train Loss: 1020091.437500, Val Loss: 107581.195312, R²: -364.0013, MAE: 21.8398
2025-10-08 22:59:34,503 - training - INFO - Epoch [300/500], Train Loss: 1091173.375000, Val Loss: 2588.855225, R²: -7.7835, MAE: 27.8495
2025-10-08 22:59:35,846 - training - INFO - Epoch [310/500], Train Loss: 748677.562500, Val Loss: 66802.835938, R²: -225.6485, MAE: 15.5766
2025-10-08 22:59:37,183 - training - INFO - Epoch [320/500], Train Loss: 667186.500000, Val Loss: 133974.796875, R²: -453.5494, MAE: 16.6528
2025-10-08 22:59:38,519 - training - INFO - Epoch [330/500], Train Loss: 1497026.750000, Val Loss: 63140.527344, R²: -213.2230, MAE: 9.4208
2025-10-08 22:59:39,857 - training - INFO - Epoch [340/500], Train Loss: 540901.000000, Val Loss: 85803.601562, R²: -290.1143, MAE: 10.4102
2025-10-08 22:59:41,194 - training - INFO - Epoch [350/500], Train Loss: 517378.468750, Val Loss: 64966.605469, R²: -219.4186, MAE: 9.0270
2025-10-08 22:59:42,531 - training - INFO - Epoch [360/500], Train Loss: 303433.406250, Val Loss: 125660.710938, R²: -425.3414, MAE: 14.2679
2025-10-08 22:59:43,869 - training - INFO - Epoch [370/500], Train Loss: 280308.906250, Val Loss: 46585.859375, R²: -157.0564, MAE: 25.5866
2025-10-08 22:59:45,208 - training - INFO - Epoch [380/500], Train Loss: 786487.937500, Val Loss: 114072.625000, R²: -386.0254, MAE: 14.4284
2025-10-08 22:59:46,547 - training - INFO - Epoch [390/500], Train Loss: 558849.625000, Val Loss: 170537.890625, R²: -577.6006, MAE: 49.2856
2025-10-08 22:59:47,886 - training - INFO - Epoch [400/500], Train Loss: 586516.125000, Val Loss: 127247.335938, R²: -430.7245, MAE: 19.1892
2025-10-08 22:59:49,227 - training - INFO - Epoch [410/500], Train Loss: 346238.937500, Val Loss: 83424.375000, R²: -282.0420, MAE: 18.6684
2025-10-08 22:59:50,567 - training - INFO - Epoch [420/500], Train Loss: 447659.000000, Val Loss: 49546.152344, R²: -167.1001, MAE: 8.6637
2025-10-08 22:59:51,907 - training - INFO - Epoch [430/500], Train Loss: 1235990.750000, Val Loss: 21022.320312, R²: -70.3245, MAE: 7.3732
2025-10-08 22:59:53,247 - training - INFO - Epoch [440/500], Train Loss: 280749.500000, Val Loss: 227422.546875, R²: -770.5987, MAE: 13.9974
2025-10-08 22:59:54,589 - training - INFO - Epoch [450/500], Train Loss: 2065176.500000, Val Loss: 14745.592773, R²: -49.0288, MAE: 7.2236
2025-10-08 22:59:55,931 - training - INFO - Epoch [460/500], Train Loss: 372318.000000, Val Loss: 206869.312500, R²: -700.8657, MAE: 14.0662
2025-10-08 22:59:57,271 - training - INFO - Epoch [470/500], Train Loss: 290187.468750, Val Loss: 116612.726562, R²: -394.6434, MAE: 13.9159
2025-10-08 22:59:58,613 - training - INFO - Epoch [480/500], Train Loss: 240783.984375, Val Loss: 117387.125000, R²: -397.2708, MAE: 15.7543
2025-10-08 22:59:59,955 - training - INFO - Epoch [490/500], Train Loss: 506542.625000, Val Loss: 236791.015625, R²: -802.3840, MAE: 15.0392
2025-10-08 23:00:01,296 - training - INFO - Epoch [500/500], Train Loss: 127490.726562, Val Loss: 229034.640625, R²: -776.0682, MAE: 69.3779
2025-10-08 23:00:01,336 - training - INFO - 各维度阈值准确率:
2025-10-08 23:00:01,336 - training - INFO - Threshold   A        
2025-10-08 23:00:01,336 - training - INFO - ---------------------
2025-10-08 23:00:01,336 - training - INFO - @0.400      0.0000   
2025-10-08 23:00:01,336 - training - INFO - @0.300      0.0000   
2025-10-08 23:00:01,336 - training - INFO - @0.200      0.0000   
2025-10-08 23:00:01,336 - training - INFO - @0.100      0.0000   
2025-10-08 23:00:01,336 - training - INFO - @0.050      0.0000   
2025-10-08 23:00:02,242 - training - INFO - 训练完成:
2025-10-08 23:00:02,242 - training - INFO -   - 最终训练损失: 127490.726562
2025-10-08 23:00:02,242 - training - INFO -   - 最佳验证损失: 292.779297
2025-10-08 23:00:02,242 - training - INFO -   - 测试损失 (MSE): 83070.773438
2025-10-08 23:00:02,242 - training - INFO -   - 测试RMSE: 288.220001
2025-10-08 23:00:02,242 - training - INFO -   - 测试MAE: 66.815804
2025-10-08 23:00:02,242 - training - INFO -   - 测试R²: -575.955811
2025-10-08 23:00:02,242 - training - INFO -   - 测试阈值准确率 (0.4, 所有维度): 0.0000
2025-10-08 23:00:02,242 - training - INFO -   - 测试阈值准确率 (0.4, 平均): 0.0000
2025-10-08 23:00:02,242 - training - INFO -   - 测试阈值准确率 (0.3, 所有维度): 0.0000
2025-10-08 23:00:02,242 - training - INFO -   - 测试阈值准确率 (0.3, 平均): 0.0000
2025-10-08 23:00:02,242 - training - INFO -   - 测试阈值准确率 (0.2, 所有维度): 0.0000
2025-10-08 23:00:02,243 - training - INFO -   - 测试阈值准确率 (0.2, 平均): 0.0000
2025-10-08 23:00:02,243 - training - INFO -   - 测试阈值准确率 (0.1, 所有维度): 0.0000
2025-10-08 23:00:02,243 - training - INFO -   - 测试阈值准确率 (0.1, 平均): 0.0000
2025-10-08 23:00:02,243 - training - INFO -   - 测试阈值准确率 (0.05, 所有维度): 0.0000
2025-10-08 23:00:02,243 - training - INFO -   - 测试阈值准确率 (0.05, 平均): 0.0000
2025-10-08 23:00:02,243 - training - INFO -   - 原始尺度MSE: 83070.773438
2025-10-08 23:00:02,243 - training - INFO -   - 原始尺度RMSE: 288.220001
2025-10-08 23:00:02,243 - training - INFO -   - 原始尺度MAE: 66.815804
2025-10-08 23:00:02,243 - training - INFO -   - 模型已保存到: /home/data2/rhj/project/mol_editor/mol_evo/../mol_evo/model-data/nnconv/training_20251008_225757/molecule_evolution_nnconv_predictor.pth
