2025-10-13 05:08:14,797 - INFO - training_file - 开始对测试集进行预测: /home/data2/rhj/project/mol_editor/mol_evo/dataset/data/qm9-evo-pairs-step-1-with-properties-pct.csv
2025-10-13 05:08:14,797 - INFO - training_console - 开始对测试集进行预测: /home/data2/rhj/project/mol_editor/mol_evo/dataset/data/qm9-evo-pairs-step-1-with-properties-pct.csv
2025-10-13 05:08:14,797 - INFO - training_file - 使用模型: /home/data2/rhj/project/mol_editor/mol_evo/output/v0/gcn/train-20251012_230612-mu_change-30000-500/molecule_evolution_gcn_v0_mu_predictor.pth
2025-10-13 05:08:14,797 - INFO - training_console - 使用模型: /home/data2/rhj/project/mol_editor/mol_evo/output/v0/gcn/train-20251012_230612-mu_change-30000-500/molecule_evolution_gcn_v0_mu_predictor.pth
2025-10-13 05:08:14,797 - INFO - training_file - 随机种子: 42
2025-10-13 05:08:14,797 - INFO - training_console - 随机种子: 42
2025-10-13 05:08:14,798 - INFO - training_file - 从训练数据中加载模型参数和属性统计信息
2025-10-13 05:08:14,798 - INFO - training_console - 从训练数据中加载模型参数和属性统计信息
2025-10-13 05:08:14,798 - INFO - training_file - 正在构建图数据: /home/data2/rhj/project/mol_editor/mol_evo/dataset/data/qm9-evo-pairs-step-1-with-properties-pct.csv
2025-10-13 05:08:14,798 - INFO - training_console - 正在构建图数据: /home/data2/rhj/project/mol_editor/mol_evo/dataset/data/qm9-evo-pairs-step-1-with-properties-pct.csv
2025-10-13 05:08:15,455 - INFO - training_file - 加载缓存文件: /home/data2/rhj/project/mol_editor/mol_evo/core/utils/../../.cache/molecule_graphs/csv_qm9-evo-pairs-step-1-with-properties-pct_3cbb45cc1ac9202d.pt，包含 1994 个分子
2025-10-13 05:08:15,455 - INFO - training_console - 加载缓存文件: /home/data2/rhj/project/mol_editor/mol_evo/core/utils/../../.cache/molecule_graphs/csv_qm9-evo-pairs-step-1-with-properties-pct_3cbb45cc1ac9202d.pt，包含 1994 个分子
2025-10-13 05:08:15,475 - INFO - training_file - 分子处理统计: 总数=400, 命中=400, 未命中=0, 命中率=100.00%
2025-10-13 05:08:15,475 - INFO - training_console - 分子处理统计: 总数=400, 命中=400, 未命中=0, 命中率=100.00%
2025-10-13 05:08:15,482 - INFO - training_file - 数据集划分完成 - 训练集: 160, 验证集: 20, 测试集: 20
2025-10-13 05:08:15,482 - INFO - training_console - 数据集划分完成 - 训练集: 160, 验证集: 20, 测试集: 20
2025-10-13 05:08:15,537 - INFO - training_file - 模型加载成功
2025-10-13 05:08:15,537 - INFO - training_console - 模型加载成功
2025-10-13 05:08:15,818 - INFO - training_file - 使用设备: cuda
2025-10-13 05:08:15,823 - INFO - training_console - 使用设备: cuda
2025-10-13 05:08:15,823 - INFO - training_file - 开始在测试集上进行预测和评估
2025-10-13 05:08:15,823 - INFO - training_console - 开始在测试集上进行预测和评估
2025-10-13 05:08:16,040 - ERROR - training_file - 预测过程中发生错误: can't convert cuda:0 device type tensor to numpy. Use Tensor.cpu() to copy the tensor to host memory first.
2025-10-13 05:08:16,040 - ERROR - training_console - 预测过程中发生错误: can't convert cuda:0 device type tensor to numpy. Use Tensor.cpu() to copy the tensor to host memory first.
