2025-10-10 12:06:42,776 - training - INFO - ============================================================
2025-10-10 12:06:42,776 - training - INFO - 基于NNConv的分子进化预测器模型训练开始
2025-10-10 12:06:42,776 - training - INFO - ============================================================
2025-10-10 12:06:42,777 - training - INFO - 数据文件: mol_evo/dataset/data/qm9-evo-pairs-step-1-with-properties.csv
2025-10-10 12:06:42,777 - training - INFO - 最大对数: 20000
2025-10-10 12:06:42,777 - training - INFO - 训练轮数: 500
2025-10-10 12:06:42,777 - training - INFO - 正在构建图数据: mol_evo/dataset/data/qm9-evo-pairs-step-1-with-properties.csv
2025-10-10 12:06:44,233 - training - INFO - 加载缓存文件: /home/data2/rhj/project/mol_editor/mol_evo/core/utils/../../.cache/molecule_graphs/training_dataset.pt，包含 1377 个分子
2025-10-10 12:06:46,325 - training - INFO - 分子处理统计: 总数=40000, 命中=40000, 未命中=0, 命中率=100.00%
2025-10-10 12:06:46,338 - training - INFO - 数据构建完成:
2025-10-10 12:06:46,339 - training - INFO -   - 样本数: 20000
2025-10-10 12:06:46,339 - training - INFO -   - 节点特征维度: 11
2025-10-10 12:06:46,339 - training - INFO -   - 边特征维度: 11
2025-10-10 12:06:46,339 - training - INFO -   - 目标属性变化维度: 1
2025-10-10 12:06:46,341 - training - INFO - 数据集划分完成:
2025-10-10 12:06:46,341 - training - INFO -   - 训练集: 16000 (80.0%)
2025-10-10 12:06:46,341 - training - INFO -   - 验证集: 2000 (10.0%)
2025-10-10 12:06:46,341 - training - INFO -   - 测试集: 2000 (10.0%)
2025-10-10 12:06:46,378 - training - INFO - 正在创建模型...
2025-10-10 12:06:46,378 - training - INFO - 模型参数数量: 103553
2025-10-10 12:06:46,378 - training - INFO - 使用设备: cuda
