2025-11-02 10:38:36,230 - INFO - ============================================================
2025-11-02 10:38:36,231 - INFO - 数据文件: mol_evo/dataset/data/qm9-evo-pairs-step-1-with-properties-pct.csv
2025-11-02 10:38:36,231 - INFO - 最大对数: 30000
2025-11-02 10:38:36,231 - INFO - 训练轮数: 300
2025-11-02 10:38:36,231 - INFO - ============================================================
2025-11-02 10:38:36,231 - INFO - 正在构建图数据: mol_evo/dataset/data/qm9-evo-pairs-step-1-with-properties-pct.csv
2025-11-02 10:38:36,803 - INFO - 加载缓存文件: /home/data2/rhj/project/mol_editor/mol_evo/core/utils/../../.cache/molecule_graphs/csv_qm9-evo-pairs-step-1-with-properties-pct_3cbb45cc1ac9202d.pt，包含 1994 个分子
2025-11-02 10:38:40,937 - WARNING - 跳过第25871行分子对: [H]O/N=C(\C([H])([H])[H])C([H])([H])C(C([H])([H])[H])(C([H])([H])[H])C([H])([H])[H] -> [H]ONC1C([H])([H])[C@]23C([H])([H])[C@]([H])(C2([H])[H])[C@@]13[H] (数据为None)
2025-11-02 10:38:41,725 - WARNING - 跳过第25984行分子对: [H]O/N=C(/C([H])([H])C([H])([H])[H])C(C([H])([H])[H])(C([H])([H])[H])C([H])([H])[H] -> [H]ONC1C([H])([H])[C@]23C([H])([H])[C@]([H])(C2([H])[H])[C@@]13[H] (数据为None)
2025-11-02 10:38:42,675 - WARNING - 跳过第26175行分子对: [H]O/N=C(\C([H])([H])[H])C(C([H])([H])[H])(C([H])([H])[H])C([H])([H])C([H])([H])[H] -> [H]ONC1C([H])([H])[C@]23C([H])([H])[C@]([H])(C2([H])[H])[C@@]13[H] (数据为None)
2025-11-02 10:38:43,526 - WARNING - 跳过第26431行分子对: [H]O/N=C(\C([H])([H])[H])C([H])([H])C([H])([H])C([H])(C([H])([H])[H])C([H])([H])[H] -> [H]ONC1C([H])([H])[C@]23C([H])([H])[C@]([H])(C2([H])[H])[C@@]13[H] (数据为None)
2025-11-02 10:38:44,306 - WARNING - 跳过第26530行分子对: [H]ONC1C(C([H])([H])[H])(C([H])([H])[H])C([H])([H])[C@]1([H])C([H])([H])[H] -> [H]ONC1C([H])([H])[C@]23C([H])([H])[C@]([H])(C2([H])[H])[C@@]13[H] (数据为None)
2025-11-02 10:38:45,099 - WARNING - 跳过第26630行分子对: [H]ONC1C([H])=C([H])C(C([H])([H])[H])(C([H])([H])[H])C1([H])[H] -> [H]ONC1C([H])([H])[C@]23C([H])([H])[C@]([H])(C2([H])[H])[C@@]13[H] (数据为None)
2025-11-02 10:38:45,892 - WARNING - 跳过第26691行分子对: [H]ONC1C([H])([H])C([H])([H])C(C([H])([H])[H])(C([H])([H])[H])C1([H])[H] -> [H]ONC1C([H])([H])[C@]23C([H])([H])[C@]([H])(C2([H])[H])[C@@]13[H] (数据为None)
2025-11-02 10:38:46,696 - WARNING - 跳过第26895行分子对: [H]O/N=C(\C([H])([H])C([H])([H])[H])C([H])([H])C([H])(C([H])([H])[H])C([H])([H])[H] -> [H]ONC1C([H])([H])[C@]23C([H])([H])[C@]([H])(C2([H])[H])[C@@]13[H] (数据为None)
2025-11-02 10:38:47,500 - WARNING - 跳过第27044行分子对: [H]C#C[C@]1(C([H])([H])[H])C([H])([H])[C@@H](NO[H])C1([H])[H] -> [H]ONC1C([H])([H])[C@]23C([H])([H])[C@]([H])(C2([H])[H])[C@@]13[H] (数据为None)
2025-11-02 10:38:48,306 - WARNING - 跳过第27152行分子对: [H]ON[C@H]1C([H])([H])[C@](C([H])([H])[H])(C([H])([H])C([H])([H])[H])C1([H])[H] -> [H]ONC1C([H])([H])[C@]23C([H])([H])[C@]([H])(C2([H])[H])[C@@]13[H] (数据为None)
2025-11-02 10:38:49,094 - WARNING - 跳过第27266行分子对: [H]O/N=C(\C([H])([H])[H])C([H])([H])C1(C([H])([H])[H])C([H])([H])C1([H])[H] -> [H]ONC1C([H])([H])[C@]23C([H])([H])[C@]([H])(C2([H])[H])[C@@]13[H] (数据为None)
2025-11-02 10:38:49,927 - WARNING - 跳过第27714行分子对: [H]O/N=C(\C([H])([H])[H])C([H])([H])C([H])([H])C([H])([H])C([H])([H])C([H])([H])[H] -> [H]ONC1C([H])([H])[C@]23C([H])([H])[C@]([H])(C2([H])[H])[C@@]13[H] (数据为None)
2025-11-02 10:38:50,694 - WARNING - 跳过第27835行分子对: [H]ONC1C([H])([H])C([H])=C([H])C1(C([H])([H])[H])C([H])([H])[H] -> [H]ONC1C([H])([H])[C@]23C([H])([H])[C@]([H])(C2([H])[H])[C@@]13[H] (数据为None)
2025-11-02 10:38:51,474 - WARNING - 跳过第27878行分子对: [H]ONC1=C([H])[C-]([H])C([H])([H])C1(C([H])([H])[H])C([H])([H])[H] -> [H]ONC1C([H])([H])[C@]23C([H])([H])[C@]([H])(C2([H])[H])[C@@]13[H] (数据为None)
2025-11-02 10:38:52,226 - WARNING - 跳过第27924行分子对: [H]ONC1C([H])([H])C([H])([H])C([H])([H])C1(C([H])([H])[H])C([H])([H])[H] -> [H]ONC1C([H])([H])[C@]23C([H])([H])[C@]([H])(C2([H])[H])[C@@]13[H] (数据为None)
2025-11-02 10:38:53,031 - WARNING - 跳过第28107行分子对: [H]ON=C(C([H])([H])C([H])([H])C([H])([H])[H])C([H])([H])C([H])([H])C([H])([H])[H] -> [H]ONC1C([H])([H])[C@]23C([H])([H])[C@]([H])(C2([H])[H])[C@@]13[H] (数据为None)
2025-11-02 10:38:53,847 - WARNING - 跳过第28312行分子对: [H]O/N=C(/C([H])([H])C([H])([H])C([H])([H])[H])C([H])(C([H])([H])[H])C([H])([H])[H] -> [H]ONC1C([H])([H])[C@]23C([H])([H])[C@]([H])(C2([H])[H])[C@@]13[H] (数据为None)
2025-11-02 10:38:54,666 - WARNING - 跳过第28519行分子对: [H]ON=C(C([H])(C([H])([H])[H])C([H])([H])[H])C([H])(C([H])([H])[H])C([H])([H])[H] -> [H]ONC1C([H])([H])[C@]23C([H])([H])[C@]([H])(C2([H])[H])[C@@]13[H] (数据为None)
2025-11-02 10:38:55,468 - WARNING - 跳过第28649行分子对: [H]O/N=C(\C([H])([H])[H])C1(C([H])([H])[H])C([H])([H])C([H])([H])C1([H])[H] -> [H]ONC1C([H])([H])[C@]23C([H])([H])[C@]([H])(C2([H])[H])[C@@]13[H] (数据为None)
2025-11-02 10:38:56,266 - WARNING - 跳过第28853行分子对: [H]ON[C@H]1C([H])([H])[C@]([H])(C([H])(C([H])([H])[H])C([H])([H])[H])C1([H])[H] -> [H]ONC1C([H])([H])[C@]23C([H])([H])[C@]([H])(C2([H])[H])[C@@]13[H] (数据为None)
2025-11-02 10:38:57,023 - WARNING - 跳过第28960行分子对: [H]O/N=C(\C([H])([H])[H])[C@]1([H])C([H])([H])[C@@]([H])(C([H])([H])[H])C1([H])[H] -> [H]ONC1C([H])([H])[C@]23C([H])([H])[C@]([H])(C2([H])[H])[C@@]13[H] (数据为None)
2025-11-02 10:38:57,806 - WARNING - 跳过第29052行分子对: [H]ONC1C([H])=C(C([H])([H])[H])C([H])([H])C([H])([H])C1([H])[H] -> [H]ONC1C([H])([H])[C@]23C([H])([H])[C@]([H])(C2([H])[H])[C@@]13[H] (数据为None)
2025-11-02 10:38:58,568 - WARNING - 跳过第29115行分子对: [H]ONC1C([H])([H])C(C([H])([H])[H])=C([H])C([H])([H])C1([H])[H] -> [H]ONC1C([H])([H])[C@]23C([H])([H])[C@]([H])(C2([H])[H])[C@@]13[H] (数据为None)
2025-11-02 10:38:59,370 - WARNING - 跳过第29191行分子对: [H]ONC1C([H])([H])C([H])([H])C([H])([H])[C@]([H])(C([H])([H])[H])C1([H])[H] -> [H]ONC1C([H])([H])[C@]23C([H])([H])[C@]([H])(C2([H])[H])[C@@]13[H] (数据为None)
2025-11-02 10:39:00,151 - WARNING - 跳过第29259行分子对: [H]ONC1C([H])([H])C(C([H])([H])[H])=C(C([H])([H])[H])C1([H])[H] -> [H]ONC1C([H])([H])[C@]23C([H])([H])[C@]([H])(C2([H])[H])[C@@]13[H] (数据为None)
2025-11-02 10:39:00,936 - WARNING - 跳过第29362行分子对: [H]ONC1C([H])([H])C(C([H])([H])[H])=C([H])[C@]1([H])C([H])([H])[H] -> [H]ONC1C([H])([H])[C@]23C([H])([H])[C@]([H])(C2([H])[H])[C@@]13[H] (数据为None)
2025-11-02 10:39:01,453 - WARNING - 跳过第29437行分子对: [H][N-]C1O[C@]([H])(C([H])([H])[H])C(NO[H])C1([H])[H] -> [H]ONC1C([H])([H])[C@]23C([H])([H])[N@@H+](C2([H])[H])[C@@]13[H] (数据为None)
2025-11-02 10:39:02,248 - WARNING - 跳过第29554行分子对: [H]ONC1C([H])([H])[C@]2([H])C([H])([H])[C@@]1(C([H])([H])[H])C2([H])[H] -> [H]ONC1C([H])([H])[C@]23C([H])([H])[C@]([H])(C2([H])[H])[C@@]13[H] (数据为None)
2025-11-02 10:39:03,037 - WARNING - 跳过第29644行分子对: [H]O/N=C(\C([H])([H])[H])C([H])([H])C1([H])C([H])([H])C([H])([H])C1([H])[H] -> [H]ONC1C([H])([H])[C@]23C([H])([H])[C@]([H])(C2([H])[H])[C@@]13[H] (数据为None)
2025-11-02 10:39:03,801 - WARNING - 跳过第29737行分子对: [H]C#CC([H])([H])[C@]1([H])C([H])([H])[C@@H](NO[H])C1([H])[H] -> [H]ONC1C([H])([H])[C@]23C([H])([H])[C@]([H])(C2([H])[H])[C@@]13[H] (数据为None)
2025-11-02 10:39:04,588 - WARNING - 跳过第29820行分子对: [H]ON[C@H]1C([H])([H])[C@]([H])(C#CC([H])([H])[H])C1([H])[H] -> [H]ONC1C([H])([H])[C@]23C([H])([H])[C@]([H])(C2([H])[H])[C@@]13[H] (数据为None)
2025-11-02 10:39:05,368 - WARNING - 跳过第29860行分子对: [H]ON[C@H]1C([H])([H])[C@]([H])(C([H])([H])C([H])([H])C([H])([H])[H])C1([H])[H] -> [H]ONC1C([H])([H])[C@]23C([H])([H])[C@]([H])(C2([H])[H])[C@@]13[H] (数据为None)
2025-11-02 10:39:06,151 - WARNING - 跳过第29968行分子对: [H]ONC1C([H])([H])C2(C1([H])[H])C([H])([H])C([H])([H])C2([H])[H] -> [H]ONC1C([H])([H])[C@]23C([H])([H])[C@]([H])(C2([H])[H])[C@@]13[H] (数据为None)
2025-11-02 10:39:06,236 - INFO - 分子处理统计: 总数=60000, 命中=59967, 未命中=33, 命中率=99.94%
2025-11-02 10:39:06,285 - INFO - --- 训练集样本示例 (头部数据) ---
2025-11-02 10:39:06,285 - INFO -   样本       起始节点数        起始边数         目标节点数        目标边数         边特征             目标属性值          
2025-11-02 10:39:06,285 - INFO -   --------------------------------------------------------------------------------
2025-11-02 10:39:06,286 - INFO -   1        5            8            8            14           [1.0, 0.0, 0.   0.023518       
2025-11-02 10:39:06,286 - INFO -   2        3            4            6            10           [1.0, 0.0, 0.   -0.273184      
2025-11-02 10:39:06,286 - INFO -   3        4            6            11           20           [1.0, 0.0, 0.   0.077970       
2025-11-02 10:39:06,286 - INFO -   --------------------------------------------------------------------------------
2025-11-02 10:39:06,286 - INFO - 
数据构建完成:
2025-11-02 10:39:06,286 - INFO -   项目                   值                   
2025-11-02 10:39:06,286 - INFO -   ---------------------------------------- --------------------
2025-11-02 10:39:06,286 - INFO -   样本数                  29967               
2025-11-02 10:39:06,286 - INFO -   节点特征维度               11                  
2025-11-02 10:39:06,286 - INFO -   边特征维度                11                  
2025-11-02 10:39:06,286 - INFO -   目标属性变化维度             1                   
2025-11-02 10:39:06,289 - INFO - 数据集划分完成:
2025-11-02 10:39:06,289 - INFO -   - 训练集: 23973 (80.0%)
2025-11-02 10:39:06,289 - INFO -   - 验证集: 2996 (10.0%)
2025-11-02 10:39:06,289 - INFO -   - 测试集: 2998 (10.0%)
2025-11-02 10:39:06,430 - INFO - 正在创建模型...
2025-11-02 10:39:06,431 - INFO - 模型参数数量: 4451405
2025-11-02 10:39:06,431 - INFO - 使用设备: cuda
2025-11-02 10:39:06,762 - INFO - 开始训练 (300 轮)...
2025-11-02 10:44:16,588 - INFO - Epoch [10/300], Train Loss: 0.279989, Val Loss: 0.273782, R²: 0.7372, MAE: 0.2738
2025-11-02 10:49:07,729 - INFO - Epoch [20/300], Train Loss: 0.140581, Val Loss: 0.149178, R²: 0.8829, MAE: 0.1492
2025-11-02 10:55:38,552 - INFO - Epoch [30/300], Train Loss: 0.106964, Val Loss: 0.114090, R²: 0.9353, MAE: 0.1141
2025-11-02 11:07:14,935 - INFO - Epoch [40/300], Train Loss: 0.082123, Val Loss: 0.103014, R²: 0.9398, MAE: 0.1030
2025-11-02 11:23:09,207 - INFO - Epoch [50/300], Train Loss: 0.046034, Val Loss: 0.055130, R²: 0.9626, MAE: 0.0551
2025-11-02 11:40:42,588 - INFO - Epoch [60/300], Train Loss: 0.026375, Val Loss: 0.046226, R²: 0.9672, MAE: 0.0462
2025-11-02 11:56:40,609 - INFO - Epoch [70/300], Train Loss: 0.017166, Val Loss: 0.034075, R²: 0.9700, MAE: 0.0341
2025-11-02 12:08:32,585 - INFO - Epoch [80/300], Train Loss: 0.011910, Val Loss: 0.030326, R²: 0.9712, MAE: 0.0303
2025-11-02 12:13:23,522 - INFO - Epoch [90/300], Train Loss: 0.009584, Val Loss: 0.028669, R²: 0.9715, MAE: 0.0287
2025-11-02 12:18:17,645 - INFO - 已保存checkpoint: /home/data2/rhj/project/mol_editor/mol_evo/../mol_evo/output/v0/MoleculeEvolutionVisnetLinearPredictor/train-20251102_103836-mu_change-30000-300/checkpoint_epoch_100.pth
2025-11-02 12:18:19,184 - INFO - Epoch [100/300], Train Loss: 0.008921, Val Loss: 0.027671, R²: 0.9719, MAE: 0.0277
2025-11-02 12:23:17,905 - INFO - Epoch [110/300], Train Loss: 0.007910, Val Loss: 0.026728, R²: 0.9720, MAE: 0.0267
2025-11-02 12:29:06,958 - INFO - Epoch [120/300], Train Loss: 0.007636, Val Loss: 0.026316, R²: 0.9722, MAE: 0.0263
2025-11-02 12:35:33,975 - INFO - Epoch [130/300], Train Loss: 0.007209, Val Loss: 0.026167, R²: 0.9722, MAE: 0.0262
2025-11-02 12:40:55,474 - INFO - Epoch [140/300], Train Loss: 0.007073, Val Loss: 0.025891, R²: 0.9723, MAE: 0.0259
2025-11-02 12:45:50,108 - INFO - Epoch [150/300], Train Loss: 0.006949, Val Loss: 0.025720, R²: 0.9724, MAE: 0.0257
2025-11-02 12:50:45,293 - INFO - Epoch [160/300], Train Loss: 0.006831, Val Loss: 0.025753, R²: 0.9724, MAE: 0.0258
2025-11-02 12:56:45,403 - INFO - Epoch [170/300], Train Loss: 0.006767, Val Loss: 0.025499, R²: 0.9725, MAE: 0.0255
2025-11-02 13:09:45,540 - INFO - Epoch [180/300], Train Loss: 0.006628, Val Loss: 0.025364, R²: 0.9725, MAE: 0.0254
2025-11-02 13:22:46,145 - INFO - Epoch [190/300], Train Loss: 0.006534, Val Loss: 0.025297, R²: 0.9726, MAE: 0.0253
2025-11-02 13:35:42,776 - INFO - 已保存checkpoint: /home/data2/rhj/project/mol_editor/mol_evo/../mol_evo/output/v0/MoleculeEvolutionVisnetLinearPredictor/train-20251102_103836-mu_change-30000-300/checkpoint_epoch_200.pth
2025-11-02 13:35:47,309 - INFO - Epoch [200/300], Train Loss: 0.006399, Val Loss: 0.025005, R²: 0.9727, MAE: 0.0250
2025-11-02 13:48:48,101 - INFO - Epoch [210/300], Train Loss: 0.006424, Val Loss: 0.024878, R²: 0.9727, MAE: 0.0249
2025-11-02 14:02:24,693 - INFO - Epoch [220/300], Train Loss: 0.006328, Val Loss: 0.024875, R²: 0.9728, MAE: 0.0249
2025-11-02 14:15:59,662 - INFO - Epoch [230/300], Train Loss: 0.006193, Val Loss: 0.024645, R²: 0.9729, MAE: 0.0246
2025-11-02 14:29:30,170 - INFO - Epoch [240/300], Train Loss: 0.006127, Val Loss: 0.024588, R²: 0.9729, MAE: 0.0246
2025-11-02 14:39:52,358 - INFO - Epoch [250/300], Train Loss: 0.006078, Val Loss: 0.024478, R²: 0.9729, MAE: 0.0245
2025-11-02 14:44:51,222 - INFO - Epoch [260/300], Train Loss: 0.005960, Val Loss: 0.024311, R²: 0.9730, MAE: 0.0243
2025-11-02 14:49:45,935 - INFO - Epoch [270/300], Train Loss: 0.005933, Val Loss: 0.024211, R²: 0.9730, MAE: 0.0242
2025-11-02 14:54:37,483 - INFO - Epoch [280/300], Train Loss: 0.005836, Val Loss: 0.024174, R²: 0.9731, MAE: 0.0242
2025-11-02 14:59:26,784 - INFO - Epoch [290/300], Train Loss: 0.005776, Val Loss: 0.024122, R²: 0.9732, MAE: 0.0241
2025-11-02 15:04:10,236 - INFO - 已保存checkpoint: /home/data2/rhj/project/mol_editor/mol_evo/../mol_evo/output/v0/MoleculeEvolutionVisnetLinearPredictor/train-20251102_103836-mu_change-30000-300/checkpoint_epoch_300.pth
2025-11-02 15:04:11,715 - INFO - Epoch [300/300], Train Loss: 0.005719, Val Loss: 0.023942, R²: 0.9732, MAE: 0.0239
2025-11-02 15:04:11,716 - INFO - 开始训练 (300 轮)...
2025-11-02 15:04:14,247 - INFO - 模型已保存至: /home/data2/rhj/project/mol_editor/mol_evo/../mol_evo/output/v0/MoleculeEvolutionVisnetLinearPredictor/train-20251102_103836-mu_change-30000-300/last.pth
2025-11-02 15:04:14,248 - INFO - 
2025-11-02 15:04:14,248 - INFO - ============================================================
2025-11-02 15:04:14,248 - INFO - 训练完成 - 最终评估结果
2025-11-02 15:04:14,248 - INFO - ============================================================
2025-11-02 15:04:14,248 - INFO - 测试集损失: 0.018763
2025-11-02 15:04:14,248 - INFO - RMSE: 0.133265
2025-11-02 15:04:14,248 - INFO - MAE: 0.018763
2025-11-02 15:04:14,248 - INFO - R²: 0.980344
2025-11-02 15:04:14,248 - INFO - PCC: 0.990203
2025-11-02 15:04:14,248 - INFO - Rank Loss: 0.316037
2025-11-02 15:04:14,248 - INFO - 
2025-11-02 15:04:14,248 - INFO - 阈值准确率:
2025-11-02 15:04:14,248 - INFO -   阈值 0.5: 99.07%
2025-11-02 15:04:14,248 - INFO -   阈值 0.4: 98.93%
2025-11-02 15:04:14,248 - INFO -   阈值 0.30000000000000004: 98.40%
2025-11-02 15:04:14,248 - INFO -   阈值 0.20000000000000004: 97.60%
2025-11-02 15:04:14,249 - INFO -   阈值 0.10000000000000003: 96.86%
2025-11-02 15:04:14,249 - INFO -   阈值 0.05000000000000002: 95.56%
2025-11-02 15:04:14,249 - INFO -   阈值 0.040000000000000015: 95.36%
2025-11-02 15:04:14,249 - INFO -   阈值 0.030000000000000013: 95.00%
2025-11-02 15:04:14,249 - INFO -   阈值 0.02000000000000001: 94.60%
2025-11-02 15:04:14,249 - INFO -   阈值 0.01000000000000001: 93.30%
2025-11-02 15:04:14,249 - INFO -   阈值 0.005000000000000005: 89.76%
2025-11-02 15:04:14,249 - INFO -   阈值 0.004000000000000005: 87.89%
2025-11-02 15:04:14,249 - INFO -   阈值 0.0030000000000000053: 85.02%
2025-11-02 15:04:14,249 - INFO -   阈值 0.0020000000000000052: 78.72%
2025-11-02 15:04:14,249 - INFO -   阈值 0.0010000000000000052: 63.61%
2025-11-02 15:04:14,249 - INFO -   阈值 0.0005000000000000026: 39.59%
2025-11-02 15:04:14,249 - INFO - 
2025-11-02 15:04:14,249 - INFO - 训练完成:
2025-11-02 15:04:14,249 - INFO -   - 最终训练损失: 0.005719
2025-11-02 15:04:14,249 - INFO -   - 最佳验证损失: 0.023906
2025-11-02 15:04:14,249 - INFO -   - 测试损失 (MSE): 0.018763
2025-11-02 15:04:14,249 - INFO -   - 测试RMSE: 0.133265
2025-11-02 15:04:14,250 - INFO -   - 测试MAE: 0.018763
2025-11-02 15:04:14,250 - INFO -   - 测试R²: 0.980344
2025-11-02 15:04:14,250 - INFO -   - 测试PCC: 0.990203
2025-11-02 15:04:14,250 - INFO -   - 测试Rank Loss: 0.316037
2025-11-02 15:04:14,250 - INFO -   - 测试阈值准确率 (0.5): 0.9907
2025-11-02 15:04:14,250 - INFO -   - 测试阈值准确率 (0.4): 0.9893
2025-11-02 15:04:14,250 - INFO -   - 测试阈值准确率 (0.30000000000000004): 0.9840
2025-11-02 15:04:14,250 - INFO -   - 测试阈值准确率 (0.20000000000000004): 0.9760
2025-11-02 15:04:14,250 - INFO -   - 测试阈值准确率 (0.10000000000000003): 0.9686
2025-11-02 15:04:14,250 - INFO -   - 测试阈值准确率 (0.05000000000000002): 0.9556
2025-11-02 15:04:14,250 - INFO -   - 测试阈值准确率 (0.040000000000000015): 0.9536
2025-11-02 15:04:14,250 - INFO -   - 测试阈值准确率 (0.030000000000000013): 0.9500
2025-11-02 15:04:14,250 - INFO -   - 测试阈值准确率 (0.02000000000000001): 0.9460
2025-11-02 15:04:14,250 - INFO -   - 测试阈值准确率 (0.01000000000000001): 0.9330
2025-11-02 15:04:14,250 - INFO -   - 测试阈值准确率 (0.005000000000000005): 0.8976
2025-11-02 15:04:14,250 - INFO -   - 测试阈值准确率 (0.004000000000000005): 0.8789
2025-11-02 15:04:14,250 - INFO -   - 测试阈值准确率 (0.0030000000000000053): 0.8502
2025-11-02 15:04:14,250 - INFO -   - 测试阈值准确率 (0.0020000000000000052): 0.7872
2025-11-02 15:04:14,250 - INFO -   - 测试阈值准确率 (0.0010000000000000052): 0.6361
2025-11-02 15:04:14,250 - INFO -   - 测试阈值准确率 (0.0005000000000000026): 0.3959
2025-11-02 15:04:14,251 - INFO -   - 模型已保存到: /home/data2/rhj/project/mol_editor/mol_evo/../mol_evo/output/v0/MoleculeEvolutionVisnetLinearPredictor/train-20251102_103836-mu_change-30000-300/last.pth
2025-11-02 15:04:14,251 - INFO - 训练结果已保存到: /home/data2/rhj/project/mol_editor/mol_evo/../mol_evo/output/v0/MoleculeEvolutionVisnetLinearPredictor/train-20251102_103836-mu_change-30000-300/training_results.json
2025-11-02 15:04:14,251 - INFO - 模型目录: /home/data2/rhj/project/mol_editor/mol_evo/../mol_evo/output/v0/MoleculeEvolutionVisnetLinearPredictor/train-20251102_103836-mu_change-30000-300
