2025-10-13 10:01:30,551 - INFO - training_file - ============================================================
2025-10-13 10:01:30,551 - INFO - training_console - ============================================================
2025-10-13 10:01:30,551 - INFO - training_file - 基于NNConv的分子进化预测器模型训练开始
2025-10-13 10:01:30,551 - INFO - training_console - 基于NNConv的分子进化预测器模型训练开始
2025-10-13 10:01:30,551 - INFO - training_file - ============================================================
2025-10-13 10:01:30,551 - INFO - training_console - ============================================================
2025-10-13 10:01:30,551 - INFO - training_file - 数据文件: mol_evo/dataset/data/qm9-evo-pairs-step-1-with-properties-pct.csv
2025-10-13 10:01:30,551 - INFO - training_console - 数据文件: mol_evo/dataset/data/qm9-evo-pairs-step-1-with-properties-pct.csv
2025-10-13 10:01:30,551 - INFO - training_file - 最大对数: 50
2025-10-13 10:01:30,551 - INFO - training_console - 最大对数: 50
2025-10-13 10:01:30,551 - INFO - training_file - 训练轮数: 20
2025-10-13 10:01:30,551 - INFO - training_console - 训练轮数: 20
2025-10-13 10:01:30,551 - INFO - training_file - 正在构建图数据: mol_evo/dataset/data/qm9-evo-pairs-step-1-with-properties-pct.csv
2025-10-13 10:01:30,551 - INFO - training_console - 正在构建图数据: mol_evo/dataset/data/qm9-evo-pairs-step-1-with-properties-pct.csv
2025-10-13 10:01:31,136 - INFO - training_file - 加载缓存文件: /home/data2/rhj/project/mol_editor/mol_evo/core/utils/../../.cache/molecule_graphs/csv_qm9-evo-pairs-step-1-with-properties-pct_3cbb45cc1ac9202d.pt，包含 1994 个分子
2025-10-13 10:01:31,136 - INFO - training_console - 加载缓存文件: /home/data2/rhj/project/mol_editor/mol_evo/core/utils/../../.cache/molecule_graphs/csv_qm9-evo-pairs-step-1-with-properties-pct_3cbb45cc1ac9202d.pt，包含 1994 个分子
2025-10-13 10:01:31,141 - INFO - training_file - 分子处理统计: 总数=100, 命中=100, 未命中=0, 命中率=100.00%
2025-10-13 10:01:31,142 - INFO - training_console - 分子处理统计: 总数=100, 命中=100, 未命中=0, 命中率=100.00%
2025-10-13 10:01:31,149 - INFO - training_file - --- 训练集样本示例 (头部数据) ---
2025-10-13 10:01:31,149 - INFO - training_console - --- 训练集样本示例 (头部数据) ---
2025-10-13 10:01:31,149 - INFO - training_file -   样本       起始节点数        起始边数         目标节点数        目标边数         边特征             目标属性值          
2025-10-13 10:01:31,149 - INFO - training_console -   样本       起始节点数        起始边数         目标节点数        目标边数         边特征             目标属性值          
2025-10-13 10:01:31,149 - INFO - training_file -   --------------------------------------------------------------------------------
2025-10-13 10:01:31,149 - INFO - training_console -   --------------------------------------------------------------------------------
2025-10-13 10:01:31,149 - INFO - training_file -   1        5            8            8            14           [1.0, 0.0, 0.   0.465178       
2025-10-13 10:01:31,149 - INFO - training_console -   1        5            8            8            14           [1.0, 0.0, 0.   0.465178       
2025-10-13 10:01:31,149 - INFO - training_file -   2        3            4            6            10           [1.0, 0.0, 0.   0.013040       
2025-10-13 10:01:31,149 - INFO - training_console -   2        3            4            6            10           [1.0, 0.0, 0.   0.013040       
2025-10-13 10:01:31,149 - INFO - training_file -   3        4            6            11           20           [1.0, 0.0, 0.   0.548156       
2025-10-13 10:01:31,149 - INFO - training_console -   3        4            6            11           20           [1.0, 0.0, 0.   0.548156       
2025-10-13 10:01:31,149 - INFO - training_file -   --------------------------------------------------------------------------------
2025-10-13 10:01:31,149 - INFO - training_console -   --------------------------------------------------------------------------------
2025-10-13 10:01:31,150 - INFO - training_file - 
数据构建完成:
2025-10-13 10:01:31,150 - INFO - training_console - 
数据构建完成:
2025-10-13 10:01:31,150 - INFO - training_file -   项目                   值                   
2025-10-13 10:01:31,150 - INFO - training_console -   项目                   值                   
2025-10-13 10:01:31,150 - INFO - training_file -   ----------------------------------------
2025-10-13 10:01:31,150 - INFO - training_console -   ----------------------------------------
2025-10-13 10:01:31,150 - INFO - training_file -   样本数                  50                  
2025-10-13 10:01:31,150 - INFO - training_console -   样本数                  50                  
2025-10-13 10:01:31,150 - INFO - training_file -   节点特征维度               11                  
2025-10-13 10:01:31,150 - INFO - training_console -   节点特征维度               11                  
2025-10-13 10:01:31,150 - INFO - training_file -   边特征维度                11                  
2025-10-13 10:01:31,150 - INFO - training_console -   边特征维度                11                  
2025-10-13 10:01:31,150 - INFO - training_file -   目标属性变化维度             1                   
2025-10-13 10:01:31,150 - INFO - training_console -   目标属性变化维度             1                   
2025-10-13 10:01:31,151 - INFO - training_file - 数据集划分完成:
2025-10-13 10:01:31,151 - INFO - training_console - 数据集划分完成:
2025-10-13 10:01:31,151 - INFO - training_file -   - 训练集: 40 (80.0%)
2025-10-13 10:01:31,151 - INFO - training_console -   - 训练集: 40 (80.0%)
2025-10-13 10:01:31,151 - INFO - training_file -   - 验证集: 5 (10.0%)
2025-10-13 10:01:31,151 - INFO - training_console -   - 验证集: 5 (10.0%)
2025-10-13 10:01:31,151 - INFO - training_file -   - 测试集: 5 (10.0%)
2025-10-13 10:01:31,151 - INFO - training_console -   - 测试集: 5 (10.0%)
2025-10-13 10:01:31,213 - INFO - training_file - 正在创建模型...
2025-10-13 10:01:31,214 - INFO - training_console - 正在创建模型...
2025-10-13 10:01:31,214 - INFO - training_file - 模型参数数量: 980993
2025-10-13 10:01:31,214 - INFO - training_console - 模型参数数量: 980993
2025-10-13 10:01:31,214 - INFO - training_file - 使用设备: cuda
2025-10-13 10:01:31,214 - INFO - training_console - 使用设备: cuda
2025-10-13 10:01:32,802 - INFO - training_file - Epoch [10/20], Train Loss: 0.763682, Val Loss: 0.397621, R²: -0.0632, MAE: 0.3976
2025-10-13 10:01:32,802 - INFO - training_console - Epoch [10/20], Train Loss: 0.763682, Val Loss: 0.397621, R²: -0.0632, MAE: 0.3976
2025-10-13 10:01:33,837 - INFO - training_file - Epoch [20/20], Train Loss: 0.619920, Val Loss: 0.579297, R²: -1.3360, MAE: 0.5793
2025-10-13 10:01:33,837 - INFO - training_console - Epoch [20/20], Train Loss: 0.619920, Val Loss: 0.579297, R²: -1.3360, MAE: 0.5793
2025-10-13 10:01:33,838 - INFO - training_file - 开始训练 (20 轮)...
2025-10-13 10:01:33,838 - INFO - training_console - 开始训练 (20 轮)...
2025-10-13 10:01:33,961 - INFO - training_file - Debug: 模型参数前10个值:
2025-10-13 10:01:33,961 - INFO - training_console - Debug: 模型参数前10个值:
2025-10-13 10:01:33,961 - INFO - training_file - Debug: 参数 from_molecule_extractor.gcn_layers.0.bias (shape: torch.Size([128])) => 前10个值: [0.0029298749286681414, -0.028179893270134926, -0.0717402994632721, 0.017804259434342384, -0.03888798877596855, -0.07163360714912415, -0.016468890011310577, 0.009224883280694485, -0.07026992738246918, -0.08125681430101395]
2025-10-13 10:01:33,961 - INFO - training_console - Debug: 参数 from_molecule_extractor.gcn_layers.0.bias (shape: torch.Size([128])) => 前10个值: [0.0029298749286681414, -0.028179893270134926, -0.0717402994632721, 0.017804259434342384, -0.03888798877596855, -0.07163360714912415, -0.016468890011310577, 0.009224883280694485, -0.07026992738246918, -0.08125681430101395]
2025-10-13 10:01:33,961 - INFO - training_file - Debug: 参数 from_molecule_extractor.gcn_layers.0.lin.weight (shape: torch.Size([128, 11])) => 前10个值: [-0.020661763846874237, 0.005913056433200836, 0.05687842145562172, -0.04557925462722778, 0.002305829431861639, 0.022902755066752434, 0.014190318994224072, 0.04861370474100113, -0.015532491728663445, -0.01550215296447277]
2025-10-13 10:01:33,961 - INFO - training_console - Debug: 参数 from_molecule_extractor.gcn_layers.0.lin.weight (shape: torch.Size([128, 11])) => 前10个值: [-0.020661763846874237, 0.005913056433200836, 0.05687842145562172, -0.04557925462722778, 0.002305829431861639, 0.022902755066752434, 0.014190318994224072, 0.04861370474100113, -0.015532491728663445, -0.01550215296447277]
2025-10-13 10:01:33,961 - INFO - training_file - Debug: 参数 from_molecule_extractor.gcn_layers.1.bias (shape: torch.Size([256])) => 前10个值: [-0.011437169276177883, -0.020214969292283058, -0.03791452571749687, -0.04660647734999657, 0.014464328996837139, -0.03710705786943436, -0.05009762942790985, -0.07346238940954208, -0.03845109045505524, -0.05287761613726616]
2025-10-13 10:01:33,962 - INFO - training_console - Debug: 参数 from_molecule_extractor.gcn_layers.1.bias (shape: torch.Size([256])) => 前10个值: [-0.011437169276177883, -0.020214969292283058, -0.03791452571749687, -0.04660647734999657, 0.014464328996837139, -0.03710705786943436, -0.05009762942790985, -0.07346238940954208, -0.03845109045505524, -0.05287761613726616]
2025-10-13 10:01:34,953 - INFO - training_file - 模型已保存至: /home/data2/rhj/project/mol_editor/mol_evo/../mol_evo/output/v0/gcn/train-20251013_100130-mu_change-50-20/last.pth
2025-10-13 10:01:34,954 - INFO - training_console - 模型已保存至: /home/data2/rhj/project/mol_editor/mol_evo/../mol_evo/output/v0/gcn/train-20251013_100130-mu_change-50-20/last.pth
2025-10-13 10:01:34,954 - INFO - training_file - 
2025-10-13 10:01:34,954 - INFO - training_console - 
2025-10-13 10:01:34,954 - INFO - training_file - ============================================================
2025-10-13 10:01:34,954 - INFO - training_console - ============================================================
2025-10-13 10:01:34,954 - INFO - training_file - 训练完成 - 最终评估结果
2025-10-13 10:01:34,954 - INFO - training_console - 训练完成 - 最终评估结果
2025-10-13 10:01:34,954 - INFO - training_file - ============================================================
2025-10-13 10:01:34,954 - INFO - training_console - ============================================================
2025-10-13 10:01:34,954 - INFO - training_file - 测试集损失: 0.367166
2025-10-13 10:01:34,954 - INFO - training_console - 测试集损失: 0.367166
2025-10-13 10:01:34,954 - INFO - training_file - RMSE: 0.423206
2025-10-13 10:01:34,954 - INFO - training_console - RMSE: 0.423206
2025-10-13 10:01:34,954 - INFO - training_file - MAE: 0.367166
2025-10-13 10:01:34,954 - INFO - training_console - MAE: 0.367166
2025-10-13 10:01:34,954 - INFO - training_file - R²: 0.428905
2025-10-13 10:01:34,954 - INFO - training_console - R²: 0.428905
2025-10-13 10:01:34,954 - INFO - training_file - PCC: 0.963459
2025-10-13 10:01:34,955 - INFO - training_console - PCC: 0.963459
2025-10-13 10:01:34,955 - INFO - training_file - Rank Loss: 0.289034
2025-10-13 10:01:34,955 - INFO - training_console - Rank Loss: 0.289034
2025-10-13 10:01:34,955 - INFO - training_file - 
2025-10-13 10:01:34,955 - INFO - training_console - 
2025-10-13 10:01:34,955 - INFO - training_file - 阈值准确率:
2025-10-13 10:01:34,955 - INFO - training_console - 阈值准确率:
2025-10-13 10:01:34,955 - INFO - training_file -   阈值 0.5: 80.00%
2025-10-13 10:01:34,955 - INFO - training_console -   阈值 0.5: 80.00%
2025-10-13 10:01:34,955 - INFO - training_file -   阈值 0.4: 60.00%
2025-10-13 10:01:34,955 - INFO - training_console -   阈值 0.4: 60.00%
2025-10-13 10:01:34,955 - INFO - training_file -   阈值 0.30000000000000004: 40.00%
2025-10-13 10:01:34,955 - INFO - training_console -   阈值 0.30000000000000004: 40.00%
2025-10-13 10:01:34,955 - INFO - training_file - 
2025-10-13 10:01:34,955 - INFO - training_console - 
2025-10-13 10:01:34,955 - INFO - training_file - 训练完成:
2025-10-13 10:01:34,955 - INFO - training_console - 训练完成:
2025-10-13 10:01:34,955 - INFO - training_file -   - 最终训练损失: 0.619920
2025-10-13 10:01:34,955 - INFO - training_console -   - 最终训练损失: 0.619920
2025-10-13 10:01:34,955 - INFO - training_file -   - 最佳验证损失: 0.176120
2025-10-13 10:01:34,955 - INFO - training_console -   - 最佳验证损失: 0.176120
2025-10-13 10:01:34,955 - INFO - training_file -   - 测试损失 (MSE): 0.367166
2025-10-13 10:01:34,955 - INFO - training_console -   - 测试损失 (MSE): 0.367166
2025-10-13 10:01:34,955 - INFO - training_file -   - 测试RMSE: 0.423206
2025-10-13 10:01:34,955 - INFO - training_console -   - 测试RMSE: 0.423206
2025-10-13 10:01:34,955 - INFO - training_file -   - 测试MAE: 0.367166
2025-10-13 10:01:34,955 - INFO - training_console -   - 测试MAE: 0.367166
2025-10-13 10:01:34,956 - INFO - training_file -   - 测试R²: 0.428905
2025-10-13 10:01:34,956 - INFO - training_console -   - 测试R²: 0.428905
2025-10-13 10:01:34,956 - INFO - training_file -   - 测试PCC: 0.963459
2025-10-13 10:01:34,956 - INFO - training_console -   - 测试PCC: 0.963459
2025-10-13 10:01:34,956 - INFO - training_file -   - 测试Rank Loss: 0.289034
2025-10-13 10:01:34,956 - INFO - training_console -   - 测试Rank Loss: 0.289034
2025-10-13 10:01:34,956 - INFO - training_file -   - 测试阈值准确率 (0.5): 0.8000
2025-10-13 10:01:34,956 - INFO - training_console -   - 测试阈值准确率 (0.5): 0.8000
2025-10-13 10:01:34,956 - INFO - training_file -   - 测试阈值准确率 (0.4): 0.6000
2025-10-13 10:01:34,956 - INFO - training_console -   - 测试阈值准确率 (0.4): 0.6000
2025-10-13 10:01:34,956 - INFO - training_file -   - 测试阈值准确率 (0.30000000000000004): 0.4000
2025-10-13 10:01:34,956 - INFO - training_console -   - 测试阈值准确率 (0.30000000000000004): 0.4000
2025-10-13 10:01:34,956 - INFO - training_file -   - 模型已保存到: /home/data2/rhj/project/mol_editor/mol_evo/../mol_evo/output/v0/gcn/train-20251013_100130-mu_change-50-20/last.pth
2025-10-13 10:01:34,956 - INFO - training_console -   - 模型已保存到: /home/data2/rhj/project/mol_editor/mol_evo/../mol_evo/output/v0/gcn/train-20251013_100130-mu_change-50-20/last.pth
