2025-10-14 02:45:08,612 - INFO - ============================================================
2025-10-14 02:45:08,612 - INFO - 基于NNConv的分子进化预测器模型训练开始
2025-10-14 02:45:08,612 - INFO - ============================================================
2025-10-14 02:45:08,612 - INFO - 数据文件: mol_evo/dataset/data/qm9-evo-pairs-step-1-with-properties-pct.csv
2025-10-14 02:45:08,612 - INFO - 最大对数: 50
2025-10-14 02:45:08,612 - INFO - 训练轮数: 20
2025-10-14 02:45:08,612 - INFO - 正在构建图数据: mol_evo/dataset/data/qm9-evo-pairs-step-1-with-properties-pct.csv
2025-10-14 02:45:09,148 - INFO - 加载缓存文件: /home/data2/rhj/project/mol_editor/mol_evo/core/utils/../../.cache/molecule_graphs/csv_qm9-evo-pairs-step-1-with-properties-pct_3cbb45cc1ac9202d.pt，包含 1994 个分子
2025-10-14 02:45:09,154 - INFO - 分子处理统计: 总数=100, 命中=100, 未命中=0, 命中率=100.00%
2025-10-14 02:45:09,161 - INFO - --- 训练集样本示例 (头部数据) ---
2025-10-14 02:45:09,161 - INFO -   样本       起始节点数        起始边数         目标节点数        目标边数         边特征             目标属性值          
2025-10-14 02:45:09,161 - INFO -   --------------------------------------------------------------------------------
2025-10-14 02:45:09,161 - INFO -   1        5            8            8            14           [1.0, 0.0, 0.   0.465178       
2025-10-14 02:45:09,161 - INFO -   2        3            4            6            10           [1.0, 0.0, 0.   0.013040       
2025-10-14 02:45:09,161 - INFO -   3        4            6            11           20           [1.0, 0.0, 0.   0.548156       
2025-10-14 02:45:09,161 - INFO -   --------------------------------------------------------------------------------
2025-10-14 02:45:09,161 - INFO - 
数据构建完成:
2025-10-14 02:45:09,161 - INFO -   项目                   值                   
2025-10-14 02:45:09,161 - INFO -   ----------------------------------------
2025-10-14 02:45:09,161 - INFO -   样本数                  50                  
2025-10-14 02:45:09,161 - INFO -   节点特征维度               11                  
2025-10-14 02:45:09,161 - INFO -   边特征维度                11                  
2025-10-14 02:45:09,161 - INFO -   目标属性变化维度             1                   
2025-10-14 02:45:09,162 - INFO - 数据集划分完成:
2025-10-14 02:45:09,162 - INFO -   - 训练集: 40 (80.0%)
2025-10-14 02:45:09,162 - INFO -   - 验证集: 5 (10.0%)
2025-10-14 02:45:09,162 - INFO -   - 测试集: 5 (10.0%)
2025-10-14 02:45:09,222 - INFO - 正在创建模型...
2025-10-14 02:45:09,222 - INFO - 模型参数数量: 3313025
2025-10-14 02:45:09,222 - INFO - 使用设备: cuda
2025-10-14 02:45:10,981 - INFO - Epoch [10/20], Train Loss: 0.750703, Val Loss: 1.299482, R²: -6.9683, MAE: 1.2995
2025-10-14 02:45:12,519 - INFO - Epoch [20/20], Train Loss: 0.771740, Val Loss: 0.438126, R²: -0.3978, MAE: 0.4381
2025-10-14 02:45:12,519 - INFO - 开始训练 (20 轮)...
2025-10-14 02:45:12,632 - INFO - Debug: 模型参数前10个值:
2025-10-14 02:45:12,632 - INFO - Debug: 参数 molecule_extractor_from.gcn_layers.0.bias (shape: torch.Size([128])) => 前10个值: [3.3142685424536467e-05, -0.05662967264652252, -0.0780118778347969, -0.05280888080596924, 0.04139154031872749, 0.03505555912852287, -2.109365232172422e-05, 1.3654219401360024e-05, 0.04130503162741661, -0.05360409989953041]
2025-10-14 02:45:12,633 - INFO - Debug: 参数 molecule_extractor_from.gcn_layers.0.lin.weight (shape: torch.Size([128, 11])) => 前10个值: [0.026541657745838165, 0.0020601991564035416, -0.005213205702602863, -0.00408204598352313, 0.002305829431861639, 0.027153348550200462, 0.014190318994224072, 2.869410855055321e-05, 0.02252171002328396, -0.003992676734924316]
2025-10-14 02:45:12,633 - INFO - Debug: 参数 molecule_extractor_from.gcn_layers.1.bias (shape: torch.Size([256])) => 前10个值: [-4.37266135122627e-05, -0.0029487779829651117, 0.05071298032999039, -6.916196434758604e-05, 0.0043634455651044846, 0.05208326131105423, -0.05269753187894821, -0.0521550178527832, -0.00028879757155664265, 0.04186219722032547]
2025-10-14 02:45:13,561 - INFO - 模型已保存至: /home/data2/rhj/project/mol_editor/mol_evo/../mol_evo/output/v0/gcn_transformer_transformer/train-20251014_024508-mu_change-50-20/last.pth
2025-10-14 02:45:13,561 - INFO - 
2025-10-14 02:45:13,561 - INFO - ============================================================
2025-10-14 02:45:13,561 - INFO - 训练完成 - 最终评估结果
2025-10-14 02:45:13,561 - INFO - ============================================================
2025-10-14 02:45:13,561 - INFO - 测试集损失: 0.455194
2025-10-14 02:45:13,561 - INFO - RMSE: 0.663530
2025-10-14 02:45:13,562 - INFO - MAE: 0.455194
2025-10-14 02:45:13,562 - INFO - R²: -0.403866
2025-10-14 02:45:13,562 - INFO - PCC: 0.123620
2025-10-14 02:45:13,562 - INFO - Rank Loss: 1.000000
2025-10-14 02:45:13,562 - INFO - 
2025-10-14 02:45:13,562 - INFO - 阈值准确率:
2025-10-14 02:45:13,562 - INFO -   阈值 0.5: 60.00%
2025-10-14 02:45:13,562 - INFO -   阈值 0.4: 60.00%
2025-10-14 02:45:13,562 - INFO -   阈值 0.30000000000000004: 60.00%
2025-10-14 02:45:13,562 - INFO -   阈值 0.20000000000000004: 40.00%
2025-10-14 02:45:13,562 - INFO - 
2025-10-14 02:45:13,562 - INFO - 训练完成:
2025-10-14 02:45:13,562 - INFO -   - 最终训练损失: 0.771740
2025-10-14 02:45:13,562 - INFO -   - 最佳验证损失: 0.431912
2025-10-14 02:45:13,562 - INFO -   - 测试损失 (MSE): 0.455194
2025-10-14 02:45:13,562 - INFO -   - 测试RMSE: 0.663530
2025-10-14 02:45:13,562 - INFO -   - 测试MAE: 0.455194
2025-10-14 02:45:13,562 - INFO -   - 测试R²: -0.403866
2025-10-14 02:45:13,562 - INFO -   - 测试PCC: 0.123620
2025-10-14 02:45:13,562 - INFO -   - 测试Rank Loss: 1.000000
2025-10-14 02:45:13,562 - INFO -   - 测试阈值准确率 (0.5): 0.6000
2025-10-14 02:45:13,562 - INFO -   - 测试阈值准确率 (0.4): 0.6000
2025-10-14 02:45:13,562 - INFO -   - 测试阈值准确率 (0.30000000000000004): 0.6000
2025-10-14 02:45:13,562 - INFO -   - 测试阈值准确率 (0.20000000000000004): 0.4000
2025-10-14 02:45:13,562 - INFO -   - 模型已保存到: /home/data2/rhj/project/mol_editor/mol_evo/../mol_evo/output/v0/gcn_transformer_transformer/train-20251014_024508-mu_change-50-20/last.pth
