2025-10-14 23:46:42,348 - INFO - ============================================================
2025-10-14 23:46:42,348 - INFO - 基于NNConv的分子进化预测器模型训练开始
2025-10-14 23:46:42,348 - INFO - ============================================================
2025-10-14 23:46:42,348 - INFO - 数据文件: mol_evo/dataset/data/qm9-evo-pairs-step-1-with-properties-pct.csv
2025-10-14 23:46:42,348 - INFO - 最大对数: 30000
2025-10-14 23:46:42,348 - INFO - 训练轮数: 150
2025-10-14 23:46:42,348 - INFO - 正在构建图数据: mol_evo/dataset/data/qm9-evo-pairs-step-1-with-properties-pct.csv
2025-10-14 23:46:44,193 - INFO - 加载缓存文件: /home/data2/rhj/project/mol_editor/mol_evo/core/utils/../../.cache/molecule_graphs/csv_qm9-evo-pairs-step-1-with-properties-pct_3cbb45cc1ac9202d.pt，包含 1994 个分子
2025-10-14 23:47:14,009 - INFO - 分子处理统计: 总数=60000, 命中=59967, 未命中=33, 命中率=99.94%
2025-10-14 23:47:14,066 - INFO - --- 训练集样本示例 (头部数据) ---
2025-10-14 23:47:14,066 - INFO -   样本       起始节点数        起始边数         目标节点数        目标边数         边特征             目标属性值          
2025-10-14 23:47:14,066 - INFO -   --------------------------------------------------------------------------------
2025-10-14 23:47:14,067 - INFO -   1        5            8            8            14           [1.0, 0.0, 0.   0.023518       
2025-10-14 23:47:14,067 - INFO -   2        3            4            6            10           [1.0, 0.0, 0.   -0.273184      
2025-10-14 23:47:14,067 - INFO -   3        4            6            11           20           [1.0, 0.0, 0.   0.077970       
2025-10-14 23:47:14,067 - INFO -   --------------------------------------------------------------------------------
2025-10-14 23:47:14,067 - INFO - 
数据构建完成:
2025-10-14 23:47:14,067 - INFO -   项目                   值                   
2025-10-14 23:47:14,067 - INFO -   ----------------------------------------
2025-10-14 23:47:14,067 - INFO -   样本数                  29967               
2025-10-14 23:47:14,067 - INFO -   节点特征维度               11                  
2025-10-14 23:47:14,068 - INFO -   边特征维度                11                  
2025-10-14 23:47:14,068 - INFO -   目标属性变化维度             1                   
2025-10-14 23:47:14,074 - INFO - 数据集划分完成:
2025-10-14 23:47:14,074 - INFO -   - 训练集: 23973 (80.0%)
2025-10-14 23:47:14,074 - INFO -   - 验证集: 2996 (10.0%)
2025-10-14 23:47:14,074 - INFO -   - 测试集: 2998 (10.0%)
2025-10-14 23:47:14,214 - INFO - 正在创建模型...
2025-10-14 23:47:14,214 - INFO - 模型参数数量: 3313025
2025-10-14 23:47:14,214 - INFO - 正在进行显存估算...
2025-10-14 23:47:15,592 - INFO - 使用设备: cuda
2025-10-14 23:48:23,477 - INFO - Epoch [10/150], Train Loss: 0.547753, Val Loss: 0.552889, R²: 0.3400, MAE: 0.5529
2025-10-14 23:49:31,736 - INFO - Epoch [20/150], Train Loss: 0.517663, Val Loss: 0.524429, R²: 0.3655, MAE: 0.5244
2025-10-14 23:50:38,393 - INFO - Epoch [30/150], Train Loss: 0.507768, Val Loss: 0.499967, R²: 0.3996, MAE: 0.5000
2025-10-14 23:51:45,945 - INFO - Epoch [40/150], Train Loss: 0.496564, Val Loss: 0.506403, R²: 0.3954, MAE: 0.5064
2025-10-14 23:52:53,221 - INFO - Epoch [50/150], Train Loss: 0.475341, Val Loss: 0.485246, R²: 0.4133, MAE: 0.4852
2025-10-14 23:54:00,007 - INFO - Epoch [60/150], Train Loss: 0.467534, Val Loss: 0.471126, R²: 0.4374, MAE: 0.4711
2025-10-14 23:55:07,763 - INFO - Epoch [70/150], Train Loss: 0.459735, Val Loss: 0.485922, R²: 0.4164, MAE: 0.4859
2025-10-14 23:56:15,247 - INFO - Epoch [80/150], Train Loss: 0.447153, Val Loss: 0.461856, R²: 0.4492, MAE: 0.4619
2025-10-14 23:57:26,698 - INFO - Epoch [90/150], Train Loss: 0.442620, Val Loss: 0.456045, R²: 0.4658, MAE: 0.4560
2025-10-14 23:58:32,883 - INFO - 已保存checkpoint: /home/data2/rhj/project/mol_editor/mol_evo/../mol_evo/output/v0/gcn_transformer_transformer/train-20251014_234642-mu_change-30000-150/checkpoint_epoch_100.pth
2025-10-14 23:58:33,575 - INFO - Epoch [100/150], Train Loss: 0.425784, Val Loss: 0.416536, R²: 0.5143, MAE: 0.4165
2025-10-14 23:59:40,211 - INFO - Epoch [110/150], Train Loss: 0.403677, Val Loss: 0.409941, R²: 0.5298, MAE: 0.4099
2025-10-15 00:00:46,826 - INFO - Epoch [120/150], Train Loss: 0.395872, Val Loss: 0.421520, R²: 0.5187, MAE: 0.4215
2025-10-15 00:01:48,713 - INFO - 警告: 在第 130 轮检测到NaN或inf损失值，停止训练
2025-10-15 00:01:49,226 - INFO - 警告: 在第 130 轮检测到NaN或inf验证损失值，停止训练
2025-10-15 00:01:49,228 - INFO - Epoch [130/150], Train Loss: 0.169379, Val Loss: nan, R²: nan, MAE: nan
2025-10-15 00:01:49,311 - INFO - 警告: 在第 131 轮检测到NaN或inf损失值，停止训练
2025-10-15 00:01:50,104 - INFO - 警告: 在第 131 轮检测到NaN或inf验证损失值，停止训练
2025-10-15 00:01:50,190 - INFO - 警告: 在第 132 轮检测到NaN或inf损失值，停止训练
2025-10-15 00:01:50,870 - INFO - 警告: 在第 132 轮检测到NaN或inf验证损失值，停止训练
2025-10-15 00:01:50,978 - INFO - 警告: 在第 133 轮检测到NaN或inf损失值，停止训练
2025-10-15 00:01:51,558 - INFO - 警告: 在第 133 轮检测到NaN或inf验证损失值，停止训练
2025-10-15 00:01:51,620 - INFO - 警告: 在第 134 轮检测到NaN或inf损失值，停止训练
2025-10-15 00:01:52,266 - INFO - 警告: 在第 134 轮检测到NaN或inf验证损失值，停止训练
2025-10-15 00:01:52,375 - INFO - 警告: 在第 135 轮检测到NaN或inf损失值，停止训练
2025-10-15 00:01:53,009 - INFO - 警告: 在第 135 轮检测到NaN或inf验证损失值，停止训练
2025-10-15 00:01:53,124 - INFO - 警告: 在第 136 轮检测到NaN或inf损失值，停止训练
2025-10-15 00:01:53,715 - INFO - 警告: 在第 136 轮检测到NaN或inf验证损失值，停止训练
2025-10-15 00:01:53,802 - INFO - 警告: 在第 137 轮检测到NaN或inf损失值，停止训练
2025-10-15 00:01:54,275 - INFO - 警告: 在第 137 轮检测到NaN或inf验证损失值，停止训练
2025-10-15 00:01:54,391 - INFO - 警告: 在第 138 轮检测到NaN或inf损失值，停止训练
2025-10-15 00:01:55,031 - INFO - 警告: 在第 138 轮检测到NaN或inf验证损失值，停止训练
2025-10-15 00:01:55,144 - INFO - 警告: 在第 139 轮检测到NaN或inf损失值，停止训练
2025-10-15 00:01:55,798 - INFO - 警告: 在第 139 轮检测到NaN或inf验证损失值，停止训练
2025-10-15 00:01:55,896 - INFO - 警告: 在第 140 轮检测到NaN或inf损失值，停止训练
2025-10-15 00:01:56,416 - INFO - 警告: 在第 140 轮检测到NaN或inf验证损失值，停止训练
2025-10-15 00:01:56,417 - INFO - Epoch [140/150], Train Loss: 0.000000, Val Loss: nan, R²: nan, MAE: nan
2025-10-15 00:01:56,526 - INFO - 警告: 在第 141 轮检测到NaN或inf损失值，停止训练
2025-10-15 00:01:57,185 - INFO - 警告: 在第 141 轮检测到NaN或inf验证损失值，停止训练
2025-10-15 00:01:57,280 - INFO - 警告: 在第 142 轮检测到NaN或inf损失值，停止训练
2025-10-15 00:01:57,957 - INFO - 警告: 在第 142 轮检测到NaN或inf验证损失值，停止训练
2025-10-15 00:01:58,071 - INFO - 警告: 在第 143 轮检测到NaN或inf损失值，停止训练
2025-10-15 00:01:58,619 - INFO - 警告: 在第 143 轮检测到NaN或inf验证损失值，停止训练
2025-10-15 00:01:58,696 - INFO - 警告: 在第 144 轮检测到NaN或inf损失值，停止训练
2025-10-15 00:01:59,200 - INFO - 警告: 在第 144 轮检测到NaN或inf验证损失值，停止训练
2025-10-15 00:01:59,315 - INFO - 警告: 在第 145 轮检测到NaN或inf损失值，停止训练
2025-10-15 00:01:59,971 - INFO - 警告: 在第 145 轮检测到NaN或inf验证损失值，停止训练
2025-10-15 00:02:00,084 - INFO - 警告: 在第 146 轮检测到NaN或inf损失值，停止训练
2025-10-15 00:02:00,736 - INFO - 警告: 在第 146 轮检测到NaN或inf验证损失值，停止训练
2025-10-15 00:02:00,833 - INFO - 警告: 在第 147 轮检测到NaN或inf损失值，停止训练
2025-10-15 00:02:01,251 - INFO - 警告: 在第 147 轮检测到NaN或inf验证损失值，停止训练
2025-10-15 00:02:01,359 - INFO - 警告: 在第 148 轮检测到NaN或inf损失值，停止训练
2025-10-15 00:02:02,010 - INFO - 警告: 在第 148 轮检测到NaN或inf验证损失值，停止训练
2025-10-15 00:02:02,105 - INFO - 警告: 在第 149 轮检测到NaN或inf损失值，停止训练
2025-10-15 00:02:02,788 - INFO - 警告: 在第 149 轮检测到NaN或inf验证损失值，停止训练
2025-10-15 00:02:02,888 - INFO - 警告: 在第 150 轮检测到NaN或inf损失值，停止训练
2025-10-15 00:02:03,463 - INFO - 警告: 在第 150 轮检测到NaN或inf验证损失值，停止训练
2025-10-15 00:02:03,474 - INFO - Epoch [150/150], Train Loss: 0.000000, Val Loss: nan, R²: nan, MAE: nan
2025-10-15 00:02:03,475 - INFO - 开始训练 (150 轮)...
2025-10-15 00:02:05,040 - INFO - 模型已保存至: /home/data2/rhj/project/mol_editor/mol_evo/../mol_evo/output/v0/gcn_transformer_transformer/train-20251014_234642-mu_change-30000-150/last.pth
2025-10-15 00:02:05,040 - INFO - 
2025-10-15 00:02:05,040 - INFO - ============================================================
2025-10-15 00:02:05,040 - INFO - 训练完成 - 最终评估结果
2025-10-15 00:02:05,040 - INFO - ============================================================
2025-10-15 00:02:05,040 - INFO - 测试集损失: nan
2025-10-15 00:02:05,041 - INFO - RMSE: nan
2025-10-15 00:02:05,041 - INFO - MAE: nan
2025-10-15 00:02:05,041 - INFO - R²: nan
2025-10-15 00:02:05,041 - INFO - PCC: nan
2025-10-15 00:02:05,041 - INFO - Rank Loss: nan
2025-10-15 00:02:05,041 - INFO - 
2025-10-15 00:02:05,041 - INFO - 阈值准确率:
2025-10-15 00:02:05,041 - INFO -   阈值 0.5: 0.00%
2025-10-15 00:02:05,041 - INFO - 
2025-10-15 00:02:05,041 - INFO - 训练完成:
2025-10-15 00:02:05,041 - INFO -   - 最终训练损失: 0.000000
2025-10-15 00:02:05,041 - INFO -   - 最佳验证损失: 0.397249
2025-10-15 00:02:05,041 - INFO -   - 测试损失 (MSE): nan
2025-10-15 00:02:05,041 - INFO -   - 测试RMSE: nan
2025-10-15 00:02:05,041 - INFO -   - 测试MAE: nan
2025-10-15 00:02:05,041 - INFO -   - 测试R²: nan
2025-10-15 00:02:05,041 - INFO -   - 测试PCC: nan
2025-10-15 00:02:05,041 - INFO -   - 测试Rank Loss: nan
2025-10-15 00:02:05,041 - INFO -   - 测试阈值准确率 (0.5): 0.0000
2025-10-15 00:02:05,041 - INFO -   - 模型已保存到: /home/data2/rhj/project/mol_editor/mol_evo/../mol_evo/output/v0/gcn_transformer_transformer/train-20251014_234642-mu_change-30000-150/last.pth
