2025-10-09 02:39:52,823 - training - INFO - ============================================================
2025-10-09 02:39:52,824 - training - INFO - 基于NNConv的分子进化预测器模型训练开始
2025-10-09 02:39:52,824 - training - INFO - ============================================================
2025-10-09 02:39:52,824 - training - INFO - 数据文件: mol_evo/dataset/data/qm9-evo-pairs-step-1-with-properties.csv
2025-10-09 02:39:52,824 - training - INFO - 最大对数: 20000
2025-10-09 02:39:52,824 - training - INFO - 训练轮数: 500
2025-10-09 02:39:57,589 - training - INFO - 正在构建图数据: mol_evo/dataset/data/qm9-evo-pairs-step-1-with-properties.csv
2025-10-09 02:39:57,590 - training - INFO - 数据构建完成:
2025-10-09 02:39:57,590 - training - INFO -   - 节点数: 1377
2025-10-09 02:39:57,590 - training - INFO -   - 边数: 20000
2025-10-09 02:39:57,590 - training - INFO -   - 节点特征维度: 2048
2025-10-09 02:39:57,590 - training - INFO -   - 边特征维度: 11
2025-10-09 02:39:57,590 - training - INFO -   - 目标属性变化维度: 15
2025-10-09 02:39:57,592 - training - INFO - 数据集划分完成:
2025-10-09 02:39:57,593 - training - INFO -   - 训练集: 14000 (70.0%)
2025-10-09 02:39:57,593 - training - INFO -   - 验证集: 2000 (10.0%)
2025-10-09 02:39:57,593 - training - INFO -   - 测试集: 4000 (20.0%)
2025-10-09 02:39:57,786 - training - INFO - 正在创建模型...
2025-10-09 02:39:57,786 - training - INFO - 模型参数数量: 546191
2025-10-09 02:39:57,786 - training - INFO - 开始训练 (500 轮)...
2025-10-09 02:39:58,656 - training - INFO - Epoch [10/500], Train Loss: 0.921929, Val Loss: 1.129707, R²: 0.0934, MAE: 0.6307
2025-10-09 02:39:58,839 - training - INFO - Epoch [20/500], Train Loss: 0.771298, Val Loss: 0.983642, R²: 0.2377, MAE: 0.5463
2025-10-09 02:39:59,040 - training - INFO - Epoch [30/500], Train Loss: 0.689593, Val Loss: 0.904231, R²: 0.3170, MAE: 0.5031
2025-10-09 02:39:59,239 - training - INFO - Epoch [40/500], Train Loss: 0.625460, Val Loss: 0.847041, R²: 0.3742, MAE: 0.4641
2025-10-09 02:39:59,446 - training - INFO - Epoch [50/500], Train Loss: 0.576200, Val Loss: 0.801693, R²: 0.4188, MAE: 0.4316
2025-10-09 02:39:59,642 - training - INFO - Epoch [60/500], Train Loss: 0.541955, Val Loss: 0.767754, R²: 0.4520, MAE: 0.4024
2025-10-09 02:39:59,831 - training - INFO - Epoch [70/500], Train Loss: 0.510871, Val Loss: 0.739347, R²: 0.4795, MAE: 0.3810
2025-10-09 02:40:00,015 - training - INFO - Epoch [80/500], Train Loss: 0.493376, Val Loss: 0.719439, R²: 0.4978, MAE: 0.3687
2025-10-09 02:40:00,208 - training - INFO - Epoch [90/500], Train Loss: 0.475896, Val Loss: 0.703182, R²: 0.5119, MAE: 0.3594
2025-10-09 02:40:00,408 - training - INFO - Epoch [100/500], Train Loss: 0.460921, Val Loss: 0.685037, R²: 0.5262, MAE: 0.3487
2025-10-09 02:40:00,607 - training - INFO - Epoch [110/500], Train Loss: 0.446564, Val Loss: 0.664160, R²: 0.5408, MAE: 0.3420
2025-10-09 02:40:00,809 - training - INFO - Epoch [120/500], Train Loss: 0.425740, Val Loss: 0.634162, R²: 0.5599, MAE: 0.3370
2025-10-09 02:40:00,993 - training - INFO - Epoch [130/500], Train Loss: 0.388181, Val Loss: 0.622690, R²: 0.5690, MAE: 0.3327
2025-10-09 02:40:01,186 - training - INFO - Epoch [140/500], Train Loss: 0.367971, Val Loss: 0.671770, R²: 0.5447, MAE: 0.3312
2025-10-09 02:40:01,389 - training - INFO - Epoch [150/500], Train Loss: 0.345854, Val Loss: 0.725623, R²: 0.5191, MAE: 0.3247
2025-10-09 02:40:01,593 - training - INFO - Epoch [160/500], Train Loss: 0.345685, Val Loss: 0.698276, R²: 0.5364, MAE: 0.3202
2025-10-09 02:40:01,796 - training - INFO - Epoch [170/500], Train Loss: 0.328488, Val Loss: 0.737034, R²: 0.5173, MAE: 0.3179
2025-10-09 02:40:01,996 - training - INFO - 早停机制触发，在第 180 轮停止训练
2025-10-09 02:40:02,006 - training - INFO - 原始尺度评估指标:
2025-10-09 02:40:02,006 - training - INFO -   - MSE: 76290.765625
2025-10-09 02:40:02,006 - training - INFO -   - RMSE: 276.207825
2025-10-09 02:40:02,006 - training - INFO -   - MAE: 106.954575
2025-10-09 02:40:02,006 - training - INFO - 各维度阈值准确率:
2025-10-09 02:40:02,006 - training - INFO - Threshold   A        B        C        mu       alpha    homo     lumo     gap      r2       zpve     U0       U        H        G        Cv       
2025-10-09 02:40:02,006 - training - INFO - ---------------------------------------------------------------------------------------------------------------------------------------------------
2025-10-09 02:40:02,006 - training - INFO - @0.400      0.9970   0.8985   0.8510   0.5973   0.5975   0.5228   0.7070   0.6915   0.4505   0.4848   0.9683   0.9708   0.9703   0.9705   0.4383   
2025-10-09 02:40:02,006 - training - INFO - @0.300      0.9890   0.8083   0.7395   0.4775   0.4755   0.4125   0.5978   0.5845   0.3523   0.3735   0.9465   0.9523   0.9493   0.9525   0.3295   
2025-10-09 02:40:02,006 - training - INFO - @0.200      0.9700   0.6565   0.5700   0.3375   0.3285   0.2850   0.4268   0.4203   0.2488   0.2373   0.9095   0.9130   0.9113   0.9135   0.2280   
2025-10-09 02:40:02,006 - training - INFO - @0.100      0.9345   0.3803   0.3288   0.1873   0.1705   0.1483   0.2303   0.2158   0.1255   0.1262   0.7598   0.7538   0.7565   0.7555   0.1070   
2025-10-09 02:40:02,006 - training - INFO - @0.050      0.8210   0.2015   0.1720   0.0915   0.0870   0.0683   0.1180   0.1115   0.0665   0.0608   0.4768   0.4893   0.5118   0.4940   0.0525   
2025-10-09 02:40:02,827 - training - INFO - 训练完成:
2025-10-09 02:40:02,828 - training - INFO -   - 最终训练损失: 0.333581
2025-10-09 02:40:02,828 - training - INFO -   - 最佳验证损失: 0.622690
2025-10-09 02:40:02,828 - training - INFO -   - 测试损失 (MSE): 0.288740
2025-10-09 02:40:02,828 - training - INFO -   - 测试RMSE: 0.537346
2025-10-09 02:40:02,828 - training - INFO -   - 测试MAE: 0.304251
2025-10-09 02:40:02,828 - training - INFO -   - 测试R²: -115.501015
2025-10-09 02:40:02,828 - training - INFO -   - 测试阈值准确率 (0.4, 所有维度): 0.0428
2025-10-09 02:40:02,828 - training - INFO -   - 测试阈值准确率 (0.4, 平均): 0.7411
2025-10-09 02:40:02,828 - training - INFO -   - 测试阈值准确率 (0.3, 所有维度): 0.0138
2025-10-09 02:40:02,828 - training - INFO -   - 测试阈值准确率 (0.3, 平均): 0.6627
2025-10-09 02:40:02,828 - training - INFO -   - 测试阈值准确率 (0.2, 所有维度): 0.0020
2025-10-09 02:40:02,828 - training - INFO -   - 测试阈值准确率 (0.2, 平均): 0.5570
2025-10-09 02:40:02,828 - training - INFO -   - 测试阈值准确率 (0.1, 所有维度): 0.0000
2025-10-09 02:40:02,828 - training - INFO -   - 测试阈值准确率 (0.1, 平均): 0.3986
2025-10-09 02:40:02,828 - training - INFO -   - 测试阈值准确率 (0.05, 所有维度): 0.0000
2025-10-09 02:40:02,828 - training - INFO -   - 测试阈值准确率 (0.05, 平均): 0.2548
2025-10-09 02:40:02,828 - training - INFO -   - 原始尺度MSE: 76290.765625
2025-10-09 02:40:02,828 - training - INFO -   - 原始尺度RMSE: 276.207825
2025-10-09 02:40:02,828 - training - INFO -   - 原始尺度MAE: 106.954575
2025-10-09 02:40:02,828 - training - INFO -   - 模型已保存到: /home/data2/rhj/project/mol_editor/mol_evo/../mol_evo/output/gatv2/training_20251009_023952/molecule_evolution_gatv2_predictor.pth
