2025-10-13 06:16:53,207 - INFO - training_file - 开始对整个数据集进行预测: /home/data2/rhj/project/mol_editor/mol_evo/dataset/data/qm9-evo-pairs-step-1-with-properties-pct.csv
2025-10-13 06:16:53,209 - INFO - training_console - 开始对整个数据集进行预测: /home/data2/rhj/project/mol_editor/mol_evo/dataset/data/qm9-evo-pairs-step-1-with-properties-pct.csv
2025-10-13 06:16:53,209 - INFO - training_file - 使用模型: /home/data2/rhj/project/mol_editor/mol_evo/output/v0/gcn/train-20251012_230612-mu_change-30000-500/molecule_evolution_gcn_v0_mu_predictor.pth
2025-10-13 06:16:53,209 - INFO - training_console - 使用模型: /home/data2/rhj/project/mol_editor/mol_evo/output/v0/gcn/train-20251012_230612-mu_change-30000-500/molecule_evolution_gcn_v0_mu_predictor.pth
2025-10-13 06:16:53,209 - INFO - training_file - 随机种子: 12420
2025-10-13 06:16:53,209 - INFO - training_console - 随机种子: 12420
2025-10-13 06:16:53,210 - INFO - training_file - 从训练数据中加载模型参数和属性统计信息
2025-10-13 06:16:53,210 - INFO - training_console - 从训练数据中加载模型参数和属性统计信息
2025-10-13 06:16:53,210 - INFO - training_file - 正在构建图数据: /home/data2/rhj/project/mol_editor/mol_evo/dataset/data/qm9-evo-pairs-step-1-with-properties-pct.csv
2025-10-13 06:16:53,210 - INFO - training_console - 正在构建图数据: /home/data2/rhj/project/mol_editor/mol_evo/dataset/data/qm9-evo-pairs-step-1-with-properties-pct.csv
2025-10-13 06:16:53,737 - INFO - training_file - 加载缓存文件: /home/data2/rhj/project/mol_editor/mol_evo/core/utils/../../.cache/molecule_graphs/csv_qm9-evo-pairs-step-1-with-properties-pct_3cbb45cc1ac9202d.pt，包含 1994 个分子
2025-10-13 06:16:53,737 - INFO - training_console - 加载缓存文件: /home/data2/rhj/project/mol_editor/mol_evo/core/utils/../../.cache/molecule_graphs/csv_qm9-evo-pairs-step-1-with-properties-pct_3cbb45cc1ac9202d.pt，包含 1994 个分子
2025-10-13 06:17:20,936 - INFO - training_file - 分子处理统计: 总数=60000, 命中=59967, 未命中=33, 命中率=99.94%
2025-10-13 06:17:20,936 - INFO - training_console - 分子处理统计: 总数=60000, 命中=59967, 未命中=33, 命中率=99.94%
2025-10-13 06:17:20,959 - INFO - training_file - 数据集构建完成 - 总样本数: 29967 (原始样本数: 29967)
2025-10-13 06:17:20,960 - INFO - training_console - 数据集构建完成 - 总样本数: 29967 (原始样本数: 29967)
2025-10-13 06:17:21,010 - INFO - training_file - 模型加载成功
2025-10-13 06:17:21,010 - INFO - training_console - 模型加载成功
2025-10-13 06:17:21,312 - INFO - training_file - 使用设备: cuda
2025-10-13 06:17:21,313 - INFO - training_console - 使用设备: cuda
2025-10-13 06:17:21,313 - INFO - training_file - 开始在整个数据集上进行预测和评估
2025-10-13 06:17:21,313 - INFO - training_console - 开始在整个数据集上进行预测和评估
2025-10-13 06:17:40,761 - INFO - training_file - ==================================================
2025-10-13 06:17:40,761 - INFO - training_console - ==================================================
2025-10-13 06:17:40,761 - INFO - training_file - 全量数据集预测结果摘要
2025-10-13 06:17:40,761 - INFO - training_console - 全量数据集预测结果摘要
2025-10-13 06:17:40,761 - INFO - training_file - ==================================================
2025-10-13 06:17:40,761 - INFO - training_console - ==================================================
2025-10-13 06:17:40,761 - INFO - training_file - 测试损失 (MAE): 0.114091
2025-10-13 06:17:40,761 - INFO - training_console - 测试损失 (MAE): 0.114091
2025-10-13 06:17:40,761 - INFO - training_file - RMSE: 0.324618
2025-10-13 06:17:40,761 - INFO - training_console - RMSE: 0.324618
2025-10-13 06:17:40,761 - INFO - training_file - MAE: 0.114091
2025-10-13 06:17:40,761 - INFO - training_console - MAE: 0.114091
2025-10-13 06:17:40,762 - INFO - training_file - R²: 0.894726
2025-10-13 06:17:40,762 - INFO - training_console - R²: 0.894726
2025-10-13 06:17:40,762 - INFO - training_file - ------------------------------
2025-10-13 06:17:40,762 - INFO - training_console - ------------------------------
2025-10-13 06:17:40,762 - INFO - training_file - 反标准化后的指标:
2025-10-13 06:17:40,762 - INFO - training_console - 反标准化后的指标:
2025-10-13 06:17:40,762 - INFO - training_file - RMSE: 0.355907
2025-10-13 06:17:40,762 - INFO - training_console - RMSE: 0.355907
2025-10-13 06:17:40,762 - INFO - training_file - MAE: 0.125088
2025-10-13 06:17:40,762 - INFO - training_console - MAE: 0.125088
2025-10-13 06:17:40,762 - INFO - training_file - R²: 0.894726
2025-10-13 06:17:40,762 - INFO - training_console - R²: 0.894726
2025-10-13 06:17:40,762 - INFO - training_file - ==================================================
2025-10-13 06:17:40,762 - INFO - training_console - ==================================================
2025-10-13 06:17:40,762 - INFO - training_file - 详细结果已保存到: /home/data2/rhj/project/mol_editor/mol_evo/../mol_evo/output/v0/predictions/prediction-20251013_061653/full_dataset_prediction_results.json
2025-10-13 06:17:40,762 - INFO - training_console - 详细结果已保存到: /home/data2/rhj/project/mol_editor/mol_evo/../mol_evo/output/v0/predictions/prediction-20251013_061653/full_dataset_prediction_results.json
