2025-10-11 02:31:46,658 - INFO - training_file - ============================================================
2025-10-11 02:31:46,658 - INFO - training_console - ============================================================
2025-10-11 02:31:46,658 - INFO - training_file - 基于NNConv的分子进化预测器模型训练开始
2025-10-11 02:31:46,658 - INFO - training_console - 基于NNConv的分子进化预测器模型训练开始
2025-10-11 02:31:46,658 - INFO - training_file - ============================================================
2025-10-11 02:31:46,658 - INFO - training_console - ============================================================
2025-10-11 02:31:46,658 - INFO - training_file - 数据文件: mol_evo/dataset/data/qm9-evo-pairs-step-1-with-properties.csv
2025-10-11 02:31:46,658 - INFO - training_console - 数据文件: mol_evo/dataset/data/qm9-evo-pairs-step-1-with-properties.csv
2025-10-11 02:31:46,658 - INFO - training_file - 最大对数: 30000
2025-10-11 02:31:46,658 - INFO - training_console - 最大对数: 30000
2025-10-11 02:31:46,658 - INFO - training_file - 训练轮数: 100
2025-10-11 02:31:46,658 - INFO - training_console - 训练轮数: 100
2025-10-11 02:31:46,658 - INFO - training_file - 正在构建图数据: mol_evo/dataset/data/qm9-evo-pairs-step-1-with-properties.csv
2025-10-11 02:31:46,658 - INFO - training_console - 正在构建图数据: mol_evo/dataset/data/qm9-evo-pairs-step-1-with-properties.csv
2025-10-11 02:31:48,296 - INFO - training_file - 加载缓存文件: /home/data2/rhj/project/mol_editor/mol_evo/core/utils/../../.cache/molecule_graphs/training_dataset.pt，包含 1985 个分子
2025-10-11 02:31:48,296 - INFO - training_console - 加载缓存文件: /home/data2/rhj/project/mol_editor/mol_evo/core/utils/../../.cache/molecule_graphs/training_dataset.pt，包含 1985 个分子
2025-10-11 02:31:51,506 - INFO - training_file - 跳过无法处理的分子对: [H]O/N=C(\C([H])([H])[H])C([H])([H])C(C([H])([H])[H])(C([H])([H])[H])C([H])([H])[H] -> [H]ONC1C([H])([H])[C@]23C([H])([H])[C@]([H])(C2([H])[H])[C@@]13[H]
2025-10-11 02:31:51,506 - INFO - training_console - 跳过无法处理的分子对: [H]O/N=C(\C([H])([H])[H])C([H])([H])C(C([H])([H])[H])(C([H])([H])[H])C([H])([H])[H] -> [H]ONC1C([H])([H])[C@]23C([H])([H])[C@]([H])(C2([H])[H])[C@@]13[H]
2025-10-11 02:31:52,257 - INFO - training_file - 跳过无法处理的分子对: [H]O/N=C(/C([H])([H])C([H])([H])[H])C(C([H])([H])[H])(C([H])([H])[H])C([H])([H])[H] -> [H]ONC1C([H])([H])[C@]23C([H])([H])[C@]([H])(C2([H])[H])[C@@]13[H]
2025-10-11 02:31:52,257 - INFO - training_console - 跳过无法处理的分子对: [H]O/N=C(/C([H])([H])C([H])([H])[H])C(C([H])([H])[H])(C([H])([H])[H])C([H])([H])[H] -> [H]ONC1C([H])([H])[C@]23C([H])([H])[C@]([H])(C2([H])[H])[C@@]13[H]
2025-10-11 02:31:53,013 - INFO - training_file - 跳过无法处理的分子对: [H]O/N=C(\C([H])([H])[H])C(C([H])([H])[H])(C([H])([H])[H])C([H])([H])C([H])([H])[H] -> [H]ONC1C([H])([H])[C@]23C([H])([H])[C@]([H])(C2([H])[H])[C@@]13[H]
2025-10-11 02:31:53,013 - INFO - training_console - 跳过无法处理的分子对: [H]O/N=C(\C([H])([H])[H])C(C([H])([H])[H])(C([H])([H])[H])C([H])([H])C([H])([H])[H] -> [H]ONC1C([H])([H])[C@]23C([H])([H])[C@]([H])(C2([H])[H])[C@@]13[H]
2025-10-11 02:31:53,820 - INFO - training_file - 跳过无法处理的分子对: [H]O/N=C(\C([H])([H])[H])C([H])([H])C([H])([H])C([H])(C([H])([H])[H])C([H])([H])[H] -> [H]ONC1C([H])([H])[C@]23C([H])([H])[C@]([H])(C2([H])[H])[C@@]13[H]
2025-10-11 02:31:53,820 - INFO - training_console - 跳过无法处理的分子对: [H]O/N=C(\C([H])([H])[H])C([H])([H])C([H])([H])C([H])(C([H])([H])[H])C([H])([H])[H] -> [H]ONC1C([H])([H])[C@]23C([H])([H])[C@]([H])(C2([H])[H])[C@@]13[H]
2025-10-11 02:31:54,571 - INFO - training_file - 跳过无法处理的分子对: [H]ONC1C(C([H])([H])[H])(C([H])([H])[H])C([H])([H])[C@]1([H])C([H])([H])[H] -> [H]ONC1C([H])([H])[C@]23C([H])([H])[C@]([H])(C2([H])[H])[C@@]13[H]
2025-10-11 02:31:54,572 - INFO - training_console - 跳过无法处理的分子对: [H]ONC1C(C([H])([H])[H])(C([H])([H])[H])C([H])([H])[C@]1([H])C([H])([H])[H] -> [H]ONC1C([H])([H])[C@]23C([H])([H])[C@]([H])(C2([H])[H])[C@@]13[H]
2025-10-11 02:31:55,299 - INFO - training_file - 跳过无法处理的分子对: [H]ONC1C([H])=C([H])C(C([H])([H])[H])(C([H])([H])[H])C1([H])[H] -> [H]ONC1C([H])([H])[C@]23C([H])([H])[C@]([H])(C2([H])[H])[C@@]13[H]
2025-10-11 02:31:55,299 - INFO - training_console - 跳过无法处理的分子对: [H]ONC1C([H])=C([H])C(C([H])([H])[H])(C([H])([H])[H])C1([H])[H] -> [H]ONC1C([H])([H])[C@]23C([H])([H])[C@]([H])(C2([H])[H])[C@@]13[H]
2025-10-11 02:31:56,064 - INFO - training_file - 跳过无法处理的分子对: [H]ONC1C([H])([H])C([H])([H])C(C([H])([H])[H])(C([H])([H])[H])C1([H])[H] -> [H]ONC1C([H])([H])[C@]23C([H])([H])[C@]([H])(C2([H])[H])[C@@]13[H]
2025-10-11 02:31:56,064 - INFO - training_console - 跳过无法处理的分子对: [H]ONC1C([H])([H])C([H])([H])C(C([H])([H])[H])(C([H])([H])[H])C1([H])[H] -> [H]ONC1C([H])([H])[C@]23C([H])([H])[C@]([H])(C2([H])[H])[C@@]13[H]
2025-10-11 02:31:56,849 - INFO - training_file - 跳过无法处理的分子对: [H]O/N=C(\C([H])([H])C([H])([H])[H])C([H])([H])C([H])(C([H])([H])[H])C([H])([H])[H] -> [H]ONC1C([H])([H])[C@]23C([H])([H])[C@]([H])(C2([H])[H])[C@@]13[H]
2025-10-11 02:31:56,849 - INFO - training_console - 跳过无法处理的分子对: [H]O/N=C(\C([H])([H])C([H])([H])[H])C([H])([H])C([H])(C([H])([H])[H])C([H])([H])[H] -> [H]ONC1C([H])([H])[C@]23C([H])([H])[C@]([H])(C2([H])[H])[C@@]13[H]
2025-10-11 02:31:57,631 - INFO - training_file - 跳过无法处理的分子对: [H]C#C[C@]1(C([H])([H])[H])C([H])([H])[C@@H](NO[H])C1([H])[H] -> [H]ONC1C([H])([H])[C@]23C([H])([H])[C@]([H])(C2([H])[H])[C@@]13[H]
2025-10-11 02:31:57,631 - INFO - training_console - 跳过无法处理的分子对: [H]C#C[C@]1(C([H])([H])[H])C([H])([H])[C@@H](NO[H])C1([H])[H] -> [H]ONC1C([H])([H])[C@]23C([H])([H])[C@]([H])(C2([H])[H])[C@@]13[H]
2025-10-11 02:31:58,417 - INFO - training_file - 跳过无法处理的分子对: [H]ON[C@H]1C([H])([H])[C@](C([H])([H])[H])(C([H])([H])C([H])([H])[H])C1([H])[H] -> [H]ONC1C([H])([H])[C@]23C([H])([H])[C@]([H])(C2([H])[H])[C@@]13[H]
2025-10-11 02:31:58,418 - INFO - training_console - 跳过无法处理的分子对: [H]ON[C@H]1C([H])([H])[C@](C([H])([H])[H])(C([H])([H])C([H])([H])[H])C1([H])[H] -> [H]ONC1C([H])([H])[C@]23C([H])([H])[C@]([H])(C2([H])[H])[C@@]13[H]
2025-10-11 02:31:59,183 - INFO - training_file - 跳过无法处理的分子对: [H]O/N=C(\C([H])([H])[H])C([H])([H])C1(C([H])([H])[H])C([H])([H])C1([H])[H] -> [H]ONC1C([H])([H])[C@]23C([H])([H])[C@]([H])(C2([H])[H])[C@@]13[H]
2025-10-11 02:31:59,183 - INFO - training_console - 跳过无法处理的分子对: [H]O/N=C(\C([H])([H])[H])C([H])([H])C1(C([H])([H])[H])C([H])([H])C1([H])[H] -> [H]ONC1C([H])([H])[C@]23C([H])([H])[C@]([H])(C2([H])[H])[C@@]13[H]
2025-10-11 02:31:59,988 - INFO - training_file - 跳过无法处理的分子对: [H]O/N=C(\C([H])([H])[H])C([H])([H])C([H])([H])C([H])([H])C([H])([H])C([H])([H])[H] -> [H]ONC1C([H])([H])[C@]23C([H])([H])[C@]([H])(C2([H])[H])[C@@]13[H]
2025-10-11 02:31:59,989 - INFO - training_console - 跳过无法处理的分子对: [H]O/N=C(\C([H])([H])[H])C([H])([H])C([H])([H])C([H])([H])C([H])([H])C([H])([H])[H] -> [H]ONC1C([H])([H])[C@]23C([H])([H])[C@]([H])(C2([H])[H])[C@@]13[H]
2025-10-11 02:32:00,737 - INFO - training_file - 跳过无法处理的分子对: [H]ONC1C([H])([H])C([H])=C([H])C1(C([H])([H])[H])C([H])([H])[H] -> [H]ONC1C([H])([H])[C@]23C([H])([H])[C@]([H])(C2([H])[H])[C@@]13[H]
2025-10-11 02:32:00,737 - INFO - training_console - 跳过无法处理的分子对: [H]ONC1C([H])([H])C([H])=C([H])C1(C([H])([H])[H])C([H])([H])[H] -> [H]ONC1C([H])([H])[C@]23C([H])([H])[C@]([H])(C2([H])[H])[C@@]13[H]
2025-10-11 02:32:01,495 - INFO - training_file - 跳过无法处理的分子对: [H]ONC1=C([H])[C-]([H])C([H])([H])C1(C([H])([H])[H])C([H])([H])[H] -> [H]ONC1C([H])([H])[C@]23C([H])([H])[C@]([H])(C2([H])[H])[C@@]13[H]
2025-10-11 02:32:01,495 - INFO - training_console - 跳过无法处理的分子对: [H]ONC1=C([H])[C-]([H])C([H])([H])C1(C([H])([H])[H])C([H])([H])[H] -> [H]ONC1C([H])([H])[C@]23C([H])([H])[C@]([H])(C2([H])[H])[C@@]13[H]
2025-10-11 02:32:02,231 - INFO - training_file - 跳过无法处理的分子对: [H]ONC1C([H])([H])C([H])([H])C([H])([H])C1(C([H])([H])[H])C([H])([H])[H] -> [H]ONC1C([H])([H])[C@]23C([H])([H])[C@]([H])(C2([H])[H])[C@@]13[H]
2025-10-11 02:32:02,231 - INFO - training_console - 跳过无法处理的分子对: [H]ONC1C([H])([H])C([H])([H])C([H])([H])C1(C([H])([H])[H])C([H])([H])[H] -> [H]ONC1C([H])([H])[C@]23C([H])([H])[C@]([H])(C2([H])[H])[C@@]13[H]
2025-10-11 02:32:02,980 - INFO - training_file - 跳过无法处理的分子对: [H]ON=C(C([H])([H])C([H])([H])C([H])([H])[H])C([H])([H])C([H])([H])C([H])([H])[H] -> [H]ONC1C([H])([H])[C@]23C([H])([H])[C@]([H])(C2([H])[H])[C@@]13[H]
2025-10-11 02:32:02,980 - INFO - training_console - 跳过无法处理的分子对: [H]ON=C(C([H])([H])C([H])([H])C([H])([H])[H])C([H])([H])C([H])([H])C([H])([H])[H] -> [H]ONC1C([H])([H])[C@]23C([H])([H])[C@]([H])(C2([H])[H])[C@@]13[H]
2025-10-11 02:32:03,740 - INFO - training_file - 跳过无法处理的分子对: [H]O/N=C(/C([H])([H])C([H])([H])C([H])([H])[H])C([H])(C([H])([H])[H])C([H])([H])[H] -> [H]ONC1C([H])([H])[C@]23C([H])([H])[C@]([H])(C2([H])[H])[C@@]13[H]
2025-10-11 02:32:03,740 - INFO - training_console - 跳过无法处理的分子对: [H]O/N=C(/C([H])([H])C([H])([H])C([H])([H])[H])C([H])(C([H])([H])[H])C([H])([H])[H] -> [H]ONC1C([H])([H])[C@]23C([H])([H])[C@]([H])(C2([H])[H])[C@@]13[H]
2025-10-11 02:32:04,504 - INFO - training_file - 跳过无法处理的分子对: [H]ON=C(C([H])(C([H])([H])[H])C([H])([H])[H])C([H])(C([H])([H])[H])C([H])([H])[H] -> [H]ONC1C([H])([H])[C@]23C([H])([H])[C@]([H])(C2([H])[H])[C@@]13[H]
2025-10-11 02:32:04,504 - INFO - training_console - 跳过无法处理的分子对: [H]ON=C(C([H])(C([H])([H])[H])C([H])([H])[H])C([H])(C([H])([H])[H])C([H])([H])[H] -> [H]ONC1C([H])([H])[C@]23C([H])([H])[C@]([H])(C2([H])[H])[C@@]13[H]
2025-10-11 02:32:05,401 - INFO - training_file - 跳过无法处理的分子对: [H]O/N=C(\C([H])([H])[H])C1(C([H])([H])[H])C([H])([H])C([H])([H])C1([H])[H] -> [H]ONC1C([H])([H])[C@]23C([H])([H])[C@]([H])(C2([H])[H])[C@@]13[H]
2025-10-11 02:32:05,401 - INFO - training_console - 跳过无法处理的分子对: [H]O/N=C(\C([H])([H])[H])C1(C([H])([H])[H])C([H])([H])C([H])([H])C1([H])[H] -> [H]ONC1C([H])([H])[C@]23C([H])([H])[C@]([H])(C2([H])[H])[C@@]13[H]
2025-10-11 02:32:06,155 - INFO - training_file - 跳过无法处理的分子对: [H]ON[C@H]1C([H])([H])[C@]([H])(C([H])(C([H])([H])[H])C([H])([H])[H])C1([H])[H] -> [H]ONC1C([H])([H])[C@]23C([H])([H])[C@]([H])(C2([H])[H])[C@@]13[H]
2025-10-11 02:32:06,155 - INFO - training_console - 跳过无法处理的分子对: [H]ON[C@H]1C([H])([H])[C@]([H])(C([H])(C([H])([H])[H])C([H])([H])[H])C1([H])[H] -> [H]ONC1C([H])([H])[C@]23C([H])([H])[C@]([H])(C2([H])[H])[C@@]13[H]
2025-10-11 02:32:06,880 - INFO - training_file - 跳过无法处理的分子对: [H]O/N=C(\C([H])([H])[H])[C@]1([H])C([H])([H])[C@@]([H])(C([H])([H])[H])C1([H])[H] -> [H]ONC1C([H])([H])[C@]23C([H])([H])[C@]([H])(C2([H])[H])[C@@]13[H]
2025-10-11 02:32:06,880 - INFO - training_console - 跳过无法处理的分子对: [H]O/N=C(\C([H])([H])[H])[C@]1([H])C([H])([H])[C@@]([H])(C([H])([H])[H])C1([H])[H] -> [H]ONC1C([H])([H])[C@]23C([H])([H])[C@]([H])(C2([H])[H])[C@@]13[H]
2025-10-11 02:32:07,611 - INFO - training_file - 跳过无法处理的分子对: [H]ONC1C([H])=C(C([H])([H])[H])C([H])([H])C([H])([H])C1([H])[H] -> [H]ONC1C([H])([H])[C@]23C([H])([H])[C@]([H])(C2([H])[H])[C@@]13[H]
2025-10-11 02:32:07,611 - INFO - training_console - 跳过无法处理的分子对: [H]ONC1C([H])=C(C([H])([H])[H])C([H])([H])C([H])([H])C1([H])[H] -> [H]ONC1C([H])([H])[C@]23C([H])([H])[C@]([H])(C2([H])[H])[C@@]13[H]
2025-10-11 02:32:08,340 - INFO - training_file - 跳过无法处理的分子对: [H]ONC1C([H])([H])C(C([H])([H])[H])=C([H])C([H])([H])C1([H])[H] -> [H]ONC1C([H])([H])[C@]23C([H])([H])[C@]([H])(C2([H])[H])[C@@]13[H]
2025-10-11 02:32:08,340 - INFO - training_console - 跳过无法处理的分子对: [H]ONC1C([H])([H])C(C([H])([H])[H])=C([H])C([H])([H])C1([H])[H] -> [H]ONC1C([H])([H])[C@]23C([H])([H])[C@]([H])(C2([H])[H])[C@@]13[H]
2025-10-11 02:32:09,082 - INFO - training_file - 跳过无法处理的分子对: [H]ONC1C([H])([H])C([H])([H])C([H])([H])[C@]([H])(C([H])([H])[H])C1([H])[H] -> [H]ONC1C([H])([H])[C@]23C([H])([H])[C@]([H])(C2([H])[H])[C@@]13[H]
2025-10-11 02:32:09,082 - INFO - training_console - 跳过无法处理的分子对: [H]ONC1C([H])([H])C([H])([H])C([H])([H])[C@]([H])(C([H])([H])[H])C1([H])[H] -> [H]ONC1C([H])([H])[C@]23C([H])([H])[C@]([H])(C2([H])[H])[C@@]13[H]
2025-10-11 02:32:09,794 - INFO - training_file - 跳过无法处理的分子对: [H]ONC1C([H])([H])C(C([H])([H])[H])=C(C([H])([H])[H])C1([H])[H] -> [H]ONC1C([H])([H])[C@]23C([H])([H])[C@]([H])(C2([H])[H])[C@@]13[H]
2025-10-11 02:32:09,794 - INFO - training_console - 跳过无法处理的分子对: [H]ONC1C([H])([H])C(C([H])([H])[H])=C(C([H])([H])[H])C1([H])[H] -> [H]ONC1C([H])([H])[C@]23C([H])([H])[C@]([H])(C2([H])[H])[C@@]13[H]
2025-10-11 02:32:10,540 - INFO - training_file - 跳过无法处理的分子对: [H]ONC1C([H])([H])C(C([H])([H])[H])=C([H])[C@]1([H])C([H])([H])[H] -> [H]ONC1C([H])([H])[C@]23C([H])([H])[C@]([H])(C2([H])[H])[C@@]13[H]
2025-10-11 02:32:10,540 - INFO - training_console - 跳过无法处理的分子对: [H]ONC1C([H])([H])C(C([H])([H])[H])=C([H])[C@]1([H])C([H])([H])[H] -> [H]ONC1C([H])([H])[C@]23C([H])([H])[C@]([H])(C2([H])[H])[C@@]13[H]
2025-10-11 02:32:10,998 - INFO - training_file - 跳过无法处理的分子对: [H][N-]C1O[C@]([H])(C([H])([H])[H])C(NO[H])C1([H])[H] -> [H]ONC1C([H])([H])[C@]23C([H])([H])[N@@H+](C2([H])[H])[C@@]13[H]
2025-10-11 02:32:10,999 - INFO - training_console - 跳过无法处理的分子对: [H][N-]C1O[C@]([H])(C([H])([H])[H])C(NO[H])C1([H])[H] -> [H]ONC1C([H])([H])[C@]23C([H])([H])[N@@H+](C2([H])[H])[C@@]13[H]
2025-10-11 02:32:11,729 - INFO - training_file - 跳过无法处理的分子对: [H]ONC1C([H])([H])[C@]2([H])C([H])([H])[C@@]1(C([H])([H])[H])C2([H])[H] -> [H]ONC1C([H])([H])[C@]23C([H])([H])[C@]([H])(C2([H])[H])[C@@]13[H]
2025-10-11 02:32:11,729 - INFO - training_console - 跳过无法处理的分子对: [H]ONC1C([H])([H])[C@]2([H])C([H])([H])[C@@]1(C([H])([H])[H])C2([H])[H] -> [H]ONC1C([H])([H])[C@]23C([H])([H])[C@]([H])(C2([H])[H])[C@@]13[H]
2025-10-11 02:32:12,471 - INFO - training_file - 跳过无法处理的分子对: [H]O/N=C(\C([H])([H])[H])C([H])([H])C1([H])C([H])([H])C([H])([H])C1([H])[H] -> [H]ONC1C([H])([H])[C@]23C([H])([H])[C@]([H])(C2([H])[H])[C@@]13[H]
2025-10-11 02:32:12,471 - INFO - training_console - 跳过无法处理的分子对: [H]O/N=C(\C([H])([H])[H])C([H])([H])C1([H])C([H])([H])C([H])([H])C1([H])[H] -> [H]ONC1C([H])([H])[C@]23C([H])([H])[C@]([H])(C2([H])[H])[C@@]13[H]
2025-10-11 02:32:13,163 - INFO - training_file - 跳过无法处理的分子对: [H]C#CC([H])([H])[C@]1([H])C([H])([H])[C@@H](NO[H])C1([H])[H] -> [H]ONC1C([H])([H])[C@]23C([H])([H])[C@]([H])(C2([H])[H])[C@@]13[H]
2025-10-11 02:32:13,163 - INFO - training_console - 跳过无法处理的分子对: [H]C#CC([H])([H])[C@]1([H])C([H])([H])[C@@H](NO[H])C1([H])[H] -> [H]ONC1C([H])([H])[C@]23C([H])([H])[C@]([H])(C2([H])[H])[C@@]13[H]
2025-10-11 02:32:13,895 - INFO - training_file - 跳过无法处理的分子对: [H]ON[C@H]1C([H])([H])[C@]([H])(C#CC([H])([H])[H])C1([H])[H] -> [H]ONC1C([H])([H])[C@]23C([H])([H])[C@]([H])(C2([H])[H])[C@@]13[H]
2025-10-11 02:32:13,895 - INFO - training_console - 跳过无法处理的分子对: [H]ON[C@H]1C([H])([H])[C@]([H])(C#CC([H])([H])[H])C1([H])[H] -> [H]ONC1C([H])([H])[C@]23C([H])([H])[C@]([H])(C2([H])[H])[C@@]13[H]
2025-10-11 02:32:14,617 - INFO - training_file - 跳过无法处理的分子对: [H]ON[C@H]1C([H])([H])[C@]([H])(C([H])([H])C([H])([H])C([H])([H])[H])C1([H])[H] -> [H]ONC1C([H])([H])[C@]23C([H])([H])[C@]([H])(C2([H])[H])[C@@]13[H]
2025-10-11 02:32:14,618 - INFO - training_console - 跳过无法处理的分子对: [H]ON[C@H]1C([H])([H])[C@]([H])(C([H])([H])C([H])([H])C([H])([H])[H])C1([H])[H] -> [H]ONC1C([H])([H])[C@]23C([H])([H])[C@]([H])(C2([H])[H])[C@@]13[H]
2025-10-11 02:32:15,347 - INFO - training_file - 跳过无法处理的分子对: [H]ONC1C([H])([H])C2(C1([H])[H])C([H])([H])C([H])([H])C2([H])[H] -> [H]ONC1C([H])([H])[C@]23C([H])([H])[C@]([H])(C2([H])[H])[C@@]13[H]
2025-10-11 02:32:15,347 - INFO - training_console - 跳过无法处理的分子对: [H]ONC1C([H])([H])C2(C1([H])[H])C([H])([H])C([H])([H])C2([H])[H] -> [H]ONC1C([H])([H])[C@]23C([H])([H])[C@]([H])(C2([H])[H])[C@@]13[H]
2025-10-11 02:32:15,387 - INFO - training_file - 分子处理统计: 总数=60000, 命中=59967, 未命中=33, 命中率=99.94%
2025-10-11 02:32:15,387 - INFO - training_console - 分子处理统计: 总数=60000, 命中=59967, 未命中=33, 命中率=99.94%
2025-10-11 02:32:15,411 - INFO - training_file - 训练集样本示例 (头部数据):
2025-10-11 02:32:15,411 - INFO - training_console - 训练集样本示例 (头部数据):
2025-10-11 02:32:15,412 - INFO - training_file -   样本 1:
2025-10-11 02:32:15,412 - INFO - training_console -   样本 1:
2025-10-11 02:32:15,412 - INFO - training_file -     起始分子节点数: 5
2025-10-11 02:32:15,412 - INFO - training_console -     起始分子节点数: 5
2025-10-11 02:32:15,412 - INFO - training_file -     起始分子边数: 8
2025-10-11 02:32:15,412 - INFO - training_console -     起始分子边数: 8
2025-10-11 02:32:15,412 - INFO - training_file -     目标分子节点数: 8
2025-10-11 02:32:15,412 - INFO - training_console -     目标分子节点数: 8
2025-10-11 02:32:15,412 - INFO - training_file -     目标分子边数: 14
2025-10-11 02:32:15,412 - INFO - training_console -     目标分子边数: 14
2025-10-11 02:32:15,412 - INFO - training_file -     边特征: [1.0, 0.0, 0.0, 0.0, 0.0, 1.0, 0.0, 0.0, 0.0, 0.0, 0.0]
2025-10-11 02:32:15,412 - INFO - training_console -     边特征: [1.0, 0.0, 0.0, 0.0, 0.0, 1.0, 0.0, 0.0, 0.0, 0.0, 0.0]
2025-10-11 02:32:15,413 - INFO - training_file -     目标属性值: 0.0235179141163826
2025-10-11 02:32:15,413 - INFO - training_console -     目标属性值: 0.0235179141163826
2025-10-11 02:32:15,413 - INFO - training_file -   样本 2:
2025-10-11 02:32:15,413 - INFO - training_console -   样本 2:
2025-10-11 02:32:15,413 - INFO - training_file -     起始分子节点数: 3
2025-10-11 02:32:15,413 - INFO - training_console -     起始分子节点数: 3
2025-10-11 02:32:15,413 - INFO - training_file -     起始分子边数: 4
2025-10-11 02:32:15,413 - INFO - training_console -     起始分子边数: 4
2025-10-11 02:32:15,413 - INFO - training_file -     目标分子节点数: 6
2025-10-11 02:32:15,413 - INFO - training_console -     目标分子节点数: 6
2025-10-11 02:32:15,413 - INFO - training_file -     目标分子边数: 10
2025-10-11 02:32:15,413 - INFO - training_console -     目标分子边数: 10
2025-10-11 02:32:15,413 - INFO - training_file -     边特征: [1.0, 0.0, 0.0, 0.0, 0.0, 1.0, 0.0, 0.0, 0.0, 0.0, 0.0]
2025-10-11 02:32:15,413 - INFO - training_console -     边特征: [1.0, 0.0, 0.0, 0.0, 0.0, 1.0, 0.0, 0.0, 0.0, 0.0, 0.0]
2025-10-11 02:32:15,413 - INFO - training_file -     目标属性值: -0.273184210062027
2025-10-11 02:32:15,413 - INFO - training_console -     目标属性值: -0.273184210062027
2025-10-11 02:32:15,413 - INFO - training_file -   样本 3:
2025-10-11 02:32:15,413 - INFO - training_console -   样本 3:
2025-10-11 02:32:15,413 - INFO - training_file -     起始分子节点数: 4
2025-10-11 02:32:15,413 - INFO - training_console -     起始分子节点数: 4
2025-10-11 02:32:15,413 - INFO - training_file -     起始分子边数: 6
2025-10-11 02:32:15,413 - INFO - training_console -     起始分子边数: 6
2025-10-11 02:32:15,413 - INFO - training_file -     目标分子节点数: 11
2025-10-11 02:32:15,413 - INFO - training_console -     目标分子节点数: 11
2025-10-11 02:32:15,413 - INFO - training_file -     目标分子边数: 20
2025-10-11 02:32:15,413 - INFO - training_console -     目标分子边数: 20
2025-10-11 02:32:15,413 - INFO - training_file -     边特征: [1.0, 0.0, 0.0, 0.0, 0.0, 0.0, 1.0, 0.0, 0.0, 0.0, 0.0]
2025-10-11 02:32:15,413 - INFO - training_console -     边特征: [1.0, 0.0, 0.0, 0.0, 0.0, 0.0, 1.0, 0.0, 0.0, 0.0, 0.0]
2025-10-11 02:32:15,413 - INFO - training_file -     目标属性值: 0.07796955853700638
2025-10-11 02:32:15,413 - INFO - training_console -     目标属性值: 0.07796955853700638
2025-10-11 02:32:15,414 - INFO - training_file - 数据构建完成:
2025-10-11 02:32:15,414 - INFO - training_console - 数据构建完成:
2025-10-11 02:32:15,414 - INFO - training_file -   - 样本数: 29967
2025-10-11 02:32:15,414 - INFO - training_console -   - 样本数: 29967
2025-10-11 02:32:15,414 - INFO - training_file -   - 节点特征维度: 11
2025-10-11 02:32:15,414 - INFO - training_console -   - 节点特征维度: 11
2025-10-11 02:32:15,414 - INFO - training_file -   - 边特征维度: 11
2025-10-11 02:32:15,414 - INFO - training_console -   - 边特征维度: 11
2025-10-11 02:32:15,414 - INFO - training_file -   - 目标属性变化维度: 1
2025-10-11 02:32:15,414 - INFO - training_console -   - 目标属性变化维度: 1
2025-10-11 02:32:15,417 - INFO - training_file - 数据集划分完成:
2025-10-11 02:32:15,417 - INFO - training_console - 数据集划分完成:
2025-10-11 02:32:15,417 - INFO - training_file -   - 训练集: 23973 (80.0%)
2025-10-11 02:32:15,417 - INFO - training_console -   - 训练集: 23973 (80.0%)
2025-10-11 02:32:15,417 - INFO - training_file -   - 验证集: 2996 (10.0%)
2025-10-11 02:32:15,417 - INFO - training_console -   - 验证集: 2996 (10.0%)
2025-10-11 02:32:15,417 - INFO - training_file -   - 测试集: 2998 (10.0%)
2025-10-11 02:32:15,417 - INFO - training_console -   - 测试集: 2998 (10.0%)
2025-10-11 02:32:15,521 - INFO - training_file - 正在创建模型...
2025-10-11 02:32:15,521 - INFO - training_console - 正在创建模型...
2025-10-11 02:32:15,521 - INFO - training_file - 模型参数数量: 980993
2025-10-11 02:32:15,521 - INFO - training_console - 模型参数数量: 980993
2025-10-11 02:32:15,521 - INFO - training_file - 使用设备: cuda
2025-10-11 02:32:15,521 - INFO - training_console - 使用设备: cuda
2025-10-11 02:32:36,209 - INFO - training_file - Epoch [10/100], Train Loss: 0.518807, Val Loss: 0.523716, R²: 0.3781, MAE: 0.5237
2025-10-11 02:32:58,673 - INFO - training_file - Epoch [20/100], Train Loss: 0.485053, Val Loss: 0.489917, R²: 0.4247, MAE: 0.4899
2025-10-11 02:33:21,306 - INFO - training_file - Epoch [30/100], Train Loss: 0.456199, Val Loss: 0.472705, R²: 0.4476, MAE: 0.4727
2025-10-11 02:33:44,124 - INFO - training_file - Epoch [40/100], Train Loss: 0.413393, Val Loss: 0.419170, R²: 0.5276, MAE: 0.4192
2025-10-11 02:34:07,072 - INFO - training_file - Epoch [50/100], Train Loss: 0.399485, Val Loss: 0.412092, R²: 0.5245, MAE: 0.4121
2025-10-11 02:34:29,925 - INFO - training_file - Epoch [60/100], Train Loss: 0.374228, Val Loss: 0.387599, R²: 0.5605, MAE: 0.3876
2025-10-11 02:34:52,957 - INFO - training_file - Epoch [70/100], Train Loss: 0.366574, Val Loss: 0.381779, R²: 0.5868, MAE: 0.3818
2025-10-11 02:35:13,417 - INFO - training_file - Epoch [80/100], Train Loss: 0.341267, Val Loss: 0.362423, R²: 0.6161, MAE: 0.3624
2025-10-11 02:35:33,404 - INFO - training_file - Epoch [90/100], Train Loss: 0.327733, Val Loss: 0.352031, R²: 0.6281, MAE: 0.3520
2025-10-11 02:35:53,628 - INFO - training_file - 已保存checkpoint: /home/data2/rhj/project/mol_editor/mol_evo/../mol_evo/model-data/v0/training_20251011_023146/checkpoint_epoch_100.pth
2025-10-11 02:35:53,628 - INFO - training_console - 已保存checkpoint: /home/data2/rhj/project/mol_editor/mol_evo/../mol_evo/model-data/v0/training_20251011_023146/checkpoint_epoch_100.pth
2025-10-11 02:35:53,833 - INFO - training_file - Epoch [100/100], Train Loss: 0.315565, Val Loss: 0.334756, R²: 0.6545, MAE: 0.3348
2025-10-11 02:35:53,834 - INFO - training_file - 开始训练 (100 轮)...
2025-10-11 02:35:53,834 - INFO - training_console - 开始训练 (100 轮)...
2025-10-11 02:35:55,025 - INFO - training_file - ============================================================
2025-10-11 02:35:55,025 - INFO - training_console - ============================================================
2025-10-11 02:35:55,025 - INFO - training_file - 训练完成 - 最终评估结果
2025-10-11 02:35:55,025 - INFO - training_console - 训练完成 - 最终评估结果
2025-10-11 02:35:55,025 - INFO - training_file - ============================================================
2025-10-11 02:35:55,025 - INFO - training_console - ============================================================
2025-10-11 02:35:55,025 - INFO - training_file - 测试集损失: 0.331910
2025-10-11 02:35:55,025 - INFO - training_console - 测试集损失: 0.331910
2025-10-11 02:35:55,025 - INFO - training_file - RMSE: 0.564331
2025-10-11 02:35:55,025 - INFO - training_console - RMSE: 0.564331
2025-10-11 02:35:55,025 - INFO - training_file - MAE: 0.331910
2025-10-11 02:35:55,025 - INFO - training_console - MAE: 0.331910
2025-10-11 02:35:55,026 - INFO - training_file - R²: 0.651242
2025-10-11 02:35:55,026 - INFO - training_console - R²: 0.651242
2025-10-11 02:35:55,026 - INFO - training_file - 
2025-10-11 02:35:55,026 - INFO - training_console - 
2025-10-11 02:35:55,026 - INFO - training_file - 阈值准确率:
2025-10-11 02:35:55,026 - INFO - training_console - 阈值准确率:
2025-10-11 02:35:55,026 - INFO - training_file -   阈值 0.4: 74.85%
2025-10-11 02:35:55,026 - INFO - training_console -   阈值 0.4: 74.85%
2025-10-11 02:35:55,026 - INFO - training_file -   阈值 0.3: 68.28%
2025-10-11 02:35:55,026 - INFO - training_console -   阈值 0.3: 68.28%
2025-10-11 02:35:55,026 - INFO - training_file -   阈值 0.2: 58.34%
2025-10-11 02:35:55,026 - INFO - training_console -   阈值 0.2: 58.34%
2025-10-11 02:35:55,026 - INFO - training_file -   阈值 0.1: 38.73%
2025-10-11 02:35:55,026 - INFO - training_console -   阈值 0.1: 38.73%
2025-10-11 02:35:55,026 - INFO - training_file -   阈值 0.05: 21.35%
2025-10-11 02:35:55,026 - INFO - training_console -   阈值 0.05: 21.35%
2025-10-11 02:35:55,026 - INFO - training_file - 
2025-10-11 02:35:55,026 - INFO - training_console - 
2025-10-11 02:35:55,026 - INFO - training_file - 模型已保存至: /home/data2/rhj/project/mol_editor/mol_evo/../mol_evo/model-data/v0/training_20251011_023146/molecule_evolution_gcn_v0_mu_predictor.pth
2025-10-11 02:35:55,026 - INFO - training_console - 模型已保存至: /home/data2/rhj/project/mol_editor/mol_evo/../mol_evo/model-data/v0/training_20251011_023146/molecule_evolution_gcn_v0_mu_predictor.pth
2025-10-11 02:35:55,026 - INFO - training_file - 
2025-10-11 02:35:55,026 - INFO - training_console - 
2025-10-11 02:35:55,026 - INFO - training_file - 训练过程总结:
2025-10-11 02:35:55,026 - INFO - training_console - 训练过程总结:
2025-10-11 02:35:55,026 - INFO - training_file -   最佳训练损失: 0.308963
2025-10-11 02:35:55,026 - INFO - training_console -   最佳训练损失: 0.308963
2025-10-11 02:35:55,026 - INFO - training_file -   最佳验证损失: 0.334756
2025-10-11 02:35:55,026 - INFO - training_console -   最佳验证损失: 0.334756
2025-10-11 02:35:55,026 - INFO - training_file - 
2025-10-11 02:35:55,026 - INFO - training_console - 
2025-10-11 02:35:55,026 - INFO - training_file - 训练完成:
2025-10-11 02:35:55,026 - INFO - training_console - 训练完成:
2025-10-11 02:35:55,027 - INFO - training_file -   - 最终训练损失: 0.315565
2025-10-11 02:35:55,027 - INFO - training_console -   - 最终训练损失: 0.315565
2025-10-11 02:35:55,027 - INFO - training_file -   - 最佳验证损失: 0.334756
2025-10-11 02:35:55,027 - INFO - training_console -   - 最佳验证损失: 0.334756
2025-10-11 02:35:55,027 - INFO - training_file -   - 测试损失 (MSE): 0.331910
2025-10-11 02:35:55,027 - INFO - training_console -   - 测试损失 (MSE): 0.331910
2025-10-11 02:35:55,027 - INFO - training_file -   - 测试RMSE: 0.564331
2025-10-11 02:35:55,027 - INFO - training_console -   - 测试RMSE: 0.564331
2025-10-11 02:35:55,027 - INFO - training_file -   - 测试MAE: 0.331910
2025-10-11 02:35:55,027 - INFO - training_console -   - 测试MAE: 0.331910
2025-10-11 02:35:55,027 - INFO - training_file -   - 测试R²: 0.651242
2025-10-11 02:35:55,027 - INFO - training_console -   - 测试R²: 0.651242
2025-10-11 02:35:55,027 - INFO - training_file -   - 测试阈值准确率 (0.4): 0.7485
2025-10-11 02:35:55,027 - INFO - training_console -   - 测试阈值准确率 (0.4): 0.7485
2025-10-11 02:35:55,027 - INFO - training_file -   - 测试阈值准确率 (0.3): 0.6828
2025-10-11 02:35:55,027 - INFO - training_console -   - 测试阈值准确率 (0.3): 0.6828
2025-10-11 02:35:55,027 - INFO - training_file -   - 测试阈值准确率 (0.2): 0.5834
2025-10-11 02:35:55,027 - INFO - training_console -   - 测试阈值准确率 (0.2): 0.5834
2025-10-11 02:35:55,027 - INFO - training_file -   - 测试阈值准确率 (0.1): 0.3873
2025-10-11 02:35:55,027 - INFO - training_console -   - 测试阈值准确率 (0.1): 0.3873
2025-10-11 02:35:55,027 - INFO - training_file -   - 测试阈值准确率 (0.05): 0.2135
2025-10-11 02:35:55,027 - INFO - training_console -   - 测试阈值准确率 (0.05): 0.2135
2025-10-11 02:35:55,027 - INFO - training_file -   - 模型已保存到: /home/data2/rhj/project/mol_editor/mol_evo/../mol_evo/model-data/v0/training_20251011_023146/molecule_evolution_gcn_v0_mu_predictor.pth
2025-10-11 02:35:55,027 - INFO - training_console -   - 模型已保存到: /home/data2/rhj/project/mol_editor/mol_evo/../mol_evo/model-data/v0/training_20251011_023146/molecule_evolution_gcn_v0_mu_predictor.pth
