2025-10-14 01:57:45,908 - INFO - training_file - ============================================================
2025-10-14 01:57:45,908 - INFO - training_console - ============================================================
2025-10-14 01:57:45,908 - INFO - training_file - 基于NNConv的分子进化预测器模型训练开始
2025-10-14 01:57:45,908 - INFO - training_console - 基于NNConv的分子进化预测器模型训练开始
2025-10-14 01:57:45,908 - INFO - training_file - ============================================================
2025-10-14 01:57:45,908 - INFO - training_console - ============================================================
2025-10-14 01:57:45,908 - INFO - training_file - 数据文件: mol_evo/dataset/data/qm9-evo-pairs-step-1-with-properties-pct.csv
2025-10-14 01:57:45,908 - INFO - training_console - 数据文件: mol_evo/dataset/data/qm9-evo-pairs-step-1-with-properties-pct.csv
2025-10-14 01:57:45,908 - INFO - training_file - 最大对数: 50
2025-10-14 01:57:45,909 - INFO - training_console - 最大对数: 50
2025-10-14 01:57:45,909 - INFO - training_file - 训练轮数: 20
2025-10-14 01:57:45,909 - INFO - training_console - 训练轮数: 20
2025-10-14 01:57:45,909 - INFO - training_file - 正在构建图数据: mol_evo/dataset/data/qm9-evo-pairs-step-1-with-properties-pct.csv
2025-10-14 01:57:45,909 - INFO - training_console - 正在构建图数据: mol_evo/dataset/data/qm9-evo-pairs-step-1-with-properties-pct.csv
2025-10-14 01:57:46,559 - INFO - training_file - 加载缓存文件: /home/data2/rhj/project/mol_editor/mol_evo/core/utils/../../.cache/molecule_graphs/csv_qm9-evo-pairs-step-1-with-properties-pct_3cbb45cc1ac9202d.pt，包含 1994 个分子
2025-10-14 01:57:46,559 - INFO - training_console - 加载缓存文件: /home/data2/rhj/project/mol_editor/mol_evo/core/utils/../../.cache/molecule_graphs/csv_qm9-evo-pairs-step-1-with-properties-pct_3cbb45cc1ac9202d.pt，包含 1994 个分子
2025-10-14 01:57:46,569 - INFO - training_file - 分子处理统计: 总数=100, 命中=100, 未命中=0, 命中率=100.00%
2025-10-14 01:57:46,569 - INFO - training_console - 分子处理统计: 总数=100, 命中=100, 未命中=0, 命中率=100.00%
2025-10-14 01:57:46,575 - INFO - training_file - --- 训练集样本示例 (头部数据) ---
2025-10-14 01:57:46,575 - INFO - training_console - --- 训练集样本示例 (头部数据) ---
2025-10-14 01:57:46,575 - INFO - training_file -   样本       起始节点数        起始边数         目标节点数        目标边数         边特征             目标属性值          
2025-10-14 01:57:46,575 - INFO - training_console -   样本       起始节点数        起始边数         目标节点数        目标边数         边特征             目标属性值          
2025-10-14 01:57:46,575 - INFO - training_file -   --------------------------------------------------------------------------------
2025-10-14 01:57:46,575 - INFO - training_console -   --------------------------------------------------------------------------------
2025-10-14 01:57:46,581 - INFO - training_file -   1        5            8            8            14           [1.0, 0.0, 0.   0.465178       
2025-10-14 01:57:46,581 - INFO - training_console -   1        5            8            8            14           [1.0, 0.0, 0.   0.465178       
2025-10-14 01:57:46,581 - INFO - training_file -   2        3            4            6            10           [1.0, 0.0, 0.   0.013040       
2025-10-14 01:57:46,581 - INFO - training_console -   2        3            4            6            10           [1.0, 0.0, 0.   0.013040       
2025-10-14 01:57:46,581 - INFO - training_file -   3        4            6            11           20           [1.0, 0.0, 0.   0.548156       
2025-10-14 01:57:46,581 - INFO - training_console -   3        4            6            11           20           [1.0, 0.0, 0.   0.548156       
2025-10-14 01:57:46,581 - INFO - training_file -   --------------------------------------------------------------------------------
2025-10-14 01:57:46,581 - INFO - training_console -   --------------------------------------------------------------------------------
2025-10-14 01:57:46,581 - INFO - training_file - 
数据构建完成:
2025-10-14 01:57:46,581 - INFO - training_console - 
数据构建完成:
2025-10-14 01:57:46,581 - INFO - training_file -   项目                   值                   
2025-10-14 01:57:46,581 - INFO - training_console -   项目                   值                   
2025-10-14 01:57:46,581 - INFO - training_file -   ----------------------------------------
2025-10-14 01:57:46,581 - INFO - training_console -   ----------------------------------------
2025-10-14 01:57:46,581 - INFO - training_file -   样本数                  50                  
2025-10-14 01:57:46,581 - INFO - training_console -   样本数                  50                  
2025-10-14 01:57:46,581 - INFO - training_file -   节点特征维度               11                  
2025-10-14 01:57:46,581 - INFO - training_console -   节点特征维度               11                  
2025-10-14 01:57:46,581 - INFO - training_file -   边特征维度                11                  
2025-10-14 01:57:46,581 - INFO - training_console -   边特征维度                11                  
2025-10-14 01:57:46,581 - INFO - training_file -   目标属性变化维度             1                   
2025-10-14 01:57:46,581 - INFO - training_console -   目标属性变化维度             1                   
2025-10-14 01:57:46,582 - INFO - training_file - 数据集划分完成:
2025-10-14 01:57:46,582 - INFO - training_console - 数据集划分完成:
2025-10-14 01:57:46,582 - INFO - training_file -   - 训练集: 40 (80.0%)
2025-10-14 01:57:46,582 - INFO - training_console -   - 训练集: 40 (80.0%)
2025-10-14 01:57:46,582 - INFO - training_file -   - 验证集: 5 (10.0%)
2025-10-14 01:57:46,582 - INFO - training_console -   - 验证集: 5 (10.0%)
2025-10-14 01:57:46,582 - INFO - training_file -   - 测试集: 5 (10.0%)
2025-10-14 01:57:46,582 - INFO - training_console -   - 测试集: 5 (10.0%)
2025-10-14 01:57:46,635 - INFO - training_file - 正在创建模型...
2025-10-14 01:57:46,635 - INFO - training_console - 正在创建模型...
2025-10-14 01:57:46,635 - INFO - training_file - 模型参数数量: 1063041
2025-10-14 01:57:46,636 - INFO - training_console - 模型参数数量: 1063041
2025-10-14 01:57:46,636 - INFO - training_file - 使用设备: cuda
2025-10-14 01:57:46,636 - INFO - training_console - 使用设备: cuda
2025-10-14 01:57:47,878 - INFO - training_file - Epoch [10/20], Train Loss: 0.791150, Val Loss: 0.368696, R²: 0.0959, MAE: 0.3687
2025-10-14 01:57:47,878 - INFO - training_console - Epoch [10/20], Train Loss: 0.791150, Val Loss: 0.368696, R²: 0.0959, MAE: 0.3687
2025-10-14 01:57:48,642 - INFO - training_file - Epoch [20/20], Train Loss: 0.634879, Val Loss: 0.267162, R²: 0.6174, MAE: 0.2672
2025-10-14 01:57:48,642 - INFO - training_console - Epoch [20/20], Train Loss: 0.634879, Val Loss: 0.267162, R²: 0.6174, MAE: 0.2672
2025-10-14 01:57:48,643 - INFO - training_file - 开始训练 (20 轮)...
2025-10-14 01:57:48,643 - INFO - training_console - 开始训练 (20 轮)...
2025-10-14 01:57:48,793 - INFO - training_file - Debug: 模型参数前10个值:
2025-10-14 01:57:48,793 - INFO - training_console - Debug: 模型参数前10个值:
2025-10-14 01:57:48,794 - INFO - training_file - Debug: 参数 from_molecule_extractor.gcn_layers.0.bias (shape: torch.Size([128])) => 前10个值: [0.011765409260988235, -0.06163320690393448, -0.08288344740867615, -0.008309023454785347, -0.09736860543489456, -0.0752149447798729, -0.0306011363863945, -0.029724696651101112, -0.05032467469573021, -0.06910453736782074]
2025-10-14 01:57:48,794 - INFO - training_console - Debug: 参数 from_molecule_extractor.gcn_layers.0.bias (shape: torch.Size([128])) => 前10个值: [0.011765409260988235, -0.06163320690393448, -0.08288344740867615, -0.008309023454785347, -0.09736860543489456, -0.0752149447798729, -0.0306011363863945, -0.029724696651101112, -0.05032467469573021, -0.06910453736782074]
2025-10-14 01:57:48,794 - INFO - training_file - Debug: 参数 from_molecule_extractor.gcn_layers.0.lin.weight (shape: torch.Size([128, 11])) => 前10个值: [0.0045984769240021706, -0.009296542964875698, -0.034353408962488174, 0.022940943017601967, 0.002305829431861639, 0.020889298990368843, 0.014190318994224072, -0.039335668087005615, 0.008140512742102146, 0.04264131560921669]
2025-10-14 01:57:48,794 - INFO - training_console - Debug: 参数 from_molecule_extractor.gcn_layers.0.lin.weight (shape: torch.Size([128, 11])) => 前10个值: [0.0045984769240021706, -0.009296542964875698, -0.034353408962488174, 0.022940943017601967, 0.002305829431861639, 0.020889298990368843, 0.014190318994224072, -0.039335668087005615, 0.008140512742102146, 0.04264131560921669]
2025-10-14 01:57:48,794 - INFO - training_file - Debug: 参数 from_molecule_extractor.gcn_layers.1.bias (shape: torch.Size([256])) => 前10个值: [0.0038815902080386877, -0.036039531230926514, -0.05245589464902878, -0.03487515449523926, -0.04359999671578407, -0.04222811758518219, -0.032828956842422485, -0.06034303456544876, -0.014963231049478054, -0.047279153019189835]
2025-10-14 01:57:48,794 - INFO - training_console - Debug: 参数 from_molecule_extractor.gcn_layers.1.bias (shape: torch.Size([256])) => 前10个值: [0.0038815902080386877, -0.036039531230926514, -0.05245589464902878, -0.03487515449523926, -0.04359999671578407, -0.04222811758518219, -0.032828956842422485, -0.06034303456544876, -0.014963231049478054, -0.047279153019189835]
2025-10-14 01:57:49,729 - INFO - training_file - 模型已保存至: /home/data2/rhj/project/mol_editor/mol_evo/../mol_evo/output/v0/gcn/train-20251014_015745-mu_change-50-20/last.pth
2025-10-14 01:57:49,729 - INFO - training_console - 模型已保存至: /home/data2/rhj/project/mol_editor/mol_evo/../mol_evo/output/v0/gcn/train-20251014_015745-mu_change-50-20/last.pth
2025-10-14 01:57:49,729 - INFO - training_file - 
2025-10-14 01:57:49,729 - INFO - training_console - 
2025-10-14 01:57:49,729 - INFO - training_file - ============================================================
2025-10-14 01:57:49,729 - INFO - training_console - ============================================================
2025-10-14 01:57:49,730 - INFO - training_file - 训练完成 - 最终评估结果
2025-10-14 01:57:49,730 - INFO - training_console - 训练完成 - 最终评估结果
2025-10-14 01:57:49,730 - INFO - training_file - ============================================================
2025-10-14 01:57:49,730 - INFO - training_console - ============================================================
2025-10-14 01:57:49,730 - INFO - training_file - 测试集损失: 0.313215
2025-10-14 01:57:49,730 - INFO - training_console - 测试集损失: 0.313215
2025-10-14 01:57:49,730 - INFO - training_file - RMSE: 0.394232
2025-10-14 01:57:49,730 - INFO - training_console - RMSE: 0.394232
2025-10-14 01:57:49,730 - INFO - training_file - MAE: 0.313215
2025-10-14 01:57:49,730 - INFO - training_console - MAE: 0.313215
2025-10-14 01:57:49,730 - INFO - training_file - R²: 0.504425
2025-10-14 01:57:49,730 - INFO - training_console - R²: 0.504425
2025-10-14 01:57:49,730 - INFO - training_file - PCC: 0.951230
2025-10-14 01:57:49,730 - INFO - training_console - PCC: 0.951230
2025-10-14 01:57:49,730 - INFO - training_file - Rank Loss: 0.550716
2025-10-14 01:57:49,730 - INFO - training_console - Rank Loss: 0.550716
2025-10-14 01:57:49,730 - INFO - training_file - 
2025-10-14 01:57:49,730 - INFO - training_console - 
2025-10-14 01:57:49,730 - INFO - training_file - 阈值准确率:
2025-10-14 01:57:49,730 - INFO - training_console - 阈值准确率:
2025-10-14 01:57:49,730 - INFO - training_file -   阈值 0.5: 80.00%
2025-10-14 01:57:49,730 - INFO - training_console -   阈值 0.5: 80.00%
2025-10-14 01:57:49,730 - INFO - training_file -   阈值 0.4: 80.00%
2025-10-14 01:57:49,730 - INFO - training_console -   阈值 0.4: 80.00%
2025-10-14 01:57:49,730 - INFO - training_file -   阈值 0.30000000000000004: 80.00%
2025-10-14 01:57:49,730 - INFO - training_console -   阈值 0.30000000000000004: 80.00%
2025-10-14 01:57:49,730 - INFO - training_file -   阈值 0.20000000000000004: 20.00%
2025-10-14 01:57:49,730 - INFO - training_console -   阈值 0.20000000000000004: 20.00%
2025-10-14 01:57:49,731 - INFO - training_file - 
2025-10-14 01:57:49,731 - INFO - training_console - 
2025-10-14 01:57:49,731 - INFO - training_file - 训练完成:
2025-10-14 01:57:49,731 - INFO - training_console - 训练完成:
2025-10-14 01:57:49,731 - INFO - training_file -   - 最终训练损失: 0.634879
2025-10-14 01:57:49,731 - INFO - training_console -   - 最终训练损失: 0.634879
2025-10-14 01:57:49,731 - INFO - training_file -   - 最佳验证损失: 0.074456
2025-10-14 01:57:49,731 - INFO - training_console -   - 最佳验证损失: 0.074456
2025-10-14 01:57:49,731 - INFO - training_file -   - 测试损失 (MSE): 0.313215
2025-10-14 01:57:49,731 - INFO - training_console -   - 测试损失 (MSE): 0.313215
2025-10-14 01:57:49,731 - INFO - training_file -   - 测试RMSE: 0.394232
2025-10-14 01:57:49,731 - INFO - training_console -   - 测试RMSE: 0.394232
2025-10-14 01:57:49,731 - INFO - training_file -   - 测试MAE: 0.313215
2025-10-14 01:57:49,731 - INFO - training_console -   - 测试MAE: 0.313215
2025-10-14 01:57:49,731 - INFO - training_file -   - 测试R²: 0.504425
2025-10-14 01:57:49,731 - INFO - training_console -   - 测试R²: 0.504425
2025-10-14 01:57:49,731 - INFO - training_file -   - 测试PCC: 0.951230
2025-10-14 01:57:49,731 - INFO - training_console -   - 测试PCC: 0.951230
2025-10-14 01:57:49,731 - INFO - training_file -   - 测试Rank Loss: 0.550716
2025-10-14 01:57:49,731 - INFO - training_console -   - 测试Rank Loss: 0.550716
2025-10-14 01:57:49,731 - INFO - training_file -   - 测试阈值准确率 (0.5): 0.8000
2025-10-14 01:57:49,731 - INFO - training_console -   - 测试阈值准确率 (0.5): 0.8000
2025-10-14 01:57:49,731 - INFO - training_file -   - 测试阈值准确率 (0.4): 0.8000
2025-10-14 01:57:49,731 - INFO - training_console -   - 测试阈值准确率 (0.4): 0.8000
2025-10-14 01:57:49,731 - INFO - training_file -   - 测试阈值准确率 (0.30000000000000004): 0.8000
2025-10-14 01:57:49,731 - INFO - training_console -   - 测试阈值准确率 (0.30000000000000004): 0.8000
2025-10-14 01:57:49,731 - INFO - training_file -   - 测试阈值准确率 (0.20000000000000004): 0.2000
2025-10-14 01:57:49,731 - INFO - training_console -   - 测试阈值准确率 (0.20000000000000004): 0.2000
2025-10-14 01:57:49,731 - INFO - training_file -   - 模型已保存到: /home/data2/rhj/project/mol_editor/mol_evo/../mol_evo/output/v0/gcn/train-20251014_015745-mu_change-50-20/last.pth
2025-10-14 01:57:49,731 - INFO - training_console -   - 模型已保存到: /home/data2/rhj/project/mol_editor/mol_evo/../mol_evo/output/v0/gcn/train-20251014_015745-mu_change-50-20/last.pth
