2025-11-23 01:39:52,793 - INFO - ============================================================
2025-11-23 01:39:52,793 - INFO - 数据文件: /home/data2/rhj/project/mol_editor/mol_evo/dataset/data/qm9-evo-pairs-step-1-with-properties-pct.json
2025-11-23 01:39:52,794 - INFO - 最大对数: 12000
2025-11-23 01:39:52,794 - INFO - 训练轮数: 200
2025-11-23 01:39:52,794 - INFO - ============================================================
2025-11-23 01:39:52,795 - INFO - 模型配置已保存到: /home/data2/rhj/project/mol_editor/mol_evo/../mol_evo/output/v0/MoleculeEvolutionVisnetLinearPredictor/train-20251123_013952-homo_change-12000-200/model_config.json
2025-11-23 01:39:52,795 - INFO - 正在构建图数据: /home/data2/rhj/project/mol_editor/mol_evo/dataset/data/qm9-evo-pairs-step-1-with-properties-pct.json
2025-11-23 01:39:56,610 - INFO - 加载缓存文件: /home/data2/rhj/project/mol_editor/mol_evo/core/utils/../../.cache/molecule_graphs/csv_qm9-evo-pairs-step-1-with-properties-pct_4bdaec6cf35b5151.pt，包含 2138 个分子
2025-11-23 01:39:58,465 - INFO - 分子处理统计: 总数=24000, 命中=24000, 未命中=0, 命中率=100.00%
2025-11-23 01:39:58,502 - INFO - --- 训练集样本示例 (头部数据) ---
2025-11-23 01:39:58,502 - INFO -   样本       起始节点数        起始边数         目标节点数        目标边数         边特征             目标属性值          
2025-11-23 01:39:58,502 - INFO -   --------------------------------------------------------------------------------
2025-11-23 01:39:58,502 - INFO -   DEBUG: 边特征维度 = 16
2025-11-23 01:39:58,502 - INFO -   DEBUG: 第一个样本的边特征值 = [0.0, 0.0, 1.0, 0.0, 0.0, 0.0, 0.0, 0.0, 0.0, 0.0, 0.0, 0.0, 0.0, 0.0, 0.0, 1.0]
2025-11-23 01:39:58,502 - INFO -   DEBUG: 原子类型数量 = 4, 操作类型数量 = 12
2025-11-23 01:39:58,502 - INFO -   DEBUG: 边特征总长度 = 16
2025-11-23 01:39:58,502 - INFO -   DEBUG: 原子类型one-hot编码 = [0.0, 0.0, 1.0, 0.0]
2025-11-23 01:39:58,502 - INFO -   DEBUG: 操作类型one-hot编码 = [0.0, 0.0, 0.0, 0.0, 0.0, 0.0, 0.0, 0.0, 0.0, 0.0, 0.0, 1.0]
2025-11-23 01:39:58,503 - INFO -   DEBUG: 原子类型列表 = ['C', 'F', 'N', 'O']
2025-11-23 01:39:58,503 - INFO -   DEBUG: 操作类型列表 = ['add_atom', 'add_stereo', 'form_double_bond', 'form_double_ring', 'form_ring', 'form_triple_bond', 'remove_add_stereo', 'remove_form_double_bond', 'remove_form_double_ring', 'remove_form_ring', 'remove_form_triple_bond', 'replace_atom']
2025-11-23 01:39:58,503 - INFO -   1        5            8            4            6            [0.0, 0.0, 1.   6.219559       
2025-11-23 01:39:58,503 - INFO -   2        5            8            3            4            [0.0, 0.0, 0.   4.516006       
2025-11-23 01:39:58,503 - INFO -   3        4            6            5            8            [1.0, 0.0, 0.   -6.219227      
2025-11-23 01:39:58,503 - INFO -   --------------------------------------------------------------------------------
2025-11-23 01:39:58,503 - INFO - 
数据构建完成:
2025-11-23 01:39:58,503 - INFO -   项目                   值                   
2025-11-23 01:39:58,503 - INFO -   ---------------------------------------- --------------------
2025-11-23 01:39:58,503 - INFO -   样本数                  12000               
2025-11-23 01:39:58,503 - INFO -   节点特征维度               11                  
2025-11-23 01:39:58,503 - INFO -   边特征维度                16                  
2025-11-23 01:39:58,503 - INFO -   目标属性变化维度             1                   
2025-11-23 01:39:58,505 - INFO - 数据集划分完成:
2025-11-23 01:39:58,505 - INFO -   - 训练集: 9600 (80.0%)
2025-11-23 01:39:58,505 - INFO -   - 验证集: 1200 (10.0%)
2025-11-23 01:39:58,505 - INFO -   - 测试集: 1200 (10.0%)
2025-11-23 01:39:58,515 - INFO - 数据集索引已保存到: /home/data2/rhj/project/mol_editor/mol_evo/dataset/data/dataset_indices/indices_20251123_013958_seed42.json
2025-11-23 01:39:58,568 - INFO - 更新模型边特征维度: 11 -> 16
2025-11-23 01:39:58,663 - INFO - 正在创建模型...
2025-11-23 01:39:58,664 - INFO - 模型参数数量: 4451725
2025-11-23 01:39:58,664 - INFO - 使用设备: cuda
2025-11-23 01:39:59,165 - INFO - 开始训练 (200 轮)...
2025-11-23 01:41:53,550 - INFO - Epoch [10/200], Train Loss: 0.444670, Val Loss: 0.395324, R²: 0.6701, MAE: 0.3953
2025-11-23 01:43:42,239 - INFO - Epoch [20/200], Train Loss: 0.330500, Val Loss: 0.316894, R²: 0.7781, MAE: 0.3169
2025-11-23 01:45:29,425 - INFO - Epoch [30/200], Train Loss: 0.265335, Val Loss: 0.240356, R²: 0.8632, MAE: 0.2404
2025-11-23 01:47:17,077 - INFO - Epoch [40/200], Train Loss: 0.219541, Val Loss: 0.213212, R²: 0.8972, MAE: 0.2132
2025-11-23 01:49:05,272 - INFO - Epoch [50/200], Train Loss: 0.190609, Val Loss: 0.218660, R²: 0.9091, MAE: 0.2187
2025-11-23 01:50:54,822 - INFO - Epoch [60/200], Train Loss: 0.159780, Val Loss: 0.176497, R²: 0.9264, MAE: 0.1765
2025-11-23 01:52:42,873 - INFO - Epoch [70/200], Train Loss: 0.116541, Val Loss: 0.135749, R²: 0.9522, MAE: 0.1357
2025-11-23 01:54:30,452 - INFO - Epoch [80/200], Train Loss: 0.103485, Val Loss: 0.124629, R²: 0.9603, MAE: 0.1246
2025-11-23 01:56:17,605 - INFO - Epoch [90/200], Train Loss: 0.068145, Val Loss: 0.088425, R²: 0.9701, MAE: 0.0884
2025-11-23 01:58:06,146 - INFO - Epoch [100/200], Train Loss: 0.054462, Val Loss: 0.077031, R²: 0.9739, MAE: 0.0770
2025-11-23 01:59:54,309 - INFO - Epoch [110/200], Train Loss: 0.051044, Val Loss: 0.070386, R²: 0.9767, MAE: 0.0704
2025-11-23 02:01:42,550 - INFO - Epoch [120/200], Train Loss: 0.045110, Val Loss: 0.069647, R²: 0.9775, MAE: 0.0696
2025-11-23 02:03:29,906 - INFO - Epoch [130/200], Train Loss: 0.037675, Val Loss: 0.061564, R²: 0.9784, MAE: 0.0616
2025-11-23 02:05:16,830 - INFO - Epoch [140/200], Train Loss: 0.036229, Val Loss: 0.060153, R²: 0.9788, MAE: 0.0602
2025-11-23 02:07:04,267 - INFO - Epoch [150/200], Train Loss: 0.034741, Val Loss: 0.059153, R²: 0.9791, MAE: 0.0592
2025-11-23 02:08:52,327 - INFO - Epoch [160/200], Train Loss: 0.034258, Val Loss: 0.058748, R²: 0.9792, MAE: 0.0587
2025-11-23 02:10:40,414 - INFO - Epoch [170/200], Train Loss: 0.033821, Val Loss: 0.058293, R²: 0.9793, MAE: 0.0583
2025-11-23 02:12:28,510 - INFO - Epoch [180/200], Train Loss: 0.033460, Val Loss: 0.058007, R²: 0.9794, MAE: 0.0580
2025-11-23 02:14:15,063 - INFO - Epoch [190/200], Train Loss: 0.033179, Val Loss: 0.057655, R²: 0.9796, MAE: 0.0577
2025-11-23 02:16:01,570 - INFO - Epoch [200/200], Train Loss: 0.033103, Val Loss: 0.057480, R²: 0.9796, MAE: 0.0575
2025-11-23 02:16:01,571 - INFO - 开始训练 (200 轮)...
2025-11-23 02:16:03,161 - INFO - 模型已保存至: /home/data2/rhj/project/mol_editor/mol_evo/../mol_evo/output/v0/MoleculeEvolutionVisnetLinearPredictor/train-20251123_013952-homo_change-12000-200/last.pth
2025-11-23 02:16:03,161 - INFO - 
2025-11-23 02:16:03,161 - INFO - ============================================================
2025-11-23 02:16:03,161 - INFO - 训练完成 - 最终评估结果
2025-11-23 02:16:03,161 - INFO - ============================================================
2025-11-23 02:16:03,162 - INFO - 测试集损失: 0.068092
2025-11-23 02:16:03,162 - INFO - RMSE: 0.167546
2025-11-23 02:16:03,162 - INFO - MAE: 0.068092
2025-11-23 02:16:03,162 - INFO - R²: 0.970321
2025-11-23 02:16:03,162 - INFO - PCC: 0.985077
2025-11-23 02:16:03,162 - INFO - Rank Loss: 0.358970
2025-11-23 02:16:03,162 - INFO - 
2025-11-23 02:16:03,162 - INFO - 阈值准确率:
2025-11-23 02:16:03,162 - INFO -   阈值 0.5: 97.42%
2025-11-23 02:16:03,162 - INFO -   阈值 0.4: 96.00%
2025-11-23 02:16:03,162 - INFO -   阈值 0.30000000000000004: 93.33%
2025-11-23 02:16:03,162 - INFO -   阈值 0.20000000000000004: 89.00%
2025-11-23 02:16:03,162 - INFO -   阈值 0.10000000000000003: 81.25%
2025-11-23 02:16:03,162 - INFO -   阈值 0.05000000000000002: 73.67%
2025-11-23 02:16:03,162 - INFO -   阈值 0.040000000000000015: 70.58%
2025-11-23 02:16:03,162 - INFO -   阈值 0.030000000000000013: 67.83%
2025-11-23 02:16:03,162 - INFO -   阈值 0.02000000000000001: 62.25%
2025-11-23 02:16:03,162 - INFO -   阈值 0.01000000000000001: 56.33%
2025-11-23 02:16:03,162 - INFO -   阈值 0.005000000000000005: 50.00%
2025-11-23 02:16:03,162 - INFO - 
2025-11-23 02:16:03,163 - INFO - 训练完成:
2025-11-23 02:16:03,163 - INFO -   - 最终训练损失: 0.033103
2025-11-23 02:16:03,163 - INFO -   - 最佳验证损失: 0.057417
2025-11-23 02:16:03,163 - INFO -   - 测试损失 (MSE): 0.068092
2025-11-23 02:16:03,163 - INFO -   - 测试RMSE: 0.167546
2025-11-23 02:16:03,163 - INFO -   - 测试MAE: 0.068092
2025-11-23 02:16:03,163 - INFO -   - 测试R²: 0.970321
2025-11-23 02:16:03,163 - INFO -   - 测试PCC: 0.985077
2025-11-23 02:16:03,163 - INFO -   - 测试Rank Loss: 0.358970
2025-11-23 02:16:03,163 - INFO -   - 测试阈值准确率 (0.5): 0.9742
2025-11-23 02:16:03,163 - INFO -   - 测试阈值准确率 (0.4): 0.9600
2025-11-23 02:16:03,163 - INFO -   - 测试阈值准确率 (0.30000000000000004): 0.9333
2025-11-23 02:16:03,163 - INFO -   - 测试阈值准确率 (0.20000000000000004): 0.8900
2025-11-23 02:16:03,163 - INFO -   - 测试阈值准确率 (0.10000000000000003): 0.8125
2025-11-23 02:16:03,163 - INFO -   - 测试阈值准确率 (0.05000000000000002): 0.7367
2025-11-23 02:16:03,163 - INFO -   - 测试阈值准确率 (0.040000000000000015): 0.7058
2025-11-23 02:16:03,163 - INFO -   - 测试阈值准确率 (0.030000000000000013): 0.6783
2025-11-23 02:16:03,163 - INFO -   - 测试阈值准确率 (0.02000000000000001): 0.6225
2025-11-23 02:16:03,163 - INFO -   - 测试阈值准确率 (0.01000000000000001): 0.5633
2025-11-23 02:16:03,163 - INFO -   - 测试阈值准确率 (0.005000000000000005): 0.5000
2025-11-23 02:16:03,163 - INFO -   - 模型已保存到: /home/data2/rhj/project/mol_editor/mol_evo/../mol_evo/output/v0/MoleculeEvolutionVisnetLinearPredictor/train-20251123_013952-homo_change-12000-200/last.pth
2025-11-23 02:16:03,163 - INFO - 训练结果已保存到: /home/data2/rhj/project/mol_editor/mol_evo/../mol_evo/output/v0/MoleculeEvolutionVisnetLinearPredictor/train-20251123_013952-homo_change-12000-200/training_results.json
2025-11-23 02:16:03,163 - INFO - 模型目录: /home/data2/rhj/project/mol_editor/mol_evo/../mol_evo/output/v0/MoleculeEvolutionVisnetLinearPredictor/train-20251123_013952-homo_change-12000-200
