2025-10-09 03:46:13,855 - training - INFO - ============================================================
2025-10-09 03:46:13,856 - training - INFO - 基于NNConv的分子进化预测器模型训练开始
2025-10-09 03:46:13,856 - training - INFO - ============================================================
2025-10-09 03:46:13,856 - training - INFO - 数据文件: mol_evo/dataset/data/qm9-evo-pairs-step-1-with-properties.csv
2025-10-09 03:46:13,856 - training - INFO - 最大对数: 30000
2025-10-09 03:46:13,856 - training - INFO - 训练轮数: 500
2025-10-09 03:46:18,950 - training - INFO - 正在构建图数据: mol_evo/dataset/data/qm9-evo-pairs-step-1-with-properties.csv
2025-10-09 03:46:18,950 - training - INFO - 数据构建完成:
2025-10-09 03:46:18,950 - training - INFO -   - 节点数: 1987
2025-10-09 03:46:18,950 - training - INFO -   - 边数: 30000
2025-10-09 03:46:18,950 - training - INFO -   - 节点特征维度: 2048
2025-10-09 03:46:18,950 - training - INFO -   - 边特征维度: 11
2025-10-09 03:46:18,950 - training - INFO -   - 目标属性变化维度: 1
2025-10-09 03:46:18,953 - training - INFO - 数据集划分完成:
2025-10-09 03:46:18,953 - training - INFO -   - 训练集: 21000 (70.0%)
2025-10-09 03:46:18,953 - training - INFO -   - 验证集: 3000 (10.0%)
2025-10-09 03:46:18,953 - training - INFO -   - 测试集: 6000 (20.0%)
2025-10-09 03:46:19,157 - training - INFO - 正在创建模型...
2025-10-09 03:46:19,157 - training - INFO - 模型参数数量: 6790145
2025-10-09 03:46:19,157 - training - INFO - 开始训练 (500 轮)...
2025-10-09 03:46:21,110 - training - INFO - Epoch [10/500], Train Loss: 0.848507, Val Loss: 0.882153, R²: 0.1680, MAE: 0.6707
2025-10-09 03:46:22,440 - training - INFO - Epoch [20/500], Train Loss: 0.617297, Val Loss: 0.695052, R²: 0.3444, MAE: 0.5644
2025-10-09 03:46:23,777 - training - INFO - Epoch [30/500], Train Loss: 0.471976, Val Loss: 0.557188, R²: 0.4745, MAE: 0.4906
2025-10-09 03:46:25,113 - training - INFO - Epoch [40/500], Train Loss: 0.250639, Val Loss: 0.303589, R²: 0.7137, MAE: 0.3464
2025-10-09 03:46:26,451 - training - INFO - Epoch [50/500], Train Loss: 0.084941, Val Loss: 0.102627, R²: 0.9032, MAE: 0.1930
2025-10-09 03:46:27,789 - training - INFO - Epoch [60/500], Train Loss: 0.030763, Val Loss: 0.039993, R²: 0.9623, MAE: 0.1151
2025-10-09 03:46:29,129 - training - INFO - Epoch [70/500], Train Loss: 0.014297, Val Loss: 0.017302, R²: 0.9837, MAE: 0.0670
2025-10-09 03:46:30,470 - training - INFO - Epoch [80/500], Train Loss: 0.008722, Val Loss: 0.011730, R²: 0.9889, MAE: 0.0496
2025-10-09 03:46:31,810 - training - INFO - Epoch [90/500], Train Loss: 0.006383, Val Loss: 0.008751, R²: 0.9917, MAE: 0.0367
2025-10-09 03:46:33,151 - training - INFO - Epoch [100/500], Train Loss: 0.005762, Val Loss: 0.007325, R²: 0.9931, MAE: 0.0287
2025-10-09 03:46:34,493 - training - INFO - Epoch [110/500], Train Loss: 0.005104, Val Loss: 0.007272, R²: 0.9931, MAE: 0.0263
2025-10-09 03:46:35,835 - training - INFO - Epoch [120/500], Train Loss: 0.004703, Val Loss: 0.006787, R²: 0.9936, MAE: 0.0242
2025-10-09 03:46:37,178 - training - INFO - Epoch [130/500], Train Loss: 0.004474, Val Loss: 0.006520, R²: 0.9939, MAE: 0.0243
2025-10-09 03:46:38,526 - training - INFO - Epoch [140/500], Train Loss: 0.004220, Val Loss: 0.006476, R²: 0.9939, MAE: 0.0232
2025-10-09 03:46:39,873 - training - INFO - Epoch [150/500], Train Loss: 0.004317, Val Loss: 0.006294, R²: 0.9941, MAE: 0.0210
2025-10-09 03:46:41,223 - training - INFO - Epoch [160/500], Train Loss: 0.003899, Val Loss: 0.006383, R²: 0.9940, MAE: 0.0212
2025-10-09 03:46:42,572 - training - INFO - Epoch [170/500], Train Loss: 0.004061, Val Loss: 0.006712, R²: 0.9937, MAE: 0.0279
2025-10-09 03:46:43,921 - training - INFO - Epoch [180/500], Train Loss: 0.003628, Val Loss: 0.006490, R²: 0.9939, MAE: 0.0238
2025-10-09 03:46:45,270 - training - INFO - Epoch [190/500], Train Loss: 0.003648, Val Loss: 0.006030, R²: 0.9943, MAE: 0.0195
2025-10-09 03:46:46,620 - training - INFO - Epoch [200/500], Train Loss: 0.003593, Val Loss: 0.005964, R²: 0.9944, MAE: 0.0201
2025-10-09 03:46:47,967 - training - INFO - Epoch [210/500], Train Loss: 0.003331, Val Loss: 0.006004, R²: 0.9943, MAE: 0.0192
2025-10-09 03:46:49,308 - training - INFO - Epoch [220/500], Train Loss: 0.003381, Val Loss: 0.005952, R²: 0.9944, MAE: 0.0183
2025-10-09 03:46:50,651 - training - INFO - Epoch [230/500], Train Loss: 0.003297, Val Loss: 0.006107, R²: 0.9942, MAE: 0.0210
2025-10-09 03:46:51,995 - training - INFO - Epoch [240/500], Train Loss: 0.003673, Val Loss: 0.005962, R²: 0.9944, MAE: 0.0217
2025-10-09 03:46:53,339 - training - INFO - Epoch [250/500], Train Loss: 0.003323, Val Loss: 0.006075, R²: 0.9943, MAE: 0.0217
2025-10-09 03:46:54,683 - training - INFO - Epoch [260/500], Train Loss: 0.003199, Val Loss: 0.005921, R²: 0.9944, MAE: 0.0229
2025-10-09 03:46:56,027 - training - INFO - Epoch [270/500], Train Loss: 0.003428, Val Loss: 0.005655, R²: 0.9947, MAE: 0.0177
2025-10-09 03:46:57,372 - training - INFO - Epoch [280/500], Train Loss: 0.003187, Val Loss: 0.005652, R²: 0.9947, MAE: 0.0197
2025-10-09 03:46:58,721 - training - INFO - Epoch [290/500], Train Loss: 0.002849, Val Loss: 0.005575, R²: 0.9947, MAE: 0.0183
2025-10-09 03:47:00,068 - training - INFO - Epoch [300/500], Train Loss: 0.002788, Val Loss: 0.005572, R²: 0.9947, MAE: 0.0174
2025-10-09 03:47:01,419 - training - INFO - Epoch [310/500], Train Loss: 0.002818, Val Loss: 0.005402, R²: 0.9949, MAE: 0.0147
2025-10-09 03:47:02,767 - training - INFO - Epoch [320/500], Train Loss: 0.002862, Val Loss: 0.005601, R²: 0.9947, MAE: 0.0193
2025-10-09 03:47:04,118 - training - INFO - Epoch [330/500], Train Loss: 0.002758, Val Loss: 0.005744, R²: 0.9946, MAE: 0.0201
2025-10-09 03:47:05,468 - training - INFO - Epoch [340/500], Train Loss: 0.002915, Val Loss: 0.005380, R²: 0.9949, MAE: 0.0140
2025-10-09 03:47:06,820 - training - INFO - Epoch [350/500], Train Loss: 0.002601, Val Loss: 0.005910, R²: 0.9944, MAE: 0.0240
2025-10-09 03:47:08,174 - training - INFO - Epoch [360/500], Train Loss: 0.002691, Val Loss: 0.005457, R²: 0.9949, MAE: 0.0193
2025-10-09 03:47:09,526 - training - INFO - Epoch [370/500], Train Loss: 0.002686, Val Loss: 0.005484, R²: 0.9948, MAE: 0.0169
2025-10-09 03:47:10,880 - training - INFO - Epoch [380/500], Train Loss: 0.002798, Val Loss: 0.005547, R²: 0.9948, MAE: 0.0195
2025-10-09 03:47:12,235 - training - INFO - Epoch [390/500], Train Loss: 0.002659, Val Loss: 0.005489, R²: 0.9948, MAE: 0.0177
2025-10-09 03:47:13,589 - training - INFO - Epoch [400/500], Train Loss: 0.002614, Val Loss: 0.005533, R²: 0.9948, MAE: 0.0182
2025-10-09 03:47:14,944 - training - INFO - Epoch [410/500], Train Loss: 0.002613, Val Loss: 0.005504, R²: 0.9948, MAE: 0.0171
2025-10-09 03:47:15,350 - training - INFO - 早停机制触发，在第 413 轮停止训练
2025-10-09 03:47:15,392 - training - INFO - 原始尺度评估指标:
2025-10-09 03:47:15,392 - training - INFO -   - MSE: 0.008300
2025-10-09 03:47:15,392 - training - INFO -   - RMSE: 0.091104
2025-10-09 03:47:15,392 - training - INFO -   - MAE: 0.018606
2025-10-09 03:47:15,392 - training - INFO - 各维度阈值准确率:
2025-10-09 03:47:15,392 - training - INFO - Threshold   mu       
2025-10-09 03:47:15,392 - training - INFO - ---------------------
2025-10-09 03:47:15,392 - training - INFO - @0.400      0.9938   
2025-10-09 03:47:15,392 - training - INFO - @0.300      0.9928   
2025-10-09 03:47:15,392 - training - INFO - @0.200      0.9925   
2025-10-09 03:47:15,392 - training - INFO - @0.100      0.9905   
2025-10-09 03:47:15,392 - training - INFO - @0.050      0.9762   
2025-10-09 03:47:16,302 - training - INFO - 训练完成:
2025-10-09 03:47:16,302 - training - INFO -   - 最终训练损失: 0.002493
2025-10-09 03:47:16,302 - training - INFO -   - 最佳验证损失: 0.005342
2025-10-09 03:47:16,302 - training - INFO -   - 测试损失 (MSE): 0.006905
2025-10-09 03:47:16,302 - training - INFO -   - 测试RMSE: 0.083095
2025-10-09 03:47:16,302 - training - INFO -   - 测试MAE: 0.016970
2025-10-09 03:47:16,302 - training - INFO -   - 测试R²: 0.992768
2025-10-09 03:47:16,302 - training - INFO -   - 测试阈值准确率 (0.4, 所有维度): 0.9938
2025-10-09 03:47:16,302 - training - INFO -   - 测试阈值准确率 (0.4, 平均): 0.9938
2025-10-09 03:47:16,302 - training - INFO -   - 测试阈值准确率 (0.3, 所有维度): 0.9928
2025-10-09 03:47:16,302 - training - INFO -   - 测试阈值准确率 (0.3, 平均): 0.9928
2025-10-09 03:47:16,302 - training - INFO -   - 测试阈值准确率 (0.2, 所有维度): 0.9925
2025-10-09 03:47:16,303 - training - INFO -   - 测试阈值准确率 (0.2, 平均): 0.9925
2025-10-09 03:47:16,303 - training - INFO -   - 测试阈值准确率 (0.1, 所有维度): 0.9905
2025-10-09 03:47:16,303 - training - INFO -   - 测试阈值准确率 (0.1, 平均): 0.9905
2025-10-09 03:47:16,303 - training - INFO -   - 测试阈值准确率 (0.05, 所有维度): 0.9762
2025-10-09 03:47:16,303 - training - INFO -   - 测试阈值准确率 (0.05, 平均): 0.9762
2025-10-09 03:47:16,303 - training - INFO -   - 原始尺度MSE: 0.008300
2025-10-09 03:47:16,303 - training - INFO -   - 原始尺度RMSE: 0.091104
2025-10-09 03:47:16,303 - training - INFO -   - 原始尺度MAE: 0.018606
2025-10-09 03:47:16,303 - training - INFO -   - 模型已保存到: /home/data2/rhj/project/mol_editor/mol_evo/../mol_evo/model-data/nnconv/training_20251009_034613/molecule_evolution_nnconv_predictor.pth
