
=== 开始处理分子 1/50: CC(O)(C=O)C=O ===
时间: 2025-12-07 20:07:31
初始属性值: -1.8748643398284912
状态: success
耗时: 37.98 秒
优化结果数量: 0
topK结果数量: 3

=== 开始处理分子 2/50: COCCOC=O ===
时间: 2025-12-07 20:08:09
初始属性值: 0.4081707894802093
状态: success
耗时: 81.28 秒
优化结果数量: 0
topK结果数量: 3

=== 开始处理分子 3/50: Oc1ncn[nH]1 ===
时间: 2025-12-07 20:09:31
初始属性值: 0.6802846789360046
状态: success
耗时: 173.01 秒
优化结果数量: 0
topK结果数量: 3

=== 开始处理分子 4/50: Nc1ncn[nH]1 ===
时间: 2025-12-07 20:12:24
初始属性值: 0.7700822353363037
状态: success
耗时: 302.36 秒
优化结果数量: 0
topK结果数量: 3

=== 开始处理分子 5/50: CC#CC(C)(C)C ===
时间: 2025-12-07 20:17:26
初始属性值: 1.8585376739501955
状态: success
耗时: 1717.17 秒
优化结果数量: 0
topK结果数量: 3

=== 开始处理分子 6/50: C#CCCC#CC ===
时间: 2025-12-07 20:46:03
初始属性值: 1.2435603141784668
状态: success
耗时: 886.85 秒
优化结果数量: 0
topK结果数量: 3

=== 开始处理分子 7/50: CCCOCC ===
时间: 2025-12-07 21:00:50
初始属性值: 2.525216579437256
状态: success
耗时: 562.17 秒
优化结果数量: 0
topK结果数量: 3

=== 开始处理分子 8/50: OC1CCCC1 ===
时间: 2025-12-07 21:10:12
初始属性值: 2.008200168609619
状态: success
耗时: 729.74 秒
优化结果数量: 0
topK结果数量: 3

=== 开始处理分子 9/50: CCC(C)(C)CC ===
时间: 2025-12-07 21:22:22
初始属性值: 2.029969453811645
状态: success
耗时: 1108.09 秒
优化结果数量: 0
topK结果数量: 3

=== 开始处理分子 10/50: C#CC(C)(C)CC ===
时间: 2025-12-07 21:40:50
初始属性值: 1.6898270845413208
状态: success
耗时: 1449.52 秒
优化结果数量: 0
topK结果数量: 3

=== 开始处理分子 11/50: NC(=O)C#CCO ===
时间: 2025-12-07 22:05:00
初始属性值: -0.5251797437667847
状态: success
耗时: 283.42 秒
优化结果数量: 0
topK结果数量: 3

=== 开始处理分子 12/50: NC(=O)C#CC=O ===
时间: 2025-12-07 22:09:43
初始属性值: -2.2340545654296875
状态: success
耗时: 413.29 秒
优化结果数量: 0
topK结果数量: 3

=== 开始处理分子 13/50: COCC(C)(C)O ===
时间: 2025-12-07 22:16:36
初始属性值: 2.070786476135254
状态: success
耗时: 553.58 秒
优化结果数量: 0
topK结果数量: 3

=== 开始处理分子 14/50: CCO[C@@H](C)CO ===
时间: 2025-12-07 22:25:50
初始属性值: 2.206843376159668
状态: success
耗时: 298.44 秒
优化结果数量: 0
topK结果数量: 3

=== 开始处理分子 15/50: C#C[C@]1(C)CO1 ===
时间: 2025-12-07 22:30:49
初始属性值: 0.7156594395637512
状态: success
耗时: 487.13 秒
优化结果数量: 0
topK结果数量: 3

=== 开始处理分子 16/50: C#CC[C@H]1CO1 ===
时间: 2025-12-07 22:38:56
初始属性值: 1.3170310258865356
状态: success
耗时: 390.18 秒
优化结果数量: 0
topK结果数量: 3

=== 开始处理分子 17/50: C#CCOCC ===
时间: 2025-12-07 22:45:26
初始属性值: 0.9415139555931092
状态: success
耗时: 479.25 秒
优化结果数量: 0
topK结果数量: 3

=== 开始处理分子 18/50: CC#CCCCO ===
时间: 2025-12-07 22:53:25
初始属性值: 1.70343279838562
状态: success
耗时: 1218.24 秒
优化结果数量: 0
topK结果数量: 3

=== 开始处理分子 19/50: CC(C)(C)CC#N ===
时间: 2025-12-07 23:13:43
初始属性值: 0.8626009225845337
状态: success
耗时: 538.68 秒
优化结果数量: 0
topK结果数量: 3

=== 开始处理分子 20/50: CC(C)C#CC#N ===
时间: 2025-12-07 23:22:42
初始属性值: -0.968725323677063
状态: success
耗时: 302.74 秒
优化结果数量: 0
topK结果数量: 3

=== 开始处理分子 21/50: COCC(C)C ===
时间: 2025-12-07 23:27:45
初始属性值: 2.3837172985076904
状态: success
耗时: 2082.12 秒
优化结果数量: 0
topK结果数量: 3

=== 开始处理分子 22/50: CCCCOCC ===
时间: 2025-12-08 00:02:27
初始属性值: 2.4843995571136475
状态: success
耗时: 1556.78 秒
优化结果数量: 0
topK结果数量: 3

=== 开始处理分子 23/50: Cc1c[nH]nn1 ===
时间: 2025-12-08 00:28:24
初始属性值: 0.0734707415103912
状态: success
耗时: 265.33 秒
优化结果数量: 0
topK结果数量: 3

=== 开始处理分子 24/50: Oc1c[nH]nn1 ===
时间: 2025-12-08 00:32:49
初始属性值: -0.1142878159880638
状态: success
耗时: 198.48 秒
优化结果数量: 0
topK结果数量: 3

=== 开始处理分子 25/50: COCC(N)=O ===
时间: 2025-12-08 00:36:08
初始属性值: 0.7455919981002808
状态: success
耗时: 180.62 秒
优化结果数量: 0
topK结果数量: 3

=== 开始处理分子 26/50: [NH-][CH+]OC(N)=O ===
时间: 2025-12-08 00:39:09
初始属性值: 0.0653073266148567
状态: success
耗时: 206.35 秒
优化结果数量: 0
topK结果数量: 3

=== 开始处理分子 27/50: C[C@@H](CO)CC=O ===
时间: 2025-12-08 00:42:35
初始属性值: -0.5551123023033142
状态: success
耗时: 234.09 秒
优化结果数量: 0
topK结果数量: 3

=== 开始处理分子 28/50: CCC(=O)CCO ===
时间: 2025-12-08 00:46:29
初始属性值: -0.2530658841133117
状态: success
耗时: 653.57 秒
优化结果数量: 0
topK结果数量: 3

=== 开始处理分子 29/50: O[C@H]1CCOC1 ===
时间: 2025-12-08 00:57:23
初始属性值: 1.937450647354126
状态: success
耗时: 495.97 秒
优化结果数量: 0
topK结果数量: 3

=== 开始处理分子 30/50: C[C@H]1CCOC1 ===
时间: 2025-12-08 01:05:39
初始属性值: 2.2830352783203125
状态: success
耗时: 640.82 秒
优化结果数量: 0
topK结果数量: 3

=== 开始处理分子 31/50: C#CC#CCC ===
时间: 2025-12-08 01:16:20
初始属性值: -0.2503447532653808
状态: success
耗时: 475.15 秒
优化结果数量: 0
topK结果数量: 3

=== 开始处理分子 32/50: C#CCCCC ===
时间: 2025-12-08 01:24:15
初始属性值: 1.5973082780838013
状态: success
耗时: 816.83 秒
优化结果数量: 0
topK结果数量: 3

=== 开始处理分子 33/50: CC(C)OCC=O ===
时间: 2025-12-08 01:37:52
初始属性值: -0.7102171778678894
状态: success
耗时: 1000.61 秒
优化结果数量: 0
topK结果数量: 3

=== 开始处理分子 34/50: CCCC(=O)NC ===
时间: 2025-12-08 01:54:32
初始属性值: 1.03675377368927
状态: success
耗时: 487.63 秒
优化结果数量: 0
topK结果数量: 3

=== 开始处理分子 35/50: C[C@@H](O)CC#N ===
时间: 2025-12-08 02:02:40
初始属性值: 0.946956217288971
状态: success
耗时: 137.69 秒
优化结果数量: 0
topK结果数量: 3

=== 开始处理分子 36/50: CC(=O)CC#N ===
时间: 2025-12-08 02:04:58
初始属性值: -1.0068212747573853
状态: success
耗时: 128.98 秒
优化结果数量: 0
topK结果数量: 3

=== 开始处理分子 37/50: CCCCCC ===
时间: 2025-12-08 02:07:07
初始属性值: 2.495284080505371
状态: success
耗时: 1104.48 秒
优化结果数量: 0
topK结果数量: 3

=== 开始处理分子 38/50: CCCCOC ===
时间: 2025-12-08 02:25:31
初始属性值: 2.4816784858703613
状态: success
耗时: 175.86 秒
优化结果数量: 0
topK结果数量: 3

=== 开始处理分子 39/50: CC#CCOC ===
时间: 2025-12-08 02:28:27
初始属性值: 1.1238301992416382
状态: success
耗时: 632.55 秒
优化结果数量: 0
topK结果数量: 3

=== 开始处理分子 40/50: CCOC(=O)C#N ===
时间: 2025-12-08 02:39:00
初始属性值: -1.8585376739501955
状态: success
耗时: 89.85 秒
优化结果数量: 0
topK结果数量: 3

=== 开始处理分子 41/50: N#CC(=O)O[CH+][NH-] ===
时间: 2025-12-08 02:40:30
初始属性值: -2.6150143146514893
状态: success
耗时: 69.63 秒
优化结果数量: 0
topK结果数量: 3

=== 开始处理分子 42/50: CCOC(C)=O ===
时间: 2025-12-08 02:41:40
初始属性值: 0.5333431959152222
状态: success
耗时: 246.18 秒
优化结果数量: 0
topK结果数量: 3

=== 开始处理分子 43/50: CCNC(C)=O ===
时间: 2025-12-08 02:45:46
初始属性值: 1.03675377368927
状态: success
耗时: 169.79 秒
优化结果数量: 0
topK结果数量: 3

=== 开始处理分子 44/50: C#C[C@@H]1C[C@@H]1O ===
时间: 2025-12-08 02:48:36
初始属性值: 0.9768887758255004
状态: success
耗时: 533.49 秒
优化结果数量: 0
topK结果数量: 3

=== 开始处理分子 45/50: CC[C@H]1C[C@H]1O ===
时间: 2025-12-08 02:57:29
初始属性值: 2.2367758750915527
状态: success
耗时: 271.61 秒
优化结果数量: 0
topK结果数量: 3

=== 开始处理分子 46/50: O=CCCCO ===
时间: 2025-12-08 03:02:01
初始属性值: -0.5687179565429688
状态: success
耗时: 158.21 秒
优化结果数量: 0
topK结果数量: 3

=== 开始处理分子 47/50: CC(CO)CO ===
时间: 2025-12-08 03:04:39
初始属性值: 2.0000369548797607
状态: success
耗时: 106.14 秒
优化结果数量: 0
topK结果数量: 3

=== 开始处理分子 48/50: CC(=O)C(C)(C)O ===
时间: 2025-12-08 03:06:25
初始属性值: -0.2829984128475189
状态: success
耗时: 428.96 秒
优化结果数量: 0
topK结果数量: 3

=== 开始处理分子 49/50: CC(C)CCC=O ===
时间: 2025-12-08 03:13:34
初始属性值: -0.492526113986969
状态: success
耗时: 221.94 秒
优化结果数量: 0
topK结果数量: 3

=== 开始处理分子 50/50: CC(=O)C#CCO ===
时间: 2025-12-08 03:17:16
初始属性值: -1.308867573738098
状态: success
耗时: 290.15 秒
优化结果数量: 0
topK结果数量: 3

=== 批量处理完成 ===
总耗时: 26094.28 秒
平均每个分子耗时: 521.89 秒
