=== 批量分子优化配置 ===
启动时间: 2025-12-07 20:07:13
输出目录: /home/data2/rhj/project/mol_editor/mol_evo/output/evo-mo/batch_optimization_20251207_200713
输入CSV文件: /home/data2/rhj/project/mol_editor/mol_evo/dataset/eval-data/20251205_131636/qm9_test_molecules.csv
模型路径: /home/data2/rhj/project/mol_editor/mol_evo/output/v0/MoleculeEvolutionVisnetLinearPredictor/train-20251123_192921-lumo_change-120000-200/last.pth
模型目录: /home/data2/rhj/project/mol_editor/mol_evo/output/v0/MoleculeEvolutionVisnetLinearPredictor/train-20251123_192921-lumo_change-120000-200
配置文件: /home/data2/rhj/project/mol_editor/mol_evo/dataset/data/qm9-evo-pairs-step-1-with-properties-pct-config.yaml
目标属性: lumo
优化模式: sub
最大深度: 3
最大分支数: 6
优化方向: decrease
topK值: 20
起始索引: 0
结束索引: 50

读取到 50 个分子数据

=== 批量处理完成 ===
结束时间: 2025-12-08 03:22:08
总耗时: 26094.83 秒
成功: 50, 失败: 0
成功率: 100.0%
结果文件: /home/data2/rhj/project/mol_editor/test_output.json
