2025-10-11 00:20:36,650 - INFO - training_file - ============================================================
2025-10-11 00:20:36,651 - INFO - training_console - ============================================================
2025-10-11 00:20:36,651 - INFO - training_file - 基于NNConv的分子进化预测器模型训练开始
2025-10-11 00:20:36,651 - INFO - training_console - 基于NNConv的分子进化预测器模型训练开始
2025-10-11 00:20:36,651 - INFO - training_file - ============================================================
2025-10-11 00:20:36,651 - INFO - training_console - ============================================================
2025-10-11 00:20:36,651 - INFO - training_file - 数据文件: mol_evo/dataset/data/qm9-evo-pairs-step-1-with-properties.csv
2025-10-11 00:20:36,651 - INFO - training_console - 数据文件: mol_evo/dataset/data/qm9-evo-pairs-step-1-with-properties.csv
2025-10-11 00:20:36,651 - INFO - training_file - 最大对数: 2000
2025-10-11 00:20:36,651 - INFO - training_console - 最大对数: 2000
2025-10-11 00:20:36,651 - INFO - training_file - 训练轮数: 500
2025-10-11 00:20:36,651 - INFO - training_console - 训练轮数: 500
2025-10-11 00:20:36,651 - INFO - training_file - 正在构建图数据: mol_evo/dataset/data/qm9-evo-pairs-step-1-with-properties.csv
2025-10-11 00:20:36,651 - INFO - training_console - 正在构建图数据: mol_evo/dataset/data/qm9-evo-pairs-step-1-with-properties.csv
2025-10-11 00:20:37,014 - INFO - training_file - 加载缓存文件: /home/data2/rhj/project/mol_editor/mol_evo/core/utils/../../.cache/molecule_graphs/training_dataset.pt，包含 1377 个分子
2025-10-11 00:20:37,014 - INFO - training_console - 加载缓存文件: /home/data2/rhj/project/mol_editor/mol_evo/core/utils/../../.cache/molecule_graphs/training_dataset.pt，包含 1377 个分子
2025-10-11 00:20:37,277 - INFO - training_file - 分子处理统计: 总数=4000, 命中=4000, 未命中=0, 命中率=100.00%
2025-10-11 00:20:37,278 - INFO - training_console - 分子处理统计: 总数=4000, 命中=4000, 未命中=0, 命中率=100.00%
2025-10-11 00:20:37,282 - INFO - training_file - 训练集样本示例 (头部数据):
2025-10-11 00:20:37,283 - INFO - training_console - 训练集样本示例 (头部数据):
2025-10-11 00:20:37,283 - INFO - training_file -   样本 1:
2025-10-11 00:20:37,283 - INFO - training_console -   样本 1:
2025-10-11 00:20:37,283 - INFO - training_file -     起始分子节点数: 5
2025-10-11 00:20:37,283 - INFO - training_console -     起始分子节点数: 5
2025-10-11 00:20:37,283 - INFO - training_file -     起始分子边数: 8
2025-10-11 00:20:37,283 - INFO - training_console -     起始分子边数: 8
2025-10-11 00:20:37,283 - INFO - training_file -     目标分子节点数: 8
2025-10-11 00:20:37,283 - INFO - training_console -     目标分子节点数: 8
2025-10-11 00:20:37,283 - INFO - training_file -     目标分子边数: 14
2025-10-11 00:20:37,283 - INFO - training_console -     目标分子边数: 14
2025-10-11 00:20:37,283 - INFO - training_file -     边特征: [1.0, 0.0, 0.0, 0.0, 0.0, 1.0, 0.0, 0.0, 0.0, 0.0, 0.0]
2025-10-11 00:20:37,283 - INFO - training_console -     边特征: [1.0, 0.0, 0.0, 0.0, 0.0, 1.0, 0.0, 0.0, 0.0, 0.0, 0.0]
2025-10-11 00:20:37,283 - INFO - training_file -     目标属性值: 0.19934579730033875
2025-10-11 00:20:37,283 - INFO - training_console -     目标属性值: 0.19934579730033875
2025-10-11 00:20:37,283 - INFO - training_file -   样本 2:
2025-10-11 00:20:37,283 - INFO - training_console -   样本 2:
2025-10-11 00:20:37,283 - INFO - training_file -     起始分子节点数: 3
2025-10-11 00:20:37,283 - INFO - training_console -     起始分子节点数: 3
2025-10-11 00:20:37,283 - INFO - training_file -     起始分子边数: 4
2025-10-11 00:20:37,283 - INFO - training_console -     起始分子边数: 4
2025-10-11 00:20:37,283 - INFO - training_file -     目标分子节点数: 6
2025-10-11 00:20:37,284 - INFO - training_console -     目标分子节点数: 6
2025-10-11 00:20:37,284 - INFO - training_file -     目标分子边数: 10
2025-10-11 00:20:37,284 - INFO - training_console -     目标分子边数: 10
2025-10-11 00:20:37,284 - INFO - training_file -     边特征: [1.0, 0.0, 0.0, 0.0, 0.0, 1.0, 0.0, 0.0, 0.0, 0.0, 0.0]
2025-10-11 00:20:37,284 - INFO - training_console -     边特征: [1.0, 0.0, 0.0, 0.0, 0.0, 1.0, 0.0, 0.0, 0.0, 0.0, 0.0]
2025-10-11 00:20:37,284 - INFO - training_file -     目标属性值: -0.12400833517313004
2025-10-11 00:20:37,284 - INFO - training_console -     目标属性值: -0.12400833517313004
2025-10-11 00:20:37,284 - INFO - training_file -   样本 3:
2025-10-11 00:20:37,284 - INFO - training_console -   样本 3:
2025-10-11 00:20:37,284 - INFO - training_file -     起始分子节点数: 4
2025-10-11 00:20:37,284 - INFO - training_console -     起始分子节点数: 4
2025-10-11 00:20:37,284 - INFO - training_file -     起始分子边数: 6
2025-10-11 00:20:37,284 - INFO - training_console -     起始分子边数: 6
2025-10-11 00:20:37,284 - INFO - training_file -     目标分子节点数: 11
2025-10-11 00:20:37,284 - INFO - training_console -     目标分子节点数: 11
2025-10-11 00:20:37,284 - INFO - training_file -     目标分子边数: 20
2025-10-11 00:20:37,284 - INFO - training_console -     目标分子边数: 20
2025-10-11 00:20:37,284 - INFO - training_file -     边特征: [1.0, 0.0, 0.0, 0.0, 0.0, 0.0, 1.0, 0.0, 0.0, 0.0, 0.0]
2025-10-11 00:20:37,284 - INFO - training_console -     边特征: [1.0, 0.0, 0.0, 0.0, 0.0, 0.0, 1.0, 0.0, 0.0, 0.0, 0.0]
2025-10-11 00:20:37,284 - INFO - training_file -     目标属性值: 0.25868868827819824
2025-10-11 00:20:37,284 - INFO - training_console -     目标属性值: 0.25868868827819824
2025-10-11 00:20:37,284 - INFO - training_file - 数据构建完成:
2025-10-11 00:20:37,284 - INFO - training_console - 数据构建完成:
2025-10-11 00:20:37,284 - INFO - training_file -   - 样本数: 2000
2025-10-11 00:20:37,284 - INFO - training_console -   - 样本数: 2000
2025-10-11 00:20:37,284 - INFO - training_file -   - 节点特征维度: 11
2025-10-11 00:20:37,284 - INFO - training_console -   - 节点特征维度: 11
2025-10-11 00:20:37,284 - INFO - training_file -   - 边特征维度: 11
2025-10-11 00:20:37,284 - INFO - training_console -   - 边特征维度: 11
2025-10-11 00:20:37,284 - INFO - training_file -   - 目标属性变化维度: 1
2025-10-11 00:20:37,284 - INFO - training_console -   - 目标属性变化维度: 1
2025-10-11 00:20:37,285 - INFO - training_file - 数据集划分完成:
2025-10-11 00:20:37,285 - INFO - training_console - 数据集划分完成:
2025-10-11 00:20:37,285 - INFO - training_file -   - 训练集: 1600 (80.0%)
2025-10-11 00:20:37,285 - INFO - training_console -   - 训练集: 1600 (80.0%)
2025-10-11 00:20:37,285 - INFO - training_file -   - 验证集: 200 (10.0%)
2025-10-11 00:20:37,285 - INFO - training_console -   - 验证集: 200 (10.0%)
2025-10-11 00:20:37,285 - INFO - training_file -   - 测试集: 200 (10.0%)
2025-10-11 00:20:37,285 - INFO - training_console -   - 测试集: 200 (10.0%)
2025-10-11 00:20:37,328 - INFO - training_file - 正在创建模型...
2025-10-11 00:20:37,328 - INFO - training_console - 正在创建模型...
2025-10-11 00:20:37,328 - INFO - training_file - 模型参数数量: 980993
2025-10-11 00:20:37,328 - INFO - training_console - 模型参数数量: 980993
2025-10-11 00:20:37,328 - INFO - training_file - 使用设备: cuda
2025-10-11 00:20:37,328 - INFO - training_console - 使用设备: cuda
2025-10-11 00:22:25,723 - INFO - training_file - Epoch [10/500], Train Loss: 0.882272, Val Loss: 1.312415, R²: 0.1041, MAE: 0.6552
2025-10-11 00:24:14,313 - INFO - training_file - Epoch [20/500], Train Loss: 0.840714, Val Loss: 1.169905, R²: 0.2014, MAE: 0.6131
2025-10-11 00:26:02,530 - INFO - training_file - Epoch [30/500], Train Loss: 1.443668, Val Loss: 1.841976, R²: -0.2574, MAE: 1.0024
2025-10-11 00:27:48,701 - INFO - training_file - Epoch [40/500], Train Loss: 0.938917, Val Loss: 1.418246, R²: 0.0318, MAE: 0.7697
2025-10-11 00:29:34,907 - INFO - training_file - Epoch [50/500], Train Loss: 0.728495, Val Loss: 1.171207, R²: 0.2005, MAE: 0.6263
2025-10-11 00:31:22,364 - INFO - training_file - Epoch [60/500], Train Loss: 0.661795, Val Loss: 1.088875, R²: 0.2567, MAE: 0.5840
2025-10-11 00:33:08,365 - INFO - training_file - Epoch [70/500], Train Loss: 0.629442, Val Loss: 1.057977, R²: 0.2778, MAE: 0.5625
2025-10-11 00:34:55,398 - INFO - training_file - Epoch [80/500], Train Loss: 0.610154, Val Loss: 1.036584, R²: 0.2924, MAE: 0.5567
2025-10-11 00:36:42,680 - INFO - training_file - Epoch [90/500], Train Loss: 0.596447, Val Loss: 1.009974, R²: 0.3105, MAE: 0.5470
2025-10-11 00:38:30,015 - INFO - training_file - 已保存checkpoint: /home/data2/rhj/project/mol_editor/mol_evo/../mol_evo/output/v0/training_20251011_002036/checkpoint_epoch_100.pth
2025-10-11 00:38:30,016 - INFO - training_console - 已保存checkpoint: /home/data2/rhj/project/mol_editor/mol_evo/../mol_evo/output/v0/training_20251011_002036/checkpoint_epoch_100.pth
2025-10-11 00:38:30,623 - INFO - training_file - Epoch [100/500], Train Loss: 0.581988, Val Loss: 0.986338, R²: 0.3267, MAE: 0.5398
2025-10-11 00:40:18,296 - INFO - training_file - Epoch [110/500], Train Loss: 0.568798, Val Loss: 0.957434, R²: 0.3464, MAE: 0.5317
2025-10-11 00:42:11,038 - INFO - training_file - Epoch [120/500], Train Loss: 0.554057, Val Loss: 0.918715, R²: 0.3728, MAE: 0.5223
2025-10-11 00:43:59,736 - INFO - training_file - Epoch [130/500], Train Loss: 0.752767, Val Loss: 0.973914, R²: 0.3352, MAE: 0.5855
2025-10-11 00:45:46,473 - INFO - training_file - Epoch [140/500], Train Loss: 0.698289, Val Loss: 0.905126, R²: 0.3821, MAE: 0.5300
2025-10-11 00:47:33,487 - INFO - training_file - Epoch [150/500], Train Loss: 0.577743, Val Loss: 1.059684, R²: 0.2766, MAE: 0.6247
2025-10-11 00:49:25,307 - INFO - training_file - Epoch [160/500], Train Loss: 0.613493, Val Loss: 0.920946, R²: 0.3713, MAE: 0.5448
2025-10-11 00:51:25,371 - INFO - training_file - Epoch [170/500], Train Loss: 0.564266, Val Loss: 0.897226, R²: 0.3875, MAE: 0.5630
2025-10-11 00:53:24,667 - INFO - training_file - Epoch [180/500], Train Loss: 0.550962, Val Loss: 0.825992, R²: 0.4361, MAE: 0.5135
2025-10-11 00:55:22,618 - INFO - training_file - Epoch [190/500], Train Loss: 0.528741, Val Loss: 0.911951, R²: 0.3775, MAE: 0.5764
2025-10-11 00:57:19,537 - INFO - training_file - 已保存checkpoint: /home/data2/rhj/project/mol_editor/mol_evo/../mol_evo/output/v0/training_20251011_002036/checkpoint_epoch_200.pth
2025-10-11 00:57:19,537 - INFO - training_console - 已保存checkpoint: /home/data2/rhj/project/mol_editor/mol_evo/../mol_evo/output/v0/training_20251011_002036/checkpoint_epoch_200.pth
2025-10-11 00:57:20,291 - INFO - training_file - Epoch [200/500], Train Loss: 0.528347, Val Loss: 0.783410, R²: 0.4652, MAE: 0.5159
2025-10-11 00:59:07,265 - INFO - training_file - Epoch [210/500], Train Loss: 0.497617, Val Loss: 0.755948, R²: 0.4840, MAE: 0.5354
2025-10-11 01:00:59,464 - INFO - training_file - Epoch [220/500], Train Loss: 0.486981, Val Loss: 0.659536, R²: 0.5498, MAE: 0.4997
2025-10-11 01:02:51,240 - INFO - training_file - Epoch [230/500], Train Loss: 0.461883, Val Loss: 0.689859, R²: 0.5291, MAE: 0.5378
2025-10-11 01:04:36,823 - INFO - training_file - Epoch [240/500], Train Loss: 0.432116, Val Loss: 0.543746, R²: 0.6288, MAE: 0.4878
2025-10-11 01:06:22,811 - INFO - training_file - Epoch [250/500], Train Loss: 0.430964, Val Loss: 0.529481, R²: 0.6385, MAE: 0.4936
2025-10-11 01:08:13,708 - INFO - training_file - Epoch [260/500], Train Loss: 0.386999, Val Loss: 0.493277, R²: 0.6633, MAE: 0.4838
2025-10-11 01:10:02,266 - INFO - training_file - Epoch [270/500], Train Loss: 0.383185, Val Loss: 0.477397, R²: 0.6741, MAE: 0.4655
2025-10-11 01:11:48,703 - INFO - training_file - Epoch [280/500], Train Loss: 0.393184, Val Loss: 0.453532, R²: 0.6904, MAE: 0.4712
2025-10-11 01:13:35,447 - INFO - training_file - Epoch [290/500], Train Loss: 0.344139, Val Loss: 0.431916, R²: 0.7052, MAE: 0.4447
2025-10-11 01:15:21,984 - INFO - training_file - 已保存checkpoint: /home/data2/rhj/project/mol_editor/mol_evo/../mol_evo/output/v0/training_20251011_002036/checkpoint_epoch_300.pth
2025-10-11 01:15:21,984 - INFO - training_console - 已保存checkpoint: /home/data2/rhj/project/mol_editor/mol_evo/../mol_evo/output/v0/training_20251011_002036/checkpoint_epoch_300.pth
2025-10-11 01:15:22,596 - INFO - training_file - Epoch [300/500], Train Loss: 0.331327, Val Loss: 0.413261, R²: 0.7179, MAE: 0.4430
2025-10-11 01:17:09,167 - INFO - training_file - Epoch [310/500], Train Loss: 0.324475, Val Loss: 0.400558, R²: 0.7266, MAE: 0.4337
2025-10-11 01:18:54,563 - INFO - training_file - Epoch [320/500], Train Loss: 0.299366, Val Loss: 0.383681, R²: 0.7381, MAE: 0.4290
2025-10-11 01:20:41,004 - INFO - training_file - Epoch [330/500], Train Loss: 0.290277, Val Loss: 0.375781, R²: 0.7435, MAE: 0.4146
2025-10-11 01:22:27,362 - INFO - training_file - Epoch [340/500], Train Loss: 0.289276, Val Loss: 0.380314, R²: 0.7404, MAE: 0.4353
2025-10-11 01:24:14,812 - INFO - training_file - Epoch [350/500], Train Loss: 0.286512, Val Loss: 0.374175, R²: 0.7446, MAE: 0.4083
2025-10-11 01:26:07,291 - INFO - training_file - Epoch [360/500], Train Loss: 0.272563, Val Loss: 0.369086, R²: 0.7480, MAE: 0.4286
2025-10-11 01:27:59,411 - INFO - training_file - Epoch [370/500], Train Loss: 0.260136, Val Loss: 0.355503, R²: 0.7573, MAE: 0.4024
2025-10-11 01:29:47,405 - INFO - training_file - Epoch [380/500], Train Loss: 0.258530, Val Loss: 0.360306, R²: 0.7540, MAE: 0.4213
2025-10-11 01:31:42,662 - INFO - training_file - Epoch [390/500], Train Loss: 0.249708, Val Loss: 0.353036, R²: 0.7590, MAE: 0.3957
2025-10-11 01:34:21,444 - INFO - training_file - 已保存checkpoint: /home/data2/rhj/project/mol_editor/mol_evo/../mol_evo/output/v0/training_20251011_002036/checkpoint_epoch_400.pth
2025-10-11 01:34:21,444 - INFO - training_console - 已保存checkpoint: /home/data2/rhj/project/mol_editor/mol_evo/../mol_evo/output/v0/training_20251011_002036/checkpoint_epoch_400.pth
2025-10-11 01:34:22,622 - INFO - training_file - Epoch [400/500], Train Loss: 0.240988, Val Loss: 0.345189, R²: 0.7644, MAE: 0.4100
2025-10-11 01:37:01,678 - INFO - training_file - Epoch [410/500], Train Loss: 0.242154, Val Loss: 0.353658, R²: 0.7586, MAE: 0.3914
2025-10-11 01:38:49,693 - INFO - training_file - Epoch [420/500], Train Loss: 0.230505, Val Loss: 0.337307, R²: 0.7697, MAE: 0.4023
2025-10-11 01:40:36,254 - INFO - training_file - Epoch [430/500], Train Loss: 0.229800, Val Loss: 0.346688, R²: 0.7633, MAE: 0.3860
2025-10-11 01:42:23,578 - INFO - training_file - Epoch [440/500], Train Loss: 0.220298, Val Loss: 0.329360, R²: 0.7752, MAE: 0.3951
2025-10-11 01:44:10,635 - INFO - training_file - Epoch [450/500], Train Loss: 0.216536, Val Loss: 0.336126, R²: 0.7705, MAE: 0.3782
2025-10-11 01:45:57,084 - INFO - training_file - Epoch [460/500], Train Loss: 0.205808, Val Loss: 0.315965, R²: 0.7843, MAE: 0.3834
2025-10-11 01:47:42,488 - INFO - training_file - Epoch [470/500], Train Loss: 0.209571, Val Loss: 0.332618, R²: 0.7729, MAE: 0.3707
2025-10-11 01:49:29,970 - INFO - training_file - Epoch [480/500], Train Loss: 0.200270, Val Loss: 0.311941, R²: 0.7871, MAE: 0.3778
2025-10-11 01:51:16,268 - INFO - training_file - Epoch [490/500], Train Loss: 0.191455, Val Loss: 0.314735, R²: 0.7851, MAE: 0.3611
2025-10-11 01:53:02,291 - INFO - training_file - 已保存checkpoint: /home/data2/rhj/project/mol_editor/mol_evo/../mol_evo/output/v0/training_20251011_002036/checkpoint_epoch_500.pth
2025-10-11 01:53:02,291 - INFO - training_console - 已保存checkpoint: /home/data2/rhj/project/mol_editor/mol_evo/../mol_evo/output/v0/training_20251011_002036/checkpoint_epoch_500.pth
2025-10-11 01:53:02,974 - INFO - training_file - Epoch [500/500], Train Loss: 0.187422, Val Loss: 0.300238, R²: 0.7950, MAE: 0.3670
2025-10-11 01:53:02,975 - INFO - training_file - 开始训练 (500 轮)...
2025-10-11 01:53:02,975 - INFO - training_console - 开始训练 (500 轮)...
2025-10-11 01:53:04,625 - INFO - training_file - ============================================================
2025-10-11 01:53:04,625 - INFO - training_console - ============================================================
2025-10-11 01:53:04,625 - INFO - training_file - 训练完成 - 最终评估结果
2025-10-11 01:53:04,625 - INFO - training_console - 训练完成 - 最终评估结果
2025-10-11 01:53:04,625 - INFO - training_file - ============================================================
2025-10-11 01:53:04,625 - INFO - training_console - ============================================================
2025-10-11 01:53:04,625 - INFO - training_file - 测试集损失: 0.250962
2025-10-11 01:53:04,625 - INFO - training_console - 测试集损失: 0.250962
2025-10-11 01:53:04,626 - INFO - training_file - RMSE: 0.500961
2025-10-11 01:53:04,626 - INFO - training_console - RMSE: 0.500961
2025-10-11 01:53:04,626 - INFO - training_file - MAE: 0.330735
2025-10-11 01:53:04,626 - INFO - training_console - MAE: 0.330735
2025-10-11 01:53:04,626 - INFO - training_file - R²: 0.682224
2025-10-11 01:53:04,626 - INFO - training_console - R²: 0.682224
2025-10-11 01:53:04,626 - INFO - training_file - 
2025-10-11 01:53:04,626 - INFO - training_console - 
2025-10-11 01:53:04,626 - INFO - training_file - 阈值准确率:
2025-10-11 01:53:04,626 - INFO - training_console - 阈值准确率:
2025-10-11 01:53:04,626 - INFO - training_file -   阈值 0.4: 73.00%
2025-10-11 01:53:04,626 - INFO - training_console -   阈值 0.4: 73.00%
2025-10-11 01:53:04,626 - INFO - training_file -   阈值 0.3: 65.50%
2025-10-11 01:53:04,626 - INFO - training_console -   阈值 0.3: 65.50%
2025-10-11 01:53:04,626 - INFO - training_file -   阈值 0.2: 50.00%
2025-10-11 01:53:04,626 - INFO - training_console -   阈值 0.2: 50.00%
2025-10-11 01:53:04,626 - INFO - training_file -   阈值 0.1: 31.00%
2025-10-11 01:53:04,626 - INFO - training_console -   阈值 0.1: 31.00%
2025-10-11 01:53:04,626 - INFO - training_file -   阈值 0.05: 16.50%
2025-10-11 01:53:04,626 - INFO - training_console -   阈值 0.05: 16.50%
2025-10-11 01:53:04,626 - INFO - training_file - 
2025-10-11 01:53:04,626 - INFO - training_console - 
2025-10-11 01:53:04,626 - INFO - training_file - 模型已保存至: /home/data2/rhj/project/mol_editor/mol_evo/../mol_evo/output/v0/training_20251011_002036/molecule_evolution_gcn_v0_mu_predictor.pth
2025-10-11 01:53:04,626 - INFO - training_console - 模型已保存至: /home/data2/rhj/project/mol_editor/mol_evo/../mol_evo/output/v0/training_20251011_002036/molecule_evolution_gcn_v0_mu_predictor.pth
2025-10-11 01:53:04,626 - INFO - training_file - 
2025-10-11 01:53:04,626 - INFO - training_console - 
2025-10-11 01:53:04,626 - INFO - training_file - 训练过程总结:
2025-10-11 01:53:04,626 - INFO - training_console - 训练过程总结:
2025-10-11 01:53:04,626 - INFO - training_file -   最佳训练损失: 0.187000
2025-10-11 01:53:04,627 - INFO - training_console -   最佳训练损失: 0.187000
2025-10-11 01:53:04,627 - INFO - training_file -   最佳验证损失: 0.300238
2025-10-11 01:53:04,627 - INFO - training_console -   最佳验证损失: 0.300238
2025-10-11 01:53:04,627 - INFO - training_file - 
2025-10-11 01:53:04,627 - INFO - training_console - 
2025-10-11 01:53:04,627 - INFO - training_file - 训练完成:
2025-10-11 01:53:04,627 - INFO - training_console - 训练完成:
2025-10-11 01:53:04,627 - INFO - training_file -   - 最终训练损失: 0.187422
2025-10-11 01:53:04,627 - INFO - training_console -   - 最终训练损失: 0.187422
2025-10-11 01:53:04,627 - INFO - training_file -   - 最佳验证损失: 0.300238
2025-10-11 01:53:04,627 - INFO - training_console -   - 最佳验证损失: 0.300238
2025-10-11 01:53:04,627 - INFO - training_file -   - 测试损失 (MSE): 0.250962
2025-10-11 01:53:04,627 - INFO - training_console -   - 测试损失 (MSE): 0.250962
2025-10-11 01:53:04,627 - INFO - training_file -   - 测试RMSE: 0.500961
2025-10-11 01:53:04,627 - INFO - training_console -   - 测试RMSE: 0.500961
2025-10-11 01:53:04,627 - INFO - training_file -   - 测试MAE: 0.330735
2025-10-11 01:53:04,627 - INFO - training_console -   - 测试MAE: 0.330735
2025-10-11 01:53:04,627 - INFO - training_file -   - 测试R²: 0.682224
2025-10-11 01:53:04,627 - INFO - training_console -   - 测试R²: 0.682224
2025-10-11 01:53:04,627 - INFO - training_file -   - 测试阈值准确率 (0.4): 0.7300
2025-10-11 01:53:04,627 - INFO - training_console -   - 测试阈值准确率 (0.4): 0.7300
2025-10-11 01:53:04,627 - INFO - training_file -   - 测试阈值准确率 (0.3): 0.6550
2025-10-11 01:53:04,627 - INFO - training_console -   - 测试阈值准确率 (0.3): 0.6550
2025-10-11 01:53:04,627 - INFO - training_file -   - 测试阈值准确率 (0.2): 0.5000
2025-10-11 01:53:04,627 - INFO - training_console -   - 测试阈值准确率 (0.2): 0.5000
2025-10-11 01:53:04,627 - INFO - training_file -   - 测试阈值准确率 (0.1): 0.3100
2025-10-11 01:53:04,627 - INFO - training_console -   - 测试阈值准确率 (0.1): 0.3100
2025-10-11 01:53:04,628 - INFO - training_file -   - 测试阈值准确率 (0.05): 0.1650
2025-10-11 01:53:04,628 - INFO - training_console -   - 测试阈值准确率 (0.05): 0.1650
2025-10-11 01:53:04,628 - INFO - training_file -   - 模型已保存到: /home/data2/rhj/project/mol_editor/mol_evo/../mol_evo/output/v0/training_20251011_002036/molecule_evolution_gcn_v0_mu_predictor.pth
2025-10-11 01:53:04,628 - INFO - training_console -   - 模型已保存到: /home/data2/rhj/project/mol_editor/mol_evo/../mol_evo/output/v0/training_20251011_002036/molecule_evolution_gcn_v0_mu_predictor.pth
