2025-10-29 12:07:13,464 - INFO - ============================================================
2025-10-29 12:07:13,464 - INFO - 数据文件: mol_evo/dataset/data/qm9-evo-pairs-step-1-with-properties-pct.csv
2025-10-29 12:07:13,464 - INFO - 最大对数: 30000
2025-10-29 12:07:13,464 - INFO - 训练轮数: 200
2025-10-29 12:07:13,464 - INFO - ============================================================
2025-10-29 12:07:13,464 - INFO - 正在构建图数据: mol_evo/dataset/data/qm9-evo-pairs-step-1-with-properties-pct.csv
2025-10-29 12:07:14,131 - INFO - 加载缓存文件: /home/data2/rhj/project/mol_editor/mol_evo/core/utils/../../.cache/molecule_graphs/csv_qm9-evo-pairs-step-1-with-properties-pct_3cbb45cc1ac9202d.pt，包含 1994 个分子
2025-10-29 12:07:18,608 - WARNING - 跳过第25871行分子对: [H]O/N=C(\C([H])([H])[H])C([H])([H])C(C([H])([H])[H])(C([H])([H])[H])C([H])([H])[H] -> [H]ONC1C([H])([H])[C@]23C([H])([H])[C@]([H])(C2([H])[H])[C@@]13[H] (数据为None)
2025-10-29 12:07:19,390 - WARNING - 跳过第25984行分子对: [H]O/N=C(/C([H])([H])C([H])([H])[H])C(C([H])([H])[H])(C([H])([H])[H])C([H])([H])[H] -> [H]ONC1C([H])([H])[C@]23C([H])([H])[C@]([H])(C2([H])[H])[C@@]13[H] (数据为None)
2025-10-29 12:07:20,177 - WARNING - 跳过第26175行分子对: [H]O/N=C(\C([H])([H])[H])C(C([H])([H])[H])(C([H])([H])[H])C([H])([H])C([H])([H])[H] -> [H]ONC1C([H])([H])[C@]23C([H])([H])[C@]([H])(C2([H])[H])[C@@]13[H] (数据为None)
2025-10-29 12:07:21,043 - WARNING - 跳过第26431行分子对: [H]O/N=C(\C([H])([H])[H])C([H])([H])C([H])([H])C([H])(C([H])([H])[H])C([H])([H])[H] -> [H]ONC1C([H])([H])[C@]23C([H])([H])[C@]([H])(C2([H])[H])[C@@]13[H] (数据为None)
2025-10-29 12:07:21,820 - WARNING - 跳过第26530行分子对: [H]ONC1C(C([H])([H])[H])(C([H])([H])[H])C([H])([H])[C@]1([H])C([H])([H])[H] -> [H]ONC1C([H])([H])[C@]23C([H])([H])[C@]([H])(C2([H])[H])[C@@]13[H] (数据为None)
2025-10-29 12:07:22,610 - WARNING - 跳过第26630行分子对: [H]ONC1C([H])=C([H])C(C([H])([H])[H])(C([H])([H])[H])C1([H])[H] -> [H]ONC1C([H])([H])[C@]23C([H])([H])[C@]([H])(C2([H])[H])[C@@]13[H] (数据为None)
2025-10-29 12:07:23,398 - WARNING - 跳过第26691行分子对: [H]ONC1C([H])([H])C([H])([H])C(C([H])([H])[H])(C([H])([H])[H])C1([H])[H] -> [H]ONC1C([H])([H])[C@]23C([H])([H])[C@]([H])(C2([H])[H])[C@@]13[H] (数据为None)
2025-10-29 12:07:24,203 - WARNING - 跳过第26895行分子对: [H]O/N=C(\C([H])([H])C([H])([H])[H])C([H])([H])C([H])(C([H])([H])[H])C([H])([H])[H] -> [H]ONC1C([H])([H])[C@]23C([H])([H])[C@]([H])(C2([H])[H])[C@@]13[H] (数据为None)
2025-10-29 12:07:25,003 - WARNING - 跳过第27044行分子对: [H]C#C[C@]1(C([H])([H])[H])C([H])([H])[C@@H](NO[H])C1([H])[H] -> [H]ONC1C([H])([H])[C@]23C([H])([H])[C@]([H])(C2([H])[H])[C@@]13[H] (数据为None)
2025-10-29 12:07:25,803 - WARNING - 跳过第27152行分子对: [H]ON[C@H]1C([H])([H])[C@](C([H])([H])[H])(C([H])([H])C([H])([H])[H])C1([H])[H] -> [H]ONC1C([H])([H])[C@]23C([H])([H])[C@]([H])(C2([H])[H])[C@@]13[H] (数据为None)
2025-10-29 12:07:26,594 - WARNING - 跳过第27266行分子对: [H]O/N=C(\C([H])([H])[H])C([H])([H])C1(C([H])([H])[H])C([H])([H])C1([H])[H] -> [H]ONC1C([H])([H])[C@]23C([H])([H])[C@]([H])(C2([H])[H])[C@@]13[H] (数据为None)
2025-10-29 12:07:27,422 - WARNING - 跳过第27714行分子对: [H]O/N=C(\C([H])([H])[H])C([H])([H])C([H])([H])C([H])([H])C([H])([H])C([H])([H])[H] -> [H]ONC1C([H])([H])[C@]23C([H])([H])[C@]([H])(C2([H])[H])[C@@]13[H] (数据为None)
2025-10-29 12:07:28,188 - WARNING - 跳过第27835行分子对: [H]ONC1C([H])([H])C([H])=C([H])C1(C([H])([H])[H])C([H])([H])[H] -> [H]ONC1C([H])([H])[C@]23C([H])([H])[C@]([H])(C2([H])[H])[C@@]13[H] (数据为None)
2025-10-29 12:07:28,964 - WARNING - 跳过第27878行分子对: [H]ONC1=C([H])[C-]([H])C([H])([H])C1(C([H])([H])[H])C([H])([H])[H] -> [H]ONC1C([H])([H])[C@]23C([H])([H])[C@]([H])(C2([H])[H])[C@@]13[H] (数据为None)
2025-10-29 12:07:29,717 - WARNING - 跳过第27924行分子对: [H]ONC1C([H])([H])C([H])([H])C([H])([H])C1(C([H])([H])[H])C([H])([H])[H] -> [H]ONC1C([H])([H])[C@]23C([H])([H])[C@]([H])(C2([H])[H])[C@@]13[H] (数据为None)
2025-10-29 12:07:30,524 - WARNING - 跳过第28107行分子对: [H]ON=C(C([H])([H])C([H])([H])C([H])([H])[H])C([H])([H])C([H])([H])C([H])([H])[H] -> [H]ONC1C([H])([H])[C@]23C([H])([H])[C@]([H])(C2([H])[H])[C@@]13[H] (数据为None)
2025-10-29 12:07:31,333 - WARNING - 跳过第28312行分子对: [H]O/N=C(/C([H])([H])C([H])([H])C([H])([H])[H])C([H])(C([H])([H])[H])C([H])([H])[H] -> [H]ONC1C([H])([H])[C@]23C([H])([H])[C@]([H])(C2([H])[H])[C@@]13[H] (数据为None)
2025-10-29 12:07:32,168 - WARNING - 跳过第28519行分子对: [H]ON=C(C([H])(C([H])([H])[H])C([H])([H])[H])C([H])(C([H])([H])[H])C([H])([H])[H] -> [H]ONC1C([H])([H])[C@]23C([H])([H])[C@]([H])(C2([H])[H])[C@@]13[H] (数据为None)
2025-10-29 12:07:32,974 - WARNING - 跳过第28649行分子对: [H]O/N=C(\C([H])([H])[H])C1(C([H])([H])[H])C([H])([H])C([H])([H])C1([H])[H] -> [H]ONC1C([H])([H])[C@]23C([H])([H])[C@]([H])(C2([H])[H])[C@@]13[H] (数据为None)
2025-10-29 12:07:33,777 - WARNING - 跳过第28853行分子对: [H]ON[C@H]1C([H])([H])[C@]([H])(C([H])(C([H])([H])[H])C([H])([H])[H])C1([H])[H] -> [H]ONC1C([H])([H])[C@]23C([H])([H])[C@]([H])(C2([H])[H])[C@@]13[H] (数据为None)
2025-10-29 12:07:34,540 - WARNING - 跳过第28960行分子对: [H]O/N=C(\C([H])([H])[H])[C@]1([H])C([H])([H])[C@@]([H])(C([H])([H])[H])C1([H])[H] -> [H]ONC1C([H])([H])[C@]23C([H])([H])[C@]([H])(C2([H])[H])[C@@]13[H] (数据为None)
2025-10-29 12:07:35,321 - WARNING - 跳过第29052行分子对: [H]ONC1C([H])=C(C([H])([H])[H])C([H])([H])C([H])([H])C1([H])[H] -> [H]ONC1C([H])([H])[C@]23C([H])([H])[C@]([H])(C2([H])[H])[C@@]13[H] (数据为None)
2025-10-29 12:07:36,084 - WARNING - 跳过第29115行分子对: [H]ONC1C([H])([H])C(C([H])([H])[H])=C([H])C([H])([H])C1([H])[H] -> [H]ONC1C([H])([H])[C@]23C([H])([H])[C@]([H])(C2([H])[H])[C@@]13[H] (数据为None)
2025-10-29 12:07:36,882 - WARNING - 跳过第29191行分子对: [H]ONC1C([H])([H])C([H])([H])C([H])([H])[C@]([H])(C([H])([H])[H])C1([H])[H] -> [H]ONC1C([H])([H])[C@]23C([H])([H])[C@]([H])(C2([H])[H])[C@@]13[H] (数据为None)
2025-10-29 12:07:37,655 - WARNING - 跳过第29259行分子对: [H]ONC1C([H])([H])C(C([H])([H])[H])=C(C([H])([H])[H])C1([H])[H] -> [H]ONC1C([H])([H])[C@]23C([H])([H])[C@]([H])(C2([H])[H])[C@@]13[H] (数据为None)
2025-10-29 12:07:38,436 - WARNING - 跳过第29362行分子对: [H]ONC1C([H])([H])C(C([H])([H])[H])=C([H])[C@]1([H])C([H])([H])[H] -> [H]ONC1C([H])([H])[C@]23C([H])([H])[C@]([H])(C2([H])[H])[C@@]13[H] (数据为None)
2025-10-29 12:07:38,954 - WARNING - 跳过第29437行分子对: [H][N-]C1O[C@]([H])(C([H])([H])[H])C(NO[H])C1([H])[H] -> [H]ONC1C([H])([H])[C@]23C([H])([H])[N@@H+](C2([H])[H])[C@@]13[H] (数据为None)
2025-10-29 12:07:39,743 - WARNING - 跳过第29554行分子对: [H]ONC1C([H])([H])[C@]2([H])C([H])([H])[C@@]1(C([H])([H])[H])C2([H])[H] -> [H]ONC1C([H])([H])[C@]23C([H])([H])[C@]([H])(C2([H])[H])[C@@]13[H] (数据为None)
2025-10-29 12:07:40,526 - WARNING - 跳过第29644行分子对: [H]O/N=C(\C([H])([H])[H])C([H])([H])C1([H])C([H])([H])C([H])([H])C1([H])[H] -> [H]ONC1C([H])([H])[C@]23C([H])([H])[C@]([H])(C2([H])[H])[C@@]13[H] (数据为None)
2025-10-29 12:07:41,283 - WARNING - 跳过第29737行分子对: [H]C#CC([H])([H])[C@]1([H])C([H])([H])[C@@H](NO[H])C1([H])[H] -> [H]ONC1C([H])([H])[C@]23C([H])([H])[C@]([H])(C2([H])[H])[C@@]13[H] (数据为None)
2025-10-29 12:07:42,071 - WARNING - 跳过第29820行分子对: [H]ON[C@H]1C([H])([H])[C@]([H])(C#CC([H])([H])[H])C1([H])[H] -> [H]ONC1C([H])([H])[C@]23C([H])([H])[C@]([H])(C2([H])[H])[C@@]13[H] (数据为None)
2025-10-29 12:07:42,853 - WARNING - 跳过第29860行分子对: [H]ON[C@H]1C([H])([H])[C@]([H])(C([H])([H])C([H])([H])C([H])([H])[H])C1([H])[H] -> [H]ONC1C([H])([H])[C@]23C([H])([H])[C@]([H])(C2([H])[H])[C@@]13[H] (数据为None)
2025-10-29 12:07:43,627 - WARNING - 跳过第29968行分子对: [H]ONC1C([H])([H])C2(C1([H])[H])C([H])([H])C([H])([H])C2([H])[H] -> [H]ONC1C([H])([H])[C@]23C([H])([H])[C@]([H])(C2([H])[H])[C@@]13[H] (数据为None)
2025-10-29 12:07:43,706 - INFO - 分子处理统计: 总数=60000, 命中=59967, 未命中=33, 命中率=99.94%
2025-10-29 12:07:43,747 - INFO - --- 训练集样本示例 (头部数据) ---
2025-10-29 12:07:43,747 - INFO -   样本       起始节点数        起始边数         目标节点数        目标边数         边特征             目标属性值          
2025-10-29 12:07:43,747 - INFO -   --------------------------------------------------------------------------------
2025-10-29 12:07:43,747 - INFO -   1        5            8            8            14           [1.0, 0.0, 0.   0.023518       
2025-10-29 12:07:43,748 - INFO -   2        3            4            6            10           [1.0, 0.0, 0.   -0.273184      
2025-10-29 12:07:43,748 - INFO -   3        4            6            11           20           [1.0, 0.0, 0.   0.077970       
2025-10-29 12:07:43,748 - INFO -   --------------------------------------------------------------------------------
2025-10-29 12:07:43,748 - INFO - 
数据构建完成:
2025-10-29 12:07:43,748 - INFO -   项目                   值                   
2025-10-29 12:07:43,748 - INFO -   ---------------------------------------- --------------------
2025-10-29 12:07:43,748 - INFO -   样本数                  29967               
2025-10-29 12:07:43,748 - INFO -   节点特征维度               11                  
2025-10-29 12:07:43,748 - INFO -   边特征维度                11                  
2025-10-29 12:07:43,748 - INFO -   目标属性变化维度             1                   
2025-10-29 12:07:43,752 - INFO - 数据集划分完成:
2025-10-29 12:07:43,752 - INFO -   - 训练集: 23973 (80.0%)
2025-10-29 12:07:43,752 - INFO -   - 验证集: 2996 (10.0%)
2025-10-29 12:07:43,752 - INFO -   - 测试集: 2998 (10.0%)
2025-10-29 12:07:43,812 - INFO - 正在创建模型...
2025-10-29 12:07:43,812 - INFO - 模型参数数量: 3264513
2025-10-29 12:07:43,813 - INFO - 使用设备: cuda
2025-10-29 12:07:44,107 - INFO - 开始训练 (200 轮)...
2025-10-29 12:08:05,696 - INFO - Epoch [10/200], Train Loss: 0.565071, Val Loss: 0.565127, R²: 0.3069, MAE: 0.5651
2025-10-29 12:08:26,550 - INFO - Epoch [20/200], Train Loss: 0.531084, Val Loss: 0.545090, R²: 0.3385, MAE: 0.5451
2025-10-29 12:08:47,442 - INFO - Epoch [30/200], Train Loss: 0.511317, Val Loss: 0.523038, R²: 0.3765, MAE: 0.5230
2025-10-29 12:09:08,394 - INFO - Epoch [40/200], Train Loss: 0.508362, Val Loss: 0.499026, R²: 0.4057, MAE: 0.4990
2025-10-29 12:09:29,074 - INFO - Epoch [50/200], Train Loss: 0.483889, Val Loss: 0.499303, R²: 0.4085, MAE: 0.4993
2025-10-29 12:09:49,696 - INFO - Epoch [60/200], Train Loss: 0.474109, Val Loss: 0.480908, R²: 0.4315, MAE: 0.4809
2025-10-29 12:10:10,113 - INFO - Epoch [70/200], Train Loss: 0.467353, Val Loss: 0.471386, R²: 0.4416, MAE: 0.4714
2025-10-29 12:10:31,228 - INFO - Epoch [80/200], Train Loss: 0.462736, Val Loss: 0.468985, R²: 0.4447, MAE: 0.4690
2025-10-29 12:10:51,535 - INFO - Epoch [90/200], Train Loss: 0.461418, Val Loss: 0.467415, R²: 0.4456, MAE: 0.4674
2025-10-29 12:11:11,985 - INFO - 已保存checkpoint: /home/data2/rhj/project/mol_editor/mol_evo/../mol_evo/output/v0/MoleculeEvolutionGCNTransformerPredictor/train-20251029_120713-mu_change-30000-200/checkpoint_epoch_100.pth
2025-10-29 12:11:12,160 - INFO - Epoch [100/200], Train Loss: 0.459008, Val Loss: 0.464493, R²: 0.4491, MAE: 0.4645
2025-10-29 12:11:32,802 - INFO - Epoch [110/200], Train Loss: 0.457344, Val Loss: 0.464538, R²: 0.4488, MAE: 0.4645
2025-10-29 12:11:53,639 - INFO - Epoch [120/200], Train Loss: 0.457606, Val Loss: 0.463825, R²: 0.4498, MAE: 0.4638
2025-10-29 12:12:14,354 - INFO - Epoch [130/200], Train Loss: 0.457816, Val Loss: 0.463939, R²: 0.4497, MAE: 0.4639
2025-10-29 12:12:34,706 - INFO - Epoch [140/200], Train Loss: 0.456803, Val Loss: 0.463849, R²: 0.4498, MAE: 0.4638
2025-10-29 12:12:55,257 - INFO - Epoch [150/200], Train Loss: 0.458249, Val Loss: 0.463853, R²: 0.4498, MAE: 0.4639
2025-10-29 12:13:16,124 - INFO - Epoch [160/200], Train Loss: 0.457236, Val Loss: 0.463743, R²: 0.4501, MAE: 0.4637
2025-10-29 12:13:37,252 - INFO - Epoch [170/200], Train Loss: 0.458095, Val Loss: 0.463640, R²: 0.4502, MAE: 0.4636
2025-10-29 12:13:57,835 - INFO - Epoch [180/200], Train Loss: 0.456675, Val Loss: 0.463726, R²: 0.4499, MAE: 0.4637
2025-10-29 12:14:18,473 - INFO - Epoch [190/200], Train Loss: 0.457195, Val Loss: 0.463644, R²: 0.4502, MAE: 0.4636
2025-10-29 12:14:39,303 - INFO - 已保存checkpoint: /home/data2/rhj/project/mol_editor/mol_evo/../mol_evo/output/v0/MoleculeEvolutionGCNTransformerPredictor/train-20251029_120713-mu_change-30000-200/checkpoint_epoch_200.pth
2025-10-29 12:14:39,490 - INFO - Epoch [200/200], Train Loss: 0.456493, Val Loss: 0.463499, R²: 0.4503, MAE: 0.4635
2025-10-29 12:14:39,491 - INFO - 开始训练 (200 轮)...
2025-10-29 12:14:40,665 - INFO - 模型已保存至: /home/data2/rhj/project/mol_editor/mol_evo/../mol_evo/output/v0/MoleculeEvolutionGCNTransformerPredictor/train-20251029_120713-mu_change-30000-200/last.pth
2025-10-29 12:14:40,665 - INFO - 
2025-10-29 12:14:40,665 - INFO - ============================================================
2025-10-29 12:14:40,665 - INFO - 训练完成 - 最终评估结果
2025-10-29 12:14:40,665 - INFO - ============================================================
2025-10-29 12:14:40,665 - INFO - 测试集损失: 0.448653
2025-10-29 12:14:40,665 - INFO - RMSE: 0.713207
2025-10-29 12:14:40,665 - INFO - MAE: 0.448653
2025-10-29 12:14:40,665 - INFO - R²: 0.437014
2025-10-29 12:14:40,665 - INFO - PCC: 0.667114
2025-10-29 12:14:40,665 - INFO - Rank Loss: 0.601821
2025-10-29 12:14:40,665 - INFO - 
2025-10-29 12:14:40,665 - INFO - 阈值准确率:
2025-10-29 12:14:40,665 - INFO -   阈值 0.5: 71.38%
2025-10-29 12:14:40,666 - INFO -   阈值 0.4: 65.48%
2025-10-29 12:14:40,666 - INFO -   阈值 0.30000000000000004: 57.71%
2025-10-29 12:14:40,666 - INFO -   阈值 0.20000000000000004: 43.83%
2025-10-29 12:14:40,666 - INFO - 
2025-10-29 12:14:40,666 - INFO - 训练完成:
2025-10-29 12:14:40,666 - INFO -   - 最终训练损失: 0.456493
2025-10-29 12:14:40,666 - INFO -   - 最佳验证损失: 0.463499
2025-10-29 12:14:40,666 - INFO -   - 测试损失 (MSE): 0.448653
2025-10-29 12:14:40,666 - INFO -   - 测试RMSE: 0.713207
2025-10-29 12:14:40,666 - INFO -   - 测试MAE: 0.448653
2025-10-29 12:14:40,666 - INFO -   - 测试R²: 0.437014
2025-10-29 12:14:40,666 - INFO -   - 测试PCC: 0.667114
2025-10-29 12:14:40,666 - INFO -   - 测试Rank Loss: 0.601821
2025-10-29 12:14:40,666 - INFO -   - 测试阈值准确率 (0.5): 0.7138
2025-10-29 12:14:40,666 - INFO -   - 测试阈值准确率 (0.4): 0.6548
2025-10-29 12:14:40,666 - INFO -   - 测试阈值准确率 (0.30000000000000004): 0.5771
2025-10-29 12:14:40,666 - INFO -   - 测试阈值准确率 (0.20000000000000004): 0.4383
2025-10-29 12:14:40,666 - INFO -   - 模型已保存到: /home/data2/rhj/project/mol_editor/mol_evo/../mol_evo/output/v0/MoleculeEvolutionGCNTransformerPredictor/train-20251029_120713-mu_change-30000-200/last.pth
2025-10-29 12:14:40,666 - INFO - 训练结果已保存到: /home/data2/rhj/project/mol_editor/mol_evo/../mol_evo/output/v0/MoleculeEvolutionGCNTransformerPredictor/train-20251029_120713-mu_change-30000-200/training_results.json
2025-10-29 12:14:40,666 - INFO - 模型目录: /home/data2/rhj/project/mol_editor/mol_evo/../mol_evo/output/v0/MoleculeEvolutionGCNTransformerPredictor/train-20251029_120713-mu_change-30000-200
