2025-10-08 00:34:11,131 - nnconv_training - INFO - ============================================================
2025-10-08 00:34:11,131 - nnconv_training - INFO - 基于NNConv的分子进化预测器模型训练开始
2025-10-08 00:34:11,131 - nnconv_training - INFO - ============================================================
2025-10-08 00:34:11,131 - nnconv_training - INFO - 数据文件: mol_evo/dataset/data/qm9-evo-pairs-step-1-with-properties.csv
2025-10-08 00:34:11,131 - nnconv_training - INFO - 最大对数: 20000
2025-10-08 00:34:11,131 - nnconv_training - INFO - 训练轮数: 400
2025-10-08 00:34:11,131 - nnconv_training - INFO - 正在构建图数据: mol_evo/dataset/data/qm9-evo-pairs-step-1-with-properties.csv
2025-10-08 00:34:16,185 - nnconv_training - INFO - 数据构建完成:
2025-10-08 00:34:16,185 - nnconv_training - INFO -   - 节点数: 1377
2025-10-08 00:34:16,186 - nnconv_training - INFO -   - 边数: 20000
2025-10-08 00:34:16,186 - nnconv_training - INFO -   - 节点特征维度: 2048
2025-10-08 00:34:16,186 - nnconv_training - INFO -   - 边特征维度: 11
2025-10-08 00:34:16,186 - nnconv_training - INFO -   - 目标属性变化维度: 15
2025-10-08 00:34:16,188 - nnconv_training - INFO - 数据集划分完成:
2025-10-08 00:34:16,188 - nnconv_training - INFO -   - 训练集: 14000 (70.0%)
2025-10-08 00:34:16,188 - nnconv_training - INFO -   - 验证集: 2000 (10.0%)
2025-10-08 00:34:16,188 - nnconv_training - INFO -   - 测试集: 4000 (20.0%)
2025-10-08 00:34:16,188 - nnconv_training - INFO - 正在创建模型...
2025-10-08 00:34:16,283 - nnconv_training - INFO - 模型参数数量: 6791951
2025-10-08 00:34:16,283 - nnconv_training - INFO - 开始训练 (400 轮)...
2025-10-08 00:34:16,283 - nnconv_training - INFO - 使用设备: cuda
2025-10-08 00:34:17,743 - nnconv_training - INFO - Epoch [10/400], Train Loss: 0.804773, Val Loss: 1.037278, R²: 0.1523, MAE: 0.5912
2025-10-08 00:34:18,640 - nnconv_training - INFO - Epoch [20/400], Train Loss: 0.648148, Val Loss: 0.873734, R²: 0.2860, MAE: 0.4893
2025-10-08 00:34:19,539 - nnconv_training - INFO - Epoch [30/400], Train Loss: 0.576641, Val Loss: 0.796212, R²: 0.3493, MAE: 0.4345
2025-10-08 00:34:20,438 - nnconv_training - INFO - Epoch [40/400], Train Loss: 0.526732, Val Loss: 0.749492, R²: 0.3875, MAE: 0.3926
2025-10-08 00:34:21,339 - nnconv_training - INFO - Epoch [50/400], Train Loss: 0.493664, Val Loss: 0.719590, R²: 0.4119, MAE: 0.3669
2025-10-08 00:34:22,240 - nnconv_training - INFO - Epoch [60/400], Train Loss: 0.468890, Val Loss: 0.695965, R²: 0.4312, MAE: 0.3484
2025-10-08 00:34:23,142 - nnconv_training - INFO - Epoch [70/400], Train Loss: 0.439396, Val Loss: 0.667376, R²: 0.4546, MAE: 0.3385
2025-10-08 00:34:24,049 - nnconv_training - INFO - Epoch [80/400], Train Loss: 0.395419, Val Loss: 0.605501, R²: 0.5052, MAE: 0.3126
2025-10-08 00:34:24,952 - nnconv_training - INFO - Epoch [90/400], Train Loss: 0.370178, Val Loss: 0.557702, R²: 0.5442, MAE: 0.2971
2025-10-08 00:34:25,858 - nnconv_training - INFO - Epoch [100/400], Train Loss: 0.306955, Val Loss: 0.381465, R²: 0.6883, MAE: 0.2711
2025-10-08 00:34:26,761 - nnconv_training - INFO - Epoch [110/400], Train Loss: 0.204228, Val Loss: 0.327431, R²: 0.7324, MAE: 0.2643
2025-10-08 00:34:27,668 - nnconv_training - INFO - Epoch [120/400], Train Loss: 0.175738, Val Loss: 0.224173, R²: 0.8168, MAE: 0.2513
2025-10-08 00:34:28,573 - nnconv_training - INFO - Epoch [130/400], Train Loss: 0.161179, Val Loss: 0.190555, R²: 0.8443, MAE: 0.2391
2025-10-08 00:34:29,480 - nnconv_training - INFO - Epoch [140/400], Train Loss: 0.156150, Val Loss: 0.231952, R²: 0.8104, MAE: 0.2319
2025-10-08 00:34:30,389 - nnconv_training - INFO - Epoch [150/400], Train Loss: 0.142707, Val Loss: 0.180325, R²: 0.8526, MAE: 0.2262
2025-10-08 00:34:31,299 - nnconv_training - INFO - Epoch [160/400], Train Loss: 0.137637, Val Loss: 0.181827, R²: 0.8514, MAE: 0.2197
2025-10-08 00:34:32,210 - nnconv_training - INFO - Epoch [170/400], Train Loss: 0.126737, Val Loss: 0.167885, R²: 0.8628, MAE: 0.2149
2025-10-08 00:34:33,121 - nnconv_training - INFO - Epoch [180/400], Train Loss: 0.113796, Val Loss: 0.173739, R²: 0.8580, MAE: 0.2031
2025-10-08 00:34:34,031 - nnconv_training - INFO - Epoch [190/400], Train Loss: 0.107318, Val Loss: 0.145890, R²: 0.8808, MAE: 0.1986
2025-10-08 00:34:34,942 - nnconv_training - INFO - Epoch [200/400], Train Loss: 0.092859, Val Loss: 0.111032, R²: 0.9093, MAE: 0.1831
2025-10-08 00:34:35,854 - nnconv_training - INFO - Epoch [210/400], Train Loss: 0.087219, Val Loss: 0.136371, R²: 0.8886, MAE: 0.1774
2025-10-08 00:34:36,765 - nnconv_training - INFO - Epoch [220/400], Train Loss: 0.083982, Val Loss: 0.101886, R²: 0.9167, MAE: 0.1708
2025-10-08 00:34:37,677 - nnconv_training - INFO - Epoch [230/400], Train Loss: 0.077215, Val Loss: 0.085789, R²: 0.9299, MAE: 0.1643
2025-10-08 00:34:38,588 - nnconv_training - INFO - Epoch [240/400], Train Loss: 0.073465, Val Loss: 0.103807, R²: 0.9152, MAE: 0.1588
2025-10-08 00:34:39,496 - nnconv_training - INFO - Epoch [250/400], Train Loss: 0.064560, Val Loss: 0.101257, R²: 0.9172, MAE: 0.1567
2025-10-08 00:34:40,403 - nnconv_training - INFO - Epoch [260/400], Train Loss: 0.057865, Val Loss: 0.107267, R²: 0.9123, MAE: 0.1466
2025-10-08 00:34:41,309 - nnconv_training - INFO - Epoch [270/400], Train Loss: 0.056376, Val Loss: 0.062118, R²: 0.9492, MAE: 0.1384
2025-10-08 00:34:42,216 - nnconv_training - INFO - Epoch [280/400], Train Loss: 0.061116, Val Loss: 0.054421, R²: 0.9555, MAE: 0.1362
2025-10-08 00:34:43,124 - nnconv_training - INFO - Epoch [290/400], Train Loss: 0.055444, Val Loss: 0.067617, R²: 0.9447, MAE: 0.1333
2025-10-08 00:34:44,032 - nnconv_training - INFO - Epoch [300/400], Train Loss: 0.051716, Val Loss: 0.078800, R²: 0.9356, MAE: 0.1268
2025-10-08 00:34:44,938 - nnconv_training - INFO - Epoch [310/400], Train Loss: 0.050677, Val Loss: 0.062650, R²: 0.9488, MAE: 0.1247
2025-10-08 00:34:45,846 - nnconv_training - INFO - Epoch [320/400], Train Loss: 0.044618, Val Loss: 0.076118, R²: 0.9378, MAE: 0.1212
2025-10-08 00:34:46,754 - nnconv_training - INFO - Epoch [330/400], Train Loss: 0.041715, Val Loss: 0.053195, R²: 0.9565, MAE: 0.1177
2025-10-08 00:34:47,664 - nnconv_training - INFO - Epoch [340/400], Train Loss: 0.040739, Val Loss: 0.048718, R²: 0.9602, MAE: 0.1153
2025-10-08 00:34:48,574 - nnconv_training - INFO - Epoch [350/400], Train Loss: 0.041143, Val Loss: 0.064204, R²: 0.9475, MAE: 0.1156
2025-10-08 00:34:49,483 - nnconv_training - INFO - Epoch [360/400], Train Loss: 0.040585, Val Loss: 0.096066, R²: 0.9215, MAE: 0.1154
2025-10-08 00:34:50,393 - nnconv_training - INFO - Epoch [370/400], Train Loss: 0.039053, Val Loss: 0.060708, R²: 0.9504, MAE: 0.1108
2025-10-08 00:34:51,303 - nnconv_training - INFO - Epoch [380/400], Train Loss: 0.038974, Val Loss: 0.055159, R²: 0.9549, MAE: 0.1086
2025-10-08 00:34:52,214 - nnconv_training - INFO - Epoch [390/400], Train Loss: 0.037370, Val Loss: 0.061714, R²: 0.9496, MAE: 0.1058
2025-10-08 00:34:53,125 - nnconv_training - INFO - Epoch [400/400], Train Loss: 0.038058, Val Loss: 0.046723, R²: 0.9618, MAE: 0.1063
2025-10-08 00:34:53,154 - nnconv_training - INFO - 原始尺度评估指标:
2025-10-08 00:34:53,154 - nnconv_training - INFO -   - MSE: 14612.326172
2025-10-08 00:34:53,154 - nnconv_training - INFO -   - RMSE: 120.881454
2025-10-08 00:34:53,154 - nnconv_training - INFO -   - MAE: 34.068428
2025-10-08 00:34:53,542 - nnconv_training - INFO - 训练完成:
2025-10-08 00:34:53,543 - nnconv_training - INFO -   - 最终训练损失: 0.038058
2025-10-08 00:34:53,543 - nnconv_training - INFO -   - 最佳验证损失: 0.036766
2025-10-08 00:34:53,543 - nnconv_training - INFO -   - 测试损失 (MSE): 0.034178
2025-10-08 00:34:53,543 - nnconv_training - INFO -   - 测试RMSE: 0.184873
2025-10-08 00:34:53,543 - nnconv_training - INFO -   - 测试MAE: 0.105308
2025-10-08 00:34:53,543 - nnconv_training - INFO -   - 测试R²: 0.962169
2025-10-08 00:34:53,543 - nnconv_training - INFO -   - 测试阈值准确率 (0.1, 所有维度): 0.0098
2025-10-08 00:34:53,543 - nnconv_training - INFO -   - 测试阈值准确率 (0.1, 平均): 0.6321
2025-10-08 00:34:53,543 - nnconv_training - INFO -   - 测试阈值准确率 (0.05, 所有维度): 0.0000
2025-10-08 00:34:53,543 - nnconv_training - INFO -   - 测试阈값准确率 (0.05, 平均): 0.3932
2025-10-08 00:34:53,543 - nnconv_training - INFO -   - 原始尺度MSE: 14612.326172
2025-10-08 00:34:53,543 - nnconv_training - INFO -   - 原始尺度RMSE: 120.881454
2025-10-08 00:34:53,543 - nnconv_training - INFO -   - 原始尺度MAE: 34.068428
2025-10-08 00:34:53,543 - nnconv_training - INFO -   - 模型已保存到: /home/data2/rhj/project/mol_editor/mol_evo/../mol_evo/model-data/training_20251008_003411/molecule_evolution_nnconv_predictor.pth
2025-10-08 00:34:53,543 - nnconv_training - INFO - 各维度阈值准确率详情:
2025-10-08 00:34:53,543 - nnconv_training - INFO -   阈值 @0.1:
2025-10-08 00:34:53,544 - nnconv_training - INFO -     A_change: 0.9713
2025-10-08 00:34:53,544 - nnconv_training - INFO -     B_change: 0.5953
2025-10-08 00:34:53,544 - nnconv_training - INFO -     C_change: 0.5930
2025-10-08 00:34:53,544 - nnconv_training - INFO -     mu_change: 0.4905
2025-10-08 00:34:53,544 - nnconv_training - INFO -     alpha_change: 0.6043
2025-10-08 00:34:53,544 - nnconv_training - INFO -     homo_change: 0.4488
2025-10-08 00:34:53,544 - nnconv_training - INFO -     lumo_change: 0.4873
2025-10-08 00:34:53,544 - nnconv_training - INFO -     gap_change: 0.6518
2025-10-08 00:34:53,544 - nnconv_training - INFO -     r2_change: 0.3880
2025-10-08 00:34:53,544 - nnconv_training - INFO -     zpve_change: 0.4630
2025-10-08 00:34:53,544 - nnconv_training - INFO -     U0_change: 0.8538
2025-10-08 00:34:53,544 - nnconv_training - INFO -     U_change: 0.8503
2025-10-08 00:34:53,544 - nnconv_training - INFO -     H_change: 0.8595
2025-10-08 00:34:53,544 - nnconv_training - INFO -     G_change: 0.8588
2025-10-08 00:34:53,544 - nnconv_training - INFO -     Cv_change: 0.3663
2025-10-08 00:34:53,544 - nnconv_training - INFO -   阈值 @0.05:
2025-10-08 00:34:53,544 - nnconv_training - INFO -     A_change: 0.8010
2025-10-08 00:34:53,544 - nnconv_training - INFO -     B_change: 0.3328
2025-10-08 00:34:53,544 - nnconv_training - INFO -     C_change: 0.3368
2025-10-08 00:34:53,544 - nnconv_training - INFO -     mu_change: 0.2555
2025-10-08 00:34:53,544 - nnconv_training - INFO -     alpha_change: 0.3343
2025-10-08 00:34:53,544 - nnconv_training - INFO -     homo_change: 0.2438
2025-10-08 00:34:53,544 - nnconv_training - INFO -     lumo_change: 0.2653
2025-10-08 00:34:53,544 - nnconv_training - INFO -     gap_change: 0.3585
2025-10-08 00:34:53,544 - nnconv_training - INFO -     r2_change: 0.1973
2025-10-08 00:34:53,544 - nnconv_training - INFO -     zpve_change: 0.2498
2025-10-08 00:34:53,544 - nnconv_training - INFO -     U0_change: 0.5845
2025-10-08 00:34:53,544 - nnconv_training - INFO -     U_change: 0.5755
2025-10-08 00:34:53,544 - nnconv_training - INFO -     H_change: 0.5935
2025-10-08 00:34:53,544 - nnconv_training - INFO -     G_change: 0.5783
2025-10-08 00:34:53,544 - nnconv_training - INFO -     Cv_change: 0.1910
