2025-10-08 03:30:44,754 - training - INFO - ============================================================
2025-10-08 03:30:44,754 - training - INFO - 基于NNConv的分子进化预测器模型训练开始
2025-10-08 03:30:44,754 - training - INFO - ============================================================
2025-10-08 03:30:44,754 - training - INFO - 数据文件: mol_evo/dataset/data/qm9-evo-pairs-step-1-with-properties.csv
2025-10-08 03:30:44,754 - training - INFO - 最大对数: 10000
2025-10-08 03:30:44,754 - training - INFO - 训练轮数: 500
2025-10-08 03:30:47,829 - training - INFO - 正在构建图数据: mol_evo/dataset/data/qm9-evo-pairs-step-1-with-properties.csv
2025-10-08 03:30:47,829 - training - INFO - 数据构建完成:
2025-10-08 03:30:47,829 - training - INFO -   - 节点数: 1113
2025-10-08 03:30:47,829 - training - INFO -   - 边数: 10000
2025-10-08 03:30:47,829 - training - INFO -   - 节点特征维度: 2048
2025-10-08 03:30:47,829 - training - INFO -   - 边特征维度: 11
2025-10-08 03:30:47,829 - training - INFO -   - 目标属性变化维度: 15
2025-10-08 03:30:47,831 - training - INFO - 数据集划分完成:
2025-10-08 03:30:47,831 - training - INFO -   - 训练集: 7000 (70.0%)
2025-10-08 03:30:47,831 - training - INFO -   - 验证集: 1000 (10.0%)
2025-10-08 03:30:47,831 - training - INFO -   - 测试集: 2000 (20.0%)
2025-10-08 03:30:47,918 - training - INFO - 正在创建模型...
2025-10-08 03:30:47,919 - training - INFO - 模型参数数量: 6791951
2025-10-08 03:30:47,919 - training - INFO - 开始训练 (500 轮)...
2025-10-08 03:30:48,935 - training - INFO - Epoch [10/500], Train Loss: 0.756408, Val Loss: 0.992468, R²: 0.1330, MAE: 0.6253
2025-10-08 03:30:49,404 - training - INFO - Epoch [20/500], Train Loss: 0.637578, Val Loss: 0.822203, R²: 0.2818, MAE: 0.5232
2025-10-08 03:30:49,876 - training - INFO - Epoch [30/500], Train Loss: 0.531035, Val Loss: 0.716975, R²: 0.3737, MAE: 0.4448
2025-10-08 03:30:50,349 - training - INFO - Epoch [40/500], Train Loss: 0.458790, Val Loss: 0.661720, R²: 0.4220, MAE: 0.4015
2025-10-08 03:30:50,823 - training - INFO - Epoch [50/500], Train Loss: 0.419424, Val Loss: 0.620012, R²: 0.4584, MAE: 0.3663
2025-10-08 03:30:51,296 - training - INFO - Epoch [60/500], Train Loss: 0.385852, Val Loss: 0.589978, R²: 0.4846, MAE: 0.3426
2025-10-08 03:30:51,768 - training - INFO - Epoch [70/500], Train Loss: 0.342274, Val Loss: 0.552622, R²: 0.5173, MAE: 0.3200
2025-10-08 03:30:52,241 - training - INFO - Epoch [80/500], Train Loss: 0.273707, Val Loss: 0.592621, R²: 0.4823, MAE: 0.3069
2025-10-08 03:30:52,711 - training - INFO - Epoch [90/500], Train Loss: 0.218227, Val Loss: 0.469855, R²: 0.5896, MAE: 0.2798
2025-10-08 03:30:53,181 - training - INFO - Epoch [100/500], Train Loss: 0.190084, Val Loss: 0.320307, R²: 0.7202, MAE: 0.2604
2025-10-08 03:30:53,651 - training - INFO - Epoch [110/500], Train Loss: 0.168317, Val Loss: 0.351879, R²: 0.6926, MAE: 0.2485
2025-10-08 03:30:54,124 - training - INFO - Epoch [120/500], Train Loss: 0.155019, Val Loss: 0.360048, R²: 0.6855, MAE: 0.2414
2025-10-08 03:30:54,595 - training - INFO - Epoch [130/500], Train Loss: 0.142400, Val Loss: 0.417158, R²: 0.6356, MAE: 0.2335
2025-10-08 03:30:55,066 - training - INFO - Epoch [140/500], Train Loss: 0.135817, Val Loss: 0.422270, R²: 0.6311, MAE: 0.2287
2025-10-08 03:30:55,535 - training - INFO - Epoch [150/500], Train Loss: 0.120895, Val Loss: 0.412045, R²: 0.6401, MAE: 0.2210
2025-10-08 03:30:56,007 - training - INFO - Epoch [160/500], Train Loss: 0.111278, Val Loss: 0.368867, R²: 0.6778, MAE: 0.2170
2025-10-08 03:30:56,479 - training - INFO - Epoch [170/500], Train Loss: 0.101088, Val Loss: 0.318086, R²: 0.7221, MAE: 0.2053
2025-10-08 03:30:56,950 - training - INFO - Epoch [180/500], Train Loss: 0.093183, Val Loss: 0.342477, R²: 0.7008, MAE: 0.1999
2025-10-08 03:30:57,421 - training - INFO - Epoch [190/500], Train Loss: 0.082939, Val Loss: 0.314044, R²: 0.7257, MAE: 0.1867
2025-10-08 03:30:57,892 - training - INFO - Epoch [200/500], Train Loss: 0.078676, Val Loss: 0.298897, R²: 0.7389, MAE: 0.1764
2025-10-08 03:30:58,365 - training - INFO - Epoch [210/500], Train Loss: 0.069448, Val Loss: 0.309583, R²: 0.7296, MAE: 0.1728
2025-10-08 03:30:58,838 - training - INFO - Epoch [220/500], Train Loss: 0.067286, Val Loss: 0.352525, R²: 0.6920, MAE: 0.1740
2025-10-08 03:30:59,308 - training - INFO - Epoch [230/500], Train Loss: 0.060680, Val Loss: 0.339535, R²: 0.7034, MAE: 0.1618
2025-10-08 03:30:59,781 - training - INFO - Epoch [240/500], Train Loss: 0.055902, Val Loss: 0.357828, R²: 0.6874, MAE: 0.1567
2025-10-08 03:31:00,254 - training - INFO - Epoch [250/500], Train Loss: 0.052998, Val Loss: 0.316348, R²: 0.7237, MAE: 0.1497
2025-10-08 03:31:00,726 - training - INFO - Epoch [260/500], Train Loss: 0.049107, Val Loss: 0.313671, R²: 0.7260, MAE: 0.1481
2025-10-08 03:31:01,199 - training - INFO - Epoch [270/500], Train Loss: 0.045061, Val Loss: 0.327829, R²: 0.7136, MAE: 0.1424
2025-10-08 03:31:01,673 - training - INFO - Epoch [280/500], Train Loss: 0.048063, Val Loss: 0.337971, R²: 0.7048, MAE: 0.1387
2025-10-08 03:31:02,146 - training - INFO - Epoch [290/500], Train Loss: 0.044296, Val Loss: 0.345817, R²: 0.6979, MAE: 0.1372
2025-10-08 03:31:02,619 - training - INFO - Epoch [300/500], Train Loss: 0.039766, Val Loss: 0.364338, R²: 0.6817, MAE: 0.1343
2025-10-08 03:31:03,091 - training - INFO - Epoch [310/500], Train Loss: 0.037666, Val Loss: 0.307755, R²: 0.7312, MAE: 0.1286
2025-10-08 03:31:03,565 - training - INFO - Epoch [320/500], Train Loss: 0.036846, Val Loss: 0.320222, R²: 0.7203, MAE: 0.1261
2025-10-08 03:31:04,036 - training - INFO - Epoch [330/500], Train Loss: 0.036152, Val Loss: 0.312327, R²: 0.7272, MAE: 0.1212
2025-10-08 03:31:04,511 - training - INFO - Epoch [340/500], Train Loss: 0.036727, Val Loss: 0.312285, R²: 0.7272, MAE: 0.1185
2025-10-08 03:31:04,984 - training - INFO - Epoch [350/500], Train Loss: 0.034230, Val Loss: 0.324851, R²: 0.7162, MAE: 0.1181
2025-10-08 03:31:05,458 - training - INFO - Epoch [360/500], Train Loss: 0.032408, Val Loss: 0.325030, R²: 0.7161, MAE: 0.1135
2025-10-08 03:31:05,931 - training - INFO - Epoch [370/500], Train Loss: 0.031268, Val Loss: 0.346083, R²: 0.6977, MAE: 0.1130
2025-10-08 03:31:06,406 - training - INFO - Epoch [380/500], Train Loss: 0.029469, Val Loss: 0.366963, R²: 0.6794, MAE: 0.1108
2025-10-08 03:31:06,880 - training - INFO - Epoch [390/500], Train Loss: 0.027773, Val Loss: 0.365941, R²: 0.6803, MAE: 0.1090
2025-10-08 03:31:07,354 - training - INFO - Epoch [400/500], Train Loss: 0.028642, Val Loss: 0.368178, R²: 0.6784, MAE: 0.1068
2025-10-08 03:31:07,829 - training - INFO - Epoch [410/500], Train Loss: 0.027090, Val Loss: 0.332467, R²: 0.7096, MAE: 0.1037
2025-10-08 03:31:08,301 - training - INFO - Epoch [420/500], Train Loss: 0.027752, Val Loss: 0.359101, R²: 0.6863, MAE: 0.1026
2025-10-08 03:31:08,775 - training - INFO - Epoch [430/500], Train Loss: 0.026872, Val Loss: 0.321057, R²: 0.7195, MAE: 0.1008
2025-10-08 03:31:09,249 - training - INFO - Epoch [440/500], Train Loss: 0.026284, Val Loss: 0.344683, R²: 0.6989, MAE: 0.1001
2025-10-08 03:31:09,722 - training - INFO - Epoch [450/500], Train Loss: 0.024497, Val Loss: 0.322293, R²: 0.7185, MAE: 0.0988
2025-10-08 03:31:10,198 - training - INFO - Epoch [460/500], Train Loss: 0.023978, Val Loss: 0.326514, R²: 0.7148, MAE: 0.0972
2025-10-08 03:31:10,672 - training - INFO - Epoch [470/500], Train Loss: 0.024659, Val Loss: 0.341738, R²: 0.7015, MAE: 0.0966
2025-10-08 03:31:11,148 - training - INFO - Epoch [480/500], Train Loss: 0.024235, Val Loss: 0.300930, R²: 0.7371, MAE: 0.0951
2025-10-08 03:31:11,623 - training - INFO - Epoch [490/500], Train Loss: 0.024889, Val Loss: 0.323092, R²: 0.7178, MAE: 0.0949
2025-10-08 03:31:12,099 - training - INFO - Epoch [500/500], Train Loss: 0.022897, Val Loss: 0.337324, R²: 0.7053, MAE: 0.0937
2025-10-08 03:31:12,116 - training - INFO - 原始尺度评估指标:
2025-10-08 03:31:12,116 - training - INFO -   - MSE: 1659.598056
2025-10-08 03:31:12,116 - training - INFO -   - RMSE: 40.738165
2025-10-08 03:31:12,116 - training - INFO -   - MAE: 12.038501
2025-10-08 03:31:12,116 - training - INFO - 各维度阈值准确率:
2025-10-08 03:31:12,116 - training - INFO - Threshold   A        B        C        mu       alpha    homo     lumo     gap      r2       zpve     U0       U        H        G        Cv       
2025-10-08 03:31:12,116 - training - INFO - ---------------------------------------------------------------------------------------------------------------------------------------------------
2025-10-08 03:31:12,116 - training - INFO - @0.400      0.9805   0.9925   0.9950   0.9630   0.9810   0.9655   0.9770   0.9830   0.9840   0.9750   0.9910   0.9925   0.9915   0.9925   0.9865   
2025-10-08 03:31:12,116 - training - INFO - @0.300      0.9695   0.9820   0.9850   0.9450   0.9625   0.9445   0.9630   0.9770   0.9705   0.9370   0.9865   0.9880   0.9865   0.9875   0.9570   
2025-10-08 03:31:12,116 - training - INFO - @0.200      0.9325   0.9470   0.9540   0.9045   0.9145   0.8770   0.8980   0.9515   0.9305   0.8440   0.9785   0.9790   0.9775   0.9790   0.8610   
2025-10-08 03:31:12,116 - training - INFO - @0.100      0.7445   0.8325   0.8275   0.6770   0.7025   0.6750   0.6585   0.7640   0.7185   0.5560   0.9085   0.9195   0.9240   0.9150   0.5705   
2025-10-08 03:31:12,116 - training - INFO - @0.050      0.4555   0.5815   0.5405   0.4060   0.4090   0.4110   0.3765   0.4705   0.4350   0.3025   0.6970   0.7015   0.7035   0.7110   0.3175   
2025-10-08 03:31:12,982 - training - INFO - 训练完成:
2025-10-08 03:31:12,983 - training - INFO -   - 最终训练损失: 0.022897
2025-10-08 03:31:12,983 - training - INFO -   - 最佳验证损失: 0.263675
2025-10-08 03:31:12,983 - training - INFO -   - 测试损失 (MSE): 0.119700
2025-10-08 03:31:12,983 - training - INFO -   - 测试RMSE: 0.345977
2025-10-08 03:31:12,983 - training - INFO -   - 测试MAE: 0.083992
2025-10-08 03:31:12,983 - training - INFO -   - 测试R²: 0.898781
2025-10-08 03:31:12,983 - training - INFO -   - 测试阈值准确率 (0.4, 所有维度): 0.9070
2025-10-08 03:31:12,983 - training - INFO -   - 测试阈值准确率 (0.4, 平均): 0.9834
2025-10-08 03:31:12,983 - training - INFO -   - 测试阈值准确率 (0.3, 所有维度): 0.8070
2025-10-08 03:31:12,983 - training - INFO -   - 测试阈值准确率 (0.3, 平均): 0.9694
2025-10-08 03:31:12,983 - training - INFO -   - 测试阈值准确率 (0.2, 所有维度): 0.5610
2025-10-08 03:31:12,983 - training - INFO -   - 测试阈值准确率 (0.2, 平均): 0.9286
2025-10-08 03:31:12,983 - training - INFO -   - 测试阈值准确率 (0.1, 所有维度): 0.0955
2025-10-08 03:31:12,984 - training - INFO -   - 测试阈值准确率 (0.1, 平均): 0.7596
2025-10-08 03:31:12,984 - training - INFO -   - 测试阈值准确率 (0.05, 所有维度): 0.0020
2025-10-08 03:31:12,984 - training - INFO -   - 测试阈值准确率 (0.05, 平均): 0.5012
2025-10-08 03:31:12,984 - training - INFO -   - 原始尺度MSE: 1659.598056
2025-10-08 03:31:12,984 - training - INFO -   - 原始尺度RMSE: 40.738165
2025-10-08 03:31:12,984 - training - INFO -   - 原始尺度MAE: 12.038501
2025-10-08 03:31:12,984 - training - INFO -   - 模型已保存到: /home/data2/rhj/project/mol_editor/mol_evo/../mol_evo/model-data/nnconv/training_20251008_033044/molecule_evolution_nnconv_predictor.pth
