2025-10-12 23:06:12,795 - INFO - training_file - ============================================================
2025-10-12 23:06:12,796 - INFO - training_console - ============================================================
2025-10-12 23:06:12,796 - INFO - training_file - 基于NNConv的分子进化预测器模型训练开始
2025-10-12 23:06:12,796 - INFO - training_console - 基于NNConv的分子进化预测器模型训练开始
2025-10-12 23:06:12,796 - INFO - training_file - ============================================================
2025-10-12 23:06:12,796 - INFO - training_console - ============================================================
2025-10-12 23:06:12,796 - INFO - training_file - 数据文件: mol_evo/dataset/data/qm9-evo-pairs-step-1-with-properties-pct.csv
2025-10-12 23:06:12,796 - INFO - training_console - 数据文件: mol_evo/dataset/data/qm9-evo-pairs-step-1-with-properties-pct.csv
2025-10-12 23:06:12,796 - INFO - training_file - 最大对数: 30000
2025-10-12 23:06:12,796 - INFO - training_console - 最大对数: 30000
2025-10-12 23:06:12,796 - INFO - training_file - 训练轮数: 500
2025-10-12 23:06:12,796 - INFO - training_console - 训练轮数: 500
2025-10-12 23:06:12,796 - INFO - training_file - 正在构建图数据: mol_evo/dataset/data/qm9-evo-pairs-step-1-with-properties-pct.csv
2025-10-12 23:06:12,796 - INFO - training_console - 正在构建图数据: mol_evo/dataset/data/qm9-evo-pairs-step-1-with-properties-pct.csv
2025-10-12 23:06:14,375 - INFO - training_file - 加载缓存文件: /home/data2/rhj/project/mol_editor/mol_evo/core/utils/../../.cache/molecule_graphs/training_dataset.pt，包含 1985 个分子
2025-10-12 23:06:14,376 - INFO - training_console - 加载缓存文件: /home/data2/rhj/project/mol_editor/mol_evo/core/utils/../../.cache/molecule_graphs/training_dataset.pt，包含 1985 个分子
2025-10-12 23:06:17,720 - WARNING - training_file - 跳过无法处理的分子对: [H]O/N=C(\C([H])([H])[H])C([H])([H])C(C([H])([H])[H])(C([H])([H])[H])C([H])([H])[H] -> [H]ONC1C([H])([H])[C@]23C([H])([H])[C@]([H])(C2([H])[H])[C@@]13[H]
2025-10-12 23:06:17,721 - WARNING - training_console - 跳过无法处理的分子对: [H]O/N=C(\C([H])([H])[H])C([H])([H])C(C([H])([H])[H])(C([H])([H])[H])C([H])([H])[H] -> [H]ONC1C([H])([H])[C@]23C([H])([H])[C@]([H])(C2([H])[H])[C@@]13[H]
2025-10-12 23:06:18,461 - WARNING - training_file - 跳过无法处理的分子对: [H]O/N=C(/C([H])([H])C([H])([H])[H])C(C([H])([H])[H])(C([H])([H])[H])C([H])([H])[H] -> [H]ONC1C([H])([H])[C@]23C([H])([H])[C@]([H])(C2([H])[H])[C@@]13[H]
2025-10-12 23:06:18,461 - WARNING - training_console - 跳过无法处理的分子对: [H]O/N=C(/C([H])([H])C([H])([H])[H])C(C([H])([H])[H])(C([H])([H])[H])C([H])([H])[H] -> [H]ONC1C([H])([H])[C@]23C([H])([H])[C@]([H])(C2([H])[H])[C@@]13[H]
2025-10-12 23:06:19,216 - WARNING - training_file - 跳过无法处理的分子对: [H]O/N=C(\C([H])([H])[H])C(C([H])([H])[H])(C([H])([H])[H])C([H])([H])C([H])([H])[H] -> [H]ONC1C([H])([H])[C@]23C([H])([H])[C@]([H])(C2([H])[H])[C@@]13[H]
2025-10-12 23:06:19,217 - WARNING - training_console - 跳过无法处理的分子对: [H]O/N=C(\C([H])([H])[H])C(C([H])([H])[H])(C([H])([H])[H])C([H])([H])C([H])([H])[H] -> [H]ONC1C([H])([H])[C@]23C([H])([H])[C@]([H])(C2([H])[H])[C@@]13[H]
2025-10-12 23:06:20,023 - WARNING - training_file - 跳过无法处理的分子对: [H]O/N=C(\C([H])([H])[H])C([H])([H])C([H])([H])C([H])(C([H])([H])[H])C([H])([H])[H] -> [H]ONC1C([H])([H])[C@]23C([H])([H])[C@]([H])(C2([H])[H])[C@@]13[H]
2025-10-12 23:06:20,023 - WARNING - training_console - 跳过无法处理的分子对: [H]O/N=C(\C([H])([H])[H])C([H])([H])C([H])([H])C([H])(C([H])([H])[H])C([H])([H])[H] -> [H]ONC1C([H])([H])[C@]23C([H])([H])[C@]([H])(C2([H])[H])[C@@]13[H]
2025-10-12 23:06:20,756 - WARNING - training_file - 跳过无法处理的分子对: [H]ONC1C(C([H])([H])[H])(C([H])([H])[H])C([H])([H])[C@]1([H])C([H])([H])[H] -> [H]ONC1C([H])([H])[C@]23C([H])([H])[C@]([H])(C2([H])[H])[C@@]13[H]
2025-10-12 23:06:20,757 - WARNING - training_console - 跳过无法处理的分子对: [H]ONC1C(C([H])([H])[H])(C([H])([H])[H])C([H])([H])[C@]1([H])C([H])([H])[H] -> [H]ONC1C([H])([H])[C@]23C([H])([H])[C@]([H])(C2([H])[H])[C@@]13[H]
2025-10-12 23:06:21,495 - WARNING - training_file - 跳过无法处理的分子对: [H]ONC1C([H])=C([H])C(C([H])([H])[H])(C([H])([H])[H])C1([H])[H] -> [H]ONC1C([H])([H])[C@]23C([H])([H])[C@]([H])(C2([H])[H])[C@@]13[H]
2025-10-12 23:06:21,495 - WARNING - training_console - 跳过无法处理的分子对: [H]ONC1C([H])=C([H])C(C([H])([H])[H])(C([H])([H])[H])C1([H])[H] -> [H]ONC1C([H])([H])[C@]23C([H])([H])[C@]([H])(C2([H])[H])[C@@]13[H]
2025-10-12 23:06:22,229 - WARNING - training_file - 跳过无法处理的分子对: [H]ONC1C([H])([H])C([H])([H])C(C([H])([H])[H])(C([H])([H])[H])C1([H])[H] -> [H]ONC1C([H])([H])[C@]23C([H])([H])[C@]([H])(C2([H])[H])[C@@]13[H]
2025-10-12 23:06:22,229 - WARNING - training_console - 跳过无法处理的分子对: [H]ONC1C([H])([H])C([H])([H])C(C([H])([H])[H])(C([H])([H])[H])C1([H])[H] -> [H]ONC1C([H])([H])[C@]23C([H])([H])[C@]([H])(C2([H])[H])[C@@]13[H]
2025-10-12 23:06:22,974 - WARNING - training_file - 跳过无法处理的分子对: [H]O/N=C(\C([H])([H])C([H])([H])[H])C([H])([H])C([H])(C([H])([H])[H])C([H])([H])[H] -> [H]ONC1C([H])([H])[C@]23C([H])([H])[C@]([H])(C2([H])[H])[C@@]13[H]
2025-10-12 23:06:22,975 - WARNING - training_console - 跳过无法处理的分子对: [H]O/N=C(\C([H])([H])C([H])([H])[H])C([H])([H])C([H])(C([H])([H])[H])C([H])([H])[H] -> [H]ONC1C([H])([H])[C@]23C([H])([H])[C@]([H])(C2([H])[H])[C@@]13[H]
2025-10-12 23:06:23,731 - WARNING - training_file - 跳过无法处理的分子对: [H]C#C[C@]1(C([H])([H])[H])C([H])([H])[C@@H](NO[H])C1([H])[H] -> [H]ONC1C([H])([H])[C@]23C([H])([H])[C@]([H])(C2([H])[H])[C@@]13[H]
2025-10-12 23:06:23,731 - WARNING - training_console - 跳过无法处理的分子对: [H]C#C[C@]1(C([H])([H])[H])C([H])([H])[C@@H](NO[H])C1([H])[H] -> [H]ONC1C([H])([H])[C@]23C([H])([H])[C@]([H])(C2([H])[H])[C@@]13[H]
2025-10-12 23:06:24,506 - WARNING - training_file - 跳过无法处理的分子对: [H]ON[C@H]1C([H])([H])[C@](C([H])([H])[H])(C([H])([H])C([H])([H])[H])C1([H])[H] -> [H]ONC1C([H])([H])[C@]23C([H])([H])[C@]([H])(C2([H])[H])[C@@]13[H]
2025-10-12 23:06:24,506 - WARNING - training_console - 跳过无法处理的分子对: [H]ON[C@H]1C([H])([H])[C@](C([H])([H])[H])(C([H])([H])C([H])([H])[H])C1([H])[H] -> [H]ONC1C([H])([H])[C@]23C([H])([H])[C@]([H])(C2([H])[H])[C@@]13[H]
2025-10-12 23:06:25,251 - WARNING - training_file - 跳过无法处理的分子对: [H]O/N=C(\C([H])([H])[H])C([H])([H])C1(C([H])([H])[H])C([H])([H])C1([H])[H] -> [H]ONC1C([H])([H])[C@]23C([H])([H])[C@]([H])(C2([H])[H])[C@@]13[H]
2025-10-12 23:06:25,251 - WARNING - training_console - 跳过无法处理的分子对: [H]O/N=C(\C([H])([H])[H])C([H])([H])C1(C([H])([H])[H])C([H])([H])C1([H])[H] -> [H]ONC1C([H])([H])[C@]23C([H])([H])[C@]([H])(C2([H])[H])[C@@]13[H]
2025-10-12 23:06:26,052 - WARNING - training_file - 跳过无法处理的分子对: [H]O/N=C(\C([H])([H])[H])C([H])([H])C([H])([H])C([H])([H])C([H])([H])C([H])([H])[H] -> [H]ONC1C([H])([H])[C@]23C([H])([H])[C@]([H])(C2([H])[H])[C@@]13[H]
2025-10-12 23:06:26,052 - WARNING - training_console - 跳过无法处理的分子对: [H]O/N=C(\C([H])([H])[H])C([H])([H])C([H])([H])C([H])([H])C([H])([H])C([H])([H])[H] -> [H]ONC1C([H])([H])[C@]23C([H])([H])[C@]([H])(C2([H])[H])[C@@]13[H]
2025-10-12 23:06:26,788 - WARNING - training_file - 跳过无法处理的分子对: [H]ONC1C([H])([H])C([H])=C([H])C1(C([H])([H])[H])C([H])([H])[H] -> [H]ONC1C([H])([H])[C@]23C([H])([H])[C@]([H])(C2([H])[H])[C@@]13[H]
2025-10-12 23:06:26,788 - WARNING - training_console - 跳过无法处理的分子对: [H]ONC1C([H])([H])C([H])=C([H])C1(C([H])([H])[H])C([H])([H])[H] -> [H]ONC1C([H])([H])[C@]23C([H])([H])[C@]([H])(C2([H])[H])[C@@]13[H]
2025-10-12 23:06:27,537 - WARNING - training_file - 跳过无法处理的分子对: [H]ONC1=C([H])[C-]([H])C([H])([H])C1(C([H])([H])[H])C([H])([H])[H] -> [H]ONC1C([H])([H])[C@]23C([H])([H])[C@]([H])(C2([H])[H])[C@@]13[H]
2025-10-12 23:06:27,537 - WARNING - training_console - 跳过无法处理的分子对: [H]ONC1=C([H])[C-]([H])C([H])([H])C1(C([H])([H])[H])C([H])([H])[H] -> [H]ONC1C([H])([H])[C@]23C([H])([H])[C@]([H])(C2([H])[H])[C@@]13[H]
2025-10-12 23:06:28,261 - WARNING - training_file - 跳过无法处理的分子对: [H]ONC1C([H])([H])C([H])([H])C([H])([H])C1(C([H])([H])[H])C([H])([H])[H] -> [H]ONC1C([H])([H])[C@]23C([H])([H])[C@]([H])(C2([H])[H])[C@@]13[H]
2025-10-12 23:06:28,261 - WARNING - training_console - 跳过无法处理的分子对: [H]ONC1C([H])([H])C([H])([H])C([H])([H])C1(C([H])([H])[H])C([H])([H])[H] -> [H]ONC1C([H])([H])[C@]23C([H])([H])[C@]([H])(C2([H])[H])[C@@]13[H]
2025-10-12 23:06:29,035 - WARNING - training_file - 跳过无法处理的分子对: [H]ON=C(C([H])([H])C([H])([H])C([H])([H])[H])C([H])([H])C([H])([H])C([H])([H])[H] -> [H]ONC1C([H])([H])[C@]23C([H])([H])[C@]([H])(C2([H])[H])[C@@]13[H]
2025-10-12 23:06:29,035 - WARNING - training_console - 跳过无法处理的分子对: [H]ON=C(C([H])([H])C([H])([H])C([H])([H])[H])C([H])([H])C([H])([H])C([H])([H])[H] -> [H]ONC1C([H])([H])[C@]23C([H])([H])[C@]([H])(C2([H])[H])[C@@]13[H]
2025-10-12 23:06:29,817 - WARNING - training_file - 跳过无法处理的分子对: [H]O/N=C(/C([H])([H])C([H])([H])C([H])([H])[H])C([H])(C([H])([H])[H])C([H])([H])[H] -> [H]ONC1C([H])([H])[C@]23C([H])([H])[C@]([H])(C2([H])[H])[C@@]13[H]
2025-10-12 23:06:29,817 - WARNING - training_console - 跳过无法处理的分子对: [H]O/N=C(/C([H])([H])C([H])([H])C([H])([H])[H])C([H])(C([H])([H])[H])C([H])([H])[H] -> [H]ONC1C([H])([H])[C@]23C([H])([H])[C@]([H])(C2([H])[H])[C@@]13[H]
2025-10-12 23:06:30,604 - WARNING - training_file - 跳过无法处理的分子对: [H]ON=C(C([H])(C([H])([H])[H])C([H])([H])[H])C([H])(C([H])([H])[H])C([H])([H])[H] -> [H]ONC1C([H])([H])[C@]23C([H])([H])[C@]([H])(C2([H])[H])[C@@]13[H]
2025-10-12 23:06:30,605 - WARNING - training_console - 跳过无法处理的分子对: [H]ON=C(C([H])(C([H])([H])[H])C([H])([H])[H])C([H])(C([H])([H])[H])C([H])([H])[H] -> [H]ONC1C([H])([H])[C@]23C([H])([H])[C@]([H])(C2([H])[H])[C@@]13[H]
2025-10-12 23:06:31,523 - WARNING - training_file - 跳过无法处理的分子对: [H]O/N=C(\C([H])([H])[H])C1(C([H])([H])[H])C([H])([H])C([H])([H])C1([H])[H] -> [H]ONC1C([H])([H])[C@]23C([H])([H])[C@]([H])(C2([H])[H])[C@@]13[H]
2025-10-12 23:06:31,524 - WARNING - training_console - 跳过无法处理的分子对: [H]O/N=C(\C([H])([H])[H])C1(C([H])([H])[H])C([H])([H])C([H])([H])C1([H])[H] -> [H]ONC1C([H])([H])[C@]23C([H])([H])[C@]([H])(C2([H])[H])[C@@]13[H]
2025-10-12 23:06:32,291 - WARNING - training_file - 跳过无法处理的分子对: [H]ON[C@H]1C([H])([H])[C@]([H])(C([H])(C([H])([H])[H])C([H])([H])[H])C1([H])[H] -> [H]ONC1C([H])([H])[C@]23C([H])([H])[C@]([H])(C2([H])[H])[C@@]13[H]
2025-10-12 23:06:32,291 - WARNING - training_console - 跳过无法处理的分子对: [H]ON[C@H]1C([H])([H])[C@]([H])(C([H])(C([H])([H])[H])C([H])([H])[H])C1([H])[H] -> [H]ONC1C([H])([H])[C@]23C([H])([H])[C@]([H])(C2([H])[H])[C@@]13[H]
2025-10-12 23:06:33,027 - WARNING - training_file - 跳过无法处理的分子对: [H]O/N=C(\C([H])([H])[H])[C@]1([H])C([H])([H])[C@@]([H])(C([H])([H])[H])C1([H])[H] -> [H]ONC1C([H])([H])[C@]23C([H])([H])[C@]([H])(C2([H])[H])[C@@]13[H]
2025-10-12 23:06:33,027 - WARNING - training_console - 跳过无法处理的分子对: [H]O/N=C(\C([H])([H])[H])[C@]1([H])C([H])([H])[C@@]([H])(C([H])([H])[H])C1([H])[H] -> [H]ONC1C([H])([H])[C@]23C([H])([H])[C@]([H])(C2([H])[H])[C@@]13[H]
2025-10-12 23:06:33,780 - WARNING - training_file - 跳过无法处理的分子对: [H]ONC1C([H])=C(C([H])([H])[H])C([H])([H])C([H])([H])C1([H])[H] -> [H]ONC1C([H])([H])[C@]23C([H])([H])[C@]([H])(C2([H])[H])[C@@]13[H]
2025-10-12 23:06:33,780 - WARNING - training_console - 跳过无法处理的分子对: [H]ONC1C([H])=C(C([H])([H])[H])C([H])([H])C([H])([H])C1([H])[H] -> [H]ONC1C([H])([H])[C@]23C([H])([H])[C@]([H])(C2([H])[H])[C@@]13[H]
2025-10-12 23:06:34,512 - WARNING - training_file - 跳过无法处理的分子对: [H]ONC1C([H])([H])C(C([H])([H])[H])=C([H])C([H])([H])C1([H])[H] -> [H]ONC1C([H])([H])[C@]23C([H])([H])[C@]([H])(C2([H])[H])[C@@]13[H]
2025-10-12 23:06:34,512 - WARNING - training_console - 跳过无法处理的分子对: [H]ONC1C([H])([H])C(C([H])([H])[H])=C([H])C([H])([H])C1([H])[H] -> [H]ONC1C([H])([H])[C@]23C([H])([H])[C@]([H])(C2([H])[H])[C@@]13[H]
2025-10-12 23:06:35,258 - WARNING - training_file - 跳过无法处理的分子对: [H]ONC1C([H])([H])C([H])([H])C([H])([H])[C@]([H])(C([H])([H])[H])C1([H])[H] -> [H]ONC1C([H])([H])[C@]23C([H])([H])[C@]([H])(C2([H])[H])[C@@]13[H]
2025-10-12 23:06:35,258 - WARNING - training_console - 跳过无法处理的分子对: [H]ONC1C([H])([H])C([H])([H])C([H])([H])[C@]([H])(C([H])([H])[H])C1([H])[H] -> [H]ONC1C([H])([H])[C@]23C([H])([H])[C@]([H])(C2([H])[H])[C@@]13[H]
2025-10-12 23:06:36,004 - WARNING - training_file - 跳过无法处理的分子对: [H]ONC1C([H])([H])C(C([H])([H])[H])=C(C([H])([H])[H])C1([H])[H] -> [H]ONC1C([H])([H])[C@]23C([H])([H])[C@]([H])(C2([H])[H])[C@@]13[H]
2025-10-12 23:06:36,004 - WARNING - training_console - 跳过无法处理的分子对: [H]ONC1C([H])([H])C(C([H])([H])[H])=C(C([H])([H])[H])C1([H])[H] -> [H]ONC1C([H])([H])[C@]23C([H])([H])[C@]([H])(C2([H])[H])[C@@]13[H]
2025-10-12 23:06:36,748 - WARNING - training_file - 跳过无法处理的分子对: [H]ONC1C([H])([H])C(C([H])([H])[H])=C([H])[C@]1([H])C([H])([H])[H] -> [H]ONC1C([H])([H])[C@]23C([H])([H])[C@]([H])(C2([H])[H])[C@@]13[H]
2025-10-12 23:06:36,748 - WARNING - training_console - 跳过无法处理的分子对: [H]ONC1C([H])([H])C(C([H])([H])[H])=C([H])[C@]1([H])C([H])([H])[H] -> [H]ONC1C([H])([H])[C@]23C([H])([H])[C@]([H])(C2([H])[H])[C@@]13[H]
2025-10-12 23:06:37,236 - WARNING - training_file - 跳过无法处理的分子对: [H][N-]C1O[C@]([H])(C([H])([H])[H])C(NO[H])C1([H])[H] -> [H]ONC1C([H])([H])[C@]23C([H])([H])[N@@H+](C2([H])[H])[C@@]13[H]
2025-10-12 23:06:37,236 - WARNING - training_console - 跳过无法处理的分子对: [H][N-]C1O[C@]([H])(C([H])([H])[H])C(NO[H])C1([H])[H] -> [H]ONC1C([H])([H])[C@]23C([H])([H])[N@@H+](C2([H])[H])[C@@]13[H]
2025-10-12 23:06:37,997 - WARNING - training_file - 跳过无法处理的分子对: [H]ONC1C([H])([H])[C@]2([H])C([H])([H])[C@@]1(C([H])([H])[H])C2([H])[H] -> [H]ONC1C([H])([H])[C@]23C([H])([H])[C@]([H])(C2([H])[H])[C@@]13[H]
2025-10-12 23:06:37,997 - WARNING - training_console - 跳过无法处理的分子对: [H]ONC1C([H])([H])[C@]2([H])C([H])([H])[C@@]1(C([H])([H])[H])C2([H])[H] -> [H]ONC1C([H])([H])[C@]23C([H])([H])[C@]([H])(C2([H])[H])[C@@]13[H]
2025-10-12 23:06:38,743 - WARNING - training_file - 跳过无法处理的分子对: [H]O/N=C(\C([H])([H])[H])C([H])([H])C1([H])C([H])([H])C([H])([H])C1([H])[H] -> [H]ONC1C([H])([H])[C@]23C([H])([H])[C@]([H])(C2([H])[H])[C@@]13[H]
2025-10-12 23:06:38,744 - WARNING - training_console - 跳过无法处理的分子对: [H]O/N=C(\C([H])([H])[H])C([H])([H])C1([H])C([H])([H])C([H])([H])C1([H])[H] -> [H]ONC1C([H])([H])[C@]23C([H])([H])[C@]([H])(C2([H])[H])[C@@]13[H]
2025-10-12 23:06:39,472 - WARNING - training_file - 跳过无法处理的分子对: [H]C#CC([H])([H])[C@]1([H])C([H])([H])[C@@H](NO[H])C1([H])[H] -> [H]ONC1C([H])([H])[C@]23C([H])([H])[C@]([H])(C2([H])[H])[C@@]13[H]
2025-10-12 23:06:39,472 - WARNING - training_console - 跳过无法处理的分子对: [H]C#CC([H])([H])[C@]1([H])C([H])([H])[C@@H](NO[H])C1([H])[H] -> [H]ONC1C([H])([H])[C@]23C([H])([H])[C@]([H])(C2([H])[H])[C@@]13[H]
2025-10-12 23:06:40,219 - WARNING - training_file - 跳过无法处理的分子对: [H]ON[C@H]1C([H])([H])[C@]([H])(C#CC([H])([H])[H])C1([H])[H] -> [H]ONC1C([H])([H])[C@]23C([H])([H])[C@]([H])(C2([H])[H])[C@@]13[H]
2025-10-12 23:06:40,219 - WARNING - training_console - 跳过无法处理的分子对: [H]ON[C@H]1C([H])([H])[C@]([H])(C#CC([H])([H])[H])C1([H])[H] -> [H]ONC1C([H])([H])[C@]23C([H])([H])[C@]([H])(C2([H])[H])[C@@]13[H]
2025-10-12 23:06:40,963 - WARNING - training_file - 跳过无法处理的分子对: [H]ON[C@H]1C([H])([H])[C@]([H])(C([H])([H])C([H])([H])C([H])([H])[H])C1([H])[H] -> [H]ONC1C([H])([H])[C@]23C([H])([H])[C@]([H])(C2([H])[H])[C@@]13[H]
2025-10-12 23:06:40,963 - WARNING - training_console - 跳过无法处理的分子对: [H]ON[C@H]1C([H])([H])[C@]([H])(C([H])([H])C([H])([H])C([H])([H])[H])C1([H])[H] -> [H]ONC1C([H])([H])[C@]23C([H])([H])[C@]([H])(C2([H])[H])[C@@]13[H]
2025-10-12 23:06:41,704 - WARNING - training_file - 跳过无法处理的分子对: [H]ONC1C([H])([H])C2(C1([H])[H])C([H])([H])C([H])([H])C2([H])[H] -> [H]ONC1C([H])([H])[C@]23C([H])([H])[C@]([H])(C2([H])[H])[C@@]13[H]
2025-10-12 23:06:41,704 - WARNING - training_console - 跳过无法处理的分子对: [H]ONC1C([H])([H])C2(C1([H])[H])C([H])([H])C([H])([H])C2([H])[H] -> [H]ONC1C([H])([H])[C@]23C([H])([H])[C@]([H])(C2([H])[H])[C@@]13[H]
2025-10-12 23:06:41,742 - INFO - training_file - 分子处理统计: 总数=60000, 命中=59967, 未命中=33, 命中率=99.94%
2025-10-12 23:06:41,743 - INFO - training_console - 分子处理统计: 总数=60000, 命中=59967, 未命中=33, 命中率=99.94%
2025-10-12 23:06:41,775 - INFO - training_file - --- 训练集样本示例 (头部数据) ---
2025-10-12 23:06:41,775 - INFO - training_console - --- 训练集样本示例 (头部数据) ---
2025-10-12 23:06:41,776 - INFO - training_file -   样本       起始节点数        起始边数         目标节点数        目标边数         边特征             目标属性值          
2025-10-12 23:06:41,776 - INFO - training_console -   样本       起始节点数        起始边数         目标节点数        目标边数         边特征             目标属性值          
2025-10-12 23:06:41,776 - INFO - training_file -   --------------------------------------------------------------------------------
2025-10-12 23:06:41,776 - INFO - training_console -   --------------------------------------------------------------------------------
2025-10-12 23:06:41,776 - INFO - training_file -   1        5            8            8            14           [1.0, 0.0, 0.   0.023518       
2025-10-12 23:06:41,776 - INFO - training_console -   1        5            8            8            14           [1.0, 0.0, 0.   0.023518       
2025-10-12 23:06:41,776 - INFO - training_file -   2        3            4            6            10           [1.0, 0.0, 0.   -0.273184      
2025-10-12 23:06:41,776 - INFO - training_console -   2        3            4            6            10           [1.0, 0.0, 0.   -0.273184      
2025-10-12 23:06:41,776 - INFO - training_file -   3        4            6            11           20           [1.0, 0.0, 0.   0.077970       
2025-10-12 23:06:41,776 - INFO - training_console -   3        4            6            11           20           [1.0, 0.0, 0.   0.077970       
2025-10-12 23:06:41,776 - INFO - training_file -   --------------------------------------------------------------------------------
2025-10-12 23:06:41,776 - INFO - training_console -   --------------------------------------------------------------------------------
2025-10-12 23:06:41,776 - INFO - training_file - 
数据构建完成:
2025-10-12 23:06:41,776 - INFO - training_console - 
数据构建完成:
2025-10-12 23:06:41,776 - INFO - training_file -   项目                   值                   
2025-10-12 23:06:41,776 - INFO - training_console -   项目                   值                   
2025-10-12 23:06:41,776 - INFO - training_file -   ----------------------------------------
2025-10-12 23:06:41,776 - INFO - training_console -   ----------------------------------------
2025-10-12 23:06:41,776 - INFO - training_file -   样本数                  29967               
2025-10-12 23:06:41,776 - INFO - training_console -   样本数                  29967               
2025-10-12 23:06:41,776 - INFO - training_file -   节点特征维度               11                  
2025-10-12 23:06:41,776 - INFO - training_console -   节点特征维度               11                  
2025-10-12 23:06:41,776 - INFO - training_file -   边特征维度                11                  
2025-10-12 23:06:41,776 - INFO - training_console -   边特征维度                11                  
2025-10-12 23:06:41,777 - INFO - training_file -   目标属性变化维度             1                   
2025-10-12 23:06:41,777 - INFO - training_console -   目标属性变化维度             1                   
2025-10-12 23:06:41,780 - INFO - training_file - 数据集划分完成:
2025-10-12 23:06:41,780 - INFO - training_console - 数据集划分完成:
2025-10-12 23:06:41,780 - INFO - training_file -   - 训练集: 23973 (80.0%)
2025-10-12 23:06:41,780 - INFO - training_console -   - 训练集: 23973 (80.0%)
2025-10-12 23:06:41,780 - INFO - training_file -   - 验证集: 2996 (10.0%)
2025-10-12 23:06:41,780 - INFO - training_console -   - 验证集: 2996 (10.0%)
2025-10-12 23:06:41,780 - INFO - training_file -   - 测试集: 2998 (10.0%)
2025-10-12 23:06:41,780 - INFO - training_console -   - 测试集: 2998 (10.0%)
2025-10-12 23:06:41,854 - INFO - training_file - 正在创建模型...
2025-10-12 23:06:41,854 - INFO - training_console - 正在创建模型...
2025-10-12 23:06:41,854 - INFO - training_file - 模型参数数量: 980993
2025-10-12 23:06:41,854 - INFO - training_console - 模型参数数量: 980993
2025-10-12 23:06:41,854 - INFO - training_file - 使用设备: cuda
2025-10-12 23:06:41,854 - INFO - training_console - 使用设备: cuda
2025-10-12 23:07:08,223 - INFO - training_file - Epoch [10/500], Train Loss: 0.507225, Val Loss: 0.521514, R²: 0.3819, MAE: 0.5215
2025-10-12 23:07:33,895 - INFO - training_file - Epoch [20/500], Train Loss: 0.451058, Val Loss: 0.458486, R²: 0.4676, MAE: 0.4585
2025-10-12 23:07:59,714 - INFO - training_file - Epoch [30/500], Train Loss: 0.406213, Val Loss: 0.406598, R²: 0.5296, MAE: 0.4066
2025-10-12 23:08:25,213 - INFO - training_file - Epoch [40/500], Train Loss: 0.366593, Val Loss: 0.384754, R²: 0.5693, MAE: 0.3848
2025-10-12 23:08:50,782 - INFO - training_file - Epoch [50/500], Train Loss: 0.338806, Val Loss: 0.361597, R²: 0.6055, MAE: 0.3616
2025-10-12 23:09:16,054 - INFO - training_file - Epoch [60/500], Train Loss: 0.296089, Val Loss: 0.313445, R²: 0.6865, MAE: 0.3134
2025-10-12 23:09:41,267 - INFO - training_file - Epoch [70/500], Train Loss: 0.267577, Val Loss: 0.314737, R²: 0.6640, MAE: 0.3147
2025-10-12 23:10:07,083 - INFO - training_file - Epoch [80/500], Train Loss: 0.245834, Val Loss: 0.280202, R²: 0.7379, MAE: 0.2802
2025-10-12 23:10:34,399 - INFO - training_file - Epoch [90/500], Train Loss: 0.231079, Val Loss: 0.273267, R²: 0.7426, MAE: 0.2733
2025-10-12 23:11:01,087 - INFO - training_file - 已保存checkpoint: /home/data2/rhj/project/mol_editor/mol_evo/../mol_evo/output/v0/gcn/train-20251012_230612-mu_change-30000-500/checkpoint_epoch_100.pth
2025-10-12 23:11:01,087 - INFO - training_console - 已保存checkpoint: /home/data2/rhj/project/mol_editor/mol_evo/../mol_evo/output/v0/gcn/train-20251012_230612-mu_change-30000-500/checkpoint_epoch_100.pth
2025-10-12 23:11:01,500 - INFO - training_file - Epoch [100/500], Train Loss: 0.216150, Val Loss: 0.270115, R²: 0.7560, MAE: 0.2701
2025-10-12 23:11:28,743 - INFO - training_file - Epoch [110/500], Train Loss: 0.214159, Val Loss: 0.252469, R²: 0.7845, MAE: 0.2525
2025-10-12 23:11:55,283 - INFO - training_file - Epoch [120/500], Train Loss: 0.200821, Val Loss: 0.252208, R²: 0.7845, MAE: 0.2522
2025-10-12 23:12:22,263 - INFO - training_file - Epoch [130/500], Train Loss: 0.189510, Val Loss: 0.249900, R²: 0.7800, MAE: 0.2499
2025-10-12 23:12:48,535 - INFO - training_file - Epoch [140/500], Train Loss: 0.179863, Val Loss: 0.230096, R²: 0.8076, MAE: 0.2301
2025-10-12 23:13:15,058 - INFO - training_file - Epoch [150/500], Train Loss: 0.169288, Val Loss: 0.232095, R²: 0.8057, MAE: 0.2321
2025-10-12 23:13:41,654 - INFO - training_file - Epoch [160/500], Train Loss: 0.170792, Val Loss: 0.222454, R²: 0.8142, MAE: 0.2225
2025-10-12 23:14:08,174 - INFO - training_file - Epoch [170/500], Train Loss: 0.161260, Val Loss: 0.235096, R²: 0.8004, MAE: 0.2351
2025-10-12 23:14:34,811 - INFO - training_file - Epoch [180/500], Train Loss: 0.127603, Val Loss: 0.211864, R²: 0.8245, MAE: 0.2119
2025-10-12 23:15:01,688 - INFO - training_file - Epoch [190/500], Train Loss: 0.123784, Val Loss: 0.210863, R²: 0.8233, MAE: 0.2109
2025-10-12 23:15:27,729 - INFO - training_file - 已保存checkpoint: /home/data2/rhj/project/mol_editor/mol_evo/../mol_evo/output/v0/gcn/train-20251012_230612-mu_change-30000-500/checkpoint_epoch_200.pth
2025-10-12 23:15:27,730 - INFO - training_console - 已保存checkpoint: /home/data2/rhj/project/mol_editor/mol_evo/../mol_evo/output/v0/gcn/train-20251012_230612-mu_change-30000-500/checkpoint_epoch_200.pth
2025-10-12 23:15:28,109 - INFO - training_file - Epoch [200/500], Train Loss: 0.119109, Val Loss: 0.220293, R²: 0.8222, MAE: 0.2203
2025-10-12 23:15:54,843 - INFO - training_file - Epoch [210/500], Train Loss: 0.100220, Val Loss: 0.199860, R²: 0.8332, MAE: 0.1999
2025-10-12 23:16:21,449 - INFO - training_file - Epoch [220/500], Train Loss: 0.095795, Val Loss: 0.199259, R²: 0.8325, MAE: 0.1993
2025-10-12 23:16:48,252 - INFO - training_file - Epoch [230/500], Train Loss: 0.094110, Val Loss: 0.197945, R²: 0.8335, MAE: 0.1979
2025-10-12 23:17:15,033 - INFO - training_file - Epoch [240/500], Train Loss: 0.091469, Val Loss: 0.199679, R²: 0.8336, MAE: 0.1997
2025-10-12 23:17:41,347 - INFO - training_file - Epoch [250/500], Train Loss: 0.089420, Val Loss: 0.195967, R²: 0.8349, MAE: 0.1960
2025-10-12 23:18:08,274 - INFO - training_file - Epoch [260/500], Train Loss: 0.082867, Val Loss: 0.195390, R²: 0.8349, MAE: 0.1954
2025-10-12 23:18:34,761 - INFO - training_file - Epoch [270/500], Train Loss: 0.078595, Val Loss: 0.194836, R²: 0.8362, MAE: 0.1948
2025-10-12 23:19:02,756 - INFO - training_file - Epoch [280/500], Train Loss: 0.073286, Val Loss: 0.194000, R²: 0.8360, MAE: 0.1940
2025-10-12 23:19:29,334 - INFO - training_file - Epoch [290/500], Train Loss: 0.070308, Val Loss: 0.194021, R²: 0.8361, MAE: 0.1940
2025-10-12 23:19:55,835 - INFO - training_file - 已保存checkpoint: /home/data2/rhj/project/mol_editor/mol_evo/../mol_evo/output/v0/gcn/train-20251012_230612-mu_change-30000-500/checkpoint_epoch_300.pth
2025-10-12 23:19:55,836 - INFO - training_console - 已保存checkpoint: /home/data2/rhj/project/mol_editor/mol_evo/../mol_evo/output/v0/gcn/train-20251012_230612-mu_change-30000-500/checkpoint_epoch_300.pth
2025-10-12 23:19:56,173 - INFO - training_file - Epoch [300/500], Train Loss: 0.068453, Val Loss: 0.193795, R²: 0.8361, MAE: 0.1938
2025-10-12 23:20:23,439 - INFO - training_file - Epoch [310/500], Train Loss: 0.067459, Val Loss: 0.193994, R²: 0.8359, MAE: 0.1940
2025-10-12 23:20:50,323 - INFO - training_file - Epoch [320/500], Train Loss: 0.066948, Val Loss: 0.193879, R²: 0.8361, MAE: 0.1939
2025-10-12 23:21:16,636 - INFO - training_file - Epoch [330/500], Train Loss: 0.066811, Val Loss: 0.193798, R²: 0.8361, MAE: 0.1938
2025-10-12 23:21:43,087 - INFO - training_file - Epoch [340/500], Train Loss: 0.066539, Val Loss: 0.193875, R²: 0.8360, MAE: 0.1939
2025-10-12 23:22:09,519 - INFO - training_file - Epoch [350/500], Train Loss: 0.066406, Val Loss: 0.193848, R²: 0.8361, MAE: 0.1938
2025-10-12 23:22:35,783 - INFO - training_file - Epoch [360/500], Train Loss: 0.066366, Val Loss: 0.193871, R²: 0.8360, MAE: 0.1939
2025-10-12 23:23:05,816 - INFO - training_file - Epoch [370/500], Train Loss: 0.066333, Val Loss: 0.193856, R²: 0.8360, MAE: 0.1939
2025-10-12 23:23:20,515 - INFO - training_file - 早停机制触发，在第 375 轮停止训练
2025-10-12 23:23:20,515 - INFO - training_console - 早停机制触发，在第 375 轮停止训练
2025-10-12 23:23:20,517 - INFO - training_file - 开始训练 (500 轮)...
2025-10-12 23:23:20,517 - INFO - training_console - 开始训练 (500 轮)...
2025-10-12 23:23:21,945 - INFO - training_file - 模型已保存至: /home/data2/rhj/project/mol_editor/mol_evo/../mol_evo/output/v0/gcn/train-20251012_230612-mu_change-30000-500/molecule_evolution_gcn_v0_mu_predictor.pth
2025-10-12 23:23:21,945 - INFO - training_console - 模型已保存至: /home/data2/rhj/project/mol_editor/mol_evo/../mol_evo/output/v0/gcn/train-20251012_230612-mu_change-30000-500/molecule_evolution_gcn_v0_mu_predictor.pth
2025-10-12 23:23:21,945 - INFO - training_file - 
2025-10-12 23:23:21,946 - INFO - training_console - 
2025-10-12 23:23:21,946 - INFO - training_file - ============================================================
2025-10-12 23:23:21,946 - INFO - training_console - ============================================================
2025-10-12 23:23:21,946 - INFO - training_file - 训练完成 - 最终评估结果
2025-10-12 23:23:21,946 - INFO - training_console - 训练完成 - 最终评估结果
2025-10-12 23:23:21,946 - INFO - training_file - ============================================================
2025-10-12 23:23:21,946 - INFO - training_console - ============================================================
2025-10-12 23:23:21,946 - INFO - training_file - 测试集损失: 0.200276
2025-10-12 23:23:21,946 - INFO - training_console - 测试集损失: 0.200276
2025-10-12 23:23:21,946 - INFO - training_file - RMSE: 0.409515
2025-10-12 23:23:21,946 - INFO - training_console - RMSE: 0.409515
2025-10-12 23:23:21,946 - INFO - training_file - MAE: 0.200276
2025-10-12 23:23:21,946 - INFO - training_console - MAE: 0.200276
2025-10-12 23:23:21,946 - INFO - training_file - R²: 0.816348
2025-10-12 23:23:21,946 - INFO - training_console - R²: 0.816348
2025-10-12 23:23:21,946 - INFO - training_file - 
2025-10-12 23:23:21,946 - INFO - training_console - 
2025-10-12 23:23:21,946 - INFO - training_file - 阈值准确率:
2025-10-12 23:23:21,946 - INFO - training_console - 阈值准确率:
2025-10-12 23:23:21,946 - INFO - training_file -   阈值 0.5: 87.29%
2025-10-12 23:23:21,946 - INFO - training_console -   阈值 0.5: 87.29%
2025-10-12 23:23:21,946 - INFO - training_file -   阈值 0.4: 84.19%
2025-10-12 23:23:21,946 - INFO - training_console -   阈值 0.4: 84.19%
2025-10-12 23:23:21,946 - INFO - training_file -   阈值 0.30000000000000004: 79.92%
2025-10-12 23:23:21,947 - INFO - training_console -   阈值 0.30000000000000004: 79.92%
2025-10-12 23:23:21,947 - INFO - training_file -   阈值 0.20000000000000004: 74.02%
2025-10-12 23:23:21,947 - INFO - training_console -   阈值 0.20000000000000004: 74.02%
2025-10-12 23:23:21,947 - INFO - training_file -   阈值 0.10000000000000003: 62.98%
2025-10-12 23:23:21,947 - INFO - training_console -   阈值 0.10000000000000003: 62.98%
2025-10-12 23:23:21,947 - INFO - training_file -   阈值 0.05000000000000002: 50.20%
2025-10-12 23:23:21,947 - INFO - training_console -   阈值 0.05000000000000002: 50.20%
2025-10-12 23:23:21,947 - INFO - training_file -   阈值 0.040000000000000015: 45.33%
2025-10-12 23:23:21,947 - INFO - training_console -   阈值 0.040000000000000015: 45.33%
2025-10-12 23:23:21,947 - INFO - training_file - 
2025-10-12 23:23:21,947 - INFO - training_console - 
2025-10-12 23:23:21,947 - INFO - training_file - 训练完成:
2025-10-12 23:23:21,947 - INFO - training_console - 训练完成:
2025-10-12 23:23:21,947 - INFO - training_file -   - 最终训练损失: 0.066317
2025-10-12 23:23:21,947 - INFO - training_console -   - 最终训练损失: 0.066317
2025-10-12 23:23:21,947 - INFO - training_file -   - 最佳验证损失: 0.193785
2025-10-12 23:23:21,947 - INFO - training_console -   - 最佳验证损失: 0.193785
2025-10-12 23:23:21,947 - INFO - training_file -   - 测试损失 (MSE): 0.200276
2025-10-12 23:23:21,947 - INFO - training_console -   - 测试损失 (MSE): 0.200276
2025-10-12 23:23:21,947 - INFO - training_file -   - 测试RMSE: 0.409515
2025-10-12 23:23:21,947 - INFO - training_console -   - 测试RMSE: 0.409515
2025-10-12 23:23:21,947 - INFO - training_file -   - 测试MAE: 0.200276
2025-10-12 23:23:21,947 - INFO - training_console -   - 测试MAE: 0.200276
2025-10-12 23:23:21,947 - INFO - training_file -   - 测试R²: 0.816348
2025-10-12 23:23:21,947 - INFO - training_console -   - 测试R²: 0.816348
2025-10-12 23:23:21,947 - INFO - training_file -   - 测试阈值准确率 (0.5): 0.8729
2025-10-12 23:23:21,947 - INFO - training_console -   - 测试阈值准确率 (0.5): 0.8729
2025-10-12 23:23:21,947 - INFO - training_file -   - 测试阈值准确率 (0.4): 0.8419
2025-10-12 23:23:21,947 - INFO - training_console -   - 测试阈值准确率 (0.4): 0.8419
2025-10-12 23:23:21,947 - INFO - training_file -   - 测试阈值准确率 (0.30000000000000004): 0.7992
2025-10-12 23:23:21,947 - INFO - training_console -   - 测试阈值准确率 (0.30000000000000004): 0.7992
2025-10-12 23:23:21,948 - INFO - training_file -   - 测试阈值准确率 (0.20000000000000004): 0.7402
2025-10-12 23:23:21,948 - INFO - training_console -   - 测试阈值准确率 (0.20000000000000004): 0.7402
2025-10-12 23:23:21,948 - INFO - training_file -   - 测试阈值准确率 (0.10000000000000003): 0.6298
2025-10-12 23:23:21,948 - INFO - training_console -   - 测试阈值准确率 (0.10000000000000003): 0.6298
2025-10-12 23:23:21,948 - INFO - training_file -   - 测试阈值准确率 (0.05000000000000002): 0.5020
2025-10-12 23:23:21,948 - INFO - training_console -   - 测试阈值准确率 (0.05000000000000002): 0.5020
2025-10-12 23:23:21,948 - INFO - training_file -   - 测试阈值准确率 (0.040000000000000015): 0.4533
2025-10-12 23:23:21,948 - INFO - training_console -   - 测试阈值准确率 (0.040000000000000015): 0.4533
2025-10-12 23:23:21,948 - INFO - training_file -   - 模型已保存到: /home/data2/rhj/project/mol_editor/mol_evo/../mol_evo/output/v0/gcn/train-20251012_230612-mu_change-30000-500/molecule_evolution_gcn_v0_mu_predictor.pth
2025-10-12 23:23:21,948 - INFO - training_console -   - 模型已保存到: /home/data2/rhj/project/mol_editor/mol_evo/../mol_evo/output/v0/gcn/train-20251012_230612-mu_change-30000-500/molecule_evolution_gcn_v0_mu_predictor.pth
