2025-10-14 04:11:54,328 - INFO - ============================================================
2025-10-14 04:11:54,328 - INFO - 基于NNConv的分子进化预测器模型训练开始
2025-10-14 04:11:54,328 - INFO - ============================================================
2025-10-14 04:11:54,328 - INFO - 数据文件: mol_evo/dataset/data/qm9-evo-pairs-step-1-with-properties-pct.csv
2025-10-14 04:11:54,328 - INFO - 最大对数: 30000
2025-10-14 04:11:54,328 - INFO - 训练轮数: 500
2025-10-14 04:11:54,328 - INFO - 正在构建图数据: mol_evo/dataset/data/qm9-evo-pairs-step-1-with-properties-pct.csv
2025-10-14 04:11:56,054 - INFO - 加载缓存文件: /home/data2/rhj/project/mol_editor/mol_evo/core/utils/../../.cache/molecule_graphs/csv_qm9-evo-pairs-step-1-with-properties-pct_3cbb45cc1ac9202d.pt，包含 1994 个分子
2025-10-14 04:12:23,745 - INFO - 分子处理统计: 总数=60000, 命中=59967, 未命中=33, 命中率=99.94%
2025-10-14 04:12:23,777 - INFO - --- 训练集样本示例 (头部数据) ---
2025-10-14 04:12:23,777 - INFO -   样本       起始节点数        起始边数         目标节点数        目标边数         边特征             目标属性值          
2025-10-14 04:12:23,777 - INFO -   --------------------------------------------------------------------------------
2025-10-14 04:12:23,778 - INFO -   1        5            8            8            14           [1.0, 0.0, 0.   0.023518       
2025-10-14 04:12:23,778 - INFO -   2        3            4            6            10           [1.0, 0.0, 0.   -0.273184      
2025-10-14 04:12:23,778 - INFO -   3        4            6            11           20           [1.0, 0.0, 0.   0.077970       
2025-10-14 04:12:23,778 - INFO -   --------------------------------------------------------------------------------
2025-10-14 04:12:23,778 - INFO - 
数据构建完成:
2025-10-14 04:12:23,778 - INFO -   项目                   值                   
2025-10-14 04:12:23,778 - INFO -   ----------------------------------------
2025-10-14 04:12:23,778 - INFO -   样本数                  29967               
2025-10-14 04:12:23,778 - INFO -   节点特征维度               11                  
2025-10-14 04:12:23,778 - INFO -   边特征维度                11                  
2025-10-14 04:12:23,778 - INFO -   目标属性变化维度             1                   
2025-10-14 04:12:23,781 - INFO - 数据集划分完成:
2025-10-14 04:12:23,782 - INFO -   - 训练集: 23973 (80.0%)
2025-10-14 04:12:23,782 - INFO -   - 验证集: 2996 (10.0%)
2025-10-14 04:12:23,782 - INFO -   - 测试集: 2998 (10.0%)
2025-10-14 04:12:23,888 - INFO - 正在创建模型...
2025-10-14 04:12:23,889 - INFO - 模型参数数量: 1063041
2025-10-14 04:12:23,889 - INFO - 使用设备: cuda
2025-10-14 04:12:41,354 - INFO - Epoch [10/500], Train Loss: 0.528017, Val Loss: 0.533559, R²: 0.3659, MAE: 0.5336
2025-10-14 04:12:58,502 - INFO - Epoch [20/500], Train Loss: 0.478353, Val Loss: 0.540074, R²: 0.3619, MAE: 0.5401
2025-10-14 04:13:15,722 - INFO - Epoch [30/500], Train Loss: 0.454363, Val Loss: 0.461906, R²: 0.4439, MAE: 0.4619
2025-10-14 04:13:33,273 - INFO - Epoch [40/500], Train Loss: 0.444651, Val Loss: 0.438564, R²: 0.4915, MAE: 0.4386
2025-10-14 04:13:50,762 - INFO - Epoch [50/500], Train Loss: 0.409074, Val Loss: 0.433232, R²: 0.4942, MAE: 0.4332
2025-10-14 04:14:08,290 - INFO - Epoch [60/500], Train Loss: 0.397720, Val Loss: 0.411623, R²: 0.4967, MAE: 0.4116
2025-10-14 04:14:25,918 - INFO - Epoch [70/500], Train Loss: 0.376044, Val Loss: 0.420521, R²: 0.5141, MAE: 0.4205
2025-10-14 04:14:43,190 - INFO - Epoch [80/500], Train Loss: 0.363125, Val Loss: 0.399602, R²: 0.5595, MAE: 0.3996
2025-10-14 04:15:00,599 - INFO - Epoch [90/500], Train Loss: 0.338577, Val Loss: 0.369846, R²: 0.5861, MAE: 0.3698
2025-10-14 04:15:17,810 - INFO - 已保存checkpoint: /home/data2/rhj/project/mol_editor/mol_evo/../mol_evo/output/v0/gcn_linear_linear/train-20251014_041154-mu_change-30000-500/checkpoint_epoch_100.pth
2025-10-14 04:15:17,995 - INFO - Epoch [100/500], Train Loss: 0.329226, Val Loss: 0.364652, R²: 0.6076, MAE: 0.3647
2025-10-14 04:15:35,528 - INFO - Epoch [110/500], Train Loss: 0.321536, Val Loss: 0.345785, R²: 0.6380, MAE: 0.3458
2025-10-14 04:15:52,965 - INFO - Epoch [120/500], Train Loss: 0.306181, Val Loss: 0.348875, R²: 0.6545, MAE: 0.3489
2025-10-14 04:16:10,399 - INFO - Epoch [130/500], Train Loss: 0.294977, Val Loss: 0.326331, R²: 0.6766, MAE: 0.3263
2025-10-14 04:16:27,739 - INFO - Epoch [140/500], Train Loss: 0.278867, Val Loss: 0.314731, R²: 0.6898, MAE: 0.3147
2025-10-14 04:16:45,382 - INFO - Epoch [150/500], Train Loss: 0.283357, Val Loss: 0.333304, R²: 0.6574, MAE: 0.3333
2025-10-14 04:17:02,917 - INFO - Epoch [160/500], Train Loss: 0.238944, Val Loss: 0.298636, R²: 0.7136, MAE: 0.2986
2025-10-14 04:17:20,245 - INFO - Epoch [170/500], Train Loss: 0.228548, Val Loss: 0.292641, R²: 0.7236, MAE: 0.2926
2025-10-14 04:17:38,065 - INFO - Epoch [180/500], Train Loss: 0.225381, Val Loss: 0.288933, R²: 0.7278, MAE: 0.2889
2025-10-14 04:17:55,711 - INFO - Epoch [190/500], Train Loss: 0.225346, Val Loss: 0.295146, R²: 0.7205, MAE: 0.2951
2025-10-14 04:18:13,380 - INFO - 已保存checkpoint: /home/data2/rhj/project/mol_editor/mol_evo/../mol_evo/output/v0/gcn_linear_linear/train-20251014_041154-mu_change-30000-500/checkpoint_epoch_200.pth
2025-10-14 04:18:13,603 - INFO - Epoch [200/500], Train Loss: 0.195095, Val Loss: 0.277919, R²: 0.7353, MAE: 0.2779
2025-10-14 04:18:31,020 - INFO - Epoch [210/500], Train Loss: 0.189409, Val Loss: 0.274236, R²: 0.7370, MAE: 0.2742
2025-10-14 04:18:48,462 - INFO - Epoch [220/500], Train Loss: 0.187857, Val Loss: 0.273765, R²: 0.7400, MAE: 0.2738
2025-10-14 04:19:05,877 - INFO - Epoch [230/500], Train Loss: 0.182819, Val Loss: 0.274827, R²: 0.7418, MAE: 0.2748
2025-10-14 04:19:23,376 - INFO - Epoch [240/500], Train Loss: 0.181582, Val Loss: 0.276431, R²: 0.7336, MAE: 0.2764
2025-10-14 04:19:41,007 - INFO - Epoch [250/500], Train Loss: 0.163817, Val Loss: 0.272046, R²: 0.7399, MAE: 0.2720
2025-10-14 04:19:58,615 - INFO - Epoch [260/500], Train Loss: 0.154072, Val Loss: 0.269002, R²: 0.7387, MAE: 0.2690
2025-10-14 04:20:16,105 - INFO - Epoch [270/500], Train Loss: 0.151902, Val Loss: 0.268565, R²: 0.7394, MAE: 0.2686
2025-10-14 04:20:33,451 - INFO - Epoch [280/500], Train Loss: 0.150115, Val Loss: 0.269077, R²: 0.7383, MAE: 0.2691
2025-10-14 04:20:51,022 - INFO - Epoch [290/500], Train Loss: 0.145166, Val Loss: 0.268141, R²: 0.7385, MAE: 0.2681
2025-10-14 04:21:08,482 - INFO - 已保存checkpoint: /home/data2/rhj/project/mol_editor/mol_evo/../mol_evo/output/v0/gcn_linear_linear/train-20251014_041154-mu_change-30000-500/checkpoint_epoch_300.pth
2025-10-14 04:21:08,672 - INFO - Epoch [300/500], Train Loss: 0.143009, Val Loss: 0.267663, R²: 0.7393, MAE: 0.2677
2025-10-14 04:21:26,254 - INFO - Epoch [310/500], Train Loss: 0.141499, Val Loss: 0.267609, R²: 0.7393, MAE: 0.2676
2025-10-14 04:21:42,038 - INFO - 早停机制触发，在第 319 轮停止训练
2025-10-14 04:21:42,040 - INFO - 开始训练 (500 轮)...
2025-10-14 04:21:43,330 - INFO - 模型已保存至: /home/data2/rhj/project/mol_editor/mol_evo/../mol_evo/output/v0/gcn_linear_linear/train-20251014_041154-mu_change-30000-500/last.pth
2025-10-14 04:21:43,330 - INFO - 
2025-10-14 04:21:43,330 - INFO - ============================================================
2025-10-14 04:21:43,330 - INFO - 训练完成 - 最终评估结果
2025-10-14 04:21:43,330 - INFO - ============================================================
2025-10-14 04:21:43,330 - INFO - 测试集损失: 0.270027
2025-10-14 04:21:43,330 - INFO - RMSE: 0.504642
2025-10-14 04:21:43,330 - INFO - MAE: 0.270027
2025-10-14 04:21:43,330 - INFO - R²: 0.721116
2025-10-14 04:21:43,330 - INFO - PCC: 0.852244
2025-10-14 04:21:43,330 - INFO - Rank Loss: 0.460258
2025-10-14 04:21:43,331 - INFO - 
2025-10-14 04:21:43,331 - INFO - 阈值准确率:
2025-10-14 04:21:43,331 - INFO -   阈值 0.5: 82.05%
2025-10-14 04:21:43,331 - INFO -   阈值 0.4: 78.32%
2025-10-14 04:21:43,331 - INFO -   阈值 0.30000000000000004: 73.42%
2025-10-14 04:21:43,331 - INFO -   阈值 0.20000000000000004: 66.68%
2025-10-14 04:21:43,331 - INFO -   阈值 0.10000000000000003: 53.34%
2025-10-14 04:21:43,331 - INFO -   阈值 0.05000000000000002: 34.02%
2025-10-14 04:21:43,331 - INFO - 
2025-10-14 04:21:43,331 - INFO - 训练完成:
2025-10-14 04:21:43,331 - INFO -   - 最终训练损失: 0.140817
2025-10-14 04:21:43,331 - INFO -   - 最佳验证损失: 0.267046
2025-10-14 04:21:43,331 - INFO -   - 测试损失 (MSE): 0.270027
2025-10-14 04:21:43,331 - INFO -   - 测试RMSE: 0.504642
2025-10-14 04:21:43,331 - INFO -   - 测试MAE: 0.270027
2025-10-14 04:21:43,331 - INFO -   - 测试R²: 0.721116
2025-10-14 04:21:43,331 - INFO -   - 测试PCC: 0.852244
2025-10-14 04:21:43,331 - INFO -   - 测试Rank Loss: 0.460258
2025-10-14 04:21:43,331 - INFO -   - 测试阈值准确率 (0.5): 0.8205
2025-10-14 04:21:43,331 - INFO -   - 测试阈值准确率 (0.4): 0.7832
2025-10-14 04:21:43,331 - INFO -   - 测试阈值准确率 (0.30000000000000004): 0.7342
2025-10-14 04:21:43,331 - INFO -   - 测试阈值准确率 (0.20000000000000004): 0.6668
2025-10-14 04:21:43,331 - INFO -   - 测试阈值准确率 (0.10000000000000003): 0.5334
2025-10-14 04:21:43,331 - INFO -   - 测试阈值准确率 (0.05000000000000002): 0.3402
2025-10-14 04:21:43,331 - INFO -   - 模型已保存到: /home/data2/rhj/project/mol_editor/mol_evo/../mol_evo/output/v0/gcn_linear_linear/train-20251014_041154-mu_change-30000-500/last.pth
