2025-10-09 02:41:12,027 - training - INFO - ============================================================
2025-10-09 02:41:12,027 - training - INFO - 基于NNConv的分子进化预测器模型训练开始
2025-10-09 02:41:12,027 - training - INFO - ============================================================
2025-10-09 02:41:12,027 - training - INFO - 数据文件: mol_evo/dataset/data/qm9-evo-pairs-step-1-with-properties.csv
2025-10-09 02:41:12,027 - training - INFO - 最大对数: 20000
2025-10-09 02:41:12,027 - training - INFO - 训练轮数: 500
2025-10-09 02:41:15,444 - training - INFO - 已为RGCN模型添加edge_type属性
2025-10-09 02:41:17,668 - training - INFO - 正在构建图数据: mol_evo/dataset/data/qm9-evo-pairs-step-1-with-properties.csv
2025-10-09 02:41:17,668 - training - INFO - 数据构建完成:
2025-10-09 02:41:17,669 - training - INFO -   - 节点数: 1377
2025-10-09 02:41:17,669 - training - INFO -   - 边数: 20000
2025-10-09 02:41:17,669 - training - INFO -   - 节点特征维度: 2048
2025-10-09 02:41:17,669 - training - INFO -   - 边特征维度: 11
2025-10-09 02:41:17,669 - training - INFO -   - 目标属性变化维度: 15
2025-10-09 02:41:17,671 - training - INFO - 数据集划分完成:
2025-10-09 02:41:17,671 - training - INFO -   - 训练集: 14000 (70.0%)
2025-10-09 02:41:17,672 - training - INFO -   - 验证集: 2000 (10.0%)
2025-10-09 02:41:17,672 - training - INFO -   - 测试集: 4000 (20.0%)
2025-10-09 02:41:17,853 - training - INFO - 正在创建模型...
2025-10-09 02:41:17,853 - training - INFO - 模型参数数量: 741647
2025-10-09 02:41:17,853 - training - INFO - 开始训练 (500 轮)...
2025-10-09 02:41:18,711 - training - INFO - Epoch [10/500], Train Loss: 0.855584, Val Loss: 1.034173, R²: 0.1890, MAE: 0.5848
2025-10-09 02:41:18,948 - training - INFO - Epoch [20/500], Train Loss: 0.559285, Val Loss: 0.763691, R²: 0.4589, MAE: 0.4283
2025-10-09 02:41:19,175 - training - INFO - Epoch [30/500], Train Loss: 0.455240, Val Loss: 0.679405, R²: 0.5434, MAE: 0.3606
2025-10-09 02:41:19,406 - training - INFO - Epoch [40/500], Train Loss: 0.391263, Val Loss: 0.617457, R²: 0.6051, MAE: 0.3068
2025-10-09 02:41:19,634 - training - INFO - Epoch [50/500], Train Loss: 0.357173, Val Loss: 0.587603, R²: 0.6343, MAE: 0.2749
2025-10-09 02:41:19,870 - training - INFO - Epoch [60/500], Train Loss: 0.328781, Val Loss: 0.558394, R²: 0.6628, MAE: 0.2511
2025-10-09 02:41:20,098 - training - INFO - Epoch [70/500], Train Loss: 0.301716, Val Loss: 0.530872, R²: 0.6879, MAE: 0.2305
2025-10-09 02:41:20,329 - training - INFO - Epoch [80/500], Train Loss: 0.272484, Val Loss: 0.495527, R²: 0.7170, MAE: 0.2049
2025-10-09 02:41:20,558 - training - INFO - Epoch [90/500], Train Loss: 0.236913, Val Loss: 0.443547, R²: 0.7508, MAE: 0.1785
2025-10-09 02:41:20,788 - training - INFO - Epoch [100/500], Train Loss: 0.176948, Val Loss: 0.354413, R²: 0.7961, MAE: 0.1606
2025-10-09 02:41:21,021 - training - INFO - Epoch [110/500], Train Loss: 0.144902, Val Loss: 0.294192, R²: 0.8249, MAE: 0.1614
2025-10-09 02:41:21,251 - training - INFO - Epoch [120/500], Train Loss: 0.104407, Val Loss: 0.240335, R²: 0.8574, MAE: 0.1314
2025-10-09 02:41:21,480 - training - INFO - Epoch [130/500], Train Loss: 0.100779, Val Loss: 0.213905, R²: 0.8747, MAE: 0.1201
2025-10-09 02:41:21,712 - training - INFO - Epoch [140/500], Train Loss: 0.065288, Val Loss: 0.174787, R²: 0.8956, MAE: 0.1260
2025-10-09 02:41:21,944 - training - INFO - Epoch [150/500], Train Loss: 0.069604, Val Loss: 0.142802, R²: 0.9151, MAE: 0.1057
2025-10-09 02:41:22,169 - training - INFO - Epoch [160/500], Train Loss: 0.046617, Val Loss: 0.123279, R²: 0.9259, MAE: 0.1015
2025-10-09 02:41:22,403 - training - INFO - Epoch [170/500], Train Loss: 0.037066, Val Loss: 0.145816, R²: 0.9153, MAE: 0.0932
2025-10-09 02:41:22,636 - training - INFO - Epoch [180/500], Train Loss: 0.036027, Val Loss: 0.153216, R²: 0.9113, MAE: 0.0882
2025-10-09 02:41:22,868 - training - INFO - Epoch [190/500], Train Loss: 0.039671, Val Loss: 0.129957, R²: 0.9241, MAE: 0.0847
2025-10-09 02:41:23,100 - training - INFO - Epoch [200/500], Train Loss: 0.031652, Val Loss: 0.100342, R²: 0.9401, MAE: 0.0817
2025-10-09 02:41:23,333 - training - INFO - Epoch [210/500], Train Loss: 0.028293, Val Loss: 0.106627, R²: 0.9369, MAE: 0.0802
2025-10-09 02:41:23,563 - training - INFO - Epoch [220/500], Train Loss: 0.027970, Val Loss: 0.116518, R²: 0.9320, MAE: 0.0784
2025-10-09 02:41:23,796 - training - INFO - Epoch [230/500], Train Loss: 0.029162, Val Loss: 0.109010, R²: 0.9362, MAE: 0.0766
2025-10-09 02:41:24,030 - training - INFO - Epoch [240/500], Train Loss: 0.031498, Val Loss: 0.104301, R²: 0.9386, MAE: 0.0761
2025-10-09 02:41:24,259 - training - INFO - Epoch [250/500], Train Loss: 0.027487, Val Loss: 0.102535, R²: 0.9398, MAE: 0.0749
2025-10-09 02:41:24,306 - training - INFO - 早停机制触发，在第 252 轮停止训练
2025-10-09 02:41:24,319 - training - INFO - 原始尺度评估指标:
2025-10-09 02:41:24,319 - training - INFO -   - MSE: 25187.216797
2025-10-09 02:41:24,319 - training - INFO -   - RMSE: 158.704803
2025-10-09 02:41:24,319 - training - INFO -   - MAE: 38.845238
2025-10-09 02:41:24,319 - training - INFO - 各维度阈值准确率:
2025-10-09 02:41:24,319 - training - INFO - Threshold   A        B        C        mu       alpha    homo     lumo     gap      r2       zpve     U0       U        H        G        Cv       
2025-10-09 02:41:24,319 - training - INFO - ---------------------------------------------------------------------------------------------------------------------------------------------------
2025-10-09 02:41:24,319 - training - INFO - @0.400      0.9975   0.9863   0.9910   0.9823   0.9638   0.9833   0.9893   0.9900   0.9865   0.9780   0.9918   0.9918   0.9908   0.9923   0.9880   
2025-10-09 02:41:24,319 - training - INFO - @0.300      0.9968   0.9778   0.9798   0.9715   0.9243   0.9745   0.9878   0.9858   0.9763   0.9483   0.9863   0.9860   0.9863   0.9865   0.9715   
2025-10-09 02:41:24,319 - training - INFO - @0.200      0.9935   0.9280   0.9378   0.9465   0.8375   0.9553   0.9740   0.9790   0.9305   0.8505   0.9688   0.9690   0.9660   0.9678   0.9023   
2025-10-09 02:41:24,319 - training - INFO - @0.100      0.9560   0.7490   0.7458   0.8113   0.5800   0.8308   0.8710   0.9045   0.7335   0.5793   0.8810   0.8728   0.8803   0.8785   0.6455   
2025-10-09 02:41:24,319 - training - INFO - @0.050      0.7523   0.4675   0.4663   0.5418   0.3313   0.5550   0.6228   0.6540   0.4590   0.3300   0.6328   0.6293   0.6300   0.6450   0.3623   
2025-10-09 02:41:25,170 - training - INFO - 训练完成:
2025-10-09 02:41:25,170 - training - INFO -   - 最终训练损失: 0.052027
2025-10-09 02:41:25,170 - training - INFO -   - 最佳验证损失: 0.098508
2025-10-09 02:41:25,170 - training - INFO -   - 测试损失 (MSE): 0.038626
2025-10-09 02:41:25,170 - training - INFO -   - 测试RMSE: 0.196536
2025-10-09 02:41:25,170 - training - INFO -   - 测试MAE: 0.072793
2025-10-09 02:41:25,170 - training - INFO -   - 测试R²: -100.778244
2025-10-09 02:41:25,170 - training - INFO -   - 测试阈值准确率 (0.4, 所有维度): 0.9205
2025-10-09 02:41:25,170 - training - INFO -   - 测试阈值准确率 (0.4, 平均): 0.9868
2025-10-09 02:41:25,170 - training - INFO -   - 测试阈值准确率 (0.3, 所有维度): 0.8433
2025-10-09 02:41:25,170 - training - INFO -   - 测试阈值准确率 (0.3, 平均): 0.9759
2025-10-09 02:41:25,170 - training - INFO -   - 测试阈值准确率 (0.2, 所有维度): 0.6128
2025-10-09 02:41:25,170 - training - INFO -   - 测试阈值准确率 (0.2, 平均): 0.9404
2025-10-09 02:41:25,171 - training - INFO -   - 测试阈值准确率 (0.1, 所有维度): 0.1343
2025-10-09 02:41:25,171 - training - INFO -   - 测试阈值准确率 (0.1, 平均): 0.7946
2025-10-09 02:41:25,171 - training - INFO -   - 测试阈值准确率 (0.05, 所有维度): 0.0035
2025-10-09 02:41:25,171 - training - INFO -   - 测试阈值准确率 (0.05, 平均): 0.5386
2025-10-09 02:41:25,171 - training - INFO -   - 原始尺度MSE: 25187.216797
2025-10-09 02:41:25,171 - training - INFO -   - 原始尺度RMSE: 158.704803
2025-10-09 02:41:25,171 - training - INFO -   - 原始尺度MAE: 38.845238
2025-10-09 02:41:25,171 - training - INFO -   - 模型已保存到: /home/data2/rhj/project/mol_editor/mol_evo/../mol_evo/output/rgcn/training_20251009_024112/molecule_evolution_rgcn_predictor.pth
