2025-10-14 22:49:06,647 - INFO - ============================================================
2025-10-14 22:49:06,647 - INFO - 基于NNConv的分子进化预测器模型训练开始
2025-10-14 22:49:06,647 - INFO - ============================================================
2025-10-14 22:49:06,647 - INFO - 数据文件: mol_evo/dataset/data/qm9-evo-pairs-step-1-with-properties-pct.csv
2025-10-14 22:49:06,647 - INFO - 最大对数: 30000
2025-10-14 22:49:06,647 - INFO - 训练轮数: 100
2025-10-14 22:49:06,647 - INFO - 正在构建图数据: mol_evo/dataset/data/qm9-evo-pairs-step-1-with-properties-pct.csv
2025-10-14 22:49:08,473 - INFO - 加载缓存文件: /home/data2/rhj/project/mol_editor/mol_evo/core/utils/../../.cache/molecule_graphs/csv_qm9-evo-pairs-step-1-with-properties-pct_3cbb45cc1ac9202d.pt，包含 1994 个分子
2025-10-14 22:49:38,000 - INFO - 分子处理统计: 总数=60000, 命中=59967, 未命中=33, 命中率=99.94%
2025-10-14 22:49:38,025 - INFO - --- 训练集样本示例 (头部数据) ---
2025-10-14 22:49:38,026 - INFO -   样本       起始节点数        起始边数         目标节点数        目标边数         边特征             目标属性值          
2025-10-14 22:49:38,026 - INFO -   --------------------------------------------------------------------------------
2025-10-14 22:49:38,026 - INFO -   1        5            8            8            14           [1.0, 0.0, 0.   0.023518       
2025-10-14 22:49:38,026 - INFO -   2        3            4            6            10           [1.0, 0.0, 0.   -0.273184      
2025-10-14 22:49:38,026 - INFO -   3        4            6            11           20           [1.0, 0.0, 0.   0.077970       
2025-10-14 22:49:38,026 - INFO -   --------------------------------------------------------------------------------
2025-10-14 22:49:38,026 - INFO - 
数据构建完成:
2025-10-14 22:49:38,026 - INFO -   项目                   值                   
2025-10-14 22:49:38,026 - INFO -   ----------------------------------------
2025-10-14 22:49:38,026 - INFO -   样本数                  29967               
2025-10-14 22:49:38,026 - INFO -   节点特征维度               11                  
2025-10-14 22:49:38,027 - INFO -   边特征维度                11                  
2025-10-14 22:49:38,027 - INFO -   目标属性变化维度             1                   
2025-10-14 22:49:38,029 - INFO - 数据集划分完成:
2025-10-14 22:49:38,029 - INFO -   - 训练集: 23973 (80.0%)
2025-10-14 22:49:38,029 - INFO -   - 验证集: 2996 (10.0%)
2025-10-14 22:49:38,029 - INFO -   - 测试集: 2998 (10.0%)
2025-10-14 22:49:38,250 - INFO - 正在创建模型...
2025-10-14 22:49:38,251 - INFO - 模型参数数量: 4451405
2025-10-14 22:49:38,251 - INFO - 使用设备: cuda
2025-10-14 23:02:56,101 - INFO - Epoch [10/100], Train Loss: 0.382734, Val Loss: 0.362000, R²: 0.6156, MAE: 0.3620
2025-10-14 23:15:11,319 - INFO - Epoch [20/100], Train Loss: 0.227907, Val Loss: 0.239116, R²: 0.8014, MAE: 0.2391
2025-10-14 23:27:24,138 - INFO - Epoch [30/100], Train Loss: 0.172960, Val Loss: 0.190923, R²: 0.8426, MAE: 0.1909
2025-10-14 23:39:17,300 - INFO - Epoch [40/100], Train Loss: 0.152926, Val Loss: 0.173145, R²: 0.8649, MAE: 0.1731
2025-10-15 00:05:20,351 - INFO - Epoch [60/100], Train Loss: 0.100061, Val Loss: 0.127252, R²: 0.8924, MAE: 0.1273
2025-10-15 00:17:34,043 - INFO - Epoch [70/100], Train Loss: 0.095324, Val Loss: 0.125193, R²: 0.8929, MAE: 0.1252
2025-10-15 00:29:54,028 - INFO - Epoch [80/100], Train Loss: 0.094453, Val Loss: 0.130185, R²: 0.8911, MAE: 0.1302
2025-10-15 00:42:06,273 - INFO - Epoch [90/100], Train Loss: 0.090384, Val Loss: 0.126963, R²: 0.8891, MAE: 0.1270
2025-10-15 00:54:23,202 - INFO - 已保存checkpoint: /home/data2/rhj/project/mol_editor/mol_evo/../mol_evo/output/v0/visnet_linear_linear/train-20251014_224906-mu_change-30000-100/checkpoint_epoch_100.pth
2025-10-15 00:54:27,702 - INFO - Epoch [100/100], Train Loss: 0.074769, Val Loss: 0.113145, R²: 0.8927, MAE: 0.1131
2025-10-15 00:54:27,703 - INFO - 开始训练 (100 轮)...
2025-10-15 00:54:33,017 - INFO - 模型已保存至: /home/data2/rhj/project/mol_editor/mol_evo/../mol_evo/output/v0/visnet_linear_linear/train-20251014_224906-mu_change-30000-100/last.pth
2025-10-15 00:54:33,017 - INFO - 
2025-10-15 00:54:33,017 - INFO - ============================================================
2025-10-15 00:54:33,018 - INFO - 训练完成 - 最终评估结果
2025-10-15 00:54:33,018 - INFO - ============================================================
2025-10-15 00:54:33,018 - INFO - 测试集损失: 0.116663
2025-10-15 00:54:33,018 - INFO - RMSE: 0.320506
2025-10-15 00:54:33,018 - INFO - MAE: 0.116663
2025-10-15 00:54:33,018 - INFO - R²: 0.887506
2025-10-15 00:54:33,018 - INFO - PCC: 0.942557
2025-10-15 00:54:33,018 - INFO - Rank Loss: 0.376637
2025-10-15 00:54:33,018 - INFO - 
2025-10-15 00:54:33,018 - INFO - 阈值准确率:
2025-10-15 00:54:33,018 - INFO -   阈值 0.5: 92.76%
2025-10-15 00:54:33,018 - INFO -   阈值 0.4: 90.76%
2025-10-15 00:54:33,018 - INFO -   阈值 0.30000000000000004: 88.56%
2025-10-15 00:54:33,018 - INFO -   阈值 0.20000000000000004: 86.09%
2025-10-15 00:54:33,018 - INFO -   阈值 0.10000000000000003: 80.65%
2025-10-15 00:54:33,018 - INFO -   阈值 0.05000000000000002: 74.32%
2025-10-15 00:54:33,018 - INFO -   阈值 0.040000000000000015: 71.28%
2025-10-15 00:54:33,018 - INFO -   阈值 0.030000000000000013: 67.44%
2025-10-15 00:54:33,018 - INFO -   阈值 0.02000000000000001: 59.47%
2025-10-15 00:54:33,018 - INFO -   阈值 0.01000000000000001: 42.83%
2025-10-15 00:54:33,018 - INFO - 
2025-10-15 00:54:33,018 - INFO - 训练完成:
2025-10-15 00:54:33,019 - INFO -   - 最终训练损失: 0.074769
2025-10-15 00:54:33,019 - INFO -   - 最佳验证损失: 0.113145
2025-10-15 00:54:33,019 - INFO -   - 测试损失 (MSE): 0.116663
2025-10-15 00:54:33,019 - INFO -   - 测试RMSE: 0.320506
2025-10-15 00:54:33,019 - INFO -   - 测试MAE: 0.116663
2025-10-15 00:54:33,019 - INFO -   - 测试R²: 0.887506
2025-10-15 00:54:33,019 - INFO -   - 测试PCC: 0.942557
2025-10-15 00:54:33,019 - INFO -   - 测试Rank Loss: 0.376637
2025-10-15 00:54:33,019 - INFO -   - 测试阈值准确率 (0.5): 0.9276
2025-10-15 00:54:33,019 - INFO -   - 测试阈值准确率 (0.4): 0.9076
2025-10-15 00:54:33,019 - INFO -   - 测试阈值准确率 (0.30000000000000004): 0.8856
2025-10-15 00:54:33,019 - INFO -   - 测试阈值准确率 (0.20000000000000004): 0.8609
2025-10-15 00:54:33,019 - INFO -   - 测试阈值准确率 (0.10000000000000003): 0.8065
2025-10-15 00:54:33,019 - INFO -   - 测试阈值准确率 (0.05000000000000002): 0.7432
2025-10-15 00:54:33,019 - INFO -   - 测试阈值准确率 (0.040000000000000015): 0.7128
2025-10-15 00:54:33,019 - INFO -   - 测试阈值准确率 (0.030000000000000013): 0.6744
2025-10-15 00:54:33,019 - INFO -   - 测试阈值准确率 (0.02000000000000001): 0.5947
2025-10-15 00:54:33,019 - INFO -   - 测试阈值准确率 (0.01000000000000001): 0.4283
2025-10-15 00:54:33,019 - INFO -   - 模型已保存到: /home/data2/rhj/project/mol_editor/mol_evo/../mol_evo/output/v0/visnet_linear_linear/train-20251014_224906-mu_change-30000-100/last.pth
