2025-11-11 19:12:26,919 - INFO - ============================================================
2025-11-11 19:12:26,919 - INFO - 数据文件: mol_evo/dataset/data/qm9-evo-pairs-step-1-with-properties-pct.csv
2025-11-11 19:12:26,919 - INFO - 最大对数: 30000
2025-11-11 19:12:26,919 - INFO - 训练轮数: 300
2025-11-11 19:12:26,919 - INFO - ============================================================
2025-11-11 19:12:26,919 - INFO - 正在构建图数据: mol_evo/dataset/data/qm9-evo-pairs-step-1-with-properties-pct.csv
2025-11-11 19:12:27,525 - INFO - 加载缓存文件: /home/data2/rhj/project/mol_editor/mol_evo/core/utils/../../.cache/molecule_graphs/csv_qm9-evo-pairs-step-1-with-properties-pct_3cbb45cc1ac9202d.pt，包含 1994 个分子
2025-11-11 19:12:32,174 - WARNING - 跳过第25871行分子对: [H]O/N=C(\C([H])([H])[H])C([H])([H])C(C([H])([H])[H])(C([H])([H])[H])C([H])([H])[H] -> [H]ONC1C([H])([H])[C@]23C([H])([H])[C@]([H])(C2([H])[H])[C@@]13[H] (数据为None)
2025-11-11 19:12:33,006 - WARNING - 跳过第25984行分子对: [H]O/N=C(/C([H])([H])C([H])([H])[H])C(C([H])([H])[H])(C([H])([H])[H])C([H])([H])[H] -> [H]ONC1C([H])([H])[C@]23C([H])([H])[C@]([H])(C2([H])[H])[C@@]13[H] (数据为None)
2025-11-11 19:12:33,848 - WARNING - 跳过第26175行分子对: [H]O/N=C(\C([H])([H])[H])C(C([H])([H])[H])(C([H])([H])[H])C([H])([H])C([H])([H])[H] -> [H]ONC1C([H])([H])[C@]23C([H])([H])[C@]([H])(C2([H])[H])[C@@]13[H] (数据为None)
2025-11-11 19:12:34,738 - WARNING - 跳过第26431行分子对: [H]O/N=C(\C([H])([H])[H])C([H])([H])C([H])([H])C([H])(C([H])([H])[H])C([H])([H])[H] -> [H]ONC1C([H])([H])[C@]23C([H])([H])[C@]([H])(C2([H])[H])[C@@]13[H] (数据为None)
2025-11-11 19:12:35,575 - WARNING - 跳过第26530行分子对: [H]ONC1C(C([H])([H])[H])(C([H])([H])[H])C([H])([H])[C@]1([H])C([H])([H])[H] -> [H]ONC1C([H])([H])[C@]23C([H])([H])[C@]([H])(C2([H])[H])[C@@]13[H] (数据为None)
2025-11-11 19:12:36,385 - WARNING - 跳过第26630行分子对: [H]ONC1C([H])=C([H])C(C([H])([H])[H])(C([H])([H])[H])C1([H])[H] -> [H]ONC1C([H])([H])[C@]23C([H])([H])[C@]([H])(C2([H])[H])[C@@]13[H] (数据为None)
2025-11-11 19:12:37,184 - WARNING - 跳过第26691行分子对: [H]ONC1C([H])([H])C([H])([H])C(C([H])([H])[H])(C([H])([H])[H])C1([H])[H] -> [H]ONC1C([H])([H])[C@]23C([H])([H])[C@]([H])(C2([H])[H])[C@@]13[H] (数据为None)
2025-11-11 19:12:38,036 - WARNING - 跳过第26895行分子对: [H]O/N=C(\C([H])([H])C([H])([H])[H])C([H])([H])C([H])(C([H])([H])[H])C([H])([H])[H] -> [H]ONC1C([H])([H])[C@]23C([H])([H])[C@]([H])(C2([H])[H])[C@@]13[H] (数据为None)
2025-11-11 19:12:38,886 - WARNING - 跳过第27044行分子对: [H]C#C[C@]1(C([H])([H])[H])C([H])([H])[C@@H](NO[H])C1([H])[H] -> [H]ONC1C([H])([H])[C@]23C([H])([H])[C@]([H])(C2([H])[H])[C@@]13[H] (数据为None)
2025-11-11 19:12:39,741 - WARNING - 跳过第27152行分子对: [H]ON[C@H]1C([H])([H])[C@](C([H])([H])[H])(C([H])([H])C([H])([H])[H])C1([H])[H] -> [H]ONC1C([H])([H])[C@]23C([H])([H])[C@]([H])(C2([H])[H])[C@@]13[H] (数据为None)
2025-11-11 19:12:40,577 - WARNING - 跳过第27266行分子对: [H]O/N=C(\C([H])([H])[H])C([H])([H])C1(C([H])([H])[H])C([H])([H])C1([H])[H] -> [H]ONC1C([H])([H])[C@]23C([H])([H])[C@]([H])(C2([H])[H])[C@@]13[H] (数据为None)
2025-11-11 19:12:41,460 - WARNING - 跳过第27714行分子对: [H]O/N=C(\C([H])([H])[H])C([H])([H])C([H])([H])C([H])([H])C([H])([H])C([H])([H])[H] -> [H]ONC1C([H])([H])[C@]23C([H])([H])[C@]([H])(C2([H])[H])[C@@]13[H] (数据为None)
2025-11-11 19:12:42,276 - WARNING - 跳过第27835行分子对: [H]ONC1C([H])([H])C([H])=C([H])C1(C([H])([H])[H])C([H])([H])[H] -> [H]ONC1C([H])([H])[C@]23C([H])([H])[C@]([H])(C2([H])[H])[C@@]13[H] (数据为None)
2025-11-11 19:12:43,101 - WARNING - 跳过第27878行分子对: [H]ONC1=C([H])[C-]([H])C([H])([H])C1(C([H])([H])[H])C([H])([H])[H] -> [H]ONC1C([H])([H])[C@]23C([H])([H])[C@]([H])(C2([H])[H])[C@@]13[H] (数据为None)
2025-11-11 19:12:43,906 - WARNING - 跳过第27924行分子对: [H]ONC1C([H])([H])C([H])([H])C([H])([H])C1(C([H])([H])[H])C([H])([H])[H] -> [H]ONC1C([H])([H])[C@]23C([H])([H])[C@]([H])(C2([H])[H])[C@@]13[H] (数据为None)
2025-11-11 19:12:44,756 - WARNING - 跳过第28107行分子对: [H]ON=C(C([H])([H])C([H])([H])C([H])([H])[H])C([H])([H])C([H])([H])C([H])([H])[H] -> [H]ONC1C([H])([H])[C@]23C([H])([H])[C@]([H])(C2([H])[H])[C@@]13[H] (数据为None)
2025-11-11 19:12:45,619 - WARNING - 跳过第28312行分子对: [H]O/N=C(/C([H])([H])C([H])([H])C([H])([H])[H])C([H])(C([H])([H])[H])C([H])([H])[H] -> [H]ONC1C([H])([H])[C@]23C([H])([H])[C@]([H])(C2([H])[H])[C@@]13[H] (数据为None)
2025-11-11 19:12:46,490 - WARNING - 跳过第28519行分子对: [H]ON=C(C([H])(C([H])([H])[H])C([H])([H])[H])C([H])(C([H])([H])[H])C([H])([H])[H] -> [H]ONC1C([H])([H])[C@]23C([H])([H])[C@]([H])(C2([H])[H])[C@@]13[H] (数据为None)
2025-11-11 19:12:47,313 - WARNING - 跳过第28649行分子对: [H]O/N=C(\C([H])([H])[H])C1(C([H])([H])[H])C([H])([H])C([H])([H])C1([H])[H] -> [H]ONC1C([H])([H])[C@]23C([H])([H])[C@]([H])(C2([H])[H])[C@@]13[H] (数据为None)
2025-11-11 19:12:48,118 - WARNING - 跳过第28853行分子对: [H]ON[C@H]1C([H])([H])[C@]([H])(C([H])(C([H])([H])[H])C([H])([H])[H])C1([H])[H] -> [H]ONC1C([H])([H])[C@]23C([H])([H])[C@]([H])(C2([H])[H])[C@@]13[H] (数据为None)
2025-11-11 19:12:48,875 - WARNING - 跳过第28960行分子对: [H]O/N=C(\C([H])([H])[H])[C@]1([H])C([H])([H])[C@@]([H])(C([H])([H])[H])C1([H])[H] -> [H]ONC1C([H])([H])[C@]23C([H])([H])[C@]([H])(C2([H])[H])[C@@]13[H] (数据为None)
2025-11-11 19:12:49,668 - WARNING - 跳过第29052行分子对: [H]ONC1C([H])=C(C([H])([H])[H])C([H])([H])C([H])([H])C1([H])[H] -> [H]ONC1C([H])([H])[C@]23C([H])([H])[C@]([H])(C2([H])[H])[C@@]13[H] (数据为None)
2025-11-11 19:12:50,431 - WARNING - 跳过第29115行分子对: [H]ONC1C([H])([H])C(C([H])([H])[H])=C([H])C([H])([H])C1([H])[H] -> [H]ONC1C([H])([H])[C@]23C([H])([H])[C@]([H])(C2([H])[H])[C@@]13[H] (数据为None)
2025-11-11 19:12:51,261 - WARNING - 跳过第29191行分子对: [H]ONC1C([H])([H])C([H])([H])C([H])([H])[C@]([H])(C([H])([H])[H])C1([H])[H] -> [H]ONC1C([H])([H])[C@]23C([H])([H])[C@]([H])(C2([H])[H])[C@@]13[H] (数据为None)
2025-11-11 19:12:52,087 - WARNING - 跳过第29259行分子对: [H]ONC1C([H])([H])C(C([H])([H])[H])=C(C([H])([H])[H])C1([H])[H] -> [H]ONC1C([H])([H])[C@]23C([H])([H])[C@]([H])(C2([H])[H])[C@@]13[H] (数据为None)
2025-11-11 19:12:52,923 - WARNING - 跳过第29362行分子对: [H]ONC1C([H])([H])C(C([H])([H])[H])=C([H])[C@]1([H])C([H])([H])[H] -> [H]ONC1C([H])([H])[C@]23C([H])([H])[C@]([H])(C2([H])[H])[C@@]13[H] (数据为None)
2025-11-11 19:12:53,493 - WARNING - 跳过第29437行分子对: [H][N-]C1O[C@]([H])(C([H])([H])[H])C(NO[H])C1([H])[H] -> [H]ONC1C([H])([H])[C@]23C([H])([H])[N@@H+](C2([H])[H])[C@@]13[H] (数据为None)
2025-11-11 19:12:54,338 - WARNING - 跳过第29554行分子对: [H]ONC1C([H])([H])[C@]2([H])C([H])([H])[C@@]1(C([H])([H])[H])C2([H])[H] -> [H]ONC1C([H])([H])[C@]23C([H])([H])[C@]([H])(C2([H])[H])[C@@]13[H] (数据为None)
2025-11-11 19:12:55,141 - WARNING - 跳过第29644行分子对: [H]O/N=C(\C([H])([H])[H])C([H])([H])C1([H])C([H])([H])C([H])([H])C1([H])[H] -> [H]ONC1C([H])([H])[C@]23C([H])([H])[C@]([H])(C2([H])[H])[C@@]13[H] (数据为None)
2025-11-11 19:12:55,902 - WARNING - 跳过第29737行分子对: [H]C#CC([H])([H])[C@]1([H])C([H])([H])[C@@H](NO[H])C1([H])[H] -> [H]ONC1C([H])([H])[C@]23C([H])([H])[C@]([H])(C2([H])[H])[C@@]13[H] (数据为None)
2025-11-11 19:12:56,681 - WARNING - 跳过第29820行分子对: [H]ON[C@H]1C([H])([H])[C@]([H])(C#CC([H])([H])[H])C1([H])[H] -> [H]ONC1C([H])([H])[C@]23C([H])([H])[C@]([H])(C2([H])[H])[C@@]13[H] (数据为None)
2025-11-11 19:12:57,452 - WARNING - 跳过第29860行分子对: [H]ON[C@H]1C([H])([H])[C@]([H])(C([H])([H])C([H])([H])C([H])([H])[H])C1([H])[H] -> [H]ONC1C([H])([H])[C@]23C([H])([H])[C@]([H])(C2([H])[H])[C@@]13[H] (数据为None)
2025-11-11 19:12:58,222 - WARNING - 跳过第29968行分子对: [H]ONC1C([H])([H])C2(C1([H])[H])C([H])([H])C([H])([H])C2([H])[H] -> [H]ONC1C([H])([H])[C@]23C([H])([H])[C@]([H])(C2([H])[H])[C@@]13[H] (数据为None)
2025-11-11 19:12:58,321 - INFO - 分子处理统计: 总数=60000, 命中=59967, 未命中=33, 命中率=99.94%
2025-11-11 19:12:58,356 - INFO - --- 训练集样本示例 (头部数据) ---
2025-11-11 19:12:58,356 - INFO -   样本       起始节点数        起始边数         目标节点数        目标边数         边特征             目标属性值          
2025-11-11 19:12:58,356 - INFO -   --------------------------------------------------------------------------------
2025-11-11 19:12:58,356 - INFO -   1        5            8            8            14           [0.0, 1.0, 0.   -1.626431      
2025-11-11 19:12:58,356 - INFO -   2        3            4            6            10           [0.0, 1.0, 0.   -1.218061      
2025-11-11 19:12:58,356 - INFO -   3        4            6            11           20           [0.0, 1.0, 0.   1.620416       
2025-11-11 19:12:58,357 - INFO -   --------------------------------------------------------------------------------
2025-11-11 19:12:58,357 - INFO - 
数据构建完成:
2025-11-11 19:12:58,357 - INFO -   项目                   值                   
2025-11-11 19:12:58,357 - INFO -   ---------------------------------------- --------------------
2025-11-11 19:12:58,357 - INFO -   样本数                  29967               
2025-11-11 19:12:58,357 - INFO -   节点特征维度               11                  
2025-11-11 19:12:58,357 - INFO -   边特征维度                25                  
2025-11-11 19:12:58,357 - INFO -   目标属性变化维度             1                   
2025-11-11 19:12:58,360 - INFO - 数据集划分完成:
2025-11-11 19:12:58,360 - INFO -   - 训练集: 23973 (80.0%)
2025-11-11 19:12:58,360 - INFO -   - 验证集: 2996 (10.0%)
2025-11-11 19:12:58,360 - INFO -   - 测试集: 2998 (10.0%)
2025-11-11 19:12:58,407 - INFO - 更新模型边特征维度: 11 -> 25
2025-11-11 19:12:58,546 - INFO - 正在创建模型...
2025-11-11 19:12:58,547 - INFO - 模型参数数量: 2118145
2025-11-11 19:12:58,547 - INFO - 使用设备: cuda
2025-11-11 19:12:59,881 - INFO - 开始训练 (300 轮)...
2025-11-11 19:13:44,797 - INFO - Epoch [10/300], Train Loss: 0.462643, Val Loss: 0.428805, R²: 0.6004, MAE: 0.4288
2025-11-11 19:14:28,006 - INFO - 警告: 在第 20 轮检测到NaN或inf损失值，停止训练
2025-11-11 19:14:28,007 - INFO - 早停机制触发，在第 20 轮停止训练
2025-11-11 19:14:28,007 - INFO - 开始训练 (300 轮)...
2025-11-11 19:14:29,310 - INFO - 模型已保存至: /home/data2/rhj/project/mol_editor/mol_evo/../mol_evo/output/v0/MoleculeEvolutionGCNTransformerLinearPredictor/train-20251111_191226-homo_change_pct-30000-300/last.pth
2025-11-11 19:14:29,310 - INFO - 
2025-11-11 19:14:29,310 - INFO - ============================================================
2025-11-11 19:14:29,310 - INFO - 训练完成 - 最终评估结果
2025-11-11 19:14:29,310 - INFO - ============================================================
2025-11-11 19:14:29,310 - INFO - 测试集损失: nan
2025-11-11 19:14:29,310 - INFO - RMSE: nan
2025-11-11 19:14:29,311 - INFO - MAE: nan
2025-11-11 19:14:29,311 - INFO - R²: nan
2025-11-11 19:14:29,311 - INFO - PCC: nan
2025-11-11 19:14:29,311 - INFO - Rank Loss: nan
2025-11-11 19:14:29,311 - INFO - 
2025-11-11 19:14:29,311 - INFO - 阈值准确率:
2025-11-11 19:14:29,311 - INFO -   阈值 0.5: 0.00%
2025-11-11 19:14:29,311 - INFO - 
2025-11-11 19:14:29,311 - INFO - 训练完成:
2025-11-11 19:14:29,311 - INFO -   - 最终训练损失: 0.363058
2025-11-11 19:14:29,311 - INFO -   - 最佳验证损失: 0.368818
2025-11-11 19:14:29,311 - INFO -   - 测试损失 (MSE): nan
2025-11-11 19:14:29,311 - INFO -   - 测试RMSE: nan
2025-11-11 19:14:29,311 - INFO -   - 测试MAE: nan
2025-11-11 19:14:29,311 - INFO -   - 测试R²: nan
2025-11-11 19:14:29,311 - INFO -   - 测试PCC: nan
2025-11-11 19:14:29,311 - INFO -   - 测试Rank Loss: nan
2025-11-11 19:14:29,311 - INFO -   - 测试阈值准确率 (0.5): 0.0000
2025-11-11 19:14:29,311 - INFO -   - 模型已保存到: /home/data2/rhj/project/mol_editor/mol_evo/../mol_evo/output/v0/MoleculeEvolutionGCNTransformerLinearPredictor/train-20251111_191226-homo_change_pct-30000-300/last.pth
2025-11-11 19:14:29,312 - INFO - 训练结果已保存到: /home/data2/rhj/project/mol_editor/mol_evo/../mol_evo/output/v0/MoleculeEvolutionGCNTransformerLinearPredictor/train-20251111_191226-homo_change_pct-30000-300/training_results.json
2025-11-11 19:14:29,312 - INFO - 模型目录: /home/data2/rhj/project/mol_editor/mol_evo/../mol_evo/output/v0/MoleculeEvolutionGCNTransformerLinearPredictor/train-20251111_191226-homo_change_pct-30000-300
