2025-10-13 05:10:55,306 - INFO - training_file - 开始对测试集进行预测: /home/data2/rhj/project/mol_editor/mol_evo/dataset/data/qm9-evo-pairs-step-1-with-properties-pct.csv
2025-10-13 05:10:55,306 - INFO - training_console - 开始对测试集进行预测: /home/data2/rhj/project/mol_editor/mol_evo/dataset/data/qm9-evo-pairs-step-1-with-properties-pct.csv
2025-10-13 05:10:55,306 - INFO - training_file - 使用模型: /home/data2/rhj/project/mol_editor/mol_evo/output/v0/gcn/train-20251012_230612-mu_change-30000-500/molecule_evolution_gcn_v0_mu_predictor.pth
2025-10-13 05:10:55,306 - INFO - training_console - 使用模型: /home/data2/rhj/project/mol_editor/mol_evo/output/v0/gcn/train-20251012_230612-mu_change-30000-500/molecule_evolution_gcn_v0_mu_predictor.pth
2025-10-13 05:10:55,306 - INFO - training_file - 随机种子: 420
2025-10-13 05:10:55,306 - INFO - training_console - 随机种子: 420
2025-10-13 05:10:55,306 - INFO - training_file - 从训练数据中加载模型参数和属性统计信息
2025-10-13 05:10:55,306 - INFO - training_console - 从训练数据中加载模型参数和属性统计信息
2025-10-13 05:10:55,306 - INFO - training_file - 正在构建图数据: /home/data2/rhj/project/mol_editor/mol_evo/dataset/data/qm9-evo-pairs-step-1-with-properties-pct.csv
2025-10-13 05:10:55,306 - INFO - training_console - 正在构建图数据: /home/data2/rhj/project/mol_editor/mol_evo/dataset/data/qm9-evo-pairs-step-1-with-properties-pct.csv
2025-10-13 05:10:57,031 - INFO - training_file - 加载缓存文件: /home/data2/rhj/project/mol_editor/mol_evo/core/utils/../../.cache/molecule_graphs/csv_qm9-evo-pairs-step-1-with-properties-pct_3cbb45cc1ac9202d.pt，包含 1994 个分子
2025-10-13 05:10:57,031 - INFO - training_console - 加载缓存文件: /home/data2/rhj/project/mol_editor/mol_evo/core/utils/../../.cache/molecule_graphs/csv_qm9-evo-pairs-step-1-with-properties-pct_3cbb45cc1ac9202d.pt，包含 1994 个分子
2025-10-13 05:11:00,406 - WARNING - training_file - 跳过无法处理的分子对: [H]O/N=C(\C([H])([H])[H])C([H])([H])C(C([H])([H])[H])(C([H])([H])[H])C([H])([H])[H] -> [H]ONC1C([H])([H])[C@]23C([H])([H])[C@]([H])(C2([H])[H])[C@@]13[H]
2025-10-13 05:11:00,406 - WARNING - training_console - 跳过无法处理的分子对: [H]O/N=C(\C([H])([H])[H])C([H])([H])C(C([H])([H])[H])(C([H])([H])[H])C([H])([H])[H] -> [H]ONC1C([H])([H])[C@]23C([H])([H])[C@]([H])(C2([H])[H])[C@@]13[H]
2025-10-13 05:11:01,173 - WARNING - training_file - 跳过无法处理的分子对: [H]O/N=C(/C([H])([H])C([H])([H])[H])C(C([H])([H])[H])(C([H])([H])[H])C([H])([H])[H] -> [H]ONC1C([H])([H])[C@]23C([H])([H])[C@]([H])(C2([H])[H])[C@@]13[H]
2025-10-13 05:11:01,173 - WARNING - training_console - 跳过无法处理的分子对: [H]O/N=C(/C([H])([H])C([H])([H])[H])C(C([H])([H])[H])(C([H])([H])[H])C([H])([H])[H] -> [H]ONC1C([H])([H])[C@]23C([H])([H])[C@]([H])(C2([H])[H])[C@@]13[H]
2025-10-13 05:11:01,940 - WARNING - training_file - 跳过无法处理的分子对: [H]O/N=C(\C([H])([H])[H])C(C([H])([H])[H])(C([H])([H])[H])C([H])([H])C([H])([H])[H] -> [H]ONC1C([H])([H])[C@]23C([H])([H])[C@]([H])(C2([H])[H])[C@@]13[H]
2025-10-13 05:11:01,940 - WARNING - training_console - 跳过无法处理的分子对: [H]O/N=C(\C([H])([H])[H])C(C([H])([H])[H])(C([H])([H])[H])C([H])([H])C([H])([H])[H] -> [H]ONC1C([H])([H])[C@]23C([H])([H])[C@]([H])(C2([H])[H])[C@@]13[H]
2025-10-13 05:11:02,756 - WARNING - training_file - 跳过无法处理的分子对: [H]O/N=C(\C([H])([H])[H])C([H])([H])C([H])([H])C([H])(C([H])([H])[H])C([H])([H])[H] -> [H]ONC1C([H])([H])[C@]23C([H])([H])[C@]([H])(C2([H])[H])[C@@]13[H]
2025-10-13 05:11:02,756 - WARNING - training_console - 跳过无法处理的分子对: [H]O/N=C(\C([H])([H])[H])C([H])([H])C([H])([H])C([H])(C([H])([H])[H])C([H])([H])[H] -> [H]ONC1C([H])([H])[C@]23C([H])([H])[C@]([H])(C2([H])[H])[C@@]13[H]
2025-10-13 05:11:03,514 - WARNING - training_file - 跳过无法处理的分子对: [H]ONC1C(C([H])([H])[H])(C([H])([H])[H])C([H])([H])[C@]1([H])C([H])([H])[H] -> [H]ONC1C([H])([H])[C@]23C([H])([H])[C@]([H])(C2([H])[H])[C@@]13[H]
2025-10-13 05:11:03,514 - WARNING - training_console - 跳过无法处理的分子对: [H]ONC1C(C([H])([H])[H])(C([H])([H])[H])C([H])([H])[C@]1([H])C([H])([H])[H] -> [H]ONC1C([H])([H])[C@]23C([H])([H])[C@]([H])(C2([H])[H])[C@@]13[H]
2025-10-13 05:11:04,283 - WARNING - training_file - 跳过无法处理的分子对: [H]ONC1C([H])=C([H])C(C([H])([H])[H])(C([H])([H])[H])C1([H])[H] -> [H]ONC1C([H])([H])[C@]23C([H])([H])[C@]([H])(C2([H])[H])[C@@]13[H]
2025-10-13 05:11:04,283 - WARNING - training_console - 跳过无法处理的分子对: [H]ONC1C([H])=C([H])C(C([H])([H])[H])(C([H])([H])[H])C1([H])[H] -> [H]ONC1C([H])([H])[C@]23C([H])([H])[C@]([H])(C2([H])[H])[C@@]13[H]
2025-10-13 05:11:05,053 - WARNING - training_file - 跳过无法处理的分子对: [H]ONC1C([H])([H])C([H])([H])C(C([H])([H])[H])(C([H])([H])[H])C1([H])[H] -> [H]ONC1C([H])([H])[C@]23C([H])([H])[C@]([H])(C2([H])[H])[C@@]13[H]
2025-10-13 05:11:05,053 - WARNING - training_console - 跳过无法处理的分子对: [H]ONC1C([H])([H])C([H])([H])C(C([H])([H])[H])(C([H])([H])[H])C1([H])[H] -> [H]ONC1C([H])([H])[C@]23C([H])([H])[C@]([H])(C2([H])[H])[C@@]13[H]
2025-10-13 05:11:05,825 - WARNING - training_file - 跳过无法处理的分子对: [H]O/N=C(\C([H])([H])C([H])([H])[H])C([H])([H])C([H])(C([H])([H])[H])C([H])([H])[H] -> [H]ONC1C([H])([H])[C@]23C([H])([H])[C@]([H])(C2([H])[H])[C@@]13[H]
2025-10-13 05:11:05,825 - WARNING - training_console - 跳过无法处理的分子对: [H]O/N=C(\C([H])([H])C([H])([H])[H])C([H])([H])C([H])(C([H])([H])[H])C([H])([H])[H] -> [H]ONC1C([H])([H])[C@]23C([H])([H])[C@]([H])(C2([H])[H])[C@@]13[H]
2025-10-13 05:11:06,603 - WARNING - training_file - 跳过无法处理的分子对: [H]C#C[C@]1(C([H])([H])[H])C([H])([H])[C@@H](NO[H])C1([H])[H] -> [H]ONC1C([H])([H])[C@]23C([H])([H])[C@]([H])(C2([H])[H])[C@@]13[H]
2025-10-13 05:11:06,603 - WARNING - training_console - 跳过无法处理的分子对: [H]C#C[C@]1(C([H])([H])[H])C([H])([H])[C@@H](NO[H])C1([H])[H] -> [H]ONC1C([H])([H])[C@]23C([H])([H])[C@]([H])(C2([H])[H])[C@@]13[H]
2025-10-13 05:11:07,385 - WARNING - training_file - 跳过无法处理的分子对: [H]ON[C@H]1C([H])([H])[C@](C([H])([H])[H])(C([H])([H])C([H])([H])[H])C1([H])[H] -> [H]ONC1C([H])([H])[C@]23C([H])([H])[C@]([H])(C2([H])[H])[C@@]13[H]
2025-10-13 05:11:07,385 - WARNING - training_console - 跳过无法处理的分子对: [H]ON[C@H]1C([H])([H])[C@](C([H])([H])[H])(C([H])([H])C([H])([H])[H])C1([H])[H] -> [H]ONC1C([H])([H])[C@]23C([H])([H])[C@]([H])(C2([H])[H])[C@@]13[H]
2025-10-13 05:11:08,147 - WARNING - training_file - 跳过无法处理的分子对: [H]O/N=C(\C([H])([H])[H])C([H])([H])C1(C([H])([H])[H])C([H])([H])C1([H])[H] -> [H]ONC1C([H])([H])[C@]23C([H])([H])[C@]([H])(C2([H])[H])[C@@]13[H]
2025-10-13 05:11:08,148 - WARNING - training_console - 跳过无法处理的分子对: [H]O/N=C(\C([H])([H])[H])C([H])([H])C1(C([H])([H])[H])C([H])([H])C1([H])[H] -> [H]ONC1C([H])([H])[C@]23C([H])([H])[C@]([H])(C2([H])[H])[C@@]13[H]
2025-10-13 05:11:08,948 - WARNING - training_file - 跳过无法处理的分子对: [H]O/N=C(\C([H])([H])[H])C([H])([H])C([H])([H])C([H])([H])C([H])([H])C([H])([H])[H] -> [H]ONC1C([H])([H])[C@]23C([H])([H])[C@]([H])(C2([H])[H])[C@@]13[H]
2025-10-13 05:11:08,948 - WARNING - training_console - 跳过无法处理的分子对: [H]O/N=C(\C([H])([H])[H])C([H])([H])C([H])([H])C([H])([H])C([H])([H])C([H])([H])[H] -> [H]ONC1C([H])([H])[C@]23C([H])([H])[C@]([H])(C2([H])[H])[C@@]13[H]
2025-10-13 05:11:09,695 - WARNING - training_file - 跳过无法处理的分子对: [H]ONC1C([H])([H])C([H])=C([H])C1(C([H])([H])[H])C([H])([H])[H] -> [H]ONC1C([H])([H])[C@]23C([H])([H])[C@]([H])(C2([H])[H])[C@@]13[H]
2025-10-13 05:11:09,695 - WARNING - training_console - 跳过无法处理的分子对: [H]ONC1C([H])([H])C([H])=C([H])C1(C([H])([H])[H])C([H])([H])[H] -> [H]ONC1C([H])([H])[C@]23C([H])([H])[C@]([H])(C2([H])[H])[C@@]13[H]
2025-10-13 05:11:10,456 - WARNING - training_file - 跳过无法处理的分子对: [H]ONC1=C([H])[C-]([H])C([H])([H])C1(C([H])([H])[H])C([H])([H])[H] -> [H]ONC1C([H])([H])[C@]23C([H])([H])[C@]([H])(C2([H])[H])[C@@]13[H]
2025-10-13 05:11:10,456 - WARNING - training_console - 跳过无法处理的分子对: [H]ONC1=C([H])[C-]([H])C([H])([H])C1(C([H])([H])[H])C([H])([H])[H] -> [H]ONC1C([H])([H])[C@]23C([H])([H])[C@]([H])(C2([H])[H])[C@@]13[H]
2025-10-13 05:11:11,194 - WARNING - training_file - 跳过无法处理的分子对: [H]ONC1C([H])([H])C([H])([H])C([H])([H])C1(C([H])([H])[H])C([H])([H])[H] -> [H]ONC1C([H])([H])[C@]23C([H])([H])[C@]([H])(C2([H])[H])[C@@]13[H]
2025-10-13 05:11:11,195 - WARNING - training_console - 跳过无法处理的分子对: [H]ONC1C([H])([H])C([H])([H])C([H])([H])C1(C([H])([H])[H])C([H])([H])[H] -> [H]ONC1C([H])([H])[C@]23C([H])([H])[C@]([H])(C2([H])[H])[C@@]13[H]
2025-10-13 05:11:11,975 - WARNING - training_file - 跳过无法处理的分子对: [H]ON=C(C([H])([H])C([H])([H])C([H])([H])[H])C([H])([H])C([H])([H])C([H])([H])[H] -> [H]ONC1C([H])([H])[C@]23C([H])([H])[C@]([H])(C2([H])[H])[C@@]13[H]
2025-10-13 05:11:11,975 - WARNING - training_console - 跳过无法处理的分子对: [H]ON=C(C([H])([H])C([H])([H])C([H])([H])[H])C([H])([H])C([H])([H])C([H])([H])[H] -> [H]ONC1C([H])([H])[C@]23C([H])([H])[C@]([H])(C2([H])[H])[C@@]13[H]
2025-10-13 05:11:12,764 - WARNING - training_file - 跳过无法处理的分子对: [H]O/N=C(/C([H])([H])C([H])([H])C([H])([H])[H])C([H])(C([H])([H])[H])C([H])([H])[H] -> [H]ONC1C([H])([H])[C@]23C([H])([H])[C@]([H])(C2([H])[H])[C@@]13[H]
2025-10-13 05:11:12,764 - WARNING - training_console - 跳过无法处理的分子对: [H]O/N=C(/C([H])([H])C([H])([H])C([H])([H])[H])C([H])(C([H])([H])[H])C([H])([H])[H] -> [H]ONC1C([H])([H])[C@]23C([H])([H])[C@]([H])(C2([H])[H])[C@@]13[H]
2025-10-13 05:11:13,713 - WARNING - training_file - 跳过无法处理的分子对: [H]ON=C(C([H])(C([H])([H])[H])C([H])([H])[H])C([H])(C([H])([H])[H])C([H])([H])[H] -> [H]ONC1C([H])([H])[C@]23C([H])([H])[C@]([H])(C2([H])[H])[C@@]13[H]
2025-10-13 05:11:13,713 - WARNING - training_console - 跳过无法处理的分子对: [H]ON=C(C([H])(C([H])([H])[H])C([H])([H])[H])C([H])(C([H])([H])[H])C([H])([H])[H] -> [H]ONC1C([H])([H])[C@]23C([H])([H])[C@]([H])(C2([H])[H])[C@@]13[H]
2025-10-13 05:11:14,499 - WARNING - training_file - 跳过无法处理的分子对: [H]O/N=C(\C([H])([H])[H])C1(C([H])([H])[H])C([H])([H])C([H])([H])C1([H])[H] -> [H]ONC1C([H])([H])[C@]23C([H])([H])[C@]([H])(C2([H])[H])[C@@]13[H]
2025-10-13 05:11:14,499 - WARNING - training_console - 跳过无法处理的分子对: [H]O/N=C(\C([H])([H])[H])C1(C([H])([H])[H])C([H])([H])C([H])([H])C1([H])[H] -> [H]ONC1C([H])([H])[C@]23C([H])([H])[C@]([H])(C2([H])[H])[C@@]13[H]
2025-10-13 05:11:15,266 - WARNING - training_file - 跳过无法处理的分子对: [H]ON[C@H]1C([H])([H])[C@]([H])(C([H])(C([H])([H])[H])C([H])([H])[H])C1([H])[H] -> [H]ONC1C([H])([H])[C@]23C([H])([H])[C@]([H])(C2([H])[H])[C@@]13[H]
2025-10-13 05:11:15,266 - WARNING - training_console - 跳过无法处理的分子对: [H]ON[C@H]1C([H])([H])[C@]([H])(C([H])(C([H])([H])[H])C([H])([H])[H])C1([H])[H] -> [H]ONC1C([H])([H])[C@]23C([H])([H])[C@]([H])(C2([H])[H])[C@@]13[H]
2025-10-13 05:11:16,014 - WARNING - training_file - 跳过无法处理的分子对: [H]O/N=C(\C([H])([H])[H])[C@]1([H])C([H])([H])[C@@]([H])(C([H])([H])[H])C1([H])[H] -> [H]ONC1C([H])([H])[C@]23C([H])([H])[C@]([H])(C2([H])[H])[C@@]13[H]
2025-10-13 05:11:16,014 - WARNING - training_console - 跳过无法处理的分子对: [H]O/N=C(\C([H])([H])[H])[C@]1([H])C([H])([H])[C@@]([H])(C([H])([H])[H])C1([H])[H] -> [H]ONC1C([H])([H])[C@]23C([H])([H])[C@]([H])(C2([H])[H])[C@@]13[H]
2025-10-13 05:11:16,783 - WARNING - training_file - 跳过无法处理的分子对: [H]ONC1C([H])=C(C([H])([H])[H])C([H])([H])C([H])([H])C1([H])[H] -> [H]ONC1C([H])([H])[C@]23C([H])([H])[C@]([H])(C2([H])[H])[C@@]13[H]
2025-10-13 05:11:16,783 - WARNING - training_console - 跳过无法处理的分子对: [H]ONC1C([H])=C(C([H])([H])[H])C([H])([H])C([H])([H])C1([H])[H] -> [H]ONC1C([H])([H])[C@]23C([H])([H])[C@]([H])(C2([H])[H])[C@@]13[H]
2025-10-13 05:11:17,517 - WARNING - training_file - 跳过无法处理的分子对: [H]ONC1C([H])([H])C(C([H])([H])[H])=C([H])C([H])([H])C1([H])[H] -> [H]ONC1C([H])([H])[C@]23C([H])([H])[C@]([H])(C2([H])[H])[C@@]13[H]
2025-10-13 05:11:17,517 - WARNING - training_console - 跳过无法处理的分子对: [H]ONC1C([H])([H])C(C([H])([H])[H])=C([H])C([H])([H])C1([H])[H] -> [H]ONC1C([H])([H])[C@]23C([H])([H])[C@]([H])(C2([H])[H])[C@@]13[H]
2025-10-13 05:11:18,297 - WARNING - training_file - 跳过无法处理的分子对: [H]ONC1C([H])([H])C([H])([H])C([H])([H])[C@]([H])(C([H])([H])[H])C1([H])[H] -> [H]ONC1C([H])([H])[C@]23C([H])([H])[C@]([H])(C2([H])[H])[C@@]13[H]
2025-10-13 05:11:18,297 - WARNING - training_console - 跳过无法处理的分子对: [H]ONC1C([H])([H])C([H])([H])C([H])([H])[C@]([H])(C([H])([H])[H])C1([H])[H] -> [H]ONC1C([H])([H])[C@]23C([H])([H])[C@]([H])(C2([H])[H])[C@@]13[H]
2025-10-13 05:11:19,051 - WARNING - training_file - 跳过无法处理的分子对: [H]ONC1C([H])([H])C(C([H])([H])[H])=C(C([H])([H])[H])C1([H])[H] -> [H]ONC1C([H])([H])[C@]23C([H])([H])[C@]([H])(C2([H])[H])[C@@]13[H]
2025-10-13 05:11:19,051 - WARNING - training_console - 跳过无法处理的分子对: [H]ONC1C([H])([H])C(C([H])([H])[H])=C(C([H])([H])[H])C1([H])[H] -> [H]ONC1C([H])([H])[C@]23C([H])([H])[C@]([H])(C2([H])[H])[C@@]13[H]
2025-10-13 05:11:19,814 - WARNING - training_file - 跳过无法处理的分子对: [H]ONC1C([H])([H])C(C([H])([H])[H])=C([H])[C@]1([H])C([H])([H])[H] -> [H]ONC1C([H])([H])[C@]23C([H])([H])[C@]([H])(C2([H])[H])[C@@]13[H]
2025-10-13 05:11:19,814 - WARNING - training_console - 跳过无法处理的分子对: [H]ONC1C([H])([H])C(C([H])([H])[H])=C([H])[C@]1([H])C([H])([H])[H] -> [H]ONC1C([H])([H])[C@]23C([H])([H])[C@]([H])(C2([H])[H])[C@@]13[H]
2025-10-13 05:11:20,323 - WARNING - training_file - 跳过无法处理的分子对: [H][N-]C1O[C@]([H])(C([H])([H])[H])C(NO[H])C1([H])[H] -> [H]ONC1C([H])([H])[C@]23C([H])([H])[N@@H+](C2([H])[H])[C@@]13[H]
2025-10-13 05:11:20,323 - WARNING - training_console - 跳过无法处理的分子对: [H][N-]C1O[C@]([H])(C([H])([H])[H])C(NO[H])C1([H])[H] -> [H]ONC1C([H])([H])[C@]23C([H])([H])[N@@H+](C2([H])[H])[C@@]13[H]
2025-10-13 05:11:21,099 - WARNING - training_file - 跳过无法处理的分子对: [H]ONC1C([H])([H])[C@]2([H])C([H])([H])[C@@]1(C([H])([H])[H])C2([H])[H] -> [H]ONC1C([H])([H])[C@]23C([H])([H])[C@]([H])(C2([H])[H])[C@@]13[H]
2025-10-13 05:11:21,099 - WARNING - training_console - 跳过无法处理的分子对: [H]ONC1C([H])([H])[C@]2([H])C([H])([H])[C@@]1(C([H])([H])[H])C2([H])[H] -> [H]ONC1C([H])([H])[C@]23C([H])([H])[C@]([H])(C2([H])[H])[C@@]13[H]
2025-10-13 05:11:21,865 - WARNING - training_file - 跳过无法处理的分子对: [H]O/N=C(\C([H])([H])[H])C([H])([H])C1([H])C([H])([H])C([H])([H])C1([H])[H] -> [H]ONC1C([H])([H])[C@]23C([H])([H])[C@]([H])(C2([H])[H])[C@@]13[H]
2025-10-13 05:11:21,865 - WARNING - training_console - 跳过无法处理的分子对: [H]O/N=C(\C([H])([H])[H])C([H])([H])C1([H])C([H])([H])C([H])([H])C1([H])[H] -> [H]ONC1C([H])([H])[C@]23C([H])([H])[C@]([H])(C2([H])[H])[C@@]13[H]
2025-10-13 05:11:22,601 - WARNING - training_file - 跳过无法处理的分子对: [H]C#CC([H])([H])[C@]1([H])C([H])([H])[C@@H](NO[H])C1([H])[H] -> [H]ONC1C([H])([H])[C@]23C([H])([H])[C@]([H])(C2([H])[H])[C@@]13[H]
2025-10-13 05:11:22,601 - WARNING - training_console - 跳过无法处理的分子对: [H]C#CC([H])([H])[C@]1([H])C([H])([H])[C@@H](NO[H])C1([H])[H] -> [H]ONC1C([H])([H])[C@]23C([H])([H])[C@]([H])(C2([H])[H])[C@@]13[H]
2025-10-13 05:11:23,372 - WARNING - training_file - 跳过无法处理的分子对: [H]ON[C@H]1C([H])([H])[C@]([H])(C#CC([H])([H])[H])C1([H])[H] -> [H]ONC1C([H])([H])[C@]23C([H])([H])[C@]([H])(C2([H])[H])[C@@]13[H]
2025-10-13 05:11:23,372 - WARNING - training_console - 跳过无法处理的分子对: [H]ON[C@H]1C([H])([H])[C@]([H])(C#CC([H])([H])[H])C1([H])[H] -> [H]ONC1C([H])([H])[C@]23C([H])([H])[C@]([H])(C2([H])[H])[C@@]13[H]
2025-10-13 05:11:24,127 - WARNING - training_file - 跳过无法处理的分子对: [H]ON[C@H]1C([H])([H])[C@]([H])(C([H])([H])C([H])([H])C([H])([H])[H])C1([H])[H] -> [H]ONC1C([H])([H])[C@]23C([H])([H])[C@]([H])(C2([H])[H])[C@@]13[H]
2025-10-13 05:11:24,127 - WARNING - training_console - 跳过无法处理的分子对: [H]ON[C@H]1C([H])([H])[C@]([H])(C([H])([H])C([H])([H])C([H])([H])[H])C1([H])[H] -> [H]ONC1C([H])([H])[C@]23C([H])([H])[C@]([H])(C2([H])[H])[C@@]13[H]
2025-10-13 05:11:24,887 - WARNING - training_file - 跳过无法处理的分子对: [H]ONC1C([H])([H])C2(C1([H])[H])C([H])([H])C([H])([H])C2([H])[H] -> [H]ONC1C([H])([H])[C@]23C([H])([H])[C@]([H])(C2([H])[H])[C@@]13[H]
2025-10-13 05:11:24,887 - WARNING - training_console - 跳过无法处理的分子对: [H]ONC1C([H])([H])C2(C1([H])[H])C([H])([H])C([H])([H])C2([H])[H] -> [H]ONC1C([H])([H])[C@]23C([H])([H])[C@]([H])(C2([H])[H])[C@@]13[H]
2025-10-13 05:11:24,917 - INFO - training_file - 分子处理统计: 总数=60000, 命中=59967, 未命中=33, 命中率=99.94%
2025-10-13 05:11:24,917 - INFO - training_console - 分子处理统计: 总数=60000, 命中=59967, 未命中=33, 命中率=99.94%
2025-10-13 05:11:24,949 - INFO - training_file - 数据集划分完成 - 训练集: 23973, 验证集: 2996, 测试集: 2998
2025-10-13 05:11:24,950 - INFO - training_console - 数据集划分完成 - 训练集: 23973, 验证集: 2996, 测试集: 2998
2025-10-13 05:11:25,007 - INFO - training_file - 模型加载成功
2025-10-13 05:11:25,007 - INFO - training_console - 模型加载成功
2025-10-13 05:11:25,350 - INFO - training_file - 使用设备: cuda
2025-10-13 05:11:25,350 - INFO - training_console - 使用设备: cuda
2025-10-13 05:11:25,350 - INFO - training_file - 开始在测试集上进行预测和评估
2025-10-13 05:11:25,350 - INFO - training_console - 开始在测试集上进行预测和评估
2025-10-13 05:11:27,322 - INFO - training_file - ==================================================
2025-10-13 05:11:27,322 - INFO - training_console - ==================================================
2025-10-13 05:11:27,322 - INFO - training_file - 测试集预测结果摘要
2025-10-13 05:11:27,322 - INFO - training_console - 测试集预测结果摘要
2025-10-13 05:11:27,323 - INFO - training_file - ==================================================
2025-10-13 05:11:27,323 - INFO - training_console - ==================================================
2025-10-13 05:11:27,323 - INFO - training_file - 测试损失 (MAE): 0.100863
2025-10-13 05:11:27,323 - INFO - training_console - 测试损失 (MAE): 0.100863
2025-10-13 05:11:27,323 - INFO - training_file - RMSE: 0.311136
2025-10-13 05:11:27,323 - INFO - training_console - RMSE: 0.311136
2025-10-13 05:11:27,323 - INFO - training_file - MAE: 0.100863
2025-10-13 05:11:27,323 - INFO - training_console - MAE: 0.100863
2025-10-13 05:11:27,323 - INFO - training_file - R²: 0.905668
2025-10-13 05:11:27,323 - INFO - training_console - R²: 0.905668
2025-10-13 05:11:27,323 - INFO - training_file - ------------------------------
2025-10-13 05:11:27,323 - INFO - training_console - ------------------------------
2025-10-13 05:11:27,323 - INFO - training_file - 反标准化后的指标:
2025-10-13 05:11:27,323 - INFO - training_console - 反标准化后的指标:
2025-10-13 05:11:27,323 - INFO - training_file - RMSE: 0.341125
2025-10-13 05:11:27,323 - INFO - training_console - RMSE: 0.341125
2025-10-13 05:11:27,323 - INFO - training_file - MAE: 0.110585
2025-10-13 05:11:27,323 - INFO - training_console - MAE: 0.110585
2025-10-13 05:11:27,323 - INFO - training_file - R²: 0.905668
2025-10-13 05:11:27,323 - INFO - training_console - R²: 0.905668
2025-10-13 05:11:27,323 - INFO - training_file - ==================================================
2025-10-13 05:11:27,323 - INFO - training_console - ==================================================
2025-10-13 05:11:27,323 - INFO - training_file - 详细结果已保存到: /home/data2/rhj/project/mol_editor/mol_evo/../mol_evo/output/v0/predictions/prediction-20251013_051055/prediction_results.json
2025-10-13 05:11:27,323 - INFO - training_console - 详细结果已保存到: /home/data2/rhj/project/mol_editor/mol_evo/../mol_evo/output/v0/predictions/prediction-20251013_051055/prediction_results.json
