2025-10-12 11:22:14,280 - INFO - training_file - ============================================================
2025-10-12 11:22:14,280 - INFO - training_console - ============================================================
2025-10-12 11:22:14,280 - INFO - training_file - 基于NNConv的分子进化预测器模型训练开始
2025-10-12 11:22:14,280 - INFO - training_console - 基于NNConv的分子进化预测器模型训练开始
2025-10-12 11:22:14,280 - INFO - training_file - ============================================================
2025-10-12 11:22:14,280 - INFO - training_console - ============================================================
2025-10-12 11:22:14,280 - INFO - training_file - 数据文件: mol_evo/dataset/data/qm9-evo-pairs-step-1-with-properties-pct.csv
2025-10-12 11:22:14,280 - INFO - training_console - 数据文件: mol_evo/dataset/data/qm9-evo-pairs-step-1-with-properties-pct.csv
2025-10-12 11:22:14,280 - INFO - training_file - 最大对数: 30000
2025-10-12 11:22:14,280 - INFO - training_console - 最大对数: 30000
2025-10-12 11:22:14,280 - INFO - training_file - 训练轮数: 200
2025-10-12 11:22:14,280 - INFO - training_console - 训练轮数: 200
2025-10-12 11:22:14,280 - INFO - training_file - 正在构建图数据: mol_evo/dataset/data/qm9-evo-pairs-step-1-with-properties-pct.csv
2025-10-12 11:22:14,280 - INFO - training_console - 正在构建图数据: mol_evo/dataset/data/qm9-evo-pairs-step-1-with-properties-pct.csv
2025-10-12 11:22:15,983 - INFO - training_file - 加载缓存文件: /home/data2/rhj/project/mol_editor/mol_evo/core/utils/../../.cache/molecule_graphs/training_dataset.pt，包含 1985 个分子
2025-10-12 11:22:15,983 - INFO - training_console - 加载缓存文件: /home/data2/rhj/project/mol_editor/mol_evo/core/utils/../../.cache/molecule_graphs/training_dataset.pt，包含 1985 个分子
2025-10-12 11:22:19,343 - WARNING - training_file - 跳过无法处理的分子对: [H]O/N=C(\C([H])([H])[H])C([H])([H])C(C([H])([H])[H])(C([H])([H])[H])C([H])([H])[H] -> [H]ONC1C([H])([H])[C@]23C([H])([H])[C@]([H])(C2([H])[H])[C@@]13[H]
2025-10-12 11:22:19,344 - WARNING - training_console - 跳过无法处理的分子对: [H]O/N=C(\C([H])([H])[H])C([H])([H])C(C([H])([H])[H])(C([H])([H])[H])C([H])([H])[H] -> [H]ONC1C([H])([H])[C@]23C([H])([H])[C@]([H])(C2([H])[H])[C@@]13[H]
2025-10-12 11:22:20,103 - WARNING - training_file - 跳过无法处理的分子对: [H]O/N=C(/C([H])([H])C([H])([H])[H])C(C([H])([H])[H])(C([H])([H])[H])C([H])([H])[H] -> [H]ONC1C([H])([H])[C@]23C([H])([H])[C@]([H])(C2([H])[H])[C@@]13[H]
2025-10-12 11:22:20,103 - WARNING - training_console - 跳过无法处理的分子对: [H]O/N=C(/C([H])([H])C([H])([H])[H])C(C([H])([H])[H])(C([H])([H])[H])C([H])([H])[H] -> [H]ONC1C([H])([H])[C@]23C([H])([H])[C@]([H])(C2([H])[H])[C@@]13[H]
2025-10-12 11:22:20,867 - WARNING - training_file - 跳过无法处理的分子对: [H]O/N=C(\C([H])([H])[H])C(C([H])([H])[H])(C([H])([H])[H])C([H])([H])C([H])([H])[H] -> [H]ONC1C([H])([H])[C@]23C([H])([H])[C@]([H])(C2([H])[H])[C@@]13[H]
2025-10-12 11:22:20,867 - WARNING - training_console - 跳过无法处理的分子对: [H]O/N=C(\C([H])([H])[H])C(C([H])([H])[H])(C([H])([H])[H])C([H])([H])C([H])([H])[H] -> [H]ONC1C([H])([H])[C@]23C([H])([H])[C@]([H])(C2([H])[H])[C@@]13[H]
2025-10-12 11:22:21,682 - WARNING - training_file - 跳过无法处理的分子对: [H]O/N=C(\C([H])([H])[H])C([H])([H])C([H])([H])C([H])(C([H])([H])[H])C([H])([H])[H] -> [H]ONC1C([H])([H])[C@]23C([H])([H])[C@]([H])(C2([H])[H])[C@@]13[H]
2025-10-12 11:22:21,682 - WARNING - training_console - 跳过无法处理的分子对: [H]O/N=C(\C([H])([H])[H])C([H])([H])C([H])([H])C([H])(C([H])([H])[H])C([H])([H])[H] -> [H]ONC1C([H])([H])[C@]23C([H])([H])[C@]([H])(C2([H])[H])[C@@]13[H]
2025-10-12 11:22:22,426 - WARNING - training_file - 跳过无法处理的分子对: [H]ONC1C(C([H])([H])[H])(C([H])([H])[H])C([H])([H])[C@]1([H])C([H])([H])[H] -> [H]ONC1C([H])([H])[C@]23C([H])([H])[C@]([H])(C2([H])[H])[C@@]13[H]
2025-10-12 11:22:22,426 - WARNING - training_console - 跳过无法处理的分子对: [H]ONC1C(C([H])([H])[H])(C([H])([H])[H])C([H])([H])[C@]1([H])C([H])([H])[H] -> [H]ONC1C([H])([H])[C@]23C([H])([H])[C@]([H])(C2([H])[H])[C@@]13[H]
2025-10-12 11:22:23,166 - WARNING - training_file - 跳过无法处理的分子对: [H]ONC1C([H])=C([H])C(C([H])([H])[H])(C([H])([H])[H])C1([H])[H] -> [H]ONC1C([H])([H])[C@]23C([H])([H])[C@]([H])(C2([H])[H])[C@@]13[H]
2025-10-12 11:22:23,166 - WARNING - training_console - 跳过无法处理的分子对: [H]ONC1C([H])=C([H])C(C([H])([H])[H])(C([H])([H])[H])C1([H])[H] -> [H]ONC1C([H])([H])[C@]23C([H])([H])[C@]([H])(C2([H])[H])[C@@]13[H]
2025-10-12 11:22:23,930 - WARNING - training_file - 跳过无法处理的分子对: [H]ONC1C([H])([H])C([H])([H])C(C([H])([H])[H])(C([H])([H])[H])C1([H])[H] -> [H]ONC1C([H])([H])[C@]23C([H])([H])[C@]([H])(C2([H])[H])[C@@]13[H]
2025-10-12 11:22:23,930 - WARNING - training_console - 跳过无法处理的分子对: [H]ONC1C([H])([H])C([H])([H])C(C([H])([H])[H])(C([H])([H])[H])C1([H])[H] -> [H]ONC1C([H])([H])[C@]23C([H])([H])[C@]([H])(C2([H])[H])[C@@]13[H]
2025-10-12 11:22:24,660 - WARNING - training_file - 跳过无法处理的分子对: [H]O/N=C(\C([H])([H])C([H])([H])[H])C([H])([H])C([H])(C([H])([H])[H])C([H])([H])[H] -> [H]ONC1C([H])([H])[C@]23C([H])([H])[C@]([H])(C2([H])[H])[C@@]13[H]
2025-10-12 11:22:24,660 - WARNING - training_console - 跳过无法处理的分子对: [H]O/N=C(\C([H])([H])C([H])([H])[H])C([H])([H])C([H])(C([H])([H])[H])C([H])([H])[H] -> [H]ONC1C([H])([H])[C@]23C([H])([H])[C@]([H])(C2([H])[H])[C@@]13[H]
2025-10-12 11:22:25,416 - WARNING - training_file - 跳过无法处理的分子对: [H]C#C[C@]1(C([H])([H])[H])C([H])([H])[C@@H](NO[H])C1([H])[H] -> [H]ONC1C([H])([H])[C@]23C([H])([H])[C@]([H])(C2([H])[H])[C@@]13[H]
2025-10-12 11:22:25,416 - WARNING - training_console - 跳过无法处理的分子对: [H]C#C[C@]1(C([H])([H])[H])C([H])([H])[C@@H](NO[H])C1([H])[H] -> [H]ONC1C([H])([H])[C@]23C([H])([H])[C@]([H])(C2([H])[H])[C@@]13[H]
2025-10-12 11:22:26,191 - WARNING - training_file - 跳过无法处理的分子对: [H]ON[C@H]1C([H])([H])[C@](C([H])([H])[H])(C([H])([H])C([H])([H])[H])C1([H])[H] -> [H]ONC1C([H])([H])[C@]23C([H])([H])[C@]([H])(C2([H])[H])[C@@]13[H]
2025-10-12 11:22:26,191 - WARNING - training_console - 跳过无法处理的分子对: [H]ON[C@H]1C([H])([H])[C@](C([H])([H])[H])(C([H])([H])C([H])([H])[H])C1([H])[H] -> [H]ONC1C([H])([H])[C@]23C([H])([H])[C@]([H])(C2([H])[H])[C@@]13[H]
2025-10-12 11:22:26,943 - WARNING - training_file - 跳过无法处理的分子对: [H]O/N=C(\C([H])([H])[H])C([H])([H])C1(C([H])([H])[H])C([H])([H])C1([H])[H] -> [H]ONC1C([H])([H])[C@]23C([H])([H])[C@]([H])(C2([H])[H])[C@@]13[H]
2025-10-12 11:22:26,943 - WARNING - training_console - 跳过无法处理的分子对: [H]O/N=C(\C([H])([H])[H])C([H])([H])C1(C([H])([H])[H])C([H])([H])C1([H])[H] -> [H]ONC1C([H])([H])[C@]23C([H])([H])[C@]([H])(C2([H])[H])[C@@]13[H]
2025-10-12 11:22:27,736 - WARNING - training_file - 跳过无法处理的分子对: [H]O/N=C(\C([H])([H])[H])C([H])([H])C([H])([H])C([H])([H])C([H])([H])C([H])([H])[H] -> [H]ONC1C([H])([H])[C@]23C([H])([H])[C@]([H])(C2([H])[H])[C@@]13[H]
2025-10-12 11:22:27,736 - WARNING - training_console - 跳过无法处理的分子对: [H]O/N=C(\C([H])([H])[H])C([H])([H])C([H])([H])C([H])([H])C([H])([H])C([H])([H])[H] -> [H]ONC1C([H])([H])[C@]23C([H])([H])[C@]([H])(C2([H])[H])[C@@]13[H]
2025-10-12 11:22:28,482 - WARNING - training_file - 跳过无法处理的分子对: [H]ONC1C([H])([H])C([H])=C([H])C1(C([H])([H])[H])C([H])([H])[H] -> [H]ONC1C([H])([H])[C@]23C([H])([H])[C@]([H])(C2([H])[H])[C@@]13[H]
2025-10-12 11:22:28,482 - WARNING - training_console - 跳过无法处理的分子对: [H]ONC1C([H])([H])C([H])=C([H])C1(C([H])([H])[H])C([H])([H])[H] -> [H]ONC1C([H])([H])[C@]23C([H])([H])[C@]([H])(C2([H])[H])[C@@]13[H]
2025-10-12 11:22:29,228 - WARNING - training_file - 跳过无法处理的分子对: [H]ONC1=C([H])[C-]([H])C([H])([H])C1(C([H])([H])[H])C([H])([H])[H] -> [H]ONC1C([H])([H])[C@]23C([H])([H])[C@]([H])(C2([H])[H])[C@@]13[H]
2025-10-12 11:22:29,228 - WARNING - training_console - 跳过无法处理的分子对: [H]ONC1=C([H])[C-]([H])C([H])([H])C1(C([H])([H])[H])C([H])([H])[H] -> [H]ONC1C([H])([H])[C@]23C([H])([H])[C@]([H])(C2([H])[H])[C@@]13[H]
2025-10-12 11:22:29,956 - WARNING - training_file - 跳过无法处理的分子对: [H]ONC1C([H])([H])C([H])([H])C([H])([H])C1(C([H])([H])[H])C([H])([H])[H] -> [H]ONC1C([H])([H])[C@]23C([H])([H])[C@]([H])(C2([H])[H])[C@@]13[H]
2025-10-12 11:22:29,956 - WARNING - training_console - 跳过无法处理的分子对: [H]ONC1C([H])([H])C([H])([H])C([H])([H])C1(C([H])([H])[H])C([H])([H])[H] -> [H]ONC1C([H])([H])[C@]23C([H])([H])[C@]([H])(C2([H])[H])[C@@]13[H]
2025-10-12 11:22:30,735 - WARNING - training_file - 跳过无法处理的分子对: [H]ON=C(C([H])([H])C([H])([H])C([H])([H])[H])C([H])([H])C([H])([H])C([H])([H])[H] -> [H]ONC1C([H])([H])[C@]23C([H])([H])[C@]([H])(C2([H])[H])[C@@]13[H]
2025-10-12 11:22:30,735 - WARNING - training_console - 跳过无法处理的分子对: [H]ON=C(C([H])([H])C([H])([H])C([H])([H])[H])C([H])([H])C([H])([H])C([H])([H])[H] -> [H]ONC1C([H])([H])[C@]23C([H])([H])[C@]([H])(C2([H])[H])[C@@]13[H]
2025-10-12 11:22:31,516 - WARNING - training_file - 跳过无法处理的分子对: [H]O/N=C(/C([H])([H])C([H])([H])C([H])([H])[H])C([H])(C([H])([H])[H])C([H])([H])[H] -> [H]ONC1C([H])([H])[C@]23C([H])([H])[C@]([H])(C2([H])[H])[C@@]13[H]
2025-10-12 11:22:31,517 - WARNING - training_console - 跳过无法处理的分子对: [H]O/N=C(/C([H])([H])C([H])([H])C([H])([H])[H])C([H])(C([H])([H])[H])C([H])([H])[H] -> [H]ONC1C([H])([H])[C@]23C([H])([H])[C@]([H])(C2([H])[H])[C@@]13[H]
2025-10-12 11:22:32,309 - WARNING - training_file - 跳过无法处理的分子对: [H]ON=C(C([H])(C([H])([H])[H])C([H])([H])[H])C([H])(C([H])([H])[H])C([H])([H])[H] -> [H]ONC1C([H])([H])[C@]23C([H])([H])[C@]([H])(C2([H])[H])[C@@]13[H]
2025-10-12 11:22:32,309 - WARNING - training_console - 跳过无法处理的分子对: [H]ON=C(C([H])(C([H])([H])[H])C([H])([H])[H])C([H])(C([H])([H])[H])C([H])([H])[H] -> [H]ONC1C([H])([H])[C@]23C([H])([H])[C@]([H])(C2([H])[H])[C@@]13[H]
2025-10-12 11:22:33,213 - WARNING - training_file - 跳过无法处理的分子对: [H]O/N=C(\C([H])([H])[H])C1(C([H])([H])[H])C([H])([H])C([H])([H])C1([H])[H] -> [H]ONC1C([H])([H])[C@]23C([H])([H])[C@]([H])(C2([H])[H])[C@@]13[H]
2025-10-12 11:22:33,213 - WARNING - training_console - 跳过无法处理的分子对: [H]O/N=C(\C([H])([H])[H])C1(C([H])([H])[H])C([H])([H])C([H])([H])C1([H])[H] -> [H]ONC1C([H])([H])[C@]23C([H])([H])[C@]([H])(C2([H])[H])[C@@]13[H]
2025-10-12 11:22:33,973 - WARNING - training_file - 跳过无法处理的分子对: [H]ON[C@H]1C([H])([H])[C@]([H])(C([H])(C([H])([H])[H])C([H])([H])[H])C1([H])[H] -> [H]ONC1C([H])([H])[C@]23C([H])([H])[C@]([H])(C2([H])[H])[C@@]13[H]
2025-10-12 11:22:33,974 - WARNING - training_console - 跳过无法处理的分子对: [H]ON[C@H]1C([H])([H])[C@]([H])(C([H])(C([H])([H])[H])C([H])([H])[H])C1([H])[H] -> [H]ONC1C([H])([H])[C@]23C([H])([H])[C@]([H])(C2([H])[H])[C@@]13[H]
2025-10-12 11:22:34,703 - WARNING - training_file - 跳过无法处理的分子对: [H]O/N=C(\C([H])([H])[H])[C@]1([H])C([H])([H])[C@@]([H])(C([H])([H])[H])C1([H])[H] -> [H]ONC1C([H])([H])[C@]23C([H])([H])[C@]([H])(C2([H])[H])[C@@]13[H]
2025-10-12 11:22:34,703 - WARNING - training_console - 跳过无法处理的分子对: [H]O/N=C(\C([H])([H])[H])[C@]1([H])C([H])([H])[C@@]([H])(C([H])([H])[H])C1([H])[H] -> [H]ONC1C([H])([H])[C@]23C([H])([H])[C@]([H])(C2([H])[H])[C@@]13[H]
2025-10-12 11:22:35,454 - WARNING - training_file - 跳过无法处理的分子对: [H]ONC1C([H])=C(C([H])([H])[H])C([H])([H])C([H])([H])C1([H])[H] -> [H]ONC1C([H])([H])[C@]23C([H])([H])[C@]([H])(C2([H])[H])[C@@]13[H]
2025-10-12 11:22:35,454 - WARNING - training_console - 跳过无法处理的分子对: [H]ONC1C([H])=C(C([H])([H])[H])C([H])([H])C([H])([H])C1([H])[H] -> [H]ONC1C([H])([H])[C@]23C([H])([H])[C@]([H])(C2([H])[H])[C@@]13[H]
2025-10-12 11:22:36,198 - WARNING - training_file - 跳过无法处理的分子对: [H]ONC1C([H])([H])C(C([H])([H])[H])=C([H])C([H])([H])C1([H])[H] -> [H]ONC1C([H])([H])[C@]23C([H])([H])[C@]([H])(C2([H])[H])[C@@]13[H]
2025-10-12 11:22:36,198 - WARNING - training_console - 跳过无法处理的分子对: [H]ONC1C([H])([H])C(C([H])([H])[H])=C([H])C([H])([H])C1([H])[H] -> [H]ONC1C([H])([H])[C@]23C([H])([H])[C@]([H])(C2([H])[H])[C@@]13[H]
2025-10-12 11:22:36,970 - WARNING - training_file - 跳过无法处理的分子对: [H]ONC1C([H])([H])C([H])([H])C([H])([H])[C@]([H])(C([H])([H])[H])C1([H])[H] -> [H]ONC1C([H])([H])[C@]23C([H])([H])[C@]([H])(C2([H])[H])[C@@]13[H]
2025-10-12 11:22:36,971 - WARNING - training_console - 跳过无法处理的分子对: [H]ONC1C([H])([H])C([H])([H])C([H])([H])[C@]([H])(C([H])([H])[H])C1([H])[H] -> [H]ONC1C([H])([H])[C@]23C([H])([H])[C@]([H])(C2([H])[H])[C@@]13[H]
2025-10-12 11:22:37,728 - WARNING - training_file - 跳过无法处理的分子对: [H]ONC1C([H])([H])C(C([H])([H])[H])=C(C([H])([H])[H])C1([H])[H] -> [H]ONC1C([H])([H])[C@]23C([H])([H])[C@]([H])(C2([H])[H])[C@@]13[H]
2025-10-12 11:22:37,728 - WARNING - training_console - 跳过无法处理的分子对: [H]ONC1C([H])([H])C(C([H])([H])[H])=C(C([H])([H])[H])C1([H])[H] -> [H]ONC1C([H])([H])[C@]23C([H])([H])[C@]([H])(C2([H])[H])[C@@]13[H]
2025-10-12 11:22:38,483 - WARNING - training_file - 跳过无法处理的分子对: [H]ONC1C([H])([H])C(C([H])([H])[H])=C([H])[C@]1([H])C([H])([H])[H] -> [H]ONC1C([H])([H])[C@]23C([H])([H])[C@]([H])(C2([H])[H])[C@@]13[H]
2025-10-12 11:22:38,483 - WARNING - training_console - 跳过无法处理的分子对: [H]ONC1C([H])([H])C(C([H])([H])[H])=C([H])[C@]1([H])C([H])([H])[H] -> [H]ONC1C([H])([H])[C@]23C([H])([H])[C@]([H])(C2([H])[H])[C@@]13[H]
2025-10-12 11:22:38,979 - WARNING - training_file - 跳过无法处理的分子对: [H][N-]C1O[C@]([H])(C([H])([H])[H])C(NO[H])C1([H])[H] -> [H]ONC1C([H])([H])[C@]23C([H])([H])[N@@H+](C2([H])[H])[C@@]13[H]
2025-10-12 11:22:38,979 - WARNING - training_console - 跳过无法处理的分子对: [H][N-]C1O[C@]([H])(C([H])([H])[H])C(NO[H])C1([H])[H] -> [H]ONC1C([H])([H])[C@]23C([H])([H])[N@@H+](C2([H])[H])[C@@]13[H]
2025-10-12 11:22:39,745 - WARNING - training_file - 跳过无法处理的分子对: [H]ONC1C([H])([H])[C@]2([H])C([H])([H])[C@@]1(C([H])([H])[H])C2([H])[H] -> [H]ONC1C([H])([H])[C@]23C([H])([H])[C@]([H])(C2([H])[H])[C@@]13[H]
2025-10-12 11:22:39,745 - WARNING - training_console - 跳过无法处理的分子对: [H]ONC1C([H])([H])[C@]2([H])C([H])([H])[C@@]1(C([H])([H])[H])C2([H])[H] -> [H]ONC1C([H])([H])[C@]23C([H])([H])[C@]([H])(C2([H])[H])[C@@]13[H]
2025-10-12 11:22:40,503 - WARNING - training_file - 跳过无法处理的分子对: [H]O/N=C(\C([H])([H])[H])C([H])([H])C1([H])C([H])([H])C([H])([H])C1([H])[H] -> [H]ONC1C([H])([H])[C@]23C([H])([H])[C@]([H])(C2([H])[H])[C@@]13[H]
2025-10-12 11:22:40,503 - WARNING - training_console - 跳过无法处理的分子对: [H]O/N=C(\C([H])([H])[H])C([H])([H])C1([H])C([H])([H])C([H])([H])C1([H])[H] -> [H]ONC1C([H])([H])[C@]23C([H])([H])[C@]([H])(C2([H])[H])[C@@]13[H]
2025-10-12 11:22:41,237 - WARNING - training_file - 跳过无法处理的分子对: [H]C#CC([H])([H])[C@]1([H])C([H])([H])[C@@H](NO[H])C1([H])[H] -> [H]ONC1C([H])([H])[C@]23C([H])([H])[C@]([H])(C2([H])[H])[C@@]13[H]
2025-10-12 11:22:41,237 - WARNING - training_console - 跳过无法处理的分子对: [H]C#CC([H])([H])[C@]1([H])C([H])([H])[C@@H](NO[H])C1([H])[H] -> [H]ONC1C([H])([H])[C@]23C([H])([H])[C@]([H])(C2([H])[H])[C@@]13[H]
2025-10-12 11:22:41,998 - WARNING - training_file - 跳过无法处理的分子对: [H]ON[C@H]1C([H])([H])[C@]([H])(C#CC([H])([H])[H])C1([H])[H] -> [H]ONC1C([H])([H])[C@]23C([H])([H])[C@]([H])(C2([H])[H])[C@@]13[H]
2025-10-12 11:22:41,998 - WARNING - training_console - 跳过无法处理的分子对: [H]ON[C@H]1C([H])([H])[C@]([H])(C#CC([H])([H])[H])C1([H])[H] -> [H]ONC1C([H])([H])[C@]23C([H])([H])[C@]([H])(C2([H])[H])[C@@]13[H]
2025-10-12 11:22:42,751 - WARNING - training_file - 跳过无法处理的分子对: [H]ON[C@H]1C([H])([H])[C@]([H])(C([H])([H])C([H])([H])C([H])([H])[H])C1([H])[H] -> [H]ONC1C([H])([H])[C@]23C([H])([H])[C@]([H])(C2([H])[H])[C@@]13[H]
2025-10-12 11:22:42,751 - WARNING - training_console - 跳过无法处理的分子对: [H]ON[C@H]1C([H])([H])[C@]([H])(C([H])([H])C([H])([H])C([H])([H])[H])C1([H])[H] -> [H]ONC1C([H])([H])[C@]23C([H])([H])[C@]([H])(C2([H])[H])[C@@]13[H]
2025-10-12 11:22:43,503 - WARNING - training_file - 跳过无法处理的分子对: [H]ONC1C([H])([H])C2(C1([H])[H])C([H])([H])C([H])([H])C2([H])[H] -> [H]ONC1C([H])([H])[C@]23C([H])([H])[C@]([H])(C2([H])[H])[C@@]13[H]
2025-10-12 11:22:43,504 - WARNING - training_console - 跳过无法处理的分子对: [H]ONC1C([H])([H])C2(C1([H])[H])C([H])([H])C([H])([H])C2([H])[H] -> [H]ONC1C([H])([H])[C@]23C([H])([H])[C@]([H])(C2([H])[H])[C@@]13[H]
2025-10-12 11:22:43,536 - INFO - training_file - 分子处理统计: 总数=60000, 命中=59967, 未命中=33, 命中率=99.94%
2025-10-12 11:22:43,536 - INFO - training_console - 分子处理统计: 总数=60000, 命中=59967, 未命中=33, 命中率=99.94%
2025-10-12 11:22:43,567 - INFO - training_file - 训练集样本示例 (头部数据):
2025-10-12 11:22:43,567 - INFO - training_console - 训练集样本示例 (头部数据):
2025-10-12 11:22:43,567 - INFO - training_file -   样本 1:
2025-10-12 11:22:43,567 - INFO - training_console -   样本 1:
2025-10-12 11:22:43,567 - INFO - training_file -     起始分子节点数: 5
2025-10-12 11:22:43,567 - INFO - training_console -     起始分子节点数: 5
2025-10-12 11:22:43,567 - INFO - training_file -     起始分子边数: 8
2025-10-12 11:22:43,567 - INFO - training_console -     起始分子边数: 8
2025-10-12 11:22:43,567 - INFO - training_file -     目标分子节点数: 8
2025-10-12 11:22:43,567 - INFO - training_console -     目标分子节点数: 8
2025-10-12 11:22:43,567 - INFO - training_file -     目标分子边数: 14
2025-10-12 11:22:43,567 - INFO - training_console -     目标分子边数: 14
2025-10-12 11:22:43,567 - INFO - training_file -     边特征: [1.0, 0.0, 0.0, 0.0, 0.0, 1.0, 0.0, 0.0, 0.0, 0.0, 0.0]
2025-10-12 11:22:43,567 - INFO - training_console -     边特征: [1.0, 0.0, 0.0, 0.0, 0.0, 1.0, 0.0, 0.0, 0.0, 0.0, 0.0]
2025-10-12 11:22:43,568 - INFO - training_file -     目标属性值: 0.0235179141163826
2025-10-12 11:22:43,568 - INFO - training_console -     目标属性值: 0.0235179141163826
2025-10-12 11:22:43,568 - INFO - training_file -   样本 2:
2025-10-12 11:22:43,568 - INFO - training_console -   样本 2:
2025-10-12 11:22:43,568 - INFO - training_file -     起始分子节点数: 3
2025-10-12 11:22:43,568 - INFO - training_console -     起始分子节点数: 3
2025-10-12 11:22:43,568 - INFO - training_file -     起始分子边数: 4
2025-10-12 11:22:43,568 - INFO - training_console -     起始分子边数: 4
2025-10-12 11:22:43,568 - INFO - training_file -     目标分子节点数: 6
2025-10-12 11:22:43,568 - INFO - training_console -     目标分子节点数: 6
2025-10-12 11:22:43,568 - INFO - training_file -     目标分子边数: 10
2025-10-12 11:22:43,568 - INFO - training_console -     目标分子边数: 10
2025-10-12 11:22:43,568 - INFO - training_file -     边特征: [1.0, 0.0, 0.0, 0.0, 0.0, 1.0, 0.0, 0.0, 0.0, 0.0, 0.0]
2025-10-12 11:22:43,568 - INFO - training_console -     边特征: [1.0, 0.0, 0.0, 0.0, 0.0, 1.0, 0.0, 0.0, 0.0, 0.0, 0.0]
2025-10-12 11:22:43,568 - INFO - training_file -     目标属性值: -0.273184210062027
2025-10-12 11:22:43,568 - INFO - training_console -     目标属性值: -0.273184210062027
2025-10-12 11:22:43,568 - INFO - training_file -   样本 3:
2025-10-12 11:22:43,568 - INFO - training_console -   样本 3:
2025-10-12 11:22:43,568 - INFO - training_file -     起始分子节点数: 4
2025-10-12 11:22:43,568 - INFO - training_console -     起始分子节点数: 4
2025-10-12 11:22:43,568 - INFO - training_file -     起始分子边数: 6
2025-10-12 11:22:43,568 - INFO - training_console -     起始分子边数: 6
2025-10-12 11:22:43,568 - INFO - training_file -     目标分子节点数: 11
2025-10-12 11:22:43,568 - INFO - training_console -     目标分子节点数: 11
2025-10-12 11:22:43,568 - INFO - training_file -     目标分子边数: 20
2025-10-12 11:22:43,568 - INFO - training_console -     目标分子边数: 20
2025-10-12 11:22:43,568 - INFO - training_file -     边特征: [1.0, 0.0, 0.0, 0.0, 0.0, 0.0, 1.0, 0.0, 0.0, 0.0, 0.0]
2025-10-12 11:22:43,568 - INFO - training_console -     边特征: [1.0, 0.0, 0.0, 0.0, 0.0, 0.0, 1.0, 0.0, 0.0, 0.0, 0.0]
2025-10-12 11:22:43,568 - INFO - training_file -     目标属性值: 0.07796955853700638
2025-10-12 11:22:43,568 - INFO - training_console -     目标属性值: 0.07796955853700638
2025-10-12 11:22:43,568 - INFO - training_file - 数据构建完成:
2025-10-12 11:22:43,568 - INFO - training_console - 数据构建完成:
2025-10-12 11:22:43,569 - INFO - training_file -   - 样本数: 29967
2025-10-12 11:22:43,569 - INFO - training_console -   - 样本数: 29967
2025-10-12 11:22:43,569 - INFO - training_file -   - 节点特征维度: 11
2025-10-12 11:22:43,569 - INFO - training_console -   - 节点特征维度: 11
2025-10-12 11:22:43,569 - INFO - training_file -   - 边特征维度: 11
2025-10-12 11:22:43,569 - INFO - training_console -   - 边特征维度: 11
2025-10-12 11:22:43,569 - INFO - training_file -   - 目标属性变化维度: 1
2025-10-12 11:22:43,569 - INFO - training_console -   - 目标属性变化维度: 1
2025-10-12 11:22:43,571 - INFO - training_file - 数据集划分完成:
2025-10-12 11:22:43,571 - INFO - training_console - 数据集划分完成:
2025-10-12 11:22:43,571 - INFO - training_file -   - 训练集: 23973 (80.0%)
2025-10-12 11:22:43,571 - INFO - training_console -   - 训练集: 23973 (80.0%)
2025-10-12 11:22:43,571 - INFO - training_file -   - 验证集: 2996 (10.0%)
2025-10-12 11:22:43,571 - INFO - training_console -   - 验证集: 2996 (10.0%)
2025-10-12 11:22:43,571 - INFO - training_file -   - 测试集: 2998 (10.0%)
2025-10-12 11:22:43,571 - INFO - training_console -   - 测试集: 2998 (10.0%)
2025-10-12 11:22:43,640 - INFO - training_file - 正在创建模型...
2025-10-12 11:22:43,640 - INFO - training_console - 正在创建模型...
2025-10-12 11:22:43,640 - INFO - training_file - 模型参数数量: 980993
2025-10-12 11:22:43,640 - INFO - training_console - 模型参数数量: 980993
2025-10-12 11:22:43,640 - INFO - training_file - 使用设备: cuda
2025-10-12 11:22:43,640 - INFO - training_console - 使用设备: cuda
2025-10-12 11:23:05,210 - INFO - training_file - Epoch [10/200], Train Loss: 0.593998, Val Loss: 0.595598, R²: 0.2564, MAE: 0.5956
2025-10-12 11:23:26,012 - INFO - training_file - Epoch [20/200], Train Loss: 0.563711, Val Loss: 0.576105, R²: 0.2953, MAE: 0.5761
2025-10-12 11:23:46,765 - INFO - training_file - Epoch [30/200], Train Loss: 0.543715, Val Loss: 0.544188, R²: 0.3460, MAE: 0.5442
2025-10-12 11:24:07,706 - INFO - training_file - Epoch [40/200], Train Loss: 0.521284, Val Loss: 0.529879, R²: 0.3669, MAE: 0.5299
2025-10-12 11:24:28,557 - INFO - training_file - Epoch [50/200], Train Loss: 0.518424, Val Loss: 0.518866, R²: 0.3767, MAE: 0.5189
2025-10-12 11:24:49,275 - INFO - training_file - Epoch [60/200], Train Loss: 0.501262, Val Loss: 0.506415, R²: 0.3926, MAE: 0.5064
2025-10-12 11:25:10,148 - INFO - training_file - Epoch [70/200], Train Loss: 0.520334, Val Loss: 0.510764, R²: 0.3931, MAE: 0.5108
2025-10-12 11:25:31,156 - INFO - training_file - Epoch [80/200], Train Loss: 0.503760, Val Loss: 0.508515, R²: 0.3965, MAE: 0.5085
2025-10-12 11:25:51,969 - INFO - training_file - Epoch [90/200], Train Loss: 0.505604, Val Loss: 0.498222, R²: 0.4017, MAE: 0.4982
2025-10-12 11:26:10,758 - INFO - training_file - 已保存checkpoint: /home/data2/rhj/project/mol_editor/mol_evo/../mol_evo/output/v0/gcn/train-mu_change-30000-200-20251012_112214/checkpoint_epoch_100.pth
2025-10-12 11:26:10,758 - INFO - training_console - 已保存checkpoint: /home/data2/rhj/project/mol_editor/mol_evo/../mol_evo/output/v0/gcn/train-mu_change-30000-200-20251012_112214/checkpoint_epoch_100.pth
2025-10-12 11:26:10,946 - INFO - training_file - Epoch [100/200], Train Loss: 0.486379, Val Loss: 0.494872, R²: 0.4035, MAE: 0.4949
2025-10-12 11:26:30,553 - INFO - training_file - Epoch [110/200], Train Loss: 0.491385, Val Loss: 0.489976, R²: 0.4128, MAE: 0.4900
2025-10-12 11:26:51,480 - INFO - training_file - Epoch [120/200], Train Loss: 0.479370, Val Loss: 0.496390, R²: 0.4086, MAE: 0.4964
2025-10-12 11:27:12,606 - INFO - training_file - Epoch [130/200], Train Loss: 0.478107, Val Loss: 0.483112, R²: 0.4215, MAE: 0.4831
2025-10-12 11:27:33,586 - INFO - training_file - Epoch [140/200], Train Loss: 0.476954, Val Loss: 0.483090, R²: 0.4183, MAE: 0.4831
2025-10-12 11:27:54,683 - INFO - training_file - Epoch [150/200], Train Loss: 0.473988, Val Loss: 0.488675, R²: 0.4217, MAE: 0.4887
2025-10-12 11:28:15,922 - INFO - training_file - Epoch [160/200], Train Loss: 0.472631, Val Loss: 0.484082, R²: 0.4251, MAE: 0.4841
2025-10-12 11:28:36,620 - INFO - training_file - Epoch [170/200], Train Loss: 0.474652, Val Loss: 0.485994, R²: 0.4257, MAE: 0.4860
2025-10-12 11:28:57,871 - INFO - training_file - Epoch [180/200], Train Loss: 0.469956, Val Loss: 0.481327, R²: 0.4264, MAE: 0.4813
2025-10-12 11:29:18,648 - INFO - training_file - Epoch [190/200], Train Loss: 0.468565, Val Loss: 0.473683, R²: 0.4327, MAE: 0.4737
2025-10-12 11:29:39,592 - INFO - training_file - 已保存checkpoint: /home/data2/rhj/project/mol_editor/mol_evo/../mol_evo/output/v0/gcn/train-mu_change-30000-200-20251012_112214/checkpoint_epoch_200.pth
2025-10-12 11:29:39,592 - INFO - training_console - 已保存checkpoint: /home/data2/rhj/project/mol_editor/mol_evo/../mol_evo/output/v0/gcn/train-mu_change-30000-200-20251012_112214/checkpoint_epoch_200.pth
2025-10-12 11:29:39,793 - INFO - training_file - Epoch [200/200], Train Loss: 0.477629, Val Loss: 0.479459, R²: 0.4315, MAE: 0.4795
2025-10-12 11:29:39,794 - INFO - training_file - 开始训练 (200 轮)...
2025-10-12 11:29:39,794 - INFO - training_console - 开始训练 (200 轮)...
2025-10-12 11:29:41,033 - INFO - training_file - ============================================================
2025-10-12 11:29:41,033 - INFO - training_console - ============================================================
2025-10-12 11:29:41,033 - INFO - training_file - 训练完成 - 最终评估结果
2025-10-12 11:29:41,033 - INFO - training_console - 训练完成 - 最终评估结果
2025-10-12 11:29:41,033 - INFO - training_file - ============================================================
2025-10-12 11:29:41,033 - INFO - training_console - ============================================================
2025-10-12 11:29:41,033 - INFO - training_file - 测试集损失: 0.462605
2025-10-12 11:29:41,033 - INFO - training_console - 测试集损失: 0.462605
2025-10-12 11:29:41,033 - INFO - training_file - RMSE: 0.725383
2025-10-12 11:29:41,033 - INFO - training_console - RMSE: 0.725383
2025-10-12 11:29:41,033 - INFO - training_file - MAE: 0.462605
2025-10-12 11:29:41,033 - INFO - training_console - MAE: 0.462605
2025-10-12 11:29:41,033 - INFO - training_file - R²: 0.423775
2025-10-12 11:29:41,033 - INFO - training_console - R²: 0.423775
2025-10-12 11:29:41,033 - INFO - training_file - 
2025-10-12 11:29:41,033 - INFO - training_console - 
2025-10-12 11:29:41,033 - INFO - training_file - 阈值准确率:
2025-10-12 11:29:41,033 - INFO - training_console - 阈值准确率:
2025-10-12 11:29:41,033 - INFO - training_file -   阈值 0.4: 63.81%
2025-10-12 11:29:41,033 - INFO - training_console -   阈值 0.4: 63.81%
2025-10-12 11:29:41,033 - INFO - training_file -   阈值 0.3: 57.00%
2025-10-12 11:29:41,034 - INFO - training_console -   阈值 0.3: 57.00%
2025-10-12 11:29:41,034 - INFO - training_file -   阈值 0.2: 43.73%
2025-10-12 11:29:41,034 - INFO - training_console -   阈值 0.2: 43.73%
2025-10-12 11:29:41,034 - INFO - training_file -   阈值 0.1: 25.22%
2025-10-12 11:29:41,034 - INFO - training_console -   阈值 0.1: 25.22%
2025-10-12 11:29:41,034 - INFO - training_file -   阈值 0.05: 13.24%
2025-10-12 11:29:41,034 - INFO - training_console -   阈值 0.05: 13.24%
2025-10-12 11:29:41,034 - INFO - training_file - 
2025-10-12 11:29:41,034 - INFO - training_console - 
2025-10-12 11:29:41,034 - INFO - training_file - 模型已保存至: /home/data2/rhj/project/mol_editor/mol_evo/../mol_evo/output/v0/gcn/train-mu_change-30000-200-20251012_112214/molecule_evolution_gcn_v0_mu_predictor.pth
2025-10-12 11:29:41,034 - INFO - training_console - 模型已保存至: /home/data2/rhj/project/mol_editor/mol_evo/../mol_evo/output/v0/gcn/train-mu_change-30000-200-20251012_112214/molecule_evolution_gcn_v0_mu_predictor.pth
2025-10-12 11:29:41,034 - INFO - training_file - 
2025-10-12 11:29:41,034 - INFO - training_console - 
2025-10-12 11:29:41,034 - INFO - training_file - 训练过程总结:
2025-10-12 11:29:41,034 - INFO - training_console - 训练过程总结:
2025-10-12 11:29:41,034 - INFO - training_file -   最佳训练损失: 0.468328
2025-10-12 11:29:41,034 - INFO - training_console -   最佳训练损失: 0.468328
2025-10-12 11:29:41,034 - INFO - training_file -   最佳验证损失: 0.472850
2025-10-12 11:29:41,034 - INFO - training_console -   最佳验证损失: 0.472850
2025-10-12 11:29:41,034 - INFO - training_file - 
2025-10-12 11:29:41,034 - INFO - training_console - 
2025-10-12 11:29:41,034 - INFO - training_file - 训练完成:
2025-10-12 11:29:41,034 - INFO - training_console - 训练完成:
2025-10-12 11:29:41,034 - INFO - training_file -   - 最终训练损失: 0.477629
2025-10-12 11:29:41,034 - INFO - training_console -   - 最终训练损失: 0.477629
2025-10-12 11:29:41,034 - INFO - training_file -   - 最佳验证损失: 0.472850
2025-10-12 11:29:41,034 - INFO - training_console -   - 最佳验证损失: 0.472850
2025-10-12 11:29:41,034 - INFO - training_file -   - 测试损失 (MSE): 0.462605
2025-10-12 11:29:41,034 - INFO - training_console -   - 测试损失 (MSE): 0.462605
2025-10-12 11:29:41,034 - INFO - training_file -   - 测试RMSE: 0.725383
2025-10-12 11:29:41,034 - INFO - training_console -   - 测试RMSE: 0.725383
2025-10-12 11:29:41,034 - INFO - training_file -   - 测试MAE: 0.462605
2025-10-12 11:29:41,035 - INFO - training_console -   - 测试MAE: 0.462605
2025-10-12 11:29:41,035 - INFO - training_file -   - 测试R²: 0.423775
2025-10-12 11:29:41,035 - INFO - training_console -   - 测试R²: 0.423775
2025-10-12 11:29:41,035 - INFO - training_file -   - 测试阈值准确率 (0.4): 0.6381
2025-10-12 11:29:41,035 - INFO - training_console -   - 测试阈值准确率 (0.4): 0.6381
2025-10-12 11:29:41,035 - INFO - training_file -   - 测试阈值准确率 (0.3): 0.5700
2025-10-12 11:29:41,035 - INFO - training_console -   - 测试阈值准确率 (0.3): 0.5700
2025-10-12 11:29:41,035 - INFO - training_file -   - 测试阈值准确率 (0.2): 0.4373
2025-10-12 11:29:41,035 - INFO - training_console -   - 测试阈值准确率 (0.2): 0.4373
2025-10-12 11:29:41,035 - INFO - training_file -   - 测试阈值准确率 (0.1): 0.2522
2025-10-12 11:29:41,035 - INFO - training_console -   - 测试阈值准确率 (0.1): 0.2522
2025-10-12 11:29:41,035 - INFO - training_file -   - 测试阈值准确率 (0.05): 0.1324
2025-10-12 11:29:41,035 - INFO - training_console -   - 测试阈值准确率 (0.05): 0.1324
2025-10-12 11:29:41,035 - INFO - training_file -   - 模型已保存到: /home/data2/rhj/project/mol_editor/mol_evo/../mol_evo/output/v0/gcn/train-mu_change-30000-200-20251012_112214/molecule_evolution_gcn_v0_mu_predictor.pth
2025-10-12 11:29:41,035 - INFO - training_console -   - 模型已保存到: /home/data2/rhj/project/mol_editor/mol_evo/../mol_evo/output/v0/gcn/train-mu_change-30000-200-20251012_112214/molecule_evolution_gcn_v0_mu_predictor.pth
