2025-10-10 14:13:45,457 - INFO - training_file - ============================================================
2025-10-10 14:13:45,457 - INFO - training_console - ============================================================
2025-10-10 14:13:45,457 - INFO - training_file - 基于NNConv的分子进化预测器模型训练开始
2025-10-10 14:13:45,457 - INFO - training_console - 基于NNConv的分子进化预测器模型训练开始
2025-10-10 14:13:45,457 - INFO - training_file - ============================================================
2025-10-10 14:13:45,457 - INFO - training_console - ============================================================
2025-10-10 14:13:45,457 - INFO - training_file - 数据文件: mol_evo/dataset/data/qm9-evo-pairs-step-1-with-properties.csv
2025-10-10 14:13:45,457 - INFO - training_console - 数据文件: mol_evo/dataset/data/qm9-evo-pairs-step-1-with-properties.csv
2025-10-10 14:13:45,457 - INFO - training_file - 最大对数: 5000
2025-10-10 14:13:45,457 - INFO - training_console - 最大对数: 5000
2025-10-10 14:13:45,457 - INFO - training_file - 训练轮数: 1000
2025-10-10 14:13:45,457 - INFO - training_console - 训练轮数: 1000
2025-10-10 14:13:45,457 - INFO - training_file - 正在构建图数据: mol_evo/dataset/data/qm9-evo-pairs-step-1-with-properties.csv
2025-10-10 14:13:45,457 - INFO - training_console - 正在构建图数据: mol_evo/dataset/data/qm9-evo-pairs-step-1-with-properties.csv
2025-10-10 14:13:46,386 - INFO - training_file - 加载缓存文件: /home/data2/rhj/project/mol_editor/mol_evo/core/utils/../../.cache/molecule_graphs/training_dataset.pt，包含 1377 个分子
2025-10-10 14:13:46,386 - INFO - training_console - 加载缓存文件: /home/data2/rhj/project/mol_editor/mol_evo/core/utils/../../.cache/molecule_graphs/training_dataset.pt，包含 1377 个分子
2025-10-10 14:13:46,926 - INFO - training_file - 分子处理统计: 总数=10000, 命中=10000, 未命中=0, 命中率=100.00%
2025-10-10 14:13:46,926 - INFO - training_console - 分子处理统计: 总数=10000, 命中=10000, 未命中=0, 命中率=100.00%
2025-10-10 14:13:46,933 - INFO - training_file - 训练集样本示例 (头部数据):
2025-10-10 14:13:46,933 - INFO - training_console - 训练集样本示例 (头部数据):
2025-10-10 14:13:46,933 - INFO - training_file -   样本 1:
2025-10-10 14:13:46,933 - INFO - training_console -   样本 1:
2025-10-10 14:13:46,934 - INFO - training_file -     起始分子节点数: 5
2025-10-10 14:13:46,934 - INFO - training_console -     起始分子节点数: 5
2025-10-10 14:13:46,934 - INFO - training_file -     起始分子边数: 8
2025-10-10 14:13:46,934 - INFO - training_console -     起始分子边数: 8
2025-10-10 14:13:46,934 - INFO - training_file -     目标分子节点数: 8
2025-10-10 14:13:46,934 - INFO - training_console -     目标分子节点数: 8
2025-10-10 14:13:46,934 - INFO - training_file -     目标分子边数: 14
2025-10-10 14:13:46,934 - INFO - training_console -     目标分子边数: 14
2025-10-10 14:13:46,934 - INFO - training_file -     边特征: [1.0, 0.0, 0.0, 0.0, 0.0, 1.0, 0.0, 0.0, 0.0, 0.0, 0.0]
2025-10-10 14:13:46,934 - INFO - training_console -     边特征: [1.0, 0.0, 0.0, 0.0, 0.0, 1.0, 0.0, 0.0, 0.0, 0.0, 0.0]
2025-10-10 14:13:46,934 - INFO - training_file -     目标属性值: 0.19528815150260925
2025-10-10 14:13:46,934 - INFO - training_console -     目标属性值: 0.19528815150260925
2025-10-10 14:13:46,934 - INFO - training_file -   样本 2:
2025-10-10 14:13:46,934 - INFO - training_console -   样本 2:
2025-10-10 14:13:46,934 - INFO - training_file -     起始分子节点数: 3
2025-10-10 14:13:46,934 - INFO - training_console -     起始分子节点数: 3
2025-10-10 14:13:46,934 - INFO - training_file -     起始分子边数: 4
2025-10-10 14:13:46,934 - INFO - training_console -     起始分子边数: 4
2025-10-10 14:13:46,934 - INFO - training_file -     目标分子节点数: 6
2025-10-10 14:13:46,934 - INFO - training_console -     目标分子节点数: 6
2025-10-10 14:13:46,934 - INFO - training_file -     目标分子边数: 10
2025-10-10 14:13:46,934 - INFO - training_console -     目标分子边数: 10
2025-10-10 14:13:46,934 - INFO - training_file -     边特征: [1.0, 0.0, 0.0, 0.0, 0.0, 1.0, 0.0, 0.0, 0.0, 0.0, 0.0]
2025-10-10 14:13:46,934 - INFO - training_console -     边特征: [1.0, 0.0, 0.0, 0.0, 0.0, 1.0, 0.0, 0.0, 0.0, 0.0, 0.0]
2025-10-10 14:13:46,934 - INFO - training_file -     目标属性值: -0.15229669213294983
2025-10-10 14:13:46,934 - INFO - training_console -     目标属性值: -0.15229669213294983
2025-10-10 14:13:46,934 - INFO - training_file -   样本 3:
2025-10-10 14:13:46,934 - INFO - training_console -   样本 3:
2025-10-10 14:13:46,935 - INFO - training_file -     起始分子节点数: 4
2025-10-10 14:13:46,935 - INFO - training_console -     起始分子节点数: 4
2025-10-10 14:13:46,935 - INFO - training_file -     起始分子边数: 6
2025-10-10 14:13:46,935 - INFO - training_console -     起始分子边数: 6
2025-10-10 14:13:46,935 - INFO - training_file -     目标分子节点数: 11
2025-10-10 14:13:46,935 - INFO - training_console -     目标分子节点数: 11
2025-10-10 14:13:46,935 - INFO - training_file -     目标分子边数: 20
2025-10-10 14:13:46,935 - INFO - training_console -     目标分子边数: 20
2025-10-10 14:13:46,935 - INFO - training_file -     边特征: [1.0, 0.0, 0.0, 0.0, 0.0, 0.0, 1.0, 0.0, 0.0, 0.0, 0.0]
2025-10-10 14:13:46,935 - INFO - training_console -     边特征: [1.0, 0.0, 0.0, 0.0, 0.0, 0.0, 1.0, 0.0, 0.0, 0.0, 0.0]
2025-10-10 14:13:46,935 - INFO - training_file -     目标属性值: 0.25907793641090393
2025-10-10 14:13:46,935 - INFO - training_console -     目标属性值: 0.25907793641090393
2025-10-10 14:13:46,935 - INFO - training_file - 数据构建完成:
2025-10-10 14:13:46,935 - INFO - training_console - 数据构建完成:
2025-10-10 14:13:46,935 - INFO - training_file -   - 样本数: 5000
2025-10-10 14:13:46,935 - INFO - training_console -   - 样本数: 5000
2025-10-10 14:13:46,935 - INFO - training_file -   - 节点特征维度: 11
2025-10-10 14:13:46,935 - INFO - training_console -   - 节点特征维度: 11
2025-10-10 14:13:46,935 - INFO - training_file -   - 边特征维度: 11
2025-10-10 14:13:46,935 - INFO - training_console -   - 边特征维度: 11
2025-10-10 14:13:46,935 - INFO - training_file -   - 目标属性变化维度: 1
2025-10-10 14:13:46,935 - INFO - training_console -   - 目标属性变化维度: 1
2025-10-10 14:13:46,936 - INFO - training_file - 数据集划分完成:
2025-10-10 14:13:46,936 - INFO - training_console - 数据集划分完成:
2025-10-10 14:13:46,936 - INFO - training_file -   - 训练集: 4000 (80.0%)
2025-10-10 14:13:46,936 - INFO - training_console -   - 训练集: 4000 (80.0%)
2025-10-10 14:13:46,936 - INFO - training_file -   - 验证集: 500 (10.0%)
2025-10-10 14:13:46,936 - INFO - training_console -   - 验证集: 500 (10.0%)
2025-10-10 14:13:46,937 - INFO - training_file -   - 测试集: 500 (10.0%)
2025-10-10 14:13:46,937 - INFO - training_console -   - 测试集: 500 (10.0%)
2025-10-10 14:13:46,978 - INFO - training_file - 正在创建模型...
2025-10-10 14:13:46,978 - INFO - training_console - 正在创建模型...
2025-10-10 14:13:46,978 - INFO - training_file - 模型参数数量: 980993
2025-10-10 14:13:46,978 - INFO - training_console - 模型参数数量: 980993
2025-10-10 14:13:46,978 - INFO - training_file - 使用设备: cuda
2025-10-10 14:13:46,978 - INFO - training_console - 使用设备: cuda
2025-10-10 14:19:17,400 - INFO - training_file - Epoch [10/1000], Train Loss: 0.961281, Val Loss: 0.832341, R²: 0.1379, MAE: 0.6202
2025-10-10 14:24:39,249 - INFO - training_file - Epoch [20/1000], Train Loss: 0.813098, Val Loss: 0.819640, R²: 0.1510, MAE: 0.6226
2025-10-10 14:30:03,226 - INFO - training_file - Epoch [30/1000], Train Loss: 0.740726, Val Loss: 0.731150, R²: 0.2427, MAE: 0.5933
2025-10-10 14:35:26,588 - INFO - training_file - Epoch [40/1000], Train Loss: 0.702619, Val Loss: 0.743400, R²: 0.2300, MAE: 0.5774
2025-10-10 14:40:51,090 - INFO - training_file - Epoch [50/1000], Train Loss: 0.691661, Val Loss: 0.673306, R²: 0.3026, MAE: 0.5494
2025-10-10 14:46:14,416 - INFO - training_file - Epoch [60/1000], Train Loss: 0.683639, Val Loss: 0.645233, R²: 0.3317, MAE: 0.5230
2025-10-10 14:51:37,928 - INFO - training_file - Epoch [70/1000], Train Loss: 0.746221, Val Loss: 0.705177, R²: 0.2696, MAE: 0.5850
2025-10-10 14:57:01,187 - INFO - training_file - Epoch [80/1000], Train Loss: 0.657010, Val Loss: 0.851389, R²: 0.1182, MAE: 0.6777
2025-10-10 15:02:22,681 - INFO - training_file - Epoch [90/1000], Train Loss: 0.687607, Val Loss: 0.781207, R²: 0.1909, MAE: 0.6278
2025-10-10 15:07:43,973 - INFO - training_file - 已保存checkpoint: /home/data2/rhj/project/mol_editor/mol_evo/../mol_evo/model-data/v0/training_20251010_141345/checkpoint_epoch_100.pth
2025-10-10 15:07:43,973 - INFO - training_console - 已保存checkpoint: /home/data2/rhj/project/mol_editor/mol_evo/../mol_evo/model-data/v0/training_20251010_141345/checkpoint_epoch_100.pth
2025-10-10 15:07:45,885 - INFO - training_file - Epoch [100/1000], Train Loss: 0.757604, Val Loss: 0.684693, R²: 0.2908, MAE: 0.5557
2025-10-10 15:13:09,549 - INFO - training_file - Epoch [110/1000], Train Loss: 0.643663, Val Loss: 0.629606, R²: 0.3479, MAE: 0.5196
2025-10-10 15:18:35,852 - INFO - training_file - Epoch [120/1000], Train Loss: 0.640248, Val Loss: 0.635940, R²: 0.3413, MAE: 0.5228
2025-10-10 15:23:59,880 - INFO - training_file - Epoch [130/1000], Train Loss: 0.625524, Val Loss: 0.613078, R²: 0.3650, MAE: 0.5134
2025-10-10 15:29:24,594 - INFO - training_file - Epoch [140/1000], Train Loss: 0.617598, Val Loss: 0.613592, R²: 0.3645, MAE: 0.5135
2025-10-10 15:34:46,140 - INFO - training_file - Epoch [150/1000], Train Loss: 0.607228, Val Loss: 0.601046, R²: 0.3775, MAE: 0.5072
2025-10-10 15:40:07,344 - INFO - training_file - Epoch [160/1000], Train Loss: 0.597779, Val Loss: 0.590947, R²: 0.3879, MAE: 0.5029
2025-10-10 15:45:30,242 - INFO - training_file - Epoch [170/1000], Train Loss: 0.592798, Val Loss: 0.586725, R²: 0.3923, MAE: 0.4993
2025-10-10 15:50:52,731 - INFO - training_file - Epoch [180/1000], Train Loss: 0.584740, Val Loss: 0.597281, R²: 0.3814, MAE: 0.5055
2025-10-10 15:56:14,934 - INFO - training_file - Epoch [190/1000], Train Loss: 0.580960, Val Loss: 0.580889, R²: 0.3983, MAE: 0.4957
2025-10-10 16:01:33,766 - INFO - training_file - 已保存checkpoint: /home/data2/rhj/project/mol_editor/mol_evo/../mol_evo/model-data/v0/training_20251010_141345/checkpoint_epoch_200.pth
2025-10-10 16:01:33,766 - INFO - training_console - 已保存checkpoint: /home/data2/rhj/project/mol_editor/mol_evo/../mol_evo/model-data/v0/training_20251010_141345/checkpoint_epoch_200.pth
2025-10-10 16:01:35,698 - INFO - training_file - Epoch [200/1000], Train Loss: 0.571319, Val Loss: 0.587302, R²: 0.3917, MAE: 0.5004
2025-10-10 16:06:59,008 - INFO - training_file - Epoch [210/1000], Train Loss: 0.564464, Val Loss: 0.621759, R²: 0.3560, MAE: 0.5264
2025-10-10 16:12:24,617 - INFO - training_file - Epoch [220/1000], Train Loss: 0.566543, Val Loss: 0.608467, R²: 0.3698, MAE: 0.5162
2025-10-10 16:17:47,751 - INFO - training_file - Epoch [230/1000], Train Loss: 0.552441, Val Loss: 0.687816, R²: 0.2876, MAE: 0.5769
2025-10-10 16:23:10,129 - INFO - training_file - Epoch [240/1000], Train Loss: 0.594820, Val Loss: 0.648945, R²: 0.3278, MAE: 0.5492
2025-10-10 16:28:34,562 - INFO - training_file - Epoch [250/1000], Train Loss: 0.603383, Val Loss: 0.568734, R²: 0.4109, MAE: 0.4891
2025-10-10 16:33:57,466 - INFO - training_file - Epoch [260/1000], Train Loss: 0.590511, Val Loss: 0.685966, R²: 0.2895, MAE: 0.5701
2025-10-10 16:39:19,594 - INFO - training_file - Epoch [270/1000], Train Loss: 0.561329, Val Loss: 0.566004, R²: 0.4138, MAE: 0.4873
2025-10-10 16:44:41,561 - INFO - training_file - Epoch [280/1000], Train Loss: 0.536983, Val Loss: 0.562799, R²: 0.4171, MAE: 0.4853
2025-10-10 16:50:05,335 - INFO - training_file - Epoch [290/1000], Train Loss: 0.536071, Val Loss: 0.622730, R²: 0.3550, MAE: 0.5294
2025-10-10 16:55:26,651 - INFO - training_file - 已保存checkpoint: /home/data2/rhj/project/mol_editor/mol_evo/../mol_evo/model-data/v0/training_20251010_141345/checkpoint_epoch_300.pth
2025-10-10 16:55:26,651 - INFO - training_console - 已保存checkpoint: /home/data2/rhj/project/mol_editor/mol_evo/../mol_evo/model-data/v0/training_20251010_141345/checkpoint_epoch_300.pth
2025-10-10 16:55:28,584 - INFO - training_file - Epoch [300/1000], Train Loss: 0.549701, Val Loss: 0.552937, R²: 0.4273, MAE: 0.4792
2025-10-10 17:00:52,667 - INFO - training_file - Epoch [310/1000], Train Loss: 0.510729, Val Loss: 0.554771, R²: 0.4254, MAE: 0.4830
2025-10-10 17:06:16,598 - INFO - training_file - Epoch [320/1000], Train Loss: 0.513967, Val Loss: 0.620946, R²: 0.3568, MAE: 0.5194
2025-10-10 17:11:39,478 - INFO - training_file - Epoch [330/1000], Train Loss: 0.527147, Val Loss: 0.547538, R²: 0.4329, MAE: 0.4773
2025-10-10 17:17:02,467 - INFO - training_file - Epoch [340/1000], Train Loss: 0.486561, Val Loss: 0.541274, R²: 0.4394, MAE: 0.4727
2025-10-10 17:22:26,780 - INFO - training_file - Epoch [350/1000], Train Loss: 0.479093, Val Loss: 0.604772, R²: 0.3736, MAE: 0.5115
2025-10-10 17:27:51,318 - INFO - training_file - Epoch [360/1000], Train Loss: 0.499526, Val Loss: 0.524370, R²: 0.4569, MAE: 0.4594
2025-10-10 17:33:16,447 - INFO - training_file - Epoch [370/1000], Train Loss: 0.445331, Val Loss: 0.525891, R²: 0.4553, MAE: 0.4614
2025-10-10 17:38:40,299 - INFO - training_file - Epoch [380/1000], Train Loss: 0.436865, Val Loss: 0.594369, R²: 0.3844, MAE: 0.4942
2025-10-10 17:44:00,566 - INFO - training_file - Epoch [390/1000], Train Loss: 0.463519, Val Loss: 0.505359, R²: 0.4766, MAE: 0.4443
2025-10-10 17:49:16,685 - INFO - training_file - 已保存checkpoint: /home/data2/rhj/project/mol_editor/mol_evo/../mol_evo/model-data/v0/training_20251010_141345/checkpoint_epoch_400.pth
2025-10-10 17:49:16,685 - INFO - training_console - 已保存checkpoint: /home/data2/rhj/project/mol_editor/mol_evo/../mol_evo/model-data/v0/training_20251010_141345/checkpoint_epoch_400.pth
2025-10-10 17:49:18,424 - INFO - training_file - Epoch [400/1000], Train Loss: 0.400548, Val Loss: 0.501381, R²: 0.4807, MAE: 0.4439
2025-10-10 17:54:19,512 - INFO - training_file - Epoch [410/1000], Train Loss: 0.400569, Val Loss: 0.593570, R²: 0.3852, MAE: 0.4889
2025-10-10 17:59:23,136 - INFO - training_file - Epoch [420/1000], Train Loss: 0.422770, Val Loss: 0.475832, R²: 0.5071, MAE: 0.4234
2025-10-10 18:04:24,410 - INFO - training_file - Epoch [430/1000], Train Loss: 0.367990, Val Loss: 0.473219, R²: 0.5099, MAE: 0.4228
2025-10-10 18:09:25,889 - INFO - training_file - Epoch [440/1000], Train Loss: 0.361176, Val Loss: 0.544155, R²: 0.4364, MAE: 0.4628
2025-10-10 18:14:23,702 - INFO - training_file - Epoch [450/1000], Train Loss: 0.391240, Val Loss: 0.445947, R²: 0.5381, MAE: 0.3998
2025-10-10 18:19:20,654 - INFO - training_file - Epoch [460/1000], Train Loss: 0.357532, Val Loss: 0.443053, R²: 0.5411, MAE: 0.4024
2025-10-10 18:24:19,118 - INFO - training_file - Epoch [470/1000], Train Loss: 0.345750, Val Loss: 0.530140, R²: 0.4509, MAE: 0.4554
2025-10-10 18:29:17,154 - INFO - training_file - Epoch [480/1000], Train Loss: 0.375653, Val Loss: 0.428374, R²: 0.5563, MAE: 0.3878
2025-10-10 18:34:16,139 - INFO - training_file - Epoch [490/1000], Train Loss: 0.340502, Val Loss: 0.424663, R²: 0.5601, MAE: 0.3887
2025-10-10 18:39:14,023 - INFO - training_file - 已保存checkpoint: /home/data2/rhj/project/mol_editor/mol_evo/../mol_evo/model-data/v0/training_20251010_141345/checkpoint_epoch_500.pth
2025-10-10 18:39:14,023 - INFO - training_console - 已保存checkpoint: /home/data2/rhj/project/mol_editor/mol_evo/../mol_evo/model-data/v0/training_20251010_141345/checkpoint_epoch_500.pth
2025-10-10 18:39:15,689 - INFO - training_file - Epoch [500/1000], Train Loss: 0.329656, Val Loss: 0.500870, R²: 0.4812, MAE: 0.4402
2025-10-10 18:44:12,568 - INFO - training_file - Epoch [510/1000], Train Loss: 0.371757, Val Loss: 0.416607, R²: 0.5685, MAE: 0.3855
2025-10-10 18:49:10,545 - INFO - training_file - Epoch [520/1000], Train Loss: 0.317640, Val Loss: 0.411271, R²: 0.5740, MAE: 0.3799
2025-10-10 18:54:09,410 - INFO - training_file - Epoch [530/1000], Train Loss: 0.351959, Val Loss: 0.563347, R²: 0.4165, MAE: 0.4872
2025-10-10 18:59:08,505 - INFO - training_file - Epoch [540/1000], Train Loss: 0.368659, Val Loss: 0.401328, R²: 0.5843, MAE: 0.3729
2025-10-10 19:04:06,829 - INFO - training_file - Epoch [550/1000], Train Loss: 0.299236, Val Loss: 0.404264, R²: 0.5813, MAE: 0.3791
2025-10-10 19:09:03,150 - INFO - training_file - Epoch [560/1000], Train Loss: 0.334832, Val Loss: 0.528736, R²: 0.4524, MAE: 0.4632
2025-10-10 19:14:00,373 - INFO - training_file - Epoch [570/1000], Train Loss: 0.327001, Val Loss: 0.380936, R²: 0.6054, MAE: 0.3561
2025-10-10 19:19:00,101 - INFO - training_file - Epoch [580/1000], Train Loss: 0.291708, Val Loss: 0.392786, R²: 0.5932, MAE: 0.3747
2025-10-10 19:23:59,625 - INFO - training_file - Epoch [590/1000], Train Loss: 0.316825, Val Loss: 0.498053, R²: 0.4841, MAE: 0.4483
2025-10-10 19:28:59,347 - INFO - training_file - 已保存checkpoint: /home/data2/rhj/project/mol_editor/mol_evo/../mol_evo/model-data/v0/training_20251010_141345/checkpoint_epoch_600.pth
2025-10-10 19:28:59,348 - INFO - training_console - 已保存checkpoint: /home/data2/rhj/project/mol_editor/mol_evo/../mol_evo/model-data/v0/training_20251010_141345/checkpoint_epoch_600.pth
2025-10-10 19:29:01,064 - INFO - training_file - Epoch [600/1000], Train Loss: 0.320281, Val Loss: 0.373448, R²: 0.6132, MAE: 0.3528
2025-10-10 19:34:00,387 - INFO - training_file - Epoch [610/1000], Train Loss: 0.280599, Val Loss: 0.380718, R²: 0.6057, MAE: 0.3621
2025-10-10 19:39:01,048 - INFO - training_file - Epoch [620/1000], Train Loss: 0.296658, Val Loss: 0.426407, R²: 0.5583, MAE: 0.3894
2025-10-10 19:44:01,513 - INFO - training_file - Epoch [630/1000], Train Loss: 0.271425, Val Loss: 0.353524, R²: 0.6338, MAE: 0.3391
2025-10-10 19:49:01,898 - INFO - training_file - Epoch [640/1000], Train Loss: 0.282084, Val Loss: 0.356373, R²: 0.6309, MAE: 0.3537
2025-10-10 19:54:02,088 - INFO - training_file - Epoch [650/1000], Train Loss: 0.266288, Val Loss: 0.333809, R²: 0.6543, MAE: 0.3271
2025-10-10 19:59:04,375 - INFO - training_file - Epoch [660/1000], Train Loss: 0.247435, Val Loss: 0.324175, R²: 0.6642, MAE: 0.3204
2025-10-10 20:04:09,934 - INFO - training_file - Epoch [670/1000], Train Loss: 0.242103, Val Loss: 0.313868, R²: 0.6749, MAE: 0.3137
2025-10-10 20:09:12,756 - INFO - training_file - Epoch [680/1000], Train Loss: 0.231776, Val Loss: 0.321696, R²: 0.6668, MAE: 0.3264
2025-10-10 20:14:14,522 - INFO - training_file - Epoch [690/1000], Train Loss: 0.232326, Val Loss: 0.305820, R²: 0.6832, MAE: 0.3151
2025-10-10 20:19:15,988 - INFO - training_file - 已保存checkpoint: /home/data2/rhj/project/mol_editor/mol_evo/../mol_evo/model-data/v0/training_20251010_141345/checkpoint_epoch_700.pth
2025-10-10 20:19:15,988 - INFO - training_console - 已保存checkpoint: /home/data2/rhj/project/mol_editor/mol_evo/../mol_evo/model-data/v0/training_20251010_141345/checkpoint_epoch_700.pth
2025-10-10 20:19:17,710 - INFO - training_file - Epoch [700/1000], Train Loss: 0.240774, Val Loss: 0.333727, R²: 0.6543, MAE: 0.3438
2025-10-10 20:24:22,944 - INFO - training_file - Epoch [710/1000], Train Loss: 0.228041, Val Loss: 0.292910, R²: 0.6966, MAE: 0.3028
2025-10-10 20:29:22,489 - INFO - training_file - Epoch [720/1000], Train Loss: 0.228244, Val Loss: 0.317459, R²: 0.6712, MAE: 0.3310
2025-10-10 20:34:21,034 - INFO - training_file - Epoch [730/1000], Train Loss: 0.234184, Val Loss: 0.297921, R²: 0.6914, MAE: 0.3092
2025-10-10 20:39:24,204 - INFO - training_file - Epoch [740/1000], Train Loss: 0.210697, Val Loss: 0.295493, R²: 0.6939, MAE: 0.3122
2025-10-10 20:44:29,769 - INFO - training_file - Epoch [750/1000], Train Loss: 0.208363, Val Loss: 0.279747, R²: 0.7102, MAE: 0.2941
2025-10-10 20:49:31,782 - INFO - training_file - Epoch [760/1000], Train Loss: 0.201602, Val Loss: 0.283580, R²: 0.7063, MAE: 0.3046
2025-10-10 20:54:33,489 - INFO - training_file - Epoch [770/1000], Train Loss: 0.199911, Val Loss: 0.271146, R²: 0.7192, MAE: 0.2897
2025-10-10 20:59:33,417 - INFO - training_file - Epoch [780/1000], Train Loss: 0.197843, Val Loss: 0.280987, R²: 0.7090, MAE: 0.3063
2025-10-10 21:04:32,867 - INFO - training_file - Epoch [790/1000], Train Loss: 0.193815, Val Loss: 0.265321, R²: 0.7252, MAE: 0.2868
2025-10-10 21:09:32,066 - INFO - training_file - 已保存checkpoint: /home/data2/rhj/project/mol_editor/mol_evo/../mol_evo/model-data/v0/training_20251010_141345/checkpoint_epoch_800.pth
2025-10-10 21:09:32,066 - INFO - training_console - 已保存checkpoint: /home/data2/rhj/project/mol_editor/mol_evo/../mol_evo/model-data/v0/training_20251010_141345/checkpoint_epoch_800.pth
2025-10-10 21:09:33,749 - INFO - training_file - Epoch [800/1000], Train Loss: 0.190081, Val Loss: 0.271839, R²: 0.7184, MAE: 0.2996
2025-10-10 21:14:33,982 - INFO - training_file - Epoch [810/1000], Train Loss: 0.187669, Val Loss: 0.260005, R²: 0.7307, MAE: 0.2841
2025-10-10 21:19:33,594 - INFO - training_file - Epoch [820/1000], Train Loss: 0.185094, Val Loss: 0.266967, R²: 0.7235, MAE: 0.2977
2025-10-10 21:24:34,409 - INFO - training_file - Epoch [830/1000], Train Loss: 0.182029, Val Loss: 0.254403, R²: 0.7365, MAE: 0.2816
2025-10-10 21:29:34,578 - INFO - training_file - Epoch [840/1000], Train Loss: 0.179941, Val Loss: 0.259982, R²: 0.7307, MAE: 0.2939
2025-10-10 21:34:34,091 - INFO - training_file - Epoch [850/1000], Train Loss: 0.177074, Val Loss: 0.249294, R²: 0.7418, MAE: 0.2790
2025-10-10 21:39:35,078 - INFO - training_file - Epoch [860/1000], Train Loss: 0.177959, Val Loss: 0.260075, R²: 0.7306, MAE: 0.2982
2025-10-10 21:44:34,615 - INFO - training_file - Epoch [870/1000], Train Loss: 0.168309, Val Loss: 0.242185, R²: 0.7492, MAE: 0.2754
2025-10-10 21:49:37,524 - INFO - training_file - Epoch [880/1000], Train Loss: 0.174838, Val Loss: 0.256886, R²: 0.7339, MAE: 0.2993
2025-10-10 21:54:41,201 - INFO - training_file - Epoch [890/1000], Train Loss: 0.163157, Val Loss: 0.237162, R²: 0.7544, MAE: 0.2728
2025-10-10 21:59:49,072 - INFO - training_file - 已保存checkpoint: /home/data2/rhj/project/mol_editor/mol_evo/../mol_evo/model-data/v0/training_20251010_141345/checkpoint_epoch_900.pth
2025-10-10 21:59:49,072 - INFO - training_console - 已保存checkpoint: /home/data2/rhj/project/mol_editor/mol_evo/../mol_evo/model-data/v0/training_20251010_141345/checkpoint_epoch_900.pth
2025-10-10 21:59:50,809 - INFO - training_file - Epoch [900/1000], Train Loss: 0.166725, Val Loss: 0.248069, R²: 0.7431, MAE: 0.2925
2025-10-10 22:04:58,582 - INFO - training_file - Epoch [910/1000], Train Loss: 0.159064, Val Loss: 0.233754, R²: 0.7579, MAE: 0.2702
2025-10-10 22:10:04,808 - INFO - training_file - Epoch [920/1000], Train Loss: 0.159454, Val Loss: 0.241418, R²: 0.7499, MAE: 0.2867
2025-10-10 22:15:08,015 - INFO - training_file - Epoch [930/1000], Train Loss: 0.156316, Val Loss: 0.231348, R²: 0.7604, MAE: 0.2683
2025-10-10 22:20:12,313 - INFO - training_file - Epoch [940/1000], Train Loss: 0.155666, Val Loss: 0.238328, R²: 0.7531, MAE: 0.2846
2025-10-10 22:25:19,565 - INFO - training_file - Epoch [950/1000], Train Loss: 0.150575, Val Loss: 0.227531, R²: 0.7643, MAE: 0.2656
2025-10-10 22:30:24,426 - INFO - training_file - Epoch [960/1000], Train Loss: 0.152526, Val Loss: 0.236008, R²: 0.7556, MAE: 0.2839
2025-10-10 22:35:21,447 - INFO - training_file - Epoch [970/1000], Train Loss: 0.147109, Val Loss: 0.224958, R²: 0.7670, MAE: 0.2640
2025-10-10 22:40:21,279 - INFO - training_file - Epoch [980/1000], Train Loss: 0.148334, Val Loss: 0.232497, R²: 0.7592, MAE: 0.2820
2025-10-10 22:45:16,199 - INFO - training_file - Epoch [990/1000], Train Loss: 0.143591, Val Loss: 0.222721, R²: 0.7693, MAE: 0.2626
2025-10-10 22:50:12,134 - INFO - training_file - 已保存checkpoint: /home/data2/rhj/project/mol_editor/mol_evo/../mol_evo/model-data/v0/training_20251010_141345/checkpoint_epoch_1000.pth
2025-10-10 22:50:12,134 - INFO - training_console - 已保存checkpoint: /home/data2/rhj/project/mol_editor/mol_evo/../mol_evo/model-data/v0/training_20251010_141345/checkpoint_epoch_1000.pth
2025-10-10 22:50:13,808 - INFO - training_file - Epoch [1000/1000], Train Loss: 0.143459, Val Loss: 0.228001, R²: 0.7638, MAE: 0.2780
2025-10-10 22:50:13,808 - INFO - training_file - 开始训练 (1000 轮)...
2025-10-10 22:50:13,808 - INFO - training_console - 开始训练 (1000 轮)...
2025-10-10 22:50:16,384 - INFO - training_file - 训练完成:
2025-10-10 22:50:16,385 - INFO - training_console - 训练完成:
2025-10-10 22:50:16,385 - INFO - training_file -   - 最终训练损失: 0.143459
2025-10-10 22:50:16,385 - INFO - training_console -   - 最终训练损失: 0.143459
2025-10-10 22:50:16,385 - INFO - training_file -   - 最佳验证损失: 0.221935
2025-10-10 22:50:16,385 - INFO - training_console -   - 最佳验证损失: 0.221935
2025-10-10 22:50:16,385 - INFO - training_file -   - 测试损失 (MSE): 0.229043
2025-10-10 22:50:16,385 - INFO - training_console -   - 测试损失 (MSE): 0.229043
2025-10-10 22:50:16,385 - INFO - training_file -   - 测试RMSE: 0.478584
2025-10-10 22:50:16,385 - INFO - training_console -   - 测试RMSE: 0.478584
2025-10-10 22:50:16,385 - INFO - training_file -   - 测试MAE: 0.274119
2025-10-10 22:50:16,385 - INFO - training_console -   - 测试MAE: 0.274119
2025-10-10 22:50:16,385 - INFO - training_file -   - 测试R²: 0.759172
2025-10-10 22:50:16,385 - INFO - training_console -   - 测试R²: 0.759172
2025-10-10 22:50:16,385 - INFO - training_file -   - 测试阈值准确率 (0.4): 0.8180
2025-10-10 22:50:16,385 - INFO - training_console -   - 测试阈值准确率 (0.4): 0.8180
2025-10-10 22:50:16,385 - INFO - training_file -   - 测试阈值准确率 (0.3): 0.7320
2025-10-10 22:50:16,385 - INFO - training_console -   - 测试阈值准确率 (0.3): 0.7320
2025-10-10 22:50:16,385 - INFO - training_file -   - 测试阈值准确率 (0.2): 0.5980
2025-10-10 22:50:16,385 - INFO - training_console -   - 测试阈值准确率 (0.2): 0.5980
2025-10-10 22:50:16,385 - INFO - training_file -   - 测试阈值准确率 (0.1): 0.3980
2025-10-10 22:50:16,385 - INFO - training_console -   - 测试阈值准确率 (0.1): 0.3980
2025-10-10 22:50:16,385 - INFO - training_file -   - 测试阈值准确率 (0.05): 0.1980
2025-10-10 22:50:16,385 - INFO - training_console -   - 测试阈值准确率 (0.05): 0.1980
2025-10-10 22:50:16,385 - INFO - training_file -   - 模型已保存到: /home/data2/rhj/project/mol_editor/mol_evo/../mol_evo/model-data/v0/training_20251010_141345/molecule_evolution_gcn_v0_mu_predictor.pth
2025-10-10 22:50:16,386 - INFO - training_console -   - 模型已保存到: /home/data2/rhj/project/mol_editor/mol_evo/../mol_evo/model-data/v0/training_20251010_141345/molecule_evolution_gcn_v0_mu_predictor.pth
