2025-10-09 00:10:42,543 - training - INFO - ============================================================
2025-10-09 00:10:42,543 - training - INFO - 基于NNConv的分子进化预测器模型训练开始
2025-10-09 00:10:42,543 - training - INFO - ============================================================
2025-10-09 00:10:42,543 - training - INFO - 数据文件: mol_evo/dataset/data/qm9-evo-pairs-step-1-with-properties.csv
2025-10-09 00:10:42,543 - training - INFO - 最大对数: 30000
2025-10-09 00:10:42,543 - training - INFO - 训练轮数: 500
2025-10-09 00:10:50,028 - training - INFO - 正在构建图数据: mol_evo/dataset/data/qm9-evo-pairs-step-1-with-properties.csv
2025-10-09 00:10:50,029 - training - INFO - 数据构建完成:
2025-10-09 00:10:50,029 - training - INFO -   - 节点数: 1987
2025-10-09 00:10:50,029 - training - INFO -   - 边数: 30000
2025-10-09 00:10:50,029 - training - INFO -   - 节点特征维度: 2048
2025-10-09 00:10:50,029 - training - INFO -   - 边特征维度: 11
2025-10-09 00:10:50,029 - training - INFO -   - 目标属性变化维度: 15
2025-10-09 00:10:50,032 - training - INFO - 数据集划分完成:
2025-10-09 00:10:50,032 - training - INFO -   - 训练集: 21000 (70.0%)
2025-10-09 00:10:50,032 - training - INFO -   - 验证集: 3000 (10.0%)
2025-10-09 00:10:50,032 - training - INFO -   - 测试集: 6000 (20.0%)
2025-10-09 00:10:50,243 - training - INFO - 正在创建模型...
2025-10-09 00:10:50,243 - training - INFO - 模型参数数量: 6791951
2025-10-09 00:10:50,243 - training - INFO - 开始训练 (500 轮)...
2025-10-09 00:10:54,166 - training - INFO - Epoch [10/500], Train Loss: 0.755474, Val Loss: 1.150024, R²: 0.1757, MAE: 0.5460
2025-10-09 00:10:57,324 - training - INFO - Epoch [20/500], Train Loss: 0.585810, Val Loss: 1.002527, R²: 0.2814, MAE: 0.4524
2025-10-09 00:11:00,492 - training - INFO - Epoch [30/500], Train Loss: 0.527067, Val Loss: 0.940036, R²: 0.3262, MAE: 0.4016
2025-10-09 00:11:03,659 - training - INFO - Epoch [40/500], Train Loss: 0.489394, Val Loss: 0.906588, R²: 0.3502, MAE: 0.3717
2025-10-09 00:11:06,824 - training - INFO - Epoch [50/500], Train Loss: 0.459740, Val Loss: 0.878117, R²: 0.3706, MAE: 0.3522
2025-10-09 00:11:10,003 - training - INFO - Epoch [60/500], Train Loss: 0.426957, Val Loss: 0.840727, R²: 0.3974, MAE: 0.3297
2025-10-09 00:11:13,180 - training - INFO - Epoch [70/500], Train Loss: 0.374337, Val Loss: 0.785907, R²: 0.4367, MAE: 0.3043
2025-10-09 00:11:16,369 - training - INFO - Epoch [80/500], Train Loss: 0.323867, Val Loss: 0.693861, R²: 0.5027, MAE: 0.2755
2025-10-09 00:11:19,544 - training - INFO - Epoch [90/500], Train Loss: 0.237387, Val Loss: 0.453048, R²: 0.6753, MAE: 0.2758
2025-10-09 00:11:22,722 - training - INFO - Epoch [100/500], Train Loss: 0.189971, Val Loss: 0.390169, R²: 0.7203, MAE: 0.2594
2025-10-09 00:11:25,893 - training - INFO - Epoch [110/500], Train Loss: 0.187431, Val Loss: 0.372317, R²: 0.7331, MAE: 0.2558
2025-10-09 00:11:29,084 - training - INFO - Epoch [120/500], Train Loss: 0.166075, Val Loss: 0.333882, R²: 0.7607, MAE: 0.2428
2025-10-09 00:11:32,265 - training - INFO - Epoch [130/500], Train Loss: 0.150190, Val Loss: 0.366016, R²: 0.7377, MAE: 0.2353
2025-10-09 00:11:35,456 - training - INFO - Epoch [140/500], Train Loss: 0.134841, Val Loss: 0.326226, R²: 0.7662, MAE: 0.2207
2025-10-09 00:11:38,652 - training - INFO - Epoch [150/500], Train Loss: 0.122552, Val Loss: 0.347455, R²: 0.7510, MAE: 0.2114
2025-10-09 00:11:41,845 - training - INFO - Epoch [160/500], Train Loss: 0.113278, Val Loss: 0.325041, R²: 0.7670, MAE: 0.1993
2025-10-09 00:11:45,033 - training - INFO - Epoch [170/500], Train Loss: 0.107739, Val Loss: 0.290483, R²: 0.7918, MAE: 0.1941
2025-10-09 00:11:48,229 - training - INFO - Epoch [180/500], Train Loss: 0.102301, Val Loss: 0.292516, R²: 0.7903, MAE: 0.1891
2025-10-09 00:11:51,414 - training - INFO - Epoch [190/500], Train Loss: 0.097641, Val Loss: 0.306231, R²: 0.7805, MAE: 0.1857
2025-10-09 00:11:54,608 - training - INFO - Epoch [200/500], Train Loss: 0.092515, Val Loss: 0.299109, R²: 0.7856, MAE: 0.1816
2025-10-09 00:11:57,012 - training - INFO - Epoch [210/500], Train Loss: 0.092030, Val Loss: 0.309248, R²: 0.7783, MAE: 0.1787
2025-10-09 00:11:58,390 - training - INFO - Epoch [220/500], Train Loss: 0.086605, Val Loss: 0.247208, R²: 0.8228, MAE: 0.1738
2025-10-09 00:11:59,763 - training - INFO - Epoch [230/500], Train Loss: 0.081881, Val Loss: 0.215801, R²: 0.8453, MAE: 0.1708
2025-10-09 00:12:01,137 - training - INFO - Epoch [240/500], Train Loss: 0.081170, Val Loss: 0.259811, R²: 0.8138, MAE: 0.1680
2025-10-09 00:12:02,511 - training - INFO - Epoch [250/500], Train Loss: 0.076489, Val Loss: 0.254817, R²: 0.8174, MAE: 0.1650
2025-10-09 00:12:03,886 - training - INFO - Epoch [260/500], Train Loss: 0.074751, Val Loss: 0.225310, R²: 0.8385, MAE: 0.1629
2025-10-09 00:12:05,264 - training - INFO - Epoch [270/500], Train Loss: 0.071200, Val Loss: 0.265737, R²: 0.8095, MAE: 0.1615
2025-10-09 00:12:06,643 - training - INFO - 早停机制触发，在第 280 轮停止训练
2025-10-09 00:12:06,685 - training - INFO - 原始尺度评估指标:
2025-10-09 00:12:06,685 - training - INFO -   - MSE: 18416.780307
2025-10-09 00:12:06,685 - training - INFO -   - RMSE: 135.708439
2025-10-09 00:12:06,685 - training - INFO -   - MAE: 34.825760
2025-10-09 00:12:06,685 - training - INFO - 各维度阈值准确率:
2025-10-09 00:12:06,685 - training - INFO - Threshold   A        B        C        mu       alpha    homo     lumo     gap      r2       zpve     U0       U        H        G        Cv       
2025-10-09 00:12:06,685 - training - INFO - ---------------------------------------------------------------------------------------------------------------------------------------------------
2025-10-09 00:12:06,685 - training - INFO - @0.400      0.9982   0.9648   0.9577   0.7317   0.9458   0.7520   0.8928   0.9438   0.8682   0.8905   0.9913   0.9918   0.9920   0.9925   0.8362   
2025-10-09 00:12:06,686 - training - INFO - @0.300      0.9975   0.9205   0.9022   0.6063   0.8880   0.6198   0.7763   0.8865   0.7735   0.7863   0.9837   0.9828   0.9845   0.9835   0.7152   
2025-10-09 00:12:06,686 - training - INFO - @0.200      0.9923   0.8142   0.7997   0.4475   0.7507   0.4440   0.5922   0.7395   0.5980   0.5998   0.9588   0.9595   0.9595   0.9598   0.5335   
2025-10-09 00:12:06,686 - training - INFO - @0.100      0.9503   0.5653   0.5740   0.2355   0.4592   0.2352   0.3187   0.4578   0.3382   0.3277   0.8282   0.8237   0.8298   0.8342   0.2900   
2025-10-09 00:12:06,686 - training - INFO - @0.050      0.7450   0.3405   0.3477   0.1158   0.2385   0.1190   0.1637   0.2382   0.1737   0.1690   0.5715   0.5555   0.5585   0.5632   0.1473   
2025-10-09 00:12:07,592 - training - INFO - 训练完成:
2025-10-09 00:12:07,592 - training - INFO -   - 最终训练损失: 0.071647
2025-10-09 00:12:07,592 - training - INFO -   - 最佳验证损失: 0.215801
2025-10-09 00:12:07,592 - training - INFO -   - 测试损失 (MSE): 0.067479
2025-10-09 00:12:07,592 - training - INFO -   - 测试RMSE: 0.259767
2025-10-09 00:12:07,592 - training - INFO -   - 测试MAE: 0.152245
2025-10-09 00:12:07,593 - training - INFO -   - 测试R²: 0.924494
2025-10-09 00:12:07,593 - training - INFO -   - 测试阈值准确率 (0.4, 所有维度): 0.3852
2025-10-09 00:12:07,593 - training - INFO -   - 测试阈值准确率 (0.4, 平均): 0.9166
2025-10-09 00:12:07,593 - training - INFO -   - 测试阈值准确率 (0.3, 所有维度): 0.1832
2025-10-09 00:12:07,593 - training - INFO -   - 测试阈值准确率 (0.3, 平均): 0.8538
2025-10-09 00:12:07,593 - training - INFO -   - 测试阈值准确率 (0.2, 所有维度): 0.0443
2025-10-09 00:12:07,593 - training - INFO -   - 测试阈值准确率 (0.2, 平均): 0.7433
2025-10-09 00:12:07,593 - training - INFO -   - 测试阈值准确率 (0.1, 所有维度): 0.0012
2025-10-09 00:12:07,593 - training - INFO -   - 测试阈值准确率 (0.1, 平均): 0.5378
2025-10-09 00:12:07,593 - training - INFO -   - 测试阈值准确率 (0.05, 所有维度): 0.0000
2025-10-09 00:12:07,593 - training - INFO -   - 测试阈值准确率 (0.05, 平均): 0.3365
2025-10-09 00:12:07,593 - training - INFO -   - 原始尺度MSE: 18416.780307
2025-10-09 00:12:07,593 - training - INFO -   - 原始尺度RMSE: 135.708439
2025-10-09 00:12:07,593 - training - INFO -   - 原始尺度MAE: 34.825760
2025-10-09 00:12:07,593 - training - INFO -   - 模型已保存到: /home/data2/rhj/project/mol_editor/mol_evo/../mol_evo/model-data/nnconv/training_20251009_001042/molecule_evolution_nnconv_predictor.pth
