2025-10-14 06:17:45,894 - INFO - ============================================================
2025-10-14 06:17:45,894 - INFO - 基于NNConv的分子进化预测器模型训练开始
2025-10-14 06:17:45,894 - INFO - ============================================================
2025-10-14 06:17:45,894 - INFO - 数据文件: mol_evo/dataset/data/qm9-evo-pairs-step-1-with-properties-pct.csv
2025-10-14 06:17:45,894 - INFO - 最大对数: 30000
2025-10-14 06:17:45,894 - INFO - 训练轮数: 100
2025-10-14 06:17:45,894 - INFO - 正在构建图数据: mol_evo/dataset/data/qm9-evo-pairs-step-1-with-properties-pct.csv
2025-10-14 06:17:47,652 - INFO - 加载缓存文件: /home/data2/rhj/project/mol_editor/mol_evo/core/utils/../../.cache/molecule_graphs/csv_qm9-evo-pairs-step-1-with-properties-pct_3cbb45cc1ac9202d.pt，包含 1994 个分子
2025-10-14 06:18:16,497 - INFO - 分子处理统计: 总数=60000, 命中=59967, 未命中=33, 命中率=99.94%
2025-10-14 06:18:16,532 - INFO - --- 训练集样本示例 (头部数据) ---
2025-10-14 06:18:16,533 - INFO -   样本       起始节点数        起始边数         目标节点数        目标边数         边特征             目标属性值          
2025-10-14 06:18:16,533 - INFO -   --------------------------------------------------------------------------------
2025-10-14 06:18:16,533 - INFO -   1        5            8            8            14           [1.0, 0.0, 0.   0.023518       
2025-10-14 06:18:16,533 - INFO -   2        3            4            6            10           [1.0, 0.0, 0.   -0.273184      
2025-10-14 06:18:16,533 - INFO -   3        4            6            11           20           [1.0, 0.0, 0.   0.077970       
2025-10-14 06:18:16,533 - INFO -   --------------------------------------------------------------------------------
2025-10-14 06:18:16,533 - INFO - 
数据构建完成:
2025-10-14 06:18:16,533 - INFO -   项目                   值                   
2025-10-14 06:18:16,533 - INFO -   ----------------------------------------
2025-10-14 06:18:16,533 - INFO -   样本数                  29967               
2025-10-14 06:18:16,534 - INFO -   节点特征维度               11                  
2025-10-14 06:18:16,534 - INFO -   边特征维度                11                  
2025-10-14 06:18:16,534 - INFO -   目标属性变化维度             1                   
2025-10-14 06:18:16,536 - INFO - 数据集划分完成:
2025-10-14 06:18:16,536 - INFO -   - 训练集: 23973 (80.0%)
2025-10-14 06:18:16,536 - INFO -   - 验证集: 2996 (10.0%)
2025-10-14 06:18:16,536 - INFO -   - 测试集: 2998 (10.0%)
2025-10-14 06:18:16,619 - INFO - 正在创建模型...
2025-10-14 06:18:16,619 - INFO - 模型参数数量: 3313025
2025-10-14 06:18:16,619 - INFO - 使用设备: cuda
2025-10-14 06:18:43,375 - INFO - Epoch [10/100], Train Loss: 0.744922, Val Loss: 0.739659, R²: -0.0000, MAE: 0.7397
2025-10-14 06:19:03,125 - INFO - 警告: 在第 18 轮检测到NaN或inf损失值，停止训练
2025-10-14 06:19:03,325 - INFO - 警告: 在第 18 轮检测到NaN或inf验证损失值，停止训练
2025-10-14 06:19:03,364 - INFO - 警告: 在第 19 轮检测到NaN或inf损失值，停止训练
2025-10-14 06:19:03,566 - INFO - 警告: 在第 19 轮检测到NaN或inf验证损失值，停止训练
2025-10-14 06:19:03,612 - INFO - 警告: 在第 20 轮检测到NaN或inf损失值，停止训练
2025-10-14 06:19:03,805 - INFO - 警告: 在第 20 轮检测到NaN或inf验证损失值，停止训练
2025-10-14 06:19:03,806 - INFO - Epoch [20/100], Train Loss: 0.000000, Val Loss: nan, R²: nan, MAE: nan
2025-10-14 06:19:03,841 - INFO - 警告: 在第 21 轮检测到NaN或inf损失值，停止训练
2025-10-14 06:19:04,039 - INFO - 警告: 在第 21 轮检测到NaN或inf验证损失值，停止训练
2025-10-14 06:19:04,074 - INFO - 警告: 在第 22 轮检测到NaN或inf损失值，停止训练
2025-10-14 06:19:04,264 - INFO - 警告: 在第 22 轮检测到NaN或inf验证损失值，停止训练
2025-10-14 06:19:04,300 - INFO - 警告: 在第 23 轮检测到NaN或inf损失值，停止训练
2025-10-14 06:19:04,488 - INFO - 警告: 在第 23 轮检测到NaN或inf验证损失值，停止训练
2025-10-14 06:19:04,531 - INFO - 警告: 在第 24 轮检测到NaN或inf损失值，停止训练
2025-10-14 06:19:04,727 - INFO - 警告: 在第 24 轮检测到NaN或inf验证损失值，停止训练
2025-10-14 06:19:04,762 - INFO - 警告: 在第 25 轮检测到NaN或inf损失值，停止训练
2025-10-14 06:19:04,958 - INFO - 警告: 在第 25 轮检测到NaN或inf验证损失值，停止训练
2025-10-14 06:19:04,996 - INFO - 警告: 在第 26 轮检测到NaN或inf损失值，停止训练
2025-10-14 06:19:05,202 - INFO - 警告: 在第 26 轮检测到NaN或inf验证损失值，停止训练
2025-10-14 06:19:05,239 - INFO - 警告: 在第 27 轮检测到NaN或inf损失值，停止训练
2025-10-14 06:19:05,439 - INFO - 警告: 在第 27 轮检测到NaN或inf验证损失值，停止训练
2025-10-14 06:19:05,484 - INFO - 警告: 在第 28 轮检测到NaN或inf损失值，停止训练
2025-10-14 06:19:05,672 - INFO - 警告: 在第 28 轮检测到NaN或inf验证损失值，停止训练
2025-10-14 06:19:05,718 - INFO - 警告: 在第 29 轮检测到NaN或inf损失值，停止训练
2025-10-14 06:19:05,924 - INFO - 警告: 在第 29 轮检测到NaN或inf验证损失值，停止训练
2025-10-14 06:19:05,960 - INFO - 警告: 在第 30 轮检测到NaN或inf损失值，停止训练
2025-10-14 06:19:06,145 - INFO - 警告: 在第 30 轮检测到NaN或inf验证损失值，停止训练
2025-10-14 06:19:06,146 - INFO - Epoch [30/100], Train Loss: 0.000000, Val Loss: nan, R²: nan, MAE: nan
2025-10-14 06:19:06,181 - INFO - 警告: 在第 31 轮检测到NaN或inf损失值，停止训练
2025-10-14 06:19:06,383 - INFO - 警告: 在第 31 轮检测到NaN或inf验证损失值，停止训练
2025-10-14 06:19:06,419 - INFO - 警告: 在第 32 轮检测到NaN或inf损失值，停止训练
2025-10-14 06:19:06,613 - INFO - 警告: 在第 32 轮检测到NaN或inf验证损失值，停止训练
2025-10-14 06:19:06,650 - INFO - 警告: 在第 33 轮检测到NaN或inf损失值，停止训练
2025-10-14 06:19:06,835 - INFO - 警告: 在第 33 轮检测到NaN或inf验证损失值，停止训练
2025-10-14 06:19:06,872 - INFO - 警告: 在第 34 轮检测到NaN或inf损失值，停止训练
2025-10-14 06:19:07,065 - INFO - 警告: 在第 34 轮检测到NaN或inf验证损失值，停止训练
2025-10-14 06:19:07,101 - INFO - 警告: 在第 35 轮检测到NaN或inf损失值，停止训练
2025-10-14 06:19:07,295 - INFO - 警告: 在第 35 轮检测到NaN或inf验证损失值，停止训练
2025-10-14 06:19:07,331 - INFO - 警告: 在第 36 轮检测到NaN或inf损失值，停止训练
2025-10-14 06:19:07,669 - INFO - 警告: 在第 36 轮检测到NaN或inf验证损失值，停止训练
2025-10-14 06:19:07,720 - INFO - 警告: 在第 37 轮检测到NaN或inf损失值，停止训练
2025-10-14 06:19:07,914 - INFO - 警告: 在第 37 轮检测到NaN或inf验证损失值，停止训练
2025-10-14 06:19:07,956 - INFO - 警告: 在第 38 轮检测到NaN或inf损失值，停止训练
2025-10-14 06:19:08,161 - INFO - 警告: 在第 38 轮检测到NaN或inf验证损失值，停止训练
2025-10-14 06:19:08,200 - INFO - 警告: 在第 39 轮检测到NaN或inf损失值，停止训练
2025-10-14 06:19:08,379 - INFO - 警告: 在第 39 轮检测到NaN或inf验证损失值，停止训练
2025-10-14 06:19:08,416 - INFO - 警告: 在第 40 轮检测到NaN或inf损失值，停止训练
2025-10-14 06:19:08,624 - INFO - 警告: 在第 40 轮检测到NaN或inf验证损失值，停止训练
2025-10-14 06:19:08,625 - INFO - Epoch [40/100], Train Loss: 0.000000, Val Loss: nan, R²: nan, MAE: nan
2025-10-14 06:19:08,669 - INFO - 警告: 在第 41 轮检测到NaN或inf损失值，停止训练
2025-10-14 06:19:08,868 - INFO - 警告: 在第 41 轮检测到NaN或inf验证损失值，停止训练
2025-10-14 06:19:08,905 - INFO - 警告: 在第 42 轮检测到NaN或inf损失值，停止训练
2025-10-14 06:19:09,112 - INFO - 警告: 在第 42 轮检测到NaN或inf验证损失值，停止训练
2025-10-14 06:19:09,149 - INFO - 警告: 在第 43 轮检测到NaN或inf损失值，停止训练
2025-10-14 06:19:09,353 - INFO - 警告: 在第 43 轮检测到NaN或inf验证损失值，停止训练
2025-10-14 06:19:09,404 - INFO - 警告: 在第 44 轮检测到NaN或inf损失值，停止训练
2025-10-14 06:19:09,611 - INFO - 警告: 在第 44 轮检测到NaN或inf验证损失值，停止训练
2025-10-14 06:19:09,647 - INFO - 警告: 在第 45 轮检测到NaN或inf损失值，停止训练
2025-10-14 06:19:09,868 - INFO - 警告: 在第 45 轮检测到NaN或inf验证损失值，停止训练
2025-10-14 06:19:09,905 - INFO - 警告: 在第 46 轮检测到NaN或inf损失值，停止训练
2025-10-14 06:19:10,117 - INFO - 警告: 在第 46 轮检测到NaN或inf验证损失值，停止训练
2025-10-14 06:19:10,155 - INFO - 警告: 在第 47 轮检测到NaN或inf损失值，停止训练
2025-10-14 06:19:10,348 - INFO - 警告: 在第 47 轮检测到NaN或inf验证损失值，停止训练
2025-10-14 06:19:10,383 - INFO - 警告: 在第 48 轮检测到NaN或inf损失值，停止训练
2025-10-14 06:19:10,570 - INFO - 警告: 在第 48 轮检测到NaN或inf验证损失值，停止训练
2025-10-14 06:19:10,606 - INFO - 警告: 在第 49 轮检测到NaN或inf损失值，停止训练
2025-10-14 06:19:10,812 - INFO - 警告: 在第 49 轮检测到NaN或inf验证损失值，停止训练
2025-10-14 06:19:10,863 - INFO - 警告: 在第 50 轮检测到NaN或inf损失值，停止训练
2025-10-14 06:19:11,071 - INFO - 警告: 在第 50 轮检测到NaN或inf验证损失值，停止训练
2025-10-14 06:19:11,072 - INFO - Epoch [50/100], Train Loss: 0.000000, Val Loss: nan, R²: nan, MAE: nan
2025-10-14 06:19:11,110 - INFO - 警告: 在第 51 轮检测到NaN或inf损失值，停止训练
2025-10-14 06:19:11,305 - INFO - 警告: 在第 51 轮检测到NaN或inf验证损失值，停止训练
2025-10-14 06:19:11,354 - INFO - 警告: 在第 52 轮检测到NaN或inf损失值，停止训练
2025-10-14 06:19:11,567 - INFO - 警告: 在第 52 轮检测到NaN或inf验证损失值，停止训练
2025-10-14 06:19:11,602 - INFO - 警告: 在第 53 轮检测到NaN或inf损失值，停止训练
2025-10-14 06:19:11,803 - INFO - 警告: 在第 53 轮检测到NaN或inf验证损失值，停止训练
2025-10-14 06:19:11,804 - INFO - 早停机制触发，在第 53 轮停止训练
2025-10-14 06:19:11,805 - INFO - 开始训练 (100 轮)...
2025-10-14 06:19:12,905 - INFO - 模型已保存至: /home/data2/rhj/project/mol_editor/mol_evo/../mol_evo/output/v0/gcn_transformer_transformer/train-20251014_061745-mu_change-30000-100/last.pth
2025-10-14 06:19:12,905 - INFO - 
2025-10-14 06:19:12,906 - INFO - ============================================================
2025-10-14 06:19:12,906 - INFO - 训练完成 - 最终评估结果
2025-10-14 06:19:12,906 - INFO - ============================================================
2025-10-14 06:19:12,906 - INFO - 测试集损失: nan
2025-10-14 06:19:12,906 - INFO - RMSE: nan
2025-10-14 06:19:12,906 - INFO - MAE: nan
2025-10-14 06:19:12,906 - INFO - R²: nan
2025-10-14 06:19:12,906 - INFO - PCC: nan
2025-10-14 06:19:12,906 - INFO - Rank Loss: nan
2025-10-14 06:19:12,906 - INFO - 
2025-10-14 06:19:12,906 - INFO - 阈值准确率:
2025-10-14 06:19:12,906 - INFO -   阈值 0.5: 0.00%
2025-10-14 06:19:12,906 - INFO - 
2025-10-14 06:19:12,906 - INFO - 训练完成:
2025-10-14 06:19:12,906 - INFO -   - 最终训练损失: 0.000000
2025-10-14 06:19:12,906 - INFO -   - 最佳验证损失: 0.739563
2025-10-14 06:19:12,906 - INFO -   - 测试损失 (MSE): nan
2025-10-14 06:19:12,907 - INFO -   - 测试RMSE: nan
2025-10-14 06:19:12,907 - INFO -   - 测试MAE: nan
2025-10-14 06:19:12,907 - INFO -   - 测试R²: nan
2025-10-14 06:19:12,907 - INFO -   - 测试PCC: nan
2025-10-14 06:19:12,907 - INFO -   - 测试Rank Loss: nan
2025-10-14 06:19:12,907 - INFO -   - 测试阈值准确率 (0.5): 0.0000
2025-10-14 06:19:12,907 - INFO -   - 模型已保存到: /home/data2/rhj/project/mol_editor/mol_evo/../mol_evo/output/v0/gcn_transformer_transformer/train-20251014_061745-mu_change-30000-100/last.pth
