2025-11-10 16:03:23,855 - INFO - ============================================================
2025-11-10 16:03:23,855 - INFO - 数据文件: mol_evo/dataset/data/qm9-evo-pairs-step-1-with-properties-pct.csv
2025-11-10 16:03:23,855 - INFO - 最大对数: 30000
2025-11-10 16:03:23,855 - INFO - 训练轮数: 200
2025-11-10 16:03:23,855 - INFO - ============================================================
2025-11-10 16:03:23,855 - INFO - 正在构建图数据: mol_evo/dataset/data/qm9-evo-pairs-step-1-with-properties-pct.csv
2025-11-10 16:03:24,418 - INFO - 加载缓存文件: /home/data2/rhj/project/mol_editor/mol_evo/core/utils/../../.cache/molecule_graphs/csv_qm9-evo-pairs-step-1-with-properties-pct_3cbb45cc1ac9202d.pt，包含 1994 个分子
2025-11-10 16:03:28,754 - WARNING - 跳过第25871行分子对: [H]O/N=C(\C([H])([H])[H])C([H])([H])C(C([H])([H])[H])(C([H])([H])[H])C([H])([H])[H] -> [H]ONC1C([H])([H])[C@]23C([H])([H])[C@]([H])(C2([H])[H])[C@@]13[H] (数据为None)
2025-11-10 16:03:29,571 - WARNING - 跳过第25984行分子对: [H]O/N=C(/C([H])([H])C([H])([H])[H])C(C([H])([H])[H])(C([H])([H])[H])C([H])([H])[H] -> [H]ONC1C([H])([H])[C@]23C([H])([H])[C@]([H])(C2([H])[H])[C@@]13[H] (数据为None)
2025-11-10 16:03:30,539 - WARNING - 跳过第26175行分子对: [H]O/N=C(\C([H])([H])[H])C(C([H])([H])[H])(C([H])([H])[H])C([H])([H])C([H])([H])[H] -> [H]ONC1C([H])([H])[C@]23C([H])([H])[C@]([H])(C2([H])[H])[C@@]13[H] (数据为None)
2025-11-10 16:03:31,412 - WARNING - 跳过第26431行分子对: [H]O/N=C(\C([H])([H])[H])C([H])([H])C([H])([H])C([H])(C([H])([H])[H])C([H])([H])[H] -> [H]ONC1C([H])([H])[C@]23C([H])([H])[C@]([H])(C2([H])[H])[C@@]13[H] (数据为None)
2025-11-10 16:03:32,202 - WARNING - 跳过第26530行分子对: [H]ONC1C(C([H])([H])[H])(C([H])([H])[H])C([H])([H])[C@]1([H])C([H])([H])[H] -> [H]ONC1C([H])([H])[C@]23C([H])([H])[C@]([H])(C2([H])[H])[C@@]13[H] (数据为None)
2025-11-10 16:03:33,032 - WARNING - 跳过第26630行分子对: [H]ONC1C([H])=C([H])C(C([H])([H])[H])(C([H])([H])[H])C1([H])[H] -> [H]ONC1C([H])([H])[C@]23C([H])([H])[C@]([H])(C2([H])[H])[C@@]13[H] (数据为None)
2025-11-10 16:03:33,842 - WARNING - 跳过第26691行分子对: [H]ONC1C([H])([H])C([H])([H])C(C([H])([H])[H])(C([H])([H])[H])C1([H])[H] -> [H]ONC1C([H])([H])[C@]23C([H])([H])[C@]([H])(C2([H])[H])[C@@]13[H] (数据为None)
2025-11-10 16:03:34,663 - WARNING - 跳过第26895行分子对: [H]O/N=C(\C([H])([H])C([H])([H])[H])C([H])([H])C([H])(C([H])([H])[H])C([H])([H])[H] -> [H]ONC1C([H])([H])[C@]23C([H])([H])[C@]([H])(C2([H])[H])[C@@]13[H] (数据为None)
2025-11-10 16:03:35,483 - WARNING - 跳过第27044行分子对: [H]C#C[C@]1(C([H])([H])[H])C([H])([H])[C@@H](NO[H])C1([H])[H] -> [H]ONC1C([H])([H])[C@]23C([H])([H])[C@]([H])(C2([H])[H])[C@@]13[H] (数据为None)
2025-11-10 16:03:36,311 - WARNING - 跳过第27152行分子对: [H]ON[C@H]1C([H])([H])[C@](C([H])([H])[H])(C([H])([H])C([H])([H])[H])C1([H])[H] -> [H]ONC1C([H])([H])[C@]23C([H])([H])[C@]([H])(C2([H])[H])[C@@]13[H] (数据为None)
2025-11-10 16:03:37,123 - WARNING - 跳过第27266行分子对: [H]O/N=C(\C([H])([H])[H])C([H])([H])C1(C([H])([H])[H])C([H])([H])C1([H])[H] -> [H]ONC1C([H])([H])[C@]23C([H])([H])[C@]([H])(C2([H])[H])[C@@]13[H] (数据为None)
2025-11-10 16:03:37,980 - WARNING - 跳过第27714行分子对: [H]O/N=C(\C([H])([H])[H])C([H])([H])C([H])([H])C([H])([H])C([H])([H])C([H])([H])[H] -> [H]ONC1C([H])([H])[C@]23C([H])([H])[C@]([H])(C2([H])[H])[C@@]13[H] (数据为None)
2025-11-10 16:03:38,775 - WARNING - 跳过第27835行分子对: [H]ONC1C([H])([H])C([H])=C([H])C1(C([H])([H])[H])C([H])([H])[H] -> [H]ONC1C([H])([H])[C@]23C([H])([H])[C@]([H])(C2([H])[H])[C@@]13[H] (数据为None)
2025-11-10 16:03:39,583 - WARNING - 跳过第27878行分子对: [H]ONC1=C([H])[C-]([H])C([H])([H])C1(C([H])([H])[H])C([H])([H])[H] -> [H]ONC1C([H])([H])[C@]23C([H])([H])[C@]([H])(C2([H])[H])[C@@]13[H] (数据为None)
2025-11-10 16:03:40,366 - WARNING - 跳过第27924行分子对: [H]ONC1C([H])([H])C([H])([H])C([H])([H])C1(C([H])([H])[H])C([H])([H])[H] -> [H]ONC1C([H])([H])[C@]23C([H])([H])[C@]([H])(C2([H])[H])[C@@]13[H] (数据为None)
2025-11-10 16:03:41,208 - WARNING - 跳过第28107行分子对: [H]ON=C(C([H])([H])C([H])([H])C([H])([H])[H])C([H])([H])C([H])([H])C([H])([H])[H] -> [H]ONC1C([H])([H])[C@]23C([H])([H])[C@]([H])(C2([H])[H])[C@@]13[H] (数据为None)
2025-11-10 16:03:42,047 - WARNING - 跳过第28312行分子对: [H]O/N=C(/C([H])([H])C([H])([H])C([H])([H])[H])C([H])(C([H])([H])[H])C([H])([H])[H] -> [H]ONC1C([H])([H])[C@]23C([H])([H])[C@]([H])(C2([H])[H])[C@@]13[H] (数据为None)
2025-11-10 16:03:42,901 - WARNING - 跳过第28519行分子对: [H]ON=C(C([H])(C([H])([H])[H])C([H])([H])[H])C([H])(C([H])([H])[H])C([H])([H])[H] -> [H]ONC1C([H])([H])[C@]23C([H])([H])[C@]([H])(C2([H])[H])[C@@]13[H] (数据为None)
2025-11-10 16:03:43,732 - WARNING - 跳过第28649行分子对: [H]O/N=C(\C([H])([H])[H])C1(C([H])([H])[H])C([H])([H])C([H])([H])C1([H])[H] -> [H]ONC1C([H])([H])[C@]23C([H])([H])[C@]([H])(C2([H])[H])[C@@]13[H] (数据为None)
2025-11-10 16:03:44,561 - WARNING - 跳过第28853行分子对: [H]ON[C@H]1C([H])([H])[C@]([H])(C([H])(C([H])([H])[H])C([H])([H])[H])C1([H])[H] -> [H]ONC1C([H])([H])[C@]23C([H])([H])[C@]([H])(C2([H])[H])[C@@]13[H] (数据为None)
2025-11-10 16:03:45,346 - WARNING - 跳过第28960行分子对: [H]O/N=C(\C([H])([H])[H])[C@]1([H])C([H])([H])[C@@]([H])(C([H])([H])[H])C1([H])[H] -> [H]ONC1C([H])([H])[C@]23C([H])([H])[C@]([H])(C2([H])[H])[C@@]13[H] (数据为None)
2025-11-10 16:03:46,155 - WARNING - 跳过第29052行分子对: [H]ONC1C([H])=C(C([H])([H])[H])C([H])([H])C([H])([H])C1([H])[H] -> [H]ONC1C([H])([H])[C@]23C([H])([H])[C@]([H])(C2([H])[H])[C@@]13[H] (数据为None)
2025-11-10 16:03:46,943 - WARNING - 跳过第29115行分子对: [H]ONC1C([H])([H])C(C([H])([H])[H])=C([H])C([H])([H])C1([H])[H] -> [H]ONC1C([H])([H])[C@]23C([H])([H])[C@]([H])(C2([H])[H])[C@@]13[H] (数据为None)
2025-11-10 16:03:47,781 - WARNING - 跳过第29191行分子对: [H]ONC1C([H])([H])C([H])([H])C([H])([H])[C@]([H])(C([H])([H])[H])C1([H])[H] -> [H]ONC1C([H])([H])[C@]23C([H])([H])[C@]([H])(C2([H])[H])[C@@]13[H] (数据为None)
2025-11-10 16:03:48,584 - WARNING - 跳过第29259行分子对: [H]ONC1C([H])([H])C(C([H])([H])[H])=C(C([H])([H])[H])C1([H])[H] -> [H]ONC1C([H])([H])[C@]23C([H])([H])[C@]([H])(C2([H])[H])[C@@]13[H] (数据为None)
2025-11-10 16:03:49,391 - WARNING - 跳过第29362行分子对: [H]ONC1C([H])([H])C(C([H])([H])[H])=C([H])[C@]1([H])C([H])([H])[H] -> [H]ONC1C([H])([H])[C@]23C([H])([H])[C@]([H])(C2([H])[H])[C@@]13[H] (数据为None)
2025-11-10 16:03:49,923 - WARNING - 跳过第29437行分子对: [H][N-]C1O[C@]([H])(C([H])([H])[H])C(NO[H])C1([H])[H] -> [H]ONC1C([H])([H])[C@]23C([H])([H])[N@@H+](C2([H])[H])[C@@]13[H] (数据为None)
2025-11-10 16:03:50,737 - WARNING - 跳过第29554行分子对: [H]ONC1C([H])([H])[C@]2([H])C([H])([H])[C@@]1(C([H])([H])[H])C2([H])[H] -> [H]ONC1C([H])([H])[C@]23C([H])([H])[C@]([H])(C2([H])[H])[C@@]13[H] (数据为None)
2025-11-10 16:03:51,541 - WARNING - 跳过第29644行分子对: [H]O/N=C(\C([H])([H])[H])C([H])([H])C1([H])C([H])([H])C([H])([H])C1([H])[H] -> [H]ONC1C([H])([H])[C@]23C([H])([H])[C@]([H])(C2([H])[H])[C@@]13[H] (数据为None)
2025-11-10 16:03:52,334 - WARNING - 跳过第29737行分子对: [H]C#CC([H])([H])[C@]1([H])C([H])([H])[C@@H](NO[H])C1([H])[H] -> [H]ONC1C([H])([H])[C@]23C([H])([H])[C@]([H])(C2([H])[H])[C@@]13[H] (数据为None)
2025-11-10 16:03:53,139 - WARNING - 跳过第29820行分子对: [H]ON[C@H]1C([H])([H])[C@]([H])(C#CC([H])([H])[H])C1([H])[H] -> [H]ONC1C([H])([H])[C@]23C([H])([H])[C@]([H])(C2([H])[H])[C@@]13[H] (数据为None)
2025-11-10 16:03:53,938 - WARNING - 跳过第29860行分子对: [H]ON[C@H]1C([H])([H])[C@]([H])(C([H])([H])C([H])([H])C([H])([H])[H])C1([H])[H] -> [H]ONC1C([H])([H])[C@]23C([H])([H])[C@]([H])(C2([H])[H])[C@@]13[H] (数据为None)
2025-11-10 16:03:54,735 - WARNING - 跳过第29968行分子对: [H]ONC1C([H])([H])C2(C1([H])[H])C([H])([H])C([H])([H])C2([H])[H] -> [H]ONC1C([H])([H])[C@]23C([H])([H])[C@]([H])(C2([H])[H])[C@@]13[H] (数据为None)
2025-11-10 16:03:54,813 - INFO - 分子处理统计: 总数=60000, 命中=59967, 未命中=33, 命中率=99.94%
2025-11-10 16:03:54,838 - INFO - --- 训练集样本示例 (头部数据) ---
2025-11-10 16:03:54,839 - INFO -   样本       起始节点数        起始边数         目标节点数        目标边数         边特征             目标属性值          
2025-11-10 16:03:54,839 - INFO -   --------------------------------------------------------------------------------
2025-11-10 16:03:54,839 - INFO -   1        5            8            8            14           [1.0, 0.0, 0.   0.023518       
2025-11-10 16:03:54,839 - INFO -   2        3            4            6            10           [1.0, 0.0, 0.   -0.273184      
2025-11-10 16:03:54,839 - INFO -   3        4            6            11           20           [1.0, 0.0, 0.   0.077970       
2025-11-10 16:03:54,839 - INFO -   --------------------------------------------------------------------------------
2025-11-10 16:03:54,839 - INFO - 
数据构建完成:
2025-11-10 16:03:54,839 - INFO -   项目                   值                   
2025-11-10 16:03:54,839 - INFO -   ---------------------------------------- --------------------
2025-11-10 16:03:54,839 - INFO -   样本数                  29967               
2025-11-10 16:03:54,839 - INFO -   节点特征维度               11                  
2025-11-10 16:03:54,840 - INFO -   边特征维度                11                  
2025-11-10 16:03:54,840 - INFO -   目标属性变化维度             1                   
2025-11-10 16:03:54,842 - INFO - 数据集划分完成:
2025-11-10 16:03:54,842 - INFO -   - 训练集: 23973 (80.0%)
2025-11-10 16:03:54,842 - INFO -   - 验证集: 2996 (10.0%)
2025-11-10 16:03:54,842 - INFO -   - 测试集: 2998 (10.0%)
2025-11-10 16:03:55,009 - INFO - 正在创建模型...
2025-11-10 16:03:55,009 - INFO - 模型参数数量: 3696769
2025-11-10 16:03:55,010 - INFO - 使用设备: cuda
2025-11-10 16:03:55,289 - INFO - 开始训练 (200 轮)...
2025-11-10 16:04:23,365 - INFO - Epoch [10/200], Train Loss: 0.721811, Val Loss: 0.715495, R²: 0.0498, MAE: 0.7155
2025-11-10 16:04:50,181 - INFO - Epoch [20/200], Train Loss: 0.520335, Val Loss: 0.514835, R²: 0.3882, MAE: 0.5148
2025-11-10 16:05:17,687 - INFO - Epoch [30/200], Train Loss: 0.477739, Val Loss: 0.490142, R²: 0.4208, MAE: 0.4901
2025-11-10 16:05:44,301 - INFO - Epoch [40/200], Train Loss: 0.440525, Val Loss: 0.448224, R²: 0.4737, MAE: 0.4482
2025-11-10 16:06:11,756 - INFO - Epoch [50/200], Train Loss: 0.422678, Val Loss: 0.428200, R²: 0.5014, MAE: 0.4282
2025-11-10 16:06:43,784 - INFO - Epoch [60/200], Train Loss: 0.404315, Val Loss: 0.409802, R²: 0.5321, MAE: 0.4098
2025-11-10 16:07:19,415 - INFO - Epoch [70/200], Train Loss: 0.384575, Val Loss: 0.390674, R²: 0.5508, MAE: 0.3907
2025-11-10 16:07:56,711 - INFO - Epoch [80/200], Train Loss: 0.353409, Val Loss: 0.368909, R²: 0.5707, MAE: 0.3689
2025-11-10 16:08:34,778 - INFO - Epoch [90/200], Train Loss: 0.344688, Val Loss: 0.365005, R²: 0.5699, MAE: 0.3650
2025-11-10 16:09:12,702 - INFO - Epoch [100/200], Train Loss: 0.340982, Val Loss: 0.364448, R²: 0.5703, MAE: 0.3644
2025-11-10 16:09:50,644 - INFO - Epoch [110/200], Train Loss: 0.341332, Val Loss: 0.364153, R²: 0.5704, MAE: 0.3642
2025-11-10 16:10:28,416 - INFO - Epoch [120/200], Train Loss: 0.341349, Val Loss: 0.364142, R²: 0.5704, MAE: 0.3641
2025-11-10 16:11:06,216 - INFO - Epoch [130/200], Train Loss: 0.340863, Val Loss: 0.364121, R²: 0.5704, MAE: 0.3641
2025-11-10 16:11:44,550 - INFO - Epoch [140/200], Train Loss: 0.340571, Val Loss: 0.364052, R²: 0.5704, MAE: 0.3641
2025-11-10 16:12:09,407 - INFO - 早停机制触发，在第 147 轮停止训练
2025-11-10 16:12:09,409 - INFO - 开始训练 (200 轮)...
2025-11-10 16:12:10,709 - INFO - 模型已保存至: /home/data2/rhj/project/mol_editor/mol_evo/../mol_evo/output/v0/MoleculeEvolutionGCNTransformerPredictor/train-20251110_160323-mu_change-30000-200/last.pth
2025-11-10 16:12:10,709 - INFO - 
2025-11-10 16:12:10,709 - INFO - ============================================================
2025-11-10 16:12:10,709 - INFO - 训练完成 - 最终评估结果
2025-11-10 16:12:10,709 - INFO - ============================================================
2025-11-10 16:12:10,709 - INFO - 测试集损失: 0.352210
2025-11-10 16:12:10,710 - INFO - RMSE: 0.613614
2025-11-10 16:12:10,710 - INFO - MAE: 0.352210
2025-11-10 16:12:10,710 - INFO - R²: 0.583267
2025-11-10 16:12:10,710 - INFO - PCC: 0.764688
2025-11-10 16:12:10,710 - INFO - Rank Loss: 0.513081
2025-11-10 16:12:10,710 - INFO - 
2025-11-10 16:12:10,710 - INFO - 阈值准确率:
2025-11-10 16:12:10,710 - INFO -   阈值 0.5: 78.55%
2025-11-10 16:12:10,710 - INFO -   阈值 0.4: 74.12%
2025-11-10 16:12:10,710 - INFO -   阈值 0.30000000000000004: 68.61%
2025-11-10 16:12:10,710 - INFO -   阈值 0.20000000000000004: 58.31%
2025-11-10 16:12:10,710 - INFO -   阈值 0.10000000000000003: 36.72%
2025-11-10 16:12:10,710 - INFO - 
2025-11-10 16:12:10,710 - INFO - 训练完成:
2025-11-10 16:12:10,710 - INFO -   - 最终训练损失: 0.340241
2025-11-10 16:12:10,710 - INFO -   - 最佳验证损失: 0.363904
2025-11-10 16:12:10,711 - INFO -   - 测试损失 (MSE): 0.352210
2025-11-10 16:12:10,711 - INFO -   - 测试RMSE: 0.613614
2025-11-10 16:12:10,711 - INFO -   - 测试MAE: 0.352210
2025-11-10 16:12:10,711 - INFO -   - 测试R²: 0.583267
2025-11-10 16:12:10,711 - INFO -   - 测试PCC: 0.764688
2025-11-10 16:12:10,711 - INFO -   - 测试Rank Loss: 0.513081
2025-11-10 16:12:10,711 - INFO -   - 测试阈值准确率 (0.5): 0.7855
2025-11-10 16:12:10,711 - INFO -   - 测试阈值准确率 (0.4): 0.7412
2025-11-10 16:12:10,711 - INFO -   - 测试阈值准确率 (0.30000000000000004): 0.6861
2025-11-10 16:12:10,711 - INFO -   - 测试阈值准确率 (0.20000000000000004): 0.5831
2025-11-10 16:12:10,711 - INFO -   - 测试阈值准确率 (0.10000000000000003): 0.3672
2025-11-10 16:12:10,711 - INFO -   - 模型已保存到: /home/data2/rhj/project/mol_editor/mol_evo/../mol_evo/output/v0/MoleculeEvolutionGCNTransformerPredictor/train-20251110_160323-mu_change-30000-200/last.pth
2025-11-10 16:12:10,711 - INFO - 训练结果已保存到: /home/data2/rhj/project/mol_editor/mol_evo/../mol_evo/output/v0/MoleculeEvolutionGCNTransformerPredictor/train-20251110_160323-mu_change-30000-200/training_results.json
2025-11-10 16:12:10,711 - INFO - 模型目录: /home/data2/rhj/project/mol_editor/mol_evo/../mol_evo/output/v0/MoleculeEvolutionGCNTransformerPredictor/train-20251110_160323-mu_change-30000-200
