2025-10-14 03:54:43,854 - INFO - ============================================================
2025-10-14 03:54:43,854 - INFO - 基于NNConv的分子进化预测器模型训练开始
2025-10-14 03:54:43,854 - INFO - ============================================================
2025-10-14 03:54:43,854 - INFO - 数据文件: mol_evo/dataset/data/qm9-evo-pairs-step-1-with-properties-pct.csv
2025-10-14 03:54:43,854 - INFO - 最大对数: 30000
2025-10-14 03:54:43,854 - INFO - 训练轮数: 500
2025-10-14 03:54:43,854 - INFO - 正在构建图数据: mol_evo/dataset/data/qm9-evo-pairs-step-1-with-properties-pct.csv
2025-10-14 03:54:45,601 - INFO - 加载缓存文件: /home/data2/rhj/project/mol_editor/mol_evo/core/utils/../../.cache/molecule_graphs/csv_qm9-evo-pairs-step-1-with-properties-pct_3cbb45cc1ac9202d.pt，包含 1994 个分子
2025-10-14 03:55:13,498 - INFO - 分子处理统计: 总数=60000, 命中=59967, 未命中=33, 命中率=99.94%
2025-10-14 03:55:13,532 - INFO - --- 训练集样本示例 (头部数据) ---
2025-10-14 03:55:13,532 - INFO -   样本       起始节点数        起始边数         目标节点数        目标边数         边特征             目标属性值          
2025-10-14 03:55:13,532 - INFO -   --------------------------------------------------------------------------------
2025-10-14 03:55:13,532 - INFO -   1        5            8            8            14           [1.0, 0.0, 0.   0.023518       
2025-10-14 03:55:13,532 - INFO -   2        3            4            6            10           [1.0, 0.0, 0.   -0.273184      
2025-10-14 03:55:13,532 - INFO -   3        4            6            11           20           [1.0, 0.0, 0.   0.077970       
2025-10-14 03:55:13,532 - INFO -   --------------------------------------------------------------------------------
2025-10-14 03:55:13,533 - INFO - 
数据构建完成:
2025-10-14 03:55:13,533 - INFO -   项目                   值                   
2025-10-14 03:55:13,533 - INFO -   ----------------------------------------
2025-10-14 03:55:13,533 - INFO -   样本数                  29967               
2025-10-14 03:55:13,533 - INFO -   节点特征维度               11                  
2025-10-14 03:55:13,533 - INFO -   边特征维度                11                  
2025-10-14 03:55:13,533 - INFO -   目标属性变化维度             1                   
2025-10-14 03:55:13,535 - INFO - 数据集划分完成:
2025-10-14 03:55:13,535 - INFO -   - 训练集: 23973 (80.0%)
2025-10-14 03:55:13,535 - INFO -   - 验证集: 2996 (10.0%)
2025-10-14 03:55:13,535 - INFO -   - 测试集: 2998 (10.0%)
2025-10-14 03:55:13,606 - INFO - 正在创建模型...
2025-10-14 03:55:13,606 - INFO - 模型参数数量: 1063041
2025-10-14 03:55:13,607 - INFO - 使用设备: cuda
2025-10-14 03:55:31,192 - INFO - Epoch [10/500], Train Loss: 0.512275, Val Loss: 0.516320, R²: 0.3795, MAE: 0.5163
2025-10-14 03:55:48,480 - INFO - Epoch [20/500], Train Loss: 0.507947, Val Loss: 0.486686, R²: 0.4204, MAE: 0.4867
2025-10-14 03:56:05,779 - INFO - Epoch [30/500], Train Loss: 0.466684, Val Loss: 0.472789, R²: 0.4246, MAE: 0.4728
2025-10-14 03:56:23,350 - INFO - Epoch [40/500], Train Loss: 0.419032, Val Loss: 0.429162, R²: 0.4974, MAE: 0.4292
2025-10-14 03:56:41,085 - INFO - Epoch [50/500], Train Loss: 0.407345, Val Loss: 0.412812, R²: 0.5246, MAE: 0.4128
2025-10-14 03:56:58,533 - INFO - Epoch [60/500], Train Loss: 0.384795, Val Loss: 0.402885, R²: 0.4999, MAE: 0.4029
2025-10-14 03:57:16,174 - INFO - Epoch [70/500], Train Loss: 0.354745, Val Loss: 0.388426, R²: 0.5647, MAE: 0.3884
2025-10-14 03:57:33,637 - INFO - Epoch [80/500], Train Loss: 0.336706, Val Loss: 0.360775, R²: 0.6029, MAE: 0.3608
2025-10-14 03:57:51,353 - INFO - Epoch [90/500], Train Loss: 0.322836, Val Loss: 0.350010, R²: 0.6285, MAE: 0.3500
2025-10-14 03:58:08,926 - INFO - 已保存checkpoint: /home/data2/rhj/project/mol_editor/mol_evo/../mol_evo/output/v0/gcn_linear_linear/train-20251014_035443-mu_change-30000-500/checkpoint_epoch_100.pth
2025-10-14 03:58:09,110 - INFO - Epoch [100/500], Train Loss: 0.309097, Val Loss: 0.340452, R²: 0.6409, MAE: 0.3405
2025-10-14 03:58:26,657 - INFO - Epoch [110/500], Train Loss: 0.270101, Val Loss: 0.313862, R²: 0.6822, MAE: 0.3139
2025-10-14 03:58:44,157 - INFO - Epoch [120/500], Train Loss: 0.260467, Val Loss: 0.317184, R²: 0.6801, MAE: 0.3172
2025-10-14 03:59:01,580 - INFO - Epoch [130/500], Train Loss: 0.253197, Val Loss: 0.304437, R²: 0.6970, MAE: 0.3044
2025-10-14 03:59:19,205 - INFO - Epoch [140/500], Train Loss: 0.241531, Val Loss: 0.301690, R²: 0.6965, MAE: 0.3017
2025-10-14 03:59:36,752 - INFO - Epoch [150/500], Train Loss: 0.233477, Val Loss: 0.295888, R²: 0.7054, MAE: 0.2959
2025-10-14 03:59:54,349 - INFO - Epoch [160/500], Train Loss: 0.208474, Val Loss: 0.285173, R²: 0.7169, MAE: 0.2852
2025-10-14 04:00:12,115 - INFO - Epoch [170/500], Train Loss: 0.199962, Val Loss: 0.285457, R²: 0.7135, MAE: 0.2855
2025-10-14 04:00:29,746 - INFO - Epoch [180/500], Train Loss: 0.195159, Val Loss: 0.284287, R²: 0.7167, MAE: 0.2843
2025-10-14 04:00:47,395 - INFO - Epoch [190/500], Train Loss: 0.192635, Val Loss: 0.277415, R²: 0.7278, MAE: 0.2774
2025-10-14 04:01:04,838 - INFO - 已保存checkpoint: /home/data2/rhj/project/mol_editor/mol_evo/../mol_evo/output/v0/gcn_linear_linear/train-20251014_035443-mu_change-30000-500/checkpoint_epoch_200.pth
2025-10-14 04:01:05,021 - INFO - Epoch [200/500], Train Loss: 0.186408, Val Loss: 0.277783, R²: 0.7257, MAE: 0.2778
2025-10-14 04:01:22,677 - INFO - Epoch [210/500], Train Loss: 0.172282, Val Loss: 0.273409, R²: 0.7292, MAE: 0.2734
2025-10-14 04:01:40,374 - INFO - Epoch [220/500], Train Loss: 0.166600, Val Loss: 0.272160, R²: 0.7297, MAE: 0.2722
2025-10-14 04:01:57,761 - INFO - Epoch [230/500], Train Loss: 0.157499, Val Loss: 0.272775, R²: 0.7271, MAE: 0.2728
2025-10-14 04:02:15,443 - INFO - Epoch [240/500], Train Loss: 0.156871, Val Loss: 0.273905, R²: 0.7250, MAE: 0.2739
2025-10-14 04:02:32,994 - INFO - Epoch [250/500], Train Loss: 0.150338, Val Loss: 0.272947, R²: 0.7257, MAE: 0.2729
2025-10-14 04:02:50,595 - INFO - Epoch [260/500], Train Loss: 0.147623, Val Loss: 0.272777, R²: 0.7258, MAE: 0.2728
2025-10-14 04:03:08,230 - INFO - Epoch [270/500], Train Loss: 0.146278, Val Loss: 0.272725, R²: 0.7258, MAE: 0.2727
2025-10-14 04:03:25,644 - INFO - Epoch [280/500], Train Loss: 0.145365, Val Loss: 0.272932, R²: 0.7253, MAE: 0.2729
2025-10-14 04:03:27,458 - INFO - 早停机制触发，在第 281 轮停止训练
2025-10-14 04:03:27,460 - INFO - 开始训练 (500 轮)...
2025-10-14 04:03:28,661 - INFO - 模型已保存至: /home/data2/rhj/project/mol_editor/mol_evo/../mol_evo/output/v0/gcn_linear_linear/train-20251014_035443-mu_change-30000-500/last.pth
2025-10-14 04:03:28,661 - INFO - 
2025-10-14 04:03:28,661 - INFO - ============================================================
2025-10-14 04:03:28,661 - INFO - 训练完成 - 最终评估结果
2025-10-14 04:03:28,661 - INFO - ============================================================
2025-10-14 04:03:28,661 - INFO - 测试集损失: 0.262772
2025-10-14 04:03:28,661 - INFO - RMSE: 0.488392
2025-10-14 04:03:28,662 - INFO - MAE: 0.262772
2025-10-14 04:03:28,662 - INFO - R²: 0.738787
2025-10-14 04:03:28,662 - INFO - PCC: 0.861419
2025-10-14 04:03:28,662 - INFO - Rank Loss: 0.455116
2025-10-14 04:03:28,662 - INFO - 
2025-10-14 04:03:28,662 - INFO - 阈值准确率:
2025-10-14 04:03:28,662 - INFO -   阈值 0.5: 82.86%
2025-10-14 04:03:28,662 - INFO -   阈值 0.4: 78.89%
2025-10-14 04:03:28,662 - INFO -   阈值 0.30000000000000004: 74.45%
2025-10-14 04:03:28,662 - INFO -   阈值 0.20000000000000004: 66.88%
2025-10-14 04:03:28,662 - INFO -   阈值 0.10000000000000003: 54.14%
2025-10-14 04:03:28,662 - INFO -   阈值 0.05000000000000002: 35.32%
2025-10-14 04:03:28,662 - INFO - 
2025-10-14 04:03:28,662 - INFO - 训练完成:
2025-10-14 04:03:28,662 - INFO -   - 最终训练损失: 0.145360
2025-10-14 04:03:28,662 - INFO -   - 最佳验证损失: 0.271559
2025-10-14 04:03:28,662 - INFO -   - 测试损失 (MSE): 0.262772
2025-10-14 04:03:28,662 - INFO -   - 测试RMSE: 0.488392
2025-10-14 04:03:28,662 - INFO -   - 测试MAE: 0.262772
2025-10-14 04:03:28,662 - INFO -   - 测试R²: 0.738787
2025-10-14 04:03:28,662 - INFO -   - 测试PCC: 0.861419
2025-10-14 04:03:28,662 - INFO -   - 测试Rank Loss: 0.455116
2025-10-14 04:03:28,662 - INFO -   - 测试阈值准确率 (0.5): 0.8286
2025-10-14 04:03:28,662 - INFO -   - 测试阈值准确率 (0.4): 0.7889
2025-10-14 04:03:28,662 - INFO -   - 测试阈值准确率 (0.30000000000000004): 0.7445
2025-10-14 04:03:28,662 - INFO -   - 测试阈值准确率 (0.20000000000000004): 0.6688
2025-10-14 04:03:28,663 - INFO -   - 测试阈值准确率 (0.10000000000000003): 0.5414
2025-10-14 04:03:28,663 - INFO -   - 测试阈值准确率 (0.05000000000000002): 0.3532
2025-10-14 04:03:28,663 - INFO -   - 模型已保存到: /home/data2/rhj/project/mol_editor/mol_evo/../mol_evo/output/v0/gcn_linear_linear/train-20251014_035443-mu_change-30000-500/last.pth
