2025-11-10 15:33:52,409 - INFO - ============================================================
2025-11-10 15:33:52,410 - INFO - 数据文件: mol_evo/dataset/data/qm9-evo-pairs-step-1-with-properties-pct.csv
2025-11-10 15:33:52,410 - INFO - 最大对数: 30000
2025-11-10 15:33:52,410 - INFO - 训练轮数: 200
2025-11-10 15:33:52,410 - INFO - ============================================================
2025-11-10 15:33:52,410 - INFO - 正在构建图数据: mol_evo/dataset/data/qm9-evo-pairs-step-1-with-properties-pct.csv
2025-11-10 15:33:52,991 - INFO - 加载缓存文件: /home/data2/rhj/project/mol_editor/mol_evo/core/utils/../../.cache/molecule_graphs/csv_qm9-evo-pairs-step-1-with-properties-pct_3cbb45cc1ac9202d.pt，包含 1994 个分子
2025-11-10 15:33:57,237 - WARNING - 跳过第25871行分子对: [H]O/N=C(\C([H])([H])[H])C([H])([H])C(C([H])([H])[H])(C([H])([H])[H])C([H])([H])[H] -> [H]ONC1C([H])([H])[C@]23C([H])([H])[C@]([H])(C2([H])[H])[C@@]13[H] (数据为None)
2025-11-10 15:33:58,007 - WARNING - 跳过第25984行分子对: [H]O/N=C(/C([H])([H])C([H])([H])[H])C(C([H])([H])[H])(C([H])([H])[H])C([H])([H])[H] -> [H]ONC1C([H])([H])[C@]23C([H])([H])[C@]([H])(C2([H])[H])[C@@]13[H] (数据为None)
2025-11-10 15:33:58,927 - WARNING - 跳过第26175行分子对: [H]O/N=C(\C([H])([H])[H])C(C([H])([H])[H])(C([H])([H])[H])C([H])([H])C([H])([H])[H] -> [H]ONC1C([H])([H])[C@]23C([H])([H])[C@]([H])(C2([H])[H])[C@@]13[H] (数据为None)
2025-11-10 15:33:59,755 - WARNING - 跳过第26431行分子对: [H]O/N=C(\C([H])([H])[H])C([H])([H])C([H])([H])C([H])(C([H])([H])[H])C([H])([H])[H] -> [H]ONC1C([H])([H])[C@]23C([H])([H])[C@]([H])(C2([H])[H])[C@@]13[H] (数据为None)
2025-11-10 15:34:00,513 - WARNING - 跳过第26530行分子对: [H]ONC1C(C([H])([H])[H])(C([H])([H])[H])C([H])([H])[C@]1([H])C([H])([H])[H] -> [H]ONC1C([H])([H])[C@]23C([H])([H])[C@]([H])(C2([H])[H])[C@@]13[H] (数据为None)
2025-11-10 15:34:01,286 - WARNING - 跳过第26630行分子对: [H]ONC1C([H])=C([H])C(C([H])([H])[H])(C([H])([H])[H])C1([H])[H] -> [H]ONC1C([H])([H])[C@]23C([H])([H])[C@]([H])(C2([H])[H])[C@@]13[H] (数据为None)
2025-11-10 15:34:02,059 - WARNING - 跳过第26691行分子对: [H]ONC1C([H])([H])C([H])([H])C(C([H])([H])[H])(C([H])([H])[H])C1([H])[H] -> [H]ONC1C([H])([H])[C@]23C([H])([H])[C@]([H])(C2([H])[H])[C@@]13[H] (数据为None)
2025-11-10 15:34:02,843 - WARNING - 跳过第26895行分子对: [H]O/N=C(\C([H])([H])C([H])([H])[H])C([H])([H])C([H])(C([H])([H])[H])C([H])([H])[H] -> [H]ONC1C([H])([H])[C@]23C([H])([H])[C@]([H])(C2([H])[H])[C@@]13[H] (数据为None)
2025-11-10 15:34:03,625 - WARNING - 跳过第27044行分子对: [H]C#C[C@]1(C([H])([H])[H])C([H])([H])[C@@H](NO[H])C1([H])[H] -> [H]ONC1C([H])([H])[C@]23C([H])([H])[C@]([H])(C2([H])[H])[C@@]13[H] (数据为None)
2025-11-10 15:34:04,409 - WARNING - 跳过第27152行分子对: [H]ON[C@H]1C([H])([H])[C@](C([H])([H])[H])(C([H])([H])C([H])([H])[H])C1([H])[H] -> [H]ONC1C([H])([H])[C@]23C([H])([H])[C@]([H])(C2([H])[H])[C@@]13[H] (数据为None)
2025-11-10 15:34:05,178 - WARNING - 跳过第27266行分子对: [H]O/N=C(\C([H])([H])[H])C([H])([H])C1(C([H])([H])[H])C([H])([H])C1([H])[H] -> [H]ONC1C([H])([H])[C@]23C([H])([H])[C@]([H])(C2([H])[H])[C@@]13[H] (数据为None)
2025-11-10 15:34:05,998 - WARNING - 跳过第27714行分子对: [H]O/N=C(\C([H])([H])[H])C([H])([H])C([H])([H])C([H])([H])C([H])([H])C([H])([H])[H] -> [H]ONC1C([H])([H])[C@]23C([H])([H])[C@]([H])(C2([H])[H])[C@@]13[H] (数据为None)
2025-11-10 15:34:06,748 - WARNING - 跳过第27835行分子对: [H]ONC1C([H])([H])C([H])=C([H])C1(C([H])([H])[H])C([H])([H])[H] -> [H]ONC1C([H])([H])[C@]23C([H])([H])[C@]([H])(C2([H])[H])[C@@]13[H] (数据为None)
2025-11-10 15:34:07,508 - WARNING - 跳过第27878行分子对: [H]ONC1=C([H])[C-]([H])C([H])([H])C1(C([H])([H])[H])C([H])([H])[H] -> [H]ONC1C([H])([H])[C@]23C([H])([H])[C@]([H])(C2([H])[H])[C@@]13[H] (数据为None)
2025-11-10 15:34:08,245 - WARNING - 跳过第27924行分子对: [H]ONC1C([H])([H])C([H])([H])C([H])([H])C1(C([H])([H])[H])C([H])([H])[H] -> [H]ONC1C([H])([H])[C@]23C([H])([H])[C@]([H])(C2([H])[H])[C@@]13[H] (数据为None)
2025-11-10 15:34:09,033 - WARNING - 跳过第28107行分子对: [H]ON=C(C([H])([H])C([H])([H])C([H])([H])[H])C([H])([H])C([H])([H])C([H])([H])[H] -> [H]ONC1C([H])([H])[C@]23C([H])([H])[C@]([H])(C2([H])[H])[C@@]13[H] (数据为None)
2025-11-10 15:34:09,833 - WARNING - 跳过第28312行分子对: [H]O/N=C(/C([H])([H])C([H])([H])C([H])([H])[H])C([H])(C([H])([H])[H])C([H])([H])[H] -> [H]ONC1C([H])([H])[C@]23C([H])([H])[C@]([H])(C2([H])[H])[C@@]13[H] (数据为None)
2025-11-10 15:34:10,640 - WARNING - 跳过第28519行分子对: [H]ON=C(C([H])(C([H])([H])[H])C([H])([H])[H])C([H])(C([H])([H])[H])C([H])([H])[H] -> [H]ONC1C([H])([H])[C@]23C([H])([H])[C@]([H])(C2([H])[H])[C@@]13[H] (数据为None)
2025-11-10 15:34:11,427 - WARNING - 跳过第28649行分子对: [H]O/N=C(\C([H])([H])[H])C1(C([H])([H])[H])C([H])([H])C([H])([H])C1([H])[H] -> [H]ONC1C([H])([H])[C@]23C([H])([H])[C@]([H])(C2([H])[H])[C@@]13[H] (数据为None)
2025-11-10 15:34:12,214 - WARNING - 跳过第28853行分子对: [H]ON[C@H]1C([H])([H])[C@]([H])(C([H])(C([H])([H])[H])C([H])([H])[H])C1([H])[H] -> [H]ONC1C([H])([H])[C@]23C([H])([H])[C@]([H])(C2([H])[H])[C@@]13[H] (数据为None)
2025-11-10 15:34:12,962 - WARNING - 跳过第28960行分子对: [H]O/N=C(\C([H])([H])[H])[C@]1([H])C([H])([H])[C@@]([H])(C([H])([H])[H])C1([H])[H] -> [H]ONC1C([H])([H])[C@]23C([H])([H])[C@]([H])(C2([H])[H])[C@@]13[H] (数据为None)
2025-11-10 15:34:13,731 - WARNING - 跳过第29052行分子对: [H]ONC1C([H])=C(C([H])([H])[H])C([H])([H])C([H])([H])C1([H])[H] -> [H]ONC1C([H])([H])[C@]23C([H])([H])[C@]([H])(C2([H])[H])[C@@]13[H] (数据为None)
2025-11-10 15:34:14,477 - WARNING - 跳过第29115行分子对: [H]ONC1C([H])([H])C(C([H])([H])[H])=C([H])C([H])([H])C1([H])[H] -> [H]ONC1C([H])([H])[C@]23C([H])([H])[C@]([H])(C2([H])[H])[C@@]13[H] (数据为None)
2025-11-10 15:34:15,262 - WARNING - 跳过第29191行分子对: [H]ONC1C([H])([H])C([H])([H])C([H])([H])[C@]([H])(C([H])([H])[H])C1([H])[H] -> [H]ONC1C([H])([H])[C@]23C([H])([H])[C@]([H])(C2([H])[H])[C@@]13[H] (数据为None)
2025-11-10 15:34:16,023 - WARNING - 跳过第29259行分子对: [H]ONC1C([H])([H])C(C([H])([H])[H])=C(C([H])([H])[H])C1([H])[H] -> [H]ONC1C([H])([H])[C@]23C([H])([H])[C@]([H])(C2([H])[H])[C@@]13[H] (数据为None)
2025-11-10 15:34:16,791 - WARNING - 跳过第29362行分子对: [H]ONC1C([H])([H])C(C([H])([H])[H])=C([H])[C@]1([H])C([H])([H])[H] -> [H]ONC1C([H])([H])[C@]23C([H])([H])[C@]([H])(C2([H])[H])[C@@]13[H] (数据为None)
2025-11-10 15:34:17,298 - WARNING - 跳过第29437行分子对: [H][N-]C1O[C@]([H])(C([H])([H])[H])C(NO[H])C1([H])[H] -> [H]ONC1C([H])([H])[C@]23C([H])([H])[N@@H+](C2([H])[H])[C@@]13[H] (数据为None)
2025-11-10 15:34:18,074 - WARNING - 跳过第29554行分子对: [H]ONC1C([H])([H])[C@]2([H])C([H])([H])[C@@]1(C([H])([H])[H])C2([H])[H] -> [H]ONC1C([H])([H])[C@]23C([H])([H])[C@]([H])(C2([H])[H])[C@@]13[H] (数据为None)
2025-11-10 15:34:18,842 - WARNING - 跳过第29644行分子对: [H]O/N=C(\C([H])([H])[H])C([H])([H])C1([H])C([H])([H])C([H])([H])C1([H])[H] -> [H]ONC1C([H])([H])[C@]23C([H])([H])[C@]([H])(C2([H])[H])[C@@]13[H] (数据为None)
2025-11-10 15:34:19,581 - WARNING - 跳过第29737行分子对: [H]C#CC([H])([H])[C@]1([H])C([H])([H])[C@@H](NO[H])C1([H])[H] -> [H]ONC1C([H])([H])[C@]23C([H])([H])[C@]([H])(C2([H])[H])[C@@]13[H] (数据为None)
2025-11-10 15:34:20,348 - WARNING - 跳过第29820行分子对: [H]ON[C@H]1C([H])([H])[C@]([H])(C#CC([H])([H])[H])C1([H])[H] -> [H]ONC1C([H])([H])[C@]23C([H])([H])[C@]([H])(C2([H])[H])[C@@]13[H] (数据为None)
2025-11-10 15:34:21,111 - WARNING - 跳过第29860行分子对: [H]ON[C@H]1C([H])([H])[C@]([H])(C([H])([H])C([H])([H])C([H])([H])[H])C1([H])[H] -> [H]ONC1C([H])([H])[C@]23C([H])([H])[C@]([H])(C2([H])[H])[C@@]13[H] (数据为None)
2025-11-10 15:34:21,868 - WARNING - 跳过第29968行分子对: [H]ONC1C([H])([H])C2(C1([H])[H])C([H])([H])C([H])([H])C2([H])[H] -> [H]ONC1C([H])([H])[C@]23C([H])([H])[C@]([H])(C2([H])[H])[C@@]13[H] (数据为None)
2025-11-10 15:34:21,943 - INFO - 分子处理统计: 总数=60000, 命中=59967, 未命中=33, 命中率=99.94%
2025-11-10 15:34:21,968 - INFO - --- 训练集样本示例 (头部数据) ---
2025-11-10 15:34:21,969 - INFO -   样本       起始节点数        起始边数         目标节点数        目标边数         边特征             目标属性值          
2025-11-10 15:34:21,969 - INFO -   --------------------------------------------------------------------------------
2025-11-10 15:34:21,969 - INFO -   1        5            8            8            14           [1.0, 0.0, 0.   0.023518       
2025-11-10 15:34:21,969 - INFO -   2        3            4            6            10           [1.0, 0.0, 0.   -0.273184      
2025-11-10 15:34:21,969 - INFO -   3        4            6            11           20           [1.0, 0.0, 0.   0.077970       
2025-11-10 15:34:21,969 - INFO -   --------------------------------------------------------------------------------
2025-11-10 15:34:21,970 - INFO - 
数据构建完成:
2025-11-10 15:34:21,970 - INFO -   项目                   值                   
2025-11-10 15:34:21,970 - INFO -   ---------------------------------------- --------------------
2025-11-10 15:34:21,970 - INFO -   样本数                  29967               
2025-11-10 15:34:21,970 - INFO -   节点特征维度               11                  
2025-11-10 15:34:21,970 - INFO -   边特征维度                11                  
2025-11-10 15:34:21,970 - INFO -   目标属性变化维度             1                   
2025-11-10 15:34:21,973 - INFO - 数据集划分完成:
2025-11-10 15:34:21,973 - INFO -   - 训练集: 23973 (80.0%)
2025-11-10 15:34:21,973 - INFO -   - 验证集: 2996 (10.0%)
2025-11-10 15:34:21,973 - INFO -   - 测试集: 2998 (10.0%)
2025-11-10 15:34:22,019 - INFO - 正在创建模型...
2025-11-10 15:34:22,019 - INFO - 模型参数数量: 2117249
2025-11-10 15:34:22,019 - INFO - 使用设备: cuda
2025-11-10 15:34:22,597 - INFO - 开始训练 (200 轮)...
2025-11-10 15:34:46,229 - INFO - Epoch [10/200], Train Loss: 0.512293, Val Loss: 0.518238, R²: 0.3905, MAE: 0.5182
2025-11-10 15:35:08,568 - INFO - Epoch [20/200], Train Loss: 0.435265, Val Loss: 0.440160, R²: 0.4818, MAE: 0.4402
2025-11-10 15:35:30,974 - INFO - Epoch [30/200], Train Loss: 0.390356, Val Loss: 0.400553, R²: 0.5429, MAE: 0.4006
2025-11-10 15:35:53,717 - INFO - Epoch [40/200], Train Loss: 0.346552, Val Loss: 0.367996, R²: 0.5807, MAE: 0.3680
2025-11-10 15:36:16,308 - INFO - Epoch [50/200], Train Loss: 0.313602, Val Loss: 0.338979, R²: 0.6187, MAE: 0.3390
2025-11-10 15:36:38,608 - INFO - Epoch [60/200], Train Loss: 0.280875, Val Loss: 0.311425, R²: 0.6659, MAE: 0.3114
2025-11-10 15:37:01,162 - INFO - Epoch [70/200], Train Loss: 0.248050, Val Loss: 0.298988, R²: 0.6935, MAE: 0.2990
2025-11-10 15:37:23,690 - INFO - Epoch [80/200], Train Loss: 0.228185, Val Loss: 0.280825, R²: 0.7181, MAE: 0.2808
2025-11-10 15:37:46,430 - INFO - Epoch [90/200], Train Loss: 0.170075, Val Loss: 0.240873, R²: 0.7561, MAE: 0.2409
2025-11-10 15:38:09,407 - INFO - Epoch [100/200], Train Loss: 0.156494, Val Loss: 0.242658, R²: 0.7526, MAE: 0.2427
2025-11-10 15:38:32,199 - INFO - Epoch [110/200], Train Loss: 0.134276, Val Loss: 0.229225, R²: 0.7654, MAE: 0.2292
2025-11-10 15:38:54,388 - INFO - Epoch [120/200], Train Loss: 0.131677, Val Loss: 0.229054, R²: 0.7653, MAE: 0.2291
2025-11-10 15:39:17,592 - INFO - Epoch [130/200], Train Loss: 0.130601, Val Loss: 0.229003, R²: 0.7653, MAE: 0.2290
2025-11-10 15:39:39,931 - INFO - Epoch [140/200], Train Loss: 0.130959, Val Loss: 0.228999, R²: 0.7654, MAE: 0.2290
2025-11-10 15:40:02,064 - INFO - Epoch [150/200], Train Loss: 0.130702, Val Loss: 0.228937, R²: 0.7654, MAE: 0.2289
2025-11-10 15:40:25,250 - INFO - Epoch [160/200], Train Loss: 0.130406, Val Loss: 0.228907, R²: 0.7654, MAE: 0.2289
2025-11-10 15:40:41,080 - INFO - 早停机制触发，在第 167 轮停止训练
2025-11-10 15:40:41,081 - INFO - 开始训练 (200 轮)...
2025-11-10 15:40:42,238 - INFO - 模型已保存至: /home/data2/rhj/project/mol_editor/mol_evo/../mol_evo/output/v0/MoleculeEvolutionGCNTransformerLinearPredictor/train-20251110_153352-mu_change-30000-200/last.pth
2025-11-10 15:40:42,239 - INFO - 
2025-11-10 15:40:42,239 - INFO - ============================================================
2025-11-10 15:40:42,239 - INFO - 训练完成 - 最终评估结果
2025-11-10 15:40:42,239 - INFO - ============================================================
2025-11-10 15:40:42,239 - INFO - 测试集损失: 0.221000
2025-11-10 15:40:42,239 - INFO - RMSE: 0.442585
2025-11-10 15:40:42,239 - INFO - MAE: 0.221000
2025-11-10 15:40:42,239 - INFO - R²: 0.783199
2025-11-10 15:40:42,239 - INFO - PCC: 0.885924
2025-11-10 15:40:42,239 - INFO - Rank Loss: 0.420521
2025-11-10 15:40:42,239 - INFO - 
2025-11-10 15:40:42,239 - INFO - 阈值准确率:
2025-11-10 15:40:42,239 - INFO -   阈值 0.5: 87.02%
2025-11-10 15:40:42,239 - INFO -   阈值 0.4: 83.96%
2025-11-10 15:40:42,239 - INFO -   阈值 0.30000000000000004: 79.49%
2025-11-10 15:40:42,239 - INFO -   阈值 0.20000000000000004: 73.45%
2025-11-10 15:40:42,239 - INFO -   阈值 0.10000000000000003: 59.01%
2025-11-10 15:40:42,239 - INFO -   阈值 0.05000000000000002: 38.16%
2025-11-10 15:40:42,239 - INFO - 
2025-11-10 15:40:42,239 - INFO - 训练完成:
2025-11-10 15:40:42,239 - INFO -   - 最终训练损失: 0.130547
2025-11-10 15:40:42,240 - INFO -   - 最佳验证损失: 0.228842
2025-11-10 15:40:42,240 - INFO -   - 测试损失 (MSE): 0.221000
2025-11-10 15:40:42,240 - INFO -   - 测试RMSE: 0.442585
2025-11-10 15:40:42,240 - INFO -   - 测试MAE: 0.221000
2025-11-10 15:40:42,240 - INFO -   - 测试R²: 0.783199
2025-11-10 15:40:42,240 - INFO -   - 测试PCC: 0.885924
2025-11-10 15:40:42,240 - INFO -   - 测试Rank Loss: 0.420521
2025-11-10 15:40:42,240 - INFO -   - 测试阈值准确率 (0.5): 0.8702
2025-11-10 15:40:42,240 - INFO -   - 测试阈值准确率 (0.4): 0.8396
2025-11-10 15:40:42,240 - INFO -   - 测试阈值准确率 (0.30000000000000004): 0.7949
2025-11-10 15:40:42,240 - INFO -   - 测试阈值准确率 (0.20000000000000004): 0.7345
2025-11-10 15:40:42,240 - INFO -   - 测试阈值准确率 (0.10000000000000003): 0.5901
2025-11-10 15:40:42,240 - INFO -   - 测试阈值准确率 (0.05000000000000002): 0.3816
2025-11-10 15:40:42,240 - INFO -   - 模型已保存到: /home/data2/rhj/project/mol_editor/mol_evo/../mol_evo/output/v0/MoleculeEvolutionGCNTransformerLinearPredictor/train-20251110_153352-mu_change-30000-200/last.pth
2025-11-10 15:40:42,240 - INFO - 训练结果已保存到: /home/data2/rhj/project/mol_editor/mol_evo/../mol_evo/output/v0/MoleculeEvolutionGCNTransformerLinearPredictor/train-20251110_153352-mu_change-30000-200/training_results.json
2025-11-10 15:40:42,240 - INFO - 模型目录: /home/data2/rhj/project/mol_editor/mol_evo/../mol_evo/output/v0/MoleculeEvolutionGCNTransformerLinearPredictor/train-20251110_153352-mu_change-30000-200
