2025-11-12 09:25:23,471 - INFO - ============================================================
2025-11-12 09:25:23,471 - INFO - 数据文件: mol_evo/dataset/data/qm9-evo-pairs-step-1-with-properties-pct.csv
2025-11-12 09:25:23,471 - INFO - 最大对数: 30000
2025-11-12 09:25:23,471 - INFO - 训练轮数: 200
2025-11-12 09:25:23,471 - INFO - ============================================================
2025-11-12 09:25:23,471 - INFO - 正在构建图数据: mol_evo/dataset/data/qm9-evo-pairs-step-1-with-properties-pct.csv
2025-11-12 09:25:24,128 - INFO - 加载缓存文件: /home/data2/rhj/project/mol_editor/mol_evo/core/utils/../../.cache/molecule_graphs/csv_qm9-evo-pairs-step-1-with-properties-pct_3cbb45cc1ac9202d.pt，包含 1994 个分子
2025-11-12 09:25:28,572 - WARNING - 跳过第25871行分子对: [H]O/N=C(\C([H])([H])[H])C([H])([H])C(C([H])([H])[H])(C([H])([H])[H])C([H])([H])[H] -> [H]ONC1C([H])([H])[C@]23C([H])([H])[C@]([H])(C2([H])[H])[C@@]13[H] (数据为None)
2025-11-12 09:25:29,344 - WARNING - 跳过第25984行分子对: [H]O/N=C(/C([H])([H])C([H])([H])[H])C(C([H])([H])[H])(C([H])([H])[H])C([H])([H])[H] -> [H]ONC1C([H])([H])[C@]23C([H])([H])[C@]([H])(C2([H])[H])[C@@]13[H] (数据为None)
2025-11-12 09:25:30,131 - WARNING - 跳过第26175行分子对: [H]O/N=C(\C([H])([H])[H])C(C([H])([H])[H])(C([H])([H])[H])C([H])([H])C([H])([H])[H] -> [H]ONC1C([H])([H])[C@]23C([H])([H])[C@]([H])(C2([H])[H])[C@@]13[H] (数据为None)
2025-11-12 09:25:30,977 - WARNING - 跳过第26431行分子对: [H]O/N=C(\C([H])([H])[H])C([H])([H])C([H])([H])C([H])(C([H])([H])[H])C([H])([H])[H] -> [H]ONC1C([H])([H])[C@]23C([H])([H])[C@]([H])(C2([H])[H])[C@@]13[H] (数据为None)
2025-11-12 09:25:31,741 - WARNING - 跳过第26530行分子对: [H]ONC1C(C([H])([H])[H])(C([H])([H])[H])C([H])([H])[C@]1([H])C([H])([H])[H] -> [H]ONC1C([H])([H])[C@]23C([H])([H])[C@]([H])(C2([H])[H])[C@@]13[H] (数据为None)
2025-11-12 09:25:32,528 - WARNING - 跳过第26630行分子对: [H]ONC1C([H])=C([H])C(C([H])([H])[H])(C([H])([H])[H])C1([H])[H] -> [H]ONC1C([H])([H])[C@]23C([H])([H])[C@]([H])(C2([H])[H])[C@@]13[H] (数据为None)
2025-11-12 09:25:33,301 - WARNING - 跳过第26691行分子对: [H]ONC1C([H])([H])C([H])([H])C(C([H])([H])[H])(C([H])([H])[H])C1([H])[H] -> [H]ONC1C([H])([H])[C@]23C([H])([H])[C@]([H])(C2([H])[H])[C@@]13[H] (数据为None)
2025-11-12 09:25:34,094 - WARNING - 跳过第26895行分子对: [H]O/N=C(\C([H])([H])C([H])([H])[H])C([H])([H])C([H])(C([H])([H])[H])C([H])([H])[H] -> [H]ONC1C([H])([H])[C@]23C([H])([H])[C@]([H])(C2([H])[H])[C@@]13[H] (数据为None)
2025-11-12 09:25:34,888 - WARNING - 跳过第27044行分子对: [H]C#C[C@]1(C([H])([H])[H])C([H])([H])[C@@H](NO[H])C1([H])[H] -> [H]ONC1C([H])([H])[C@]23C([H])([H])[C@]([H])(C2([H])[H])[C@@]13[H] (数据为None)
2025-11-12 09:25:35,693 - WARNING - 跳过第27152行分子对: [H]ON[C@H]1C([H])([H])[C@](C([H])([H])[H])(C([H])([H])C([H])([H])[H])C1([H])[H] -> [H]ONC1C([H])([H])[C@]23C([H])([H])[C@]([H])(C2([H])[H])[C@@]13[H] (数据为None)
2025-11-12 09:25:36,468 - WARNING - 跳过第27266行分子对: [H]O/N=C(\C([H])([H])[H])C([H])([H])C1(C([H])([H])[H])C([H])([H])C1([H])[H] -> [H]ONC1C([H])([H])[C@]23C([H])([H])[C@]([H])(C2([H])[H])[C@@]13[H] (数据为None)
2025-11-12 09:25:37,292 - WARNING - 跳过第27714行分子对: [H]O/N=C(\C([H])([H])[H])C([H])([H])C([H])([H])C([H])([H])C([H])([H])C([H])([H])[H] -> [H]ONC1C([H])([H])[C@]23C([H])([H])[C@]([H])(C2([H])[H])[C@@]13[H] (数据为None)
2025-11-12 09:25:38,058 - WARNING - 跳过第27835行分子对: [H]ONC1C([H])([H])C([H])=C([H])C1(C([H])([H])[H])C([H])([H])[H] -> [H]ONC1C([H])([H])[C@]23C([H])([H])[C@]([H])(C2([H])[H])[C@@]13[H] (数据为None)
2025-11-12 09:25:38,829 - WARNING - 跳过第27878行分子对: [H]ONC1=C([H])[C-]([H])C([H])([H])C1(C([H])([H])[H])C([H])([H])[H] -> [H]ONC1C([H])([H])[C@]23C([H])([H])[C@]([H])(C2([H])[H])[C@@]13[H] (数据为None)
2025-11-12 09:25:39,581 - WARNING - 跳过第27924行分子对: [H]ONC1C([H])([H])C([H])([H])C([H])([H])C1(C([H])([H])[H])C([H])([H])[H] -> [H]ONC1C([H])([H])[C@]23C([H])([H])[C@]([H])(C2([H])[H])[C@@]13[H] (数据为None)
2025-11-12 09:25:40,379 - WARNING - 跳过第28107行分子对: [H]ON=C(C([H])([H])C([H])([H])C([H])([H])[H])C([H])([H])C([H])([H])C([H])([H])[H] -> [H]ONC1C([H])([H])[C@]23C([H])([H])[C@]([H])(C2([H])[H])[C@@]13[H] (数据为None)
2025-11-12 09:25:41,196 - WARNING - 跳过第28312行分子对: [H]O/N=C(/C([H])([H])C([H])([H])C([H])([H])[H])C([H])(C([H])([H])[H])C([H])([H])[H] -> [H]ONC1C([H])([H])[C@]23C([H])([H])[C@]([H])(C2([H])[H])[C@@]13[H] (数据为None)
2025-11-12 09:25:42,006 - WARNING - 跳过第28519行分子对: [H]ON=C(C([H])(C([H])([H])[H])C([H])([H])[H])C([H])(C([H])([H])[H])C([H])([H])[H] -> [H]ONC1C([H])([H])[C@]23C([H])([H])[C@]([H])(C2([H])[H])[C@@]13[H] (数据为None)
2025-11-12 09:25:42,813 - WARNING - 跳过第28649行分子对: [H]O/N=C(\C([H])([H])[H])C1(C([H])([H])[H])C([H])([H])C([H])([H])C1([H])[H] -> [H]ONC1C([H])([H])[C@]23C([H])([H])[C@]([H])(C2([H])[H])[C@@]13[H] (数据为None)
2025-11-12 09:25:43,610 - WARNING - 跳过第28853行分子对: [H]ON[C@H]1C([H])([H])[C@]([H])(C([H])(C([H])([H])[H])C([H])([H])[H])C1([H])[H] -> [H]ONC1C([H])([H])[C@]23C([H])([H])[C@]([H])(C2([H])[H])[C@@]13[H] (数据为None)
2025-11-12 09:25:44,368 - WARNING - 跳过第28960行分子对: [H]O/N=C(\C([H])([H])[H])[C@]1([H])C([H])([H])[C@@]([H])(C([H])([H])[H])C1([H])[H] -> [H]ONC1C([H])([H])[C@]23C([H])([H])[C@]([H])(C2([H])[H])[C@@]13[H] (数据为None)
2025-11-12 09:25:45,174 - WARNING - 跳过第29052行分子对: [H]ONC1C([H])=C(C([H])([H])[H])C([H])([H])C([H])([H])C1([H])[H] -> [H]ONC1C([H])([H])[C@]23C([H])([H])[C@]([H])(C2([H])[H])[C@@]13[H] (数据为None)
2025-11-12 09:25:45,943 - WARNING - 跳过第29115行分子对: [H]ONC1C([H])([H])C(C([H])([H])[H])=C([H])C([H])([H])C1([H])[H] -> [H]ONC1C([H])([H])[C@]23C([H])([H])[C@]([H])(C2([H])[H])[C@@]13[H] (数据为None)
2025-11-12 09:25:46,740 - WARNING - 跳过第29191行分子对: [H]ONC1C([H])([H])C([H])([H])C([H])([H])[C@]([H])(C([H])([H])[H])C1([H])[H] -> [H]ONC1C([H])([H])[C@]23C([H])([H])[C@]([H])(C2([H])[H])[C@@]13[H] (数据为None)
2025-11-12 09:25:47,521 - WARNING - 跳过第29259行分子对: [H]ONC1C([H])([H])C(C([H])([H])[H])=C(C([H])([H])[H])C1([H])[H] -> [H]ONC1C([H])([H])[C@]23C([H])([H])[C@]([H])(C2([H])[H])[C@@]13[H] (数据为None)
2025-11-12 09:25:48,339 - WARNING - 跳过第29362行分子对: [H]ONC1C([H])([H])C(C([H])([H])[H])=C([H])[C@]1([H])C([H])([H])[H] -> [H]ONC1C([H])([H])[C@]23C([H])([H])[C@]([H])(C2([H])[H])[C@@]13[H] (数据为None)
2025-11-12 09:25:48,872 - WARNING - 跳过第29437行分子对: [H][N-]C1O[C@]([H])(C([H])([H])[H])C(NO[H])C1([H])[H] -> [H]ONC1C([H])([H])[C@]23C([H])([H])[N@@H+](C2([H])[H])[C@@]13[H] (数据为None)
2025-11-12 09:25:49,663 - WARNING - 跳过第29554行分子对: [H]ONC1C([H])([H])[C@]2([H])C([H])([H])[C@@]1(C([H])([H])[H])C2([H])[H] -> [H]ONC1C([H])([H])[C@]23C([H])([H])[C@]([H])(C2([H])[H])[C@@]13[H] (数据为None)
2025-11-12 09:25:50,450 - WARNING - 跳过第29644行分子对: [H]O/N=C(\C([H])([H])[H])C([H])([H])C1([H])C([H])([H])C([H])([H])C1([H])[H] -> [H]ONC1C([H])([H])[C@]23C([H])([H])[C@]([H])(C2([H])[H])[C@@]13[H] (数据为None)
2025-11-12 09:25:51,223 - WARNING - 跳过第29737行分子对: [H]C#CC([H])([H])[C@]1([H])C([H])([H])[C@@H](NO[H])C1([H])[H] -> [H]ONC1C([H])([H])[C@]23C([H])([H])[C@]([H])(C2([H])[H])[C@@]13[H] (数据为None)
2025-11-12 09:25:52,020 - WARNING - 跳过第29820行分子对: [H]ON[C@H]1C([H])([H])[C@]([H])(C#CC([H])([H])[H])C1([H])[H] -> [H]ONC1C([H])([H])[C@]23C([H])([H])[C@]([H])(C2([H])[H])[C@@]13[H] (数据为None)
2025-11-12 09:25:52,791 - WARNING - 跳过第29860行分子对: [H]ON[C@H]1C([H])([H])[C@]([H])(C([H])([H])C([H])([H])C([H])([H])[H])C1([H])[H] -> [H]ONC1C([H])([H])[C@]23C([H])([H])[C@]([H])(C2([H])[H])[C@@]13[H] (数据为None)
2025-11-12 09:25:53,573 - WARNING - 跳过第29968行分子对: [H]ONC1C([H])([H])C2(C1([H])[H])C([H])([H])C([H])([H])C2([H])[H] -> [H]ONC1C([H])([H])[C@]23C([H])([H])[C@]([H])(C2([H])[H])[C@@]13[H] (数据为None)
2025-11-12 09:25:53,695 - INFO - 分子处理统计: 总数=60000, 命中=59967, 未命中=33, 命中率=99.94%
2025-11-12 09:25:53,721 - INFO - --- 训练集样本示例 (头部数据) ---
2025-11-12 09:25:53,721 - INFO -   样本       起始节点数        起始边数         目标节点数        目标边数         边特征             目标属性值          
2025-11-12 09:25:53,721 - INFO -   --------------------------------------------------------------------------------
2025-11-12 09:25:53,743 - INFO -   1        5            8            8            14           [0.0, 1.0, 0.   0.085322       
2025-11-12 09:25:53,743 - INFO -   2        3            4            6            10           [0.0, 1.0, 0.   0.127646       
2025-11-12 09:25:53,743 - INFO -   3        4            6            11           20           [0.0, 1.0, 0.   0.250869       
2025-11-12 09:25:53,743 - INFO -   --------------------------------------------------------------------------------
2025-11-12 09:25:53,743 - INFO - 
数据构建完成:
2025-11-12 09:25:53,743 - INFO -   项目                   值                   
2025-11-12 09:25:53,743 - INFO -   ---------------------------------------- --------------------
2025-11-12 09:25:53,743 - INFO -   样本数                  29967               
2025-11-12 09:25:53,743 - INFO -   节点特征维度               11                  
2025-11-12 09:25:53,743 - INFO -   边特征维度                25                  
2025-11-12 09:25:53,743 - INFO -   目标属性变化维度             1                   
2025-11-12 09:25:53,746 - INFO - 数据集划分完成:
2025-11-12 09:25:53,746 - INFO -   - 训练集: 23973 (80.0%)
2025-11-12 09:25:53,746 - INFO -   - 验证集: 2996 (10.0%)
2025-11-12 09:25:53,746 - INFO -   - 测试集: 2998 (10.0%)
2025-11-12 09:25:53,821 - INFO - 更新模型边特征维度: 11 -> 25
2025-11-12 09:25:53,981 - INFO - 正在创建模型...
2025-11-12 09:25:53,982 - INFO - 模型参数数量: 4452301
2025-11-12 09:25:53,982 - INFO - 使用设备: cuda
2025-11-12 09:25:56,011 - INFO - 开始训练 (200 轮)...
2025-11-12 09:30:47,143 - INFO - Epoch [10/200], Train Loss: 0.167185, Val Loss: 0.144246, R²: 0.2976, MAE: 0.1442
2025-11-12 09:35:31,109 - INFO - Epoch [20/200], Train Loss: 0.117431, Val Loss: 0.097668, R²: 0.3945, MAE: 0.0977
2025-11-12 09:40:15,596 - INFO - Epoch [30/200], Train Loss: 0.097407, Val Loss: 0.082457, R²: 0.4879, MAE: 0.0825
2025-11-12 09:45:03,109 - INFO - Epoch [40/200], Train Loss: 0.081694, Val Loss: 0.075679, R²: 0.5159, MAE: 0.0757
2025-11-12 09:49:47,126 - INFO - Epoch [50/200], Train Loss: 0.068168, Val Loss: 0.059793, R²: 0.5903, MAE: 0.0598
2025-11-12 09:54:32,261 - INFO - Epoch [60/200], Train Loss: 0.052047, Val Loss: 0.047854, R²: 0.6722, MAE: 0.0479
2025-11-12 09:59:16,540 - INFO - Epoch [70/200], Train Loss: 0.045956, Val Loss: 0.043202, R²: 0.7154, MAE: 0.0432
2025-11-12 10:04:00,899 - INFO - Epoch [80/200], Train Loss: 0.042210, Val Loss: 0.042595, R²: 0.7396, MAE: 0.0426
2025-11-12 10:08:42,968 - INFO - Epoch [90/200], Train Loss: 0.035254, Val Loss: 0.036722, R²: 0.7545, MAE: 0.0367
2025-11-12 10:13:25,141 - INFO - Epoch [100/200], Train Loss: 0.033236, Val Loss: 0.036463, R²: 0.7570, MAE: 0.0365
2025-11-12 10:18:09,564 - INFO - Epoch [110/200], Train Loss: 0.032171, Val Loss: 0.035148, R²: 0.7598, MAE: 0.0351
2025-11-12 10:22:52,642 - INFO - Epoch [120/200], Train Loss: 0.031242, Val Loss: 0.034678, R²: 0.7672, MAE: 0.0347
2025-11-12 10:27:36,334 - INFO - Epoch [130/200], Train Loss: 0.029366, Val Loss: 0.033479, R²: 0.7706, MAE: 0.0335
2025-11-12 10:32:20,307 - INFO - Epoch [140/200], Train Loss: 0.028773, Val Loss: 0.033298, R²: 0.7733, MAE: 0.0333
2025-11-12 10:37:02,601 - INFO - Epoch [150/200], Train Loss: 0.028605, Val Loss: 0.033235, R²: 0.7735, MAE: 0.0332
2025-11-12 10:41:45,124 - INFO - Epoch [160/200], Train Loss: 0.028482, Val Loss: 0.033095, R²: 0.7746, MAE: 0.0331
2025-11-12 10:46:26,678 - INFO - Epoch [170/200], Train Loss: 0.028356, Val Loss: 0.033030, R²: 0.7754, MAE: 0.0330
2025-11-12 10:51:08,696 - INFO - Epoch [180/200], Train Loss: 0.028208, Val Loss: 0.032976, R²: 0.7767, MAE: 0.0330
2025-11-12 10:55:50,489 - INFO - Epoch [190/200], Train Loss: 0.028094, Val Loss: 0.032930, R²: 0.7771, MAE: 0.0329
2025-11-12 11:00:34,983 - INFO - Epoch [200/200], Train Loss: 0.027948, Val Loss: 0.032806, R²: 0.7783, MAE: 0.0328
2025-11-12 11:00:34,984 - INFO - 开始训练 (200 轮)...
2025-11-12 11:00:37,496 - INFO - 模型已保存至: /home/data2/rhj/project/mol_editor/mol_evo/../mol_evo/output/v0/MoleculeEvolutionVisnetLinearPredictor/train-20251112_092523-lumo_change_pct-30000-200/last.pth
2025-11-12 11:00:37,496 - INFO - 
2025-11-12 11:00:37,496 - INFO - ============================================================
2025-11-12 11:00:37,496 - INFO - 训练完成 - 最终评估结果
2025-11-12 11:00:37,496 - INFO - ============================================================
2025-11-12 11:00:37,497 - INFO - 测试集损失: 0.070469
2025-11-12 11:00:37,497 - INFO - RMSE: 1.572002
2025-11-12 11:00:37,497 - INFO - MAE: 0.070469
2025-11-12 11:00:37,497 - INFO - R²: 0.117627
2025-11-12 11:00:37,497 - INFO - PCC: 0.347095
2025-11-12 11:00:37,497 - INFO - Rank Loss: 0.702815
2025-11-12 11:00:37,497 - INFO - 
2025-11-12 11:00:37,497 - INFO - 阈值准确率:
2025-11-12 11:00:37,497 - INFO -   阈值 0.5: 98.83%
2025-11-12 11:00:37,497 - INFO -   阈值 0.4: 98.63%
2025-11-12 11:00:37,497 - INFO -   阈值 0.30000000000000004: 98.37%
2025-11-12 11:00:37,497 - INFO -   阈值 0.20000000000000004: 97.87%
2025-11-12 11:00:37,497 - INFO -   阈值 0.10000000000000003: 96.50%
2025-11-12 11:00:37,497 - INFO -   阈值 0.05000000000000002: 93.70%
2025-11-12 11:00:37,497 - INFO -   阈值 0.040000000000000015: 92.86%
2025-11-12 11:00:37,497 - INFO -   阈值 0.030000000000000013: 91.39%
2025-11-12 11:00:37,497 - INFO -   阈值 0.02000000000000001: 88.99%
2025-11-12 11:00:37,497 - INFO -   阈值 0.01000000000000001: 82.62%
2025-11-12 11:00:37,497 - INFO -   阈值 0.005000000000000005: 74.32%
2025-11-12 11:00:37,497 - INFO -   阈值 0.004000000000000005: 71.38%
2025-11-12 11:00:37,497 - INFO -   阈值 0.0030000000000000053: 66.38%
2025-11-12 11:00:37,497 - INFO -   阈值 0.0020000000000000052: 58.77%
2025-11-12 11:00:37,497 - INFO -   阈值 0.0010000000000000052: 43.43%
2025-11-12 11:00:37,497 - INFO - 
2025-11-12 11:00:37,497 - INFO - 训练完成:
2025-11-12 11:00:37,498 - INFO -   - 最终训练损失: 0.027948
2025-11-12 11:00:37,498 - INFO -   - 最佳验证损失: 0.032806
2025-11-12 11:00:37,498 - INFO -   - 测试损失 (MSE): 0.070469
2025-11-12 11:00:37,498 - INFO -   - 测试RMSE: 1.572002
2025-11-12 11:00:37,498 - INFO -   - 测试MAE: 0.070469
2025-11-12 11:00:37,498 - INFO -   - 测试R²: 0.117627
2025-11-12 11:00:37,498 - INFO -   - 测试PCC: 0.347095
2025-11-12 11:00:37,498 - INFO -   - 测试Rank Loss: 0.702815
2025-11-12 11:00:37,498 - INFO -   - 测试阈值准确率 (0.5): 0.9883
2025-11-12 11:00:37,498 - INFO -   - 测试阈值准确率 (0.4): 0.9863
2025-11-12 11:00:37,498 - INFO -   - 测试阈值准确率 (0.30000000000000004): 0.9837
2025-11-12 11:00:37,498 - INFO -   - 测试阈值准确率 (0.20000000000000004): 0.9787
2025-11-12 11:00:37,498 - INFO -   - 测试阈值准确率 (0.10000000000000003): 0.9650
2025-11-12 11:00:37,498 - INFO -   - 测试阈值准确率 (0.05000000000000002): 0.9370
2025-11-12 11:00:37,498 - INFO -   - 测试阈值准确率 (0.040000000000000015): 0.9286
2025-11-12 11:00:37,498 - INFO -   - 测试阈值准确率 (0.030000000000000013): 0.9139
2025-11-12 11:00:37,498 - INFO -   - 测试阈值准确率 (0.02000000000000001): 0.8899
2025-11-12 11:00:37,498 - INFO -   - 测试阈值准确率 (0.01000000000000001): 0.8262
2025-11-12 11:00:37,498 - INFO -   - 测试阈值准确率 (0.005000000000000005): 0.7432
2025-11-12 11:00:37,498 - INFO -   - 测试阈值准确率 (0.004000000000000005): 0.7138
2025-11-12 11:00:37,498 - INFO -   - 测试阈值准确率 (0.0030000000000000053): 0.6638
2025-11-12 11:00:37,498 - INFO -   - 测试阈值准确率 (0.0020000000000000052): 0.5877
2025-11-12 11:00:37,498 - INFO -   - 测试阈值准确率 (0.0010000000000000052): 0.4343
2025-11-12 11:00:37,498 - INFO -   - 模型已保存到: /home/data2/rhj/project/mol_editor/mol_evo/../mol_evo/output/v0/MoleculeEvolutionVisnetLinearPredictor/train-20251112_092523-lumo_change_pct-30000-200/last.pth
2025-11-12 11:00:37,499 - INFO - 训练结果已保存到: /home/data2/rhj/project/mol_editor/mol_evo/../mol_evo/output/v0/MoleculeEvolutionVisnetLinearPredictor/train-20251112_092523-lumo_change_pct-30000-200/training_results.json
2025-11-12 11:00:37,499 - INFO - 模型目录: /home/data2/rhj/project/mol_editor/mol_evo/../mol_evo/output/v0/MoleculeEvolutionVisnetLinearPredictor/train-20251112_092523-lumo_change_pct-30000-200
