2025-10-29 07:08:16,562 - INFO - ============================================================
2025-10-29 07:08:16,562 - INFO - 数据文件: mol_evo/dataset/data/qm9-evo-pairs-step-1-with-properties-pct.csv
2025-10-29 07:08:16,562 - INFO - 最大对数: 20000
2025-10-29 07:08:16,562 - INFO - 训练轮数: 100
2025-10-29 07:08:16,562 - INFO - ============================================================
2025-10-29 07:08:16,562 - INFO - 正在构建图数据: mol_evo/dataset/data/qm9-evo-pairs-step-1-with-properties-pct.csv
2025-10-29 07:08:17,257 - INFO - 加载缓存文件: /home/data2/rhj/project/mol_editor/mol_evo/core/utils/../../.cache/molecule_graphs/csv_qm9-evo-pairs-step-1-with-properties-pct_3cbb45cc1ac9202d.pt，包含 1994 个分子
2025-10-29 07:08:20,187 - INFO - 分子处理统计: 总数=40000, 命中=40000, 未命中=0, 命中率=100.00%
2025-10-29 07:08:20,224 - INFO - --- 训练集样本示例 (头部数据) ---
2025-10-29 07:08:20,224 - INFO -   样本       起始节点数        起始边数         目标节点数        目标边数         边特征             目标属性值          
2025-10-29 07:08:20,224 - INFO -   --------------------------------------------------------------------------------
2025-10-29 07:08:20,225 - INFO -   1        5            8            8            14           [1.0, 0.0, 0.   0.030842       
2025-10-29 07:08:20,225 - INFO -   2        3            4            6            10           [1.0, 0.0, 0.   -0.261117      
2025-10-29 07:08:20,225 - INFO -   3        4            6            11           20           [1.0, 0.0, 0.   0.084423       
2025-10-29 07:08:20,225 - INFO -   --------------------------------------------------------------------------------
2025-10-29 07:08:20,225 - INFO - 
数据构建完成:
2025-10-29 07:08:20,225 - INFO -   项目                   值                   
2025-10-29 07:08:20,225 - INFO -   ---------------------------------------- --------------------
2025-10-29 07:08:20,225 - INFO -   样本数                  20000               
2025-10-29 07:08:20,225 - INFO -   节点特征维度               11                  
2025-10-29 07:08:20,225 - INFO -   边特征维度                11                  
2025-10-29 07:08:20,225 - INFO -   目标属性变化维度             1                   
2025-10-29 07:08:20,227 - INFO - 数据集划分完成:
2025-10-29 07:08:20,227 - INFO -   - 训练集: 16000 (80.0%)
2025-10-29 07:08:20,227 - INFO -   - 验证集: 2000 (10.0%)
2025-10-29 07:08:20,228 - INFO -   - 测试集: 2000 (10.0%)
2025-10-29 07:08:20,352 - INFO - 正在创建模型...
2025-10-29 07:08:20,352 - INFO - 模型参数数量: 3264513
2025-10-29 07:08:20,352 - INFO - 使用设备: cuda
2025-10-29 07:08:20,641 - INFO - 开始训练 (100 轮)...
2025-10-29 07:08:35,999 - INFO - Epoch [10/100], Train Loss: 0.748707, Val Loss: 0.746098, R²: -0.0003, MAE: 0.7461
2025-10-29 07:08:50,726 - INFO - Epoch [20/100], Train Loss: 0.748668, Val Loss: 0.746031, R²: -0.0001, MAE: 0.7460
2025-10-29 07:09:00,464 - INFO - 警告: 在第 27 轮检测到NaN或inf损失值，停止训练
2025-10-29 07:09:00,464 - INFO - 早停机制触发，在第 27 轮停止训练
2025-10-29 07:09:00,464 - INFO - 开始训练 (100 轮)...
2025-10-29 07:09:01,522 - INFO - 模型已保存至: /home/data2/rhj/project/mol_editor/mol_evo/../mol_evo/output/v0/MoleculeEvolutionGCNTransformerPredictor/train-20251029_070816-mu_change-20000-100/last.pth
2025-10-29 07:09:01,522 - INFO - 
2025-10-29 07:09:01,523 - INFO - ============================================================
2025-10-29 07:09:01,523 - INFO - 训练完成 - 最终评估结果
2025-10-29 07:09:01,523 - INFO - ============================================================
2025-10-29 07:09:01,523 - INFO - 测试集损失: nan
2025-10-29 07:09:01,523 - INFO - RMSE: nan
2025-10-29 07:09:01,523 - INFO - MAE: nan
2025-10-29 07:09:01,523 - INFO - R²: nan
2025-10-29 07:09:01,523 - INFO - PCC: nan
2025-10-29 07:09:01,523 - INFO - Rank Loss: nan
2025-10-29 07:09:01,523 - INFO - 
2025-10-29 07:09:01,523 - INFO - 阈值准确率:
2025-10-29 07:09:01,523 - INFO -   阈值 0.5: 0.00%
2025-10-29 07:09:01,523 - INFO - 
2025-10-29 07:09:01,523 - INFO - 训练完成:
2025-10-29 07:09:01,523 - INFO -   - 最终训练损失: 0.748609
2025-10-29 07:09:01,523 - INFO -   - 最佳验证损失: 0.746012
2025-10-29 07:09:01,523 - INFO -   - 测试损失 (MSE): nan
2025-10-29 07:09:01,523 - INFO -   - 测试RMSE: nan
2025-10-29 07:09:01,523 - INFO -   - 测试MAE: nan
2025-10-29 07:09:01,523 - INFO -   - 测试R²: nan
2025-10-29 07:09:01,524 - INFO -   - 测试PCC: nan
2025-10-29 07:09:01,524 - INFO -   - 测试Rank Loss: nan
2025-10-29 07:09:01,524 - INFO -   - 测试阈值准确率 (0.5): 0.0000
2025-10-29 07:09:01,524 - INFO -   - 模型已保存到: /home/data2/rhj/project/mol_editor/mol_evo/../mol_evo/output/v0/MoleculeEvolutionGCNTransformerPredictor/train-20251029_070816-mu_change-20000-100/last.pth
2025-10-29 07:09:01,524 - INFO - 训练结果已保存到: /home/data2/rhj/project/mol_editor/mol_evo/../mol_evo/output/v0/MoleculeEvolutionGCNTransformerPredictor/train-20251029_070816-mu_change-20000-100/training_results.json
2025-10-29 07:09:01,524 - INFO - 模型目录: /home/data2/rhj/project/mol_editor/mol_evo/../mol_evo/output/v0/MoleculeEvolutionGCNTransformerPredictor/train-20251029_070816-mu_change-20000-100
