2025-10-10 22:36:01,928 - INFO - training_file - ============================================================
2025-10-10 22:36:01,928 - INFO - training_console - ============================================================
2025-10-10 22:36:01,929 - INFO - training_file - 基于NNConv的分子进化预测器模型训练开始
2025-10-10 22:36:01,929 - INFO - training_console - 基于NNConv的分子进化预测器模型训练开始
2025-10-10 22:36:01,929 - INFO - training_file - ============================================================
2025-10-10 22:36:01,929 - INFO - training_console - ============================================================
2025-10-10 22:36:01,929 - INFO - training_file - 数据文件: mol_evo/dataset/data/qm9-evo-pairs-step-1-with-properties.csv
2025-10-10 22:36:01,929 - INFO - training_console - 数据文件: mol_evo/dataset/data/qm9-evo-pairs-step-1-with-properties.csv
2025-10-10 22:36:01,929 - INFO - training_file - 最大对数: 2000
2025-10-10 22:36:01,929 - INFO - training_console - 最大对数: 2000
2025-10-10 22:36:01,929 - INFO - training_file - 训练轮数: 1000
2025-10-10 22:36:01,929 - INFO - training_console - 训练轮数: 1000
2025-10-10 22:36:01,929 - INFO - training_file - 正在构建图数据: mol_evo/dataset/data/qm9-evo-pairs-step-1-with-properties.csv
2025-10-10 22:36:01,929 - INFO - training_console - 正在构建图数据: mol_evo/dataset/data/qm9-evo-pairs-step-1-with-properties.csv
2025-10-10 22:36:02,283 - INFO - training_file - 加载缓存文件: /home/data2/rhj/project/mol_editor/mol_evo/core/utils/../../.cache/molecule_graphs/training_dataset.pt，包含 1377 个分子
2025-10-10 22:36:02,283 - INFO - training_console - 加载缓存文件: /home/data2/rhj/project/mol_editor/mol_evo/core/utils/../../.cache/molecule_graphs/training_dataset.pt，包含 1377 个分子
2025-10-10 22:36:02,535 - INFO - training_file - 分子处理统计: 总数=4000, 命中=4000, 未命中=0, 命中率=100.00%
2025-10-10 22:36:02,535 - INFO - training_console - 分子处理统计: 总数=4000, 命中=4000, 未命中=0, 命中率=100.00%
2025-10-10 22:36:02,539 - INFO - training_file - 训练集样本示例 (头部数据):
2025-10-10 22:36:02,540 - INFO - training_console - 训练集样本示例 (头部数据):
2025-10-10 22:36:02,540 - INFO - training_file -   样本 1:
2025-10-10 22:36:02,540 - INFO - training_console -   样本 1:
2025-10-10 22:36:02,540 - INFO - training_file -     起始分子节点数: 5
2025-10-10 22:36:02,540 - INFO - training_console -     起始分子节点数: 5
2025-10-10 22:36:02,540 - INFO - training_file -     起始分子边数: 8
2025-10-10 22:36:02,540 - INFO - training_console -     起始分子边数: 8
2025-10-10 22:36:02,540 - INFO - training_file -     目标分子节点数: 8
2025-10-10 22:36:02,540 - INFO - training_console -     目标分子节点数: 8
2025-10-10 22:36:02,540 - INFO - training_file -     目标分子边数: 14
2025-10-10 22:36:02,540 - INFO - training_console -     目标分子边数: 14
2025-10-10 22:36:02,540 - INFO - training_file -     边特征: [1.0, 0.0, 0.0, 0.0, 0.0, 1.0, 0.0, 0.0, 0.0, 0.0, 0.0]
2025-10-10 22:36:02,540 - INFO - training_console -     边特征: [1.0, 0.0, 0.0, 0.0, 0.0, 1.0, 0.0, 0.0, 0.0, 0.0, 0.0]
2025-10-10 22:36:02,540 - INFO - training_file -     目标属性值: 0.19934579730033875
2025-10-10 22:36:02,540 - INFO - training_console -     目标属性值: 0.19934579730033875
2025-10-10 22:36:02,540 - INFO - training_file -   样本 2:
2025-10-10 22:36:02,540 - INFO - training_console -   样本 2:
2025-10-10 22:36:02,540 - INFO - training_file -     起始分子节点数: 3
2025-10-10 22:36:02,540 - INFO - training_console -     起始分子节点数: 3
2025-10-10 22:36:02,540 - INFO - training_file -     起始分子边数: 4
2025-10-10 22:36:02,540 - INFO - training_console -     起始分子边数: 4
2025-10-10 22:36:02,540 - INFO - training_file -     目标分子节点数: 6
2025-10-10 22:36:02,540 - INFO - training_console -     目标分子节点数: 6
2025-10-10 22:36:02,540 - INFO - training_file -     目标分子边数: 10
2025-10-10 22:36:02,540 - INFO - training_console -     目标分子边数: 10
2025-10-10 22:36:02,541 - INFO - training_file -     边特征: [1.0, 0.0, 0.0, 0.0, 0.0, 1.0, 0.0, 0.0, 0.0, 0.0, 0.0]
2025-10-10 22:36:02,541 - INFO - training_console -     边特征: [1.0, 0.0, 0.0, 0.0, 0.0, 1.0, 0.0, 0.0, 0.0, 0.0, 0.0]
2025-10-10 22:36:02,541 - INFO - training_file -     目标属性值: -0.12400833517313004
2025-10-10 22:36:02,541 - INFO - training_console -     目标属性值: -0.12400833517313004
2025-10-10 22:36:02,541 - INFO - training_file -   样本 3:
2025-10-10 22:36:02,541 - INFO - training_console -   样本 3:
2025-10-10 22:36:02,541 - INFO - training_file -     起始分子节点数: 4
2025-10-10 22:36:02,541 - INFO - training_console -     起始分子节点数: 4
2025-10-10 22:36:02,541 - INFO - training_file -     起始分子边数: 6
2025-10-10 22:36:02,541 - INFO - training_console -     起始分子边数: 6
2025-10-10 22:36:02,541 - INFO - training_file -     目标分子节点数: 11
2025-10-10 22:36:02,541 - INFO - training_console -     目标分子节点数: 11
2025-10-10 22:36:02,541 - INFO - training_file -     目标分子边数: 20
2025-10-10 22:36:02,541 - INFO - training_console -     目标分子边数: 20
2025-10-10 22:36:02,541 - INFO - training_file -     边特征: [1.0, 0.0, 0.0, 0.0, 0.0, 0.0, 1.0, 0.0, 0.0, 0.0, 0.0]
2025-10-10 22:36:02,541 - INFO - training_console -     边特征: [1.0, 0.0, 0.0, 0.0, 0.0, 0.0, 1.0, 0.0, 0.0, 0.0, 0.0]
2025-10-10 22:36:02,541 - INFO - training_file -     目标属性值: 0.25868868827819824
2025-10-10 22:36:02,541 - INFO - training_console -     目标属性值: 0.25868868827819824
2025-10-10 22:36:02,541 - INFO - training_file - 数据构建完成:
2025-10-10 22:36:02,541 - INFO - training_console - 数据构建完成:
2025-10-10 22:36:02,541 - INFO - training_file -   - 样本数: 2000
2025-10-10 22:36:02,541 - INFO - training_console -   - 样本数: 2000
2025-10-10 22:36:02,541 - INFO - training_file -   - 节点特征维度: 11
2025-10-10 22:36:02,541 - INFO - training_console -   - 节点特征维度: 11
2025-10-10 22:36:02,541 - INFO - training_file -   - 边特征维度: 11
2025-10-10 22:36:02,541 - INFO - training_console -   - 边特征维度: 11
2025-10-10 22:36:02,541 - INFO - training_file -   - 目标属性变化维度: 1
2025-10-10 22:36:02,541 - INFO - training_console -   - 目标属性变化维度: 1
2025-10-10 22:36:02,549 - INFO - training_file - 数据集划分完成:
2025-10-10 22:36:02,549 - INFO - training_console - 数据集划分完成:
2025-10-10 22:36:02,549 - INFO - training_file -   - 训练集: 1600 (80.0%)
2025-10-10 22:36:02,549 - INFO - training_console -   - 训练集: 1600 (80.0%)
2025-10-10 22:36:02,549 - INFO - training_file -   - 验证集: 200 (10.0%)
2025-10-10 22:36:02,549 - INFO - training_console -   - 验证集: 200 (10.0%)
2025-10-10 22:36:02,549 - INFO - training_file -   - 测试集: 200 (10.0%)
2025-10-10 22:36:02,549 - INFO - training_console -   - 测试集: 200 (10.0%)
2025-10-10 22:36:02,593 - INFO - training_file - 正在创建模型...
2025-10-10 22:36:02,594 - INFO - training_console - 正在创建模型...
2025-10-10 22:36:02,594 - INFO - training_file - 模型参数数量: 980993
2025-10-10 22:36:02,594 - INFO - training_console - 模型参数数量: 980993
2025-10-10 22:36:02,594 - INFO - training_file - 使用设备: cuda
2025-10-10 22:36:02,594 - INFO - training_console - 使用设备: cuda
2025-10-10 22:36:17,258 - INFO - training_file - Epoch [10/1000], Train Loss: 0.638141, Val Loss: 0.915211, LR: 5.00e-04, R²: 0.3214, MAE: 0.5342
2025-10-10 22:36:31,578 - INFO - training_file - Epoch [20/1000], Train Loss: 0.610504, Val Loss: 0.882714, LR: 5.00e-04, R²: 0.3466, MAE: 0.5236
2025-10-10 22:36:47,036 - INFO - training_file - Epoch [30/1000], Train Loss: 0.556794, Val Loss: 0.987977, LR: 5.00e-04, R²: 0.3381, MAE: 0.5483
2025-10-10 22:37:03,999 - INFO - training_file - Epoch [40/1000], Train Loss: 0.427258, Val Loss: 0.735078, LR: 5.00e-04, R²: 0.5248, MAE: 0.4539
2025-10-10 22:37:21,316 - INFO - training_file - Epoch [50/1000], Train Loss: 0.307948, Val Loss: 0.644680, LR: 5.00e-04, R²: 0.6839, MAE: 0.4195
2025-10-10 22:37:35,291 - INFO - training_file - Epoch [60/1000], Train Loss: 0.294843, Val Loss: 0.776797, LR: 5.00e-04, R²: 0.7030, MAE: 0.4046
2025-10-10 22:37:51,355 - INFO - training_file - Epoch [70/1000], Train Loss: 0.204409, Val Loss: 0.873166, LR: 5.00e-04, R²: 0.7562, MAE: 0.3775
2025-10-10 22:38:07,688 - INFO - training_file - Epoch [80/1000], Train Loss: 0.261662, Val Loss: 0.744649, LR: 5.00e-04, R²: 0.7872, MAE: 0.3540
2025-10-10 22:38:25,923 - INFO - training_file - Epoch [90/1000], Train Loss: 0.150870, Val Loss: 1.232542, LR: 5.00e-04, R²: 0.7257, MAE: 0.3490
2025-10-10 22:38:40,661 - INFO - training_file - 已保存checkpoint: /home/data2/rhj/project/mol_editor/mol_evo/../mol_evo/output/v0/training_20251010_223601/checkpoint_epoch_100.pth
2025-10-10 22:38:40,868 - INFO - training_file - Epoch [100/1000], Train Loss: 0.114190, Val Loss: 1.101573, LR: 5.00e-04, R²: 0.7815, MAE: 0.2833
2025-10-10 22:38:56,555 - INFO - training_file - Epoch [110/1000], Train Loss: 0.085248, Val Loss: 1.308013, LR: 3.50e-04, R²: 0.7698, MAE: 0.2705
2025-10-10 22:39:12,274 - INFO - training_file - Epoch [120/1000], Train Loss: 0.085984, Val Loss: 1.500543, LR: 3.50e-04, R²: 0.7276, MAE: 0.2936
2025-10-10 22:39:29,576 - INFO - training_file - Epoch [130/1000], Train Loss: 0.066145, Val Loss: 1.135197, LR: 3.50e-04, R²: 0.7882, MAE: 0.2756
2025-10-10 22:39:45,837 - INFO - training_file - Epoch [140/1000], Train Loss: 0.078866, Val Loss: 0.984098, LR: 3.50e-04, R²: 0.7979, MAE: 0.2700
2025-10-10 22:39:59,693 - INFO - training_file - Epoch [150/1000], Train Loss: 0.049272, Val Loss: 1.159393, LR: 3.50e-04, R²: 0.8103, MAE: 0.2242
2025-10-10 22:40:15,614 - INFO - training_file - Epoch [160/1000], Train Loss: 0.031116, Val Loss: 1.203235, LR: 2.45e-04, R²: 0.8053, MAE: 0.2126
2025-10-10 22:40:31,252 - INFO - training_file - Epoch [170/1000], Train Loss: 0.028965, Val Loss: 1.160922, LR: 2.45e-04, R²: 0.8052, MAE: 0.2179
2025-10-10 22:40:48,068 - INFO - training_file - Epoch [180/1000], Train Loss: 0.028629, Val Loss: 1.122617, LR: 2.45e-04, R²: 0.8118, MAE: 0.2058
2025-10-10 22:41:03,208 - INFO - training_file - Epoch [190/1000], Train Loss: 0.016370, Val Loss: 1.450234, LR: 2.45e-04, R²: 0.7713, MAE: 0.2102
2025-10-10 22:41:17,508 - INFO - training_file - 已保存checkpoint: /home/data2/rhj/project/mol_editor/mol_evo/../mol_evo/output/v0/training_20251010_223601/checkpoint_epoch_200.pth
2025-10-10 22:41:17,724 - INFO - training_file - Epoch [200/1000], Train Loss: 0.015961, Val Loss: 1.390116, LR: 2.45e-04, R²: 0.7723, MAE: 0.2230
2025-10-10 22:41:33,525 - INFO - training_file - Epoch [210/1000], Train Loss: 0.008647, Val Loss: 1.478969, LR: 1.71e-04, R²: 0.7732, MAE: 0.2105
2025-10-10 22:41:49,256 - INFO - training_file - Epoch [220/1000], Train Loss: 0.007957, Val Loss: 1.515017, LR: 1.71e-04, R²: 0.7707, MAE: 0.1945
2025-10-10 22:42:06,034 - INFO - training_file - Epoch [230/1000], Train Loss: 0.010121, Val Loss: 1.579992, LR: 1.71e-04, R²: 0.7576, MAE: 0.2022
2025-10-10 22:42:19,783 - INFO - training_file - Epoch [240/1000], Train Loss: 0.007488, Val Loss: 1.534664, LR: 1.71e-04, R²: 0.7656, MAE: 0.2017
2025-10-10 22:42:34,154 - INFO - training_file - Epoch [250/1000], Train Loss: 0.006441, Val Loss: 1.340907, LR: 1.71e-04, R²: 0.7916, MAE: 0.1875
2025-10-10 22:42:50,741 - INFO - training_file - Epoch [260/1000], Train Loss: 0.003860, Val Loss: 1.597839, LR: 1.20e-04, R²: 0.7630, MAE: 0.1852
2025-10-10 22:43:07,198 - INFO - training_file - Epoch [270/1000], Train Loss: 0.002454, Val Loss: 1.621071, LR: 1.20e-04, R²: 0.7593, MAE: 0.1864
2025-10-10 22:43:22,632 - INFO - training_file - Epoch [280/1000], Train Loss: 0.002762, Val Loss: 1.620193, LR: 1.20e-04, R²: 0.7606, MAE: 0.1805
2025-10-10 22:43:37,452 - INFO - training_file - Epoch [290/1000], Train Loss: 0.003527, Val Loss: 1.527160, LR: 1.20e-04, R²: 0.7692, MAE: 0.1835
2025-10-10 22:43:53,111 - INFO - training_file - 已保存checkpoint: /home/data2/rhj/project/mol_editor/mol_evo/../mol_evo/output/v0/training_20251010_223601/checkpoint_epoch_300.pth
2025-10-10 22:43:53,339 - INFO - training_file - Epoch [300/1000], Train Loss: 0.002820, Val Loss: 1.720631, LR: 1.20e-04, R²: 0.7489, MAE: 0.1828
2025-10-10 22:44:09,428 - INFO - training_file - Epoch [310/1000], Train Loss: 0.002112, Val Loss: 1.675384, LR: 8.40e-05, R²: 0.7524, MAE: 0.1814
2025-10-10 22:44:27,103 - INFO - training_file - Epoch [320/1000], Train Loss: 0.002365, Val Loss: 1.626627, LR: 8.40e-05, R²: 0.7605, MAE: 0.1772
2025-10-10 22:44:41,689 - INFO - training_file - Epoch [330/1000], Train Loss: 0.001670, Val Loss: 1.649362, LR: 8.40e-05, R²: 0.7586, MAE: 0.1775
2025-10-10 22:44:56,999 - INFO - training_file - Epoch [340/1000], Train Loss: 0.001625, Val Loss: 1.689202, LR: 8.40e-05, R²: 0.7501, MAE: 0.1809
2025-10-10 22:45:11,661 - INFO - training_file - Epoch [350/1000], Train Loss: 0.001487, Val Loss: 1.644044, LR: 8.40e-05, R²: 0.7586, MAE: 0.1761
2025-10-10 22:45:27,193 - INFO - training_file - Epoch [360/1000], Train Loss: 0.002624, Val Loss: 1.670608, LR: 5.88e-05, R²: 0.7560, MAE: 0.1806
2025-10-10 22:45:44,478 - INFO - training_file - Epoch [370/1000], Train Loss: 0.001230, Val Loss: 1.655053, LR: 5.88e-05, R²: 0.7576, MAE: 0.1733
2025-10-10 22:45:58,165 - INFO - training_file - Epoch [380/1000], Train Loss: 0.001513, Val Loss: 1.651136, LR: 5.88e-05, R²: 0.7579, MAE: 0.1743
2025-10-10 22:46:13,111 - INFO - training_file - Epoch [390/1000], Train Loss: 0.001196, Val Loss: 1.650074, LR: 5.88e-05, R²: 0.7581, MAE: 0.1723
2025-10-10 22:46:28,162 - INFO - training_file - 已保存checkpoint: /home/data2/rhj/project/mol_editor/mol_evo/../mol_evo/output/v0/training_20251010_223601/checkpoint_epoch_400.pth
2025-10-10 22:46:28,365 - INFO - training_file - Epoch [400/1000], Train Loss: 0.001339, Val Loss: 1.673890, LR: 5.88e-05, R²: 0.7538, MAE: 0.1763
2025-10-10 22:46:44,585 - INFO - training_file - Epoch [410/1000], Train Loss: 0.001641, Val Loss: 1.723763, LR: 4.12e-05, R²: 0.7488, MAE: 0.1762
2025-10-10 22:46:59,260 - INFO - training_file - Epoch [420/1000], Train Loss: 0.001010, Val Loss: 1.656603, LR: 4.12e-05, R²: 0.7570, MAE: 0.1724
2025-10-10 22:47:13,344 - INFO - training_file - Epoch [430/1000], Train Loss: 0.000880, Val Loss: 1.707915, LR: 4.12e-05, R²: 0.7497, MAE: 0.1736
2025-10-10 22:47:28,229 - INFO - training_file - Epoch [440/1000], Train Loss: 0.000912, Val Loss: 1.641184, LR: 4.12e-05, R²: 0.7586, MAE: 0.1715
2025-10-10 22:47:43,944 - INFO - training_file - Epoch [450/1000], Train Loss: 0.000939, Val Loss: 1.657594, LR: 4.12e-05, R²: 0.7559, MAE: 0.1723
2025-10-10 22:48:02,417 - INFO - training_file - Epoch [460/1000], Train Loss: 0.000949, Val Loss: 1.616139, LR: 4.12e-05, R²: 0.7611, MAE: 0.1707
2025-10-10 22:48:16,280 - INFO - training_file - Epoch [470/1000], Train Loss: 0.000819, Val Loss: 1.643185, LR: 2.88e-05, R²: 0.7578, MAE: 0.1717
2025-10-10 22:48:31,372 - INFO - training_file - Epoch [480/1000], Train Loss: 0.001069, Val Loss: 1.647788, LR: 2.88e-05, R²: 0.7573, MAE: 0.1728
2025-10-10 22:48:46,853 - INFO - training_file - Epoch [490/1000], Train Loss: 0.000727, Val Loss: 1.643228, LR: 2.88e-05, R²: 0.7587, MAE: 0.1707
2025-10-10 22:49:02,765 - INFO - training_file - 已保存checkpoint: /home/data2/rhj/project/mol_editor/mol_evo/../mol_evo/output/v0/training_20251010_223601/checkpoint_epoch_500.pth
2025-10-10 22:49:02,845 - INFO - training_file - Epoch [500/1000], Train Loss: 0.000784, Val Loss: 1.646169, LR: 2.88e-05, R²: 0.7581, MAE: 0.1697
2025-10-10 22:49:19,242 - INFO - training_file - Epoch [510/1000], Train Loss: 0.000718, Val Loss: 1.646004, LR: 2.88e-05, R²: 0.7579, MAE: 0.1694
2025-10-10 22:49:33,201 - INFO - training_file - Epoch [520/1000], Train Loss: 0.000691, Val Loss: 1.662068, LR: 2.02e-05, R²: 0.7552, MAE: 0.1716
2025-10-10 22:49:48,255 - INFO - training_file - Epoch [530/1000], Train Loss: 0.000738, Val Loss: 1.656750, LR: 2.02e-05, R²: 0.7564, MAE: 0.1694
2025-10-10 22:50:04,054 - INFO - training_file - Epoch [540/1000], Train Loss: 0.000613, Val Loss: 1.652175, LR: 2.02e-05, R²: 0.7569, MAE: 0.1692
2025-10-10 22:50:20,975 - INFO - training_file - Epoch [550/1000], Train Loss: 0.000616, Val Loss: 1.648263, LR: 2.02e-05, R²: 0.7570, MAE: 0.1690
2025-10-10 22:50:36,152 - INFO - training_file - Epoch [560/1000], Train Loss: 0.000652, Val Loss: 1.661153, LR: 2.02e-05, R²: 0.7554, MAE: 0.1701
2025-10-10 22:50:50,990 - INFO - training_file - Epoch [570/1000], Train Loss: 0.000614, Val Loss: 1.684887, LR: 1.41e-05, R²: 0.7520, MAE: 0.1702
2025-10-10 22:51:05,869 - INFO - training_file - Epoch [580/1000], Train Loss: 0.000557, Val Loss: 1.680493, LR: 1.41e-05, R²: 0.7525, MAE: 0.1704
2025-10-10 22:51:22,407 - INFO - training_file - Epoch [590/1000], Train Loss: 0.000547, Val Loss: 1.669221, LR: 1.41e-05, R²: 0.7540, MAE: 0.1700
2025-10-10 22:51:39,337 - INFO - training_file - 已保存checkpoint: /home/data2/rhj/project/mol_editor/mol_evo/../mol_evo/output/v0/training_20251010_223601/checkpoint_epoch_600.pth
2025-10-10 22:51:39,545 - INFO - training_file - Epoch [600/1000], Train Loss: 0.000551, Val Loss: 1.671795, LR: 1.41e-05, R²: 0.7532, MAE: 0.1709
2025-10-10 22:51:53,280 - INFO - training_file - Epoch [610/1000], Train Loss: 0.000596, Val Loss: 1.660598, LR: 1.41e-05, R²: 0.7549, MAE: 0.1701
2025-10-10 22:52:08,681 - INFO - training_file - Epoch [620/1000], Train Loss: 0.000532, Val Loss: 1.677692, LR: 9.89e-06, R²: 0.7529, MAE: 0.1697
2025-10-10 22:52:23,272 - INFO - training_file - Epoch [630/1000], Train Loss: 0.000509, Val Loss: 1.664931, LR: 9.89e-06, R²: 0.7545, MAE: 0.1694
2025-10-10 22:52:39,611 - INFO - training_file - Epoch [640/1000], Train Loss: 0.000534, Val Loss: 1.656590, LR: 9.89e-06, R²: 0.7551, MAE: 0.1697
2025-10-10 22:52:57,063 - INFO - training_file - Epoch [650/1000], Train Loss: 0.000553, Val Loss: 1.690457, LR: 9.89e-06, R²: 0.7505, MAE: 0.1702
2025-10-10 22:53:10,058 - INFO - training_file - Epoch [660/1000], Train Loss: 0.000495, Val Loss: 1.676764, LR: 9.89e-06, R²: 0.7526, MAE: 0.1693
2025-10-10 22:53:25,035 - INFO - training_file - Epoch [670/1000], Train Loss: 0.000482, Val Loss: 1.676985, LR: 6.92e-06, R²: 0.7524, MAE: 0.1694
2025-10-10 22:53:40,765 - INFO - training_file - Epoch [680/1000], Train Loss: 0.000479, Val Loss: 1.689086, LR: 6.92e-06, R²: 0.7511, MAE: 0.1698
2025-10-10 22:53:57,734 - INFO - training_file - Epoch [690/1000], Train Loss: 0.000486, Val Loss: 1.669289, LR: 6.92e-06, R²: 0.7533, MAE: 0.1697
2025-10-10 22:54:13,342 - INFO - training_file - 已保存checkpoint: /home/data2/rhj/project/mol_editor/mol_evo/../mol_evo/output/v0/training_20251010_223601/checkpoint_epoch_700.pth
2025-10-10 22:54:13,538 - INFO - training_file - Epoch [700/1000], Train Loss: 0.000475, Val Loss: 1.672994, LR: 6.92e-06, R²: 0.7530, MAE: 0.1693
2025-10-10 22:54:28,522 - INFO - training_file - Epoch [710/1000], Train Loss: 0.000490, Val Loss: 1.694122, LR: 6.92e-06, R²: 0.7500, MAE: 0.1700
2025-10-10 22:54:44,824 - INFO - training_file - Epoch [720/1000], Train Loss: 0.000479, Val Loss: 1.672711, LR: 4.84e-06, R²: 0.7529, MAE: 0.1692
2025-10-10 22:55:01,623 - INFO - training_file - Epoch [730/1000], Train Loss: 0.000448, Val Loss: 1.680099, LR: 4.84e-06, R²: 0.7517, MAE: 0.1695
2025-10-10 22:55:18,701 - INFO - training_file - Epoch [740/1000], Train Loss: 0.000462, Val Loss: 1.680064, LR: 4.84e-06, R²: 0.7517, MAE: 0.1690
2025-10-10 22:55:32,036 - INFO - training_file - Epoch [750/1000], Train Loss: 0.000451, Val Loss: 1.679258, LR: 4.84e-06, R²: 0.7517, MAE: 0.1693
2025-10-10 22:55:46,910 - INFO - training_file - Epoch [760/1000], Train Loss: 0.000457, Val Loss: 1.673318, LR: 4.84e-06, R²: 0.7526, MAE: 0.1693
2025-10-10 22:56:03,030 - INFO - training_file - Epoch [770/1000], Train Loss: 0.000438, Val Loss: 1.680840, LR: 3.39e-06, R²: 0.7514, MAE: 0.1690
2025-10-10 22:56:20,175 - INFO - training_file - Epoch [780/1000], Train Loss: 0.000437, Val Loss: 1.674058, LR: 3.39e-06, R²: 0.7523, MAE: 0.1693
2025-10-10 22:56:36,193 - INFO - training_file - Epoch [790/1000], Train Loss: 0.000438, Val Loss: 1.680181, LR: 3.39e-06, R²: 0.7513, MAE: 0.1689
2025-10-10 22:56:50,197 - INFO - training_file - 已保存checkpoint: /home/data2/rhj/project/mol_editor/mol_evo/../mol_evo/output/v0/training_20251010_223601/checkpoint_epoch_800.pth
2025-10-10 22:56:50,405 - INFO - training_file - Epoch [800/1000], Train Loss: 0.000436, Val Loss: 1.670934, LR: 3.39e-06, R²: 0.7526, MAE: 0.1689
2025-10-10 22:57:06,571 - INFO - training_file - Epoch [810/1000], Train Loss: 0.000428, Val Loss: 1.679379, LR: 3.39e-06, R²: 0.7516, MAE: 0.1692
2025-10-10 22:57:23,006 - INFO - training_file - Epoch [820/1000], Train Loss: 0.000424, Val Loss: 1.679193, LR: 2.37e-06, R²: 0.7516, MAE: 0.1690
2025-10-10 22:57:39,643 - INFO - training_file - Epoch [830/1000], Train Loss: 0.000429, Val Loss: 1.681994, LR: 2.37e-06, R²: 0.7512, MAE: 0.1690
2025-10-10 22:57:53,516 - INFO - training_file - Epoch [840/1000], Train Loss: 0.000421, Val Loss: 1.677413, LR: 2.37e-06, R²: 0.7517, MAE: 0.1688
2025-10-10 22:58:08,517 - INFO - training_file - Epoch [850/1000], Train Loss: 0.000426, Val Loss: 1.679607, LR: 2.37e-06, R²: 0.7515, MAE: 0.1690
2025-10-10 22:58:23,625 - INFO - training_file - Epoch [860/1000], Train Loss: 0.000417, Val Loss: 1.683493, LR: 2.37e-06, R²: 0.7509, MAE: 0.1692
2025-10-10 22:58:39,229 - INFO - training_file - Epoch [870/1000], Train Loss: 0.000414, Val Loss: 1.682079, LR: 1.66e-06, R²: 0.7511, MAE: 0.1691
2025-10-10 22:58:56,307 - INFO - training_file - Epoch [880/1000], Train Loss: 0.000411, Val Loss: 1.679364, LR: 1.66e-06, R²: 0.7515, MAE: 0.1687
2025-10-10 22:59:10,046 - INFO - training_file - Epoch [890/1000], Train Loss: 0.000411, Val Loss: 1.679913, LR: 1.66e-06, R²: 0.7514, MAE: 0.1689
2025-10-10 22:59:24,582 - INFO - training_file - 已保存checkpoint: /home/data2/rhj/project/mol_editor/mol_evo/../mol_evo/output/v0/training_20251010_223601/checkpoint_epoch_900.pth
2025-10-10 22:59:24,778 - INFO - training_file - Epoch [900/1000], Train Loss: 0.000412, Val Loss: 1.682025, LR: 1.66e-06, R²: 0.7509, MAE: 0.1687
2025-10-10 22:59:40,469 - INFO - training_file - Epoch [910/1000], Train Loss: 0.000411, Val Loss: 1.680553, LR: 1.66e-06, R²: 0.7512, MAE: 0.1689
2025-10-10 22:59:56,738 - INFO - training_file - Epoch [920/1000], Train Loss: 0.000409, Val Loss: 1.683739, LR: 1.16e-06, R²: 0.7507, MAE: 0.1689
2025-10-10 23:00:11,993 - INFO - training_file - Epoch [930/1000], Train Loss: 0.000404, Val Loss: 1.683616, LR: 1.16e-06, R²: 0.7508, MAE: 0.1690
2025-10-10 23:00:25,191 - INFO - training_file - Epoch [940/1000], Train Loss: 0.000407, Val Loss: 1.682009, LR: 1.16e-06, R²: 0.7510, MAE: 0.1690
2025-10-10 23:00:40,421 - INFO - training_file - Epoch [950/1000], Train Loss: 0.000407, Val Loss: 1.679313, LR: 1.16e-06, R²: 0.7514, MAE: 0.1689
2025-10-10 23:00:56,547 - INFO - training_file - Epoch [960/1000], Train Loss: 0.000403, Val Loss: 1.687027, LR: 1.16e-06, R²: 0.7503, MAE: 0.1691
2025-10-10 23:01:13,007 - INFO - training_file - Epoch [970/1000], Train Loss: 0.000402, Val Loss: 1.683014, LR: 1.16e-06, R²: 0.7507, MAE: 0.1690
2025-10-10 23:01:27,058 - INFO - training_file - Epoch [980/1000], Train Loss: 0.000402, Val Loss: 1.684011, LR: 1.00e-06, R²: 0.7506, MAE: 0.1690
2025-10-10 23:01:41,738 - INFO - training_file - Epoch [990/1000], Train Loss: 0.000402, Val Loss: 1.683338, LR: 1.00e-06, R²: 0.7507, MAE: 0.1690
2025-10-10 23:01:56,497 - INFO - training_file - 已保存checkpoint: /home/data2/rhj/project/mol_editor/mol_evo/../mol_evo/output/v0/training_20251010_223601/checkpoint_epoch_1000.pth
2025-10-10 23:01:56,544 - INFO - training_file - Epoch [1000/1000], Train Loss: 0.000403, Val Loss: 1.684830, LR: 1.00e-06, R²: 0.7504, MAE: 0.1689
2025-10-10 23:01:56,544 - INFO - training_file - 训练完成，总耗时: 0:25:53.665007
2025-10-10 23:01:56,544 - INFO - training_console - 训练完成，总耗时: 0:25:53.665007
2025-10-10 23:01:56,545 - INFO - training_file - 开始训练 (1000 轮)...
2025-10-10 23:01:56,545 - INFO - training_console - 开始训练 (1000 轮)...
2025-10-10 23:02:00,611 - INFO - training_file - 训练完成:
2025-10-10 23:02:00,611 - INFO - training_console - 训练完成:
2025-10-10 23:02:00,611 - INFO - training_file -   - 最终训练损失: 0.000403
2025-10-10 23:02:00,611 - INFO - training_console -   - 最终训练损失: 0.000403
2025-10-10 23:02:00,611 - INFO - training_file -   - 最佳验证损失: 0.603261
2025-10-10 23:02:00,611 - INFO - training_console -   - 最佳验证损失: 0.603261
2025-10-10 23:02:00,612 - INFO - training_file -   - 测试损失 (MSE): 0.069189
2025-10-10 23:02:00,612 - INFO - training_console -   - 测试损失 (MSE): 0.069189
2025-10-10 23:02:00,612 - INFO - training_file -   - 测试RMSE: 0.263039
2025-10-10 23:02:00,612 - INFO - training_console -   - 测试RMSE: 0.263039
2025-10-10 23:02:00,612 - INFO - training_file -   - 测试MAE: 0.096165
2025-10-10 23:02:00,612 - INFO - training_console -   - 测试MAE: 0.096165
2025-10-10 23:02:00,612 - INFO - training_file -   - 测试R²: 0.912390
2025-10-10 23:02:00,612 - INFO - training_console -   - 测试R²: 0.912390
2025-10-10 23:02:00,612 - INFO - training_file -   - 测试阈值准确率 (0.4): 0.9400
2025-10-10 23:02:00,612 - INFO - training_console -   - 测试阈值准确率 (0.4): 0.9400
2025-10-10 23:02:00,612 - INFO - training_file -   - 测试阈值准确率 (0.3): 0.9250
2025-10-10 23:02:00,612 - INFO - training_console -   - 测试阈值准确率 (0.3): 0.9250
2025-10-10 23:02:00,612 - INFO - training_file -   - 测试阈值准确率 (0.2): 0.9050
2025-10-10 23:02:00,612 - INFO - training_console -   - 测试阈值准确率 (0.2): 0.9050
2025-10-10 23:02:00,612 - INFO - training_file -   - 测试阈值准确率 (0.1): 0.8200
2025-10-10 23:02:00,612 - INFO - training_console -   - 测试阈值准确率 (0.1): 0.8200
2025-10-10 23:02:00,612 - INFO - training_file -   - 测试阈值准确率 (0.05): 0.7250
2025-10-10 23:02:00,612 - INFO - training_console -   - 测试阈值准确率 (0.05): 0.7250
2025-10-10 23:02:00,612 - INFO - training_file -   - 模型已保存到: /home/data2/rhj/project/mol_editor/mol_evo/../mol_evo/output/v0/training_20251010_223601/molecule_evolution_gcn_v0_mu_predictor.pth
2025-10-10 23:02:00,612 - INFO - training_console -   - 模型已保存到: /home/data2/rhj/project/mol_editor/mol_evo/../mol_evo/output/v0/training_20251010_223601/molecule_evolution_gcn_v0_mu_predictor.pth
