2025-10-15 03:42:12,483 - INFO - ============================================================
2025-10-15 03:42:12,483 - INFO - 数据文件: mol_evo/dataset/data/qm9-evo-pairs-step-1-with-properties-pct.csv
2025-10-15 03:42:12,483 - INFO - 最大对数: 30000
2025-10-15 03:42:12,483 - INFO - 训练轮数: 100
2025-10-15 03:42:12,483 - INFO - ============================================================
2025-10-15 03:42:12,483 - INFO - 正在构建图数据: mol_evo/dataset/data/qm9-evo-pairs-step-1-with-properties-pct.csv
2025-10-15 03:42:14,163 - INFO - 加载缓存文件: /home/data2/rhj/project/mol_editor/mol_evo/core/utils/../../.cache/molecule_graphs/csv_qm9-evo-pairs-step-1-with-properties-pct_3cbb45cc1ac9202d.pt，包含 1994 个分子
2025-10-15 03:42:41,180 - INFO - 分子处理统计: 总数=60000, 命中=59967, 未命中=33, 命中率=99.94%
2025-10-15 03:42:41,206 - INFO - --- 训练集样本示例 (头部数据) ---
2025-10-15 03:42:41,206 - INFO -   样本       起始节点数        起始边数         目标节点数        目标边数         边特征             目标属性值          
2025-10-15 03:42:41,206 - INFO -   --------------------------------------------------------------------------------
2025-10-15 03:42:41,206 - INFO -   1        5            8            8            14           [1.0, 0.0, 0.   0.023518       
2025-10-15 03:42:41,206 - INFO -   2        3            4            6            10           [1.0, 0.0, 0.   -0.273184      
2025-10-15 03:42:41,206 - INFO -   3        4            6            11           20           [1.0, 0.0, 0.   0.077970       
2025-10-15 03:42:41,206 - INFO -   --------------------------------------------------------------------------------
2025-10-15 03:42:41,206 - INFO - 
数据构建完成:
2025-10-15 03:42:41,206 - INFO -   项目                   值                   
2025-10-15 03:42:41,207 - INFO -   ----------------------------------------
2025-10-15 03:42:41,207 - INFO -   样本数                  29967               
2025-10-15 03:42:41,207 - INFO -   节点特征维度               11                  
2025-10-15 03:42:41,207 - INFO -   边特征维度                11                  
2025-10-15 03:42:41,207 - INFO -   目标属性变化维度             1                   
2025-10-15 03:42:41,209 - INFO - 数据集划分完成:
2025-10-15 03:42:41,209 - INFO -   - 训练集: 23973 (80.0%)
2025-10-15 03:42:41,209 - INFO -   - 验证集: 2996 (10.0%)
2025-10-15 03:42:41,209 - INFO -   - 测试集: 2998 (10.0%)
2025-10-15 03:42:41,283 - INFO - 正在创建模型...
2025-10-15 03:42:41,283 - INFO - 模型参数数量: 1369985
2025-10-15 03:42:41,283 - INFO - 使用设备: cuda
2025-10-15 03:43:09,757 - INFO - Epoch [10/100], Train Loss: 0.494730, Val Loss: 0.492798, R²: 0.3966, MAE: 0.4928
2025-10-15 03:43:35,898 - INFO - Epoch [20/100], Train Loss: 0.427727, Val Loss: 0.435642, R²: 0.4829, MAE: 0.4356
2025-10-15 03:43:39,691 - INFO - 警告: 在第 22 轮检测到NaN或inf损失值，停止训练
2025-10-15 03:43:39,920 - INFO - 警告: 在第 22 轮检测到NaN或inf验证损失值，停止训练
2025-10-15 03:43:39,963 - INFO - 警告: 在第 23 轮检测到NaN或inf损失值，停止训练
2025-10-15 03:43:40,190 - INFO - 警告: 在第 23 轮检测到NaN或inf验证损失值，停止训练
2025-10-15 03:43:40,228 - INFO - 警告: 在第 24 轮检测到NaN或inf损失值，停止训练
2025-10-15 03:43:40,448 - INFO - 警告: 在第 24 轮检测到NaN或inf验证损失值，停止训练
2025-10-15 03:43:40,483 - INFO - 警告: 在第 25 轮检测到NaN或inf损失值，停止训练
2025-10-15 03:43:40,724 - INFO - 警告: 在第 25 轮检测到NaN或inf验证损失值，停止训练
2025-10-15 03:43:40,760 - INFO - 警告: 在第 26 轮检测到NaN或inf损失值，停止训练
2025-10-15 03:43:40,974 - INFO - 警告: 在第 26 轮检测到NaN或inf验证损失值，停止训练
2025-10-15 03:43:41,010 - INFO - 警告: 在第 27 轮检测到NaN或inf损失值，停止训练
2025-10-15 03:43:41,231 - INFO - 警告: 在第 27 轮检测到NaN或inf验证损失值，停止训练
2025-10-15 03:43:41,267 - INFO - 警告: 在第 28 轮检测到NaN或inf损失值，停止训练
2025-10-15 03:43:41,519 - INFO - 警告: 在第 28 轮检测到NaN或inf验证损失值，停止训练
2025-10-15 03:43:41,558 - INFO - 警告: 在第 29 轮检测到NaN或inf损失值，停止训练
2025-10-15 03:43:41,791 - INFO - 警告: 在第 29 轮检测到NaN或inf验证损失值，停止训练
2025-10-15 03:43:41,827 - INFO - 警告: 在第 30 轮检测到NaN或inf损失值，停止训练
2025-10-15 03:43:42,054 - INFO - 警告: 在第 30 轮检测到NaN或inf验证损失值，停止训练
2025-10-15 03:43:42,057 - INFO - Epoch [30/100], Train Loss: 0.000000, Val Loss: nan, R²: nan, MAE: nan
2025-10-15 03:43:42,100 - INFO - 警告: 在第 31 轮检测到NaN或inf损失值，停止训练
2025-10-15 03:43:42,335 - INFO - 警告: 在第 31 轮检测到NaN或inf验证损失值，停止训练
2025-10-15 03:43:42,371 - INFO - 警告: 在第 32 轮检测到NaN或inf损失值，停止训练
2025-10-15 03:43:42,589 - INFO - 警告: 在第 32 轮检测到NaN或inf验证损失值，停止训练
2025-10-15 03:43:42,627 - INFO - 警告: 在第 33 轮检测到NaN或inf损失值，停止训练
2025-10-15 03:43:42,862 - INFO - 警告: 在第 33 轮检测到NaN或inf验证损失值，停止训练
2025-10-15 03:43:42,901 - INFO - 警告: 在第 34 轮检测到NaN或inf损失值，停止训练
2025-10-15 03:43:43,135 - INFO - 警告: 在第 34 轮检测到NaN或inf验证损失值，停止训练
2025-10-15 03:43:43,178 - INFO - 警告: 在第 35 轮检测到NaN或inf损失值，停止训练
2025-10-15 03:43:43,409 - INFO - 警告: 在第 35 轮检测到NaN或inf验证损失值，停止训练
2025-10-15 03:43:43,448 - INFO - 警告: 在第 36 轮检测到NaN或inf损失值，停止训练
2025-10-15 03:43:43,674 - INFO - 警告: 在第 36 轮检测到NaN或inf验证损失值，停止训练
2025-10-15 03:43:43,713 - INFO - 警告: 在第 37 轮检测到NaN或inf损失值，停止训练
2025-10-15 03:43:43,953 - INFO - 警告: 在第 37 轮检测到NaN或inf验证损失值，停止训练
2025-10-15 03:43:43,998 - INFO - 警告: 在第 38 轮检测到NaN或inf损失值，停止训练
2025-10-15 03:43:44,246 - INFO - 警告: 在第 38 轮检测到NaN或inf验证损失值，停止训练
2025-10-15 03:43:44,288 - INFO - 警告: 在第 39 轮检测到NaN或inf损失值，停止训练
2025-10-15 03:43:44,503 - INFO - 警告: 在第 39 轮检测到NaN或inf验证损失值，停止训练
2025-10-15 03:43:44,542 - INFO - 警告: 在第 40 轮检测到NaN或inf损失值，停止训练
2025-10-15 03:43:44,777 - INFO - 警告: 在第 40 轮检测到NaN或inf验证损失值，停止训练
2025-10-15 03:43:44,778 - INFO - Epoch [40/100], Train Loss: 0.000000, Val Loss: nan, R²: nan, MAE: nan
2025-10-15 03:43:44,837 - INFO - 警告: 在第 41 轮检测到NaN或inf损失值，停止训练
2025-10-15 03:43:45,029 - INFO - 警告: 在第 41 轮检测到NaN或inf验证损失值，停止训练
2025-10-15 03:43:45,093 - INFO - 警告: 在第 42 轮检测到NaN或inf损失值，停止训练
2025-10-15 03:43:45,310 - INFO - 警告: 在第 42 轮检测到NaN或inf验证损失值，停止训练
2025-10-15 03:43:45,347 - INFO - 警告: 在第 43 轮检测到NaN或inf损失值，停止训练
2025-10-15 03:43:45,571 - INFO - 警告: 在第 43 轮检测到NaN或inf验证损失值，停止训练
2025-10-15 03:43:45,612 - INFO - 警告: 在第 44 轮检测到NaN或inf损失值，停止训练
2025-10-15 03:43:45,845 - INFO - 警告: 在第 44 轮检测到NaN或inf验证损失值，停止训练
2025-10-15 03:43:45,881 - INFO - 警告: 在第 45 轮检测到NaN或inf损失值，停止训练
2025-10-15 03:43:46,114 - INFO - 警告: 在第 45 轮检测到NaN或inf验证损失值，停止训练
2025-10-15 03:43:46,300 - INFO - 警告: 在第 46 轮检测到NaN或inf损失值，停止训练
2025-10-15 03:43:46,535 - INFO - 警告: 在第 46 轮检测到NaN或inf验证损失值，停止训练
2025-10-15 03:43:46,571 - INFO - 警告: 在第 47 轮检测到NaN或inf损失值，停止训练
2025-10-15 03:43:46,786 - INFO - 警告: 在第 47 轮检测到NaN或inf验证损失值，停止训练
2025-10-15 03:43:46,841 - INFO - 警告: 在第 48 轮检测到NaN或inf损失值，停止训练
2025-10-15 03:43:47,073 - INFO - 警告: 在第 48 轮检测到NaN或inf验证损失值，停止训练
2025-10-15 03:43:47,110 - INFO - 警告: 在第 49 轮检测到NaN或inf损失值，停止训练
2025-10-15 03:43:47,329 - INFO - 警告: 在第 49 轮检测到NaN或inf验证损失值，停止训练
2025-10-15 03:43:47,371 - INFO - 警告: 在第 50 轮检测到NaN或inf损失值，停止训练
2025-10-15 03:43:47,621 - INFO - 警告: 在第 50 轮检测到NaN或inf验证损失值，停止训练
2025-10-15 03:43:47,623 - INFO - Epoch [50/100], Train Loss: 0.000000, Val Loss: nan, R²: nan, MAE: nan
2025-10-15 03:43:47,669 - INFO - 警告: 在第 51 轮检测到NaN或inf损失值，停止训练
2025-10-15 03:43:47,890 - INFO - 警告: 在第 51 轮检测到NaN或inf验证损失值，停止训练
2025-10-15 03:43:47,942 - INFO - 警告: 在第 52 轮检测到NaN或inf损失值，停止训练
2025-10-15 03:43:48,166 - INFO - 警告: 在第 52 轮检测到NaN或inf验证损失值，停止训练
2025-10-15 03:43:48,220 - INFO - 警告: 在第 53 轮检测到NaN或inf损失值，停止训练
2025-10-15 03:43:48,453 - INFO - 警告: 在第 53 轮检测到NaN或inf验证损失值，停止训练
2025-10-15 03:43:48,490 - INFO - 警告: 在第 54 轮检测到NaN或inf损失值，停止训练
2025-10-15 03:43:48,732 - INFO - 警告: 在第 54 轮检测到NaN或inf验证损失值，停止训练
2025-10-15 03:43:48,767 - INFO - 警告: 在第 55 轮检测到NaN或inf损失值，停止训练
2025-10-15 03:43:49,016 - INFO - 警告: 在第 55 轮检测到NaN或inf验证损失值，停止训练
2025-10-15 03:43:49,059 - INFO - 警告: 在第 56 轮检测到NaN或inf损失值，停止训练
2025-10-15 03:43:49,272 - INFO - 警告: 在第 56 轮检测到NaN或inf验证损失值，停止训练
2025-10-15 03:43:49,306 - INFO - 警告: 在第 57 轮检测到NaN或inf损失值，停止训练
2025-10-15 03:43:49,555 - INFO - 警告: 在第 57 轮检测到NaN或inf验证损失值，停止训练
2025-10-15 03:43:49,594 - INFO - 警告: 在第 58 轮检测到NaN或inf损失值，停止训练
2025-10-15 03:43:49,822 - INFO - 警告: 在第 58 轮检测到NaN或inf验证损失值，停止训练
2025-10-15 03:43:49,858 - INFO - 警告: 在第 59 轮检测到NaN或inf损失值，停止训练
2025-10-15 03:43:50,075 - INFO - 警告: 在第 59 轮检测到NaN或inf验证损失值，停止训练
2025-10-15 03:43:50,135 - INFO - 警告: 在第 60 轮检测到NaN或inf损失值，停止训练
2025-10-15 03:43:50,359 - INFO - 警告: 在第 60 轮检测到NaN或inf验证损失值，停止训练
2025-10-15 03:43:50,371 - INFO - Epoch [60/100], Train Loss: 0.000000, Val Loss: nan, R²: nan, MAE: nan
2025-10-15 03:43:50,406 - INFO - 警告: 在第 61 轮检测到NaN或inf损失值，停止训练
2025-10-15 03:43:50,621 - INFO - 警告: 在第 61 轮检测到NaN或inf验证损失值，停止训练
2025-10-15 03:43:50,659 - INFO - 警告: 在第 62 轮检测到NaN或inf损失值，停止训练
2025-10-15 03:43:50,885 - INFO - 警告: 在第 62 轮检测到NaN或inf验证损失值，停止训练
2025-10-15 03:43:50,944 - INFO - 警告: 在第 63 轮检测到NaN或inf损失值，停止训练
2025-10-15 03:43:51,171 - INFO - 警告: 在第 63 轮检测到NaN或inf验证损失值，停止训练
2025-10-15 03:43:51,206 - INFO - 警告: 在第 64 轮检测到NaN或inf损失值，停止训练
2025-10-15 03:43:51,436 - INFO - 警告: 在第 64 轮检测到NaN或inf验证损失值，停止训练
2025-10-15 03:43:51,470 - INFO - 警告: 在第 65 轮检测到NaN或inf损失值，停止训练
2025-10-15 03:43:51,711 - INFO - 警告: 在第 65 轮检测到NaN或inf验证损失值，停止训练
2025-10-15 03:43:51,751 - INFO - 警告: 在第 66 轮检测到NaN或inf损失值，停止训练
2025-10-15 03:43:51,986 - INFO - 警告: 在第 66 轮检测到NaN或inf验证损失值，停止训练
2025-10-15 03:43:52,047 - INFO - 警告: 在第 67 轮检测到NaN或inf损失值，停止训练
2025-10-15 03:43:52,273 - INFO - 警告: 在第 67 轮检测到NaN或inf验证损失值，停止训练
2025-10-15 03:43:52,307 - INFO - 警告: 在第 68 轮检测到NaN或inf损失值，停止训练
2025-10-15 03:43:52,563 - INFO - 警告: 在第 68 轮检测到NaN或inf验证损失值，停止训练
2025-10-15 03:43:52,599 - INFO - 警告: 在第 69 轮检测到NaN或inf损失值，停止训练
2025-10-15 03:43:52,846 - INFO - 警告: 在第 69 轮检测到NaN或inf验证损失值，停止训练
2025-10-15 03:43:52,893 - INFO - 警告: 在第 70 轮检测到NaN或inf损失值，停止训练
2025-10-15 03:43:53,286 - INFO - 警告: 在第 70 轮检测到NaN或inf验证损失值，停止训练
2025-10-15 03:43:53,287 - INFO - Epoch [70/100], Train Loss: 0.000000, Val Loss: nan, R²: nan, MAE: nan
2025-10-15 03:43:53,325 - INFO - 警告: 在第 71 轮检测到NaN或inf损失值，停止训练
2025-10-15 03:43:53,570 - INFO - 警告: 在第 71 轮检测到NaN或inf验证损失值，停止训练
2025-10-15 03:43:53,570 - INFO - 早停机制触发，在第 71 轮停止训练
2025-10-15 03:43:53,572 - INFO - 开始训练 (100 轮)...
2025-10-15 03:43:54,725 - INFO - 模型已保存至: /home/data2/rhj/project/mol_editor/mol_evo/../mol_evo/output/v0/gcn_transformer_linear/train-20251015_034212-mu_change-30000-100/last.pth
2025-10-15 03:43:54,725 - INFO - 
2025-10-15 03:43:54,725 - INFO - ============================================================
2025-10-15 03:43:54,725 - INFO - 训练完成 - 最终评估结果
2025-10-15 03:43:54,726 - INFO - ============================================================
2025-10-15 03:43:54,726 - INFO - 测试集损失: nan
2025-10-15 03:43:54,726 - INFO - RMSE: nan
2025-10-15 03:43:54,726 - INFO - MAE: nan
2025-10-15 03:43:54,726 - INFO - R²: nan
2025-10-15 03:43:54,726 - INFO - PCC: nan
2025-10-15 03:43:54,726 - INFO - Rank Loss: nan
2025-10-15 03:43:54,726 - INFO - 
2025-10-15 03:43:54,726 - INFO - 阈值准确率:
2025-10-15 03:43:54,726 - INFO -   阈值 0.5: 0.00%
2025-10-15 03:43:54,726 - INFO - 
2025-10-15 03:43:54,726 - INFO - 训练完成:
2025-10-15 03:43:54,726 - INFO -   - 最终训练损失: 0.000000
2025-10-15 03:43:54,726 - INFO -   - 最佳验证损失: 0.428207
2025-10-15 03:43:54,726 - INFO -   - 测试损失 (MSE): nan
2025-10-15 03:43:54,726 - INFO -   - 测试RMSE: nan
2025-10-15 03:43:54,726 - INFO -   - 测试MAE: nan
2025-10-15 03:43:54,726 - INFO -   - 测试R²: nan
2025-10-15 03:43:54,726 - INFO -   - 测试PCC: nan
2025-10-15 03:43:54,727 - INFO -   - 测试Rank Loss: nan
2025-10-15 03:43:54,727 - INFO -   - 测试阈值准确率 (0.5): 0.0000
2025-10-15 03:43:54,727 - INFO -   - 模型已保存到: /home/data2/rhj/project/mol_editor/mol_evo/../mol_evo/output/v0/gcn_transformer_linear/train-20251015_034212-mu_change-30000-100/last.pth
