2025-10-11 00:50:43,288 - INFO - training_file - ============================================================
2025-10-11 00:50:43,289 - INFO - training_console - ============================================================
2025-10-11 00:50:43,289 - INFO - training_file - 基于NNConv的分子进化预测器模型训练开始
2025-10-11 00:50:43,289 - INFO - training_console - 基于NNConv的分子进化预测器模型训练开始
2025-10-11 00:50:43,289 - INFO - training_file - ============================================================
2025-10-11 00:50:43,289 - INFO - training_console - ============================================================
2025-10-11 00:50:43,289 - INFO - training_file - 数据文件: mol_evo/dataset/data/qm9-evo-pairs-step-1-with-properties.csv
2025-10-11 00:50:43,289 - INFO - training_console - 数据文件: mol_evo/dataset/data/qm9-evo-pairs-step-1-with-properties.csv
2025-10-11 00:50:43,289 - INFO - training_file - 最大对数: 1000
2025-10-11 00:50:43,289 - INFO - training_console - 最大对数: 1000
2025-10-11 00:50:43,289 - INFO - training_file - 训练轮数: 500
2025-10-11 00:50:43,289 - INFO - training_console - 训练轮数: 500
2025-10-11 00:50:43,289 - INFO - training_file - 正在构建图数据: mol_evo/dataset/data/qm9-evo-pairs-step-1-with-properties.csv
2025-10-11 00:50:43,289 - INFO - training_console - 正在构建图数据: mol_evo/dataset/data/qm9-evo-pairs-step-1-with-properties.csv
2025-10-11 00:50:43,610 - INFO - training_file - 加载缓存文件: /home/data2/rhj/project/mol_editor/mol_evo/core/utils/../../.cache/molecule_graphs/training_dataset.pt，包含 1377 个分子
2025-10-11 00:50:43,611 - INFO - training_console - 加载缓存文件: /home/data2/rhj/project/mol_editor/mol_evo/core/utils/../../.cache/molecule_graphs/training_dataset.pt，包含 1377 个分子
2025-10-11 00:50:43,784 - INFO - training_file - 分子处理统计: 总数=2000, 命中=2000, 未命中=0, 命中率=100.00%
2025-10-11 00:50:43,784 - INFO - training_console - 分子处理统计: 总数=2000, 命中=2000, 未命中=0, 命中率=100.00%
2025-10-11 00:50:43,789 - INFO - training_file - 训练集样本示例 (头部数据):
2025-10-11 00:50:43,789 - INFO - training_console - 训练集样本示例 (头部数据):
2025-10-11 00:50:43,789 - INFO - training_file -   样本 1:
2025-10-11 00:50:43,790 - INFO - training_console -   样本 1:
2025-10-11 00:50:43,790 - INFO - training_file -     起始分子节点数: 5
2025-10-11 00:50:43,790 - INFO - training_console -     起始分子节点数: 5
2025-10-11 00:50:43,790 - INFO - training_file -     起始分子边数: 8
2025-10-11 00:50:43,790 - INFO - training_console -     起始分子边数: 8
2025-10-11 00:50:43,790 - INFO - training_file -     目标分子节点数: 8
2025-10-11 00:50:43,790 - INFO - training_console -     目标分子节点数: 8
2025-10-11 00:50:43,790 - INFO - training_file -     目标分子边数: 14
2025-10-11 00:50:43,790 - INFO - training_console -     目标分子边数: 14
2025-10-11 00:50:43,790 - INFO - training_file -     边特征: [1.0, 0.0, 0.0, 0.0, 0.0, 1.0, 0.0, 0.0, 0.0, 0.0, 0.0]
2025-10-11 00:50:43,790 - INFO - training_console -     边特征: [1.0, 0.0, 0.0, 0.0, 0.0, 1.0, 0.0, 0.0, 0.0, 0.0, 0.0]
2025-10-11 00:50:43,790 - INFO - training_file -     目标属性值: 0.23596179485321045
2025-10-11 00:50:43,790 - INFO - training_console -     目标属性值: 0.23596179485321045
2025-10-11 00:50:43,790 - INFO - training_file -   样本 2:
2025-10-11 00:50:43,790 - INFO - training_console -   样本 2:
2025-10-11 00:50:43,790 - INFO - training_file -     起始分子节点数: 3
2025-10-11 00:50:43,790 - INFO - training_console -     起始分子节点数: 3
2025-10-11 00:50:43,790 - INFO - training_file -     起始分子边数: 4
2025-10-11 00:50:43,790 - INFO - training_console -     起始分子边数: 4
2025-10-11 00:50:43,790 - INFO - training_file -     目标分子节点数: 6
2025-10-11 00:50:43,790 - INFO - training_console -     目标分子节点数: 6
2025-10-11 00:50:43,790 - INFO - training_file -     目标分子边数: 10
2025-10-11 00:50:43,791 - INFO - training_console -     目标分子边数: 10
2025-10-11 00:50:43,791 - INFO - training_file -     边特征: [1.0, 0.0, 0.0, 0.0, 0.0, 1.0, 0.0, 0.0, 0.0, 0.0, 0.0]
2025-10-11 00:50:43,791 - INFO - training_console -     边特征: [1.0, 0.0, 0.0, 0.0, 0.0, 1.0, 0.0, 0.0, 0.0, 0.0, 0.0]
2025-10-11 00:50:43,791 - INFO - training_file -     目标属性值: -0.08259131014347076
2025-10-11 00:50:43,791 - INFO - training_console -     目标属性值: -0.08259131014347076
2025-10-11 00:50:43,791 - INFO - training_file -   样本 3:
2025-10-11 00:50:43,791 - INFO - training_console -   样本 3:
2025-10-11 00:50:43,791 - INFO - training_file -     起始分子节点数: 4
2025-10-11 00:50:43,791 - INFO - training_console -     起始分子节点数: 4
2025-10-11 00:50:43,791 - INFO - training_file -     起始分子边数: 6
2025-10-11 00:50:43,791 - INFO - training_console -     起始分子边数: 6
2025-10-11 00:50:43,791 - INFO - training_file -     目标分子节点数: 11
2025-10-11 00:50:43,791 - INFO - training_console -     目标分子节点数: 11
2025-10-11 00:50:43,791 - INFO - training_file -     目标分子边数: 20
2025-10-11 00:50:43,791 - INFO - training_console -     目标分子边数: 20
2025-10-11 00:50:43,791 - INFO - training_file -     边特征: [1.0, 0.0, 0.0, 0.0, 0.0, 0.0, 1.0, 0.0, 0.0, 0.0, 0.0]
2025-10-11 00:50:43,791 - INFO - training_console -     边特征: [1.0, 0.0, 0.0, 0.0, 0.0, 0.0, 1.0, 0.0, 0.0, 0.0, 0.0]
2025-10-11 00:50:43,791 - INFO - training_file -     目标属性值: 0.29442358016967773
2025-10-11 00:50:43,791 - INFO - training_console -     目标属性值: 0.29442358016967773
2025-10-11 00:50:43,791 - INFO - training_file - 数据构建完成:
2025-10-11 00:50:43,791 - INFO - training_console - 数据构建完成:
2025-10-11 00:50:43,791 - INFO - training_file -   - 样本数: 1000
2025-10-11 00:50:43,791 - INFO - training_console -   - 样本数: 1000
2025-10-11 00:50:43,791 - INFO - training_file -   - 节点特征维度: 11
2025-10-11 00:50:43,791 - INFO - training_console -   - 节点特征维度: 11
2025-10-11 00:50:43,791 - INFO - training_file -   - 边特征维度: 11
2025-10-11 00:50:43,791 - INFO - training_console -   - 边特征维度: 11
2025-10-11 00:50:43,791 - INFO - training_file -   - 目标属性变化维度: 1
2025-10-11 00:50:43,791 - INFO - training_console -   - 目标属性变化维度: 1
2025-10-11 00:50:43,792 - INFO - training_file - 数据集划分完成:
2025-10-11 00:50:43,792 - INFO - training_console - 数据集划分完成:
2025-10-11 00:50:43,792 - INFO - training_file -   - 训练集: 800 (80.0%)
2025-10-11 00:50:43,792 - INFO - training_console -   - 训练集: 800 (80.0%)
2025-10-11 00:50:43,792 - INFO - training_file -   - 验证集: 100 (10.0%)
2025-10-11 00:50:43,792 - INFO - training_console -   - 验证集: 100 (10.0%)
2025-10-11 00:50:43,792 - INFO - training_file -   - 测试集: 100 (10.0%)
2025-10-11 00:50:43,792 - INFO - training_console -   - 测试集: 100 (10.0%)
2025-10-11 00:50:43,843 - INFO - training_file - 正在创建模型...
2025-10-11 00:50:43,843 - INFO - training_console - 正在创建模型...
2025-10-11 00:50:43,844 - INFO - training_file - 模型参数数量: 980993
2025-10-11 00:50:43,844 - INFO - training_console - 模型参数数量: 980993
2025-10-11 00:50:43,844 - INFO - training_file - 使用设备: cuda
2025-10-11 00:50:43,844 - INFO - training_console - 使用设备: cuda
2025-10-11 00:50:49,016 - INFO - training_file - Epoch [10/500], Train Loss: 0.436006, Val Loss: 2.884063, R²: 0.1233, MAE: 0.7055
2025-10-11 00:50:53,668 - INFO - training_file - Epoch [20/500], Train Loss: 0.368405, Val Loss: 2.788829, R²: 0.1522, MAE: 0.6759
2025-10-11 00:50:58,385 - INFO - training_file - Epoch [30/500], Train Loss: 0.347692, Val Loss: 2.826281, R²: 0.1408, MAE: 0.7031
2025-10-11 00:51:03,334 - INFO - training_file - Epoch [40/500], Train Loss: 0.298656, Val Loss: 2.843067, R²: 0.1357, MAE: 0.6993
2025-10-11 00:51:08,096 - INFO - training_file - Epoch [50/500], Train Loss: 0.246651, Val Loss: 2.630307, R²: 0.2004, MAE: 0.6399
2025-10-11 00:51:13,042 - INFO - training_file - Epoch [60/500], Train Loss: 0.178603, Val Loss: 2.875944, R²: 0.1257, MAE: 0.6642
2025-10-11 00:51:17,660 - INFO - training_file - Epoch [70/500], Train Loss: 0.091936, Val Loss: 2.976578, R²: 0.0951, MAE: 0.6277
2025-10-11 00:51:22,765 - INFO - training_file - Epoch [80/500], Train Loss: 0.075322, Val Loss: 3.071574, R²: 0.0663, MAE: 0.6212
2025-10-11 00:51:27,002 - INFO - training_file - 早停机制触发，在第 89 轮停止训练
2025-10-11 00:51:27,002 - INFO - training_console - 早停机制触发，在第 89 轮停止训练
2025-10-11 00:51:27,003 - INFO - training_file - 开始训练 (500 轮)...
2025-10-11 00:51:27,003 - INFO - training_console - 开始训练 (500 轮)...
2025-10-11 00:51:28,069 - INFO - training_file - ============================================================
2025-10-11 00:51:28,069 - INFO - training_console - ============================================================
2025-10-11 00:51:28,069 - INFO - training_file - 训练完成 - 最终评估结果
2025-10-11 00:51:28,069 - INFO - training_console - 训练完成 - 最终评估结果
2025-10-11 00:51:28,069 - INFO - training_file - ============================================================
2025-10-11 00:51:28,069 - INFO - training_console - ============================================================
2025-10-11 00:51:28,070 - INFO - training_file - 测试集损失: 0.204223
2025-10-11 00:51:28,070 - INFO - training_console - 测试集损失: 0.204223
2025-10-11 00:51:28,070 - INFO - training_file - RMSE: 0.451910
2025-10-11 00:51:28,070 - INFO - training_console - RMSE: 0.451910
2025-10-11 00:51:28,070 - INFO - training_file - MAE: 0.253738
2025-10-11 00:51:28,070 - INFO - training_console - MAE: 0.253738
2025-10-11 00:51:28,070 - INFO - training_file - R²: 0.600693
2025-10-11 00:51:28,070 - INFO - training_console - R²: 0.600693
2025-10-11 00:51:28,070 - INFO - training_file - 
2025-10-11 00:51:28,070 - INFO - training_console - 
2025-10-11 00:51:28,070 - INFO - training_file - 阈值准确率:
2025-10-11 00:51:28,070 - INFO - training_console - 阈值准确率:
2025-10-11 00:51:28,070 - INFO - training_file -   阈值 0.4: 83.00%
2025-10-11 00:51:28,070 - INFO - training_console -   阈值 0.4: 83.00%
2025-10-11 00:51:28,070 - INFO - training_file -   阈值 0.3: 78.00%
2025-10-11 00:51:28,070 - INFO - training_console -   阈值 0.3: 78.00%
2025-10-11 00:51:28,070 - INFO - training_file -   阈值 0.2: 66.00%
2025-10-11 00:51:28,070 - INFO - training_console -   阈值 0.2: 66.00%
2025-10-11 00:51:28,070 - INFO - training_file -   阈值 0.1: 49.00%
2025-10-11 00:51:28,070 - INFO - training_console -   阈值 0.1: 49.00%
2025-10-11 00:51:28,070 - INFO - training_file -   阈值 0.05: 31.00%
2025-10-11 00:51:28,070 - INFO - training_console -   阈值 0.05: 31.00%
2025-10-11 00:51:28,070 - INFO - training_file - 
2025-10-11 00:51:28,070 - INFO - training_console - 
2025-10-11 00:51:28,070 - INFO - training_file - 模型已保存至: /home/data2/rhj/project/mol_editor/mol_evo/../mol_evo/output/v0/training_20251011_005043/molecule_evolution_gcn_v0_mu_predictor.pth
2025-10-11 00:51:28,070 - INFO - training_console - 模型已保存至: /home/data2/rhj/project/mol_editor/mol_evo/../mol_evo/output/v0/training_20251011_005043/molecule_evolution_gcn_v0_mu_predictor.pth
2025-10-11 00:51:28,070 - INFO - training_file - 
2025-10-11 00:51:28,070 - INFO - training_console - 
2025-10-11 00:51:28,070 - INFO - training_file - 训练过程总结:
2025-10-11 00:51:28,070 - INFO - training_console - 训练过程总结:
2025-10-11 00:51:28,070 - INFO - training_file -   最佳训练损失: 0.037691
2025-10-11 00:51:28,071 - INFO - training_console -   最佳训练损失: 0.037691
2025-10-11 00:51:28,071 - INFO - training_file -   最佳验证损失: 2.514154
2025-10-11 00:51:28,071 - INFO - training_console -   最佳验证损失: 2.514154
2025-10-11 00:51:28,071 - INFO - training_file - 
2025-10-11 00:51:28,071 - INFO - training_console - 
2025-10-11 00:51:28,071 - INFO - training_file - 训练完成:
2025-10-11 00:51:28,071 - INFO - training_console - 训练完成:
2025-10-11 00:51:28,071 - INFO - training_file -   - 最终训练损失: 0.037691
2025-10-11 00:51:28,071 - INFO - training_console -   - 最终训练损失: 0.037691
2025-10-11 00:51:28,071 - INFO - training_file -   - 最佳验证损失: 2.514154
2025-10-11 00:51:28,071 - INFO - training_console -   - 最佳验证损失: 2.514154
2025-10-11 00:51:28,071 - INFO - training_file -   - 测试损失 (MSE): 0.204223
2025-10-11 00:51:28,071 - INFO - training_console -   - 测试损失 (MSE): 0.204223
2025-10-11 00:51:28,071 - INFO - training_file -   - 测试RMSE: 0.451910
2025-10-11 00:51:28,071 - INFO - training_console -   - 测试RMSE: 0.451910
2025-10-11 00:51:28,071 - INFO - training_file -   - 测试MAE: 0.253738
2025-10-11 00:51:28,071 - INFO - training_console -   - 测试MAE: 0.253738
2025-10-11 00:51:28,071 - INFO - training_file -   - 测试R²: 0.600693
2025-10-11 00:51:28,071 - INFO - training_console -   - 测试R²: 0.600693
2025-10-11 00:51:28,071 - INFO - training_file -   - 测试阈值准确率 (0.4): 0.8300
2025-10-11 00:51:28,071 - INFO - training_console -   - 测试阈值准确率 (0.4): 0.8300
2025-10-11 00:51:28,071 - INFO - training_file -   - 测试阈值准确率 (0.3): 0.7800
2025-10-11 00:51:28,071 - INFO - training_console -   - 测试阈值准确率 (0.3): 0.7800
2025-10-11 00:51:28,071 - INFO - training_file -   - 测试阈值准确率 (0.2): 0.6600
2025-10-11 00:51:28,071 - INFO - training_console -   - 测试阈值准确率 (0.2): 0.6600
2025-10-11 00:51:28,071 - INFO - training_file -   - 测试阈值准确率 (0.1): 0.4900
2025-10-11 00:51:28,071 - INFO - training_console -   - 测试阈值准确率 (0.1): 0.4900
2025-10-11 00:51:28,071 - INFO - training_file -   - 测试阈值准确率 (0.05): 0.3100
2025-10-11 00:51:28,071 - INFO - training_console -   - 测试阈值准确率 (0.05): 0.3100
2025-10-11 00:51:28,072 - INFO - training_file -   - 模型已保存到: /home/data2/rhj/project/mol_editor/mol_evo/../mol_evo/output/v0/training_20251011_005043/molecule_evolution_gcn_v0_mu_predictor.pth
2025-10-11 00:51:28,072 - INFO - training_console -   - 模型已保存到: /home/data2/rhj/project/mol_editor/mol_evo/../mol_evo/output/v0/training_20251011_005043/molecule_evolution_gcn_v0_mu_predictor.pth
