2025-11-12 11:23:41,680 - INFO - ============================================================
2025-11-12 11:23:41,680 - INFO - 数据文件: mol_evo/dataset/data/qm9-evo-pairs-step-1-with-properties-pct.csv
2025-11-12 11:23:41,680 - INFO - 最大对数: 30000
2025-11-12 11:23:41,680 - INFO - 训练轮数: 300
2025-11-12 11:23:41,680 - INFO - ============================================================
2025-11-12 11:23:41,680 - INFO - 正在构建图数据: mol_evo/dataset/data/qm9-evo-pairs-step-1-with-properties-pct.csv
2025-11-12 11:23:42,229 - INFO - 加载缓存文件: /home/data2/rhj/project/mol_editor/mol_evo/core/utils/../../.cache/molecule_graphs/csv_qm9-evo-pairs-step-1-with-properties-pct_3cbb45cc1ac9202d.pt，包含 1994 个分子
2025-11-12 11:23:46,671 - WARNING - 跳过第25871行分子对: [H]O/N=C(\C([H])([H])[H])C([H])([H])C(C([H])([H])[H])(C([H])([H])[H])C([H])([H])[H] -> [H]ONC1C([H])([H])[C@]23C([H])([H])[C@]([H])(C2([H])[H])[C@@]13[H] (数据为None)
2025-11-12 11:23:47,460 - WARNING - 跳过第25984行分子对: [H]O/N=C(/C([H])([H])C([H])([H])[H])C(C([H])([H])[H])(C([H])([H])[H])C([H])([H])[H] -> [H]ONC1C([H])([H])[C@]23C([H])([H])[C@]([H])(C2([H])[H])[C@@]13[H] (数据为None)
2025-11-12 11:23:48,232 - WARNING - 跳过第26175行分子对: [H]O/N=C(\C([H])([H])[H])C(C([H])([H])[H])(C([H])([H])[H])C([H])([H])C([H])([H])[H] -> [H]ONC1C([H])([H])[C@]23C([H])([H])[C@]([H])(C2([H])[H])[C@@]13[H] (数据为None)
2025-11-12 11:23:49,067 - WARNING - 跳过第26431行分子对: [H]O/N=C(\C([H])([H])[H])C([H])([H])C([H])([H])C([H])(C([H])([H])[H])C([H])([H])[H] -> [H]ONC1C([H])([H])[C@]23C([H])([H])[C@]([H])(C2([H])[H])[C@@]13[H] (数据为None)
2025-11-12 11:23:49,827 - WARNING - 跳过第26530行分子对: [H]ONC1C(C([H])([H])[H])(C([H])([H])[H])C([H])([H])[C@]1([H])C([H])([H])[H] -> [H]ONC1C([H])([H])[C@]23C([H])([H])[C@]([H])(C2([H])[H])[C@@]13[H] (数据为None)
2025-11-12 11:23:50,608 - WARNING - 跳过第26630行分子对: [H]ONC1C([H])=C([H])C(C([H])([H])[H])(C([H])([H])[H])C1([H])[H] -> [H]ONC1C([H])([H])[C@]23C([H])([H])[C@]([H])(C2([H])[H])[C@@]13[H] (数据为None)
2025-11-12 11:23:51,381 - WARNING - 跳过第26691行分子对: [H]ONC1C([H])([H])C([H])([H])C(C([H])([H])[H])(C([H])([H])[H])C1([H])[H] -> [H]ONC1C([H])([H])[C@]23C([H])([H])[C@]([H])(C2([H])[H])[C@@]13[H] (数据为None)
2025-11-12 11:23:52,172 - WARNING - 跳过第26895行分子对: [H]O/N=C(\C([H])([H])C([H])([H])[H])C([H])([H])C([H])(C([H])([H])[H])C([H])([H])[H] -> [H]ONC1C([H])([H])[C@]23C([H])([H])[C@]([H])(C2([H])[H])[C@@]13[H] (数据为None)
2025-11-12 11:23:52,968 - WARNING - 跳过第27044行分子对: [H]C#C[C@]1(C([H])([H])[H])C([H])([H])[C@@H](NO[H])C1([H])[H] -> [H]ONC1C([H])([H])[C@]23C([H])([H])[C@]([H])(C2([H])[H])[C@@]13[H] (数据为None)
2025-11-12 11:23:53,766 - WARNING - 跳过第27152行分子对: [H]ON[C@H]1C([H])([H])[C@](C([H])([H])[H])(C([H])([H])C([H])([H])[H])C1([H])[H] -> [H]ONC1C([H])([H])[C@]23C([H])([H])[C@]([H])(C2([H])[H])[C@@]13[H] (数据为None)
2025-11-12 11:23:54,537 - WARNING - 跳过第27266行分子对: [H]O/N=C(\C([H])([H])[H])C([H])([H])C1(C([H])([H])[H])C([H])([H])C1([H])[H] -> [H]ONC1C([H])([H])[C@]23C([H])([H])[C@]([H])(C2([H])[H])[C@@]13[H] (数据为None)
2025-11-12 11:23:55,385 - WARNING - 跳过第27714行分子对: [H]O/N=C(\C([H])([H])[H])C([H])([H])C([H])([H])C([H])([H])C([H])([H])C([H])([H])[H] -> [H]ONC1C([H])([H])[C@]23C([H])([H])[C@]([H])(C2([H])[H])[C@@]13[H] (数据为None)
2025-11-12 11:23:56,192 - WARNING - 跳过第27835行分子对: [H]ONC1C([H])([H])C([H])=C([H])C1(C([H])([H])[H])C([H])([H])[H] -> [H]ONC1C([H])([H])[C@]23C([H])([H])[C@]([H])(C2([H])[H])[C@@]13[H] (数据为None)
2025-11-12 11:23:56,962 - WARNING - 跳过第27878行分子对: [H]ONC1=C([H])[C-]([H])C([H])([H])C1(C([H])([H])[H])C([H])([H])[H] -> [H]ONC1C([H])([H])[C@]23C([H])([H])[C@]([H])(C2([H])[H])[C@@]13[H] (数据为None)
2025-11-12 11:23:57,715 - WARNING - 跳过第27924行分子对: [H]ONC1C([H])([H])C([H])([H])C([H])([H])C1(C([H])([H])[H])C([H])([H])[H] -> [H]ONC1C([H])([H])[C@]23C([H])([H])[C@]([H])(C2([H])[H])[C@@]13[H] (数据为None)
2025-11-12 11:23:58,526 - WARNING - 跳过第28107行分子对: [H]ON=C(C([H])([H])C([H])([H])C([H])([H])[H])C([H])([H])C([H])([H])C([H])([H])[H] -> [H]ONC1C([H])([H])[C@]23C([H])([H])[C@]([H])(C2([H])[H])[C@@]13[H] (数据为None)
2025-11-12 11:23:59,334 - WARNING - 跳过第28312行分子对: [H]O/N=C(/C([H])([H])C([H])([H])C([H])([H])[H])C([H])(C([H])([H])[H])C([H])([H])[H] -> [H]ONC1C([H])([H])[C@]23C([H])([H])[C@]([H])(C2([H])[H])[C@@]13[H] (数据为None)
2025-11-12 11:24:00,146 - WARNING - 跳过第28519行分子对: [H]ON=C(C([H])(C([H])([H])[H])C([H])([H])[H])C([H])(C([H])([H])[H])C([H])([H])[H] -> [H]ONC1C([H])([H])[C@]23C([H])([H])[C@]([H])(C2([H])[H])[C@@]13[H] (数据为None)
2025-11-12 11:24:00,940 - WARNING - 跳过第28649行分子对: [H]O/N=C(\C([H])([H])[H])C1(C([H])([H])[H])C([H])([H])C([H])([H])C1([H])[H] -> [H]ONC1C([H])([H])[C@]23C([H])([H])[C@]([H])(C2([H])[H])[C@@]13[H] (数据为None)
2025-11-12 11:24:01,732 - WARNING - 跳过第28853行分子对: [H]ON[C@H]1C([H])([H])[C@]([H])(C([H])(C([H])([H])[H])C([H])([H])[H])C1([H])[H] -> [H]ONC1C([H])([H])[C@]23C([H])([H])[C@]([H])(C2([H])[H])[C@@]13[H] (数据为None)
2025-11-12 11:24:02,486 - WARNING - 跳过第28960行分子对: [H]O/N=C(\C([H])([H])[H])[C@]1([H])C([H])([H])[C@@]([H])(C([H])([H])[H])C1([H])[H] -> [H]ONC1C([H])([H])[C@]23C([H])([H])[C@]([H])(C2([H])[H])[C@@]13[H] (数据为None)
2025-11-12 11:24:03,259 - WARNING - 跳过第29052行分子对: [H]ONC1C([H])=C(C([H])([H])[H])C([H])([H])C([H])([H])C1([H])[H] -> [H]ONC1C([H])([H])[C@]23C([H])([H])[C@]([H])(C2([H])[H])[C@@]13[H] (数据为None)
2025-11-12 11:24:04,014 - WARNING - 跳过第29115行分子对: [H]ONC1C([H])([H])C(C([H])([H])[H])=C([H])C([H])([H])C1([H])[H] -> [H]ONC1C([H])([H])[C@]23C([H])([H])[C@]([H])(C2([H])[H])[C@@]13[H] (数据为None)
2025-11-12 11:24:04,825 - WARNING - 跳过第29191行分子对: [H]ONC1C([H])([H])C([H])([H])C([H])([H])[C@]([H])(C([H])([H])[H])C1([H])[H] -> [H]ONC1C([H])([H])[C@]23C([H])([H])[C@]([H])(C2([H])[H])[C@@]13[H] (数据为None)
2025-11-12 11:24:05,602 - WARNING - 跳过第29259行分子对: [H]ONC1C([H])([H])C(C([H])([H])[H])=C(C([H])([H])[H])C1([H])[H] -> [H]ONC1C([H])([H])[C@]23C([H])([H])[C@]([H])(C2([H])[H])[C@@]13[H] (数据为None)
2025-11-12 11:24:06,376 - WARNING - 跳过第29362行分子对: [H]ONC1C([H])([H])C(C([H])([H])[H])=C([H])[C@]1([H])C([H])([H])[H] -> [H]ONC1C([H])([H])[C@]23C([H])([H])[C@]([H])(C2([H])[H])[C@@]13[H] (数据为None)
2025-11-12 11:24:06,881 - WARNING - 跳过第29437行分子对: [H][N-]C1O[C@]([H])(C([H])([H])[H])C(NO[H])C1([H])[H] -> [H]ONC1C([H])([H])[C@]23C([H])([H])[N@@H+](C2([H])[H])[C@@]13[H] (数据为None)
2025-11-12 11:24:07,662 - WARNING - 跳过第29554行分子对: [H]ONC1C([H])([H])[C@]2([H])C([H])([H])[C@@]1(C([H])([H])[H])C2([H])[H] -> [H]ONC1C([H])([H])[C@]23C([H])([H])[C@]([H])(C2([H])[H])[C@@]13[H] (数据为None)
2025-11-12 11:24:08,438 - WARNING - 跳过第29644行分子对: [H]O/N=C(\C([H])([H])[H])C([H])([H])C1([H])C([H])([H])C([H])([H])C1([H])[H] -> [H]ONC1C([H])([H])[C@]23C([H])([H])[C@]([H])(C2([H])[H])[C@@]13[H] (数据为None)
2025-11-12 11:24:09,189 - WARNING - 跳过第29737行分子对: [H]C#CC([H])([H])[C@]1([H])C([H])([H])[C@@H](NO[H])C1([H])[H] -> [H]ONC1C([H])([H])[C@]23C([H])([H])[C@]([H])(C2([H])[H])[C@@]13[H] (数据为None)
2025-11-12 11:24:09,962 - WARNING - 跳过第29820行分子对: [H]ON[C@H]1C([H])([H])[C@]([H])(C#CC([H])([H])[H])C1([H])[H] -> [H]ONC1C([H])([H])[C@]23C([H])([H])[C@]([H])(C2([H])[H])[C@@]13[H] (数据为None)
2025-11-12 11:24:10,729 - WARNING - 跳过第29860行分子对: [H]ON[C@H]1C([H])([H])[C@]([H])(C([H])([H])C([H])([H])C([H])([H])[H])C1([H])[H] -> [H]ONC1C([H])([H])[C@]23C([H])([H])[C@]([H])(C2([H])[H])[C@@]13[H] (数据为None)
2025-11-12 11:24:11,490 - WARNING - 跳过第29968行分子对: [H]ONC1C([H])([H])C2(C1([H])[H])C([H])([H])C([H])([H])C2([H])[H] -> [H]ONC1C([H])([H])[C@]23C([H])([H])[C@]([H])(C2([H])[H])[C@@]13[H] (数据为None)
2025-11-12 11:24:11,565 - INFO - 分子处理统计: 总数=60000, 命中=59967, 未命中=33, 命中率=99.94%
2025-11-12 11:24:11,590 - INFO - --- 训练集样本示例 (头部数据) ---
2025-11-12 11:24:11,590 - INFO -   样本       起始节点数        起始边数         目标节点数        目标边数         边特征             目标属性值          
2025-11-12 11:24:11,590 - INFO -   --------------------------------------------------------------------------------
2025-11-12 11:24:11,590 - INFO -   1        5            8            8            14           [0.0, 1.0, 0.   -1.626431      
2025-11-12 11:24:11,590 - INFO -   2        3            4            6            10           [0.0, 1.0, 0.   -1.218061      
2025-11-12 11:24:11,591 - INFO -   3        4            6            11           20           [0.0, 1.0, 0.   1.620416       
2025-11-12 11:24:11,591 - INFO -   --------------------------------------------------------------------------------
2025-11-12 11:24:11,591 - INFO - 
数据构建完成:
2025-11-12 11:24:11,591 - INFO -   项目                   值                   
2025-11-12 11:24:11,591 - INFO -   ---------------------------------------- --------------------
2025-11-12 11:24:11,591 - INFO -   样本数                  29967               
2025-11-12 11:24:11,591 - INFO -   节点特征维度               11                  
2025-11-12 11:24:11,591 - INFO -   边特征维度                25                  
2025-11-12 11:24:11,591 - INFO -   目标属性变化维度             1                   
2025-11-12 11:24:11,593 - INFO - 数据集划分完成:
2025-11-12 11:24:11,593 - INFO -   - 训练集: 23973 (80.0%)
2025-11-12 11:24:11,594 - INFO -   - 验证集: 2996 (10.0%)
2025-11-12 11:24:11,594 - INFO -   - 测试集: 2998 (10.0%)
2025-11-12 11:24:11,664 - INFO - 更新模型边特征维度: 11 -> 25
2025-11-12 11:24:21,210 - INFO - 正在创建模型...
2025-11-12 11:24:21,213 - INFO - 模型参数数量: 5777671
2025-11-12 11:24:21,213 - INFO - 使用设备: cuda
2025-11-12 11:24:22,418 - INFO - 开始训练 (300 轮)...
2025-11-12 11:48:11,971 - INFO - Epoch [10/300], Train Loss: 0.195446, Val Loss: 0.185849, R²: 0.8891, MAE: 0.1858
2025-11-12 12:12:03,916 - INFO - Epoch [20/300], Train Loss: 0.141185, Val Loss: 0.122524, R²: 0.9296, MAE: 0.1225
2025-11-12 12:36:08,391 - INFO - Epoch [30/300], Train Loss: 0.088147, Val Loss: 0.085072, R²: 0.9453, MAE: 0.0851
2025-11-12 13:00:14,864 - INFO - Epoch [40/300], Train Loss: 0.080563, Val Loss: 0.083575, R²: 0.9495, MAE: 0.0836
2025-11-12 13:24:39,147 - INFO - Epoch [50/300], Train Loss: 0.069468, Val Loss: 0.070999, R²: 0.9538, MAE: 0.0710
2025-11-12 13:49:07,695 - INFO - Epoch [60/300], Train Loss: 0.068615, Val Loss: 0.070090, R²: 0.9543, MAE: 0.0701
2025-11-12 14:13:34,253 - INFO - Epoch [70/300], Train Loss: 0.068000, Val Loss: 0.069756, R²: 0.9546, MAE: 0.0698
2025-11-12 14:38:04,394 - INFO - Epoch [80/300], Train Loss: 0.068031, Val Loss: 0.069268, R²: 0.9547, MAE: 0.0693
2025-11-12 15:02:35,973 - INFO - Epoch [90/300], Train Loss: 0.067064, Val Loss: 0.067800, R²: 0.9549, MAE: 0.0678
2025-11-12 15:27:18,397 - INFO - Epoch [100/300], Train Loss: 0.067033, Val Loss: 0.068066, R²: 0.9549, MAE: 0.0681
2025-11-12 15:51:55,733 - INFO - Epoch [110/300], Train Loss: 0.066392, Val Loss: 0.067227, R²: 0.9549, MAE: 0.0672
2025-11-12 16:16:32,508 - INFO - Epoch [120/300], Train Loss: 0.066644, Val Loss: 0.067089, R²: 0.9552, MAE: 0.0671
2025-11-12 16:41:01,779 - INFO - Epoch [130/300], Train Loss: 0.066327, Val Loss: 0.066935, R²: 0.9553, MAE: 0.0669
2025-11-12 17:05:25,205 - INFO - Epoch [140/300], Train Loss: 0.065811, Val Loss: 0.065951, R²: 0.9555, MAE: 0.0660
2025-11-12 17:29:56,375 - INFO - Epoch [150/300], Train Loss: 0.066206, Val Loss: 0.067369, R²: 0.9555, MAE: 0.0674
2025-11-12 17:54:25,355 - INFO - Epoch [160/300], Train Loss: 0.065498, Val Loss: 0.068306, R²: 0.9555, MAE: 0.0683
2025-11-12 18:18:51,415 - INFO - Epoch [170/300], Train Loss: 0.065646, Val Loss: 0.065970, R²: 0.9557, MAE: 0.0660
2025-11-12 18:43:20,332 - INFO - Epoch [180/300], Train Loss: 0.064843, Val Loss: 0.065699, R²: 0.9559, MAE: 0.0657
2025-11-12 19:07:34,478 - INFO - Epoch [190/300], Train Loss: 0.064736, Val Loss: 0.065636, R²: 0.9560, MAE: 0.0656
2025-11-12 19:31:43,304 - INFO - Epoch [200/300], Train Loss: 0.064417, Val Loss: 0.064822, R²: 0.9563, MAE: 0.0648
2025-11-12 19:56:03,777 - INFO - Epoch [210/300], Train Loss: 0.064321, Val Loss: 0.064570, R²: 0.9563, MAE: 0.0646
2025-11-12 20:20:21,270 - INFO - Epoch [220/300], Train Loss: 0.064357, Val Loss: 0.063436, R²: 0.9564, MAE: 0.0634
2025-11-12 20:44:51,428 - INFO - Epoch [230/300], Train Loss: 0.064271, Val Loss: 0.065253, R²: 0.9563, MAE: 0.0653
2025-11-12 21:09:18,673 - INFO - Epoch [240/300], Train Loss: 0.063398, Val Loss: 0.064268, R²: 0.9565, MAE: 0.0643
2025-11-12 21:32:59,612 - INFO - Epoch [250/300], Train Loss: 0.062965, Val Loss: 0.064399, R²: 0.9565, MAE: 0.0644
2025-11-12 21:56:46,343 - INFO - Epoch [260/300], Train Loss: 0.063631, Val Loss: 0.063936, R²: 0.9566, MAE: 0.0639
2025-11-12 22:20:49,599 - INFO - Epoch [270/300], Train Loss: 0.062965, Val Loss: 0.064793, R²: 0.9567, MAE: 0.0648
2025-11-12 22:44:57,554 - INFO - Epoch [280/300], Train Loss: 0.062896, Val Loss: 0.063358, R²: 0.9571, MAE: 0.0634
2025-11-12 23:09:00,618 - INFO - Epoch [290/300], Train Loss: 0.062676, Val Loss: 0.063200, R²: 0.9570, MAE: 0.0632
2025-11-12 23:33:11,942 - INFO - Epoch [300/300], Train Loss: 0.061803, Val Loss: 0.062438, R²: 0.9572, MAE: 0.0624
2025-11-12 23:33:11,943 - INFO - 开始训练 (300 轮)...
2025-11-12 23:33:18,413 - INFO - 模型已保存至: /home/data2/rhj/project/mol_editor/mol_evo/../mol_evo/output/v0/MoleculeEvolutionEquiformerLinearPredictor/train-20251112_112341-homo_change_pct-30000-300/last.pth
2025-11-12 23:33:18,413 - INFO - 
2025-11-12 23:33:18,413 - INFO - ============================================================
2025-11-12 23:33:18,413 - INFO - 训练完成 - 最终评估结果
2025-11-12 23:33:18,413 - INFO - ============================================================
2025-11-12 23:33:18,413 - INFO - 测试集损失: 0.062909
2025-11-12 23:33:18,413 - INFO - RMSE: 0.136578
2025-11-12 23:33:18,413 - INFO - MAE: 0.062909
2025-11-12 23:33:18,413 - INFO - R²: 0.980453
2025-11-12 23:33:18,413 - INFO - PCC: 0.991076
2025-11-12 23:33:18,413 - INFO - Rank Loss: 0.332305
2025-11-12 23:33:18,413 - INFO - 
2025-11-12 23:33:18,413 - INFO - 阈值准确率:
2025-11-12 23:33:18,413 - INFO -   阈值 0.5: 98.63%
2025-11-12 23:33:18,413 - INFO -   阈值 0.4: 97.97%
2025-11-12 23:33:18,413 - INFO -   阈值 0.30000000000000004: 96.90%
2025-11-12 23:33:18,413 - INFO -   阈值 0.20000000000000004: 94.50%
2025-11-12 23:33:18,413 - INFO -   阈值 0.10000000000000003: 84.42%
2025-11-12 23:33:18,413 - INFO -   阈值 0.05000000000000002: 66.84%
2025-11-12 23:33:18,414 - INFO -   阈值 0.040000000000000015: 60.71%
2025-11-12 23:33:18,414 - INFO -   阈值 0.030000000000000013: 51.53%
2025-11-12 23:33:18,414 - INFO -   阈值 0.02000000000000001: 38.16%
2025-11-12 23:33:18,414 - INFO - 
2025-11-12 23:33:18,414 - INFO - 训练完成:
2025-11-12 23:33:18,414 - INFO -   - 最终训练损失: 0.061803
2025-11-12 23:33:18,414 - INFO -   - 最佳验证损失: 0.062111
2025-11-12 23:33:18,414 - INFO -   - 测试损失 (MSE): 0.062909
2025-11-12 23:33:18,414 - INFO -   - 测试RMSE: 0.136578
2025-11-12 23:33:18,414 - INFO -   - 测试MAE: 0.062909
2025-11-12 23:33:18,414 - INFO -   - 测试R²: 0.980453
2025-11-12 23:33:18,414 - INFO -   - 测试PCC: 0.991076
2025-11-12 23:33:18,414 - INFO -   - 测试Rank Loss: 0.332305
2025-11-12 23:33:18,414 - INFO -   - 测试阈值准确率 (0.5): 0.9863
2025-11-12 23:33:18,414 - INFO -   - 测试阈值准确率 (0.4): 0.9797
2025-11-12 23:33:18,414 - INFO -   - 测试阈值准确率 (0.30000000000000004): 0.9690
2025-11-12 23:33:18,414 - INFO -   - 测试阈值准确率 (0.20000000000000004): 0.9450
2025-11-12 23:33:18,414 - INFO -   - 测试阈值准确率 (0.10000000000000003): 0.8442
2025-11-12 23:33:18,414 - INFO -   - 测试阈值准确率 (0.05000000000000002): 0.6684
2025-11-12 23:33:18,414 - INFO -   - 测试阈值准确率 (0.040000000000000015): 0.6071
2025-11-12 23:33:18,414 - INFO -   - 测试阈值准确率 (0.030000000000000013): 0.5153
2025-11-12 23:33:18,414 - INFO -   - 测试阈值准确率 (0.02000000000000001): 0.3816
2025-11-12 23:33:18,414 - INFO -   - 模型已保存到: /home/data2/rhj/project/mol_editor/mol_evo/../mol_evo/output/v0/MoleculeEvolutionEquiformerLinearPredictor/train-20251112_112341-homo_change_pct-30000-300/last.pth
2025-11-12 23:33:18,414 - INFO - 训练结果已保存到: /home/data2/rhj/project/mol_editor/mol_evo/../mol_evo/output/v0/MoleculeEvolutionEquiformerLinearPredictor/train-20251112_112341-homo_change_pct-30000-300/training_results.json
2025-11-12 23:33:18,415 - INFO - 模型目录: /home/data2/rhj/project/mol_editor/mol_evo/../mol_evo/output/v0/MoleculeEvolutionEquiformerLinearPredictor/train-20251112_112341-homo_change_pct-30000-300
