2025-11-05 16:09:59,714 - INFO - ============================================================
2025-11-05 16:09:59,714 - INFO - 数据文件: mol_evo/dataset/data/qm9-evo-pairs-step-1-with-properties-pct.csv
2025-11-05 16:09:59,714 - INFO - 最大对数: 30000
2025-11-05 16:09:59,714 - INFO - 训练轮数: 300
2025-11-05 16:09:59,714 - INFO - ============================================================
2025-11-05 16:09:59,714 - INFO - 正在构建图数据: mol_evo/dataset/data/qm9-evo-pairs-step-1-with-properties-pct.csv
2025-11-05 16:10:00,384 - INFO - 加载缓存文件: /home/data2/rhj/project/mol_editor/mol_evo/core/utils/../../.cache/molecule_graphs/csv_qm9-evo-pairs-step-1-with-properties-pct_3cbb45cc1ac9202d.pt，包含 1994 个分子
2025-11-05 16:10:04,616 - WARNING - 跳过第25871行分子对: [H]O/N=C(\C([H])([H])[H])C([H])([H])C(C([H])([H])[H])(C([H])([H])[H])C([H])([H])[H] -> [H]ONC1C([H])([H])[C@]23C([H])([H])[C@]([H])(C2([H])[H])[C@@]13[H] (数据为None)
2025-11-05 16:10:05,407 - WARNING - 跳过第25984行分子对: [H]O/N=C(/C([H])([H])C([H])([H])[H])C(C([H])([H])[H])(C([H])([H])[H])C([H])([H])[H] -> [H]ONC1C([H])([H])[C@]23C([H])([H])[C@]([H])(C2([H])[H])[C@@]13[H] (数据为None)
2025-11-05 16:10:06,314 - WARNING - 跳过第26175行分子对: [H]O/N=C(\C([H])([H])[H])C(C([H])([H])[H])(C([H])([H])[H])C([H])([H])C([H])([H])[H] -> [H]ONC1C([H])([H])[C@]23C([H])([H])[C@]([H])(C2([H])[H])[C@@]13[H] (数据为None)
2025-11-05 16:10:07,135 - WARNING - 跳过第26431行分子对: [H]O/N=C(\C([H])([H])[H])C([H])([H])C([H])([H])C([H])(C([H])([H])[H])C([H])([H])[H] -> [H]ONC1C([H])([H])[C@]23C([H])([H])[C@]([H])(C2([H])[H])[C@@]13[H] (数据为None)
2025-11-05 16:10:07,897 - WARNING - 跳过第26530行分子对: [H]ONC1C(C([H])([H])[H])(C([H])([H])[H])C([H])([H])[C@]1([H])C([H])([H])[H] -> [H]ONC1C([H])([H])[C@]23C([H])([H])[C@]([H])(C2([H])[H])[C@@]13[H] (数据为None)
2025-11-05 16:10:08,669 - WARNING - 跳过第26630行分子对: [H]ONC1C([H])=C([H])C(C([H])([H])[H])(C([H])([H])[H])C1([H])[H] -> [H]ONC1C([H])([H])[C@]23C([H])([H])[C@]([H])(C2([H])[H])[C@@]13[H] (数据为None)
2025-11-05 16:10:09,442 - WARNING - 跳过第26691行分子对: [H]ONC1C([H])([H])C([H])([H])C(C([H])([H])[H])(C([H])([H])[H])C1([H])[H] -> [H]ONC1C([H])([H])[C@]23C([H])([H])[C@]([H])(C2([H])[H])[C@@]13[H] (数据为None)
2025-11-05 16:10:10,243 - WARNING - 跳过第26895行分子对: [H]O/N=C(\C([H])([H])C([H])([H])[H])C([H])([H])C([H])(C([H])([H])[H])C([H])([H])[H] -> [H]ONC1C([H])([H])[C@]23C([H])([H])[C@]([H])(C2([H])[H])[C@@]13[H] (数据为None)
2025-11-05 16:10:11,024 - WARNING - 跳过第27044行分子对: [H]C#C[C@]1(C([H])([H])[H])C([H])([H])[C@@H](NO[H])C1([H])[H] -> [H]ONC1C([H])([H])[C@]23C([H])([H])[C@]([H])(C2([H])[H])[C@@]13[H] (数据为None)
2025-11-05 16:10:11,808 - WARNING - 跳过第27152行分子对: [H]ON[C@H]1C([H])([H])[C@](C([H])([H])[H])(C([H])([H])C([H])([H])[H])C1([H])[H] -> [H]ONC1C([H])([H])[C@]23C([H])([H])[C@]([H])(C2([H])[H])[C@@]13[H] (数据为None)
2025-11-05 16:10:12,578 - WARNING - 跳过第27266行分子对: [H]O/N=C(\C([H])([H])[H])C([H])([H])C1(C([H])([H])[H])C([H])([H])C1([H])[H] -> [H]ONC1C([H])([H])[C@]23C([H])([H])[C@]([H])(C2([H])[H])[C@@]13[H] (数据为None)
2025-11-05 16:10:13,391 - WARNING - 跳过第27714行分子对: [H]O/N=C(\C([H])([H])[H])C([H])([H])C([H])([H])C([H])([H])C([H])([H])C([H])([H])[H] -> [H]ONC1C([H])([H])[C@]23C([H])([H])[C@]([H])(C2([H])[H])[C@@]13[H] (数据为None)
2025-11-05 16:10:14,143 - WARNING - 跳过第27835行分子对: [H]ONC1C([H])([H])C([H])=C([H])C1(C([H])([H])[H])C([H])([H])[H] -> [H]ONC1C([H])([H])[C@]23C([H])([H])[C@]([H])(C2([H])[H])[C@@]13[H] (数据为None)
2025-11-05 16:10:14,903 - WARNING - 跳过第27878行分子对: [H]ONC1=C([H])[C-]([H])C([H])([H])C1(C([H])([H])[H])C([H])([H])[H] -> [H]ONC1C([H])([H])[C@]23C([H])([H])[C@]([H])(C2([H])[H])[C@@]13[H] (数据为None)
2025-11-05 16:10:15,642 - WARNING - 跳过第27924行分子对: [H]ONC1C([H])([H])C([H])([H])C([H])([H])C1(C([H])([H])[H])C([H])([H])[H] -> [H]ONC1C([H])([H])[C@]23C([H])([H])[C@]([H])(C2([H])[H])[C@@]13[H] (数据为None)
2025-11-05 16:10:16,431 - WARNING - 跳过第28107行分子对: [H]ON=C(C([H])([H])C([H])([H])C([H])([H])[H])C([H])([H])C([H])([H])C([H])([H])[H] -> [H]ONC1C([H])([H])[C@]23C([H])([H])[C@]([H])(C2([H])[H])[C@@]13[H] (数据为None)
2025-11-05 16:10:17,228 - WARNING - 跳过第28312行分子对: [H]O/N=C(/C([H])([H])C([H])([H])C([H])([H])[H])C([H])(C([H])([H])[H])C([H])([H])[H] -> [H]ONC1C([H])([H])[C@]23C([H])([H])[C@]([H])(C2([H])[H])[C@@]13[H] (数据为None)
2025-11-05 16:10:18,034 - WARNING - 跳过第28519行分子对: [H]ON=C(C([H])(C([H])([H])[H])C([H])([H])[H])C([H])(C([H])([H])[H])C([H])([H])[H] -> [H]ONC1C([H])([H])[C@]23C([H])([H])[C@]([H])(C2([H])[H])[C@@]13[H] (数据为None)
2025-11-05 16:10:18,826 - WARNING - 跳过第28649行分子对: [H]O/N=C(\C([H])([H])[H])C1(C([H])([H])[H])C([H])([H])C([H])([H])C1([H])[H] -> [H]ONC1C([H])([H])[C@]23C([H])([H])[C@]([H])(C2([H])[H])[C@@]13[H] (数据为None)
2025-11-05 16:10:19,612 - WARNING - 跳过第28853行分子对: [H]ON[C@H]1C([H])([H])[C@]([H])(C([H])(C([H])([H])[H])C([H])([H])[H])C1([H])[H] -> [H]ONC1C([H])([H])[C@]23C([H])([H])[C@]([H])(C2([H])[H])[C@@]13[H] (数据为None)
2025-11-05 16:10:20,362 - WARNING - 跳过第28960行分子对: [H]O/N=C(\C([H])([H])[H])[C@]1([H])C([H])([H])[C@@]([H])(C([H])([H])[H])C1([H])[H] -> [H]ONC1C([H])([H])[C@]23C([H])([H])[C@]([H])(C2([H])[H])[C@@]13[H] (数据为None)
2025-11-05 16:10:21,129 - WARNING - 跳过第29052行分子对: [H]ONC1C([H])=C(C([H])([H])[H])C([H])([H])C([H])([H])C1([H])[H] -> [H]ONC1C([H])([H])[C@]23C([H])([H])[C@]([H])(C2([H])[H])[C@@]13[H] (数据为None)
2025-11-05 16:10:21,876 - WARNING - 跳过第29115行分子对: [H]ONC1C([H])([H])C(C([H])([H])[H])=C([H])C([H])([H])C1([H])[H] -> [H]ONC1C([H])([H])[C@]23C([H])([H])[C@]([H])(C2([H])[H])[C@@]13[H] (数据为None)
2025-11-05 16:10:22,661 - WARNING - 跳过第29191行分子对: [H]ONC1C([H])([H])C([H])([H])C([H])([H])[C@]([H])(C([H])([H])[H])C1([H])[H] -> [H]ONC1C([H])([H])[C@]23C([H])([H])[C@]([H])(C2([H])[H])[C@@]13[H] (数据为None)
2025-11-05 16:10:23,420 - WARNING - 跳过第29259行分子对: [H]ONC1C([H])([H])C(C([H])([H])[H])=C(C([H])([H])[H])C1([H])[H] -> [H]ONC1C([H])([H])[C@]23C([H])([H])[C@]([H])(C2([H])[H])[C@@]13[H] (数据为None)
2025-11-05 16:10:24,186 - WARNING - 跳过第29362行分子对: [H]ONC1C([H])([H])C(C([H])([H])[H])=C([H])[C@]1([H])C([H])([H])[H] -> [H]ONC1C([H])([H])[C@]23C([H])([H])[C@]([H])(C2([H])[H])[C@@]13[H] (数据为None)
2025-11-05 16:10:24,690 - WARNING - 跳过第29437行分子对: [H][N-]C1O[C@]([H])(C([H])([H])[H])C(NO[H])C1([H])[H] -> [H]ONC1C([H])([H])[C@]23C([H])([H])[N@@H+](C2([H])[H])[C@@]13[H] (数据为None)
2025-11-05 16:10:25,463 - WARNING - 跳过第29554行分子对: [H]ONC1C([H])([H])[C@]2([H])C([H])([H])[C@@]1(C([H])([H])[H])C2([H])[H] -> [H]ONC1C([H])([H])[C@]23C([H])([H])[C@]([H])(C2([H])[H])[C@@]13[H] (数据为None)
2025-11-05 16:10:26,230 - WARNING - 跳过第29644行分子对: [H]O/N=C(\C([H])([H])[H])C([H])([H])C1([H])C([H])([H])C([H])([H])C1([H])[H] -> [H]ONC1C([H])([H])[C@]23C([H])([H])[C@]([H])(C2([H])[H])[C@@]13[H] (数据为None)
2025-11-05 16:10:26,940 - WARNING - 跳过第29737行分子对: [H]C#CC([H])([H])[C@]1([H])C([H])([H])[C@@H](NO[H])C1([H])[H] -> [H]ONC1C([H])([H])[C@]23C([H])([H])[C@]([H])(C2([H])[H])[C@@]13[H] (数据为None)
2025-11-05 16:10:27,708 - WARNING - 跳过第29820行分子对: [H]ON[C@H]1C([H])([H])[C@]([H])(C#CC([H])([H])[H])C1([H])[H] -> [H]ONC1C([H])([H])[C@]23C([H])([H])[C@]([H])(C2([H])[H])[C@@]13[H] (数据为None)
2025-11-05 16:10:28,470 - WARNING - 跳过第29860行分子对: [H]ON[C@H]1C([H])([H])[C@]([H])(C([H])([H])C([H])([H])C([H])([H])[H])C1([H])[H] -> [H]ONC1C([H])([H])[C@]23C([H])([H])[C@]([H])(C2([H])[H])[C@@]13[H] (数据为None)
2025-11-05 16:10:29,228 - WARNING - 跳过第29968行分子对: [H]ONC1C([H])([H])C2(C1([H])[H])C([H])([H])C([H])([H])C2([H])[H] -> [H]ONC1C([H])([H])[C@]23C([H])([H])[C@]([H])(C2([H])[H])[C@@]13[H] (数据为None)
2025-11-05 16:10:29,294 - INFO - 分子处理统计: 总数=60000, 命中=59967, 未命中=33, 命中率=99.94%
2025-11-05 16:10:29,320 - INFO - --- 训练集样本示例 (头部数据) ---
2025-11-05 16:10:29,320 - INFO -   样本       起始节点数        起始边数         目标节点数        目标边数         边特征             目标属性值          
2025-11-05 16:10:29,320 - INFO -   --------------------------------------------------------------------------------
2025-11-05 16:10:29,320 - INFO -   1        5            8            8            14           [1.0, 0.0, 0.   0.023518       
2025-11-05 16:10:29,320 - INFO -   2        3            4            6            10           [1.0, 0.0, 0.   -0.273184      
2025-11-05 16:10:29,320 - INFO -   3        4            6            11           20           [1.0, 0.0, 0.   0.077970       
2025-11-05 16:10:29,320 - INFO -   --------------------------------------------------------------------------------
2025-11-05 16:10:29,321 - INFO - 
数据构建完成:
2025-11-05 16:10:29,321 - INFO -   项目                   值                   
2025-11-05 16:10:29,321 - INFO -   ---------------------------------------- --------------------
2025-11-05 16:10:29,321 - INFO -   样本数                  29967               
2025-11-05 16:10:29,321 - INFO -   节点特征维度               11                  
2025-11-05 16:10:29,321 - INFO -   边特征维度                11                  
2025-11-05 16:10:29,321 - INFO -   目标属性变化维度             1                   
2025-11-05 16:10:29,323 - INFO - 数据集划分完成:
2025-11-05 16:10:29,323 - INFO -   - 训练集: 23973 (80.0%)
2025-11-05 16:10:29,323 - INFO -   - 验证集: 2996 (10.0%)
2025-11-05 16:10:29,323 - INFO -   - 测试集: 2998 (10.0%)
2025-11-05 16:10:29,369 - INFO - 正在创建模型...
2025-11-05 16:10:29,369 - INFO - 模型参数数量: 2117249
2025-11-05 16:10:29,369 - INFO - 使用设备: cuda
2025-11-05 16:10:29,954 - INFO - 开始训练 (300 轮)...
2025-11-05 16:10:51,431 - INFO - Epoch [10/300], Train Loss: 0.513684, Val Loss: 0.511210, R²: 0.3796, MAE: 0.5112
2025-11-05 16:11:12,968 - INFO - Epoch [20/300], Train Loss: 0.455187, Val Loss: 0.463438, R²: 0.4447, MAE: 0.4634
2025-11-05 16:11:34,409 - INFO - Epoch [30/300], Train Loss: 0.415630, Val Loss: 0.423761, R²: 0.4994, MAE: 0.4238
2025-11-05 16:11:52,434 - INFO - 警告: 在第 39 轮检测到NaN或inf损失值，停止训练
2025-11-05 16:11:52,434 - INFO - 早停机制触发，在第 39 轮停止训练
2025-11-05 16:11:52,434 - INFO - 开始训练 (300 轮)...
2025-11-05 16:11:54,148 - INFO - 模型已保存至: /home/data2/rhj/project/mol_editor/mol_evo/../mol_evo/output/v0/MoleculeEvolutionGCNTransformerLinearPredictor/train-20251105_160959-mu_change-30000-300/last.pth
2025-11-05 16:11:54,148 - INFO - 
2025-11-05 16:11:54,148 - INFO - ============================================================
2025-11-05 16:11:54,148 - INFO - 训练完成 - 最终评估结果
2025-11-05 16:11:54,148 - INFO - ============================================================
2025-11-05 16:11:54,148 - INFO - 测试集损失: nan
2025-11-05 16:11:54,148 - INFO - RMSE: nan
2025-11-05 16:11:54,148 - INFO - MAE: nan
2025-11-05 16:11:54,148 - INFO - R²: nan
2025-11-05 16:11:54,148 - INFO - PCC: nan
2025-11-05 16:11:54,148 - INFO - Rank Loss: nan
2025-11-05 16:11:54,148 - INFO - 
2025-11-05 16:11:54,148 - INFO - 阈值准确率:
2025-11-05 16:11:54,148 - INFO -   阈值 0.5: 0.00%
2025-11-05 16:11:54,148 - INFO - 
2025-11-05 16:11:54,148 - INFO - 训练完成:
2025-11-05 16:11:54,149 - INFO -   - 最终训练损失: 0.378530
2025-11-05 16:11:54,149 - INFO -   - 最佳验证损失: 0.405429
2025-11-05 16:11:54,149 - INFO -   - 测试损失 (MSE): nan
2025-11-05 16:11:54,149 - INFO -   - 测试RMSE: nan
2025-11-05 16:11:54,149 - INFO -   - 测试MAE: nan
2025-11-05 16:11:54,149 - INFO -   - 测试R²: nan
2025-11-05 16:11:54,149 - INFO -   - 测试PCC: nan
2025-11-05 16:11:54,149 - INFO -   - 测试Rank Loss: nan
2025-11-05 16:11:54,149 - INFO -   - 测试阈值准确率 (0.5): 0.0000
2025-11-05 16:11:54,149 - INFO -   - 模型已保存到: /home/data2/rhj/project/mol_editor/mol_evo/../mol_evo/output/v0/MoleculeEvolutionGCNTransformerLinearPredictor/train-20251105_160959-mu_change-30000-300/last.pth
2025-11-05 16:11:54,149 - INFO - 训练结果已保存到: /home/data2/rhj/project/mol_editor/mol_evo/../mol_evo/output/v0/MoleculeEvolutionGCNTransformerLinearPredictor/train-20251105_160959-mu_change-30000-300/training_results.json
2025-11-05 16:11:54,149 - INFO - 模型目录: /home/data2/rhj/project/mol_editor/mol_evo/../mol_evo/output/v0/MoleculeEvolutionGCNTransformerLinearPredictor/train-20251105_160959-mu_change-30000-300
