2025-11-13 21:57:06,841 - INFO - ============================================================
2025-11-13 21:57:06,842 - INFO - 数据文件: mol_evo/dataset/data/qm9-evo-pairs-step-1-with-properties-pct.csv
2025-11-13 21:57:06,842 - INFO - 最大对数: 30000
2025-11-13 21:57:06,842 - INFO - 训练轮数: 300
2025-11-13 21:57:06,842 - INFO - ============================================================
2025-11-13 21:57:06,842 - INFO - 正在构建图数据: mol_evo/dataset/data/qm9-evo-pairs-step-1-with-properties-pct.csv
2025-11-13 21:57:07,484 - INFO - 加载缓存文件: /home/data2/rhj/project/mol_editor/mol_evo/core/utils/../../.cache/molecule_graphs/csv_qm9-evo-pairs-step-1-with-properties-pct_3cbb45cc1ac9202d.pt，包含 1994 个分子
2025-11-13 21:57:18,499 - WARNING - 跳过第25871行分子对: [H]O/N=C(\C([H])([H])[H])C([H])([H])C(C([H])([H])[H])(C([H])([H])[H])C([H])([H])[H] -> [H]ONC1C([H])([H])[C@]23C([H])([H])[C@]([H])(C2([H])[H])[C@@]13[H] (数据为None)
2025-11-13 21:57:18,499 - WARNING - 跳过第25984行分子对: [H]O/N=C(/C([H])([H])C([H])([H])[H])C(C([H])([H])[H])(C([H])([H])[H])C([H])([H])[H] -> [H]ONC1C([H])([H])[C@]23C([H])([H])[C@]([H])(C2([H])[H])[C@@]13[H] (数据为None)
2025-11-13 21:57:18,499 - WARNING - 跳过第26175行分子对: [H]O/N=C(\C([H])([H])[H])C(C([H])([H])[H])(C([H])([H])[H])C([H])([H])C([H])([H])[H] -> [H]ONC1C([H])([H])[C@]23C([H])([H])[C@]([H])(C2([H])[H])[C@@]13[H] (数据为None)
2025-11-13 21:57:18,500 - WARNING - 跳过第26431行分子对: [H]O/N=C(\C([H])([H])[H])C([H])([H])C([H])([H])C([H])(C([H])([H])[H])C([H])([H])[H] -> [H]ONC1C([H])([H])[C@]23C([H])([H])[C@]([H])(C2([H])[H])[C@@]13[H] (数据为None)
2025-11-13 21:57:18,500 - WARNING - 跳过第26530行分子对: [H]ONC1C(C([H])([H])[H])(C([H])([H])[H])C([H])([H])[C@]1([H])C([H])([H])[H] -> [H]ONC1C([H])([H])[C@]23C([H])([H])[C@]([H])(C2([H])[H])[C@@]13[H] (数据为None)
2025-11-13 21:57:18,500 - WARNING - 跳过第26630行分子对: [H]ONC1C([H])=C([H])C(C([H])([H])[H])(C([H])([H])[H])C1([H])[H] -> [H]ONC1C([H])([H])[C@]23C([H])([H])[C@]([H])(C2([H])[H])[C@@]13[H] (数据为None)
2025-11-13 21:57:18,500 - WARNING - 跳过第26691行分子对: [H]ONC1C([H])([H])C([H])([H])C(C([H])([H])[H])(C([H])([H])[H])C1([H])[H] -> [H]ONC1C([H])([H])[C@]23C([H])([H])[C@]([H])(C2([H])[H])[C@@]13[H] (数据为None)
2025-11-13 21:57:18,500 - WARNING - 跳过第26895行分子对: [H]O/N=C(\C([H])([H])C([H])([H])[H])C([H])([H])C([H])(C([H])([H])[H])C([H])([H])[H] -> [H]ONC1C([H])([H])[C@]23C([H])([H])[C@]([H])(C2([H])[H])[C@@]13[H] (数据为None)
2025-11-13 21:57:18,500 - WARNING - 跳过第27044行分子对: [H]C#C[C@]1(C([H])([H])[H])C([H])([H])[C@@H](NO[H])C1([H])[H] -> [H]ONC1C([H])([H])[C@]23C([H])([H])[C@]([H])(C2([H])[H])[C@@]13[H] (数据为None)
2025-11-13 21:57:18,500 - WARNING - 跳过第27152行分子对: [H]ON[C@H]1C([H])([H])[C@](C([H])([H])[H])(C([H])([H])C([H])([H])[H])C1([H])[H] -> [H]ONC1C([H])([H])[C@]23C([H])([H])[C@]([H])(C2([H])[H])[C@@]13[H] (数据为None)
2025-11-13 21:57:18,500 - WARNING - 跳过第27266行分子对: [H]O/N=C(\C([H])([H])[H])C([H])([H])C1(C([H])([H])[H])C([H])([H])C1([H])[H] -> [H]ONC1C([H])([H])[C@]23C([H])([H])[C@]([H])(C2([H])[H])[C@@]13[H] (数据为None)
2025-11-13 21:57:18,500 - WARNING - 跳过第27714行分子对: [H]O/N=C(\C([H])([H])[H])C([H])([H])C([H])([H])C([H])([H])C([H])([H])C([H])([H])[H] -> [H]ONC1C([H])([H])[C@]23C([H])([H])[C@]([H])(C2([H])[H])[C@@]13[H] (数据为None)
2025-11-13 21:57:18,500 - WARNING - 跳过第27835行分子对: [H]ONC1C([H])([H])C([H])=C([H])C1(C([H])([H])[H])C([H])([H])[H] -> [H]ONC1C([H])([H])[C@]23C([H])([H])[C@]([H])(C2([H])[H])[C@@]13[H] (数据为None)
2025-11-13 21:57:18,500 - WARNING - 跳过第27878行分子对: [H]ONC1=C([H])[C-]([H])C([H])([H])C1(C([H])([H])[H])C([H])([H])[H] -> [H]ONC1C([H])([H])[C@]23C([H])([H])[C@]([H])(C2([H])[H])[C@@]13[H] (数据为None)
2025-11-13 21:57:18,500 - WARNING - 跳过第27924行分子对: [H]ONC1C([H])([H])C([H])([H])C([H])([H])C1(C([H])([H])[H])C([H])([H])[H] -> [H]ONC1C([H])([H])[C@]23C([H])([H])[C@]([H])(C2([H])[H])[C@@]13[H] (数据为None)
2025-11-13 21:57:18,500 - WARNING - 跳过第28107行分子对: [H]ON=C(C([H])([H])C([H])([H])C([H])([H])[H])C([H])([H])C([H])([H])C([H])([H])[H] -> [H]ONC1C([H])([H])[C@]23C([H])([H])[C@]([H])(C2([H])[H])[C@@]13[H] (数据为None)
2025-11-13 21:57:18,501 - WARNING - 跳过第28312行分子对: [H]O/N=C(/C([H])([H])C([H])([H])C([H])([H])[H])C([H])(C([H])([H])[H])C([H])([H])[H] -> [H]ONC1C([H])([H])[C@]23C([H])([H])[C@]([H])(C2([H])[H])[C@@]13[H] (数据为None)
2025-11-13 21:57:18,501 - WARNING - 跳过第28519行分子对: [H]ON=C(C([H])(C([H])([H])[H])C([H])([H])[H])C([H])(C([H])([H])[H])C([H])([H])[H] -> [H]ONC1C([H])([H])[C@]23C([H])([H])[C@]([H])(C2([H])[H])[C@@]13[H] (数据为None)
2025-11-13 21:57:18,501 - WARNING - 跳过第28649行分子对: [H]O/N=C(\C([H])([H])[H])C1(C([H])([H])[H])C([H])([H])C([H])([H])C1([H])[H] -> [H]ONC1C([H])([H])[C@]23C([H])([H])[C@]([H])(C2([H])[H])[C@@]13[H] (数据为None)
2025-11-13 21:57:18,501 - WARNING - 跳过第28853行分子对: [H]ON[C@H]1C([H])([H])[C@]([H])(C([H])(C([H])([H])[H])C([H])([H])[H])C1([H])[H] -> [H]ONC1C([H])([H])[C@]23C([H])([H])[C@]([H])(C2([H])[H])[C@@]13[H] (数据为None)
2025-11-13 21:57:18,501 - WARNING - 跳过第28960行分子对: [H]O/N=C(\C([H])([H])[H])[C@]1([H])C([H])([H])[C@@]([H])(C([H])([H])[H])C1([H])[H] -> [H]ONC1C([H])([H])[C@]23C([H])([H])[C@]([H])(C2([H])[H])[C@@]13[H] (数据为None)
2025-11-13 21:57:18,501 - WARNING - 跳过第29052行分子对: [H]ONC1C([H])=C(C([H])([H])[H])C([H])([H])C([H])([H])C1([H])[H] -> [H]ONC1C([H])([H])[C@]23C([H])([H])[C@]([H])(C2([H])[H])[C@@]13[H] (数据为None)
2025-11-13 21:57:18,501 - WARNING - 跳过第29115行分子对: [H]ONC1C([H])([H])C(C([H])([H])[H])=C([H])C([H])([H])C1([H])[H] -> [H]ONC1C([H])([H])[C@]23C([H])([H])[C@]([H])(C2([H])[H])[C@@]13[H] (数据为None)
2025-11-13 21:57:18,501 - WARNING - 跳过第29191行分子对: [H]ONC1C([H])([H])C([H])([H])C([H])([H])[C@]([H])(C([H])([H])[H])C1([H])[H] -> [H]ONC1C([H])([H])[C@]23C([H])([H])[C@]([H])(C2([H])[H])[C@@]13[H] (数据为None)
2025-11-13 21:57:18,501 - WARNING - 跳过第29259行分子对: [H]ONC1C([H])([H])C(C([H])([H])[H])=C(C([H])([H])[H])C1([H])[H] -> [H]ONC1C([H])([H])[C@]23C([H])([H])[C@]([H])(C2([H])[H])[C@@]13[H] (数据为None)
2025-11-13 21:57:18,501 - WARNING - 跳过第29362行分子对: [H]ONC1C([H])([H])C(C([H])([H])[H])=C([H])[C@]1([H])C([H])([H])[H] -> [H]ONC1C([H])([H])[C@]23C([H])([H])[C@]([H])(C2([H])[H])[C@@]13[H] (数据为None)
2025-11-13 21:57:18,501 - WARNING - 跳过第29437行分子对: [H][N-]C1O[C@]([H])(C([H])([H])[H])C(NO[H])C1([H])[H] -> [H]ONC1C([H])([H])[C@]23C([H])([H])[N@@H+](C2([H])[H])[C@@]13[H] (数据为None)
2025-11-13 21:57:18,501 - WARNING - 跳过第29554行分子对: [H]ONC1C([H])([H])[C@]2([H])C([H])([H])[C@@]1(C([H])([H])[H])C2([H])[H] -> [H]ONC1C([H])([H])[C@]23C([H])([H])[C@]([H])(C2([H])[H])[C@@]13[H] (数据为None)
2025-11-13 21:57:18,501 - WARNING - 跳过第29644行分子对: [H]O/N=C(\C([H])([H])[H])C([H])([H])C1([H])C([H])([H])C([H])([H])C1([H])[H] -> [H]ONC1C([H])([H])[C@]23C([H])([H])[C@]([H])(C2([H])[H])[C@@]13[H] (数据为None)
2025-11-13 21:57:18,501 - WARNING - 跳过第29737行分子对: [H]C#CC([H])([H])[C@]1([H])C([H])([H])[C@@H](NO[H])C1([H])[H] -> [H]ONC1C([H])([H])[C@]23C([H])([H])[C@]([H])(C2([H])[H])[C@@]13[H] (数据为None)
2025-11-13 21:57:18,501 - WARNING - 跳过第29820行分子对: [H]ON[C@H]1C([H])([H])[C@]([H])(C#CC([H])([H])[H])C1([H])[H] -> [H]ONC1C([H])([H])[C@]23C([H])([H])[C@]([H])(C2([H])[H])[C@@]13[H] (数据为None)
2025-11-13 21:57:18,501 - WARNING - 跳过第29860行分子对: [H]ON[C@H]1C([H])([H])[C@]([H])(C([H])([H])C([H])([H])C([H])([H])[H])C1([H])[H] -> [H]ONC1C([H])([H])[C@]23C([H])([H])[C@]([H])(C2([H])[H])[C@@]13[H] (数据为None)
2025-11-13 21:57:18,501 - WARNING - 跳过第29968行分子对: [H]ONC1C([H])([H])C2(C1([H])[H])C([H])([H])C([H])([H])C2([H])[H] -> [H]ONC1C([H])([H])[C@]23C([H])([H])[C@]([H])(C2([H])[H])[C@@]13[H] (数据为None)
2025-11-13 21:57:20,763 - INFO - 分子处理统计: 总数=58796, 命中=58763, 未命中=33, 命中率=99.94%
2025-11-13 21:57:20,832 - INFO - --- 训练集样本示例 (头部数据) ---
2025-11-13 21:57:20,833 - INFO -   样本       起始节点数        起始边数         目标节点数        目标边数         边特征             目标属性值          
2025-11-13 21:57:20,833 - INFO -   --------------------------------------------------------------------------------
2025-11-13 21:57:20,833 - INFO -   DEBUG: 边特征维度 = 25
2025-11-13 21:57:20,834 - INFO -   DEBUG: 第一个样本的边特征值 = [0.0, 1.0, 0.0, 0.0, 0.0, 0.0, 0.0, 0.0, 0.0, 0.0, 0.0, 0.0, 0.0, 0.0, 0.0, 0.0, 0.0, 0.0, 0.0, 0.0, 0.0, 0.0, 0.0, 0.0, 0.0]
2025-11-13 21:57:20,834 - INFO -   DEBUG: 原子类型数量 = 10, 操作类型数量 = 6
2025-11-13 21:57:20,834 - INFO -   DEBUG: 边特征总长度 = 25
2025-11-13 21:57:20,834 - INFO -   DEBUG: 原子类型one-hot编码 = [0.0, 1.0, 0.0, 0.0, 0.0, 0.0, 0.0, 0.0, 0.0, 0.0]
2025-11-13 21:57:20,834 - INFO -   DEBUG: 操作类型one-hot编码 = [0.0, 0.0, 0.0, 0.0, 0.0, 0.0]
2025-11-13 21:57:20,834 - INFO -   DEBUG: 原子类型列表 = ['H', 'C', 'N', 'O', 'F', 'P', 'S', 'Cl', 'Br', 'I']
2025-11-13 21:57:20,834 - INFO -   DEBUG: 操作类型列表 = ['add_atom', 'delete_atom', 'change_atom', 'add_bond', 'delete_bond', 'change_bond']
2025-11-13 21:57:20,834 - INFO -   1        5            8            8            14           [0.0, 1.0, 0.   -1.626431      
2025-11-13 21:57:20,834 - INFO -   2        3            4            6            10           [0.0, 1.0, 0.   -1.218061      
2025-11-13 21:57:20,834 - INFO -   3        4            6            11           20           [0.0, 1.0, 0.   1.620416       
2025-11-13 21:57:20,834 - INFO -   --------------------------------------------------------------------------------
2025-11-13 21:57:20,834 - INFO - 
数据构建完成:
2025-11-13 21:57:20,834 - INFO -   项目                   值                   
2025-11-13 21:57:20,834 - INFO -   ---------------------------------------- --------------------
2025-11-13 21:57:20,834 - INFO -   样本数                  29967               
2025-11-13 21:57:20,834 - INFO -   节点特征维度               11                  
2025-11-13 21:57:20,834 - INFO -   边特征维度                25                  
2025-11-13 21:57:20,834 - INFO -   目标属性变化维度             1                   
2025-11-13 21:57:20,839 - INFO - 数据集划分完成:
2025-11-13 21:57:20,839 - INFO -   - 训练集: 23973 (80.0%)
2025-11-13 21:57:20,839 - INFO -   - 验证集: 2996 (10.0%)
2025-11-13 21:57:20,839 - INFO -   - 测试集: 2998 (10.0%)
2025-11-13 21:57:20,862 - INFO - 更新模型边特征维度: 11 -> 25
2025-11-13 21:57:21,079 - INFO - 正在创建模型...
2025-11-13 21:57:21,080 - INFO - 模型参数数量: 5506509
2025-11-13 21:57:21,080 - INFO - 使用设备: cuda
2025-11-13 21:57:22,539 - INFO - 开始训练 (300 轮)...
2025-11-13 22:04:08,590 - INFO - Epoch [10/300], Train Loss: 0.264621, Val Loss: 0.241768, R²: 0.7953, MAE: 0.2418
2025-11-13 22:10:45,848 - INFO - Epoch [20/300], Train Loss: 0.141931, Val Loss: 0.161061, R²: 0.8968, MAE: 0.1611
2025-11-13 22:17:24,266 - INFO - Epoch [30/300], Train Loss: 0.104766, Val Loss: 0.113397, R²: 0.9286, MAE: 0.1134
2025-11-13 22:24:11,830 - INFO - Epoch [40/300], Train Loss: 0.055335, Val Loss: 0.071699, R²: 0.9436, MAE: 0.0717
2025-11-13 22:30:55,330 - INFO - Epoch [50/300], Train Loss: 0.041373, Val Loss: 0.056834, R²: 0.9484, MAE: 0.0568
2025-11-13 22:37:38,578 - INFO - Epoch [60/300], Train Loss: 0.035964, Val Loss: 0.053863, R²: 0.9497, MAE: 0.0539
2025-11-13 22:44:25,713 - INFO - Epoch [70/300], Train Loss: 0.034088, Val Loss: 0.053040, R²: 0.9500, MAE: 0.0530
2025-11-13 22:51:10,044 - INFO - Epoch [80/300], Train Loss: 0.033534, Val Loss: 0.052551, R²: 0.9503, MAE: 0.0526
2025-11-13 22:57:50,106 - INFO - Epoch [90/300], Train Loss: 0.033066, Val Loss: 0.052138, R²: 0.9505, MAE: 0.0521
2025-11-13 23:04:35,320 - INFO - Epoch [100/300], Train Loss: 0.032599, Val Loss: 0.051723, R²: 0.9507, MAE: 0.0517
2025-11-13 23:11:19,455 - INFO - Epoch [110/300], Train Loss: 0.032155, Val Loss: 0.051282, R²: 0.9509, MAE: 0.0513
2025-11-13 23:18:04,465 - INFO - Epoch [120/300], Train Loss: 0.031745, Val Loss: 0.050267, R²: 0.9510, MAE: 0.0503
2025-11-13 23:24:50,240 - INFO - Epoch [130/300], Train Loss: 0.031283, Val Loss: 0.050750, R²: 0.9512, MAE: 0.0507
2025-11-13 23:31:34,448 - INFO - Epoch [140/300], Train Loss: 0.030923, Val Loss: 0.048972, R²: 0.9514, MAE: 0.0490
2025-11-13 23:38:17,828 - INFO - Epoch [150/300], Train Loss: 0.030534, Val Loss: 0.048798, R²: 0.9515, MAE: 0.0488
2025-11-13 23:45:01,276 - INFO - Epoch [160/300], Train Loss: 0.030183, Val Loss: 0.048863, R²: 0.9518, MAE: 0.0489
2025-11-13 23:51:43,737 - INFO - Epoch [170/300], Train Loss: 0.029824, Val Loss: 0.048490, R²: 0.9518, MAE: 0.0485
2025-11-13 23:58:13,681 - INFO - Epoch [180/300], Train Loss: 0.029432, Val Loss: 0.047444, R²: 0.9520, MAE: 0.0474
2025-11-14 00:04:51,142 - INFO - Epoch [190/300], Train Loss: 0.029061, Val Loss: 0.048030, R²: 0.9522, MAE: 0.0480
2025-11-14 00:11:30,031 - INFO - Epoch [200/300], Train Loss: 0.028803, Val Loss: 0.046835, R²: 0.9523, MAE: 0.0468
2025-11-14 00:18:08,112 - INFO - Epoch [210/300], Train Loss: 0.028414, Val Loss: 0.046790, R²: 0.9524, MAE: 0.0468
2025-11-14 00:24:47,339 - INFO - Epoch [220/300], Train Loss: 0.028092, Val Loss: 0.046593, R²: 0.9526, MAE: 0.0466
2025-11-14 00:31:21,723 - INFO - Epoch [230/300], Train Loss: 0.027761, Val Loss: 0.046144, R²: 0.9527, MAE: 0.0461
2025-11-14 00:36:47,410 - INFO - Epoch [240/300], Train Loss: 0.027473, Val Loss: 0.045480, R²: 0.9529, MAE: 0.0455
2025-11-14 00:41:56,508 - INFO - Epoch [250/300], Train Loss: 0.027155, Val Loss: 0.044879, R²: 0.9530, MAE: 0.0449
2025-11-14 00:47:06,339 - INFO - Epoch [260/300], Train Loss: 0.026853, Val Loss: 0.044746, R²: 0.9532, MAE: 0.0447
2025-11-14 00:52:14,913 - INFO - Epoch [270/300], Train Loss: 0.026547, Val Loss: 0.043867, R²: 0.9533, MAE: 0.0439
2025-11-14 00:57:21,864 - INFO - Epoch [280/300], Train Loss: 0.026295, Val Loss: 0.044832, R²: 0.9534, MAE: 0.0448
2025-11-14 01:02:32,127 - INFO - Epoch [290/300], Train Loss: 0.026044, Val Loss: 0.043501, R²: 0.9535, MAE: 0.0435
2025-11-14 01:07:39,450 - INFO - Epoch [300/300], Train Loss: 0.025721, Val Loss: 0.044001, R²: 0.9537, MAE: 0.0440
2025-11-14 01:07:39,451 - INFO - 开始训练 (300 轮)...
2025-11-14 01:07:42,395 - INFO - 模型已保存至: /home/data2/rhj/project/mol_editor/mol_evo/../mol_evo/output/v0/MoleculeEvolutionVisNetTransformerLinearPredictor/train-20251113_215706-homo_change_pct-30000-300/last.pth
2025-11-14 01:07:42,395 - INFO - 
2025-11-14 01:07:42,395 - INFO - ============================================================
2025-11-14 01:07:42,395 - INFO - 训练完成 - 最终评估结果
2025-11-14 01:07:42,395 - INFO - ============================================================
2025-11-14 01:07:42,396 - INFO - 测试集损失: 0.041446
2025-11-14 01:07:42,396 - INFO - RMSE: 0.156999
2025-11-14 01:07:42,396 - INFO - MAE: 0.041446
2025-11-14 01:07:42,396 - INFO - R²: 0.974171
2025-11-14 01:07:42,396 - INFO - PCC: 0.987072
2025-11-14 01:07:42,396 - INFO - Rank Loss: 0.344519
2025-11-14 01:07:42,396 - INFO - 
2025-11-14 01:07:42,396 - INFO - 阈值准确率:
2025-11-14 01:07:42,396 - INFO -   阈值 0.5: 98.47%
2025-11-14 01:07:42,396 - INFO -   阈值 0.4: 97.77%
2025-11-14 01:07:42,396 - INFO -   阈值 0.30000000000000004: 96.53%
2025-11-14 01:07:42,396 - INFO -   阈值 0.20000000000000004: 94.13%
2025-11-14 01:07:42,396 - INFO -   阈值 0.10000000000000003: 89.86%
2025-11-14 01:07:42,396 - INFO -   阈值 0.05000000000000002: 86.32%
2025-11-14 01:07:42,396 - INFO -   阈值 0.040000000000000015: 85.32%
2025-11-14 01:07:42,396 - INFO -   阈值 0.030000000000000013: 84.19%
2025-11-14 01:07:42,396 - INFO -   阈值 0.02000000000000001: 82.59%
2025-11-14 01:07:42,396 - INFO -   阈值 0.01000000000000001: 78.75%
2025-11-14 01:07:42,396 - INFO -   阈值 0.005000000000000005: 52.47%
2025-11-14 01:07:42,396 - INFO -   阈值 0.004000000000000005: 36.39%
2025-11-14 01:07:42,396 - INFO - 
2025-11-14 01:07:42,396 - INFO - 训练完成:
2025-11-14 01:07:42,396 - INFO -   - 最终训练损失: 0.025721
2025-11-14 01:07:42,396 - INFO -   - 最佳验证损失: 0.043147
2025-11-14 01:07:42,396 - INFO -   - 测试损失 (MSE): 0.041446
2025-11-14 01:07:42,397 - INFO -   - 测试RMSE: 0.156999
2025-11-14 01:07:42,397 - INFO -   - 测试MAE: 0.041446
2025-11-14 01:07:42,397 - INFO -   - 测试R²: 0.974171
2025-11-14 01:07:42,397 - INFO -   - 测试PCC: 0.987072
2025-11-14 01:07:42,397 - INFO -   - 测试Rank Loss: 0.344519
2025-11-14 01:07:42,397 - INFO -   - 测试阈值准确率 (0.5): 0.9847
2025-11-14 01:07:42,397 - INFO -   - 测试阈值准确率 (0.4): 0.9777
2025-11-14 01:07:42,397 - INFO -   - 测试阈值准确率 (0.30000000000000004): 0.9653
2025-11-14 01:07:42,397 - INFO -   - 测试阈值准确率 (0.20000000000000004): 0.9413
2025-11-14 01:07:42,397 - INFO -   - 测试阈值准确率 (0.10000000000000003): 0.8986
2025-11-14 01:07:42,397 - INFO -   - 测试阈值准确率 (0.05000000000000002): 0.8632
2025-11-14 01:07:42,397 - INFO -   - 测试阈值准确率 (0.040000000000000015): 0.8532
2025-11-14 01:07:42,397 - INFO -   - 测试阈值准确率 (0.030000000000000013): 0.8419
2025-11-14 01:07:42,397 - INFO -   - 测试阈值准确率 (0.02000000000000001): 0.8259
2025-11-14 01:07:42,397 - INFO -   - 测试阈值准确率 (0.01000000000000001): 0.7875
2025-11-14 01:07:42,397 - INFO -   - 测试阈值准确率 (0.005000000000000005): 0.5247
2025-11-14 01:07:42,397 - INFO -   - 测试阈值准确率 (0.004000000000000005): 0.3639
2025-11-14 01:07:42,397 - INFO -   - 模型已保存到: /home/data2/rhj/project/mol_editor/mol_evo/../mol_evo/output/v0/MoleculeEvolutionVisNetTransformerLinearPredictor/train-20251113_215706-homo_change_pct-30000-300/last.pth
2025-11-14 01:07:42,397 - INFO - 训练结果已保存到: /home/data2/rhj/project/mol_editor/mol_evo/../mol_evo/output/v0/MoleculeEvolutionVisNetTransformerLinearPredictor/train-20251113_215706-homo_change_pct-30000-300/training_results.json
2025-11-14 01:07:42,397 - INFO - 模型目录: /home/data2/rhj/project/mol_editor/mol_evo/../mol_evo/output/v0/MoleculeEvolutionVisNetTransformerLinearPredictor/train-20251113_215706-homo_change_pct-30000-300
