2025-11-05 16:12:13,733 - INFO - ============================================================
2025-11-05 16:12:13,734 - INFO - 数据文件: mol_evo/dataset/data/qm9-evo-pairs-step-1-with-properties-pct.csv
2025-11-05 16:12:13,734 - INFO - 最大对数: 30000
2025-11-05 16:12:13,734 - INFO - 训练轮数: 300
2025-11-05 16:12:13,734 - INFO - ============================================================
2025-11-05 16:12:13,734 - INFO - 正在构建图数据: mol_evo/dataset/data/qm9-evo-pairs-step-1-with-properties-pct.csv
2025-11-05 16:12:14,357 - INFO - 加载缓存文件: /home/data2/rhj/project/mol_editor/mol_evo/core/utils/../../.cache/molecule_graphs/csv_qm9-evo-pairs-step-1-with-properties-pct_3cbb45cc1ac9202d.pt，包含 1994 个分子
2025-11-05 16:12:18,545 - WARNING - 跳过第25871行分子对: [H]O/N=C(\C([H])([H])[H])C([H])([H])C(C([H])([H])[H])(C([H])([H])[H])C([H])([H])[H] -> [H]ONC1C([H])([H])[C@]23C([H])([H])[C@]([H])(C2([H])[H])[C@@]13[H] (数据为None)
2025-11-05 16:12:19,340 - WARNING - 跳过第25984行分子对: [H]O/N=C(/C([H])([H])C([H])([H])[H])C(C([H])([H])[H])(C([H])([H])[H])C([H])([H])[H] -> [H]ONC1C([H])([H])[C@]23C([H])([H])[C@]([H])(C2([H])[H])[C@@]13[H] (数据为None)
2025-11-05 16:12:20,277 - WARNING - 跳过第26175行分子对: [H]O/N=C(\C([H])([H])[H])C(C([H])([H])[H])(C([H])([H])[H])C([H])([H])C([H])([H])[H] -> [H]ONC1C([H])([H])[C@]23C([H])([H])[C@]([H])(C2([H])[H])[C@@]13[H] (数据为None)
2025-11-05 16:12:21,115 - WARNING - 跳过第26431行分子对: [H]O/N=C(\C([H])([H])[H])C([H])([H])C([H])([H])C([H])(C([H])([H])[H])C([H])([H])[H] -> [H]ONC1C([H])([H])[C@]23C([H])([H])[C@]([H])(C2([H])[H])[C@@]13[H] (数据为None)
2025-11-05 16:12:21,886 - WARNING - 跳过第26530行分子对: [H]ONC1C(C([H])([H])[H])(C([H])([H])[H])C([H])([H])[C@]1([H])C([H])([H])[H] -> [H]ONC1C([H])([H])[C@]23C([H])([H])[C@]([H])(C2([H])[H])[C@@]13[H] (数据为None)
2025-11-05 16:12:22,674 - WARNING - 跳过第26630行分子对: [H]ONC1C([H])=C([H])C(C([H])([H])[H])(C([H])([H])[H])C1([H])[H] -> [H]ONC1C([H])([H])[C@]23C([H])([H])[C@]([H])(C2([H])[H])[C@@]13[H] (数据为None)
2025-11-05 16:12:23,454 - WARNING - 跳过第26691行分子对: [H]ONC1C([H])([H])C([H])([H])C(C([H])([H])[H])(C([H])([H])[H])C1([H])[H] -> [H]ONC1C([H])([H])[C@]23C([H])([H])[C@]([H])(C2([H])[H])[C@@]13[H] (数据为None)
2025-11-05 16:12:24,278 - WARNING - 跳过第26895行分子对: [H]O/N=C(\C([H])([H])C([H])([H])[H])C([H])([H])C([H])(C([H])([H])[H])C([H])([H])[H] -> [H]ONC1C([H])([H])[C@]23C([H])([H])[C@]([H])(C2([H])[H])[C@@]13[H] (数据为None)
2025-11-05 16:12:25,058 - WARNING - 跳过第27044行分子对: [H]C#C[C@]1(C([H])([H])[H])C([H])([H])[C@@H](NO[H])C1([H])[H] -> [H]ONC1C([H])([H])[C@]23C([H])([H])[C@]([H])(C2([H])[H])[C@@]13[H] (数据为None)
2025-11-05 16:12:25,846 - WARNING - 跳过第27152行分子对: [H]ON[C@H]1C([H])([H])[C@](C([H])([H])[H])(C([H])([H])C([H])([H])[H])C1([H])[H] -> [H]ONC1C([H])([H])[C@]23C([H])([H])[C@]([H])(C2([H])[H])[C@@]13[H] (数据为None)
2025-11-05 16:12:26,621 - WARNING - 跳过第27266行分子对: [H]O/N=C(\C([H])([H])[H])C([H])([H])C1(C([H])([H])[H])C([H])([H])C1([H])[H] -> [H]ONC1C([H])([H])[C@]23C([H])([H])[C@]([H])(C2([H])[H])[C@@]13[H] (数据为None)
2025-11-05 16:12:27,430 - WARNING - 跳过第27714行分子对: [H]O/N=C(\C([H])([H])[H])C([H])([H])C([H])([H])C([H])([H])C([H])([H])C([H])([H])[H] -> [H]ONC1C([H])([H])[C@]23C([H])([H])[C@]([H])(C2([H])[H])[C@@]13[H] (数据为None)
2025-11-05 16:12:28,189 - WARNING - 跳过第27835行分子对: [H]ONC1C([H])([H])C([H])=C([H])C1(C([H])([H])[H])C([H])([H])[H] -> [H]ONC1C([H])([H])[C@]23C([H])([H])[C@]([H])(C2([H])[H])[C@@]13[H] (数据为None)
2025-11-05 16:12:28,956 - WARNING - 跳过第27878行分子对: [H]ONC1=C([H])[C-]([H])C([H])([H])C1(C([H])([H])[H])C([H])([H])[H] -> [H]ONC1C([H])([H])[C@]23C([H])([H])[C@]([H])(C2([H])[H])[C@@]13[H] (数据为None)
2025-11-05 16:12:29,707 - WARNING - 跳过第27924行分子对: [H]ONC1C([H])([H])C([H])([H])C([H])([H])C1(C([H])([H])[H])C([H])([H])[H] -> [H]ONC1C([H])([H])[C@]23C([H])([H])[C@]([H])(C2([H])[H])[C@@]13[H] (数据为None)
2025-11-05 16:12:30,512 - WARNING - 跳过第28107行分子对: [H]ON=C(C([H])([H])C([H])([H])C([H])([H])[H])C([H])([H])C([H])([H])C([H])([H])[H] -> [H]ONC1C([H])([H])[C@]23C([H])([H])[C@]([H])(C2([H])[H])[C@@]13[H] (数据为None)
2025-11-05 16:12:31,333 - WARNING - 跳过第28312行分子对: [H]O/N=C(/C([H])([H])C([H])([H])C([H])([H])[H])C([H])(C([H])([H])[H])C([H])([H])[H] -> [H]ONC1C([H])([H])[C@]23C([H])([H])[C@]([H])(C2([H])[H])[C@@]13[H] (数据为None)
2025-11-05 16:12:32,156 - WARNING - 跳过第28519行分子对: [H]ON=C(C([H])(C([H])([H])[H])C([H])([H])[H])C([H])(C([H])([H])[H])C([H])([H])[H] -> [H]ONC1C([H])([H])[C@]23C([H])([H])[C@]([H])(C2([H])[H])[C@@]13[H] (数据为None)
2025-11-05 16:12:32,952 - WARNING - 跳过第28649行分子对: [H]O/N=C(\C([H])([H])[H])C1(C([H])([H])[H])C([H])([H])C([H])([H])C1([H])[H] -> [H]ONC1C([H])([H])[C@]23C([H])([H])[C@]([H])(C2([H])[H])[C@@]13[H] (数据为None)
2025-11-05 16:12:33,756 - WARNING - 跳过第28853行分子对: [H]ON[C@H]1C([H])([H])[C@]([H])(C([H])(C([H])([H])[H])C([H])([H])[H])C1([H])[H] -> [H]ONC1C([H])([H])[C@]23C([H])([H])[C@]([H])(C2([H])[H])[C@@]13[H] (数据为None)
2025-11-05 16:12:34,509 - WARNING - 跳过第28960行分子对: [H]O/N=C(\C([H])([H])[H])[C@]1([H])C([H])([H])[C@@]([H])(C([H])([H])[H])C1([H])[H] -> [H]ONC1C([H])([H])[C@]23C([H])([H])[C@]([H])(C2([H])[H])[C@@]13[H] (数据为None)
2025-11-05 16:12:35,287 - WARNING - 跳过第29052行分子对: [H]ONC1C([H])=C(C([H])([H])[H])C([H])([H])C([H])([H])C1([H])[H] -> [H]ONC1C([H])([H])[C@]23C([H])([H])[C@]([H])(C2([H])[H])[C@@]13[H] (数据为None)
2025-11-05 16:12:36,052 - WARNING - 跳过第29115行分子对: [H]ONC1C([H])([H])C(C([H])([H])[H])=C([H])C([H])([H])C1([H])[H] -> [H]ONC1C([H])([H])[C@]23C([H])([H])[C@]([H])(C2([H])[H])[C@@]13[H] (数据为None)
2025-11-05 16:12:36,847 - WARNING - 跳过第29191行分子对: [H]ONC1C([H])([H])C([H])([H])C([H])([H])[C@]([H])(C([H])([H])[H])C1([H])[H] -> [H]ONC1C([H])([H])[C@]23C([H])([H])[C@]([H])(C2([H])[H])[C@@]13[H] (数据为None)
2025-11-05 16:12:37,634 - WARNING - 跳过第29259行分子对: [H]ONC1C([H])([H])C(C([H])([H])[H])=C(C([H])([H])[H])C1([H])[H] -> [H]ONC1C([H])([H])[C@]23C([H])([H])[C@]([H])(C2([H])[H])[C@@]13[H] (数据为None)
2025-11-05 16:12:38,438 - WARNING - 跳过第29362行分子对: [H]ONC1C([H])([H])C(C([H])([H])[H])=C([H])[C@]1([H])C([H])([H])[H] -> [H]ONC1C([H])([H])[C@]23C([H])([H])[C@]([H])(C2([H])[H])[C@@]13[H] (数据为None)
2025-11-05 16:12:38,945 - WARNING - 跳过第29437行分子对: [H][N-]C1O[C@]([H])(C([H])([H])[H])C(NO[H])C1([H])[H] -> [H]ONC1C([H])([H])[C@]23C([H])([H])[N@@H+](C2([H])[H])[C@@]13[H] (数据为None)
2025-11-05 16:12:39,720 - WARNING - 跳过第29554行分子对: [H]ONC1C([H])([H])[C@]2([H])C([H])([H])[C@@]1(C([H])([H])[H])C2([H])[H] -> [H]ONC1C([H])([H])[C@]23C([H])([H])[C@]([H])(C2([H])[H])[C@@]13[H] (数据为None)
2025-11-05 16:12:40,489 - WARNING - 跳过第29644行分子对: [H]O/N=C(\C([H])([H])[H])C([H])([H])C1([H])C([H])([H])C([H])([H])C1([H])[H] -> [H]ONC1C([H])([H])[C@]23C([H])([H])[C@]([H])(C2([H])[H])[C@@]13[H] (数据为None)
2025-11-05 16:12:41,230 - WARNING - 跳过第29737行分子对: [H]C#CC([H])([H])[C@]1([H])C([H])([H])[C@@H](NO[H])C1([H])[H] -> [H]ONC1C([H])([H])[C@]23C([H])([H])[C@]([H])(C2([H])[H])[C@@]13[H] (数据为None)
2025-11-05 16:12:42,000 - WARNING - 跳过第29820行分子对: [H]ON[C@H]1C([H])([H])[C@]([H])(C#CC([H])([H])[H])C1([H])[H] -> [H]ONC1C([H])([H])[C@]23C([H])([H])[C@]([H])(C2([H])[H])[C@@]13[H] (数据为None)
2025-11-05 16:12:42,764 - WARNING - 跳过第29860行分子对: [H]ON[C@H]1C([H])([H])[C@]([H])(C([H])([H])C([H])([H])C([H])([H])[H])C1([H])[H] -> [H]ONC1C([H])([H])[C@]23C([H])([H])[C@]([H])(C2([H])[H])[C@@]13[H] (数据为None)
2025-11-05 16:12:43,526 - WARNING - 跳过第29968行分子对: [H]ONC1C([H])([H])C2(C1([H])[H])C([H])([H])C([H])([H])C2([H])[H] -> [H]ONC1C([H])([H])[C@]23C([H])([H])[C@]([H])(C2([H])[H])[C@@]13[H] (数据为None)
2025-11-05 16:12:43,593 - INFO - 分子处理统计: 总数=60000, 命中=59967, 未命中=33, 命中率=99.94%
2025-11-05 16:12:43,619 - INFO - --- 训练集样本示例 (头部数据) ---
2025-11-05 16:12:43,619 - INFO -   样本       起始节点数        起始边数         目标节点数        目标边数         边特征             目标属性值          
2025-11-05 16:12:43,619 - INFO -   --------------------------------------------------------------------------------
2025-11-05 16:12:43,620 - INFO -   1        5            8            8            14           [1.0, 0.0, 0.   0.023518       
2025-11-05 16:12:43,620 - INFO -   2        3            4            6            10           [1.0, 0.0, 0.   -0.273184      
2025-11-05 16:12:43,620 - INFO -   3        4            6            11           20           [1.0, 0.0, 0.   0.077970       
2025-11-05 16:12:43,620 - INFO -   --------------------------------------------------------------------------------
2025-11-05 16:12:43,620 - INFO - 
数据构建完成:
2025-11-05 16:12:43,620 - INFO -   项目                   值                   
2025-11-05 16:12:43,620 - INFO -   ---------------------------------------- --------------------
2025-11-05 16:12:43,620 - INFO -   样本数                  29967               
2025-11-05 16:12:43,620 - INFO -   节点特征维度               11                  
2025-11-05 16:12:43,620 - INFO -   边特征维度                11                  
2025-11-05 16:12:43,620 - INFO -   目标属性变化维度             1                   
2025-11-05 16:12:43,623 - INFO - 数据集划分完成:
2025-11-05 16:12:43,623 - INFO -   - 训练集: 23973 (80.0%)
2025-11-05 16:12:43,623 - INFO -   - 验证集: 2996 (10.0%)
2025-11-05 16:12:43,623 - INFO -   - 测试集: 2998 (10.0%)
2025-11-05 16:12:43,670 - INFO - 正在创建模型...
2025-11-05 16:12:43,670 - INFO - 模型参数数量: 2117249
2025-11-05 16:12:43,670 - INFO - 使用设备: cuda
2025-11-05 16:12:43,962 - INFO - 开始训练 (300 轮)...
2025-11-05 16:13:05,686 - INFO - Epoch [10/300], Train Loss: 0.569296, Val Loss: 0.582773, R²: 0.2921, MAE: 0.5828
2025-11-05 16:13:26,748 - INFO - Epoch [20/300], Train Loss: 0.543122, Val Loss: 0.555143, R²: 0.3318, MAE: 0.5551
2025-11-05 16:13:48,028 - INFO - Epoch [30/300], Train Loss: 0.526209, Val Loss: 0.529528, R²: 0.3658, MAE: 0.5295
2025-11-05 16:14:09,284 - INFO - Epoch [40/300], Train Loss: 0.508174, Val Loss: 0.515300, R²: 0.3845, MAE: 0.5153
2025-11-05 16:14:30,474 - INFO - Epoch [50/300], Train Loss: 0.496468, Val Loss: 0.506361, R²: 0.3904, MAE: 0.5064
2025-11-05 16:14:51,946 - INFO - Epoch [60/300], Train Loss: 0.485320, Val Loss: 0.498015, R²: 0.4064, MAE: 0.4980
2025-11-05 16:15:15,139 - INFO - Epoch [70/300], Train Loss: 0.475692, Val Loss: 0.488543, R²: 0.4164, MAE: 0.4885
2025-11-05 16:15:38,810 - INFO - Epoch [80/300], Train Loss: 0.470824, Val Loss: 0.482500, R²: 0.4173, MAE: 0.4825
2025-11-05 16:16:02,675 - INFO - Epoch [90/300], Train Loss: 0.468411, Val Loss: 0.479650, R²: 0.4214, MAE: 0.4797
2025-11-05 16:16:25,496 - INFO - 已保存checkpoint: /home/data2/rhj/project/mol_editor/mol_evo/../mol_evo/output/v0/MoleculeEvolutionGCNTransformerLinearPredictor/train-20251105_161213-mu_change-30000-300/checkpoint_epoch_100.pth
2025-11-05 16:16:25,682 - INFO - Epoch [100/300], Train Loss: 0.466716, Val Loss: 0.478107, R²: 0.4238, MAE: 0.4781
2025-11-05 16:16:47,273 - INFO - Epoch [110/300], Train Loss: 0.465882, Val Loss: 0.477271, R²: 0.4239, MAE: 0.4773
2025-11-05 16:17:08,785 - INFO - Epoch [120/300], Train Loss: 0.465221, Val Loss: 0.477176, R²: 0.4247, MAE: 0.4772
2025-11-05 16:17:30,481 - INFO - Epoch [130/300], Train Loss: 0.464885, Val Loss: 0.476634, R²: 0.4246, MAE: 0.4766
2025-11-05 16:17:52,415 - INFO - Epoch [140/300], Train Loss: 0.464310, Val Loss: 0.476454, R²: 0.4254, MAE: 0.4765
2025-11-05 16:18:13,793 - INFO - Epoch [150/300], Train Loss: 0.464279, Val Loss: 0.476158, R²: 0.4251, MAE: 0.4762
2025-11-05 16:18:35,420 - INFO - Epoch [160/300], Train Loss: 0.463932, Val Loss: 0.475933, R²: 0.4255, MAE: 0.4759
2025-11-05 16:18:57,339 - INFO - Epoch [170/300], Train Loss: 0.463806, Val Loss: 0.475719, R²: 0.4262, MAE: 0.4757
2025-11-05 16:19:19,013 - INFO - Epoch [180/300], Train Loss: 0.463792, Val Loss: 0.476562, R²: 0.4263, MAE: 0.4766
2025-11-05 16:19:40,822 - INFO - Epoch [190/300], Train Loss: 0.463584, Val Loss: 0.475348, R²: 0.4263, MAE: 0.4753
2025-11-05 16:20:01,711 - INFO - 已保存checkpoint: /home/data2/rhj/project/mol_editor/mol_evo/../mol_evo/output/v0/MoleculeEvolutionGCNTransformerLinearPredictor/train-20251105_161213-mu_change-30000-300/checkpoint_epoch_200.pth
2025-11-05 16:20:01,888 - INFO - Epoch [200/300], Train Loss: 0.463301, Val Loss: 0.475653, R²: 0.4267, MAE: 0.4757
2025-11-05 16:20:23,445 - INFO - Epoch [210/300], Train Loss: 0.462857, Val Loss: 0.474974, R²: 0.4266, MAE: 0.4750
2025-11-05 16:20:44,856 - INFO - Epoch [220/300], Train Loss: 0.462638, Val Loss: 0.474774, R²: 0.4268, MAE: 0.4748
2025-11-05 16:21:06,215 - INFO - Epoch [230/300], Train Loss: 0.462837, Val Loss: 0.474941, R²: 0.4276, MAE: 0.4749
2025-11-05 16:21:27,662 - INFO - Epoch [240/300], Train Loss: 0.462532, Val Loss: 0.474630, R²: 0.4279, MAE: 0.4746
2025-11-05 16:21:48,755 - INFO - Epoch [250/300], Train Loss: 0.462151, Val Loss: 0.474251, R²: 0.4279, MAE: 0.4743
2025-11-05 16:22:10,200 - INFO - Epoch [260/300], Train Loss: 0.461832, Val Loss: 0.474232, R²: 0.4280, MAE: 0.4742
2025-11-05 16:22:31,611 - INFO - Epoch [270/300], Train Loss: 0.461783, Val Loss: 0.474085, R²: 0.4281, MAE: 0.4741
2025-11-05 16:22:52,851 - INFO - Epoch [280/300], Train Loss: 0.461539, Val Loss: 0.473754, R²: 0.4281, MAE: 0.4738
2025-11-05 16:23:13,917 - INFO - Epoch [290/300], Train Loss: 0.461185, Val Loss: 0.473586, R²: 0.4288, MAE: 0.4736
2025-11-05 16:23:34,924 - INFO - 已保存checkpoint: /home/data2/rhj/project/mol_editor/mol_evo/../mol_evo/output/v0/MoleculeEvolutionGCNTransformerLinearPredictor/train-20251105_161213-mu_change-30000-300/checkpoint_epoch_300.pth
2025-11-05 16:23:35,114 - INFO - Epoch [300/300], Train Loss: 0.461001, Val Loss: 0.473191, R²: 0.4289, MAE: 0.4732
2025-11-05 16:23:35,114 - INFO - 开始训练 (300 轮)...
2025-11-05 16:23:36,357 - INFO - 模型已保存至: /home/data2/rhj/project/mol_editor/mol_evo/../mol_evo/output/v0/MoleculeEvolutionGCNTransformerLinearPredictor/train-20251105_161213-mu_change-30000-300/last.pth
2025-11-05 16:23:36,357 - INFO - 
2025-11-05 16:23:36,357 - INFO - ============================================================
2025-11-05 16:23:36,357 - INFO - 训练完成 - 最终评估结果
2025-11-05 16:23:36,357 - INFO - ============================================================
2025-11-05 16:23:36,357 - INFO - 测试集损失: 0.450496
2025-11-05 16:23:36,357 - INFO - RMSE: 0.712076
2025-11-05 16:23:36,357 - INFO - MAE: 0.450496
2025-11-05 16:23:36,357 - INFO - R²: 0.438798
2025-11-05 16:23:36,357 - INFO - PCC: 0.663539
2025-11-05 16:23:36,357 - INFO - Rank Loss: 0.615066
2025-11-05 16:23:36,358 - INFO - 
2025-11-05 16:23:36,358 - INFO - 阈值准确率:
2025-11-05 16:23:36,358 - INFO -   阈值 0.5: 70.68%
2025-11-05 16:23:36,358 - INFO -   阈值 0.4: 64.94%
2025-11-05 16:23:36,358 - INFO -   阈值 0.30000000000000004: 55.90%
2025-11-05 16:23:36,358 - INFO -   阈值 0.20000000000000004: 44.66%
2025-11-05 16:23:36,358 - INFO - 
2025-11-05 16:23:36,358 - INFO - 训练完成:
2025-11-05 16:23:36,358 - INFO -   - 最终训练损失: 0.461001
2025-11-05 16:23:36,358 - INFO -   - 最佳验证损失: 0.473191
2025-11-05 16:23:36,358 - INFO -   - 测试损失 (MSE): 0.450496
2025-11-05 16:23:36,358 - INFO -   - 测试RMSE: 0.712076
2025-11-05 16:23:36,358 - INFO -   - 测试MAE: 0.450496
2025-11-05 16:23:36,358 - INFO -   - 测试R²: 0.438798
2025-11-05 16:23:36,358 - INFO -   - 测试PCC: 0.663539
2025-11-05 16:23:36,358 - INFO -   - 测试Rank Loss: 0.615066
2025-11-05 16:23:36,358 - INFO -   - 测试阈值准确率 (0.5): 0.7068
2025-11-05 16:23:36,358 - INFO -   - 测试阈值准确率 (0.4): 0.6494
2025-11-05 16:23:36,358 - INFO -   - 测试阈值准确率 (0.30000000000000004): 0.5590
2025-11-05 16:23:36,358 - INFO -   - 测试阈值准确率 (0.20000000000000004): 0.4466
2025-11-05 16:23:36,358 - INFO -   - 模型已保存到: /home/data2/rhj/project/mol_editor/mol_evo/../mol_evo/output/v0/MoleculeEvolutionGCNTransformerLinearPredictor/train-20251105_161213-mu_change-30000-300/last.pth
2025-11-05 16:23:36,358 - INFO - 训练结果已保存到: /home/data2/rhj/project/mol_editor/mol_evo/../mol_evo/output/v0/MoleculeEvolutionGCNTransformerLinearPredictor/train-20251105_161213-mu_change-30000-300/training_results.json
2025-11-05 16:23:36,358 - INFO - 模型目录: /home/data2/rhj/project/mol_editor/mol_evo/../mol_evo/output/v0/MoleculeEvolutionGCNTransformerLinearPredictor/train-20251105_161213-mu_change-30000-300
