2025-10-15 03:45:26,655 - INFO - ============================================================
2025-10-15 03:45:26,661 - INFO - 数据文件: mol_evo/dataset/data/qm9-evo-pairs-step-1-with-properties-pct.csv
2025-10-15 03:45:26,661 - INFO - 最大对数: 30000
2025-10-15 03:45:26,661 - INFO - 训练轮数: 100
2025-10-15 03:45:26,661 - INFO - ============================================================
2025-10-15 03:45:26,661 - INFO - 正在构建图数据: mol_evo/dataset/data/qm9-evo-pairs-step-1-with-properties-pct.csv
2025-10-15 03:45:28,478 - INFO - 加载缓存文件: /home/data2/rhj/project/mol_editor/mol_evo/core/utils/../../.cache/molecule_graphs/csv_qm9-evo-pairs-step-1-with-properties-pct_3cbb45cc1ac9202d.pt，包含 1994 个分子
2025-10-15 03:45:56,726 - INFO - 分子处理统计: 总数=60000, 命中=59967, 未命中=33, 命中率=99.94%
2025-10-15 03:45:56,753 - INFO - --- 训练集样本示例 (头部数据) ---
2025-10-15 03:45:56,753 - INFO -   样本       起始节点数        起始边数         目标节点数        目标边数         边特征             目标属性值          
2025-10-15 03:45:56,753 - INFO -   --------------------------------------------------------------------------------
2025-10-15 03:45:56,753 - INFO -   1        5            8            8            14           [1.0, 0.0, 0.   0.023518       
2025-10-15 03:45:56,753 - INFO -   2        3            4            6            10           [1.0, 0.0, 0.   -0.273184      
2025-10-15 03:45:56,753 - INFO -   3        4            6            11           20           [1.0, 0.0, 0.   0.077970       
2025-10-15 03:45:56,753 - INFO -   --------------------------------------------------------------------------------
2025-10-15 03:45:56,753 - INFO - 
数据构建完成:
2025-10-15 03:45:56,753 - INFO -   项目                   值                   
2025-10-15 03:45:56,754 - INFO -   ----------------------------------------
2025-10-15 03:45:56,754 - INFO -   样本数                  29967               
2025-10-15 03:45:56,754 - INFO -   节点特征维度               11                  
2025-10-15 03:45:56,754 - INFO -   边特征维度                11                  
2025-10-15 03:45:56,754 - INFO -   目标属性变化维度             1                   
2025-10-15 03:45:56,756 - INFO - 数据集划分完成:
2025-10-15 03:45:56,756 - INFO -   - 训练集: 23973 (80.0%)
2025-10-15 03:45:56,757 - INFO -   - 验证集: 2996 (10.0%)
2025-10-15 03:45:56,757 - INFO -   - 测试集: 2998 (10.0%)
2025-10-15 03:45:56,838 - INFO - 正在创建模型...
2025-10-15 03:45:56,838 - INFO - 模型参数数量: 1369985
2025-10-15 03:45:56,838 - INFO - 使用设备: cuda
2025-10-15 03:46:23,757 - INFO - Epoch [10/100], Train Loss: 0.552725, Val Loss: 0.560483, R²: 0.3249, MAE: 0.5605
2025-10-15 03:46:49,433 - INFO - Epoch [20/100], Train Loss: 0.523561, Val Loss: 0.528227, R²: 0.3689, MAE: 0.5282
2025-10-15 03:47:15,187 - INFO - Epoch [30/100], Train Loss: 0.512759, Val Loss: 0.518991, R²: 0.3794, MAE: 0.5190
2025-10-15 03:47:41,730 - INFO - Epoch [40/100], Train Loss: 0.504065, Val Loss: 0.520730, R²: 0.3818, MAE: 0.5207
2025-10-15 03:48:07,341 - INFO - Epoch [50/100], Train Loss: 0.495239, Val Loss: 0.492808, R²: 0.4050, MAE: 0.4928
2025-10-15 03:48:33,281 - INFO - Epoch [60/100], Train Loss: 0.488053, Val Loss: 0.490036, R²: 0.4121, MAE: 0.4900
2025-10-15 03:48:59,114 - INFO - Epoch [70/100], Train Loss: 0.482185, Val Loss: 0.510944, R²: 0.3884, MAE: 0.5109
2025-10-15 03:49:24,874 - INFO - Epoch [80/100], Train Loss: 0.466142, Val Loss: 0.474745, R²: 0.4363, MAE: 0.4747
2025-10-15 03:49:51,017 - INFO - Epoch [90/100], Train Loss: 0.461958, Val Loss: 0.474797, R²: 0.4398, MAE: 0.4748
2025-10-15 03:50:16,552 - INFO - 已保存checkpoint: /home/data2/rhj/project/mol_editor/mol_evo/../mol_evo/output/v0/gcn_transformer_linear/train-20251015_034526-mu_change-30000-100/checkpoint_epoch_100.pth
2025-10-15 03:50:16,820 - INFO - Epoch [100/100], Train Loss: 0.452683, Val Loss: 0.460504, R²: 0.4527, MAE: 0.4605
2025-10-15 03:50:16,821 - INFO - 开始训练 (100 轮)...
2025-10-15 03:50:18,151 - INFO - 模型已保存至: /home/data2/rhj/project/mol_editor/mol_evo/../mol_evo/output/v0/gcn_transformer_linear/train-20251015_034526-mu_change-30000-100/last.pth
2025-10-15 03:50:18,151 - INFO - 
2025-10-15 03:50:18,151 - INFO - ============================================================
2025-10-15 03:50:18,151 - INFO - 训练完成 - 最终评估结果
2025-10-15 03:50:18,151 - INFO - ============================================================
2025-10-15 03:50:18,151 - INFO - 测试集损失: 0.445737
2025-10-15 03:50:18,151 - INFO - RMSE: 0.714558
2025-10-15 03:50:18,151 - INFO - MAE: 0.445737
2025-10-15 03:50:18,151 - INFO - R²: 0.440846
2025-10-15 03:50:18,151 - INFO - PCC: 0.665776
2025-10-15 03:50:18,151 - INFO - Rank Loss: 0.621246
2025-10-15 03:50:18,151 - INFO - 
2025-10-15 03:50:18,151 - INFO - 阈值准确率:
2025-10-15 03:50:18,151 - INFO -   阈值 0.5: 71.25%
2025-10-15 03:50:18,152 - INFO -   阈值 0.4: 66.18%
2025-10-15 03:50:18,152 - INFO -   阈值 0.30000000000000004: 58.67%
2025-10-15 03:50:18,152 - INFO -   阈值 0.20000000000000004: 47.13%
2025-10-15 03:50:18,152 - INFO - 
2025-10-15 03:50:18,152 - INFO - 训练完成:
2025-10-15 03:50:18,152 - INFO -   - 最终训练损失: 0.452683
2025-10-15 03:50:18,152 - INFO -   - 最佳验证损失: 0.460076
2025-10-15 03:50:18,152 - INFO -   - 测试损失 (MSE): 0.445737
2025-10-15 03:50:18,152 - INFO -   - 测试RMSE: 0.714558
2025-10-15 03:50:18,152 - INFO -   - 测试MAE: 0.445737
2025-10-15 03:50:18,152 - INFO -   - 测试R²: 0.440846
2025-10-15 03:50:18,152 - INFO -   - 测试PCC: 0.665776
2025-10-15 03:50:18,152 - INFO -   - 测试Rank Loss: 0.621246
2025-10-15 03:50:18,152 - INFO -   - 测试阈值准确率 (0.5): 0.7125
2025-10-15 03:50:18,152 - INFO -   - 测试阈值准确率 (0.4): 0.6618
2025-10-15 03:50:18,153 - INFO -   - 测试阈值准确率 (0.30000000000000004): 0.5867
2025-10-15 03:50:18,153 - INFO -   - 测试阈值准确率 (0.20000000000000004): 0.4713
2025-10-15 03:50:18,153 - INFO -   - 模型已保存到: /home/data2/rhj/project/mol_editor/mol_evo/../mol_evo/output/v0/gcn_transformer_linear/train-20251015_034526-mu_change-30000-100/last.pth
