2025-10-12 23:06:16,815 - INFO - training_file - ============================================================
2025-10-12 23:06:16,815 - INFO - training_console - ============================================================
2025-10-12 23:06:16,815 - INFO - training_file - 基于NNConv的分子进化预测器模型训练开始
2025-10-12 23:06:16,815 - INFO - training_console - 基于NNConv的分子进化预测器模型训练开始
2025-10-12 23:06:16,815 - INFO - training_file - ============================================================
2025-10-12 23:06:16,815 - INFO - training_console - ============================================================
2025-10-12 23:06:16,815 - INFO - training_file - 数据文件: mol_evo/dataset/data/qm9-evo-pairs-step-1-with-properties-pct.csv
2025-10-12 23:06:16,815 - INFO - training_console - 数据文件: mol_evo/dataset/data/qm9-evo-pairs-step-1-with-properties-pct.csv
2025-10-12 23:06:16,815 - INFO - training_file - 最大对数: 30000
2025-10-12 23:06:16,815 - INFO - training_console - 最大对数: 30000
2025-10-12 23:06:16,815 - INFO - training_file - 训练轮数: 500
2025-10-12 23:06:16,815 - INFO - training_console - 训练轮数: 500
2025-10-12 23:06:16,815 - INFO - training_file - 正在构建图数据: mol_evo/dataset/data/qm9-evo-pairs-step-1-with-properties-pct.csv
2025-10-12 23:06:16,815 - INFO - training_console - 正在构建图数据: mol_evo/dataset/data/qm9-evo-pairs-step-1-with-properties-pct.csv
2025-10-12 23:06:18,479 - INFO - training_file - 加载缓存文件: /home/data2/rhj/project/mol_editor/mol_evo/core/utils/../../.cache/molecule_graphs/training_dataset.pt，包含 1985 个分子
2025-10-12 23:06:18,479 - INFO - training_console - 加载缓存文件: /home/data2/rhj/project/mol_editor/mol_evo/core/utils/../../.cache/molecule_graphs/training_dataset.pt，包含 1985 个分子
2025-10-12 23:06:21,774 - WARNING - training_file - 跳过无法处理的分子对: [H]O/N=C(\C([H])([H])[H])C([H])([H])C(C([H])([H])[H])(C([H])([H])[H])C([H])([H])[H] -> [H]ONC1C([H])([H])[C@]23C([H])([H])[C@]([H])(C2([H])[H])[C@@]13[H]
2025-10-12 23:06:21,774 - WARNING - training_console - 跳过无法处理的分子对: [H]O/N=C(\C([H])([H])[H])C([H])([H])C(C([H])([H])[H])(C([H])([H])[H])C([H])([H])[H] -> [H]ONC1C([H])([H])[C@]23C([H])([H])[C@]([H])(C2([H])[H])[C@@]13[H]
2025-10-12 23:06:22,516 - WARNING - training_file - 跳过无法处理的分子对: [H]O/N=C(/C([H])([H])C([H])([H])[H])C(C([H])([H])[H])(C([H])([H])[H])C([H])([H])[H] -> [H]ONC1C([H])([H])[C@]23C([H])([H])[C@]([H])(C2([H])[H])[C@@]13[H]
2025-10-12 23:06:22,516 - WARNING - training_console - 跳过无法处理的分子对: [H]O/N=C(/C([H])([H])C([H])([H])[H])C(C([H])([H])[H])(C([H])([H])[H])C([H])([H])[H] -> [H]ONC1C([H])([H])[C@]23C([H])([H])[C@]([H])(C2([H])[H])[C@@]13[H]
2025-10-12 23:06:23,253 - WARNING - training_file - 跳过无法处理的分子对: [H]O/N=C(\C([H])([H])[H])C(C([H])([H])[H])(C([H])([H])[H])C([H])([H])C([H])([H])[H] -> [H]ONC1C([H])([H])[C@]23C([H])([H])[C@]([H])(C2([H])[H])[C@@]13[H]
2025-10-12 23:06:23,253 - WARNING - training_console - 跳过无法处理的分子对: [H]O/N=C(\C([H])([H])[H])C(C([H])([H])[H])(C([H])([H])[H])C([H])([H])C([H])([H])[H] -> [H]ONC1C([H])([H])[C@]23C([H])([H])[C@]([H])(C2([H])[H])[C@@]13[H]
2025-10-12 23:06:24,053 - WARNING - training_file - 跳过无法处理的分子对: [H]O/N=C(\C([H])([H])[H])C([H])([H])C([H])([H])C([H])(C([H])([H])[H])C([H])([H])[H] -> [H]ONC1C([H])([H])[C@]23C([H])([H])[C@]([H])(C2([H])[H])[C@@]13[H]
2025-10-12 23:06:24,053 - WARNING - training_console - 跳过无法处理的分子对: [H]O/N=C(\C([H])([H])[H])C([H])([H])C([H])([H])C([H])(C([H])([H])[H])C([H])([H])[H] -> [H]ONC1C([H])([H])[C@]23C([H])([H])[C@]([H])(C2([H])[H])[C@@]13[H]
2025-10-12 23:06:24,797 - WARNING - training_file - 跳过无法处理的分子对: [H]ONC1C(C([H])([H])[H])(C([H])([H])[H])C([H])([H])[C@]1([H])C([H])([H])[H] -> [H]ONC1C([H])([H])[C@]23C([H])([H])[C@]([H])(C2([H])[H])[C@@]13[H]
2025-10-12 23:06:24,797 - WARNING - training_console - 跳过无法处理的分子对: [H]ONC1C(C([H])([H])[H])(C([H])([H])[H])C([H])([H])[C@]1([H])C([H])([H])[H] -> [H]ONC1C([H])([H])[C@]23C([H])([H])[C@]([H])(C2([H])[H])[C@@]13[H]
2025-10-12 23:06:25,555 - WARNING - training_file - 跳过无法处理的分子对: [H]ONC1C([H])=C([H])C(C([H])([H])[H])(C([H])([H])[H])C1([H])[H] -> [H]ONC1C([H])([H])[C@]23C([H])([H])[C@]([H])(C2([H])[H])[C@@]13[H]
2025-10-12 23:06:25,555 - WARNING - training_console - 跳过无法处理的分子对: [H]ONC1C([H])=C([H])C(C([H])([H])[H])(C([H])([H])[H])C1([H])[H] -> [H]ONC1C([H])([H])[C@]23C([H])([H])[C@]([H])(C2([H])[H])[C@@]13[H]
2025-10-12 23:06:26,316 - WARNING - training_file - 跳过无法处理的分子对: [H]ONC1C([H])([H])C([H])([H])C(C([H])([H])[H])(C([H])([H])[H])C1([H])[H] -> [H]ONC1C([H])([H])[C@]23C([H])([H])[C@]([H])(C2([H])[H])[C@@]13[H]
2025-10-12 23:06:26,316 - WARNING - training_console - 跳过无法处理的分子对: [H]ONC1C([H])([H])C([H])([H])C(C([H])([H])[H])(C([H])([H])[H])C1([H])[H] -> [H]ONC1C([H])([H])[C@]23C([H])([H])[C@]([H])(C2([H])[H])[C@@]13[H]
2025-10-12 23:06:27,083 - WARNING - training_file - 跳过无法处理的分子对: [H]O/N=C(\C([H])([H])C([H])([H])[H])C([H])([H])C([H])(C([H])([H])[H])C([H])([H])[H] -> [H]ONC1C([H])([H])[C@]23C([H])([H])[C@]([H])(C2([H])[H])[C@@]13[H]
2025-10-12 23:06:27,083 - WARNING - training_console - 跳过无法处理的分子对: [H]O/N=C(\C([H])([H])C([H])([H])[H])C([H])([H])C([H])(C([H])([H])[H])C([H])([H])[H] -> [H]ONC1C([H])([H])[C@]23C([H])([H])[C@]([H])(C2([H])[H])[C@@]13[H]
2025-10-12 23:06:27,856 - WARNING - training_file - 跳过无法处理的分子对: [H]C#C[C@]1(C([H])([H])[H])C([H])([H])[C@@H](NO[H])C1([H])[H] -> [H]ONC1C([H])([H])[C@]23C([H])([H])[C@]([H])(C2([H])[H])[C@@]13[H]
2025-10-12 23:06:27,856 - WARNING - training_console - 跳过无法处理的分子对: [H]C#C[C@]1(C([H])([H])[H])C([H])([H])[C@@H](NO[H])C1([H])[H] -> [H]ONC1C([H])([H])[C@]23C([H])([H])[C@]([H])(C2([H])[H])[C@@]13[H]
2025-10-12 23:06:28,620 - WARNING - training_file - 跳过无法处理的分子对: [H]ON[C@H]1C([H])([H])[C@](C([H])([H])[H])(C([H])([H])C([H])([H])[H])C1([H])[H] -> [H]ONC1C([H])([H])[C@]23C([H])([H])[C@]([H])(C2([H])[H])[C@@]13[H]
2025-10-12 23:06:28,621 - WARNING - training_console - 跳过无法处理的分子对: [H]ON[C@H]1C([H])([H])[C@](C([H])([H])[H])(C([H])([H])C([H])([H])[H])C1([H])[H] -> [H]ONC1C([H])([H])[C@]23C([H])([H])[C@]([H])(C2([H])[H])[C@@]13[H]
2025-10-12 23:06:29,383 - WARNING - training_file - 跳过无法处理的分子对: [H]O/N=C(\C([H])([H])[H])C([H])([H])C1(C([H])([H])[H])C([H])([H])C1([H])[H] -> [H]ONC1C([H])([H])[C@]23C([H])([H])[C@]([H])(C2([H])[H])[C@@]13[H]
2025-10-12 23:06:29,384 - WARNING - training_console - 跳过无法处理的分子对: [H]O/N=C(\C([H])([H])[H])C([H])([H])C1(C([H])([H])[H])C([H])([H])C1([H])[H] -> [H]ONC1C([H])([H])[C@]23C([H])([H])[C@]([H])(C2([H])[H])[C@@]13[H]
2025-10-12 23:06:30,179 - WARNING - training_file - 跳过无法处理的分子对: [H]O/N=C(\C([H])([H])[H])C([H])([H])C([H])([H])C([H])([H])C([H])([H])C([H])([H])[H] -> [H]ONC1C([H])([H])[C@]23C([H])([H])[C@]([H])(C2([H])[H])[C@@]13[H]
2025-10-12 23:06:30,180 - WARNING - training_console - 跳过无法处理的分子对: [H]O/N=C(\C([H])([H])[H])C([H])([H])C([H])([H])C([H])([H])C([H])([H])C([H])([H])[H] -> [H]ONC1C([H])([H])[C@]23C([H])([H])[C@]([H])(C2([H])[H])[C@@]13[H]
2025-10-12 23:06:30,919 - WARNING - training_file - 跳过无法处理的分子对: [H]ONC1C([H])([H])C([H])=C([H])C1(C([H])([H])[H])C([H])([H])[H] -> [H]ONC1C([H])([H])[C@]23C([H])([H])[C@]([H])(C2([H])[H])[C@@]13[H]
2025-10-12 23:06:30,919 - WARNING - training_console - 跳过无法处理的分子对: [H]ONC1C([H])([H])C([H])=C([H])C1(C([H])([H])[H])C([H])([H])[H] -> [H]ONC1C([H])([H])[C@]23C([H])([H])[C@]([H])(C2([H])[H])[C@@]13[H]
2025-10-12 23:06:31,672 - WARNING - training_file - 跳过无法处理的分子对: [H]ONC1=C([H])[C-]([H])C([H])([H])C1(C([H])([H])[H])C([H])([H])[H] -> [H]ONC1C([H])([H])[C@]23C([H])([H])[C@]([H])(C2([H])[H])[C@@]13[H]
2025-10-12 23:06:31,672 - WARNING - training_console - 跳过无法处理的分子对: [H]ONC1=C([H])[C-]([H])C([H])([H])C1(C([H])([H])[H])C([H])([H])[H] -> [H]ONC1C([H])([H])[C@]23C([H])([H])[C@]([H])(C2([H])[H])[C@@]13[H]
2025-10-12 23:06:32,399 - WARNING - training_file - 跳过无法处理的分子对: [H]ONC1C([H])([H])C([H])([H])C([H])([H])C1(C([H])([H])[H])C([H])([H])[H] -> [H]ONC1C([H])([H])[C@]23C([H])([H])[C@]([H])(C2([H])[H])[C@@]13[H]
2025-10-12 23:06:32,399 - WARNING - training_console - 跳过无法处理的分子对: [H]ONC1C([H])([H])C([H])([H])C([H])([H])C1(C([H])([H])[H])C([H])([H])[H] -> [H]ONC1C([H])([H])[C@]23C([H])([H])[C@]([H])(C2([H])[H])[C@@]13[H]
2025-10-12 23:06:33,174 - WARNING - training_file - 跳过无法处理的分子对: [H]ON=C(C([H])([H])C([H])([H])C([H])([H])[H])C([H])([H])C([H])([H])C([H])([H])[H] -> [H]ONC1C([H])([H])[C@]23C([H])([H])[C@]([H])(C2([H])[H])[C@@]13[H]
2025-10-12 23:06:33,174 - WARNING - training_console - 跳过无法处理的分子对: [H]ON=C(C([H])([H])C([H])([H])C([H])([H])[H])C([H])([H])C([H])([H])C([H])([H])[H] -> [H]ONC1C([H])([H])[C@]23C([H])([H])[C@]([H])(C2([H])[H])[C@@]13[H]
2025-10-12 23:06:33,955 - WARNING - training_file - 跳过无法处理的分子对: [H]O/N=C(/C([H])([H])C([H])([H])C([H])([H])[H])C([H])(C([H])([H])[H])C([H])([H])[H] -> [H]ONC1C([H])([H])[C@]23C([H])([H])[C@]([H])(C2([H])[H])[C@@]13[H]
2025-10-12 23:06:33,955 - WARNING - training_console - 跳过无法处理的分子对: [H]O/N=C(/C([H])([H])C([H])([H])C([H])([H])[H])C([H])(C([H])([H])[H])C([H])([H])[H] -> [H]ONC1C([H])([H])[C@]23C([H])([H])[C@]([H])(C2([H])[H])[C@@]13[H]
2025-10-12 23:06:34,745 - WARNING - training_file - 跳过无法处理的分子对: [H]ON=C(C([H])(C([H])([H])[H])C([H])([H])[H])C([H])(C([H])([H])[H])C([H])([H])[H] -> [H]ONC1C([H])([H])[C@]23C([H])([H])[C@]([H])(C2([H])[H])[C@@]13[H]
2025-10-12 23:06:34,745 - WARNING - training_console - 跳过无法处理的分子对: [H]ON=C(C([H])(C([H])([H])[H])C([H])([H])[H])C([H])(C([H])([H])[H])C([H])([H])[H] -> [H]ONC1C([H])([H])[C@]23C([H])([H])[C@]([H])(C2([H])[H])[C@@]13[H]
2025-10-12 23:06:35,655 - WARNING - training_file - 跳过无法处理的分子对: [H]O/N=C(\C([H])([H])[H])C1(C([H])([H])[H])C([H])([H])C([H])([H])C1([H])[H] -> [H]ONC1C([H])([H])[C@]23C([H])([H])[C@]([H])(C2([H])[H])[C@@]13[H]
2025-10-12 23:06:35,655 - WARNING - training_console - 跳过无法处理的分子对: [H]O/N=C(\C([H])([H])[H])C1(C([H])([H])[H])C([H])([H])C([H])([H])C1([H])[H] -> [H]ONC1C([H])([H])[C@]23C([H])([H])[C@]([H])(C2([H])[H])[C@@]13[H]
2025-10-12 23:06:36,425 - WARNING - training_file - 跳过无法处理的分子对: [H]ON[C@H]1C([H])([H])[C@]([H])(C([H])(C([H])([H])[H])C([H])([H])[H])C1([H])[H] -> [H]ONC1C([H])([H])[C@]23C([H])([H])[C@]([H])(C2([H])[H])[C@@]13[H]
2025-10-12 23:06:36,425 - WARNING - training_console - 跳过无法处理的分子对: [H]ON[C@H]1C([H])([H])[C@]([H])(C([H])(C([H])([H])[H])C([H])([H])[H])C1([H])[H] -> [H]ONC1C([H])([H])[C@]23C([H])([H])[C@]([H])(C2([H])[H])[C@@]13[H]
2025-10-12 23:06:37,151 - WARNING - training_file - 跳过无法处理的分子对: [H]O/N=C(\C([H])([H])[H])[C@]1([H])C([H])([H])[C@@]([H])(C([H])([H])[H])C1([H])[H] -> [H]ONC1C([H])([H])[C@]23C([H])([H])[C@]([H])(C2([H])[H])[C@@]13[H]
2025-10-12 23:06:37,151 - WARNING - training_console - 跳过无法处理的分子对: [H]O/N=C(\C([H])([H])[H])[C@]1([H])C([H])([H])[C@@]([H])(C([H])([H])[H])C1([H])[H] -> [H]ONC1C([H])([H])[C@]23C([H])([H])[C@]([H])(C2([H])[H])[C@@]13[H]
2025-10-12 23:06:37,916 - WARNING - training_file - 跳过无法处理的分子对: [H]ONC1C([H])=C(C([H])([H])[H])C([H])([H])C([H])([H])C1([H])[H] -> [H]ONC1C([H])([H])[C@]23C([H])([H])[C@]([H])(C2([H])[H])[C@@]13[H]
2025-10-12 23:06:37,916 - WARNING - training_console - 跳过无法处理的分子对: [H]ONC1C([H])=C(C([H])([H])[H])C([H])([H])C([H])([H])C1([H])[H] -> [H]ONC1C([H])([H])[C@]23C([H])([H])[C@]([H])(C2([H])[H])[C@@]13[H]
2025-10-12 23:06:38,651 - WARNING - training_file - 跳过无法处理的分子对: [H]ONC1C([H])([H])C(C([H])([H])[H])=C([H])C([H])([H])C1([H])[H] -> [H]ONC1C([H])([H])[C@]23C([H])([H])[C@]([H])(C2([H])[H])[C@@]13[H]
2025-10-12 23:06:38,651 - WARNING - training_console - 跳过无法处理的分子对: [H]ONC1C([H])([H])C(C([H])([H])[H])=C([H])C([H])([H])C1([H])[H] -> [H]ONC1C([H])([H])[C@]23C([H])([H])[C@]([H])(C2([H])[H])[C@@]13[H]
2025-10-12 23:06:39,425 - WARNING - training_file - 跳过无法处理的分子对: [H]ONC1C([H])([H])C([H])([H])C([H])([H])[C@]([H])(C([H])([H])[H])C1([H])[H] -> [H]ONC1C([H])([H])[C@]23C([H])([H])[C@]([H])(C2([H])[H])[C@@]13[H]
2025-10-12 23:06:39,425 - WARNING - training_console - 跳过无法处理的分子对: [H]ONC1C([H])([H])C([H])([H])C([H])([H])[C@]([H])(C([H])([H])[H])C1([H])[H] -> [H]ONC1C([H])([H])[C@]23C([H])([H])[C@]([H])(C2([H])[H])[C@@]13[H]
2025-10-12 23:06:40,172 - WARNING - training_file - 跳过无法处理的分子对: [H]ONC1C([H])([H])C(C([H])([H])[H])=C(C([H])([H])[H])C1([H])[H] -> [H]ONC1C([H])([H])[C@]23C([H])([H])[C@]([H])(C2([H])[H])[C@@]13[H]
2025-10-12 23:06:40,172 - WARNING - training_console - 跳过无法处理的分子对: [H]ONC1C([H])([H])C(C([H])([H])[H])=C(C([H])([H])[H])C1([H])[H] -> [H]ONC1C([H])([H])[C@]23C([H])([H])[C@]([H])(C2([H])[H])[C@@]13[H]
2025-10-12 23:06:40,923 - WARNING - training_file - 跳过无法处理的分子对: [H]ONC1C([H])([H])C(C([H])([H])[H])=C([H])[C@]1([H])C([H])([H])[H] -> [H]ONC1C([H])([H])[C@]23C([H])([H])[C@]([H])(C2([H])[H])[C@@]13[H]
2025-10-12 23:06:40,923 - WARNING - training_console - 跳过无法处理的分子对: [H]ONC1C([H])([H])C(C([H])([H])[H])=C([H])[C@]1([H])C([H])([H])[H] -> [H]ONC1C([H])([H])[C@]23C([H])([H])[C@]([H])(C2([H])[H])[C@@]13[H]
2025-10-12 23:06:41,424 - WARNING - training_file - 跳过无法处理的分子对: [H][N-]C1O[C@]([H])(C([H])([H])[H])C(NO[H])C1([H])[H] -> [H]ONC1C([H])([H])[C@]23C([H])([H])[N@@H+](C2([H])[H])[C@@]13[H]
2025-10-12 23:06:41,424 - WARNING - training_console - 跳过无法处理的分子对: [H][N-]C1O[C@]([H])(C([H])([H])[H])C(NO[H])C1([H])[H] -> [H]ONC1C([H])([H])[C@]23C([H])([H])[N@@H+](C2([H])[H])[C@@]13[H]
2025-10-12 23:06:42,193 - WARNING - training_file - 跳过无法处理的分子对: [H]ONC1C([H])([H])[C@]2([H])C([H])([H])[C@@]1(C([H])([H])[H])C2([H])[H] -> [H]ONC1C([H])([H])[C@]23C([H])([H])[C@]([H])(C2([H])[H])[C@@]13[H]
2025-10-12 23:06:42,194 - WARNING - training_console - 跳过无法处理的分子对: [H]ONC1C([H])([H])[C@]2([H])C([H])([H])[C@@]1(C([H])([H])[H])C2([H])[H] -> [H]ONC1C([H])([H])[C@]23C([H])([H])[C@]([H])(C2([H])[H])[C@@]13[H]
2025-10-12 23:06:42,984 - WARNING - training_file - 跳过无法处理的分子对: [H]O/N=C(\C([H])([H])[H])C([H])([H])C1([H])C([H])([H])C([H])([H])C1([H])[H] -> [H]ONC1C([H])([H])[C@]23C([H])([H])[C@]([H])(C2([H])[H])[C@@]13[H]
2025-10-12 23:06:42,984 - WARNING - training_console - 跳过无法处理的分子对: [H]O/N=C(\C([H])([H])[H])C([H])([H])C1([H])C([H])([H])C([H])([H])C1([H])[H] -> [H]ONC1C([H])([H])[C@]23C([H])([H])[C@]([H])(C2([H])[H])[C@@]13[H]
2025-10-12 23:06:43,752 - WARNING - training_file - 跳过无法处理的分子对: [H]C#CC([H])([H])[C@]1([H])C([H])([H])[C@@H](NO[H])C1([H])[H] -> [H]ONC1C([H])([H])[C@]23C([H])([H])[C@]([H])(C2([H])[H])[C@@]13[H]
2025-10-12 23:06:43,752 - WARNING - training_console - 跳过无法处理的分子对: [H]C#CC([H])([H])[C@]1([H])C([H])([H])[C@@H](NO[H])C1([H])[H] -> [H]ONC1C([H])([H])[C@]23C([H])([H])[C@]([H])(C2([H])[H])[C@@]13[H]
2025-10-12 23:06:44,546 - WARNING - training_file - 跳过无法处理的分子对: [H]ON[C@H]1C([H])([H])[C@]([H])(C#CC([H])([H])[H])C1([H])[H] -> [H]ONC1C([H])([H])[C@]23C([H])([H])[C@]([H])(C2([H])[H])[C@@]13[H]
2025-10-12 23:06:44,546 - WARNING - training_console - 跳过无法处理的分子对: [H]ON[C@H]1C([H])([H])[C@]([H])(C#CC([H])([H])[H])C1([H])[H] -> [H]ONC1C([H])([H])[C@]23C([H])([H])[C@]([H])(C2([H])[H])[C@@]13[H]
2025-10-12 23:06:45,335 - WARNING - training_file - 跳过无法处理的分子对: [H]ON[C@H]1C([H])([H])[C@]([H])(C([H])([H])C([H])([H])C([H])([H])[H])C1([H])[H] -> [H]ONC1C([H])([H])[C@]23C([H])([H])[C@]([H])(C2([H])[H])[C@@]13[H]
2025-10-12 23:06:45,335 - WARNING - training_console - 跳过无法处理的分子对: [H]ON[C@H]1C([H])([H])[C@]([H])(C([H])([H])C([H])([H])C([H])([H])[H])C1([H])[H] -> [H]ONC1C([H])([H])[C@]23C([H])([H])[C@]([H])(C2([H])[H])[C@@]13[H]
2025-10-12 23:06:46,120 - WARNING - training_file - 跳过无法处理的分子对: [H]ONC1C([H])([H])C2(C1([H])[H])C([H])([H])C([H])([H])C2([H])[H] -> [H]ONC1C([H])([H])[C@]23C([H])([H])[C@]([H])(C2([H])[H])[C@@]13[H]
2025-10-12 23:06:46,120 - WARNING - training_console - 跳过无法处理的分子对: [H]ONC1C([H])([H])C2(C1([H])[H])C([H])([H])C([H])([H])C2([H])[H] -> [H]ONC1C([H])([H])[C@]23C([H])([H])[C@]([H])(C2([H])[H])[C@@]13[H]
2025-10-12 23:06:46,169 - INFO - training_file - 分子处理统计: 总数=60000, 命中=59967, 未命中=33, 命中率=99.94%
2025-10-12 23:06:46,169 - INFO - training_console - 分子处理统计: 总数=60000, 命中=59967, 未命中=33, 命中率=99.94%
2025-10-12 23:06:46,227 - INFO - training_file - --- 训练集样本示例 (头部数据) ---
2025-10-12 23:06:46,228 - INFO - training_console - --- 训练集样本示例 (头部数据) ---
2025-10-12 23:06:46,228 - INFO - training_file -   样本       起始节点数        起始边数         目标节点数        目标边数         边特征             目标属性值          
2025-10-12 23:06:46,228 - INFO - training_console -   样本       起始节点数        起始边数         目标节点数        目标边数         边特征             目标属性值          
2025-10-12 23:06:46,228 - INFO - training_file -   --------------------------------------------------------------------------------
2025-10-12 23:06:46,228 - INFO - training_console -   --------------------------------------------------------------------------------
2025-10-12 23:06:46,228 - INFO - training_file -   1        5            8            8            14           [1.0, 0.0, 0.   -0.798788      
2025-10-12 23:06:46,228 - INFO - training_console -   1        5            8            8            14           [1.0, 0.0, 0.   -0.798788      
2025-10-12 23:06:46,228 - INFO - training_file -   2        3            4            6            10           [1.0, 0.0, 0.   -0.397409      
2025-10-12 23:06:46,228 - INFO - training_console -   2        3            4            6            10           [1.0, 0.0, 0.   -0.397409      
2025-10-12 23:06:46,228 - INFO - training_file -   3        4            6            11           20           [1.0, 0.0, 0.   1.210377       
2025-10-12 23:06:46,228 - INFO - training_console -   3        4            6            11           20           [1.0, 0.0, 0.   1.210377       
2025-10-12 23:06:46,229 - INFO - training_file -   --------------------------------------------------------------------------------
2025-10-12 23:06:46,229 - INFO - training_console -   --------------------------------------------------------------------------------
2025-10-12 23:06:46,229 - INFO - training_file - 
数据构建完成:
2025-10-12 23:06:46,229 - INFO - training_console - 
数据构建完成:
2025-10-12 23:06:46,229 - INFO - training_file -   项目                   值                   
2025-10-12 23:06:46,229 - INFO - training_console -   项目                   值                   
2025-10-12 23:06:46,229 - INFO - training_file -   ----------------------------------------
2025-10-12 23:06:46,229 - INFO - training_console -   ----------------------------------------
2025-10-12 23:06:46,229 - INFO - training_file -   样本数                  29967               
2025-10-12 23:06:46,229 - INFO - training_console -   样本数                  29967               
2025-10-12 23:06:46,229 - INFO - training_file -   节点特征维度               11                  
2025-10-12 23:06:46,229 - INFO - training_console -   节点特征维度               11                  
2025-10-12 23:06:46,229 - INFO - training_file -   边特征维度                11                  
2025-10-12 23:06:46,229 - INFO - training_console -   边特征维度                11                  
2025-10-12 23:06:46,229 - INFO - training_file -   目标属性变化维度             1                   
2025-10-12 23:06:46,229 - INFO - training_console -   目标属性变化维度             1                   
2025-10-12 23:06:46,232 - INFO - training_file - 数据集划分完成:
2025-10-12 23:06:46,232 - INFO - training_console - 数据集划分完成:
2025-10-12 23:06:46,232 - INFO - training_file -   - 训练集: 23973 (80.0%)
2025-10-12 23:06:46,232 - INFO - training_console -   - 训练集: 23973 (80.0%)
2025-10-12 23:06:46,232 - INFO - training_file -   - 验证集: 2996 (10.0%)
2025-10-12 23:06:46,232 - INFO - training_console -   - 验证集: 2996 (10.0%)
2025-10-12 23:06:46,232 - INFO - training_file -   - 测试集: 2998 (10.0%)
2025-10-12 23:06:46,232 - INFO - training_console -   - 测试集: 2998 (10.0%)
2025-10-12 23:06:46,306 - INFO - training_file - 正在创建模型...
2025-10-12 23:06:46,306 - INFO - training_console - 正在创建模型...
2025-10-12 23:06:46,307 - INFO - training_file - 模型参数数量: 980993
2025-10-12 23:06:46,307 - INFO - training_console - 模型参数数量: 980993
2025-10-12 23:06:46,307 - INFO - training_file - 使用设备: cuda
2025-10-12 23:06:46,307 - INFO - training_console - 使用设备: cuda
2025-10-12 23:07:12,993 - INFO - training_file - Epoch [10/500], Train Loss: 0.308956, Val Loss: 0.284400, R²: 0.7689, MAE: 0.2844
2025-10-12 23:07:38,703 - INFO - training_file - Epoch [20/500], Train Loss: 0.271806, Val Loss: 0.256824, R²: 0.8175, MAE: 0.2568
2025-10-12 23:08:04,680 - INFO - training_file - Epoch [30/500], Train Loss: 0.230520, Val Loss: 0.221420, R²: 0.8489, MAE: 0.2214
2025-10-12 23:08:30,224 - INFO - training_file - Epoch [40/500], Train Loss: 0.209406, Val Loss: 0.215137, R²: 0.8577, MAE: 0.2151
2025-10-12 23:08:55,716 - INFO - training_file - Epoch [50/500], Train Loss: 0.194318, Val Loss: 0.191846, R²: 0.8771, MAE: 0.1918
2025-10-12 23:09:20,876 - INFO - training_file - Epoch [60/500], Train Loss: 0.176592, Val Loss: 0.199404, R²: 0.8782, MAE: 0.1994
2025-10-12 23:09:46,541 - INFO - training_file - Epoch [70/500], Train Loss: 0.156769, Val Loss: 0.170989, R²: 0.8918, MAE: 0.1710
2025-10-12 23:10:12,308 - INFO - training_file - Epoch [80/500], Train Loss: 0.155005, Val Loss: 0.157850, R²: 0.8983, MAE: 0.1578
2025-10-12 23:10:39,640 - INFO - training_file - Epoch [90/500], Train Loss: 0.146792, Val Loss: 0.157275, R²: 0.9010, MAE: 0.1573
2025-10-12 23:11:05,663 - INFO - training_file - 已保存checkpoint: /home/data2/rhj/project/mol_editor/mol_evo/../mol_evo/output/v0/gcn/train-20251012_230616-gap_change_pct-30000-500/checkpoint_epoch_100.pth
2025-10-12 23:11:05,663 - INFO - training_console - 已保存checkpoint: /home/data2/rhj/project/mol_editor/mol_evo/../mol_evo/output/v0/gcn/train-20251012_230616-gap_change_pct-30000-500/checkpoint_epoch_100.pth
2025-10-12 23:11:06,023 - INFO - training_file - Epoch [100/500], Train Loss: 0.133418, Val Loss: 0.146075, R²: 0.8997, MAE: 0.1461
2025-10-12 23:11:31,986 - INFO - training_file - Epoch [110/500], Train Loss: 0.133111, Val Loss: 0.141741, R²: 0.9074, MAE: 0.1417
2025-10-12 23:11:58,601 - INFO - training_file - Epoch [120/500], Train Loss: 0.141298, Val Loss: 0.147072, R²: 0.9043, MAE: 0.1471
2025-10-12 23:12:24,734 - INFO - training_file - Epoch [130/500], Train Loss: 0.105817, Val Loss: 0.123430, R²: 0.9142, MAE: 0.1234
2025-10-12 23:12:50,745 - INFO - training_file - Epoch [140/500], Train Loss: 0.101610, Val Loss: 0.125097, R²: 0.9134, MAE: 0.1251
2025-10-12 23:13:16,828 - INFO - training_file - Epoch [150/500], Train Loss: 0.101088, Val Loss: 0.118559, R²: 0.9166, MAE: 0.1186
2025-10-12 23:13:43,151 - INFO - training_file - Epoch [160/500], Train Loss: 0.086155, Val Loss: 0.112218, R²: 0.9172, MAE: 0.1122
2025-10-12 23:14:09,187 - INFO - training_file - Epoch [170/500], Train Loss: 0.084116, Val Loss: 0.110320, R²: 0.9187, MAE: 0.1103
2025-10-12 23:14:35,695 - INFO - training_file - Epoch [180/500], Train Loss: 0.081147, Val Loss: 0.108140, R²: 0.9193, MAE: 0.1081
2025-10-12 23:15:02,536 - INFO - training_file - Epoch [190/500], Train Loss: 0.079617, Val Loss: 0.110568, R²: 0.9189, MAE: 0.1106
2025-10-12 23:15:28,089 - INFO - training_file - 已保存checkpoint: /home/data2/rhj/project/mol_editor/mol_evo/../mol_evo/output/v0/gcn/train-20251012_230616-gap_change_pct-30000-500/checkpoint_epoch_200.pth
2025-10-12 23:15:28,089 - INFO - training_console - 已保存checkpoint: /home/data2/rhj/project/mol_editor/mol_evo/../mol_evo/output/v0/gcn/train-20251012_230616-gap_change_pct-30000-500/checkpoint_epoch_200.pth
2025-10-12 23:15:28,485 - INFO - training_file - Epoch [200/500], Train Loss: 0.073073, Val Loss: 0.105271, R²: 0.9210, MAE: 0.1053
2025-10-12 23:15:54,695 - INFO - training_file - Epoch [210/500], Train Loss: 0.071960, Val Loss: 0.105264, R²: 0.9203, MAE: 0.1053
2025-10-12 23:16:21,234 - INFO - training_file - Epoch [220/500], Train Loss: 0.068418, Val Loss: 0.104005, R²: 0.9204, MAE: 0.1040
2025-10-12 23:16:47,137 - INFO - training_file - Epoch [230/500], Train Loss: 0.067334, Val Loss: 0.103121, R²: 0.9211, MAE: 0.1031
2025-10-12 23:17:13,554 - INFO - training_file - Epoch [240/500], Train Loss: 0.066685, Val Loss: 0.103540, R²: 0.9207, MAE: 0.1035
2025-10-12 23:17:39,492 - INFO - training_file - Epoch [250/500], Train Loss: 0.065978, Val Loss: 0.103035, R²: 0.9207, MAE: 0.1030
2025-10-12 23:18:06,293 - INFO - training_file - Epoch [260/500], Train Loss: 0.065601, Val Loss: 0.102328, R²: 0.9212, MAE: 0.1023
2025-10-12 23:18:32,638 - INFO - training_file - Epoch [270/500], Train Loss: 0.064920, Val Loss: 0.102576, R²: 0.9210, MAE: 0.1026
2025-10-12 23:18:59,770 - INFO - training_file - Epoch [280/500], Train Loss: 0.064533, Val Loss: 0.102093, R²: 0.9215, MAE: 0.1021
2025-10-12 23:19:26,292 - INFO - training_file - Epoch [290/500], Train Loss: 0.063623, Val Loss: 0.102670, R²: 0.9212, MAE: 0.1027
2025-10-12 23:19:52,080 - INFO - training_file - 已保存checkpoint: /home/data2/rhj/project/mol_editor/mol_evo/../mol_evo/output/v0/gcn/train-20251012_230616-gap_change_pct-30000-500/checkpoint_epoch_300.pth
2025-10-12 23:19:52,080 - INFO - training_console - 已保存checkpoint: /home/data2/rhj/project/mol_editor/mol_evo/../mol_evo/output/v0/gcn/train-20251012_230616-gap_change_pct-30000-500/checkpoint_epoch_300.pth
2025-10-12 23:19:52,395 - INFO - training_file - Epoch [300/500], Train Loss: 0.062294, Val Loss: 0.101565, R²: 0.9214, MAE: 0.1016
2025-10-12 23:20:18,671 - INFO - training_file - Epoch [310/500], Train Loss: 0.061944, Val Loss: 0.101662, R²: 0.9215, MAE: 0.1017
2025-10-12 23:20:45,028 - INFO - training_file - Epoch [320/500], Train Loss: 0.061251, Val Loss: 0.101444, R²: 0.9213, MAE: 0.1014
2025-10-12 23:21:11,161 - INFO - training_file - Epoch [330/500], Train Loss: 0.060964, Val Loss: 0.101269, R²: 0.9213, MAE: 0.1013
2025-10-12 23:21:37,623 - INFO - training_file - Epoch [340/500], Train Loss: 0.060711, Val Loss: 0.101319, R²: 0.9214, MAE: 0.1013
2025-10-12 23:22:03,981 - INFO - training_file - Epoch [350/500], Train Loss: 0.060664, Val Loss: 0.101241, R²: 0.9213, MAE: 0.1012
2025-10-12 23:22:30,277 - INFO - training_file - Epoch [360/500], Train Loss: 0.060139, Val Loss: 0.101265, R²: 0.9214, MAE: 0.1013
2025-10-12 23:22:59,356 - INFO - training_file - Epoch [370/500], Train Loss: 0.059867, Val Loss: 0.101212, R²: 0.9214, MAE: 0.1012
2025-10-12 23:23:25,920 - INFO - training_file - Epoch [380/500], Train Loss: 0.059726, Val Loss: 0.101211, R²: 0.9213, MAE: 0.1012
2025-10-12 23:23:50,480 - INFO - training_file - Epoch [390/500], Train Loss: 0.059647, Val Loss: 0.101193, R²: 0.9213, MAE: 0.1012
2025-10-12 23:24:14,854 - INFO - training_file - 已保存checkpoint: /home/data2/rhj/project/mol_editor/mol_evo/../mol_evo/output/v0/gcn/train-20251012_230616-gap_change_pct-30000-500/checkpoint_epoch_400.pth
2025-10-12 23:24:14,854 - INFO - training_console - 已保存checkpoint: /home/data2/rhj/project/mol_editor/mol_evo/../mol_evo/output/v0/gcn/train-20251012_230616-gap_change_pct-30000-500/checkpoint_epoch_400.pth
2025-10-12 23:24:15,115 - INFO - training_file - Epoch [400/500], Train Loss: 0.059623, Val Loss: 0.101193, R²: 0.9213, MAE: 0.1012
2025-10-12 23:24:40,476 - INFO - training_file - Epoch [410/500], Train Loss: 0.059612, Val Loss: 0.101189, R²: 0.9214, MAE: 0.1012
2025-10-12 23:24:55,286 - INFO - training_file - 早停机制触发，在第 416 轮停止训练
2025-10-12 23:24:55,286 - INFO - training_console - 早停机制触发，在第 416 轮停止训练
2025-10-12 23:24:55,287 - INFO - training_file - 开始训练 (500 轮)...
2025-10-12 23:24:55,287 - INFO - training_console - 开始训练 (500 轮)...
2025-10-12 23:24:56,553 - INFO - training_file - 模型已保存至: /home/data2/rhj/project/mol_editor/mol_evo/../mol_evo/output/v0/gcn/train-20251012_230616-gap_change_pct-30000-500/molecule_evolution_gcn_v0_mu_predictor.pth
2025-10-12 23:24:56,553 - INFO - training_console - 模型已保存至: /home/data2/rhj/project/mol_editor/mol_evo/../mol_evo/output/v0/gcn/train-20251012_230616-gap_change_pct-30000-500/molecule_evolution_gcn_v0_mu_predictor.pth
2025-10-12 23:24:56,553 - INFO - training_file - 
2025-10-12 23:24:56,553 - INFO - training_console - 
2025-10-12 23:24:56,553 - INFO - training_file - ============================================================
2025-10-12 23:24:56,553 - INFO - training_console - ============================================================
2025-10-12 23:24:56,553 - INFO - training_file - 训练完成 - 最终评估结果
2025-10-12 23:24:56,553 - INFO - training_console - 训练完成 - 最终评估结果
2025-10-12 23:24:56,553 - INFO - training_file - ============================================================
2025-10-12 23:24:56,553 - INFO - training_console - ============================================================
2025-10-12 23:24:56,553 - INFO - training_file - 测试集损失: 0.105567
2025-10-12 23:24:56,553 - INFO - training_console - 测试集损失: 0.105567
2025-10-12 23:24:56,554 - INFO - training_file - RMSE: 0.279400
2025-10-12 23:24:56,554 - INFO - training_console - RMSE: 0.279400
2025-10-12 23:24:56,554 - INFO - training_file - MAE: 0.105567
2025-10-12 23:24:56,554 - INFO - training_console - MAE: 0.105567
2025-10-12 23:24:56,554 - INFO - training_file - R²: 0.919874
2025-10-12 23:24:56,554 - INFO - training_console - R²: 0.919874
2025-10-12 23:24:56,554 - INFO - training_file - 
2025-10-12 23:24:56,554 - INFO - training_console - 
2025-10-12 23:24:56,554 - INFO - training_file - 阈值准确率:
2025-10-12 23:24:56,554 - INFO - training_console - 阈值准确率:
2025-10-12 23:24:56,554 - INFO - training_file -   阈值 0.5: 94.93%
2025-10-12 23:24:56,554 - INFO - training_console -   阈值 0.5: 94.93%
2025-10-12 23:24:56,554 - INFO - training_file -   阈值 0.4: 93.66%
2025-10-12 23:24:56,554 - INFO - training_console -   阈值 0.4: 93.66%
2025-10-12 23:24:56,554 - INFO - training_file -   阈值 0.30000000000000004: 92.33%
2025-10-12 23:24:56,554 - INFO - training_console -   阈值 0.30000000000000004: 92.33%
2025-10-12 23:24:56,554 - INFO - training_file -   阈值 0.20000000000000004: 88.99%
2025-10-12 23:24:56,554 - INFO - training_console -   阈值 0.20000000000000004: 88.99%
2025-10-12 23:24:56,554 - INFO - training_file -   阈值 0.10000000000000003: 78.99%
2025-10-12 23:24:56,554 - INFO - training_console -   阈值 0.10000000000000003: 78.99%
2025-10-12 23:24:56,554 - INFO - training_file -   阈值 0.05000000000000002: 67.41%
2025-10-12 23:24:56,554 - INFO - training_console -   阈值 0.05000000000000002: 67.41%
2025-10-12 23:24:56,554 - INFO - training_file -   阈值 0.040000000000000015: 63.01%
2025-10-12 23:24:56,554 - INFO - training_console -   阈值 0.040000000000000015: 63.01%
2025-10-12 23:24:56,554 - INFO - training_file -   阈值 0.030000000000000013: 56.90%
2025-10-12 23:24:56,554 - INFO - training_console -   阈值 0.030000000000000013: 56.90%
2025-10-12 23:24:56,554 - INFO - training_file -   阈值 0.02000000000000001: 47.30%
2025-10-12 23:24:56,554 - INFO - training_console -   阈值 0.02000000000000001: 47.30%
2025-10-12 23:24:56,554 - INFO - training_file - 
2025-10-12 23:24:56,554 - INFO - training_console - 
2025-10-12 23:24:56,554 - INFO - training_file - 训练完成:
2025-10-12 23:24:56,554 - INFO - training_console - 训练完成:
2025-10-12 23:24:56,554 - INFO - training_file -   - 最终训练损失: 0.059597
2025-10-12 23:24:56,554 - INFO - training_console -   - 最终训练损失: 0.059597
2025-10-12 23:24:56,555 - INFO - training_file -   - 最佳验证损失: 0.101111
2025-10-12 23:24:56,555 - INFO - training_console -   - 最佳验证损失: 0.101111
2025-10-12 23:24:56,555 - INFO - training_file -   - 测试损失 (MSE): 0.105567
2025-10-12 23:24:56,555 - INFO - training_console -   - 测试损失 (MSE): 0.105567
2025-10-12 23:24:56,555 - INFO - training_file -   - 测试RMSE: 0.279400
2025-10-12 23:24:56,555 - INFO - training_console -   - 测试RMSE: 0.279400
2025-10-12 23:24:56,555 - INFO - training_file -   - 测试MAE: 0.105567
2025-10-12 23:24:56,555 - INFO - training_console -   - 测试MAE: 0.105567
2025-10-12 23:24:56,555 - INFO - training_file -   - 测试R²: 0.919874
2025-10-12 23:24:56,555 - INFO - training_console -   - 测试R²: 0.919874
2025-10-12 23:24:56,555 - INFO - training_file -   - 测试阈值准确率 (0.5): 0.9493
2025-10-12 23:24:56,555 - INFO - training_console -   - 测试阈值准确率 (0.5): 0.9493
2025-10-12 23:24:56,555 - INFO - training_file -   - 测试阈值准确率 (0.4): 0.9366
2025-10-12 23:24:56,555 - INFO - training_console -   - 测试阈值准确率 (0.4): 0.9366
2025-10-12 23:24:56,555 - INFO - training_file -   - 测试阈值准确率 (0.30000000000000004): 0.9233
2025-10-12 23:24:56,555 - INFO - training_console -   - 测试阈值准确率 (0.30000000000000004): 0.9233
2025-10-12 23:24:56,555 - INFO - training_file -   - 测试阈值准确率 (0.20000000000000004): 0.8899
2025-10-12 23:24:56,555 - INFO - training_console -   - 测试阈值准确率 (0.20000000000000004): 0.8899
2025-10-12 23:24:56,555 - INFO - training_file -   - 测试阈值准确率 (0.10000000000000003): 0.7899
2025-10-12 23:24:56,555 - INFO - training_console -   - 测试阈值准确率 (0.10000000000000003): 0.7899
2025-10-12 23:24:56,555 - INFO - training_file -   - 测试阈值准确率 (0.05000000000000002): 0.6741
2025-10-12 23:24:56,555 - INFO - training_console -   - 测试阈值准确率 (0.05000000000000002): 0.6741
2025-10-12 23:24:56,555 - INFO - training_file -   - 测试阈值准确率 (0.040000000000000015): 0.6301
2025-10-12 23:24:56,555 - INFO - training_console -   - 测试阈值准确率 (0.040000000000000015): 0.6301
2025-10-12 23:24:56,555 - INFO - training_file -   - 测试阈值准确率 (0.030000000000000013): 0.5690
2025-10-12 23:24:56,555 - INFO - training_console -   - 测试阈值准确率 (0.030000000000000013): 0.5690
2025-10-12 23:24:56,555 - INFO - training_file -   - 测试阈值准确率 (0.02000000000000001): 0.4730
2025-10-12 23:24:56,555 - INFO - training_console -   - 测试阈值准确率 (0.02000000000000001): 0.4730
2025-10-12 23:24:56,555 - INFO - training_file -   - 模型已保存到: /home/data2/rhj/project/mol_editor/mol_evo/../mol_evo/output/v0/gcn/train-20251012_230616-gap_change_pct-30000-500/molecule_evolution_gcn_v0_mu_predictor.pth
2025-10-12 23:24:56,555 - INFO - training_console -   - 模型已保存到: /home/data2/rhj/project/mol_editor/mol_evo/../mol_evo/output/v0/gcn/train-20251012_230616-gap_change_pct-30000-500/molecule_evolution_gcn_v0_mu_predictor.pth
