2025-11-23 02:49:56,980 - INFO - ============================================================
2025-11-23 02:49:56,980 - INFO - 数据文件: /home/data2/rhj/project/mol_editor/mol_evo/dataset/data/qm9-evo-pairs-step-1-with-properties-pct.json
2025-11-23 02:49:56,981 - INFO - 最大对数: 12000
2025-11-23 02:49:56,981 - INFO - 训练轮数: 200
2025-11-23 02:49:56,981 - INFO - ============================================================
2025-11-23 02:49:56,981 - INFO - 模型配置已保存到: /home/data2/rhj/project/mol_editor/mol_evo/../mol_evo/output/v0/MoleculeEvolutionVisnetLinearPredictor/train-20251123_024956-gap_change-12000-200/model_config.json
2025-11-23 02:49:56,981 - INFO - 正在构建图数据: /home/data2/rhj/project/mol_editor/mol_evo/dataset/data/qm9-evo-pairs-step-1-with-properties-pct.json
2025-11-23 02:50:01,908 - INFO - 加载缓存文件: /home/data2/rhj/project/mol_editor/mol_evo/core/utils/../../.cache/molecule_graphs/csv_qm9-evo-pairs-step-1-with-properties-pct_4bdaec6cf35b5151.pt，包含 2138 个分子
2025-11-23 02:50:03,870 - INFO - 分子处理统计: 总数=24000, 命中=24000, 未命中=0, 命中率=100.00%
2025-11-23 02:50:04,001 - INFO - --- 训练集样本示例 (头部数据) ---
2025-11-23 02:50:04,002 - INFO -   样本       起始节点数        起始边数         目标节点数        目标边数         边特征             目标属性值          
2025-11-23 02:50:04,002 - INFO -   --------------------------------------------------------------------------------
2025-11-23 02:50:04,003 - INFO -   DEBUG: 边特征维度 = 16
2025-11-23 02:50:04,004 - INFO -   DEBUG: 第一个样本的边特征值 = [0.0, 0.0, 1.0, 0.0, 0.0, 0.0, 0.0, 0.0, 0.0, 0.0, 0.0, 0.0, 0.0, 0.0, 0.0, 1.0]
2025-11-23 02:50:04,004 - INFO -   DEBUG: 原子类型数量 = 4, 操作类型数量 = 12
2025-11-23 02:50:04,004 - INFO -   DEBUG: 边特征总长度 = 16
2025-11-23 02:50:04,005 - INFO -   DEBUG: 原子类型one-hot编码 = [0.0, 0.0, 1.0, 0.0]
2025-11-23 02:50:04,005 - INFO -   DEBUG: 操作类型one-hot编码 = [0.0, 0.0, 0.0, 0.0, 0.0, 0.0, 0.0, 0.0, 0.0, 0.0, 0.0, 1.0]
2025-11-23 02:50:04,005 - INFO -   DEBUG: 原子类型列表 = ['C', 'F', 'N', 'O']
2025-11-23 02:50:04,006 - INFO -   DEBUG: 操作类型列表 = ['add_atom', 'add_stereo', 'form_double_bond', 'form_double_ring', 'form_ring', 'form_triple_bond', 'remove_add_stereo', 'remove_form_double_bond', 'remove_form_double_ring', 'remove_form_ring', 'remove_form_triple_bond', 'replace_atom']
2025-11-23 02:50:04,006 - INFO -   1        5            8            4            6            [0.0, 0.0, 1.   -3.647323      
2025-11-23 02:50:04,006 - INFO -   2        5            8            3            4            [0.0, 0.0, 0.   -3.168651      
2025-11-23 02:50:04,007 - INFO -   3        4            6            5            8            [1.0, 0.0, 0.   3.661280       
2025-11-23 02:50:04,007 - INFO -   --------------------------------------------------------------------------------
2025-11-23 02:50:04,007 - INFO - 
数据构建完成:
2025-11-23 02:50:04,008 - INFO -   项目                   值                   
2025-11-23 02:50:04,008 - INFO -   ---------------------------------------- --------------------
2025-11-23 02:50:04,008 - INFO -   样本数                  12000               
2025-11-23 02:50:04,008 - INFO -   节点特征维度               11                  
2025-11-23 02:50:04,009 - INFO -   边特征维度                16                  
2025-11-23 02:50:04,009 - INFO -   目标属性变化维度             1                   
2025-11-23 02:50:04,011 - INFO - 数据集划分完成:
2025-11-23 02:50:04,012 - INFO -   - 训练集: 9600 (80.0%)
2025-11-23 02:50:04,012 - INFO -   - 验证集: 1200 (10.0%)
2025-11-23 02:50:04,012 - INFO -   - 测试集: 1200 (10.0%)
2025-11-23 02:50:04,024 - INFO - 数据集索引已保存到: /home/data2/rhj/project/mol_editor/mol_evo/dataset/data/dataset_indices/indices_20251123_025004_seed42.json
2025-11-23 02:50:04,047 - INFO - 更新模型边特征维度: 11 -> 16
2025-11-23 02:50:04,151 - INFO - 正在创建模型...
2025-11-23 02:50:04,153 - INFO - 模型参数数量: 4451725
2025-11-23 02:50:04,153 - INFO - 使用设备: cuda
2025-11-23 02:50:05,897 - INFO - 开始训练 (200 轮)...
2025-11-23 02:52:00,530 - INFO - Epoch [10/200], Train Loss: 0.398728, Val Loss: 0.396870, R²: 0.7197, MAE: 0.3969
2025-11-23 02:53:48,877 - INFO - Epoch [20/200], Train Loss: 0.210912, Val Loss: 0.200498, R²: 0.9135, MAE: 0.2005
2025-11-23 02:55:36,385 - INFO - Epoch [30/200], Train Loss: 0.129933, Val Loss: 0.119907, R²: 0.9594, MAE: 0.1199
2025-11-23 02:57:24,485 - INFO - Epoch [40/200], Train Loss: 0.123442, Val Loss: 0.176679, R²: 0.9451, MAE: 0.1767
2025-11-23 02:59:10,792 - INFO - Epoch [50/200], Train Loss: 0.069623, Val Loss: 0.079228, R²: 0.9767, MAE: 0.0792
2025-11-23 03:00:57,956 - INFO - Epoch [60/200], Train Loss: 0.055921, Val Loss: 0.069030, R²: 0.9788, MAE: 0.0690
2025-11-23 03:02:45,716 - INFO - Epoch [70/200], Train Loss: 0.047960, Val Loss: 0.064352, R²: 0.9796, MAE: 0.0644
2025-11-23 03:04:32,876 - INFO - Epoch [80/200], Train Loss: 0.045723, Val Loss: 0.063167, R²: 0.9801, MAE: 0.0632
2025-11-23 03:06:19,441 - INFO - Epoch [90/200], Train Loss: 0.044320, Val Loss: 0.061648, R²: 0.9804, MAE: 0.0616
2025-11-23 03:08:07,432 - INFO - Epoch [100/200], Train Loss: 0.043132, Val Loss: 0.060979, R²: 0.9805, MAE: 0.0610
2025-11-23 03:09:55,000 - INFO - Epoch [110/200], Train Loss: 0.042392, Val Loss: 0.060075, R²: 0.9808, MAE: 0.0601
2025-11-23 03:11:42,892 - INFO - Epoch [120/200], Train Loss: 0.041220, Val Loss: 0.059411, R²: 0.9809, MAE: 0.0594
2025-11-23 03:13:29,829 - INFO - Epoch [130/200], Train Loss: 0.040841, Val Loss: 0.058976, R²: 0.9811, MAE: 0.0590
2025-11-23 03:15:17,685 - INFO - Epoch [140/200], Train Loss: 0.040432, Val Loss: 0.058681, R²: 0.9812, MAE: 0.0587
2025-11-23 03:17:03,022 - INFO - Epoch [150/200], Train Loss: 0.039973, Val Loss: 0.058292, R²: 0.9813, MAE: 0.0583
2025-11-23 03:18:49,438 - INFO - Epoch [160/200], Train Loss: 0.039647, Val Loss: 0.057915, R²: 0.9814, MAE: 0.0579
2025-11-23 03:20:36,499 - INFO - Epoch [170/200], Train Loss: 0.039288, Val Loss: 0.057893, R²: 0.9815, MAE: 0.0579
2025-11-23 03:22:23,835 - INFO - Epoch [180/200], Train Loss: 0.039043, Val Loss: 0.057443, R²: 0.9815, MAE: 0.0574
2025-11-23 03:24:11,701 - INFO - Epoch [190/200], Train Loss: 0.038645, Val Loss: 0.057275, R²: 0.9816, MAE: 0.0573
2025-11-23 03:25:58,847 - INFO - Epoch [200/200], Train Loss: 0.038382, Val Loss: 0.056937, R²: 0.9818, MAE: 0.0569
2025-11-23 03:25:58,848 - INFO - 开始训练 (200 轮)...
2025-11-23 03:26:00,465 - INFO - 模型已保存至: /home/data2/rhj/project/mol_editor/mol_evo/../mol_evo/output/v0/MoleculeEvolutionVisnetLinearPredictor/train-20251123_024956-gap_change-12000-200/last.pth
2025-11-23 03:26:00,465 - INFO - 
2025-11-23 03:26:00,465 - INFO - ============================================================
2025-11-23 03:26:00,465 - INFO - 训练完成 - 最终评估结果
2025-11-23 03:26:00,465 - INFO - ============================================================
2025-11-23 03:26:00,465 - INFO - 测试集损失: 0.060234
2025-11-23 03:26:00,465 - INFO - RMSE: 0.151428
2025-11-23 03:26:00,465 - INFO - MAE: 0.060234
2025-11-23 03:26:00,465 - INFO - R²: 0.975901
2025-11-23 03:26:00,466 - INFO - PCC: 0.987894
2025-11-23 03:26:00,466 - INFO - Rank Loss: 0.371636
2025-11-23 03:26:00,466 - INFO - 
2025-11-23 03:26:00,466 - INFO - 阈值准确率:
2025-11-23 03:26:00,466 - INFO -   阈值 0.5: 98.67%
2025-11-23 03:26:00,466 - INFO -   阈值 0.4: 98.00%
2025-11-23 03:26:00,466 - INFO -   阈值 0.30000000000000004: 96.58%
2025-11-23 03:26:00,466 - INFO -   阈值 0.20000000000000004: 91.25%
2025-11-23 03:26:00,466 - INFO -   阈值 0.10000000000000003: 82.25%
2025-11-23 03:26:00,466 - INFO -   阈值 0.05000000000000002: 72.50%
2025-11-23 03:26:00,466 - INFO -   阈值 0.040000000000000015: 68.67%
2025-11-23 03:26:00,466 - INFO -   阈值 0.030000000000000013: 64.33%
2025-11-23 03:26:00,466 - INFO -   阈值 0.02000000000000001: 59.92%
2025-11-23 03:26:00,466 - INFO -   阈值 0.01000000000000001: 51.42%
2025-11-23 03:26:00,466 - INFO -   阈值 0.005000000000000005: 42.25%
2025-11-23 03:26:00,466 - INFO - 
2025-11-23 03:26:00,466 - INFO - 训练完成:
2025-11-23 03:26:00,466 - INFO -   - 最终训练损失: 0.038382
2025-11-23 03:26:00,466 - INFO -   - 最佳验证损失: 0.056762
2025-11-23 03:26:00,466 - INFO -   - 测试损失 (MSE): 0.060234
2025-11-23 03:26:00,466 - INFO -   - 测试RMSE: 0.151428
2025-11-23 03:26:00,466 - INFO -   - 测试MAE: 0.060234
2025-11-23 03:26:00,466 - INFO -   - 测试R²: 0.975901
2025-11-23 03:26:00,466 - INFO -   - 测试PCC: 0.987894
2025-11-23 03:26:00,467 - INFO -   - 测试Rank Loss: 0.371636
2025-11-23 03:26:00,467 - INFO -   - 测试阈值准确率 (0.5): 0.9867
2025-11-23 03:26:00,467 - INFO -   - 测试阈值准确率 (0.4): 0.9800
2025-11-23 03:26:00,467 - INFO -   - 测试阈值准确率 (0.30000000000000004): 0.9658
2025-11-23 03:26:00,467 - INFO -   - 测试阈值准确率 (0.20000000000000004): 0.9125
2025-11-23 03:26:00,467 - INFO -   - 测试阈值准确率 (0.10000000000000003): 0.8225
2025-11-23 03:26:00,467 - INFO -   - 测试阈值准确率 (0.05000000000000002): 0.7250
2025-11-23 03:26:00,467 - INFO -   - 测试阈值准确率 (0.040000000000000015): 0.6867
2025-11-23 03:26:00,467 - INFO -   - 测试阈值准确率 (0.030000000000000013): 0.6433
2025-11-23 03:26:00,467 - INFO -   - 测试阈值准确率 (0.02000000000000001): 0.5992
2025-11-23 03:26:00,467 - INFO -   - 测试阈值准确率 (0.01000000000000001): 0.5142
2025-11-23 03:26:00,467 - INFO -   - 测试阈值准确率 (0.005000000000000005): 0.4225
2025-11-23 03:26:00,467 - INFO -   - 模型已保存到: /home/data2/rhj/project/mol_editor/mol_evo/../mol_evo/output/v0/MoleculeEvolutionVisnetLinearPredictor/train-20251123_024956-gap_change-12000-200/last.pth
2025-11-23 03:26:00,467 - INFO - 训练结果已保存到: /home/data2/rhj/project/mol_editor/mol_evo/../mol_evo/output/v0/MoleculeEvolutionVisnetLinearPredictor/train-20251123_024956-gap_change-12000-200/training_results.json
2025-11-23 03:26:00,467 - INFO - 模型目录: /home/data2/rhj/project/mol_editor/mol_evo/../mol_evo/output/v0/MoleculeEvolutionVisnetLinearPredictor/train-20251123_024956-gap_change-12000-200
