2025-10-15 03:52:12,440 - INFO - ============================================================
2025-10-15 03:52:12,440 - INFO - 数据文件: mol_evo/dataset/data/qm9-evo-pairs-step-1-with-properties-pct.csv
2025-10-15 03:52:12,440 - INFO - 最大对数: 30000
2025-10-15 03:52:12,440 - INFO - 训练轮数: 500
2025-10-15 03:52:12,440 - INFO - ============================================================
2025-10-15 03:52:12,440 - INFO - 正在构建图数据: mol_evo/dataset/data/qm9-evo-pairs-step-1-with-properties-pct.csv
2025-10-15 03:52:14,157 - INFO - 加载缓存文件: /home/data2/rhj/project/mol_editor/mol_evo/core/utils/../../.cache/molecule_graphs/csv_qm9-evo-pairs-step-1-with-properties-pct_3cbb45cc1ac9202d.pt，包含 1994 个分子
2025-10-15 03:52:42,304 - INFO - 分子处理统计: 总数=60000, 命中=59967, 未命中=33, 命中率=99.94%
2025-10-15 03:52:42,330 - INFO - --- 训练集样本示例 (头部数据) ---
2025-10-15 03:52:42,330 - INFO -   样本       起始节点数        起始边数         目标节点数        目标边数         边特征             目标属性值          
2025-10-15 03:52:42,330 - INFO -   --------------------------------------------------------------------------------
2025-10-15 03:52:42,330 - INFO -   1        5            8            8            14           [1.0, 0.0, 0.   0.023518       
2025-10-15 03:52:42,330 - INFO -   2        3            4            6            10           [1.0, 0.0, 0.   -0.273184      
2025-10-15 03:52:42,331 - INFO -   3        4            6            11           20           [1.0, 0.0, 0.   0.077970       
2025-10-15 03:52:42,331 - INFO -   --------------------------------------------------------------------------------
2025-10-15 03:52:42,331 - INFO - 
数据构建完成:
2025-10-15 03:52:42,331 - INFO -   项目                   值                   
2025-10-15 03:52:42,331 - INFO -   ----------------------------------------
2025-10-15 03:52:42,331 - INFO -   样本数                  29967               
2025-10-15 03:52:42,331 - INFO -   节点特征维度               11                  
2025-10-15 03:52:42,331 - INFO -   边特征维度                11                  
2025-10-15 03:52:42,331 - INFO -   目标属性变化维度             1                   
2025-10-15 03:52:42,333 - INFO - 数据集划分完成:
2025-10-15 03:52:42,334 - INFO -   - 训练集: 23973 (80.0%)
2025-10-15 03:52:42,334 - INFO -   - 验证集: 2996 (10.0%)
2025-10-15 03:52:42,334 - INFO -   - 测试集: 2998 (10.0%)
2025-10-15 03:52:42,414 - INFO - 正在创建模型...
2025-10-15 03:52:42,414 - INFO - 模型参数数量: 1369985
2025-10-15 03:52:42,414 - INFO - 使用设备: cuda
2025-10-15 03:53:06,321 - INFO - Epoch [10/500], Train Loss: 0.568404, Val Loss: 0.572008, R²: 0.3049, MAE: 0.5720
2025-10-15 03:53:30,112 - INFO - Epoch [20/500], Train Loss: 0.546512, Val Loss: 0.549350, R²: 0.3391, MAE: 0.5493
2025-10-15 03:53:53,837 - INFO - Epoch [30/500], Train Loss: 0.528888, Val Loss: 0.540460, R²: 0.3541, MAE: 0.5405
2025-10-15 03:54:17,462 - INFO - Epoch [40/500], Train Loss: 0.518989, Val Loss: 0.522790, R²: 0.3685, MAE: 0.5228
2025-10-15 03:54:41,096 - INFO - Epoch [50/500], Train Loss: 0.513239, Val Loss: 0.514518, R²: 0.3741, MAE: 0.5145
2025-10-15 03:55:04,534 - INFO - Epoch [60/500], Train Loss: 0.500834, Val Loss: 0.507942, R²: 0.3914, MAE: 0.5079
2025-10-15 03:55:27,869 - INFO - Epoch [70/500], Train Loss: 0.497126, Val Loss: 0.502606, R²: 0.3967, MAE: 0.5026
2025-10-15 03:55:51,558 - INFO - Epoch [80/500], Train Loss: 0.487986, Val Loss: 0.494340, R²: 0.4016, MAE: 0.4943
2025-10-15 03:56:15,138 - INFO - Epoch [90/500], Train Loss: 0.491208, Val Loss: 0.493301, R²: 0.4072, MAE: 0.4933
2025-10-15 03:56:38,889 - INFO - 已保存checkpoint: /home/data2/rhj/project/mol_editor/mol_evo/../mol_evo/output/v0/gcn_transformer_linear/train-20251015_035212-mu_change-30000-500/checkpoint_epoch_100.pth
2025-10-15 03:56:39,096 - INFO - Epoch [100/500], Train Loss: 0.486610, Val Loss: 0.491297, R²: 0.4088, MAE: 0.4913
2025-10-15 03:57:02,811 - INFO - Epoch [110/500], Train Loss: 0.482537, Val Loss: 0.490175, R²: 0.4082, MAE: 0.4902
2025-10-15 03:57:26,276 - INFO - Epoch [120/500], Train Loss: 0.481518, Val Loss: 0.483494, R²: 0.4199, MAE: 0.4835
2025-10-15 03:57:49,723 - INFO - Epoch [130/500], Train Loss: 0.479834, Val Loss: 0.483219, R²: 0.4213, MAE: 0.4832
2025-10-15 03:58:13,142 - INFO - Epoch [140/500], Train Loss: 0.487627, Val Loss: 0.482903, R²: 0.4275, MAE: 0.4829
2025-10-15 03:58:36,097 - INFO - Epoch [150/500], Train Loss: 0.465629, Val Loss: 0.472975, R²: 0.4307, MAE: 0.4730
2025-10-15 03:58:59,411 - INFO - Epoch [160/500], Train Loss: 0.463139, Val Loss: 0.481330, R²: 0.4345, MAE: 0.4813
2025-10-15 03:59:22,962 - INFO - Epoch [170/500], Train Loss: 0.470178, Val Loss: 0.470442, R²: 0.4392, MAE: 0.4704
2025-10-15 03:59:47,287 - INFO - Epoch [180/500], Train Loss: 0.458665, Val Loss: 0.466313, R²: 0.4433, MAE: 0.4663
2025-10-15 04:00:11,045 - INFO - Epoch [190/500], Train Loss: 0.454220, Val Loss: 0.476354, R²: 0.4446, MAE: 0.4764
2025-10-15 04:00:34,810 - INFO - 已保存checkpoint: /home/data2/rhj/project/mol_editor/mol_evo/../mol_evo/output/v0/gcn_transformer_linear/train-20251015_035212-mu_change-30000-500/checkpoint_epoch_200.pth
2025-10-15 04:00:35,017 - INFO - Epoch [200/500], Train Loss: 0.451214, Val Loss: 0.462336, R²: 0.4551, MAE: 0.4623
2025-10-15 04:00:58,613 - INFO - Epoch [210/500], Train Loss: 0.457785, Val Loss: 0.472092, R²: 0.4416, MAE: 0.4721
2025-10-15 04:01:22,143 - INFO - Epoch [220/500], Train Loss: 0.445306, Val Loss: 0.455098, R²: 0.4596, MAE: 0.4551
2025-10-15 04:01:45,525 - INFO - Epoch [230/500], Train Loss: 0.442320, Val Loss: 0.461954, R²: 0.4566, MAE: 0.4620
2025-10-15 04:02:08,682 - INFO - Epoch [240/500], Train Loss: 0.441585, Val Loss: 0.448485, R²: 0.4681, MAE: 0.4485
2025-10-15 04:02:32,121 - INFO - Epoch [250/500], Train Loss: 0.439306, Val Loss: 0.451447, R²: 0.4727, MAE: 0.4514
2025-10-15 04:02:55,763 - INFO - Epoch [260/500], Train Loss: 0.435135, Val Loss: 0.445008, R²: 0.4741, MAE: 0.4450
2025-10-15 04:03:19,492 - INFO - Epoch [270/500], Train Loss: 0.435043, Val Loss: 0.445251, R²: 0.4707, MAE: 0.4453
2025-10-15 04:03:43,239 - INFO - Epoch [280/500], Train Loss: 0.431747, Val Loss: 0.442063, R²: 0.4813, MAE: 0.4421
2025-10-15 04:04:07,214 - INFO - Epoch [290/500], Train Loss: 0.430189, Val Loss: 0.440856, R²: 0.4826, MAE: 0.4409
2025-10-15 04:04:30,846 - INFO - 已保存checkpoint: /home/data2/rhj/project/mol_editor/mol_evo/../mol_evo/output/v0/gcn_transformer_linear/train-20251015_035212-mu_change-30000-500/checkpoint_epoch_300.pth
2025-10-15 04:04:31,046 - INFO - Epoch [300/500], Train Loss: 0.428355, Val Loss: 0.441946, R²: 0.4827, MAE: 0.4419
2025-10-15 04:04:54,881 - INFO - Epoch [310/500], Train Loss: 0.425165, Val Loss: 0.438923, R²: 0.4856, MAE: 0.4389
2025-10-15 04:05:18,843 - INFO - Epoch [320/500], Train Loss: 0.428284, Val Loss: 0.437793, R²: 0.4842, MAE: 0.4378
2025-10-15 04:05:42,506 - INFO - Epoch [330/500], Train Loss: 0.432298, Val Loss: 0.440263, R²: 0.4895, MAE: 0.4403
2025-10-15 04:06:06,164 - INFO - Epoch [340/500], Train Loss: 0.421351, Val Loss: 0.432925, R²: 0.4904, MAE: 0.4329
2025-10-15 04:06:29,810 - INFO - Epoch [350/500], Train Loss: 0.421270, Val Loss: 0.435109, R²: 0.4898, MAE: 0.4351
2025-10-15 04:06:49,193 - INFO - 警告: 在第 359 轮检测到NaN或inf损失值，停止训练
2025-10-15 04:06:49,412 - INFO - 警告: 在第 359 轮检测到NaN或inf验证损失值，停止训练
2025-10-15 04:06:49,484 - INFO - 警告: 在第 360 轮检测到NaN或inf损失值，停止训练
2025-10-15 04:06:49,699 - INFO - 警告: 在第 360 轮检测到NaN或inf验证损失值，停止训练
2025-10-15 04:06:49,700 - INFO - Epoch [360/500], Train Loss: 0.000000, Val Loss: nan, R²: nan, MAE: nan
2025-10-15 04:06:49,770 - INFO - 警告: 在第 361 轮检测到NaN或inf损失值，停止训练
2025-10-15 04:06:49,969 - INFO - 警告: 在第 361 轮检测到NaN或inf验证损失值，停止训练
2025-10-15 04:06:50,037 - INFO - 警告: 在第 362 轮检测到NaN或inf损失值，停止训练
2025-10-15 04:06:50,246 - INFO - 警告: 在第 362 轮检测到NaN或inf验证损失值，停止训练
2025-10-15 04:06:50,323 - INFO - 警告: 在第 363 轮检测到NaN或inf损失值，停止训练
2025-10-15 04:06:50,674 - INFO - 警告: 在第 363 轮检测到NaN或inf验证损失值，停止训练
2025-10-15 04:06:50,747 - INFO - 警告: 在第 364 轮检测到NaN或inf损失值，停止训练
2025-10-15 04:06:50,967 - INFO - 警告: 在第 364 轮检测到NaN或inf验证损失值，停止训练
2025-10-15 04:06:51,035 - INFO - 警告: 在第 365 轮检测到NaN或inf损失值，停止训练
2025-10-15 04:06:51,242 - INFO - 警告: 在第 365 轮检测到NaN或inf验证损失值，停止训练
2025-10-15 04:06:51,310 - INFO - 警告: 在第 366 轮检测到NaN或inf损失值，停止训练
2025-10-15 04:06:51,514 - INFO - 警告: 在第 366 轮检测到NaN或inf验证损失值，停止训练
2025-10-15 04:06:51,581 - INFO - 警告: 在第 367 轮检测到NaN或inf损失值，停止训练
2025-10-15 04:06:51,780 - INFO - 警告: 在第 367 轮检测到NaN或inf验证损失值，停止训练
2025-10-15 04:06:51,855 - INFO - 警告: 在第 368 轮检测到NaN或inf损失值，停止训练
2025-10-15 04:06:52,059 - INFO - 警告: 在第 368 轮检测到NaN或inf验证损失值，停止训练
2025-10-15 04:06:52,154 - INFO - 警告: 在第 369 轮检测到NaN或inf损失值，停止训练
2025-10-15 04:06:52,377 - INFO - 警告: 在第 369 轮检测到NaN或inf验证损失值，停止训练
2025-10-15 04:06:52,447 - INFO - 警告: 在第 370 轮检测到NaN或inf损失值，停止训练
2025-10-15 04:06:52,659 - INFO - 警告: 在第 370 轮检测到NaN或inf验证损失值，停止训练
2025-10-15 04:06:52,670 - INFO - Epoch [370/500], Train Loss: 0.000000, Val Loss: nan, R²: nan, MAE: nan
2025-10-15 04:06:52,739 - INFO - 警告: 在第 371 轮检测到NaN或inf损失值，停止训练
2025-10-15 04:06:52,951 - INFO - 警告: 在第 371 轮检测到NaN或inf验证损失值，停止训练
2025-10-15 04:06:53,018 - INFO - 警告: 在第 372 轮检测到NaN或inf损失值，停止训练
2025-10-15 04:06:53,226 - INFO - 警告: 在第 372 轮检测到NaN或inf验证损失值，停止训练
2025-10-15 04:06:53,304 - INFO - 警告: 在第 373 轮检测到NaN或inf损失值，停止训练
2025-10-15 04:06:53,504 - INFO - 警告: 在第 373 轮检测到NaN或inf验证损失值，停止训练
2025-10-15 04:06:53,595 - INFO - 警告: 在第 374 轮检测到NaN或inf损失值，停止训练
2025-10-15 04:06:53,918 - INFO - 警告: 在第 374 轮检测到NaN或inf验证损失值，停止训练
2025-10-15 04:06:53,985 - INFO - 警告: 在第 375 轮检测到NaN或inf损失值，停止训练
2025-10-15 04:06:54,197 - INFO - 警告: 在第 375 轮检测到NaN或inf验证损失值，停止训练
2025-10-15 04:06:54,278 - INFO - 警告: 在第 376 轮检测到NaN或inf损失值，停止训练
2025-10-15 04:06:54,491 - INFO - 警告: 在第 376 轮检测到NaN或inf验证损失值，停止训练
2025-10-15 04:06:54,559 - INFO - 警告: 在第 377 轮检测到NaN或inf损失值，停止训练
2025-10-15 04:06:54,764 - INFO - 警告: 在第 377 轮检测到NaN或inf验证损失值，停止训练
2025-10-15 04:06:54,851 - INFO - 警告: 在第 378 轮检测到NaN或inf损失值，停止训练
2025-10-15 04:06:55,042 - INFO - 警告: 在第 378 轮检测到NaN或inf验证损失值，停止训练
2025-10-15 04:06:55,112 - INFO - 警告: 在第 379 轮检测到NaN或inf损失值，停止训练
2025-10-15 04:06:55,343 - INFO - 警告: 在第 379 轮检测到NaN或inf验证损失值，停止训练
2025-10-15 04:06:55,438 - INFO - 警告: 在第 380 轮检测到NaN或inf损失值，停止训练
2025-10-15 04:06:55,625 - INFO - 警告: 在第 380 轮检测到NaN或inf验证损失值，停止训练
2025-10-15 04:06:55,627 - INFO - Epoch [380/500], Train Loss: 0.000000, Val Loss: nan, R²: nan, MAE: nan
2025-10-15 04:06:55,711 - INFO - 警告: 在第 381 轮检测到NaN或inf损失值，停止训练
2025-10-15 04:06:55,938 - INFO - 警告: 在第 381 轮检测到NaN或inf验证损失值，停止训练
2025-10-15 04:06:56,005 - INFO - 警告: 在第 382 轮检测到NaN或inf损失值，停止训练
2025-10-15 04:06:56,221 - INFO - 警告: 在第 382 轮检测到NaN或inf验证损失值，停止训练
2025-10-15 04:06:56,309 - INFO - 警告: 在第 383 轮检测到NaN或inf损失值，停止训练
2025-10-15 04:06:56,521 - INFO - 警告: 在第 383 轮检测到NaN或inf验证损失值，停止训练
2025-10-15 04:06:56,592 - INFO - 警告: 在第 384 轮检测到NaN或inf损失值，停止训练
2025-10-15 04:06:56,843 - INFO - 警告: 在第 384 轮检测到NaN或inf验证损失值，停止训练
2025-10-15 04:06:56,918 - INFO - 警告: 在第 385 轮检测到NaN或inf损失值，停止训练
2025-10-15 04:06:57,138 - INFO - 警告: 在第 385 轮检测到NaN或inf验证损失值，停止训练
2025-10-15 04:06:57,328 - INFO - 警告: 在第 386 轮检测到NaN或inf损失值，停止训练
2025-10-15 04:06:57,579 - INFO - 警告: 在第 386 轮检测到NaN或inf验证损失值，停止训练
2025-10-15 04:06:57,645 - INFO - 警告: 在第 387 轮检测到NaN或inf损失值，停止训练
2025-10-15 04:06:57,861 - INFO - 警告: 在第 387 轮检测到NaN或inf验证损失值，停止训练
2025-10-15 04:06:57,927 - INFO - 警告: 在第 388 轮检测到NaN或inf损失值，停止训练
2025-10-15 04:06:58,143 - INFO - 警告: 在第 388 轮检测到NaN或inf验证损失值，停止训练
2025-10-15 04:06:58,212 - INFO - 警告: 在第 389 轮检测到NaN或inf损失值，停止训练
2025-10-15 04:06:58,426 - INFO - 警告: 在第 389 轮检测到NaN或inf验证损失值，停止训练
2025-10-15 04:06:58,493 - INFO - 警告: 在第 390 轮检测到NaN或inf损失值，停止训练
2025-10-15 04:06:58,718 - INFO - 警告: 在第 390 轮检测到NaN或inf验证损失值，停止训练
2025-10-15 04:06:58,728 - INFO - Epoch [390/500], Train Loss: 0.000000, Val Loss: nan, R²: nan, MAE: nan
2025-10-15 04:06:58,798 - INFO - 警告: 在第 391 轮检测到NaN或inf损失值，停止训练
2025-10-15 04:06:58,990 - INFO - 警告: 在第 391 轮检测到NaN或inf验证损失值，停止训练
2025-10-15 04:06:59,067 - INFO - 警告: 在第 392 轮检测到NaN或inf损失值，停止训练
2025-10-15 04:06:59,288 - INFO - 警告: 在第 392 轮检测到NaN或inf验证损失值，停止训练
2025-10-15 04:06:59,355 - INFO - 警告: 在第 393 轮检测到NaN或inf损失值，停止训练
2025-10-15 04:06:59,568 - INFO - 警告: 在第 393 轮检测到NaN或inf验证损失值，停止训练
2025-10-15 04:06:59,634 - INFO - 警告: 在第 394 轮检测到NaN或inf损失值，停止训练
2025-10-15 04:06:59,836 - INFO - 警告: 在第 394 轮检测到NaN或inf验证损失值，停止训练
2025-10-15 04:06:59,903 - INFO - 警告: 在第 395 轮检测到NaN或inf损失值，停止训练
2025-10-15 04:07:00,133 - INFO - 警告: 在第 395 轮检测到NaN或inf验证损失值，停止训练
2025-10-15 04:07:00,210 - INFO - 警告: 在第 396 轮检测到NaN或inf损失值，停止训练
2025-10-15 04:07:00,549 - INFO - 警告: 在第 396 轮检测到NaN或inf验证损失值，停止训练
2025-10-15 04:07:00,621 - INFO - 警告: 在第 397 轮检测到NaN或inf损失值，停止训练
2025-10-15 04:07:00,813 - INFO - 警告: 在第 397 轮检测到NaN或inf验证损失值，停止训练
2025-10-15 04:07:00,911 - INFO - 警告: 在第 398 轮检测到NaN或inf损失值，停止训练
2025-10-15 04:07:01,137 - INFO - 警告: 在第 398 轮检测到NaN或inf验证损失值，停止训练
2025-10-15 04:07:01,204 - INFO - 警告: 在第 399 轮检测到NaN或inf损失值，停止训练
2025-10-15 04:07:01,390 - INFO - 警告: 在第 399 轮检测到NaN或inf验证损失值，停止训练
2025-10-15 04:07:01,473 - INFO - 警告: 在第 400 轮检测到NaN或inf损失值，停止训练
2025-10-15 04:07:01,508 - INFO - 已保存checkpoint: /home/data2/rhj/project/mol_editor/mol_evo/../mol_evo/output/v0/gcn_transformer_linear/train-20251015_035212-mu_change-30000-500/checkpoint_epoch_400.pth
2025-10-15 04:07:01,751 - INFO - 警告: 在第 400 轮检测到NaN或inf验证损失值，停止训练
2025-10-15 04:07:01,756 - INFO - Epoch [400/500], Train Loss: 0.000000, Val Loss: nan, R²: nan, MAE: nan
2025-10-15 04:07:01,832 - INFO - 警告: 在第 401 轮检测到NaN或inf损失值，停止训练
2025-10-15 04:07:02,049 - INFO - 警告: 在第 401 轮检测到NaN或inf验证损失值，停止训练
2025-10-15 04:07:02,135 - INFO - 警告: 在第 402 轮检测到NaN或inf损失值，停止训练
2025-10-15 04:07:02,358 - INFO - 警告: 在第 402 轮检测到NaN或inf验证损失值，停止训练
2025-10-15 04:07:02,434 - INFO - 警告: 在第 403 轮检测到NaN或inf损失值，停止训练
2025-10-15 04:07:02,638 - INFO - 警告: 在第 403 轮检测到NaN或inf验证损失值，停止训练
2025-10-15 04:07:02,639 - INFO - 早停机制触发，在第 403 轮停止训练
2025-10-15 04:07:02,640 - INFO - 开始训练 (500 轮)...
2025-10-15 04:07:03,838 - INFO - 模型已保存至: /home/data2/rhj/project/mol_editor/mol_evo/../mol_evo/output/v0/gcn_transformer_linear/train-20251015_035212-mu_change-30000-500/last.pth
2025-10-15 04:07:03,838 - INFO - 
2025-10-15 04:07:03,838 - INFO - ============================================================
2025-10-15 04:07:03,838 - INFO - 训练完成 - 最终评估结果
2025-10-15 04:07:03,838 - INFO - ============================================================
2025-10-15 04:07:03,839 - INFO - 测试集损失: nan
2025-10-15 04:07:03,839 - INFO - RMSE: nan
2025-10-15 04:07:03,839 - INFO - MAE: nan
2025-10-15 04:07:03,839 - INFO - R²: nan
2025-10-15 04:07:03,839 - INFO - PCC: nan
2025-10-15 04:07:03,839 - INFO - Rank Loss: nan
2025-10-15 04:07:03,839 - INFO - 
2025-10-15 04:07:03,839 - INFO - 阈值准确率:
2025-10-15 04:07:03,839 - INFO -   阈值 0.5: 0.00%
2025-10-15 04:07:03,839 - INFO - 
2025-10-15 04:07:03,839 - INFO - 训练完成:
2025-10-15 04:07:03,839 - INFO -   - 最终训练损失: 0.000000
2025-10-15 04:07:03,839 - INFO -   - 最佳验证损失: 0.431886
2025-10-15 04:07:03,839 - INFO -   - 测试损失 (MSE): nan
2025-10-15 04:07:03,839 - INFO -   - 测试RMSE: nan
2025-10-15 04:07:03,839 - INFO -   - 测试MAE: nan
2025-10-15 04:07:03,839 - INFO -   - 测试R²: nan
2025-10-15 04:07:03,839 - INFO -   - 测试PCC: nan
2025-10-15 04:07:03,839 - INFO -   - 测试Rank Loss: nan
2025-10-15 04:07:03,839 - INFO -   - 测试阈值准确率 (0.5): 0.0000
2025-10-15 04:07:03,839 - INFO -   - 模型已保存到: /home/data2/rhj/project/mol_editor/mol_evo/../mol_evo/output/v0/gcn_transformer_linear/train-20251015_035212-mu_change-30000-500/last.pth
