2025-10-22 05:37:45,318 - INFO - ============================================================
2025-10-22 05:37:45,318 - INFO - 数据文件: mol_evo/dataset/data/qm9-evo-pairs-step-1-with-properties-pct.csv
2025-10-22 05:37:45,318 - INFO - 最大对数: 30000
2025-10-22 05:37:45,318 - INFO - 训练轮数: 500
2025-10-22 05:37:45,318 - INFO - ============================================================
2025-10-22 05:37:45,318 - INFO - 正在构建图数据: mol_evo/dataset/data/qm9-evo-pairs-step-1-with-properties-pct.csv
2025-10-22 05:37:45,854 - INFO - 加载缓存文件: /home/data2/rhj/project/mol_editor/mol_evo/core/utils/../../.cache/molecule_graphs/csv_qm9-evo-pairs-step-1-with-properties-pct_3cbb45cc1ac9202d.pt，包含 1994 个分子
2025-10-22 05:37:50,361 - WARNING - 跳过第25871行分子对: [H]O/N=C(\C([H])([H])[H])C([H])([H])C(C([H])([H])[H])(C([H])([H])[H])C([H])([H])[H] -> [H]ONC1C([H])([H])[C@]23C([H])([H])[C@]([H])(C2([H])[H])[C@@]13[H] (数据为None)
2025-10-22 05:37:51,163 - WARNING - 跳过第25984行分子对: [H]O/N=C(/C([H])([H])C([H])([H])[H])C(C([H])([H])[H])(C([H])([H])[H])C([H])([H])[H] -> [H]ONC1C([H])([H])[C@]23C([H])([H])[C@]([H])(C2([H])[H])[C@@]13[H] (数据为None)
2025-10-22 05:37:51,959 - WARNING - 跳过第26175行分子对: [H]O/N=C(\C([H])([H])[H])C(C([H])([H])[H])(C([H])([H])[H])C([H])([H])C([H])([H])[H] -> [H]ONC1C([H])([H])[C@]23C([H])([H])[C@]([H])(C2([H])[H])[C@@]13[H] (数据为None)
2025-10-22 05:37:52,817 - WARNING - 跳过第26431行分子对: [H]O/N=C(\C([H])([H])[H])C([H])([H])C([H])([H])C([H])(C([H])([H])[H])C([H])([H])[H] -> [H]ONC1C([H])([H])[C@]23C([H])([H])[C@]([H])(C2([H])[H])[C@@]13[H] (数据为None)
2025-10-22 05:37:53,620 - WARNING - 跳过第26530行分子对: [H]ONC1C(C([H])([H])[H])(C([H])([H])[H])C([H])([H])[C@]1([H])C([H])([H])[H] -> [H]ONC1C([H])([H])[C@]23C([H])([H])[C@]([H])(C2([H])[H])[C@@]13[H] (数据为None)
2025-10-22 05:37:54,430 - WARNING - 跳过第26630行分子对: [H]ONC1C([H])=C([H])C(C([H])([H])[H])(C([H])([H])[H])C1([H])[H] -> [H]ONC1C([H])([H])[C@]23C([H])([H])[C@]([H])(C2([H])[H])[C@@]13[H] (数据为None)
2025-10-22 05:37:55,231 - WARNING - 跳过第26691行分子对: [H]ONC1C([H])([H])C([H])([H])C(C([H])([H])[H])(C([H])([H])[H])C1([H])[H] -> [H]ONC1C([H])([H])[C@]23C([H])([H])[C@]([H])(C2([H])[H])[C@@]13[H] (数据为None)
2025-10-22 05:37:56,028 - WARNING - 跳过第26895行分子对: [H]O/N=C(\C([H])([H])C([H])([H])[H])C([H])([H])C([H])(C([H])([H])[H])C([H])([H])[H] -> [H]ONC1C([H])([H])[C@]23C([H])([H])[C@]([H])(C2([H])[H])[C@@]13[H] (数据为None)
2025-10-22 05:37:56,832 - WARNING - 跳过第27044行分子对: [H]C#C[C@]1(C([H])([H])[H])C([H])([H])[C@@H](NO[H])C1([H])[H] -> [H]ONC1C([H])([H])[C@]23C([H])([H])[C@]([H])(C2([H])[H])[C@@]13[H] (数据为None)
2025-10-22 05:37:57,630 - WARNING - 跳过第27152行分子对: [H]ON[C@H]1C([H])([H])[C@](C([H])([H])[H])(C([H])([H])C([H])([H])[H])C1([H])[H] -> [H]ONC1C([H])([H])[C@]23C([H])([H])[C@]([H])(C2([H])[H])[C@@]13[H] (数据为None)
2025-10-22 05:37:58,414 - WARNING - 跳过第27266行分子对: [H]O/N=C(\C([H])([H])[H])C([H])([H])C1(C([H])([H])[H])C([H])([H])C1([H])[H] -> [H]ONC1C([H])([H])[C@]23C([H])([H])[C@]([H])(C2([H])[H])[C@@]13[H] (数据为None)
2025-10-22 05:37:59,240 - WARNING - 跳过第27714行分子对: [H]O/N=C(\C([H])([H])[H])C([H])([H])C([H])([H])C([H])([H])C([H])([H])C([H])([H])[H] -> [H]ONC1C([H])([H])[C@]23C([H])([H])[C@]([H])(C2([H])[H])[C@@]13[H] (数据为None)
2025-10-22 05:38:00,003 - WARNING - 跳过第27835行分子对: [H]ONC1C([H])([H])C([H])=C([H])C1(C([H])([H])[H])C([H])([H])[H] -> [H]ONC1C([H])([H])[C@]23C([H])([H])[C@]([H])(C2([H])[H])[C@@]13[H] (数据为None)
2025-10-22 05:38:00,769 - WARNING - 跳过第27878行分子对: [H]ONC1=C([H])[C-]([H])C([H])([H])C1(C([H])([H])[H])C([H])([H])[H] -> [H]ONC1C([H])([H])[C@]23C([H])([H])[C@]([H])(C2([H])[H])[C@@]13[H] (数据为None)
2025-10-22 05:38:01,519 - WARNING - 跳过第27924行分子对: [H]ONC1C([H])([H])C([H])([H])C([H])([H])C1(C([H])([H])[H])C([H])([H])[H] -> [H]ONC1C([H])([H])[C@]23C([H])([H])[C@]([H])(C2([H])[H])[C@@]13[H] (数据为None)
2025-10-22 05:38:02,316 - WARNING - 跳过第28107行分子对: [H]ON=C(C([H])([H])C([H])([H])C([H])([H])[H])C([H])([H])C([H])([H])C([H])([H])[H] -> [H]ONC1C([H])([H])[C@]23C([H])([H])[C@]([H])(C2([H])[H])[C@@]13[H] (数据为None)
2025-10-22 05:38:03,122 - WARNING - 跳过第28312行分子对: [H]O/N=C(/C([H])([H])C([H])([H])C([H])([H])[H])C([H])(C([H])([H])[H])C([H])([H])[H] -> [H]ONC1C([H])([H])[C@]23C([H])([H])[C@]([H])(C2([H])[H])[C@@]13[H] (数据为None)
2025-10-22 05:38:03,939 - WARNING - 跳过第28519行分子对: [H]ON=C(C([H])(C([H])([H])[H])C([H])([H])[H])C([H])(C([H])([H])[H])C([H])([H])[H] -> [H]ONC1C([H])([H])[C@]23C([H])([H])[C@]([H])(C2([H])[H])[C@@]13[H] (数据为None)
2025-10-22 05:38:04,736 - WARNING - 跳过第28649行分子对: [H]O/N=C(\C([H])([H])[H])C1(C([H])([H])[H])C([H])([H])C([H])([H])C1([H])[H] -> [H]ONC1C([H])([H])[C@]23C([H])([H])[C@]([H])(C2([H])[H])[C@@]13[H] (数据为None)
2025-10-22 05:38:05,537 - WARNING - 跳过第28853行分子对: [H]ON[C@H]1C([H])([H])[C@]([H])(C([H])(C([H])([H])[H])C([H])([H])[H])C1([H])[H] -> [H]ONC1C([H])([H])[C@]23C([H])([H])[C@]([H])(C2([H])[H])[C@@]13[H] (数据为None)
2025-10-22 05:38:06,292 - WARNING - 跳过第28960行分子对: [H]O/N=C(\C([H])([H])[H])[C@]1([H])C([H])([H])[C@@]([H])(C([H])([H])[H])C1([H])[H] -> [H]ONC1C([H])([H])[C@]23C([H])([H])[C@]([H])(C2([H])[H])[C@@]13[H] (数据为None)
2025-10-22 05:38:07,076 - WARNING - 跳过第29052行分子对: [H]ONC1C([H])=C(C([H])([H])[H])C([H])([H])C([H])([H])C1([H])[H] -> [H]ONC1C([H])([H])[C@]23C([H])([H])[C@]([H])(C2([H])[H])[C@@]13[H] (数据为None)
2025-10-22 05:38:07,832 - WARNING - 跳过第29115行分子对: [H]ONC1C([H])([H])C(C([H])([H])[H])=C([H])C([H])([H])C1([H])[H] -> [H]ONC1C([H])([H])[C@]23C([H])([H])[C@]([H])(C2([H])[H])[C@@]13[H] (数据为None)
2025-10-22 05:38:08,642 - WARNING - 跳过第29191行分子对: [H]ONC1C([H])([H])C([H])([H])C([H])([H])[C@]([H])(C([H])([H])[H])C1([H])[H] -> [H]ONC1C([H])([H])[C@]23C([H])([H])[C@]([H])(C2([H])[H])[C@@]13[H] (数据为None)
2025-10-22 05:38:09,411 - WARNING - 跳过第29259行分子对: [H]ONC1C([H])([H])C(C([H])([H])[H])=C(C([H])([H])[H])C1([H])[H] -> [H]ONC1C([H])([H])[C@]23C([H])([H])[C@]([H])(C2([H])[H])[C@@]13[H] (数据为None)
2025-10-22 05:38:10,197 - WARNING - 跳过第29362行分子对: [H]ONC1C([H])([H])C(C([H])([H])[H])=C([H])[C@]1([H])C([H])([H])[H] -> [H]ONC1C([H])([H])[C@]23C([H])([H])[C@]([H])(C2([H])[H])[C@@]13[H] (数据为None)
2025-10-22 05:38:10,707 - WARNING - 跳过第29437行分子对: [H][N-]C1O[C@]([H])(C([H])([H])[H])C(NO[H])C1([H])[H] -> [H]ONC1C([H])([H])[C@]23C([H])([H])[N@@H+](C2([H])[H])[C@@]13[H] (数据为None)
2025-10-22 05:38:11,491 - WARNING - 跳过第29554行分子对: [H]ONC1C([H])([H])[C@]2([H])C([H])([H])[C@@]1(C([H])([H])[H])C2([H])[H] -> [H]ONC1C([H])([H])[C@]23C([H])([H])[C@]([H])(C2([H])[H])[C@@]13[H] (数据为None)
2025-10-22 05:38:12,269 - WARNING - 跳过第29644行分子对: [H]O/N=C(\C([H])([H])[H])C([H])([H])C1([H])C([H])([H])C([H])([H])C1([H])[H] -> [H]ONC1C([H])([H])[C@]23C([H])([H])[C@]([H])(C2([H])[H])[C@@]13[H] (数据为None)
2025-10-22 05:38:13,016 - WARNING - 跳过第29737行分子对: [H]C#CC([H])([H])[C@]1([H])C([H])([H])[C@@H](NO[H])C1([H])[H] -> [H]ONC1C([H])([H])[C@]23C([H])([H])[C@]([H])(C2([H])[H])[C@@]13[H] (数据为None)
2025-10-22 05:38:13,795 - WARNING - 跳过第29820行分子对: [H]ON[C@H]1C([H])([H])[C@]([H])(C#CC([H])([H])[H])C1([H])[H] -> [H]ONC1C([H])([H])[C@]23C([H])([H])[C@]([H])(C2([H])[H])[C@@]13[H] (数据为None)
2025-10-22 05:38:14,569 - WARNING - 跳过第29860行分子对: [H]ON[C@H]1C([H])([H])[C@]([H])(C([H])([H])C([H])([H])C([H])([H])[H])C1([H])[H] -> [H]ONC1C([H])([H])[C@]23C([H])([H])[C@]([H])(C2([H])[H])[C@@]13[H] (数据为None)
2025-10-22 05:38:15,339 - WARNING - 跳过第29968行分子对: [H]ONC1C([H])([H])C2(C1([H])[H])C([H])([H])C([H])([H])C2([H])[H] -> [H]ONC1C([H])([H])[C@]23C([H])([H])[C@]([H])(C2([H])[H])[C@@]13[H] (数据为None)
2025-10-22 05:38:15,392 - INFO - 分子处理统计: 总数=60000, 命中=59967, 未命中=33, 命中率=99.94%
2025-10-22 05:38:15,416 - INFO - --- 训练集样本示例 (头部数据) ---
2025-10-22 05:38:15,416 - INFO -   样本       起始节点数        起始边数         目标节点数        目标边数         边特征             目标属性值          
2025-10-22 05:38:15,416 - INFO -   --------------------------------------------------------------------------------
2025-10-22 05:38:15,416 - INFO -   1        5            8            8            14           [1.0, 0.0, 0.   0.023518       
2025-10-22 05:38:15,417 - INFO -   2        3            4            6            10           [1.0, 0.0, 0.   -0.273184      
2025-10-22 05:38:15,417 - INFO -   3        4            6            11           20           [1.0, 0.0, 0.   0.077970       
2025-10-22 05:38:15,417 - INFO -   --------------------------------------------------------------------------------
2025-10-22 05:38:15,417 - INFO - 
数据构建完成:
2025-10-22 05:38:15,417 - INFO -   项目                   值                   
2025-10-22 05:38:15,417 - INFO -   ---------------------------------------- --------------------
2025-10-22 05:38:15,417 - INFO -   样本数                  29967               
2025-10-22 05:38:15,417 - INFO -   节点特征维度               11                  
2025-10-22 05:38:15,417 - INFO -   边特征维度                11                  
2025-10-22 05:38:15,417 - INFO -   目标属性变化维度             1                   
2025-10-22 05:38:15,419 - INFO - 数据集划分完成:
2025-10-22 05:38:15,419 - INFO -   - 训练集: 23973 (80.0%)
2025-10-22 05:38:15,420 - INFO -   - 验证集: 2996 (10.0%)
2025-10-22 05:38:15,420 - INFO -   - 测试集: 2998 (10.0%)
2025-10-22 05:38:24,416 - INFO - 正在创建模型...
2025-10-22 05:38:24,419 - INFO - 模型参数数量: 5776775
2025-10-22 05:38:24,419 - INFO - 使用设备: cuda
2025-10-22 05:55:59,180 - INFO - Epoch [10/500], Train Loss: 0.258778, Val Loss: 0.225920, R²: 0.8048, MAE: 0.2259
2025-10-22 06:13:32,865 - INFO - Epoch [20/500], Train Loss: 0.169817, Val Loss: 0.144178, R²: 0.9030, MAE: 0.1442
2025-10-22 06:31:05,855 - INFO - Epoch [30/500], Train Loss: 0.127343, Val Loss: 0.115250, R²: 0.9304, MAE: 0.1152
2025-10-22 06:48:46,612 - INFO - Epoch [40/500], Train Loss: 0.111922, Val Loss: 0.108501, R²: 0.9420, MAE: 0.1085
2025-10-22 07:06:19,079 - INFO - Epoch [50/500], Train Loss: 0.094729, Val Loss: 0.094580, R²: 0.9521, MAE: 0.0946
2025-10-22 07:23:51,256 - INFO - Epoch [60/500], Train Loss: 0.084146, Val Loss: 0.083305, R²: 0.9574, MAE: 0.0833
2025-10-22 07:54:12,923 - INFO - Epoch [70/500], Train Loss: 0.079916, Val Loss: 0.073235, R²: 0.9626, MAE: 0.0732
2025-10-22 08:28:25,902 - INFO - Epoch [80/500], Train Loss: 0.075356, Val Loss: 0.093771, R²: 0.9581, MAE: 0.0938
2025-10-22 09:02:22,622 - INFO - Epoch [90/500], Train Loss: 0.059225, Val Loss: 0.068068, R²: 0.9643, MAE: 0.0681
2025-10-22 09:36:02,118 - INFO - 已保存checkpoint: /home/data2/rhj/project/mol_editor/mol_evo/../mol_evo/output/v0/equiformer_linear_linear/train-20251022_053745-mu_change-30000-500/checkpoint_epoch_100.pth
2025-10-22 09:36:10,601 - INFO - Epoch [100/500], Train Loss: 0.054700, Val Loss: 0.058105, R²: 0.9672, MAE: 0.0581
2025-10-22 10:10:08,393 - INFO - Epoch [110/500], Train Loss: 0.052164, Val Loss: 0.055846, R²: 0.9698, MAE: 0.0558
2025-10-22 10:43:26,707 - INFO - Epoch [120/500], Train Loss: 0.050174, Val Loss: 0.052312, R²: 0.9706, MAE: 0.0523
2025-10-22 11:16:50,068 - INFO - Epoch [130/500], Train Loss: 0.049568, Val Loss: 0.050392, R²: 0.9712, MAE: 0.0504
2025-10-22 11:50:03,168 - INFO - Epoch [140/500], Train Loss: 0.042359, Val Loss: 0.047485, R²: 0.9715, MAE: 0.0475
2025-10-22 12:22:57,405 - INFO - Epoch [150/500], Train Loss: 0.040773, Val Loss: 0.044473, R²: 0.9725, MAE: 0.0445
2025-10-22 12:56:06,413 - INFO - Epoch [160/500], Train Loss: 0.039825, Val Loss: 0.046192, R²: 0.9723, MAE: 0.0462
2025-10-22 13:29:28,327 - INFO - Epoch [170/500], Train Loss: 0.037162, Val Loss: 0.044071, R²: 0.9723, MAE: 0.0441
2025-10-22 14:02:57,300 - INFO - Epoch [180/500], Train Loss: 0.036236, Val Loss: 0.042075, R²: 0.9729, MAE: 0.0421
2025-10-22 14:36:14,505 - INFO - Epoch [190/500], Train Loss: 0.035072, Val Loss: 0.042416, R²: 0.9725, MAE: 0.0424
2025-10-22 15:09:36,408 - INFO - 已保存checkpoint: /home/data2/rhj/project/mol_editor/mol_evo/../mol_evo/output/v0/equiformer_linear_linear/train-20251022_053745-mu_change-30000-500/checkpoint_epoch_200.pth
2025-10-22 15:09:44,301 - INFO - Epoch [200/500], Train Loss: 0.034846, Val Loss: 0.042995, R²: 0.9725, MAE: 0.0430
2025-10-22 15:43:06,079 - INFO - Epoch [210/500], Train Loss: 0.033785, Val Loss: 0.040363, R²: 0.9731, MAE: 0.0404
2025-10-22 16:16:36,443 - INFO - Epoch [220/500], Train Loss: 0.033521, Val Loss: 0.039105, R²: 0.9736, MAE: 0.0391
2025-10-22 16:50:16,136 - INFO - Epoch [230/500], Train Loss: 0.032611, Val Loss: 0.037542, R²: 0.9737, MAE: 0.0375
2025-10-22 17:24:19,439 - INFO - Epoch [240/500], Train Loss: 0.032356, Val Loss: 0.040443, R²: 0.9733, MAE: 0.0404
2025-10-22 17:58:52,417 - INFO - Epoch [250/500], Train Loss: 0.032244, Val Loss: 0.039642, R²: 0.9734, MAE: 0.0396
2025-10-22 18:32:58,925 - INFO - Epoch [260/500], Train Loss: 0.032215, Val Loss: 0.038645, R²: 0.9734, MAE: 0.0386
2025-10-22 19:06:56,989 - INFO - Epoch [270/500], Train Loss: 0.031875, Val Loss: 0.039103, R²: 0.9734, MAE: 0.0391
2025-10-22 19:42:14,166 - INFO - 早停机制触发，在第 280 轮停止训练
2025-10-22 19:42:14,182 - INFO - 开始训练 (500 轮)...
2025-10-22 19:42:23,514 - INFO - 模型已保存至: /home/data2/rhj/project/mol_editor/mol_evo/../mol_evo/output/v0/equiformer_linear_linear/train-20251022_053745-mu_change-30000-500/last.pth
2025-10-22 19:42:23,514 - INFO - 
2025-10-22 19:42:23,514 - INFO - ============================================================
2025-10-22 19:42:23,515 - INFO - 训练完成 - 最终评估结果
2025-10-22 19:42:23,515 - INFO - ============================================================
2025-10-22 19:42:23,515 - INFO - 测试集损失: 0.038714
2025-10-22 19:42:23,515 - INFO - RMSE: 0.133378
2025-10-22 19:42:23,515 - INFO - MAE: 0.038714
2025-10-22 19:42:23,515 - INFO - R²: 0.980311
2025-10-22 19:42:23,515 - INFO - PCC: 0.990554
2025-10-22 19:42:23,515 - INFO - Rank Loss: 0.314285
2025-10-22 19:42:23,515 - INFO - 
2025-10-22 19:42:23,515 - INFO - 阈值准确率:
2025-10-22 19:42:23,515 - INFO -   阈值 0.5: 98.93%
2025-10-22 19:42:23,515 - INFO -   阈值 0.4: 98.50%
2025-10-22 19:42:23,515 - INFO -   阈值 0.30000000000000004: 97.90%
2025-10-22 19:42:23,515 - INFO -   阈值 0.20000000000000004: 96.66%
2025-10-22 19:42:23,515 - INFO -   阈值 0.10000000000000003: 93.66%
2025-10-22 19:42:23,515 - INFO -   阈值 0.05000000000000002: 86.42%
2025-10-22 19:42:23,515 - INFO -   阈值 0.040000000000000015: 83.19%
2025-10-22 19:42:23,515 - INFO -   阈值 0.030000000000000013: 76.82%
2025-10-22 19:42:23,515 - INFO -   阈值 0.02000000000000001: 65.88%
2025-10-22 19:42:23,515 - INFO -   阈值 0.01000000000000001: 44.50%
2025-10-22 19:42:23,515 - INFO - 
2025-10-22 19:42:23,515 - INFO - 训练完成:
2025-10-22 19:42:23,516 - INFO -   - 最终训练损失: 0.031728
2025-10-22 19:42:23,516 - INFO -   - 最佳验证损失: 0.037542
2025-10-22 19:42:23,516 - INFO -   - 测试损失 (MSE): 0.038714
2025-10-22 19:42:23,516 - INFO -   - 测试RMSE: 0.133378
2025-10-22 19:42:23,516 - INFO -   - 测试MAE: 0.038714
2025-10-22 19:42:23,516 - INFO -   - 测试R²: 0.980311
2025-10-22 19:42:23,516 - INFO -   - 测试PCC: 0.990554
2025-10-22 19:42:23,516 - INFO -   - 测试Rank Loss: 0.314285
2025-10-22 19:42:23,516 - INFO -   - 测试阈值准确率 (0.5): 0.9893
2025-10-22 19:42:23,516 - INFO -   - 测试阈值准确率 (0.4): 0.9850
2025-10-22 19:42:23,516 - INFO -   - 测试阈值准确率 (0.30000000000000004): 0.9790
2025-10-22 19:42:23,516 - INFO -   - 测试阈值准确率 (0.20000000000000004): 0.9666
2025-10-22 19:42:23,516 - INFO -   - 测试阈值准确率 (0.10000000000000003): 0.9366
2025-10-22 19:42:23,516 - INFO -   - 测试阈值准确率 (0.05000000000000002): 0.8642
2025-10-22 19:42:23,516 - INFO -   - 测试阈值准确率 (0.040000000000000015): 0.8319
2025-10-22 19:42:23,516 - INFO -   - 测试阈值准确率 (0.030000000000000013): 0.7682
2025-10-22 19:42:23,516 - INFO -   - 测试阈值准确率 (0.02000000000000001): 0.6588
2025-10-22 19:42:23,516 - INFO -   - 测试阈值准确率 (0.01000000000000001): 0.4450
2025-10-22 19:42:23,516 - INFO -   - 模型已保存到: /home/data2/rhj/project/mol_editor/mol_evo/../mol_evo/output/v0/equiformer_linear_linear/train-20251022_053745-mu_change-30000-500/last.pth
