2025-11-22 22:46:08,711 - INFO - ============================================================
2025-11-22 22:46:08,711 - INFO - 数据文件: /home/data2/rhj/project/mol_editor/mol_evo/dataset/data/qm9-evo-pairs-step-1-with-properties-pct.json
2025-11-22 22:46:08,711 - INFO - 最大对数: 12000
2025-11-22 22:46:08,711 - INFO - 训练轮数: 200
2025-11-22 22:46:08,711 - INFO - ============================================================
2025-11-22 22:46:08,712 - INFO - 模型配置已保存到: /home/data2/rhj/project/mol_editor/mol_evo/../mol_evo/output/v0/MoleculeEvolutionVisnetLinearPredictor/train-20251122_224608-lumo_change_pct-12000-200/model_config.json
2025-11-22 22:46:08,712 - INFO - 正在构建图数据: /home/data2/rhj/project/mol_editor/mol_evo/dataset/data/qm9-evo-pairs-step-1-with-properties-pct.json
2025-11-22 22:46:12,593 - INFO - 加载缓存文件: /home/data2/rhj/project/mol_editor/mol_evo/core/utils/../../.cache/molecule_graphs/csv_qm9-evo-pairs-step-1-with-properties-pct_4bdaec6cf35b5151.pt，包含 2138 个分子
2025-11-22 22:46:14,641 - INFO - 分子处理统计: 总数=24000, 命中=24000, 未命中=0, 命中率=100.00%
2025-11-22 22:46:14,679 - INFO - --- 训练集样本示例 (头部数据) ---
2025-11-22 22:46:14,679 - INFO -   样本       起始节点数        起始边数         目标节点数        目标边数         边特征             目标属性值          
2025-11-22 22:46:14,679 - INFO -   --------------------------------------------------------------------------------
2025-11-22 22:46:14,689 - INFO -   DEBUG: 边特征维度 = 16
2025-11-22 22:46:14,689 - INFO -   DEBUG: 第一个样本的边特征值 = [0.0, 0.0, 1.0, 0.0, 0.0, 0.0, 0.0, 0.0, 0.0, 0.0, 0.0, 0.0, 0.0, 0.0, 0.0, 1.0]
2025-11-22 22:46:14,689 - INFO -   DEBUG: 原子类型数量 = 4, 操作类型数量 = 12
2025-11-22 22:46:14,689 - INFO -   DEBUG: 边特征总长度 = 16
2025-11-22 22:46:14,689 - INFO -   DEBUG: 原子类型one-hot编码 = [0.0, 0.0, 1.0, 0.0]
2025-11-22 22:46:14,689 - INFO -   DEBUG: 操作类型one-hot编码 = [0.0, 0.0, 0.0, 0.0, 0.0, 0.0, 0.0, 0.0, 0.0, 0.0, 0.0, 1.0]
2025-11-22 22:46:14,689 - INFO -   DEBUG: 原子类型列表 = ['C', 'F', 'N', 'O']
2025-11-22 22:46:14,689 - INFO -   DEBUG: 操作类型列表 = ['add_atom', 'add_stereo', 'form_double_bond', 'form_double_ring', 'form_ring', 'form_triple_bond', 'remove_add_stereo', 'remove_form_double_bond', 'remove_form_double_ring', 'remove_form_ring', 'remove_form_triple_bond', 'replace_atom']
2025-11-22 22:46:14,689 - INFO -   1        5            8            4            6            [0.0, 0.0, 1.   0.021272       
2025-11-22 22:46:14,689 - INFO -   2        5            8            3            4            [0.0, 0.0, 0.   -0.007769      
2025-11-22 22:46:14,689 - INFO -   3        4            6            5            8            [1.0, 0.0, 0.   0.190012       
2025-11-22 22:46:14,690 - INFO -   --------------------------------------------------------------------------------
2025-11-22 22:46:14,690 - INFO - 
数据构建完成:
2025-11-22 22:46:14,690 - INFO -   项目                   值                   
2025-11-22 22:46:14,690 - INFO -   ---------------------------------------- --------------------
2025-11-22 22:46:14,690 - INFO -   样本数                  12000               
2025-11-22 22:46:14,690 - INFO -   节点特征维度               11                  
2025-11-22 22:46:14,690 - INFO -   边特征维度                16                  
2025-11-22 22:46:14,690 - INFO -   目标属性变化维度             1                   
2025-11-22 22:46:14,691 - INFO - 数据集划分完成:
2025-11-22 22:46:14,692 - INFO -   - 训练集: 9600 (80.0%)
2025-11-22 22:46:14,692 - INFO -   - 验证集: 1200 (10.0%)
2025-11-22 22:46:14,692 - INFO -   - 测试集: 1200 (10.0%)
2025-11-22 22:46:14,703 - INFO - 数据集索引已保存到: /home/data2/rhj/project/mol_editor/mol_evo/dataset/data/dataset_indices/indices_20251122_224614_seed42.json
2025-11-22 22:46:14,871 - INFO - 更新模型边特征维度: 11 -> 16
2025-11-22 22:46:14,979 - INFO - 正在创建模型...
2025-11-22 22:46:14,980 - INFO - 模型参数数量: 4451725
2025-11-22 22:46:14,980 - INFO - 使用设备: cuda
2025-11-22 22:46:17,418 - INFO - 开始训练 (200 轮)...
2025-11-22 22:48:22,018 - INFO - Epoch [10/200], Train Loss: 0.312533, Val Loss: 0.268345, R²: 0.0799, MAE: 0.2683
2025-11-22 22:50:18,608 - INFO - Epoch [20/200], Train Loss: 0.207184, Val Loss: 0.170142, R²: 0.4353, MAE: 0.1701
2025-11-22 22:52:10,435 - INFO - Epoch [30/200], Train Loss: 0.144900, Val Loss: 0.116092, R²: 0.5514, MAE: 0.1161
2025-11-22 22:54:11,194 - INFO - Epoch [40/200], Train Loss: 0.114452, Val Loss: 0.104739, R²: 0.5573, MAE: 0.1047
2025-11-22 22:56:11,612 - INFO - Epoch [50/200], Train Loss: 0.076622, Val Loss: 0.075467, R²: 0.5239, MAE: 0.0755
2025-11-22 22:58:09,519 - INFO - Epoch [60/200], Train Loss: 0.070280, Val Loss: 0.070502, R²: 0.5783, MAE: 0.0705
2025-11-22 23:00:02,802 - INFO - Epoch [70/200], Train Loss: 0.059067, Val Loss: 0.078060, R²: 0.4314, MAE: 0.0781
2025-11-22 23:02:03,267 - INFO - Epoch [80/200], Train Loss: 0.044283, Val Loss: 0.071345, R²: 0.4065, MAE: 0.0713
2025-11-22 23:04:08,207 - INFO - Epoch [90/200], Train Loss: 0.042733, Val Loss: 0.070268, R²: 0.4489, MAE: 0.0703
2025-11-22 23:06:07,121 - INFO - Epoch [100/200], Train Loss: 0.042309, Val Loss: 0.071160, R²: 0.4008, MAE: 0.0712
2025-11-22 23:08:15,290 - INFO - Epoch [110/200], Train Loss: 0.041563, Val Loss: 0.070306, R²: 0.4333, MAE: 0.0703
2025-11-22 23:09:42,980 - INFO - 早停机制触发，在第 117 轮停止训练
2025-11-22 23:09:42,988 - INFO - 开始训练 (200 轮)...
2025-11-22 23:09:44,718 - INFO - 模型已保存至: /home/data2/rhj/project/mol_editor/mol_evo/../mol_evo/output/v0/MoleculeEvolutionVisnetLinearPredictor/train-20251122_224608-lumo_change_pct-12000-200/last.pth
2025-11-22 23:09:44,718 - INFO - 
2025-11-22 23:09:44,718 - INFO - ============================================================
2025-11-22 23:09:44,718 - INFO - 训练完成 - 最终评估结果
2025-11-22 23:09:44,718 - INFO - ============================================================
2025-11-22 23:09:44,718 - INFO - 测试集损失: 0.080056
2025-11-22 23:09:44,718 - INFO - RMSE: 0.831469
2025-11-22 23:09:44,718 - INFO - MAE: 0.080056
2025-11-22 23:09:44,718 - INFO - R²: 0.440678
2025-11-22 23:09:44,718 - INFO - PCC: 0.670148
2025-11-22 23:09:44,718 - INFO - Rank Loss: 0.640922
2025-11-22 23:09:44,718 - INFO - 
2025-11-22 23:09:44,718 - INFO - 阈值准确率:
2025-11-22 23:09:44,718 - INFO -   阈值 0.5: 98.00%
2025-11-22 23:09:44,719 - INFO -   阈值 0.4: 97.50%
2025-11-22 23:09:44,719 - INFO -   阈值 0.30000000000000004: 97.00%
2025-11-22 23:09:44,719 - INFO -   阈值 0.20000000000000004: 95.25%
2025-11-22 23:09:44,719 - INFO -   阈值 0.10000000000000003: 91.50%
2025-11-22 23:09:44,719 - INFO -   阈值 0.05000000000000002: 84.67%
2025-11-22 23:09:44,719 - INFO -   阈值 0.040000000000000015: 81.50%
2025-11-22 23:09:44,719 - INFO -   阈值 0.030000000000000013: 77.08%
2025-11-22 23:09:44,719 - INFO -   阈值 0.02000000000000001: 69.67%
2025-11-22 23:09:44,719 - INFO -   阈值 0.01000000000000001: 55.42%
2025-11-22 23:09:44,719 - INFO -   阈值 0.005000000000000005: 41.67%
2025-11-22 23:09:44,719 - INFO - 
2025-11-22 23:09:44,719 - INFO - 训练完成:
2025-11-22 23:09:44,719 - INFO -   - 最终训练损失: 0.041182
2025-11-22 23:09:44,719 - INFO -   - 最佳验证损失: 0.066067
2025-11-22 23:09:44,719 - INFO -   - 测试损失 (MSE): 0.080056
2025-11-22 23:09:44,719 - INFO -   - 测试RMSE: 0.831469
2025-11-22 23:09:44,719 - INFO -   - 测试MAE: 0.080056
2025-11-22 23:09:44,719 - INFO -   - 测试R²: 0.440678
2025-11-22 23:09:44,719 - INFO -   - 测试PCC: 0.670148
2025-11-22 23:09:44,719 - INFO -   - 测试Rank Loss: 0.640922
2025-11-22 23:09:44,719 - INFO -   - 测试阈值准确率 (0.5): 0.9800
2025-11-22 23:09:44,719 - INFO -   - 测试阈值准确率 (0.4): 0.9750
2025-11-22 23:09:44,719 - INFO -   - 测试阈值准确率 (0.30000000000000004): 0.9700
2025-11-22 23:09:44,719 - INFO -   - 测试阈值准确率 (0.20000000000000004): 0.9525
2025-11-22 23:09:44,720 - INFO -   - 测试阈值准确率 (0.10000000000000003): 0.9150
2025-11-22 23:09:44,720 - INFO -   - 测试阈值准确率 (0.05000000000000002): 0.8467
2025-11-22 23:09:44,720 - INFO -   - 测试阈值准确率 (0.040000000000000015): 0.8150
2025-11-22 23:09:44,720 - INFO -   - 测试阈值准确率 (0.030000000000000013): 0.7708
2025-11-22 23:09:44,720 - INFO -   - 测试阈值准确率 (0.02000000000000001): 0.6967
2025-11-22 23:09:44,720 - INFO -   - 测试阈值准确率 (0.01000000000000001): 0.5542
2025-11-22 23:09:44,720 - INFO -   - 测试阈值准确率 (0.005000000000000005): 0.4167
2025-11-22 23:09:44,720 - INFO -   - 模型已保存到: /home/data2/rhj/project/mol_editor/mol_evo/../mol_evo/output/v0/MoleculeEvolutionVisnetLinearPredictor/train-20251122_224608-lumo_change_pct-12000-200/last.pth
2025-11-22 23:09:44,720 - INFO - 训练结果已保存到: /home/data2/rhj/project/mol_editor/mol_evo/../mol_evo/output/v0/MoleculeEvolutionVisnetLinearPredictor/train-20251122_224608-lumo_change_pct-12000-200/training_results.json
2025-11-22 23:09:44,720 - INFO - 模型目录: /home/data2/rhj/project/mol_editor/mol_evo/../mol_evo/output/v0/MoleculeEvolutionVisnetLinearPredictor/train-20251122_224608-lumo_change_pct-12000-200
