2025-10-09 02:40:44,956 - training - INFO - ============================================================
2025-10-09 02:40:44,958 - training - INFO - 基于NNConv的分子进化预测器模型训练开始
2025-10-09 02:40:44,958 - training - INFO - ============================================================
2025-10-09 02:40:44,958 - training - INFO - 数据文件: mol_evo/dataset/data/qm9-evo-pairs-step-1-with-properties.csv
2025-10-09 02:40:44,959 - training - INFO - 最大对数: 20000
2025-10-09 02:40:44,959 - training - INFO - 训练轮数: 500
2025-10-09 02:40:49,927 - training - INFO - 正在构建图数据: mol_evo/dataset/data/qm9-evo-pairs-step-1-with-properties.csv
2025-10-09 02:40:49,927 - training - INFO - 数据构建完成:
2025-10-09 02:40:49,928 - training - INFO -   - 节点数: 1377
2025-10-09 02:40:49,928 - training - INFO -   - 边数: 20000
2025-10-09 02:40:49,928 - training - INFO -   - 节点特征维度: 2048
2025-10-09 02:40:49,928 - training - INFO -   - 边特征维度: 11
2025-10-09 02:40:49,928 - training - INFO -   - 目标属性变化维度: 15
2025-10-09 02:40:49,931 - training - INFO - 数据集划分完成:
2025-10-09 02:40:49,931 - training - INFO -   - 训练集: 14000 (70.0%)
2025-10-09 02:40:49,932 - training - INFO -   - 验证集: 2000 (10.0%)
2025-10-09 02:40:49,932 - training - INFO -   - 测试集: 4000 (20.0%)
2025-10-09 02:40:50,112 - training - INFO - 正在创建模型...
2025-10-09 02:40:50,112 - training - INFO - 模型参数数量: 644495
2025-10-09 02:40:50,112 - training - INFO - 开始训练 (500 轮)...
2025-10-09 02:40:50,922 - training - INFO - Epoch [10/500], Train Loss: 0.876904, Val Loss: 1.072697, R²: 0.1505, MAE: 0.6113
2025-10-09 02:40:51,076 - training - INFO - Epoch [20/500], Train Loss: 0.643694, Val Loss: 0.823320, R²: 0.4007, MAE: 0.4626
2025-10-09 02:40:51,225 - training - INFO - Epoch [30/500], Train Loss: 0.514917, Val Loss: 0.736460, R²: 0.4878, MAE: 0.4066
2025-10-09 02:40:51,376 - training - INFO - Epoch [40/500], Train Loss: 0.453834, Val Loss: 0.678875, R²: 0.5442, MAE: 0.3586
2025-10-09 02:40:51,524 - training - INFO - Epoch [50/500], Train Loss: 0.409424, Val Loss: 0.634439, R²: 0.5882, MAE: 0.3207
2025-10-09 02:40:51,669 - training - INFO - Epoch [60/500], Train Loss: 0.365451, Val Loss: 0.590682, R²: 0.6317, MAE: 0.2793
2025-10-09 02:40:51,811 - training - INFO - Epoch [70/500], Train Loss: 0.336311, Val Loss: 0.563405, R²: 0.6587, MAE: 0.2507
2025-10-09 02:40:51,957 - training - INFO - Epoch [80/500], Train Loss: 0.316693, Val Loss: 0.545387, R²: 0.6762, MAE: 0.2356
2025-10-09 02:40:52,101 - training - INFO - Epoch [90/500], Train Loss: 0.303216, Val Loss: 0.530288, R²: 0.6900, MAE: 0.2233
2025-10-09 02:40:52,247 - training - INFO - Epoch [100/500], Train Loss: 0.289302, Val Loss: 0.514094, R²: 0.7041, MAE: 0.2115
2025-10-09 02:40:52,397 - training - INFO - Epoch [110/500], Train Loss: 0.272994, Val Loss: 0.491685, R²: 0.7223, MAE: 0.1981
2025-10-09 02:40:52,548 - training - INFO - Epoch [120/500], Train Loss: 0.253103, Val Loss: 0.461115, R²: 0.7438, MAE: 0.1878
2025-10-09 02:40:52,696 - training - INFO - Epoch [130/500], Train Loss: 0.228294, Val Loss: 0.401178, R²: 0.7801, MAE: 0.1781
2025-10-09 02:40:52,840 - training - INFO - Epoch [140/500], Train Loss: 0.195509, Val Loss: 0.288507, R²: 0.8362, MAE: 0.1833
2025-10-09 02:40:52,990 - training - INFO - Epoch [150/500], Train Loss: 0.127052, Val Loss: 0.198134, R²: 0.8797, MAE: 0.1685
2025-10-09 02:40:53,139 - training - INFO - Epoch [160/500], Train Loss: 0.088682, Val Loss: 0.118153, R²: 0.9139, MAE: 0.1574
2025-10-09 02:40:53,280 - training - INFO - Epoch [170/500], Train Loss: 0.071868, Val Loss: 0.062072, R²: 0.9467, MAE: 0.1429
2025-10-09 02:40:53,425 - training - INFO - Epoch [180/500], Train Loss: 0.062558, Val Loss: 0.053810, R²: 0.9544, MAE: 0.1369
2025-10-09 02:40:53,574 - training - INFO - Epoch [190/500], Train Loss: 0.058406, Val Loss: 0.048281, R²: 0.9592, MAE: 0.1261
2025-10-09 02:40:53,753 - training - INFO - Epoch [200/500], Train Loss: 0.049698, Val Loss: 0.049036, R²: 0.9597, MAE: 0.1204
2025-10-09 02:40:53,929 - training - INFO - Epoch [210/500], Train Loss: 0.044425, Val Loss: 0.039978, R²: 0.9661, MAE: 0.1132
2025-10-09 02:40:54,104 - training - INFO - Epoch [220/500], Train Loss: 0.045580, Val Loss: 0.045238, R²: 0.9639, MAE: 0.1078
2025-10-09 02:40:54,279 - training - INFO - Epoch [230/500], Train Loss: 0.037580, Val Loss: 0.043159, R²: 0.9657, MAE: 0.1031
2025-10-09 02:40:54,459 - training - INFO - Epoch [240/500], Train Loss: 0.038372, Val Loss: 0.037050, R²: 0.9698, MAE: 0.0982
2025-10-09 02:40:54,617 - training - INFO - Epoch [250/500], Train Loss: 0.035674, Val Loss: 0.033526, R²: 0.9722, MAE: 0.0951
2025-10-09 02:40:54,766 - training - INFO - Epoch [260/500], Train Loss: 0.036107, Val Loss: 0.030002, R²: 0.9745, MAE: 0.0920
2025-10-09 02:40:54,933 - training - INFO - Epoch [270/500], Train Loss: 0.033127, Val Loss: 0.032321, R²: 0.9736, MAE: 0.0908
2025-10-09 02:40:55,110 - training - INFO - Epoch [280/500], Train Loss: 0.034036, Val Loss: 0.033593, R²: 0.9730, MAE: 0.0893
2025-10-09 02:40:55,283 - training - INFO - Epoch [290/500], Train Loss: 0.037551, Val Loss: 0.027735, R²: 0.9765, MAE: 0.0874
2025-10-09 02:40:55,460 - training - INFO - Epoch [300/500], Train Loss: 0.032359, Val Loss: 0.031680, R²: 0.9742, MAE: 0.0867
2025-10-09 02:40:55,637 - training - INFO - Epoch [310/500], Train Loss: 0.034610, Val Loss: 0.027869, R²: 0.9765, MAE: 0.0860
2025-10-09 02:40:55,810 - training - INFO - Epoch [320/500], Train Loss: 0.032051, Val Loss: 0.026946, R²: 0.9773, MAE: 0.0847
2025-10-09 02:40:55,982 - training - INFO - Epoch [330/500], Train Loss: 0.029261, Val Loss: 0.025660, R²: 0.9782, MAE: 0.0838
2025-10-09 02:40:56,136 - training - INFO - Epoch [340/500], Train Loss: 0.032307, Val Loss: 0.030949, R²: 0.9749, MAE: 0.0837
2025-10-09 02:40:56,309 - training - INFO - Epoch [350/500], Train Loss: 0.030888, Val Loss: 0.032268, R²: 0.9742, MAE: 0.0832
2025-10-09 02:40:56,485 - training - INFO - Epoch [360/500], Train Loss: 0.030379, Val Loss: 0.030066, R²: 0.9757, MAE: 0.0824
2025-10-09 02:40:56,661 - training - INFO - Epoch [370/500], Train Loss: 0.030791, Val Loss: 0.028011, R²: 0.9770, MAE: 0.0818
2025-10-09 02:40:56,798 - training - INFO - 早停机制触发，在第 379 轮停止训练
2025-10-09 02:40:56,807 - training - INFO - 原始尺度评估指标:
2025-10-09 02:40:56,807 - training - INFO -   - MSE: 54207.976562
2025-10-09 02:40:56,807 - training - INFO -   - RMSE: 232.826065
2025-10-09 02:40:56,807 - training - INFO -   - MAE: 43.135067
2025-10-09 02:40:56,808 - training - INFO - 各维度阈值准确率:
2025-10-09 02:40:56,808 - training - INFO - Threshold   A        B        C        mu       alpha    homo     lumo     gap      r2       zpve     U0       U        H        G        Cv       
2025-10-09 02:40:56,808 - training - INFO - ---------------------------------------------------------------------------------------------------------------------------------------------------
2025-10-09 02:40:56,808 - training - INFO - @0.400      0.9985   0.9888   0.9928   0.9788   0.9710   0.9838   0.9905   0.9893   0.9905   0.9595   0.9948   0.9953   0.9948   0.9945   0.9628   
2025-10-09 02:40:56,808 - training - INFO - @0.300      0.9950   0.9760   0.9808   0.9653   0.9385   0.9703   0.9863   0.9853   0.9738   0.9038   0.9910   0.9915   0.9918   0.9910   0.9065   
2025-10-09 02:40:56,808 - training - INFO - @0.200      0.9910   0.9330   0.9428   0.9075   0.8480   0.9253   0.9590   0.9738   0.9158   0.7608   0.9805   0.9813   0.9833   0.9833   0.7618   
2025-10-09 02:40:56,808 - training - INFO - @0.100      0.9463   0.7590   0.7485   0.6763   0.5718   0.7245   0.7720   0.8520   0.6568   0.4680   0.9085   0.9123   0.9135   0.9070   0.4685   
2025-10-09 02:40:56,808 - training - INFO - @0.050      0.7188   0.4970   0.4600   0.4000   0.3115   0.4418   0.4890   0.5668   0.3780   0.2575   0.6703   0.6878   0.6993   0.6745   0.2445   
2025-10-09 02:40:57,681 - training - INFO - 训练完成:
2025-10-09 02:40:57,682 - training - INFO -   - 最终训练损失: 0.030721
2025-10-09 02:40:57,682 - training - INFO -   - 最佳验证损失: 0.025602
2025-10-09 02:40:57,682 - training - INFO -   - 测试损失 (MSE): 0.030067
2025-10-09 02:40:57,682 - training - INFO -   - 测试RMSE: 0.173398
2025-10-09 02:40:57,682 - training - INFO -   - 测试MAE: 0.080056
2025-10-09 02:40:57,682 - training - INFO -   - 测试R²: -234.965408
2025-10-09 02:40:57,682 - training - INFO -   - 测试阈值准确率 (0.4, 所有维度): 0.8860
2025-10-09 02:40:57,682 - training - INFO -   - 测试阈值准确率 (0.4, 平均): 0.9857
2025-10-09 02:40:57,682 - training - INFO -   - 测试阈值准确率 (0.3, 所有维度): 0.7625
2025-10-09 02:40:57,682 - training - INFO -   - 测试阈值准确率 (0.3, 平均): 0.9698
2025-10-09 02:40:57,683 - training - INFO -   - 测试阈值准确率 (0.2, 所有维度): 0.4673
2025-10-09 02:40:57,683 - training - INFO -   - 测试阈值准确率 (0.2, 平均): 0.9231
2025-10-09 02:40:57,683 - training - INFO -   - 测试阈值准确率 (0.1, 所有维度): 0.0583
2025-10-09 02:40:57,683 - training - INFO -   - 测试阈值准确率 (0.1, 平均): 0.7523
2025-10-09 02:40:57,683 - training - INFO -   - 测试阈值准确率 (0.05, 所有维度): 0.0010
2025-10-09 02:40:57,683 - training - INFO -   - 测试阈值准确率 (0.05, 平均): 0.4998
2025-10-09 02:40:57,683 - training - INFO -   - 原始尺度MSE: 54207.976562
2025-10-09 02:40:57,683 - training - INFO -   - 原始尺度RMSE: 232.826065
2025-10-09 02:40:57,683 - training - INFO -   - 原始尺度MAE: 43.135067
2025-10-09 02:40:57,683 - training - INFO -   - 模型已保存到: /home/data2/rhj/project/mol_editor/mol_evo/../mol_evo/output/transformer/training_20251009_024044/molecule_evolution_transformer_predictor.pth
