2025-11-02 12:13:24,332 - INFO - ============================================================
2025-11-02 12:13:24,333 - INFO - 数据文件: mol_evo/dataset/data/qm9-evo-pairs-step-1-with-properties-pct.csv
2025-11-02 12:13:24,333 - INFO - 最大对数: 30000
2025-11-02 12:13:24,333 - INFO - 训练轮数: 200
2025-11-02 12:13:24,333 - INFO - ============================================================
2025-11-02 12:13:24,333 - INFO - 正在构建图数据: mol_evo/dataset/data/qm9-evo-pairs-step-1-with-properties-pct.csv
2025-11-02 12:13:24,881 - INFO - 加载缓存文件: /home/data2/rhj/project/mol_editor/mol_evo/core/utils/../../.cache/molecule_graphs/csv_qm9-evo-pairs-step-1-with-properties-pct_3cbb45cc1ac9202d.pt，包含 1994 个分子
2025-11-02 12:13:29,017 - WARNING - 跳过第25871行分子对: [H]O/N=C(\C([H])([H])[H])C([H])([H])C(C([H])([H])[H])(C([H])([H])[H])C([H])([H])[H] -> [H]ONC1C([H])([H])[C@]23C([H])([H])[C@]([H])(C2([H])[H])[C@@]13[H] (数据为None)
2025-11-02 12:13:29,813 - WARNING - 跳过第25984行分子对: [H]O/N=C(/C([H])([H])C([H])([H])[H])C(C([H])([H])[H])(C([H])([H])[H])C([H])([H])[H] -> [H]ONC1C([H])([H])[C@]23C([H])([H])[C@]([H])(C2([H])[H])[C@@]13[H] (数据为None)
2025-11-02 12:13:30,764 - WARNING - 跳过第26175行分子对: [H]O/N=C(\C([H])([H])[H])C(C([H])([H])[H])(C([H])([H])[H])C([H])([H])C([H])([H])[H] -> [H]ONC1C([H])([H])[C@]23C([H])([H])[C@]([H])(C2([H])[H])[C@@]13[H] (数据为None)
2025-11-02 12:13:31,611 - WARNING - 跳过第26431行分子对: [H]O/N=C(\C([H])([H])[H])C([H])([H])C([H])([H])C([H])(C([H])([H])[H])C([H])([H])[H] -> [H]ONC1C([H])([H])[C@]23C([H])([H])[C@]([H])(C2([H])[H])[C@@]13[H] (数据为None)
2025-11-02 12:13:32,397 - WARNING - 跳过第26530行分子对: [H]ONC1C(C([H])([H])[H])(C([H])([H])[H])C([H])([H])[C@]1([H])C([H])([H])[H] -> [H]ONC1C([H])([H])[C@]23C([H])([H])[C@]([H])(C2([H])[H])[C@@]13[H] (数据为None)
2025-11-02 12:13:33,191 - WARNING - 跳过第26630行分子对: [H]ONC1C([H])=C([H])C(C([H])([H])[H])(C([H])([H])[H])C1([H])[H] -> [H]ONC1C([H])([H])[C@]23C([H])([H])[C@]([H])(C2([H])[H])[C@@]13[H] (数据为None)
2025-11-02 12:13:33,981 - WARNING - 跳过第26691行分子对: [H]ONC1C([H])([H])C([H])([H])C(C([H])([H])[H])(C([H])([H])[H])C1([H])[H] -> [H]ONC1C([H])([H])[C@]23C([H])([H])[C@]([H])(C2([H])[H])[C@@]13[H] (数据为None)
2025-11-02 12:13:34,779 - WARNING - 跳过第26895行分子对: [H]O/N=C(\C([H])([H])C([H])([H])[H])C([H])([H])C([H])(C([H])([H])[H])C([H])([H])[H] -> [H]ONC1C([H])([H])[C@]23C([H])([H])[C@]([H])(C2([H])[H])[C@@]13[H] (数据为None)
2025-11-02 12:13:35,575 - WARNING - 跳过第27044行分子对: [H]C#C[C@]1(C([H])([H])[H])C([H])([H])[C@@H](NO[H])C1([H])[H] -> [H]ONC1C([H])([H])[C@]23C([H])([H])[C@]([H])(C2([H])[H])[C@@]13[H] (数据为None)
2025-11-02 12:13:36,379 - WARNING - 跳过第27152行分子对: [H]ON[C@H]1C([H])([H])[C@](C([H])([H])[H])(C([H])([H])C([H])([H])[H])C1([H])[H] -> [H]ONC1C([H])([H])[C@]23C([H])([H])[C@]([H])(C2([H])[H])[C@@]13[H] (数据为None)
2025-11-02 12:13:37,166 - WARNING - 跳过第27266行分子对: [H]O/N=C(\C([H])([H])[H])C([H])([H])C1(C([H])([H])[H])C([H])([H])C1([H])[H] -> [H]ONC1C([H])([H])[C@]23C([H])([H])[C@]([H])(C2([H])[H])[C@@]13[H] (数据为None)
2025-11-02 12:13:37,996 - WARNING - 跳过第27714行分子对: [H]O/N=C(\C([H])([H])[H])C([H])([H])C([H])([H])C([H])([H])C([H])([H])C([H])([H])[H] -> [H]ONC1C([H])([H])[C@]23C([H])([H])[C@]([H])(C2([H])[H])[C@@]13[H] (数据为None)
2025-11-02 12:13:38,762 - WARNING - 跳过第27835行分子对: [H]ONC1C([H])([H])C([H])=C([H])C1(C([H])([H])[H])C([H])([H])[H] -> [H]ONC1C([H])([H])[C@]23C([H])([H])[C@]([H])(C2([H])[H])[C@@]13[H] (数据为None)
2025-11-02 12:13:39,541 - WARNING - 跳过第27878行分子对: [H]ONC1=C([H])[C-]([H])C([H])([H])C1(C([H])([H])[H])C([H])([H])[H] -> [H]ONC1C([H])([H])[C@]23C([H])([H])[C@]([H])(C2([H])[H])[C@@]13[H] (数据为None)
2025-11-02 12:13:40,297 - WARNING - 跳过第27924行分子对: [H]ONC1C([H])([H])C([H])([H])C([H])([H])C1(C([H])([H])[H])C([H])([H])[H] -> [H]ONC1C([H])([H])[C@]23C([H])([H])[C@]([H])(C2([H])[H])[C@@]13[H] (数据为None)
2025-11-02 12:13:41,099 - WARNING - 跳过第28107行分子对: [H]ON=C(C([H])([H])C([H])([H])C([H])([H])[H])C([H])([H])C([H])([H])C([H])([H])[H] -> [H]ONC1C([H])([H])[C@]23C([H])([H])[C@]([H])(C2([H])[H])[C@@]13[H] (数据为None)
2025-11-02 12:13:41,914 - WARNING - 跳过第28312行分子对: [H]O/N=C(/C([H])([H])C([H])([H])C([H])([H])[H])C([H])(C([H])([H])[H])C([H])([H])[H] -> [H]ONC1C([H])([H])[C@]23C([H])([H])[C@]([H])(C2([H])[H])[C@@]13[H] (数据为None)
2025-11-02 12:13:42,740 - WARNING - 跳过第28519行分子对: [H]ON=C(C([H])(C([H])([H])[H])C([H])([H])[H])C([H])(C([H])([H])[H])C([H])([H])[H] -> [H]ONC1C([H])([H])[C@]23C([H])([H])[C@]([H])(C2([H])[H])[C@@]13[H] (数据为None)
2025-11-02 12:13:43,547 - WARNING - 跳过第28649行分子对: [H]O/N=C(\C([H])([H])[H])C1(C([H])([H])[H])C([H])([H])C([H])([H])C1([H])[H] -> [H]ONC1C([H])([H])[C@]23C([H])([H])[C@]([H])(C2([H])[H])[C@@]13[H] (数据为None)
2025-11-02 12:13:44,356 - WARNING - 跳过第28853行分子对: [H]ON[C@H]1C([H])([H])[C@]([H])(C([H])(C([H])([H])[H])C([H])([H])[H])C1([H])[H] -> [H]ONC1C([H])([H])[C@]23C([H])([H])[C@]([H])(C2([H])[H])[C@@]13[H] (数据为None)
2025-11-02 12:13:45,121 - WARNING - 跳过第28960行分子对: [H]O/N=C(\C([H])([H])[H])[C@]1([H])C([H])([H])[C@@]([H])(C([H])([H])[H])C1([H])[H] -> [H]ONC1C([H])([H])[C@]23C([H])([H])[C@]([H])(C2([H])[H])[C@@]13[H] (数据为None)
2025-11-02 12:13:45,920 - WARNING - 跳过第29052行分子对: [H]ONC1C([H])=C(C([H])([H])[H])C([H])([H])C([H])([H])C1([H])[H] -> [H]ONC1C([H])([H])[C@]23C([H])([H])[C@]([H])(C2([H])[H])[C@@]13[H] (数据为None)
2025-11-02 12:13:46,687 - WARNING - 跳过第29115行分子对: [H]ONC1C([H])([H])C(C([H])([H])[H])=C([H])C([H])([H])C1([H])[H] -> [H]ONC1C([H])([H])[C@]23C([H])([H])[C@]([H])(C2([H])[H])[C@@]13[H] (数据为None)
2025-11-02 12:13:47,493 - WARNING - 跳过第29191行分子对: [H]ONC1C([H])([H])C([H])([H])C([H])([H])[C@]([H])(C([H])([H])[H])C1([H])[H] -> [H]ONC1C([H])([H])[C@]23C([H])([H])[C@]([H])(C2([H])[H])[C@@]13[H] (数据为None)
2025-11-02 12:13:48,279 - WARNING - 跳过第29259行分子对: [H]ONC1C([H])([H])C(C([H])([H])[H])=C(C([H])([H])[H])C1([H])[H] -> [H]ONC1C([H])([H])[C@]23C([H])([H])[C@]([H])(C2([H])[H])[C@@]13[H] (数据为None)
2025-11-02 12:13:49,066 - WARNING - 跳过第29362行分子对: [H]ONC1C([H])([H])C(C([H])([H])[H])=C([H])[C@]1([H])C([H])([H])[H] -> [H]ONC1C([H])([H])[C@]23C([H])([H])[C@]([H])(C2([H])[H])[C@@]13[H] (数据为None)
2025-11-02 12:13:49,591 - WARNING - 跳过第29437行分子对: [H][N-]C1O[C@]([H])(C([H])([H])[H])C(NO[H])C1([H])[H] -> [H]ONC1C([H])([H])[C@]23C([H])([H])[N@@H+](C2([H])[H])[C@@]13[H] (数据为None)
2025-11-02 12:13:50,386 - WARNING - 跳过第29554行分子对: [H]ONC1C([H])([H])[C@]2([H])C([H])([H])[C@@]1(C([H])([H])[H])C2([H])[H] -> [H]ONC1C([H])([H])[C@]23C([H])([H])[C@]([H])(C2([H])[H])[C@@]13[H] (数据为None)
2025-11-02 12:13:51,167 - WARNING - 跳过第29644行分子对: [H]O/N=C(\C([H])([H])[H])C([H])([H])C1([H])C([H])([H])C([H])([H])C1([H])[H] -> [H]ONC1C([H])([H])[C@]23C([H])([H])[C@]([H])(C2([H])[H])[C@@]13[H] (数据为None)
2025-11-02 12:13:51,920 - WARNING - 跳过第29737行分子对: [H]C#CC([H])([H])[C@]1([H])C([H])([H])[C@@H](NO[H])C1([H])[H] -> [H]ONC1C([H])([H])[C@]23C([H])([H])[C@]([H])(C2([H])[H])[C@@]13[H] (数据为None)
2025-11-02 12:13:52,701 - WARNING - 跳过第29820行分子对: [H]ON[C@H]1C([H])([H])[C@]([H])(C#CC([H])([H])[H])C1([H])[H] -> [H]ONC1C([H])([H])[C@]23C([H])([H])[C@]([H])(C2([H])[H])[C@@]13[H] (数据为None)
2025-11-02 12:13:53,482 - WARNING - 跳过第29860行分子对: [H]ON[C@H]1C([H])([H])[C@]([H])(C([H])([H])C([H])([H])C([H])([H])[H])C1([H])[H] -> [H]ONC1C([H])([H])[C@]23C([H])([H])[C@]([H])(C2([H])[H])[C@@]13[H] (数据为None)
2025-11-02 12:13:54,254 - WARNING - 跳过第29968行分子对: [H]ONC1C([H])([H])C2(C1([H])[H])C([H])([H])C([H])([H])C2([H])[H] -> [H]ONC1C([H])([H])[C@]23C([H])([H])[C@]([H])(C2([H])[H])[C@@]13[H] (数据为None)
2025-11-02 12:13:54,331 - INFO - 分子处理统计: 总数=60000, 命中=59967, 未命中=33, 命中率=99.94%
2025-11-02 12:13:54,357 - INFO - --- 训练集样本示例 (头部数据) ---
2025-11-02 12:13:54,357 - INFO -   样本       起始节点数        起始边数         目标节点数        目标边数         边特征             目标属性值          
2025-11-02 12:13:54,357 - INFO -   --------------------------------------------------------------------------------
2025-11-02 12:13:54,358 - INFO -   1        5            8            8            14           [1.0, 0.0, 0.   0.023518       
2025-11-02 12:13:54,358 - INFO -   2        3            4            6            10           [1.0, 0.0, 0.   -0.273184      
2025-11-02 12:13:54,358 - INFO -   3        4            6            11           20           [1.0, 0.0, 0.   0.077970       
2025-11-02 12:13:54,358 - INFO -   --------------------------------------------------------------------------------
2025-11-02 12:13:54,358 - INFO - 
数据构建完成:
2025-11-02 12:13:54,358 - INFO -   项目                   值                   
2025-11-02 12:13:54,358 - INFO -   ---------------------------------------- --------------------
2025-11-02 12:13:54,358 - INFO -   样本数                  29967               
2025-11-02 12:13:54,358 - INFO -   节点特征维度               11                  
2025-11-02 12:13:54,358 - INFO -   边特征维度                11                  
2025-11-02 12:13:54,358 - INFO -   目标属性变化维度             1                   
2025-11-02 12:13:54,361 - INFO - 数据集划分完成:
2025-11-02 12:13:54,361 - INFO -   - 训练集: 23973 (80.0%)
2025-11-02 12:13:54,361 - INFO -   - 验证集: 2996 (10.0%)
2025-11-02 12:13:54,361 - INFO -   - 测试集: 2998 (10.0%)
2025-11-02 12:13:54,406 - INFO - 正在创建模型...
2025-11-02 12:13:54,406 - INFO - 模型参数数量: 1063041
2025-11-02 12:13:54,406 - INFO - 使用设备: cuda
2025-11-02 12:13:54,706 - INFO - 开始训练 (200 轮)...
2025-11-02 12:14:16,310 - INFO - Epoch [10/200], Train Loss: 0.549586, Val Loss: 0.557941, R²: 0.3386, MAE: 0.5579
2025-11-02 12:14:36,391 - INFO - Epoch [20/200], Train Loss: 0.520735, Val Loss: 0.521773, R²: 0.3878, MAE: 0.5218
2025-11-02 12:14:56,557 - INFO - Epoch [30/200], Train Loss: 0.458340, Val Loss: 0.465767, R²: 0.4624, MAE: 0.4658
2025-11-02 12:15:17,033 - INFO - Epoch [40/200], Train Loss: 0.422548, Val Loss: 0.435512, R²: 0.5032, MAE: 0.4355
2025-11-02 12:15:37,227 - INFO - Epoch [50/200], Train Loss: 0.409873, Val Loss: 0.415489, R²: 0.5222, MAE: 0.4155
2025-11-02 12:15:57,705 - INFO - Epoch [60/200], Train Loss: 0.354908, Val Loss: 0.376292, R²: 0.5805, MAE: 0.3763
2025-11-02 12:16:17,998 - INFO - Epoch [70/200], Train Loss: 0.332784, Val Loss: 0.354882, R²: 0.6162, MAE: 0.3549
2025-11-02 12:16:37,941 - INFO - Epoch [80/200], Train Loss: 0.323199, Val Loss: 0.341732, R²: 0.6284, MAE: 0.3417
2025-11-02 12:16:58,058 - INFO - Epoch [90/200], Train Loss: 0.295127, Val Loss: 0.329962, R²: 0.6362, MAE: 0.3300
2025-11-02 12:17:19,924 - INFO - 已保存checkpoint: /home/data2/rhj/project/mol_editor/mol_evo/../mol_evo/output/v0/MoleculeEvolutionGCNLinearPredictor/train-20251102_121324-mu_change-30000-200/checkpoint_epoch_100.pth
2025-11-02 12:17:20,119 - INFO - Epoch [100/200], Train Loss: 0.268176, Val Loss: 0.305008, R²: 0.6692, MAE: 0.3050
2025-11-02 12:17:41,243 - INFO - Epoch [110/200], Train Loss: 0.252451, Val Loss: 0.301750, R²: 0.6704, MAE: 0.3017
2025-11-02 12:18:01,529 - INFO - Epoch [120/200], Train Loss: 0.231009, Val Loss: 0.291415, R²: 0.6809, MAE: 0.2914
2025-11-02 12:18:22,038 - INFO - Epoch [130/200], Train Loss: 0.224029, Val Loss: 0.288185, R²: 0.6852, MAE: 0.2882
2025-11-02 12:18:41,979 - INFO - Epoch [140/200], Train Loss: 0.220086, Val Loss: 0.286976, R²: 0.6864, MAE: 0.2870
2025-11-02 12:19:02,018 - INFO - Epoch [150/200], Train Loss: 0.218316, Val Loss: 0.286349, R²: 0.6866, MAE: 0.2863
2025-11-02 12:19:21,968 - INFO - Epoch [160/200], Train Loss: 0.217717, Val Loss: 0.286275, R²: 0.6870, MAE: 0.2863
2025-11-02 12:19:41,881 - INFO - Epoch [170/200], Train Loss: 0.217390, Val Loss: 0.286207, R²: 0.6870, MAE: 0.2862
2025-11-02 12:20:01,897 - INFO - Epoch [180/200], Train Loss: 0.217334, Val Loss: 0.286193, R²: 0.6870, MAE: 0.2862
2025-11-02 12:20:21,877 - INFO - Epoch [190/200], Train Loss: 0.217314, Val Loss: 0.286190, R²: 0.6870, MAE: 0.2862
2025-11-02 12:20:41,685 - INFO - 已保存checkpoint: /home/data2/rhj/project/mol_editor/mol_evo/../mol_evo/output/v0/MoleculeEvolutionGCNLinearPredictor/train-20251102_121324-mu_change-30000-200/checkpoint_epoch_200.pth
2025-11-02 12:20:41,863 - INFO - Epoch [200/200], Train Loss: 0.217293, Val Loss: 0.286176, R²: 0.6870, MAE: 0.2862
2025-11-02 12:20:41,863 - INFO - 开始训练 (200 轮)...
2025-11-02 12:20:43,129 - INFO - 模型已保存至: /home/data2/rhj/project/mol_editor/mol_evo/../mol_evo/output/v0/MoleculeEvolutionGCNLinearPredictor/train-20251102_121324-mu_change-30000-200/last.pth
2025-11-02 12:20:43,129 - INFO - 
2025-11-02 12:20:43,129 - INFO - ============================================================
2025-11-02 12:20:43,129 - INFO - 训练完成 - 最终评估结果
2025-11-02 12:20:43,129 - INFO - ============================================================
2025-11-02 12:20:43,130 - INFO - 测试集损失: 0.273752
2025-11-02 12:20:43,130 - INFO - RMSE: 0.509073
2025-11-02 12:20:43,130 - INFO - MAE: 0.273752
2025-11-02 12:20:43,130 - INFO - R²: 0.713168
2025-11-02 12:20:43,130 - INFO - PCC: 0.845591
2025-11-02 12:20:43,130 - INFO - Rank Loss: 0.456708
2025-11-02 12:20:43,130 - INFO - 
2025-11-02 12:20:43,130 - INFO - 阈值准确率:
2025-11-02 12:20:43,130 - INFO -   阈值 0.5: 83.26%
2025-11-02 12:20:43,130 - INFO -   阈值 0.4: 79.62%
2025-11-02 12:20:43,130 - INFO -   阈值 0.30000000000000004: 74.68%
2025-11-02 12:20:43,130 - INFO -   阈值 0.20000000000000004: 67.75%
2025-11-02 12:20:43,130 - INFO -   阈值 0.10000000000000003: 49.53%
2025-11-02 12:20:43,130 - INFO - 
2025-11-02 12:20:43,130 - INFO - 训练完成:
2025-11-02 12:20:43,130 - INFO -   - 最终训练损失: 0.217293
2025-11-02 12:20:43,130 - INFO -   - 最佳验证损失: 0.286176
2025-11-02 12:20:43,130 - INFO -   - 测试损失 (MSE): 0.273752
2025-11-02 12:20:43,130 - INFO -   - 测试RMSE: 0.509073
2025-11-02 12:20:43,130 - INFO -   - 测试MAE: 0.273752
2025-11-02 12:20:43,130 - INFO -   - 测试R²: 0.713168
2025-11-02 12:20:43,130 - INFO -   - 测试PCC: 0.845591
2025-11-02 12:20:43,130 - INFO -   - 测试Rank Loss: 0.456708
2025-11-02 12:20:43,131 - INFO -   - 测试阈值准确率 (0.5): 0.8326
2025-11-02 12:20:43,131 - INFO -   - 测试阈值准确率 (0.4): 0.7962
2025-11-02 12:20:43,131 - INFO -   - 测试阈值准确率 (0.30000000000000004): 0.7468
2025-11-02 12:20:43,131 - INFO -   - 测试阈值准确率 (0.20000000000000004): 0.6775
2025-11-02 12:20:43,131 - INFO -   - 测试阈值准确率 (0.10000000000000003): 0.4953
2025-11-02 12:20:43,131 - INFO -   - 模型已保存到: /home/data2/rhj/project/mol_editor/mol_evo/../mol_evo/output/v0/MoleculeEvolutionGCNLinearPredictor/train-20251102_121324-mu_change-30000-200/last.pth
2025-11-02 12:20:43,131 - INFO - 训练结果已保存到: /home/data2/rhj/project/mol_editor/mol_evo/../mol_evo/output/v0/MoleculeEvolutionGCNLinearPredictor/train-20251102_121324-mu_change-30000-200/training_results.json
2025-11-02 12:20:43,131 - INFO - 模型目录: /home/data2/rhj/project/mol_editor/mol_evo/../mol_evo/output/v0/MoleculeEvolutionGCNLinearPredictor/train-20251102_121324-mu_change-30000-200
