2025-11-22 21:31:31,940 - INFO - ============================================================
2025-11-22 21:31:31,940 - INFO - 数据文件: /home/data2/rhj/project/mol_editor/mol_evo/dataset/data/qm9-evo-pairs-step-1-with-properties-pct.json
2025-11-22 21:31:31,940 - INFO - 最大对数: 12000
2025-11-22 21:31:31,940 - INFO - 训练轮数: 200
2025-11-22 21:31:31,940 - INFO - ============================================================
2025-11-22 21:31:31,941 - INFO - 模型配置已保存到: /home/data2/rhj/project/mol_editor/mol_evo/../mol_evo/output/v0/MoleculeEvolutionVisnetLinearPredictor/train-20251122_213131-gap_change_pct-12000-200/model_config.json
2025-11-22 21:31:31,941 - INFO - 正在构建图数据: /home/data2/rhj/project/mol_editor/mol_evo/dataset/data/qm9-evo-pairs-step-1-with-properties-pct.json
2025-11-22 21:38:47,808 - INFO - 分子处理统计: 总数=24000, 命中=21862, 未命中=2138, 命中率=91.09%
2025-11-22 21:38:47,849 - INFO - --- 训练集样本示例 (头部数据) ---
2025-11-22 21:38:47,849 - INFO -   样本       起始节点数        起始边数         目标节点数        目标边数         边特征             目标属性值          
2025-11-22 21:38:47,849 - INFO -   --------------------------------------------------------------------------------
2025-11-22 21:38:47,849 - INFO -   DEBUG: 边特征维度 = 16
2025-11-22 21:38:47,850 - INFO -   DEBUG: 第一个样本的边特征值 = [0.0, 0.0, 1.0, 0.0, 0.0, 0.0, 0.0, 0.0, 0.0, 0.0, 0.0, 0.0, 0.0, 0.0, 0.0, 1.0]
2025-11-22 21:38:47,850 - INFO -   DEBUG: 原子类型数量 = 4, 操作类型数量 = 12
2025-11-22 21:38:47,850 - INFO -   DEBUG: 边特征总长度 = 16
2025-11-22 21:38:47,850 - INFO -   DEBUG: 原子类型one-hot编码 = [0.0, 0.0, 1.0, 0.0]
2025-11-22 21:38:47,850 - INFO -   DEBUG: 操作类型one-hot编码 = [0.0, 0.0, 0.0, 0.0, 0.0, 0.0, 0.0, 0.0, 0.0, 0.0, 0.0, 1.0]
2025-11-22 21:38:47,850 - INFO -   DEBUG: 原子类型列表 = ['C', 'F', 'N', 'O']
2025-11-22 21:38:47,850 - INFO -   DEBUG: 操作类型列表 = ['add_atom', 'add_stereo', 'form_double_bond', 'form_double_ring', 'form_ring', 'form_triple_bond', 'remove_add_stereo', 'remove_form_double_bond', 'remove_form_double_ring', 'remove_form_ring', 'remove_form_triple_bond', 'replace_atom']
2025-11-22 21:38:47,850 - INFO -   1        5            8            4            6            [0.0, 0.0, 1.   -1.970492      
2025-11-22 21:38:47,850 - INFO -   2        5            8            3            4            [0.0, 0.0, 0.   -1.721772      
2025-11-22 21:38:47,850 - INFO -   3        4            6            5            8            [1.0, 0.0, 0.   2.748286       
2025-11-22 21:38:47,850 - INFO -   --------------------------------------------------------------------------------
2025-11-22 21:38:47,850 - INFO - 
数据构建完成:
2025-11-22 21:38:47,850 - INFO -   项目                   值                   
2025-11-22 21:38:47,850 - INFO -   ---------------------------------------- --------------------
2025-11-22 21:38:47,850 - INFO -   样本数                  12000               
2025-11-22 21:38:47,850 - INFO -   节点特征维度               11                  
2025-11-22 21:38:47,850 - INFO -   边特征维度                16                  
2025-11-22 21:38:47,850 - INFO -   目标属性变化维度             1                   
2025-11-22 21:38:47,852 - INFO - 数据集划分完成:
2025-11-22 21:38:47,852 - INFO -   - 训练集: 9600 (80.0%)
2025-11-22 21:38:47,852 - INFO -   - 验证集: 1200 (10.0%)
2025-11-22 21:38:47,852 - INFO -   - 测试集: 1200 (10.0%)
2025-11-22 21:38:47,856 - INFO - 数据集索引已保存到: /home/data2/rhj/project/mol_editor/mol_evo/dataset/data/dataset_indices/indices_20251122_213847_seed42.json
2025-11-22 21:38:47,916 - INFO - 更新模型边特征维度: 11 -> 16
2025-11-22 21:38:48,026 - INFO - 正在创建模型...
2025-11-22 21:38:48,027 - INFO - 模型参数数量: 4451725
2025-11-22 21:38:48,027 - INFO - 使用设备: cuda
2025-11-22 21:38:51,068 - INFO - 开始训练 (200 轮)...
2025-11-22 21:40:47,788 - INFO - Epoch [10/200], Train Loss: 0.435726, Val Loss: 0.422243, R²: 0.6070, MAE: 0.4222
2025-11-22 21:42:40,398 - INFO - Epoch [20/200], Train Loss: 0.189529, Val Loss: 0.228849, R²: 0.9081, MAE: 0.2288
2025-11-22 21:44:30,278 - INFO - Epoch [30/200], Train Loss: 0.149962, Val Loss: 0.138633, R²: 0.9572, MAE: 0.1386
2025-11-22 21:46:18,576 - INFO - Epoch [40/200], Train Loss: 0.096764, Val Loss: 0.102629, R²: 0.9712, MAE: 0.1026
2025-11-22 21:48:08,255 - INFO - Epoch [50/200], Train Loss: 0.078194, Val Loss: 0.090450, R²: 0.9742, MAE: 0.0905
2025-11-22 21:49:56,199 - INFO - Epoch [60/200], Train Loss: 0.063435, Val Loss: 0.076034, R²: 0.9768, MAE: 0.0760
2025-11-22 21:51:45,087 - INFO - Epoch [70/200], Train Loss: 0.054850, Val Loss: 0.071385, R²: 0.9784, MAE: 0.0714
2025-11-22 21:53:33,686 - INFO - Epoch [80/200], Train Loss: 0.050454, Val Loss: 0.067912, R²: 0.9792, MAE: 0.0679
2025-11-22 21:55:23,455 - INFO - Epoch [90/200], Train Loss: 0.049523, Val Loss: 0.065794, R²: 0.9799, MAE: 0.0658
2025-11-22 21:57:12,063 - INFO - Epoch [100/200], Train Loss: 0.047810, Val Loss: 0.066010, R²: 0.9802, MAE: 0.0660
2025-11-22 21:59:01,246 - INFO - Epoch [110/200], Train Loss: 0.045315, Val Loss: 0.063059, R²: 0.9810, MAE: 0.0631
2025-11-22 22:00:51,341 - INFO - Epoch [120/200], Train Loss: 0.041835, Val Loss: 0.059715, R²: 0.9813, MAE: 0.0597
2025-11-22 22:02:41,230 - INFO - Epoch [130/200], Train Loss: 0.040391, Val Loss: 0.058843, R²: 0.9814, MAE: 0.0588
2025-11-22 22:04:34,688 - INFO - Epoch [140/200], Train Loss: 0.039874, Val Loss: 0.058481, R²: 0.9815, MAE: 0.0585
