2025-10-12 03:00:20,498 - INFO - training_file - ============================================================
2025-10-12 03:00:20,499 - INFO - training_console - ============================================================
2025-10-12 03:00:20,499 - INFO - training_file - 基于NNConv的分子进化预测器模型训练开始
2025-10-12 03:00:20,499 - INFO - training_console - 基于NNConv的分子进化预测器模型训练开始
2025-10-12 03:00:20,499 - INFO - training_file - ============================================================
2025-10-12 03:00:20,499 - INFO - training_console - ============================================================
2025-10-12 03:00:20,499 - INFO - training_file - 数据文件: mol_evo/dataset/data/qm9-evo-pairs-step-1-with-properties-pct.csv
2025-10-12 03:00:20,499 - INFO - training_console - 数据文件: mol_evo/dataset/data/qm9-evo-pairs-step-1-with-properties-pct.csv
2025-10-12 03:00:20,499 - INFO - training_file - 最大对数: 30000
2025-10-12 03:00:20,499 - INFO - training_console - 最大对数: 30000
2025-10-12 03:00:20,499 - INFO - training_file - 训练轮数: 100
2025-10-12 03:00:20,499 - INFO - training_console - 训练轮数: 100
2025-10-12 03:00:20,499 - INFO - training_file - 正在构建图数据: mol_evo/dataset/data/qm9-evo-pairs-step-1-with-properties-pct.csv
2025-10-12 03:00:20,499 - INFO - training_console - 正在构建图数据: mol_evo/dataset/data/qm9-evo-pairs-step-1-with-properties-pct.csv
2025-10-12 03:00:22,095 - INFO - training_file - 加载缓存文件: /home/data2/rhj/project/mol_editor/mol_evo/core/utils/../../.cache/molecule_graphs/training_dataset.pt，包含 1985 个分子
2025-10-12 03:00:22,095 - INFO - training_console - 加载缓存文件: /home/data2/rhj/project/mol_editor/mol_evo/core/utils/../../.cache/molecule_graphs/training_dataset.pt，包含 1985 个分子
2025-10-12 03:00:25,307 - INFO - training_file - 跳过无法处理的分子对: [H]O/N=C(\C([H])([H])[H])C([H])([H])C(C([H])([H])[H])(C([H])([H])[H])C([H])([H])[H] -> [H]ONC1C([H])([H])[C@]23C([H])([H])[C@]([H])(C2([H])[H])[C@@]13[H]
2025-10-12 03:00:25,307 - INFO - training_console - 跳过无法处理的分子对: [H]O/N=C(\C([H])([H])[H])C([H])([H])C(C([H])([H])[H])(C([H])([H])[H])C([H])([H])[H] -> [H]ONC1C([H])([H])[C@]23C([H])([H])[C@]([H])(C2([H])[H])[C@@]13[H]
2025-10-12 03:00:26,041 - INFO - training_file - 跳过无法处理的分子对: [H]O/N=C(/C([H])([H])C([H])([H])[H])C(C([H])([H])[H])(C([H])([H])[H])C([H])([H])[H] -> [H]ONC1C([H])([H])[C@]23C([H])([H])[C@]([H])(C2([H])[H])[C@@]13[H]
2025-10-12 03:00:26,042 - INFO - training_console - 跳过无法处理的分子对: [H]O/N=C(/C([H])([H])C([H])([H])[H])C(C([H])([H])[H])(C([H])([H])[H])C([H])([H])[H] -> [H]ONC1C([H])([H])[C@]23C([H])([H])[C@]([H])(C2([H])[H])[C@@]13[H]
2025-10-12 03:00:26,747 - INFO - training_file - 跳过无法处理的分子对: [H]O/N=C(\C([H])([H])[H])C(C([H])([H])[H])(C([H])([H])[H])C([H])([H])C([H])([H])[H] -> [H]ONC1C([H])([H])[C@]23C([H])([H])[C@]([H])(C2([H])[H])[C@@]13[H]
2025-10-12 03:00:26,747 - INFO - training_console - 跳过无法处理的分子对: [H]O/N=C(\C([H])([H])[H])C(C([H])([H])[H])(C([H])([H])[H])C([H])([H])C([H])([H])[H] -> [H]ONC1C([H])([H])[C@]23C([H])([H])[C@]([H])(C2([H])[H])[C@@]13[H]
2025-10-12 03:00:27,514 - INFO - training_file - 跳过无法处理的分子对: [H]O/N=C(\C([H])([H])[H])C([H])([H])C([H])([H])C([H])(C([H])([H])[H])C([H])([H])[H] -> [H]ONC1C([H])([H])[C@]23C([H])([H])[C@]([H])(C2([H])[H])[C@@]13[H]
2025-10-12 03:00:27,514 - INFO - training_console - 跳过无法处理的分子对: [H]O/N=C(\C([H])([H])[H])C([H])([H])C([H])([H])C([H])(C([H])([H])[H])C([H])([H])[H] -> [H]ONC1C([H])([H])[C@]23C([H])([H])[C@]([H])(C2([H])[H])[C@@]13[H]
2025-10-12 03:00:28,233 - INFO - training_file - 跳过无法处理的分子对: [H]ONC1C(C([H])([H])[H])(C([H])([H])[H])C([H])([H])[C@]1([H])C([H])([H])[H] -> [H]ONC1C([H])([H])[C@]23C([H])([H])[C@]([H])(C2([H])[H])[C@@]13[H]
2025-10-12 03:00:28,233 - INFO - training_console - 跳过无法处理的分子对: [H]ONC1C(C([H])([H])[H])(C([H])([H])[H])C([H])([H])[C@]1([H])C([H])([H])[H] -> [H]ONC1C([H])([H])[C@]23C([H])([H])[C@]([H])(C2([H])[H])[C@@]13[H]
2025-10-12 03:00:28,952 - INFO - training_file - 跳过无法处理的分子对: [H]ONC1C([H])=C([H])C(C([H])([H])[H])(C([H])([H])[H])C1([H])[H] -> [H]ONC1C([H])([H])[C@]23C([H])([H])[C@]([H])(C2([H])[H])[C@@]13[H]
2025-10-12 03:00:28,952 - INFO - training_console - 跳过无法处理的分子对: [H]ONC1C([H])=C([H])C(C([H])([H])[H])(C([H])([H])[H])C1([H])[H] -> [H]ONC1C([H])([H])[C@]23C([H])([H])[C@]([H])(C2([H])[H])[C@@]13[H]
2025-10-12 03:00:29,684 - INFO - training_file - 跳过无法处理的分子对: [H]ONC1C([H])([H])C([H])([H])C(C([H])([H])[H])(C([H])([H])[H])C1([H])[H] -> [H]ONC1C([H])([H])[C@]23C([H])([H])[C@]([H])(C2([H])[H])[C@@]13[H]
2025-10-12 03:00:29,684 - INFO - training_console - 跳过无法处理的分子对: [H]ONC1C([H])([H])C([H])([H])C(C([H])([H])[H])(C([H])([H])[H])C1([H])[H] -> [H]ONC1C([H])([H])[C@]23C([H])([H])[C@]([H])(C2([H])[H])[C@@]13[H]
2025-10-12 03:00:30,401 - INFO - training_file - 跳过无法处理的分子对: [H]O/N=C(\C([H])([H])C([H])([H])[H])C([H])([H])C([H])(C([H])([H])[H])C([H])([H])[H] -> [H]ONC1C([H])([H])[C@]23C([H])([H])[C@]([H])(C2([H])[H])[C@@]13[H]
2025-10-12 03:00:30,401 - INFO - training_console - 跳过无法处理的分子对: [H]O/N=C(\C([H])([H])C([H])([H])[H])C([H])([H])C([H])(C([H])([H])[H])C([H])([H])[H] -> [H]ONC1C([H])([H])[C@]23C([H])([H])[C@]([H])(C2([H])[H])[C@@]13[H]
2025-10-12 03:00:31,127 - INFO - training_file - 跳过无法处理的分子对: [H]C#C[C@]1(C([H])([H])[H])C([H])([H])[C@@H](NO[H])C1([H])[H] -> [H]ONC1C([H])([H])[C@]23C([H])([H])[C@]([H])(C2([H])[H])[C@@]13[H]
2025-10-12 03:00:31,127 - INFO - training_console - 跳过无法处理的分子对: [H]C#C[C@]1(C([H])([H])[H])C([H])([H])[C@@H](NO[H])C1([H])[H] -> [H]ONC1C([H])([H])[C@]23C([H])([H])[C@]([H])(C2([H])[H])[C@@]13[H]
2025-10-12 03:00:31,870 - INFO - training_file - 跳过无法处理的分子对: [H]ON[C@H]1C([H])([H])[C@](C([H])([H])[H])(C([H])([H])C([H])([H])[H])C1([H])[H] -> [H]ONC1C([H])([H])[C@]23C([H])([H])[C@]([H])(C2([H])[H])[C@@]13[H]
2025-10-12 03:00:31,870 - INFO - training_console - 跳过无法处理的分子对: [H]ON[C@H]1C([H])([H])[C@](C([H])([H])[H])(C([H])([H])C([H])([H])[H])C1([H])[H] -> [H]ONC1C([H])([H])[C@]23C([H])([H])[C@]([H])(C2([H])[H])[C@@]13[H]
2025-10-12 03:00:32,592 - INFO - training_file - 跳过无法处理的分子对: [H]O/N=C(\C([H])([H])[H])C([H])([H])C1(C([H])([H])[H])C([H])([H])C1([H])[H] -> [H]ONC1C([H])([H])[C@]23C([H])([H])[C@]([H])(C2([H])[H])[C@@]13[H]
2025-10-12 03:00:32,592 - INFO - training_console - 跳过无法处理的分子对: [H]O/N=C(\C([H])([H])[H])C([H])([H])C1(C([H])([H])[H])C([H])([H])C1([H])[H] -> [H]ONC1C([H])([H])[C@]23C([H])([H])[C@]([H])(C2([H])[H])[C@@]13[H]
2025-10-12 03:00:33,349 - INFO - training_file - 跳过无法处理的分子对: [H]O/N=C(\C([H])([H])[H])C([H])([H])C([H])([H])C([H])([H])C([H])([H])C([H])([H])[H] -> [H]ONC1C([H])([H])[C@]23C([H])([H])[C@]([H])(C2([H])[H])[C@@]13[H]
2025-10-12 03:00:33,349 - INFO - training_console - 跳过无法处理的分子对: [H]O/N=C(\C([H])([H])[H])C([H])([H])C([H])([H])C([H])([H])C([H])([H])C([H])([H])[H] -> [H]ONC1C([H])([H])[C@]23C([H])([H])[C@]([H])(C2([H])[H])[C@@]13[H]
2025-10-12 03:00:34,054 - INFO - training_file - 跳过无法处理的分子对: [H]ONC1C([H])([H])C([H])=C([H])C1(C([H])([H])[H])C([H])([H])[H] -> [H]ONC1C([H])([H])[C@]23C([H])([H])[C@]([H])(C2([H])[H])[C@@]13[H]
2025-10-12 03:00:34,054 - INFO - training_console - 跳过无法处理的分子对: [H]ONC1C([H])([H])C([H])=C([H])C1(C([H])([H])[H])C([H])([H])[H] -> [H]ONC1C([H])([H])[C@]23C([H])([H])[C@]([H])(C2([H])[H])[C@@]13[H]
2025-10-12 03:00:34,763 - INFO - training_file - 跳过无法处理的分子对: [H]ONC1=C([H])[C-]([H])C([H])([H])C1(C([H])([H])[H])C([H])([H])[H] -> [H]ONC1C([H])([H])[C@]23C([H])([H])[C@]([H])(C2([H])[H])[C@@]13[H]
2025-10-12 03:00:34,763 - INFO - training_console - 跳过无法处理的分子对: [H]ONC1=C([H])[C-]([H])C([H])([H])C1(C([H])([H])[H])C([H])([H])[H] -> [H]ONC1C([H])([H])[C@]23C([H])([H])[C@]([H])(C2([H])[H])[C@@]13[H]
2025-10-12 03:00:35,458 - INFO - training_file - 跳过无法处理的分子对: [H]ONC1C([H])([H])C([H])([H])C([H])([H])C1(C([H])([H])[H])C([H])([H])[H] -> [H]ONC1C([H])([H])[C@]23C([H])([H])[C@]([H])(C2([H])[H])[C@@]13[H]
2025-10-12 03:00:35,458 - INFO - training_console - 跳过无法处理的分子对: [H]ONC1C([H])([H])C([H])([H])C([H])([H])C1(C([H])([H])[H])C([H])([H])[H] -> [H]ONC1C([H])([H])[C@]23C([H])([H])[C@]([H])(C2([H])[H])[C@@]13[H]
2025-10-12 03:00:36,191 - INFO - training_file - 跳过无法处理的分子对: [H]ON=C(C([H])([H])C([H])([H])C([H])([H])[H])C([H])([H])C([H])([H])C([H])([H])[H] -> [H]ONC1C([H])([H])[C@]23C([H])([H])[C@]([H])(C2([H])[H])[C@@]13[H]
2025-10-12 03:00:36,191 - INFO - training_console - 跳过无法处理的分子对: [H]ON=C(C([H])([H])C([H])([H])C([H])([H])[H])C([H])([H])C([H])([H])C([H])([H])[H] -> [H]ONC1C([H])([H])[C@]23C([H])([H])[C@]([H])(C2([H])[H])[C@@]13[H]
2025-10-12 03:00:36,936 - INFO - training_file - 跳过无法处理的分子对: [H]O/N=C(/C([H])([H])C([H])([H])C([H])([H])[H])C([H])(C([H])([H])[H])C([H])([H])[H] -> [H]ONC1C([H])([H])[C@]23C([H])([H])[C@]([H])(C2([H])[H])[C@@]13[H]
2025-10-12 03:00:36,937 - INFO - training_console - 跳过无法处理的分子对: [H]O/N=C(/C([H])([H])C([H])([H])C([H])([H])[H])C([H])(C([H])([H])[H])C([H])([H])[H] -> [H]ONC1C([H])([H])[C@]23C([H])([H])[C@]([H])(C2([H])[H])[C@@]13[H]
2025-10-12 03:00:37,694 - INFO - training_file - 跳过无法处理的分子对: [H]ON=C(C([H])(C([H])([H])[H])C([H])([H])[H])C([H])(C([H])([H])[H])C([H])([H])[H] -> [H]ONC1C([H])([H])[C@]23C([H])([H])[C@]([H])(C2([H])[H])[C@@]13[H]
2025-10-12 03:00:37,694 - INFO - training_console - 跳过无法处理的分子对: [H]ON=C(C([H])(C([H])([H])[H])C([H])([H])[H])C([H])(C([H])([H])[H])C([H])([H])[H] -> [H]ONC1C([H])([H])[C@]23C([H])([H])[C@]([H])(C2([H])[H])[C@@]13[H]
2025-10-12 03:00:38,594 - INFO - training_file - 跳过无法处理的分子对: [H]O/N=C(\C([H])([H])[H])C1(C([H])([H])[H])C([H])([H])C([H])([H])C1([H])[H] -> [H]ONC1C([H])([H])[C@]23C([H])([H])[C@]([H])(C2([H])[H])[C@@]13[H]
2025-10-12 03:00:38,594 - INFO - training_console - 跳过无法处理的分子对: [H]O/N=C(\C([H])([H])[H])C1(C([H])([H])[H])C([H])([H])C([H])([H])C1([H])[H] -> [H]ONC1C([H])([H])[C@]23C([H])([H])[C@]([H])(C2([H])[H])[C@@]13[H]
2025-10-12 03:00:39,335 - INFO - training_file - 跳过无法处理的分子对: [H]ON[C@H]1C([H])([H])[C@]([H])(C([H])(C([H])([H])[H])C([H])([H])[H])C1([H])[H] -> [H]ONC1C([H])([H])[C@]23C([H])([H])[C@]([H])(C2([H])[H])[C@@]13[H]
2025-10-12 03:00:39,335 - INFO - training_console - 跳过无法处理的分子对: [H]ON[C@H]1C([H])([H])[C@]([H])(C([H])(C([H])([H])[H])C([H])([H])[H])C1([H])[H] -> [H]ONC1C([H])([H])[C@]23C([H])([H])[C@]([H])(C2([H])[H])[C@@]13[H]
2025-10-12 03:00:40,033 - INFO - training_file - 跳过无法处理的分子对: [H]O/N=C(\C([H])([H])[H])[C@]1([H])C([H])([H])[C@@]([H])(C([H])([H])[H])C1([H])[H] -> [H]ONC1C([H])([H])[C@]23C([H])([H])[C@]([H])(C2([H])[H])[C@@]13[H]
2025-10-12 03:00:40,033 - INFO - training_console - 跳过无法处理的分子对: [H]O/N=C(\C([H])([H])[H])[C@]1([H])C([H])([H])[C@@]([H])(C([H])([H])[H])C1([H])[H] -> [H]ONC1C([H])([H])[C@]23C([H])([H])[C@]([H])(C2([H])[H])[C@@]13[H]
2025-10-12 03:00:40,761 - INFO - training_file - 跳过无法处理的分子对: [H]ONC1C([H])=C(C([H])([H])[H])C([H])([H])C([H])([H])C1([H])[H] -> [H]ONC1C([H])([H])[C@]23C([H])([H])[C@]([H])(C2([H])[H])[C@@]13[H]
2025-10-12 03:00:40,761 - INFO - training_console - 跳过无法处理的分子对: [H]ONC1C([H])=C(C([H])([H])[H])C([H])([H])C([H])([H])C1([H])[H] -> [H]ONC1C([H])([H])[C@]23C([H])([H])[C@]([H])(C2([H])[H])[C@@]13[H]
2025-10-12 03:00:41,485 - INFO - training_file - 跳过无法处理的分子对: [H]ONC1C([H])([H])C(C([H])([H])[H])=C([H])C([H])([H])C1([H])[H] -> [H]ONC1C([H])([H])[C@]23C([H])([H])[C@]([H])(C2([H])[H])[C@@]13[H]
2025-10-12 03:00:41,485 - INFO - training_console - 跳过无法处理的分子对: [H]ONC1C([H])([H])C(C([H])([H])[H])=C([H])C([H])([H])C1([H])[H] -> [H]ONC1C([H])([H])[C@]23C([H])([H])[C@]([H])(C2([H])[H])[C@@]13[H]
2025-10-12 03:00:42,221 - INFO - training_file - 跳过无法处理的分子对: [H]ONC1C([H])([H])C([H])([H])C([H])([H])[C@]([H])(C([H])([H])[H])C1([H])[H] -> [H]ONC1C([H])([H])[C@]23C([H])([H])[C@]([H])(C2([H])[H])[C@@]13[H]
2025-10-12 03:00:42,221 - INFO - training_console - 跳过无法处理的分子对: [H]ONC1C([H])([H])C([H])([H])C([H])([H])[C@]([H])(C([H])([H])[H])C1([H])[H] -> [H]ONC1C([H])([H])[C@]23C([H])([H])[C@]([H])(C2([H])[H])[C@@]13[H]
2025-10-12 03:00:42,937 - INFO - training_file - 跳过无法处理的分子对: [H]ONC1C([H])([H])C(C([H])([H])[H])=C(C([H])([H])[H])C1([H])[H] -> [H]ONC1C([H])([H])[C@]23C([H])([H])[C@]([H])(C2([H])[H])[C@@]13[H]
2025-10-12 03:00:42,937 - INFO - training_console - 跳过无法处理的分子对: [H]ONC1C([H])([H])C(C([H])([H])[H])=C(C([H])([H])[H])C1([H])[H] -> [H]ONC1C([H])([H])[C@]23C([H])([H])[C@]([H])(C2([H])[H])[C@@]13[H]
2025-10-12 03:00:43,694 - INFO - training_file - 跳过无法处理的分子对: [H]ONC1C([H])([H])C(C([H])([H])[H])=C([H])[C@]1([H])C([H])([H])[H] -> [H]ONC1C([H])([H])[C@]23C([H])([H])[C@]([H])(C2([H])[H])[C@@]13[H]
2025-10-12 03:00:43,694 - INFO - training_console - 跳过无法处理的分子对: [H]ONC1C([H])([H])C(C([H])([H])[H])=C([H])[C@]1([H])C([H])([H])[H] -> [H]ONC1C([H])([H])[C@]23C([H])([H])[C@]([H])(C2([H])[H])[C@@]13[H]
2025-10-12 03:00:44,172 - INFO - training_file - 跳过无法处理的分子对: [H][N-]C1O[C@]([H])(C([H])([H])[H])C(NO[H])C1([H])[H] -> [H]ONC1C([H])([H])[C@]23C([H])([H])[N@@H+](C2([H])[H])[C@@]13[H]
2025-10-12 03:00:44,172 - INFO - training_console - 跳过无法处理的分子对: [H][N-]C1O[C@]([H])(C([H])([H])[H])C(NO[H])C1([H])[H] -> [H]ONC1C([H])([H])[C@]23C([H])([H])[N@@H+](C2([H])[H])[C@@]13[H]
2025-10-12 03:00:44,931 - INFO - training_file - 跳过无法处理的分子对: [H]ONC1C([H])([H])[C@]2([H])C([H])([H])[C@@]1(C([H])([H])[H])C2([H])[H] -> [H]ONC1C([H])([H])[C@]23C([H])([H])[C@]([H])(C2([H])[H])[C@@]13[H]
2025-10-12 03:00:44,931 - INFO - training_console - 跳过无法处理的分子对: [H]ONC1C([H])([H])[C@]2([H])C([H])([H])[C@@]1(C([H])([H])[H])C2([H])[H] -> [H]ONC1C([H])([H])[C@]23C([H])([H])[C@]([H])(C2([H])[H])[C@@]13[H]
2025-10-12 03:00:45,678 - INFO - training_file - 跳过无法处理的分子对: [H]O/N=C(\C([H])([H])[H])C([H])([H])C1([H])C([H])([H])C([H])([H])C1([H])[H] -> [H]ONC1C([H])([H])[C@]23C([H])([H])[C@]([H])(C2([H])[H])[C@@]13[H]
2025-10-12 03:00:45,678 - INFO - training_console - 跳过无法处理的分子对: [H]O/N=C(\C([H])([H])[H])C([H])([H])C1([H])C([H])([H])C([H])([H])C1([H])[H] -> [H]ONC1C([H])([H])[C@]23C([H])([H])[C@]([H])(C2([H])[H])[C@@]13[H]
2025-10-12 03:00:46,374 - INFO - training_file - 跳过无法处理的分子对: [H]C#CC([H])([H])[C@]1([H])C([H])([H])[C@@H](NO[H])C1([H])[H] -> [H]ONC1C([H])([H])[C@]23C([H])([H])[C@]([H])(C2([H])[H])[C@@]13[H]
2025-10-12 03:00:46,374 - INFO - training_console - 跳过无法处理的分子对: [H]C#CC([H])([H])[C@]1([H])C([H])([H])[C@@H](NO[H])C1([H])[H] -> [H]ONC1C([H])([H])[C@]23C([H])([H])[C@]([H])(C2([H])[H])[C@@]13[H]
2025-10-12 03:00:47,093 - INFO - training_file - 跳过无法处理的分子对: [H]ON[C@H]1C([H])([H])[C@]([H])(C#CC([H])([H])[H])C1([H])[H] -> [H]ONC1C([H])([H])[C@]23C([H])([H])[C@]([H])(C2([H])[H])[C@@]13[H]
2025-10-12 03:00:47,093 - INFO - training_console - 跳过无法处理的分子对: [H]ON[C@H]1C([H])([H])[C@]([H])(C#CC([H])([H])[H])C1([H])[H] -> [H]ONC1C([H])([H])[C@]23C([H])([H])[C@]([H])(C2([H])[H])[C@@]13[H]
2025-10-12 03:00:47,819 - INFO - training_file - 跳过无法处理的分子对: [H]ON[C@H]1C([H])([H])[C@]([H])(C([H])([H])C([H])([H])C([H])([H])[H])C1([H])[H] -> [H]ONC1C([H])([H])[C@]23C([H])([H])[C@]([H])(C2([H])[H])[C@@]13[H]
2025-10-12 03:00:47,819 - INFO - training_console - 跳过无法处理的分子对: [H]ON[C@H]1C([H])([H])[C@]([H])(C([H])([H])C([H])([H])C([H])([H])[H])C1([H])[H] -> [H]ONC1C([H])([H])[C@]23C([H])([H])[C@]([H])(C2([H])[H])[C@@]13[H]
2025-10-12 03:00:48,543 - INFO - training_file - 跳过无法处理的分子对: [H]ONC1C([H])([H])C2(C1([H])[H])C([H])([H])C([H])([H])C2([H])[H] -> [H]ONC1C([H])([H])[C@]23C([H])([H])[C@]([H])(C2([H])[H])[C@@]13[H]
2025-10-12 03:00:48,543 - INFO - training_console - 跳过无法处理的分子对: [H]ONC1C([H])([H])C2(C1([H])[H])C([H])([H])C([H])([H])C2([H])[H] -> [H]ONC1C([H])([H])[C@]23C([H])([H])[C@]([H])(C2([H])[H])[C@@]13[H]
2025-10-12 03:00:48,576 - INFO - training_file - 分子处理统计: 总数=60000, 命中=59967, 未命中=33, 命中率=99.94%
2025-10-12 03:00:48,576 - INFO - training_console - 分子处理统计: 总数=60000, 命中=59967, 未命中=33, 命中率=99.94%
2025-10-12 03:00:48,606 - INFO - training_file - 训练集样本示例 (头部数据):
2025-10-12 03:00:48,606 - INFO - training_console - 训练集样本示例 (头部数据):
2025-10-12 03:00:48,606 - INFO - training_file -   样本 1:
2025-10-12 03:00:48,606 - INFO - training_console -   样本 1:
2025-10-12 03:00:48,606 - INFO - training_file -     起始分子节点数: 5
2025-10-12 03:00:48,606 - INFO - training_console -     起始分子节点数: 5
2025-10-12 03:00:48,606 - INFO - training_file -     起始分子边数: 8
2025-10-12 03:00:48,606 - INFO - training_console -     起始分子边数: 8
2025-10-12 03:00:48,606 - INFO - training_file -     目标分子节点数: 8
2025-10-12 03:00:48,607 - INFO - training_console -     目标分子节点数: 8
2025-10-12 03:00:48,607 - INFO - training_file -     目标分子边数: 14
2025-10-12 03:00:48,607 - INFO - training_console -     目标分子边数: 14
2025-10-12 03:00:48,607 - INFO - training_file -     边特征: [1.0, 0.0, 0.0, 0.0, 0.0, 1.0, 0.0, 0.0, 0.0, 0.0, 0.0]
2025-10-12 03:00:48,607 - INFO - training_console -     边特征: [1.0, 0.0, 0.0, 0.0, 0.0, 1.0, 0.0, 0.0, 0.0, 0.0, 0.0]
2025-10-12 03:00:48,607 - INFO - training_file -     目标属性值: -0.7987876534461975
2025-10-12 03:00:48,607 - INFO - training_console -     目标属性值: -0.7987876534461975
2025-10-12 03:00:48,607 - INFO - training_file -   样本 2:
2025-10-12 03:00:48,607 - INFO - training_console -   样本 2:
2025-10-12 03:00:48,607 - INFO - training_file -     起始分子节点数: 3
2025-10-12 03:00:48,607 - INFO - training_console -     起始分子节点数: 3
2025-10-12 03:00:48,607 - INFO - training_file -     起始分子边数: 4
2025-10-12 03:00:48,607 - INFO - training_console -     起始分子边数: 4
2025-10-12 03:00:48,607 - INFO - training_file -     目标分子节点数: 6
2025-10-12 03:00:48,607 - INFO - training_console -     目标分子节点数: 6
2025-10-12 03:00:48,607 - INFO - training_file -     目标分子边数: 10
2025-10-12 03:00:48,607 - INFO - training_console -     目标分子边数: 10
2025-10-12 03:00:48,607 - INFO - training_file -     边特征: [1.0, 0.0, 0.0, 0.0, 0.0, 1.0, 0.0, 0.0, 0.0, 0.0, 0.0]
2025-10-12 03:00:48,607 - INFO - training_console -     边特征: [1.0, 0.0, 0.0, 0.0, 0.0, 1.0, 0.0, 0.0, 0.0, 0.0, 0.0]
2025-10-12 03:00:48,607 - INFO - training_file -     目标属性值: -0.3974085748195648
2025-10-12 03:00:48,607 - INFO - training_console -     目标属性值: -0.3974085748195648
2025-10-12 03:00:48,607 - INFO - training_file -   样本 3:
2025-10-12 03:00:48,607 - INFO - training_console -   样本 3:
2025-10-12 03:00:48,607 - INFO - training_file -     起始分子节点数: 4
2025-10-12 03:00:48,607 - INFO - training_console -     起始分子节点数: 4
2025-10-12 03:00:48,607 - INFO - training_file -     起始分子边数: 6
2025-10-12 03:00:48,608 - INFO - training_console -     起始分子边数: 6
2025-10-12 03:00:48,608 - INFO - training_file -     目标分子节点数: 11
2025-10-12 03:00:48,608 - INFO - training_console -     目标分子节点数: 11
2025-10-12 03:00:48,608 - INFO - training_file -     目标分子边数: 20
2025-10-12 03:00:48,608 - INFO - training_console -     目标分子边数: 20
2025-10-12 03:00:48,608 - INFO - training_file -     边特征: [1.0, 0.0, 0.0, 0.0, 0.0, 0.0, 1.0, 0.0, 0.0, 0.0, 0.0]
2025-10-12 03:00:48,608 - INFO - training_console -     边特征: [1.0, 0.0, 0.0, 0.0, 0.0, 0.0, 1.0, 0.0, 0.0, 0.0, 0.0]
2025-10-12 03:00:48,608 - INFO - training_file -     目标属性值: 1.2103770971298218
2025-10-12 03:00:48,608 - INFO - training_console -     目标属性值: 1.2103770971298218
2025-10-12 03:00:48,608 - INFO - training_file - 数据构建完成:
2025-10-12 03:00:48,608 - INFO - training_console - 数据构建完成:
2025-10-12 03:00:48,608 - INFO - training_file -   - 样本数: 29967
2025-10-12 03:00:48,608 - INFO - training_console -   - 样本数: 29967
2025-10-12 03:00:48,608 - INFO - training_file -   - 节点特征维度: 11
2025-10-12 03:00:48,608 - INFO - training_console -   - 节点特征维度: 11
2025-10-12 03:00:48,608 - INFO - training_file -   - 边特征维度: 11
2025-10-12 03:00:48,608 - INFO - training_console -   - 边特征维度: 11
2025-10-12 03:00:48,608 - INFO - training_file -   - 目标属性变化维度: 1
2025-10-12 03:00:48,608 - INFO - training_console -   - 目标属性变化维度: 1
2025-10-12 03:00:48,611 - INFO - training_file - 数据集划分完成:
2025-10-12 03:00:48,611 - INFO - training_console - 数据集划分完成:
2025-10-12 03:00:48,611 - INFO - training_file -   - 训练集: 23973 (80.0%)
2025-10-12 03:00:48,611 - INFO - training_console -   - 训练集: 23973 (80.0%)
2025-10-12 03:00:48,611 - INFO - training_file -   - 验证集: 2996 (10.0%)
2025-10-12 03:00:48,611 - INFO - training_console -   - 验证集: 2996 (10.0%)
2025-10-12 03:00:48,611 - INFO - training_file -   - 测试集: 2998 (10.0%)
2025-10-12 03:00:48,611 - INFO - training_console -   - 测试集: 2998 (10.0%)
2025-10-12 03:00:48,679 - INFO - training_file - 正在创建模型...
2025-10-12 03:00:48,679 - INFO - training_console - 正在创建模型...
2025-10-12 03:00:48,680 - INFO - training_file - 模型参数数量: 980993
2025-10-12 03:00:48,680 - INFO - training_console - 模型参数数量: 980993
2025-10-12 03:00:48,680 - INFO - training_file - 使用设备: cuda
2025-10-12 03:00:48,680 - INFO - training_console - 使用设备: cuda
2025-10-12 03:01:07,848 - INFO - training_file - Epoch [10/100], Train Loss: 0.336387, Val Loss: 0.322093, R²: 0.7249, MAE: 0.3221
2025-10-12 03:01:25,500 - INFO - training_file - Epoch [20/100], Train Loss: 0.324347, Val Loss: 0.300425, R²: 0.7688, MAE: 0.3004
2025-10-12 03:01:43,209 - INFO - training_file - Epoch [30/100], Train Loss: 0.275913, Val Loss: 0.264038, R²: 0.8075, MAE: 0.2640
2025-10-12 03:02:01,091 - INFO - training_file - Epoch [40/100], Train Loss: 0.255830, Val Loss: 0.241898, R²: 0.8359, MAE: 0.2419
2025-10-12 03:02:19,059 - INFO - training_file - Epoch [50/100], Train Loss: 0.289462, Val Loss: 0.246250, R²: 0.8355, MAE: 0.2462
2025-10-12 03:02:36,750 - INFO - training_file - Epoch [60/100], Train Loss: 0.238930, Val Loss: 0.261300, R²: 0.8293, MAE: 0.2613
2025-10-12 03:02:54,559 - INFO - training_file - Epoch [70/100], Train Loss: 0.229822, Val Loss: 0.252587, R²: 0.8299, MAE: 0.2526
2025-10-12 03:03:12,703 - INFO - training_file - Epoch [80/100], Train Loss: 0.215984, Val Loss: 0.248439, R²: 0.8305, MAE: 0.2484
2025-10-12 03:03:30,804 - INFO - training_file - Epoch [90/100], Train Loss: 0.202148, Val Loss: 0.204466, R²: 0.8700, MAE: 0.2045
2025-10-12 03:03:48,723 - INFO - training_file - 已保存checkpoint: /home/data2/rhj/project/mol_editor/mol_evo/../mol_evo/output/v0/training_20251012_030020/checkpoint_epoch_100.pth
2025-10-12 03:03:48,723 - INFO - training_console - 已保存checkpoint: /home/data2/rhj/project/mol_editor/mol_evo/../mol_evo/output/v0/training_20251012_030020/checkpoint_epoch_100.pth
2025-10-12 03:03:48,910 - INFO - training_file - Epoch [100/100], Train Loss: 0.200236, Val Loss: 0.195701, R²: 0.8772, MAE: 0.1957
2025-10-12 03:03:48,910 - INFO - training_file - 开始训练 (100 轮)...
2025-10-12 03:03:48,910 - INFO - training_console - 开始训练 (100 轮)...
2025-10-12 03:03:50,300 - INFO - training_file - ============================================================
2025-10-12 03:03:50,301 - INFO - training_console - ============================================================
2025-10-12 03:03:50,301 - INFO - training_file - 训练完成 - 最终评估结果
2025-10-12 03:03:50,301 - INFO - training_console - 训练完成 - 最终评估结果
2025-10-12 03:03:50,301 - INFO - training_file - ============================================================
2025-10-12 03:03:50,301 - INFO - training_console - ============================================================
2025-10-12 03:03:50,301 - INFO - training_file - 测试集损失: 0.196292
2025-10-12 03:03:50,301 - INFO - training_console - 测试集损失: 0.196292
2025-10-12 03:03:50,301 - INFO - training_file - RMSE: 0.344489
2025-10-12 03:03:50,301 - INFO - training_console - RMSE: 0.344489
2025-10-12 03:03:50,301 - INFO - training_file - MAE: 0.196292
2025-10-12 03:03:50,301 - INFO - training_console - MAE: 0.196292
2025-10-12 03:03:50,301 - INFO - training_file - R²: 0.878193
2025-10-12 03:03:50,301 - INFO - training_console - R²: 0.878193
2025-10-12 03:03:50,301 - INFO - training_file - 
2025-10-12 03:03:50,301 - INFO - training_console - 
2025-10-12 03:03:50,301 - INFO - training_file - 阈值准确率:
2025-10-12 03:03:50,301 - INFO - training_console - 阈值准确率:
2025-10-12 03:03:50,301 - INFO - training_file -   阈值 0.4: 89.43%
2025-10-12 03:03:50,301 - INFO - training_console -   阈值 0.4: 89.43%
2025-10-12 03:03:50,301 - INFO - training_file -   阈值 0.3: 83.62%
2025-10-12 03:03:50,301 - INFO - training_console -   阈值 0.3: 83.62%
2025-10-12 03:03:50,301 - INFO - training_file -   阈值 0.2: 72.41%
2025-10-12 03:03:50,301 - INFO - training_console -   阈值 0.2: 72.41%
2025-10-12 03:03:50,301 - INFO - training_file -   阈值 0.1: 45.83%
2025-10-12 03:03:50,301 - INFO - training_console -   阈值 0.1: 45.83%
2025-10-12 03:03:50,302 - INFO - training_file -   阈值 0.05: 24.88%
2025-10-12 03:03:50,302 - INFO - training_console -   阈值 0.05: 24.88%
2025-10-12 03:03:50,302 - INFO - training_file - 
2025-10-12 03:03:50,302 - INFO - training_console - 
2025-10-12 03:03:50,302 - INFO - training_file - 模型已保存至: /home/data2/rhj/project/mol_editor/mol_evo/../mol_evo/output/v0/training_20251012_030020/molecule_evolution_gcn_v0_mu_predictor.pth
2025-10-12 03:03:50,302 - INFO - training_console - 模型已保存至: /home/data2/rhj/project/mol_editor/mol_evo/../mol_evo/output/v0/training_20251012_030020/molecule_evolution_gcn_v0_mu_predictor.pth
2025-10-12 03:03:50,302 - INFO - training_file - 
2025-10-12 03:03:50,302 - INFO - training_console - 
2025-10-12 03:03:50,302 - INFO - training_file - 训练过程总结:
2025-10-12 03:03:50,302 - INFO - training_console - 训练过程总结:
2025-10-12 03:03:50,302 - INFO - training_file -   最佳训练损失: 0.190000
2025-10-12 03:03:50,302 - INFO - training_console -   最佳训练损失: 0.190000
2025-10-12 03:03:50,302 - INFO - training_file -   最佳验证损失: 0.189964
2025-10-12 03:03:50,302 - INFO - training_console -   最佳验证损失: 0.189964
2025-10-12 03:03:50,302 - INFO - training_file - 
2025-10-12 03:03:50,302 - INFO - training_console - 
2025-10-12 03:03:50,302 - INFO - training_file - 训练完成:
2025-10-12 03:03:50,302 - INFO - training_console - 训练完成:
2025-10-12 03:03:50,302 - INFO - training_file -   - 最终训练损失: 0.200236
2025-10-12 03:03:50,302 - INFO - training_console -   - 最终训练损失: 0.200236
2025-10-12 03:03:50,302 - INFO - training_file -   - 最佳验证损失: 0.189964
2025-10-12 03:03:50,302 - INFO - training_console -   - 最佳验证损失: 0.189964
2025-10-12 03:03:50,302 - INFO - training_file -   - 测试损失 (MSE): 0.196292
2025-10-12 03:03:50,302 - INFO - training_console -   - 测试损失 (MSE): 0.196292
2025-10-12 03:03:50,302 - INFO - training_file -   - 测试RMSE: 0.344489
2025-10-12 03:03:50,302 - INFO - training_console -   - 测试RMSE: 0.344489
2025-10-12 03:03:50,302 - INFO - training_file -   - 测试MAE: 0.196292
2025-10-12 03:03:50,302 - INFO - training_console -   - 测试MAE: 0.196292
2025-10-12 03:03:50,302 - INFO - training_file -   - 测试R²: 0.878193
2025-10-12 03:03:50,302 - INFO - training_console -   - 测试R²: 0.878193
2025-10-12 03:03:50,302 - INFO - training_file -   - 测试阈值准确率 (0.4): 0.8943
2025-10-12 03:03:50,302 - INFO - training_console -   - 测试阈值准确率 (0.4): 0.8943
2025-10-12 03:03:50,302 - INFO - training_file -   - 测试阈值准确率 (0.3): 0.8362
2025-10-12 03:03:50,302 - INFO - training_console -   - 测试阈值准确率 (0.3): 0.8362
2025-10-12 03:03:50,303 - INFO - training_file -   - 测试阈值准确率 (0.2): 0.7241
2025-10-12 03:03:50,303 - INFO - training_console -   - 测试阈值准确率 (0.2): 0.7241
2025-10-12 03:03:50,303 - INFO - training_file -   - 测试阈值准确率 (0.1): 0.4583
2025-10-12 03:03:50,303 - INFO - training_console -   - 测试阈值准确率 (0.1): 0.4583
2025-10-12 03:03:50,303 - INFO - training_file -   - 测试阈值准确率 (0.05): 0.2488
2025-10-12 03:03:50,303 - INFO - training_console -   - 测试阈值准确率 (0.05): 0.2488
2025-10-12 03:03:50,303 - INFO - training_file -   - 模型已保存到: /home/data2/rhj/project/mol_editor/mol_evo/../mol_evo/output/v0/training_20251012_030020/molecule_evolution_gcn_v0_mu_predictor.pth
2025-10-12 03:03:50,303 - INFO - training_console -   - 模型已保存到: /home/data2/rhj/project/mol_editor/mol_evo/../mol_evo/output/v0/training_20251012_030020/molecule_evolution_gcn_v0_mu_predictor.pth
