2025-10-13 05:09:33,266 - INFO - training_file - 开始对测试集进行预测: /home/data2/rhj/project/mol_editor/mol_evo/dataset/data/qm9-evo-pairs-step-1-with-properties-pct.csv
2025-10-13 05:09:33,266 - INFO - training_console - 开始对测试集进行预测: /home/data2/rhj/project/mol_editor/mol_evo/dataset/data/qm9-evo-pairs-step-1-with-properties-pct.csv
2025-10-13 05:09:33,266 - INFO - training_file - 使用模型: /home/data2/rhj/project/mol_editor/mol_evo/output/v0/gcn/train-20251012_230612-mu_change-30000-500/molecule_evolution_gcn_v0_mu_predictor.pth
2025-10-13 05:09:33,266 - INFO - training_console - 使用模型: /home/data2/rhj/project/mol_editor/mol_evo/output/v0/gcn/train-20251012_230612-mu_change-30000-500/molecule_evolution_gcn_v0_mu_predictor.pth
2025-10-13 05:09:33,266 - INFO - training_file - 随机种子: 42
2025-10-13 05:09:33,266 - INFO - training_console - 随机种子: 42
2025-10-13 05:09:33,266 - INFO - training_file - 从训练数据中加载模型参数和属性统计信息
2025-10-13 05:09:33,266 - INFO - training_console - 从训练数据中加载模型参数和属性统计信息
2025-10-13 05:09:33,266 - INFO - training_file - 正在构建图数据: /home/data2/rhj/project/mol_editor/mol_evo/dataset/data/qm9-evo-pairs-step-1-with-properties-pct.csv
2025-10-13 05:09:33,266 - INFO - training_console - 正在构建图数据: /home/data2/rhj/project/mol_editor/mol_evo/dataset/data/qm9-evo-pairs-step-1-with-properties-pct.csv
2025-10-13 05:09:33,874 - INFO - training_file - 加载缓存文件: /home/data2/rhj/project/mol_editor/mol_evo/core/utils/../../.cache/molecule_graphs/csv_qm9-evo-pairs-step-1-with-properties-pct_3cbb45cc1ac9202d.pt，包含 1994 个分子
2025-10-13 05:09:33,874 - INFO - training_console - 加载缓存文件: /home/data2/rhj/project/mol_editor/mol_evo/core/utils/../../.cache/molecule_graphs/csv_qm9-evo-pairs-step-1-with-properties-pct_3cbb45cc1ac9202d.pt，包含 1994 个分子
2025-10-13 05:09:33,893 - INFO - training_file - 分子处理统计: 总数=400, 命中=400, 未命中=0, 命中率=100.00%
2025-10-13 05:09:33,893 - INFO - training_console - 分子处理统计: 总数=400, 命中=400, 未命中=0, 命中率=100.00%
2025-10-13 05:09:33,905 - INFO - training_file - 数据集划分完成 - 训练集: 160, 验证集: 20, 测试集: 20
2025-10-13 05:09:33,905 - INFO - training_console - 数据集划分完成 - 训练集: 160, 验证集: 20, 测试集: 20
2025-10-13 05:09:33,967 - INFO - training_file - 模型加载成功
2025-10-13 05:09:33,967 - INFO - training_console - 模型加载成功
2025-10-13 05:09:34,262 - INFO - training_file - 使用设备: cuda
2025-10-13 05:09:34,263 - INFO - training_console - 使用设备: cuda
2025-10-13 05:09:34,263 - INFO - training_file - 开始在测试集上进行预测和评估
2025-10-13 05:09:34,263 - INFO - training_console - 开始在测试集上进行预测和评估
2025-10-13 05:09:34,481 - INFO - training_file - ==================================================
2025-10-13 05:09:34,481 - INFO - training_console - ==================================================
2025-10-13 05:09:34,481 - INFO - training_file - 测试集预测结果摘要
2025-10-13 05:09:34,481 - INFO - training_console - 测试集预测结果摘要
2025-10-13 05:09:34,481 - INFO - training_file - ==================================================
2025-10-13 05:09:34,481 - INFO - training_console - ==================================================
2025-10-13 05:09:34,482 - INFO - training_file - 测试损失 (MAE): 0.356297
2025-10-13 05:09:34,482 - INFO - training_console - 测试损失 (MAE): 0.356297
2025-10-13 05:09:34,482 - INFO - training_file - RMSE: 0.424285
2025-10-13 05:09:34,482 - INFO - training_console - RMSE: 0.424285
2025-10-13 05:09:34,482 - INFO - training_file - MAE: 0.356297
2025-10-13 05:09:34,482 - INFO - training_console - MAE: 0.356297
2025-10-13 05:09:34,482 - INFO - training_file - R²: 0.733030
2025-10-13 05:09:34,482 - INFO - training_console - R²: 0.733030
2025-10-13 05:09:34,482 - INFO - training_file - ------------------------------
2025-10-13 05:09:34,482 - INFO - training_console - ------------------------------
2025-10-13 05:09:34,482 - INFO - training_file - 反标准化后的指标:
2025-10-13 05:09:34,482 - INFO - training_console - 反标准化后的指标:
2025-10-13 05:09:34,482 - INFO - training_file - RMSE: 0.465180
2025-10-13 05:09:34,482 - INFO - training_console - RMSE: 0.465180
2025-10-13 05:09:34,482 - INFO - training_file - MAE: 0.390639
2025-10-13 05:09:34,482 - INFO - training_console - MAE: 0.390639
2025-10-13 05:09:34,482 - INFO - training_file - R²: 0.733030
2025-10-13 05:09:34,482 - INFO - training_console - R²: 0.733030
2025-10-13 05:09:34,482 - INFO - training_file - ==================================================
2025-10-13 05:09:34,482 - INFO - training_console - ==================================================
2025-10-13 05:09:34,482 - INFO - training_file - 详细结果已保存到: /home/data2/rhj/project/mol_editor/mol_evo/../mol_evo/output/v0/predictions/prediction-20251013_050933/prediction_results.json
2025-10-13 05:09:34,482 - INFO - training_console - 详细结果已保存到: /home/data2/rhj/project/mol_editor/mol_evo/../mol_evo/output/v0/predictions/prediction-20251013_050933/prediction_results.json
