2025-10-11 00:48:29,305 - INFO - training_file - ============================================================
2025-10-11 00:48:29,306 - INFO - training_console - ============================================================
2025-10-11 00:48:29,306 - INFO - training_file - 基于NNConv的分子进化预测器模型训练开始
2025-10-11 00:48:29,306 - INFO - training_console - 基于NNConv的分子进化预测器模型训练开始
2025-10-11 00:48:29,306 - INFO - training_file - ============================================================
2025-10-11 00:48:29,306 - INFO - training_console - ============================================================
2025-10-11 00:48:29,306 - INFO - training_file - 数据文件: mol_evo/dataset/data/qm9-evo-pairs-step-1-with-properties.csv
2025-10-11 00:48:29,306 - INFO - training_console - 数据文件: mol_evo/dataset/data/qm9-evo-pairs-step-1-with-properties.csv
2025-10-11 00:48:29,306 - INFO - training_file - 最大对数: 1000
2025-10-11 00:48:29,306 - INFO - training_console - 最大对数: 1000
2025-10-11 00:48:29,306 - INFO - training_file - 训练轮数: 500
2025-10-11 00:48:29,306 - INFO - training_console - 训练轮数: 500
2025-10-11 00:48:29,306 - INFO - training_file - 正在构建图数据: mol_evo/dataset/data/qm9-evo-pairs-step-1-with-properties.csv
2025-10-11 00:48:29,306 - INFO - training_console - 正在构建图数据: mol_evo/dataset/data/qm9-evo-pairs-step-1-with-properties.csv
2025-10-11 00:48:29,622 - INFO - training_file - 加载缓存文件: /home/data2/rhj/project/mol_editor/mol_evo/core/utils/../../.cache/molecule_graphs/training_dataset.pt，包含 1377 个分子
2025-10-11 00:48:29,622 - INFO - training_console - 加载缓存文件: /home/data2/rhj/project/mol_editor/mol_evo/core/utils/../../.cache/molecule_graphs/training_dataset.pt，包含 1377 个分子
2025-10-11 00:48:29,784 - INFO - training_file - 分子处理统计: 总数=2000, 命中=2000, 未命中=0, 命中率=100.00%
2025-10-11 00:48:29,784 - INFO - training_console - 分子处理统计: 总数=2000, 命中=2000, 未命中=0, 命中率=100.00%
2025-10-11 00:48:29,789 - INFO - training_file - 训练集样本示例 (头部数据):
2025-10-11 00:48:29,789 - INFO - training_console - 训练集样本示例 (头部数据):
2025-10-11 00:48:29,789 - INFO - training_file -   样本 1:
2025-10-11 00:48:29,789 - INFO - training_console -   样本 1:
2025-10-11 00:48:29,789 - INFO - training_file -     起始分子节点数: 5
2025-10-11 00:48:29,789 - INFO - training_console -     起始分子节点数: 5
2025-10-11 00:48:29,789 - INFO - training_file -     起始分子边数: 8
2025-10-11 00:48:29,789 - INFO - training_console -     起始分子边数: 8
2025-10-11 00:48:29,789 - INFO - training_file -     目标分子节点数: 8
2025-10-11 00:48:29,789 - INFO - training_console -     目标分子节点数: 8
2025-10-11 00:48:29,789 - INFO - training_file -     目标分子边数: 14
2025-10-11 00:48:29,789 - INFO - training_console -     目标分子边数: 14
2025-10-11 00:48:29,790 - INFO - training_file -     边特征: [1.0, 0.0, 0.0, 0.0, 0.0, 1.0, 0.0, 0.0, 0.0, 0.0, 0.0]
2025-10-11 00:48:29,790 - INFO - training_console -     边特征: [1.0, 0.0, 0.0, 0.0, 0.0, 1.0, 0.0, 0.0, 0.0, 0.0, 0.0]
2025-10-11 00:48:29,790 - INFO - training_file -     目标属性值: 0.23596179485321045
2025-10-11 00:48:29,790 - INFO - training_console -     目标属性值: 0.23596179485321045
2025-10-11 00:48:29,790 - INFO - training_file -   样本 2:
2025-10-11 00:48:29,790 - INFO - training_console -   样本 2:
2025-10-11 00:48:29,790 - INFO - training_file -     起始分子节点数: 3
2025-10-11 00:48:29,790 - INFO - training_console -     起始分子节点数: 3
2025-10-11 00:48:29,790 - INFO - training_file -     起始分子边数: 4
2025-10-11 00:48:29,790 - INFO - training_console -     起始分子边数: 4
2025-10-11 00:48:29,790 - INFO - training_file -     目标分子节点数: 6
2025-10-11 00:48:29,790 - INFO - training_console -     目标分子节点数: 6
2025-10-11 00:48:29,790 - INFO - training_file -     目标分子边数: 10
2025-10-11 00:48:29,790 - INFO - training_console -     目标分子边数: 10
2025-10-11 00:48:29,790 - INFO - training_file -     边特征: [1.0, 0.0, 0.0, 0.0, 0.0, 1.0, 0.0, 0.0, 0.0, 0.0, 0.0]
2025-10-11 00:48:29,790 - INFO - training_console -     边特征: [1.0, 0.0, 0.0, 0.0, 0.0, 1.0, 0.0, 0.0, 0.0, 0.0, 0.0]
2025-10-11 00:48:29,790 - INFO - training_file -     目标属性值: -0.08259131014347076
2025-10-11 00:48:29,790 - INFO - training_console -     目标属性值: -0.08259131014347076
2025-10-11 00:48:29,790 - INFO - training_file -   样本 3:
2025-10-11 00:48:29,790 - INFO - training_console -   样本 3:
2025-10-11 00:48:29,790 - INFO - training_file -     起始分子节点数: 4
2025-10-11 00:48:29,790 - INFO - training_console -     起始分子节点数: 4
2025-10-11 00:48:29,790 - INFO - training_file -     起始分子边数: 6
2025-10-11 00:48:29,790 - INFO - training_console -     起始分子边数: 6
2025-10-11 00:48:29,790 - INFO - training_file -     目标分子节点数: 11
2025-10-11 00:48:29,790 - INFO - training_console -     目标分子节点数: 11
2025-10-11 00:48:29,790 - INFO - training_file -     目标分子边数: 20
2025-10-11 00:48:29,790 - INFO - training_console -     目标分子边数: 20
2025-10-11 00:48:29,790 - INFO - training_file -     边特征: [1.0, 0.0, 0.0, 0.0, 0.0, 0.0, 1.0, 0.0, 0.0, 0.0, 0.0]
2025-10-11 00:48:29,790 - INFO - training_console -     边特征: [1.0, 0.0, 0.0, 0.0, 0.0, 0.0, 1.0, 0.0, 0.0, 0.0, 0.0]
2025-10-11 00:48:29,791 - INFO - training_file -     目标属性值: 0.29442358016967773
2025-10-11 00:48:29,791 - INFO - training_console -     目标属性值: 0.29442358016967773
2025-10-11 00:48:29,791 - INFO - training_file - 数据构建完成:
2025-10-11 00:48:29,791 - INFO - training_console - 数据构建完成:
2025-10-11 00:48:29,791 - INFO - training_file -   - 样本数: 1000
2025-10-11 00:48:29,791 - INFO - training_console -   - 样本数: 1000
2025-10-11 00:48:29,791 - INFO - training_file -   - 节点特征维度: 11
2025-10-11 00:48:29,791 - INFO - training_console -   - 节点特征维度: 11
2025-10-11 00:48:29,791 - INFO - training_file -   - 边特征维度: 11
2025-10-11 00:48:29,791 - INFO - training_console -   - 边特征维度: 11
2025-10-11 00:48:29,791 - INFO - training_file -   - 目标属性变化维度: 1
2025-10-11 00:48:29,791 - INFO - training_console -   - 目标属性变化维度: 1
2025-10-11 00:48:29,791 - INFO - training_file - 数据集划分完成:
2025-10-11 00:48:29,791 - INFO - training_console - 数据集划分完成:
2025-10-11 00:48:29,792 - INFO - training_file -   - 训练集: 800 (80.0%)
2025-10-11 00:48:29,792 - INFO - training_console -   - 训练集: 800 (80.0%)
2025-10-11 00:48:29,792 - INFO - training_file -   - 验证集: 100 (10.0%)
2025-10-11 00:48:29,792 - INFO - training_console -   - 验证集: 100 (10.0%)
2025-10-11 00:48:29,792 - INFO - training_file -   - 测试集: 100 (10.0%)
2025-10-11 00:48:29,792 - INFO - training_console -   - 测试集: 100 (10.0%)
2025-10-11 00:48:29,833 - INFO - training_file - 正在创建模型...
2025-10-11 00:48:29,833 - INFO - training_console - 正在创建模型...
2025-10-11 00:48:29,833 - INFO - training_file - 模型参数数量: 980993
2025-10-11 00:48:29,833 - INFO - training_console - 模型参数数量: 980993
2025-10-11 00:48:29,833 - INFO - training_file - 使用设备: cuda
2025-10-11 00:48:29,833 - INFO - training_console - 使用设备: cuda
2025-10-11 00:49:30,675 - INFO - training_file - Epoch [10/500], Train Loss: 0.621049, Val Loss: 3.181795, R²: 0.0328, MAE: 0.7918
2025-10-11 00:50:30,641 - INFO - training_file - Epoch [20/500], Train Loss: 0.574842, Val Loss: 3.037750, R²: 0.0766, MAE: 0.7700
2025-10-11 00:51:32,542 - INFO - training_file - Epoch [30/500], Train Loss: 0.500392, Val Loss: 2.884554, R²: 0.1231, MAE: 0.7328
2025-10-11 00:52:31,023 - INFO - training_file - Epoch [40/500], Train Loss: 0.448713, Val Loss: 2.773787, R²: 0.1568, MAE: 0.6899
2025-10-11 00:53:29,904 - INFO - training_file - Epoch [50/500], Train Loss: 0.461564, Val Loss: 2.825838, R²: 0.1410, MAE: 0.6904
2025-10-11 00:54:28,386 - INFO - training_file - Epoch [60/500], Train Loss: 0.424713, Val Loss: 2.822036, R²: 0.1421, MAE: 0.6895
2025-10-11 00:55:26,904 - INFO - training_file - Epoch [70/500], Train Loss: 0.419566, Val Loss: 2.872100, R²: 0.1269, MAE: 0.6988
2025-10-11 00:56:25,663 - INFO - training_file - Epoch [80/500], Train Loss: 0.411053, Val Loss: 2.872557, R²: 0.1268, MAE: 0.6965
2025-10-11 00:57:24,349 - INFO - training_file - Epoch [90/500], Train Loss: 0.406253, Val Loss: 2.869973, R²: 0.1276, MAE: 0.6947
2025-10-11 00:57:30,290 - INFO - training_file - 早停机制触发，在第 91 轮停止训练
2025-10-11 00:57:30,291 - INFO - training_console - 早停机制触发，在第 91 轮停止训练
2025-10-11 00:57:30,295 - INFO - training_file - 开始训练 (500 轮)...
2025-10-11 00:57:30,297 - INFO - training_console - 开始训练 (500 轮)...
2025-10-11 00:57:31,583 - INFO - training_file - ============================================================
2025-10-11 00:57:31,583 - INFO - training_console - ============================================================
2025-10-11 00:57:31,583 - INFO - training_file - 训练完成 - 最终评估结果
2025-10-11 00:57:31,583 - INFO - training_console - 训练完成 - 最终评估结果
2025-10-11 00:57:31,583 - INFO - training_file - ============================================================
2025-10-11 00:57:31,583 - INFO - training_console - ============================================================
2025-10-11 00:57:31,583 - INFO - training_file - 测试集损失: 0.418377
2025-10-11 00:57:31,583 - INFO - training_console - 测试集损失: 0.418377
2025-10-11 00:57:31,583 - INFO - training_file - RMSE: 0.646820
2025-10-11 00:57:31,583 - INFO - training_console - RMSE: 0.646820
2025-10-11 00:57:31,583 - INFO - training_file - MAE: 0.408270
2025-10-11 00:57:31,583 - INFO - training_console - MAE: 0.408270
2025-10-11 00:57:31,583 - INFO - training_file - R²: 0.181969
2025-10-11 00:57:31,583 - INFO - training_console - R²: 0.181969
2025-10-11 00:57:31,583 - INFO - training_file - 
2025-10-11 00:57:31,583 - INFO - training_console - 
2025-10-11 00:57:31,583 - INFO - training_file - 阈值准确率:
2025-10-11 00:57:31,583 - INFO - training_console - 阈值准确率:
2025-10-11 00:57:31,583 - INFO - training_file -   阈值 0.4: 68.00%
2025-10-11 00:57:31,584 - INFO - training_console -   阈值 0.4: 68.00%
2025-10-11 00:57:31,584 - INFO - training_file -   阈值 0.3: 64.00%
2025-10-11 00:57:31,584 - INFO - training_console -   阈值 0.3: 64.00%
2025-10-11 00:57:31,584 - INFO - training_file -   阈值 0.2: 49.00%
2025-10-11 00:57:31,584 - INFO - training_console -   阈值 0.2: 49.00%
2025-10-11 00:57:31,584 - INFO - training_file -   阈值 0.1: 31.00%
2025-10-11 00:57:31,584 - INFO - training_console -   阈值 0.1: 31.00%
2025-10-11 00:57:31,584 - INFO - training_file -   阈值 0.05: 18.00%
2025-10-11 00:57:31,584 - INFO - training_console -   阈值 0.05: 18.00%
2025-10-11 00:57:31,584 - INFO - training_file - 
2025-10-11 00:57:31,584 - INFO - training_console - 
2025-10-11 00:57:31,584 - INFO - training_file - 模型已保存至: /home/data2/rhj/project/mol_editor/mol_evo/../mol_evo/model-data/v0/training_20251011_004829/molecule_evolution_gcn_v0_mu_predictor.pth
2025-10-11 00:57:31,584 - INFO - training_console - 模型已保存至: /home/data2/rhj/project/mol_editor/mol_evo/../mol_evo/model-data/v0/training_20251011_004829/molecule_evolution_gcn_v0_mu_predictor.pth
2025-10-11 00:57:31,584 - INFO - training_file - 
2025-10-11 00:57:31,584 - INFO - training_console - 
2025-10-11 00:57:31,584 - INFO - training_file - 训练过程总结:
2025-10-11 00:57:31,584 - INFO - training_console - 训练过程总结:
2025-10-11 00:57:31,584 - INFO - training_file -   最佳训练损失: 0.405995
2025-10-11 00:57:31,584 - INFO - training_console -   最佳训练损失: 0.405995
2025-10-11 00:57:31,584 - INFO - training_file -   最佳验证损失: 2.768088
2025-10-11 00:57:31,584 - INFO - training_console -   最佳验证损失: 2.768088
2025-10-11 00:57:31,584 - INFO - training_file - 
2025-10-11 00:57:31,584 - INFO - training_console - 
2025-10-11 00:57:31,584 - INFO - training_file - 训练完成:
2025-10-11 00:57:31,584 - INFO - training_console - 训练完成:
2025-10-11 00:57:31,584 - INFO - training_file -   - 最终训练损失: 0.405995
2025-10-11 00:57:31,584 - INFO - training_console -   - 最终训练损失: 0.405995
2025-10-11 00:57:31,584 - INFO - training_file -   - 最佳验证损失: 2.768088
2025-10-11 00:57:31,584 - INFO - training_console -   - 最佳验证损失: 2.768088
2025-10-11 00:57:31,584 - INFO - training_file -   - 测试损失 (MSE): 0.418377
2025-10-11 00:57:31,584 - INFO - training_console -   - 测试损失 (MSE): 0.418377
2025-10-11 00:57:31,584 - INFO - training_file -   - 测试RMSE: 0.646820
2025-10-11 00:57:31,584 - INFO - training_console -   - 测试RMSE: 0.646820
2025-10-11 00:57:31,585 - INFO - training_file -   - 测试MAE: 0.408270
2025-10-11 00:57:31,585 - INFO - training_console -   - 测试MAE: 0.408270
2025-10-11 00:57:31,585 - INFO - training_file -   - 测试R²: 0.181969
2025-10-11 00:57:31,585 - INFO - training_console -   - 测试R²: 0.181969
2025-10-11 00:57:31,585 - INFO - training_file -   - 测试阈值准确率 (0.4): 0.6800
2025-10-11 00:57:31,585 - INFO - training_console -   - 测试阈值准确率 (0.4): 0.6800
2025-10-11 00:57:31,585 - INFO - training_file -   - 测试阈值准确率 (0.3): 0.6400
2025-10-11 00:57:31,585 - INFO - training_console -   - 测试阈值准确率 (0.3): 0.6400
2025-10-11 00:57:31,585 - INFO - training_file -   - 测试阈值准确率 (0.2): 0.4900
2025-10-11 00:57:31,585 - INFO - training_console -   - 测试阈值准确率 (0.2): 0.4900
2025-10-11 00:57:31,585 - INFO - training_file -   - 测试阈值准确率 (0.1): 0.3100
2025-10-11 00:57:31,585 - INFO - training_console -   - 测试阈值准确率 (0.1): 0.3100
2025-10-11 00:57:31,585 - INFO - training_file -   - 测试阈值准确率 (0.05): 0.1800
2025-10-11 00:57:31,585 - INFO - training_console -   - 测试阈值准确率 (0.05): 0.1800
2025-10-11 00:57:31,585 - INFO - training_file -   - 模型已保存到: /home/data2/rhj/project/mol_editor/mol_evo/../mol_evo/model-data/v0/training_20251011_004829/molecule_evolution_gcn_v0_mu_predictor.pth
2025-10-11 00:57:31,585 - INFO - training_console -   - 模型已保存到: /home/data2/rhj/project/mol_editor/mol_evo/../mol_evo/model-data/v0/training_20251011_004829/molecule_evolution_gcn_v0_mu_predictor.pth
