2025-11-10 19:01:39,588 - INFO - ============================================================
2025-11-10 19:01:39,589 - INFO - 数据文件: mol_evo/dataset/data/qm9-evo-pairs-step-1-with-properties-pct.csv
2025-11-10 19:01:39,589 - INFO - 最大对数: 30000
2025-11-10 19:01:39,589 - INFO - 训练轮数: 200
2025-11-10 19:01:39,589 - INFO - ============================================================
2025-11-10 19:01:39,589 - INFO - 正在构建图数据: mol_evo/dataset/data/qm9-evo-pairs-step-1-with-properties-pct.csv
2025-11-10 19:01:40,194 - INFO - 加载缓存文件: /home/data2/rhj/project/mol_editor/mol_evo/core/utils/../../.cache/molecule_graphs/csv_qm9-evo-pairs-step-1-with-properties-pct_3cbb45cc1ac9202d.pt，包含 1994 个分子
2025-11-10 19:01:44,573 - WARNING - 跳过第25871行分子对: [H]O/N=C(\C([H])([H])[H])C([H])([H])C(C([H])([H])[H])(C([H])([H])[H])C([H])([H])[H] -> [H]ONC1C([H])([H])[C@]23C([H])([H])[C@]([H])(C2([H])[H])[C@@]13[H] (数据为None)
2025-11-10 19:01:45,345 - WARNING - 跳过第25984行分子对: [H]O/N=C(/C([H])([H])C([H])([H])[H])C(C([H])([H])[H])(C([H])([H])[H])C([H])([H])[H] -> [H]ONC1C([H])([H])[C@]23C([H])([H])[C@]([H])(C2([H])[H])[C@@]13[H] (数据为None)
2025-11-10 19:01:46,122 - WARNING - 跳过第26175行分子对: [H]O/N=C(\C([H])([H])[H])C(C([H])([H])[H])(C([H])([H])[H])C([H])([H])C([H])([H])[H] -> [H]ONC1C([H])([H])[C@]23C([H])([H])[C@]([H])(C2([H])[H])[C@@]13[H] (数据为None)
2025-11-10 19:01:46,947 - WARNING - 跳过第26431行分子对: [H]O/N=C(\C([H])([H])[H])C([H])([H])C([H])([H])C([H])(C([H])([H])[H])C([H])([H])[H] -> [H]ONC1C([H])([H])[C@]23C([H])([H])[C@]([H])(C2([H])[H])[C@@]13[H] (数据为None)
2025-11-10 19:01:47,709 - WARNING - 跳过第26530行分子对: [H]ONC1C(C([H])([H])[H])(C([H])([H])[H])C([H])([H])[C@]1([H])C([H])([H])[H] -> [H]ONC1C([H])([H])[C@]23C([H])([H])[C@]([H])(C2([H])[H])[C@@]13[H] (数据为None)
2025-11-10 19:01:48,491 - WARNING - 跳过第26630行分子对: [H]ONC1C([H])=C([H])C(C([H])([H])[H])(C([H])([H])[H])C1([H])[H] -> [H]ONC1C([H])([H])[C@]23C([H])([H])[C@]([H])(C2([H])[H])[C@@]13[H] (数据为None)
2025-11-10 19:01:49,267 - WARNING - 跳过第26691行分子对: [H]ONC1C([H])([H])C([H])([H])C(C([H])([H])[H])(C([H])([H])[H])C1([H])[H] -> [H]ONC1C([H])([H])[C@]23C([H])([H])[C@]([H])(C2([H])[H])[C@@]13[H] (数据为None)
2025-11-10 19:01:50,059 - WARNING - 跳过第26895行分子对: [H]O/N=C(\C([H])([H])C([H])([H])[H])C([H])([H])C([H])(C([H])([H])[H])C([H])([H])[H] -> [H]ONC1C([H])([H])[C@]23C([H])([H])[C@]([H])(C2([H])[H])[C@@]13[H] (数据为None)
2025-11-10 19:01:50,849 - WARNING - 跳过第27044行分子对: [H]C#C[C@]1(C([H])([H])[H])C([H])([H])[C@@H](NO[H])C1([H])[H] -> [H]ONC1C([H])([H])[C@]23C([H])([H])[C@]([H])(C2([H])[H])[C@@]13[H] (数据为None)
2025-11-10 19:01:51,639 - WARNING - 跳过第27152行分子对: [H]ON[C@H]1C([H])([H])[C@](C([H])([H])[H])(C([H])([H])C([H])([H])[H])C1([H])[H] -> [H]ONC1C([H])([H])[C@]23C([H])([H])[C@]([H])(C2([H])[H])[C@@]13[H] (数据为None)
2025-11-10 19:01:52,438 - WARNING - 跳过第27266行分子对: [H]O/N=C(\C([H])([H])[H])C([H])([H])C1(C([H])([H])[H])C([H])([H])C1([H])[H] -> [H]ONC1C([H])([H])[C@]23C([H])([H])[C@]([H])(C2([H])[H])[C@@]13[H] (数据为None)
2025-11-10 19:01:53,258 - WARNING - 跳过第27714行分子对: [H]O/N=C(\C([H])([H])[H])C([H])([H])C([H])([H])C([H])([H])C([H])([H])C([H])([H])[H] -> [H]ONC1C([H])([H])[C@]23C([H])([H])[C@]([H])(C2([H])[H])[C@@]13[H] (数据为None)
2025-11-10 19:01:54,016 - WARNING - 跳过第27835行分子对: [H]ONC1C([H])([H])C([H])=C([H])C1(C([H])([H])[H])C([H])([H])[H] -> [H]ONC1C([H])([H])[C@]23C([H])([H])[C@]([H])(C2([H])[H])[C@@]13[H] (数据为None)
2025-11-10 19:01:54,777 - WARNING - 跳过第27878行分子对: [H]ONC1=C([H])[C-]([H])C([H])([H])C1(C([H])([H])[H])C([H])([H])[H] -> [H]ONC1C([H])([H])[C@]23C([H])([H])[C@]([H])(C2([H])[H])[C@@]13[H] (数据为None)
2025-11-10 19:01:55,515 - WARNING - 跳过第27924行分子对: [H]ONC1C([H])([H])C([H])([H])C([H])([H])C1(C([H])([H])[H])C([H])([H])[H] -> [H]ONC1C([H])([H])[C@]23C([H])([H])[C@]([H])(C2([H])[H])[C@@]13[H] (数据为None)
2025-11-10 19:01:56,307 - WARNING - 跳过第28107行分子对: [H]ON=C(C([H])([H])C([H])([H])C([H])([H])[H])C([H])([H])C([H])([H])C([H])([H])[H] -> [H]ONC1C([H])([H])[C@]23C([H])([H])[C@]([H])(C2([H])[H])[C@@]13[H] (数据为None)
2025-11-10 19:01:57,108 - WARNING - 跳过第28312行分子对: [H]O/N=C(/C([H])([H])C([H])([H])C([H])([H])[H])C([H])(C([H])([H])[H])C([H])([H])[H] -> [H]ONC1C([H])([H])[C@]23C([H])([H])[C@]([H])(C2([H])[H])[C@@]13[H] (数据为None)
2025-11-10 19:01:57,918 - WARNING - 跳过第28519行分子对: [H]ON=C(C([H])(C([H])([H])[H])C([H])([H])[H])C([H])(C([H])([H])[H])C([H])([H])[H] -> [H]ONC1C([H])([H])[C@]23C([H])([H])[C@]([H])(C2([H])[H])[C@@]13[H] (数据为None)
2025-11-10 19:01:58,716 - WARNING - 跳过第28649行分子对: [H]O/N=C(\C([H])([H])[H])C1(C([H])([H])[H])C([H])([H])C([H])([H])C1([H])[H] -> [H]ONC1C([H])([H])[C@]23C([H])([H])[C@]([H])(C2([H])[H])[C@@]13[H] (数据为None)
2025-11-10 19:01:59,508 - WARNING - 跳过第28853行分子对: [H]ON[C@H]1C([H])([H])[C@]([H])(C([H])(C([H])([H])[H])C([H])([H])[H])C1([H])[H] -> [H]ONC1C([H])([H])[C@]23C([H])([H])[C@]([H])(C2([H])[H])[C@@]13[H] (数据为None)
2025-11-10 19:02:00,256 - WARNING - 跳过第28960行分子对: [H]O/N=C(\C([H])([H])[H])[C@]1([H])C([H])([H])[C@@]([H])(C([H])([H])[H])C1([H])[H] -> [H]ONC1C([H])([H])[C@]23C([H])([H])[C@]([H])(C2([H])[H])[C@@]13[H] (数据为None)
2025-11-10 19:02:01,030 - WARNING - 跳过第29052行分子对: [H]ONC1C([H])=C(C([H])([H])[H])C([H])([H])C([H])([H])C1([H])[H] -> [H]ONC1C([H])([H])[C@]23C([H])([H])[C@]([H])(C2([H])[H])[C@@]13[H] (数据为None)
2025-11-10 19:02:01,782 - WARNING - 跳过第29115行分子对: [H]ONC1C([H])([H])C(C([H])([H])[H])=C([H])C([H])([H])C1([H])[H] -> [H]ONC1C([H])([H])[C@]23C([H])([H])[C@]([H])(C2([H])[H])[C@@]13[H] (数据为None)
2025-11-10 19:02:02,567 - WARNING - 跳过第29191行分子对: [H]ONC1C([H])([H])C([H])([H])C([H])([H])[C@]([H])(C([H])([H])[H])C1([H])[H] -> [H]ONC1C([H])([H])[C@]23C([H])([H])[C@]([H])(C2([H])[H])[C@@]13[H] (数据为None)
2025-11-10 19:02:03,335 - WARNING - 跳过第29259行分子对: [H]ONC1C([H])([H])C(C([H])([H])[H])=C(C([H])([H])[H])C1([H])[H] -> [H]ONC1C([H])([H])[C@]23C([H])([H])[C@]([H])(C2([H])[H])[C@@]13[H] (数据为None)
2025-11-10 19:02:04,110 - WARNING - 跳过第29362行分子对: [H]ONC1C([H])([H])C(C([H])([H])[H])=C([H])[C@]1([H])C([H])([H])[H] -> [H]ONC1C([H])([H])[C@]23C([H])([H])[C@]([H])(C2([H])[H])[C@@]13[H] (数据为None)
2025-11-10 19:02:04,617 - WARNING - 跳过第29437行分子对: [H][N-]C1O[C@]([H])(C([H])([H])[H])C(NO[H])C1([H])[H] -> [H]ONC1C([H])([H])[C@]23C([H])([H])[N@@H+](C2([H])[H])[C@@]13[H] (数据为None)
2025-11-10 19:02:05,396 - WARNING - 跳过第29554行分子对: [H]ONC1C([H])([H])[C@]2([H])C([H])([H])[C@@]1(C([H])([H])[H])C2([H])[H] -> [H]ONC1C([H])([H])[C@]23C([H])([H])[C@]([H])(C2([H])[H])[C@@]13[H] (数据为None)
2025-11-10 19:02:06,170 - WARNING - 跳过第29644行分子对: [H]O/N=C(\C([H])([H])[H])C([H])([H])C1([H])C([H])([H])C([H])([H])C1([H])[H] -> [H]ONC1C([H])([H])[C@]23C([H])([H])[C@]([H])(C2([H])[H])[C@@]13[H] (数据为None)
2025-11-10 19:02:06,915 - WARNING - 跳过第29737行分子对: [H]C#CC([H])([H])[C@]1([H])C([H])([H])[C@@H](NO[H])C1([H])[H] -> [H]ONC1C([H])([H])[C@]23C([H])([H])[C@]([H])(C2([H])[H])[C@@]13[H] (数据为None)
2025-11-10 19:02:07,688 - WARNING - 跳过第29820行分子对: [H]ON[C@H]1C([H])([H])[C@]([H])(C#CC([H])([H])[H])C1([H])[H] -> [H]ONC1C([H])([H])[C@]23C([H])([H])[C@]([H])(C2([H])[H])[C@@]13[H] (数据为None)
2025-11-10 19:02:08,454 - WARNING - 跳过第29860行分子对: [H]ON[C@H]1C([H])([H])[C@]([H])(C([H])([H])C([H])([H])C([H])([H])[H])C1([H])[H] -> [H]ONC1C([H])([H])[C@]23C([H])([H])[C@]([H])(C2([H])[H])[C@@]13[H] (数据为None)
2025-11-10 19:02:09,215 - WARNING - 跳过第29968行分子对: [H]ONC1C([H])([H])C2(C1([H])[H])C([H])([H])C([H])([H])C2([H])[H] -> [H]ONC1C([H])([H])[C@]23C([H])([H])[C@]([H])(C2([H])[H])[C@@]13[H] (数据为None)
2025-11-10 19:02:09,296 - INFO - 分子处理统计: 总数=60000, 命中=59967, 未命中=33, 命中率=99.94%
2025-11-10 19:02:09,371 - INFO - --- 训练集样本示例 (头部数据) ---
2025-11-10 19:02:09,371 - INFO -   样本       起始节点数        起始边数         目标节点数        目标边数         边特征             目标属性值          
2025-11-10 19:02:09,371 - INFO -   --------------------------------------------------------------------------------
2025-11-10 19:02:09,372 - INFO -   1        5            8            8            14           [1.0, 0.0, 0.   0.023518       
2025-11-10 19:02:09,372 - INFO -   2        3            4            6            10           [1.0, 0.0, 0.   -0.273184      
2025-11-10 19:02:09,372 - INFO -   3        4            6            11           20           [1.0, 0.0, 0.   0.077970       
2025-11-10 19:02:09,372 - INFO -   --------------------------------------------------------------------------------
2025-11-10 19:02:09,372 - INFO - 
数据构建完成:
2025-11-10 19:02:09,372 - INFO -   项目                   值                   
2025-11-10 19:02:09,372 - INFO -   ---------------------------------------- --------------------
2025-11-10 19:02:09,372 - INFO -   样本数                  29967               
2025-11-10 19:02:09,372 - INFO -   节点特征维度               11                  
2025-11-10 19:02:09,372 - INFO -   边特征维度                11                  
2025-11-10 19:02:09,372 - INFO -   目标属性变化维度             1                   
2025-11-10 19:02:09,377 - INFO - 数据集划分完成:
2025-11-10 19:02:09,377 - INFO -   - 训练集: 23973 (80.0%)
2025-11-10 19:02:09,377 - INFO -   - 验证集: 2996 (10.0%)
2025-11-10 19:02:09,377 - INFO -   - 测试集: 2998 (10.0%)
2025-11-10 19:02:09,542 - INFO - 正在创建模型...
2025-11-10 19:02:09,544 - INFO - 模型参数数量: 5505613
2025-11-10 19:02:09,544 - INFO - 使用设备: cuda
2025-11-10 19:02:11,395 - INFO - 开始训练 (200 轮)...
2025-11-10 19:07:54,181 - INFO - Epoch [10/200], Train Loss: 0.274602, Val Loss: 0.280127, R²: 0.7342, MAE: 0.2801
2025-11-10 19:13:32,721 - INFO - Epoch [20/200], Train Loss: 0.138234, Val Loss: 0.153663, R²: 0.8803, MAE: 0.1537
2025-11-10 19:19:09,626 - INFO - Epoch [30/200], Train Loss: 0.113009, Val Loss: 0.116393, R²: 0.9163, MAE: 0.1164
2025-11-10 19:24:47,858 - INFO - Epoch [40/200], Train Loss: 0.050668, Val Loss: 0.067827, R²: 0.9405, MAE: 0.0678
2025-11-10 19:30:22,834 - INFO - Epoch [50/200], Train Loss: 0.041829, Val Loss: 0.057350, R²: 0.9485, MAE: 0.0573
2025-11-10 19:35:58,984 - INFO - Epoch [60/200], Train Loss: 0.025823, Val Loss: 0.045770, R²: 0.9539, MAE: 0.0458
2025-11-10 19:41:35,703 - INFO - Epoch [70/200], Train Loss: 0.023057, Val Loss: 0.041024, R²: 0.9577, MAE: 0.0410
2025-11-10 19:47:13,271 - INFO - Epoch [80/200], Train Loss: 0.021744, Val Loss: 0.039330, R²: 0.9590, MAE: 0.0393
2025-11-10 19:52:49,006 - INFO - Epoch [90/200], Train Loss: 0.020627, Val Loss: 0.038215, R²: 0.9610, MAE: 0.0382
2025-11-10 19:58:47,683 - INFO - Epoch [100/200], Train Loss: 0.015810, Val Loss: 0.034175, R²: 0.9614, MAE: 0.0342
2025-11-10 20:03:25,070 - INFO - 警告: 在第 109 轮检测到NaN或inf损失值，停止训练
2025-11-10 20:03:25,071 - INFO - 早停机制触发，在第 109 轮停止训练
2025-11-10 20:03:25,071 - INFO - 开始训练 (200 轮)...
2025-11-10 20:03:27,891 - INFO - 模型已保存至: /home/data2/rhj/project/mol_editor/mol_evo/../mol_evo/output/v0/MoleculeEvolutionVisNetTransformerLinearPredictor/train-20251110_190139-mu_change-30000-200/last.pth
2025-11-10 20:03:27,891 - INFO - 
2025-11-10 20:03:27,892 - INFO - ============================================================
2025-11-10 20:03:27,892 - INFO - 训练完成 - 最终评估结果
2025-11-10 20:03:27,892 - INFO - ============================================================
2025-11-10 20:03:27,892 - INFO - 测试集损失: nan
2025-11-10 20:03:27,892 - INFO - RMSE: nan
2025-11-10 20:03:27,892 - INFO - MAE: nan
2025-11-10 20:03:27,892 - INFO - R²: nan
2025-11-10 20:03:27,892 - INFO - PCC: nan
2025-11-10 20:03:27,892 - INFO - Rank Loss: nan
2025-11-10 20:03:27,892 - INFO - 
2025-11-10 20:03:27,892 - INFO - 阈值准确率:
2025-11-10 20:03:27,892 - INFO -   阈值 0.5: 0.00%
2025-11-10 20:03:27,892 - INFO - 
2025-11-10 20:03:27,892 - INFO - 训练完成:
2025-11-10 20:03:27,892 - INFO -   - 最终训练损失: 0.015196
2025-11-10 20:03:27,892 - INFO -   - 最佳验证损失: 0.033224
2025-11-10 20:03:27,892 - INFO -   - 测试损失 (MSE): nan
2025-11-10 20:03:27,892 - INFO -   - 测试RMSE: nan
2025-11-10 20:03:27,892 - INFO -   - 测试MAE: nan
2025-11-10 20:03:27,892 - INFO -   - 测试R²: nan
2025-11-10 20:03:27,893 - INFO -   - 测试PCC: nan
2025-11-10 20:03:27,893 - INFO -   - 测试Rank Loss: nan
2025-11-10 20:03:27,893 - INFO -   - 测试阈值准确率 (0.5): 0.0000
2025-11-10 20:03:27,893 - INFO -   - 模型已保存到: /home/data2/rhj/project/mol_editor/mol_evo/../mol_evo/output/v0/MoleculeEvolutionVisNetTransformerLinearPredictor/train-20251110_190139-mu_change-30000-200/last.pth
2025-11-10 20:03:27,893 - INFO - 训练结果已保存到: /home/data2/rhj/project/mol_editor/mol_evo/../mol_evo/output/v0/MoleculeEvolutionVisNetTransformerLinearPredictor/train-20251110_190139-mu_change-30000-200/training_results.json
2025-11-10 20:03:27,893 - INFO - 模型目录: /home/data2/rhj/project/mol_editor/mol_evo/../mol_evo/output/v0/MoleculeEvolutionVisNetTransformerLinearPredictor/train-20251110_190139-mu_change-30000-200
