2025-10-08 00:29:24,911 - nnconv_training - INFO - ============================================================
2025-10-08 00:29:24,911 - nnconv_training - INFO - 基于NNConv的分子进化预测器模型训练开始
2025-10-08 00:29:24,911 - nnconv_training - INFO - ============================================================
2025-10-08 00:29:24,911 - nnconv_training - INFO - 数据文件: mol_evo/dataset/data/qm9-evo-pairs-step-1-with-properties.csv
2025-10-08 00:29:24,911 - nnconv_training - INFO - 最大对数: 10000
2025-10-08 00:29:24,911 - nnconv_training - INFO - 训练轮数: 1000
2025-10-08 00:29:24,911 - nnconv_training - INFO - 正在构建图数据: mol_evo/dataset/data/qm9-evo-pairs-step-1-with-properties.csv
2025-10-08 00:29:28,108 - nnconv_training - INFO - 数据构建完成:
2025-10-08 00:29:28,109 - nnconv_training - INFO -   - 节点数: 1113
2025-10-08 00:29:28,109 - nnconv_training - INFO -   - 边数: 10000
2025-10-08 00:29:28,109 - nnconv_training - INFO -   - 节点特征维度: 2048
2025-10-08 00:29:28,109 - nnconv_training - INFO -   - 边特征维度: 11
2025-10-08 00:29:28,109 - nnconv_training - INFO -   - 目标属性变化维度: 15
2025-10-08 00:29:28,112 - nnconv_training - INFO - 数据集划分完成:
2025-10-08 00:29:28,112 - nnconv_training - INFO -   - 训练集: 7000 (70.0%)
2025-10-08 00:29:28,112 - nnconv_training - INFO -   - 验证集: 1000 (10.0%)
2025-10-08 00:29:28,112 - nnconv_training - INFO -   - 测试集: 2000 (20.0%)
2025-10-08 00:29:28,112 - nnconv_training - INFO - 正在创建模型...
2025-10-08 00:29:28,212 - nnconv_training - INFO - 模型参数数量: 6791951
2025-10-08 00:29:28,212 - nnconv_training - INFO - 开始训练 (1000 轮)...
2025-10-08 00:29:28,212 - nnconv_training - INFO - 使用设备: cuda
2025-10-08 00:29:29,279 - nnconv_training - INFO - Epoch [10/1000], Train Loss: 0.756408, Val Loss: 0.992468, R²: 0.1330, MAE: 0.6253
2025-10-08 00:29:29,752 - nnconv_training - INFO - Epoch [20/1000], Train Loss: 0.637569, Val Loss: 0.822203, R²: 0.2818, MAE: 0.5232
2025-10-08 00:29:30,226 - nnconv_training - INFO - Epoch [30/1000], Train Loss: 0.531014, Val Loss: 0.716936, R²: 0.3737, MAE: 0.4448
2025-10-08 00:29:30,701 - nnconv_training - INFO - Epoch [40/1000], Train Loss: 0.458639, Val Loss: 0.661715, R²: 0.4220, MAE: 0.4015
2025-10-08 00:29:31,178 - nnconv_training - INFO - Epoch [50/1000], Train Loss: 0.418937, Val Loss: 0.620560, R²: 0.4579, MAE: 0.3666
2025-10-08 00:29:31,650 - nnconv_training - INFO - Epoch [60/1000], Train Loss: 0.385339, Val Loss: 0.589848, R²: 0.4847, MAE: 0.3435
2025-10-08 00:29:32,127 - nnconv_training - INFO - Epoch [70/1000], Train Loss: 0.342375, Val Loss: 0.557263, R²: 0.5132, MAE: 0.3243
2025-10-08 00:29:32,603 - nnconv_training - INFO - Epoch [80/1000], Train Loss: 0.278645, Val Loss: 0.598531, R²: 0.4771, MAE: 0.3163
2025-10-08 00:29:33,082 - nnconv_training - INFO - Epoch [90/1000], Train Loss: 0.222686, Val Loss: 0.465552, R²: 0.5933, MAE: 0.2853
2025-10-08 00:29:33,558 - nnconv_training - INFO - Epoch [100/1000], Train Loss: 0.193256, Val Loss: 0.330506, R²: 0.7113, MAE: 0.2619
2025-10-08 00:29:34,037 - nnconv_training - INFO - Epoch [110/1000], Train Loss: 0.170214, Val Loss: 0.352024, R²: 0.6925, MAE: 0.2529
2025-10-08 00:29:34,514 - nnconv_training - INFO - Epoch [120/1000], Train Loss: 0.162176, Val Loss: 0.344722, R²: 0.6989, MAE: 0.2524
2025-10-08 00:29:34,993 - nnconv_training - INFO - Epoch [130/1000], Train Loss: 0.145956, Val Loss: 0.429014, R²: 0.6252, MAE: 0.2369
2025-10-08 00:29:35,472 - nnconv_training - INFO - Epoch [140/1000], Train Loss: 0.139520, Val Loss: 0.394107, R²: 0.6557, MAE: 0.2310
2025-10-08 00:29:35,953 - nnconv_training - INFO - Epoch [150/1000], Train Loss: 0.123326, Val Loss: 0.410569, R²: 0.6413, MAE: 0.2268
2025-10-08 00:29:36,429 - nnconv_training - INFO - Epoch [160/1000], Train Loss: 0.114406, Val Loss: 0.354430, R²: 0.6904, MAE: 0.2143
2025-10-08 00:29:36,901 - nnconv_training - INFO - Epoch [170/1000], Train Loss: 0.100618, Val Loss: 0.319831, R²: 0.7206, MAE: 0.2068
2025-10-08 00:29:37,373 - nnconv_training - INFO - Epoch [180/1000], Train Loss: 0.095852, Val Loss: 0.342555, R²: 0.7008, MAE: 0.1990
2025-10-08 00:29:37,845 - nnconv_training - INFO - Epoch [190/1000], Train Loss: 0.085918, Val Loss: 0.311047, R²: 0.7283, MAE: 0.1900
2025-10-08 00:29:38,316 - nnconv_training - INFO - Epoch [200/1000], Train Loss: 0.084399, Val Loss: 0.283532, R²: 0.7523, MAE: 0.1838
2025-10-08 00:29:38,788 - nnconv_training - INFO - Epoch [210/1000], Train Loss: 0.073356, Val Loss: 0.296194, R²: 0.7413, MAE: 0.1768
2025-10-08 00:29:39,261 - nnconv_training - INFO - Epoch [220/1000], Train Loss: 0.069765, Val Loss: 0.340086, R²: 0.7029, MAE: 0.1770
2025-10-08 00:29:39,734 - nnconv_training - INFO - Epoch [230/1000], Train Loss: 0.062937, Val Loss: 0.349971, R²: 0.6943, MAE: 0.1680
2025-10-08 00:29:40,206 - nnconv_training - INFO - Epoch [240/1000], Train Loss: 0.058958, Val Loss: 0.355545, R²: 0.6894, MAE: 0.1634
2025-10-08 00:29:40,678 - nnconv_training - INFO - Epoch [250/1000], Train Loss: 0.055995, Val Loss: 0.294609, R²: 0.7426, MAE: 0.1554
2025-10-08 00:29:41,149 - nnconv_training - INFO - Epoch [260/1000], Train Loss: 0.051698, Val Loss: 0.306935, R²: 0.7319, MAE: 0.1494
2025-10-08 00:29:41,621 - nnconv_training - INFO - Epoch [270/1000], Train Loss: 0.047601, Val Loss: 0.310531, R²: 0.7287, MAE: 0.1447
2025-10-08 00:29:42,094 - nnconv_training - INFO - Epoch [280/1000], Train Loss: 0.050070, Val Loss: 0.328335, R²: 0.7132, MAE: 0.1428
2025-10-08 00:29:42,566 - nnconv_training - INFO - Epoch [290/1000], Train Loss: 0.048291, Val Loss: 0.363618, R²: 0.6824, MAE: 0.1422
2025-10-08 00:29:43,038 - nnconv_training - INFO - Epoch [300/1000], Train Loss: 0.041722, Val Loss: 0.342148, R²: 0.7011, MAE: 0.1372
2025-10-08 00:29:43,511 - nnconv_training - INFO - Epoch [310/1000], Train Loss: 0.039145, Val Loss: 0.304470, R²: 0.7340, MAE: 0.1296
2025-10-08 00:29:43,983 - nnconv_training - INFO - Epoch [320/1000], Train Loss: 0.037343, Val Loss: 0.331293, R²: 0.7106, MAE: 0.1285
2025-10-08 00:29:44,454 - nnconv_training - INFO - Epoch [330/1000], Train Loss: 0.037577, Val Loss: 0.320002, R²: 0.7205, MAE: 0.1239
2025-10-08 00:29:44,924 - nnconv_training - INFO - Epoch [340/1000], Train Loss: 0.037040, Val Loss: 0.291904, R²: 0.7450, MAE: 0.1213
2025-10-08 00:29:45,393 - nnconv_training - INFO - Epoch [350/1000], Train Loss: 0.034785, Val Loss: 0.330796, R²: 0.7110, MAE: 0.1201
2025-10-08 00:29:45,863 - nnconv_training - INFO - Epoch [360/1000], Train Loss: 0.033648, Val Loss: 0.328210, R²: 0.7133, MAE: 0.1163
2025-10-08 00:29:46,332 - nnconv_training - INFO - Epoch [370/1000], Train Loss: 0.031288, Val Loss: 0.321617, R²: 0.7190, MAE: 0.1144
2025-10-08 00:29:46,801 - nnconv_training - INFO - Epoch [380/1000], Train Loss: 0.029898, Val Loss: 0.364366, R²: 0.6817, MAE: 0.1095
2025-10-08 00:29:47,271 - nnconv_training - INFO - Epoch [390/1000], Train Loss: 0.029272, Val Loss: 0.357609, R²: 0.6876, MAE: 0.1088
2025-10-08 00:29:47,742 - nnconv_training - INFO - Epoch [400/1000], Train Loss: 0.028695, Val Loss: 0.362513, R²: 0.6833, MAE: 0.1073
2025-10-08 00:29:48,212 - nnconv_training - INFO - Epoch [410/1000], Train Loss: 0.027628, Val Loss: 0.334622, R²: 0.7077, MAE: 0.1050
2025-10-08 00:29:48,682 - nnconv_training - INFO - Epoch [420/1000], Train Loss: 0.029492, Val Loss: 0.361233, R²: 0.6844, MAE: 0.1053
2025-10-08 00:29:49,151 - nnconv_training - INFO - Epoch [430/1000], Train Loss: 0.026759, Val Loss: 0.294737, R²: 0.7425, MAE: 0.1009
2025-10-08 00:29:49,622 - nnconv_training - INFO - Epoch [440/1000], Train Loss: 0.027937, Val Loss: 0.345474, R²: 0.6982, MAE: 0.1017
2025-10-08 00:29:50,091 - nnconv_training - INFO - Epoch [450/1000], Train Loss: 0.025334, Val Loss: 0.316142, R²: 0.7238, MAE: 0.0988
2025-10-08 00:29:50,562 - nnconv_training - INFO - Epoch [460/1000], Train Loss: 0.024915, Val Loss: 0.300239, R²: 0.7377, MAE: 0.0977
2025-10-08 00:29:51,032 - nnconv_training - INFO - Epoch [470/1000], Train Loss: 0.024649, Val Loss: 0.324272, R²: 0.7167, MAE: 0.0977
2025-10-08 00:29:51,502 - nnconv_training - INFO - Epoch [480/1000], Train Loss: 0.024047, Val Loss: 0.287584, R²: 0.7488, MAE: 0.0953
2025-10-08 00:29:51,972 - nnconv_training - INFO - Epoch [490/1000], Train Loss: 0.025128, Val Loss: 0.315333, R²: 0.7245, MAE: 0.0956
2025-10-08 00:29:52,443 - nnconv_training - INFO - Epoch [500/1000], Train Loss: 0.023561, Val Loss: 0.306176, R²: 0.7325, MAE: 0.0936
2025-10-08 00:29:52,913 - nnconv_training - INFO - Epoch [510/1000], Train Loss: 0.024843, Val Loss: 0.366358, R²: 0.6800, MAE: 0.0936
2025-10-08 00:29:53,383 - nnconv_training - INFO - Epoch [520/1000], Train Loss: 0.023726, Val Loss: 0.341181, R²: 0.7020, MAE: 0.0969
2025-10-08 00:29:53,854 - nnconv_training - INFO - Epoch [530/1000], Train Loss: 0.024359, Val Loss: 0.344900, R²: 0.6987, MAE: 0.0928
2025-10-08 00:29:54,324 - nnconv_training - INFO - Epoch [540/1000], Train Loss: 0.022472, Val Loss: 0.298813, R²: 0.7390, MAE: 0.0905
2025-10-08 00:29:54,795 - nnconv_training - INFO - Epoch [550/1000], Train Loss: 0.022726, Val Loss: 0.339766, R²: 0.7032, MAE: 0.0918
2025-10-08 00:29:55,265 - nnconv_training - INFO - Epoch [560/1000], Train Loss: 0.022965, Val Loss: 0.280000, R²: 0.7554, MAE: 0.0885
2025-10-08 00:29:55,735 - nnconv_training - INFO - Epoch [570/1000], Train Loss: 0.021260, Val Loss: 0.319190, R²: 0.7212, MAE: 0.0879
2025-10-08 00:29:56,206 - nnconv_training - INFO - Epoch [580/1000], Train Loss: 0.020618, Val Loss: 0.304065, R²: 0.7344, MAE: 0.0883
2025-10-08 00:29:56,677 - nnconv_training - INFO - Epoch [590/1000], Train Loss: 0.022022, Val Loss: 0.272613, R²: 0.7619, MAE: 0.0860
2025-10-08 00:29:57,148 - nnconv_training - INFO - Epoch [600/1000], Train Loss: 0.021584, Val Loss: 0.303190, R²: 0.7351, MAE: 0.0890
2025-10-08 00:29:57,621 - nnconv_training - INFO - Epoch [610/1000], Train Loss: 0.020801, Val Loss: 0.339392, R²: 0.7035, MAE: 0.0868
2025-10-08 00:29:58,092 - nnconv_training - INFO - Epoch [620/1000], Train Loss: 0.024147, Val Loss: 0.318094, R²: 0.7221, MAE: 0.0963
2025-10-08 00:29:58,563 - nnconv_training - INFO - Epoch [630/1000], Train Loss: 0.021911, Val Loss: 0.299692, R²: 0.7382, MAE: 0.0890
2025-10-08 00:29:59,037 - nnconv_training - INFO - Epoch [640/1000], Train Loss: 0.020562, Val Loss: 0.335900, R²: 0.7066, MAE: 0.0860
2025-10-08 00:29:59,508 - nnconv_training - INFO - Epoch [650/1000], Train Loss: 0.020006, Val Loss: 0.312851, R²: 0.7267, MAE: 0.0837
2025-10-08 00:29:59,981 - nnconv_training - INFO - Epoch [660/1000], Train Loss: 0.019889, Val Loss: 0.319856, R²: 0.7206, MAE: 0.0828
2025-10-08 00:30:00,453 - nnconv_training - INFO - Epoch [670/1000], Train Loss: 0.022035, Val Loss: 0.314325, R²: 0.7254, MAE: 0.0822
2025-10-08 00:30:00,925 - nnconv_training - INFO - Epoch [680/1000], Train Loss: 0.023165, Val Loss: 0.307052, R²: 0.7318, MAE: 0.0827
2025-10-08 00:30:01,398 - nnconv_training - INFO - Epoch [690/1000], Train Loss: 0.019604, Val Loss: 0.344135, R²: 0.6994, MAE: 0.0837
2025-10-08 00:30:01,870 - nnconv_training - INFO - Epoch [700/1000], Train Loss: 0.019705, Val Loss: 0.363343, R²: 0.6826, MAE: 0.0849
2025-10-08 00:30:02,343 - nnconv_training - INFO - Epoch [710/1000], Train Loss: 0.019014, Val Loss: 0.288558, R²: 0.7479, MAE: 0.0816
2025-10-08 00:30:02,816 - nnconv_training - INFO - Epoch [720/1000], Train Loss: 0.019693, Val Loss: 0.344115, R²: 0.6994, MAE: 0.0836
2025-10-08 00:30:03,287 - nnconv_training - INFO - Epoch [730/1000], Train Loss: 0.018845, Val Loss: 0.322883, R²: 0.7179, MAE: 0.0810
2025-10-08 00:30:03,785 - nnconv_training - INFO - Epoch [740/1000], Train Loss: 0.019380, Val Loss: 0.308753, R²: 0.7303, MAE: 0.0810
2025-10-08 00:30:04,257 - nnconv_training - INFO - Epoch [750/1000], Train Loss: 0.018737, Val Loss: 0.315294, R²: 0.7246, MAE: 0.0795
2025-10-08 00:30:04,728 - nnconv_training - INFO - Epoch [760/1000], Train Loss: 0.019071, Val Loss: 0.300696, R²: 0.7373, MAE: 0.0790
2025-10-08 00:30:05,201 - nnconv_training - INFO - Epoch [770/1000], Train Loss: 0.018179, Val Loss: 0.312856, R²: 0.7267, MAE: 0.0797
2025-10-08 00:30:05,673 - nnconv_training - INFO - Epoch [780/1000], Train Loss: 0.018073, Val Loss: 0.277083, R²: 0.7580, MAE: 0.0776
2025-10-08 00:30:06,147 - nnconv_training - INFO - Epoch [790/1000], Train Loss: 0.018314, Val Loss: 0.323472, R²: 0.7174, MAE: 0.0794
2025-10-08 00:30:06,619 - nnconv_training - INFO - Epoch [800/1000], Train Loss: 0.018049, Val Loss: 0.357979, R²: 0.6873, MAE: 0.0806
2025-10-08 00:30:07,092 - nnconv_training - INFO - Epoch [810/1000], Train Loss: 0.018081, Val Loss: 0.312735, R²: 0.7268, MAE: 0.0781
2025-10-08 00:30:07,565 - nnconv_training - INFO - Epoch [820/1000], Train Loss: 0.018267, Val Loss: 0.309552, R²: 0.7296, MAE: 0.0775
2025-10-08 00:30:08,038 - nnconv_training - INFO - Epoch [830/1000], Train Loss: 0.018650, Val Loss: 0.305691, R²: 0.7330, MAE: 0.0779
2025-10-08 00:30:08,511 - nnconv_training - INFO - Epoch [840/1000], Train Loss: 0.017224, Val Loss: 0.311900, R²: 0.7275, MAE: 0.0775
2025-10-08 00:30:08,984 - nnconv_training - INFO - Epoch [850/1000], Train Loss: 0.019511, Val Loss: 0.309750, R²: 0.7294, MAE: 0.0782
2025-10-08 00:30:09,458 - nnconv_training - INFO - Epoch [860/1000], Train Loss: 0.019108, Val Loss: 0.381769, R²: 0.6665, MAE: 0.0808
2025-10-08 00:30:09,930 - nnconv_training - INFO - Epoch [870/1000], Train Loss: 0.018367, Val Loss: 0.305189, R²: 0.7334, MAE: 0.0767
2025-10-08 00:30:10,403 - nnconv_training - INFO - Epoch [880/1000], Train Loss: 0.017190, Val Loss: 0.347276, R²: 0.6966, MAE: 0.0775
2025-10-08 00:30:10,876 - nnconv_training - INFO - Epoch [890/1000], Train Loss: 0.017513, Val Loss: 0.305915, R²: 0.7328, MAE: 0.0780
2025-10-08 00:30:11,348 - nnconv_training - INFO - Epoch [900/1000], Train Loss: 0.017328, Val Loss: 0.349493, R²: 0.6947, MAE: 0.0785
2025-10-08 00:30:11,822 - nnconv_training - INFO - Epoch [910/1000], Train Loss: 0.017694, Val Loss: 0.344760, R²: 0.6988, MAE: 0.0777
2025-10-08 00:30:12,295 - nnconv_training - INFO - Epoch [920/1000], Train Loss: 0.016743, Val Loss: 0.339542, R²: 0.7034, MAE: 0.0777
2025-10-08 00:30:12,769 - nnconv_training - INFO - Epoch [930/1000], Train Loss: 0.017602, Val Loss: 0.317276, R²: 0.7228, MAE: 0.0757
2025-10-08 00:30:13,242 - nnconv_training - INFO - Epoch [940/1000], Train Loss: 0.016380, Val Loss: 0.347502, R²: 0.6964, MAE: 0.0759
2025-10-08 00:30:13,716 - nnconv_training - INFO - Epoch [950/1000], Train Loss: 0.016603, Val Loss: 0.360086, R²: 0.6854, MAE: 0.0783
2025-10-08 00:30:14,188 - nnconv_training - INFO - Epoch [960/1000], Train Loss: 0.016515, Val Loss: 0.356685, R²: 0.6884, MAE: 0.0752
2025-10-08 00:30:14,661 - nnconv_training - INFO - Epoch [970/1000], Train Loss: 0.016355, Val Loss: 0.365313, R²: 0.6809, MAE: 0.0777
2025-10-08 00:30:15,135 - nnconv_training - INFO - Epoch [980/1000], Train Loss: 0.017431, Val Loss: 0.346396, R²: 0.6974, MAE: 0.0764
2025-10-08 00:30:15,607 - nnconv_training - INFO - Epoch [990/1000], Train Loss: 0.016260, Val Loss: 0.363910, R²: 0.6821, MAE: 0.0752
2025-10-08 00:30:16,081 - nnconv_training - INFO - Epoch [1000/1000], Train Loss: 0.016943, Val Loss: 0.364517, R²: 0.6816, MAE: 0.0746
2025-10-08 00:30:16,098 - nnconv_training - INFO - 原始尺度评估指标:
2025-10-08 00:30:16,098 - nnconv_training - INFO -   - MSE: 1601.060913
2025-10-08 00:30:16,098 - nnconv_training - INFO -   - RMSE: 40.013260
2025-10-08 00:30:16,098 - nnconv_training - INFO -   - MAE: 9.599939
2025-10-08 00:30:16,491 - nnconv_training - INFO - 训练完成:
2025-10-08 00:30:16,492 - nnconv_training - INFO -   - 最终训练损失: 0.016943
2025-10-08 00:30:16,492 - nnconv_training - INFO -   - 最佳验证损失: 0.260950
2025-10-08 00:30:16,492 - nnconv_training - INFO -   - 测试损失 (MSE): 0.115360
2025-10-08 00:30:16,492 - nnconv_training - INFO -   - 测试RMSE: 0.339647
2025-10-08 00:30:16,492 - nnconv_training - INFO -   - 测试MAE: 0.065464
2025-10-08 00:30:16,492 - nnconv_training - INFO -   - 测试R²: 0.902450
2025-10-08 00:30:16,492 - nnconv_training - INFO -   - 测试阈值准确率 (0.1, 所有维度): 0.2535
2025-10-08 00:30:16,492 - nnconv_training - INFO -   - 测试阈值准确率 (0.1, 平均): 0.8545
2025-10-08 00:30:16,492 - nnconv_training - INFO -   - 测试阈值准确率 (0.05, 所有维度): 0.0090
2025-10-08 00:30:16,492 - nnconv_training - INFO -   - 测试阈값准确率 (0.05, 平均): 0.6217
2025-10-08 00:30:16,492 - nnconv_training - INFO -   - 原始尺度MSE: 1601.060913
2025-10-08 00:30:16,492 - nnconv_training - INFO -   - 原始尺度RMSE: 40.013260
2025-10-08 00:30:16,492 - nnconv_training - INFO -   - 原始尺度MAE: 9.599939
2025-10-08 00:30:16,492 - nnconv_training - INFO -   - 模型已保存到: /home/data2/rhj/project/mol_editor/mol_evo/../mol_evo/model-data/training_20251008_002924/molecule_evolution_nnconv_predictor.pth
2025-10-08 00:30:16,492 - nnconv_training - INFO - 各维度阈值准确率详情:
2025-10-08 00:30:16,492 - nnconv_training - INFO -   阈值 @0.1:
2025-10-08 00:30:16,493 - nnconv_training - INFO -     A_change: 0.8240
2025-10-08 00:30:16,493 - nnconv_training - INFO -     B_change: 0.9010
2025-10-08 00:30:16,493 - nnconv_training - INFO -     C_change: 0.8775
2025-10-08 00:30:16,493 - nnconv_training - INFO -     mu_change: 0.8440
2025-10-08 00:30:16,493 - nnconv_training - INFO -     alpha_change: 0.7475
2025-10-08 00:30:16,493 - nnconv_training - INFO -     homo_change: 0.8050
2025-10-08 00:30:16,493 - nnconv_training - INFO -     lumo_change: 0.8560
2025-10-08 00:30:16,493 - nnconv_training - INFO -     gap_change: 0.9090
2025-10-08 00:30:16,493 - nnconv_training - INFO -     r2_change: 0.8440
2025-10-08 00:30:16,493 - nnconv_training - INFO -     zpve_change: 0.6985
2025-10-08 00:30:16,493 - nnconv_training - INFO -     U0_change: 0.9440
2025-10-08 00:30:16,493 - nnconv_training - INFO -     U_change: 0.9465
2025-10-08 00:30:16,493 - nnconv_training - INFO -     H_change: 0.9530
2025-10-08 00:30:16,493 - nnconv_training - INFO -     G_change: 0.9470
2025-10-08 00:30:16,493 - nnconv_training - INFO -     Cv_change: 0.7205
2025-10-08 00:30:16,493 - nnconv_training - INFO -   阈值 @0.05:
2025-10-08 00:30:16,493 - nnconv_training - INFO -     A_change: 0.5640
2025-10-08 00:30:16,493 - nnconv_training - INFO -     B_change: 0.7000
2025-10-08 00:30:16,493 - nnconv_training - INFO -     C_change: 0.6215
2025-10-08 00:30:16,493 - nnconv_training - INFO -     mu_change: 0.5885
2025-10-08 00:30:16,493 - nnconv_training - INFO -     alpha_change: 0.4595
2025-10-08 00:30:16,493 - nnconv_training - INFO -     homo_change: 0.5435
2025-10-08 00:30:16,493 - nnconv_training - INFO -     lumo_change: 0.5785
2025-10-08 00:30:16,493 - nnconv_training - INFO -     gap_change: 0.6465
2025-10-08 00:30:16,493 - nnconv_training - INFO -     r2_change: 0.5650
2025-10-08 00:30:16,493 - nnconv_training - INFO -     zpve_change: 0.4145
2025-10-08 00:30:16,493 - nnconv_training - INFO -     U0_change: 0.7875
2025-10-08 00:30:16,493 - nnconv_training - INFO -     U_change: 0.8050
2025-10-08 00:30:16,494 - nnconv_training - INFO -     H_change: 0.7985
2025-10-08 00:30:16,494 - nnconv_training - INFO -     G_change: 0.8195
2025-10-08 00:30:16,494 - nnconv_training - INFO -     Cv_change: 0.4340
