2025-10-30 17:18:43,324 - INFO - ============================================================
2025-10-30 17:18:43,324 - INFO - 数据文件: mol_evo/dataset/data/qm9-evo-pairs-step-1-with-properties-pct.csv
2025-10-30 17:18:43,324 - INFO - 最大对数: 50
2025-10-30 17:18:43,324 - INFO - 训练轮数: 20
2025-10-30 17:18:43,324 - INFO - ============================================================
2025-10-30 17:18:43,324 - INFO - 正在构建图数据: mol_evo/dataset/data/qm9-evo-pairs-step-1-with-properties-pct.csv
2025-10-30 17:18:43,860 - INFO - 加载缓存文件: /home/data2/rhj/project/mol_editor/mol_evo/core/utils/../../.cache/molecule_graphs/csv_qm9-evo-pairs-step-1-with-properties-pct_3cbb45cc1ac9202d.pt，包含 1994 个分子
2025-10-30 17:18:43,889 - INFO - 分子处理统计: 总数=100, 命中=100, 未命中=0, 命中率=100.00%
2025-10-30 17:18:43,896 - INFO - --- 训练集样本示例 (头部数据) ---
2025-10-30 17:18:43,896 - INFO -   样本       起始节点数        起始边数         目标节点数        目标边数         边特征             目标属性值          
2025-10-30 17:18:43,896 - INFO -   --------------------------------------------------------------------------------
2025-10-30 17:18:43,896 - INFO -   1        5            8            8            14           [1.0, 0.0, 0.   0.465178       
2025-10-30 17:18:43,896 - INFO -   2        3            4            6            10           [1.0, 0.0, 0.   0.013040       
2025-10-30 17:18:43,896 - INFO -   3        4            6            11           20           [1.0, 0.0, 0.   0.548156       
2025-10-30 17:18:43,896 - INFO -   --------------------------------------------------------------------------------
2025-10-30 17:18:43,897 - INFO - 
数据构建完成:
2025-10-30 17:18:43,897 - INFO -   项目                   值                   
2025-10-30 17:18:43,897 - INFO -   ---------------------------------------- --------------------
2025-10-30 17:18:43,897 - INFO -   样本数                  50                  
2025-10-30 17:18:43,897 - INFO -   节点特征维度               11                  
2025-10-30 17:18:43,897 - INFO -   边特征维度                11                  
2025-10-30 17:18:43,897 - INFO -   目标属性变化维度             1                   
2025-10-30 17:18:43,897 - INFO - 数据集划分完成:
2025-10-30 17:18:43,897 - INFO -   - 训练集: 40 (80.0%)
2025-10-30 17:18:43,897 - INFO -   - 验证集: 5 (10.0%)
2025-10-30 17:18:43,897 - INFO -   - 测试集: 5 (10.0%)
2025-10-30 17:18:44,126 - INFO - 正在创建模型...
2025-10-30 17:18:44,127 - INFO - 模型参数数量: 3264513
2025-10-30 17:18:44,127 - INFO - 使用设备: cuda
2025-10-30 17:18:44,427 - INFO - 开始训练 (20 轮)...
