2025-10-11 02:11:47,255 - INFO - training_file - ============================================================
2025-10-11 02:11:47,255 - INFO - training_console - ============================================================
2025-10-11 02:11:47,255 - INFO - training_file - 基于NNConv的分子进化预测器模型训练开始
2025-10-11 02:11:47,255 - INFO - training_console - 基于NNConv的分子进化预测器模型训练开始
2025-10-11 02:11:47,255 - INFO - training_file - ============================================================
2025-10-11 02:11:47,255 - INFO - training_console - ============================================================
2025-10-11 02:11:47,255 - INFO - training_file - 数据文件: mol_evo/dataset/data/qm9-evo-pairs-step-1-with-properties.csv
2025-10-11 02:11:47,255 - INFO - training_console - 数据文件: mol_evo/dataset/data/qm9-evo-pairs-step-1-with-properties.csv
2025-10-11 02:11:47,255 - INFO - training_file - 最大对数: 30000
2025-10-11 02:11:47,255 - INFO - training_console - 最大对数: 30000
2025-10-11 02:11:47,255 - INFO - training_file - 训练轮数: 100
2025-10-11 02:11:47,255 - INFO - training_console - 训练轮数: 100
2025-10-11 02:11:47,255 - INFO - training_file - 正在构建图数据: mol_evo/dataset/data/qm9-evo-pairs-step-1-with-properties.csv
2025-10-11 02:11:47,255 - INFO - training_console - 正在构建图数据: mol_evo/dataset/data/qm9-evo-pairs-step-1-with-properties.csv
2025-10-11 02:11:48,803 - INFO - training_file - 加载缓存文件: /home/data2/rhj/project/mol_editor/mol_evo/core/utils/../../.cache/molecule_graphs/training_dataset.pt，包含 1985 个分子
2025-10-11 02:11:48,803 - INFO - training_console - 加载缓存文件: /home/data2/rhj/project/mol_editor/mol_evo/core/utils/../../.cache/molecule_graphs/training_dataset.pt，包含 1985 个分子
2025-10-11 02:11:52,045 - INFO - training_file - 跳过无法处理的分子对: [H]O/N=C(\C([H])([H])[H])C([H])([H])C(C([H])([H])[H])(C([H])([H])[H])C([H])([H])[H] -> [H]ONC1C([H])([H])[C@]23C([H])([H])[C@]([H])(C2([H])[H])[C@@]13[H]
2025-10-11 02:11:52,045 - INFO - training_console - 跳过无法处理的分子对: [H]O/N=C(\C([H])([H])[H])C([H])([H])C(C([H])([H])[H])(C([H])([H])[H])C([H])([H])[H] -> [H]ONC1C([H])([H])[C@]23C([H])([H])[C@]([H])(C2([H])[H])[C@@]13[H]
2025-10-11 02:11:52,795 - INFO - training_file - 跳过无法处理的分子对: [H]O/N=C(/C([H])([H])C([H])([H])[H])C(C([H])([H])[H])(C([H])([H])[H])C([H])([H])[H] -> [H]ONC1C([H])([H])[C@]23C([H])([H])[C@]([H])(C2([H])[H])[C@@]13[H]
2025-10-11 02:11:52,795 - INFO - training_console - 跳过无法处理的分子对: [H]O/N=C(/C([H])([H])C([H])([H])[H])C(C([H])([H])[H])(C([H])([H])[H])C([H])([H])[H] -> [H]ONC1C([H])([H])[C@]23C([H])([H])[C@]([H])(C2([H])[H])[C@@]13[H]
2025-10-11 02:11:53,537 - INFO - training_file - 跳过无法处理的分子对: [H]O/N=C(\C([H])([H])[H])C(C([H])([H])[H])(C([H])([H])[H])C([H])([H])C([H])([H])[H] -> [H]ONC1C([H])([H])[C@]23C([H])([H])[C@]([H])(C2([H])[H])[C@@]13[H]
2025-10-11 02:11:53,537 - INFO - training_console - 跳过无法处理的分子对: [H]O/N=C(\C([H])([H])[H])C(C([H])([H])[H])(C([H])([H])[H])C([H])([H])C([H])([H])[H] -> [H]ONC1C([H])([H])[C@]23C([H])([H])[C@]([H])(C2([H])[H])[C@@]13[H]
2025-10-11 02:11:54,334 - INFO - training_file - 跳过无法处理的分子对: [H]O/N=C(\C([H])([H])[H])C([H])([H])C([H])([H])C([H])(C([H])([H])[H])C([H])([H])[H] -> [H]ONC1C([H])([H])[C@]23C([H])([H])[C@]([H])(C2([H])[H])[C@@]13[H]
2025-10-11 02:11:54,334 - INFO - training_console - 跳过无法处理的分子对: [H]O/N=C(\C([H])([H])[H])C([H])([H])C([H])([H])C([H])(C([H])([H])[H])C([H])([H])[H] -> [H]ONC1C([H])([H])[C@]23C([H])([H])[C@]([H])(C2([H])[H])[C@@]13[H]
2025-10-11 02:11:55,068 - INFO - training_file - 跳过无法处理的分子对: [H]ONC1C(C([H])([H])[H])(C([H])([H])[H])C([H])([H])[C@]1([H])C([H])([H])[H] -> [H]ONC1C([H])([H])[C@]23C([H])([H])[C@]([H])(C2([H])[H])[C@@]13[H]
2025-10-11 02:11:55,068 - INFO - training_console - 跳过无法处理的分子对: [H]ONC1C(C([H])([H])[H])(C([H])([H])[H])C([H])([H])[C@]1([H])C([H])([H])[H] -> [H]ONC1C([H])([H])[C@]23C([H])([H])[C@]([H])(C2([H])[H])[C@@]13[H]
2025-10-11 02:11:55,829 - INFO - training_file - 跳过无法处理的分子对: [H]ONC1C([H])=C([H])C(C([H])([H])[H])(C([H])([H])[H])C1([H])[H] -> [H]ONC1C([H])([H])[C@]23C([H])([H])[C@]([H])(C2([H])[H])[C@@]13[H]
2025-10-11 02:11:55,829 - INFO - training_console - 跳过无法处理的分子对: [H]ONC1C([H])=C([H])C(C([H])([H])[H])(C([H])([H])[H])C1([H])[H] -> [H]ONC1C([H])([H])[C@]23C([H])([H])[C@]([H])(C2([H])[H])[C@@]13[H]
2025-10-11 02:11:56,562 - INFO - training_file - 跳过无法处理的分子对: [H]ONC1C([H])([H])C([H])([H])C(C([H])([H])[H])(C([H])([H])[H])C1([H])[H] -> [H]ONC1C([H])([H])[C@]23C([H])([H])[C@]([H])(C2([H])[H])[C@@]13[H]
2025-10-11 02:11:56,562 - INFO - training_console - 跳过无法处理的分子对: [H]ONC1C([H])([H])C([H])([H])C(C([H])([H])[H])(C([H])([H])[H])C1([H])[H] -> [H]ONC1C([H])([H])[C@]23C([H])([H])[C@]([H])(C2([H])[H])[C@@]13[H]
2025-10-11 02:11:57,311 - INFO - training_file - 跳过无法处理的分子对: [H]O/N=C(\C([H])([H])C([H])([H])[H])C([H])([H])C([H])(C([H])([H])[H])C([H])([H])[H] -> [H]ONC1C([H])([H])[C@]23C([H])([H])[C@]([H])(C2([H])[H])[C@@]13[H]
2025-10-11 02:11:57,311 - INFO - training_console - 跳过无法处理的分子对: [H]O/N=C(\C([H])([H])C([H])([H])[H])C([H])([H])C([H])(C([H])([H])[H])C([H])([H])[H] -> [H]ONC1C([H])([H])[C@]23C([H])([H])[C@]([H])(C2([H])[H])[C@@]13[H]
2025-10-11 02:11:58,078 - INFO - training_file - 跳过无法处理的分子对: [H]C#C[C@]1(C([H])([H])[H])C([H])([H])[C@@H](NO[H])C1([H])[H] -> [H]ONC1C([H])([H])[C@]23C([H])([H])[C@]([H])(C2([H])[H])[C@@]13[H]
2025-10-11 02:11:58,079 - INFO - training_console - 跳过无法处理的分子对: [H]C#C[C@]1(C([H])([H])[H])C([H])([H])[C@@H](NO[H])C1([H])[H] -> [H]ONC1C([H])([H])[C@]23C([H])([H])[C@]([H])(C2([H])[H])[C@@]13[H]
2025-10-11 02:11:58,817 - INFO - training_file - 跳过无法处理的分子对: [H]ON[C@H]1C([H])([H])[C@](C([H])([H])[H])(C([H])([H])C([H])([H])[H])C1([H])[H] -> [H]ONC1C([H])([H])[C@]23C([H])([H])[C@]([H])(C2([H])[H])[C@@]13[H]
2025-10-11 02:11:58,817 - INFO - training_console - 跳过无法处理的分子对: [H]ON[C@H]1C([H])([H])[C@](C([H])([H])[H])(C([H])([H])C([H])([H])[H])C1([H])[H] -> [H]ONC1C([H])([H])[C@]23C([H])([H])[C@]([H])(C2([H])[H])[C@@]13[H]
2025-10-11 02:11:59,562 - INFO - training_file - 跳过无法处理的分子对: [H]O/N=C(\C([H])([H])[H])C([H])([H])C1(C([H])([H])[H])C([H])([H])C1([H])[H] -> [H]ONC1C([H])([H])[C@]23C([H])([H])[C@]([H])(C2([H])[H])[C@@]13[H]
2025-10-11 02:11:59,562 - INFO - training_console - 跳过无法处理的分子对: [H]O/N=C(\C([H])([H])[H])C([H])([H])C1(C([H])([H])[H])C([H])([H])C1([H])[H] -> [H]ONC1C([H])([H])[C@]23C([H])([H])[C@]([H])(C2([H])[H])[C@@]13[H]
2025-10-11 02:12:00,315 - INFO - training_file - 跳过无法处理的分子对: [H]O/N=C(\C([H])([H])[H])C([H])([H])C([H])([H])C([H])([H])C([H])([H])C([H])([H])[H] -> [H]ONC1C([H])([H])[C@]23C([H])([H])[C@]([H])(C2([H])[H])[C@@]13[H]
2025-10-11 02:12:00,315 - INFO - training_console - 跳过无法处理的分子对: [H]O/N=C(\C([H])([H])[H])C([H])([H])C([H])([H])C([H])([H])C([H])([H])C([H])([H])[H] -> [H]ONC1C([H])([H])[C@]23C([H])([H])[C@]([H])(C2([H])[H])[C@@]13[H]
2025-10-11 02:12:01,040 - INFO - training_file - 跳过无法处理的分子对: [H]ONC1C([H])([H])C([H])=C([H])C1(C([H])([H])[H])C([H])([H])[H] -> [H]ONC1C([H])([H])[C@]23C([H])([H])[C@]([H])(C2([H])[H])[C@@]13[H]
2025-10-11 02:12:01,040 - INFO - training_console - 跳过无法处理的分子对: [H]ONC1C([H])([H])C([H])=C([H])C1(C([H])([H])[H])C([H])([H])[H] -> [H]ONC1C([H])([H])[C@]23C([H])([H])[C@]([H])(C2([H])[H])[C@@]13[H]
2025-10-11 02:12:01,776 - INFO - training_file - 跳过无法处理的分子对: [H]ONC1=C([H])[C-]([H])C([H])([H])C1(C([H])([H])[H])C([H])([H])[H] -> [H]ONC1C([H])([H])[C@]23C([H])([H])[C@]([H])(C2([H])[H])[C@@]13[H]
2025-10-11 02:12:01,776 - INFO - training_console - 跳过无法处理的分子对: [H]ONC1=C([H])[C-]([H])C([H])([H])C1(C([H])([H])[H])C([H])([H])[H] -> [H]ONC1C([H])([H])[C@]23C([H])([H])[C@]([H])(C2([H])[H])[C@@]13[H]
2025-10-11 02:12:02,477 - INFO - training_file - 跳过无法处理的分子对: [H]ONC1C([H])([H])C([H])([H])C([H])([H])C1(C([H])([H])[H])C([H])([H])[H] -> [H]ONC1C([H])([H])[C@]23C([H])([H])[C@]([H])(C2([H])[H])[C@@]13[H]
2025-10-11 02:12:02,477 - INFO - training_console - 跳过无法处理的分子对: [H]ONC1C([H])([H])C([H])([H])C([H])([H])C1(C([H])([H])[H])C([H])([H])[H] -> [H]ONC1C([H])([H])[C@]23C([H])([H])[C@]([H])(C2([H])[H])[C@@]13[H]
2025-10-11 02:12:03,242 - INFO - training_file - 跳过无法处理的分子对: [H]ON=C(C([H])([H])C([H])([H])C([H])([H])[H])C([H])([H])C([H])([H])C([H])([H])[H] -> [H]ONC1C([H])([H])[C@]23C([H])([H])[C@]([H])(C2([H])[H])[C@@]13[H]
2025-10-11 02:12:03,242 - INFO - training_console - 跳过无法处理的分子对: [H]ON=C(C([H])([H])C([H])([H])C([H])([H])[H])C([H])([H])C([H])([H])C([H])([H])[H] -> [H]ONC1C([H])([H])[C@]23C([H])([H])[C@]([H])(C2([H])[H])[C@@]13[H]
2025-10-11 02:12:04,007 - INFO - training_file - 跳过无法处理的分子对: [H]O/N=C(/C([H])([H])C([H])([H])C([H])([H])[H])C([H])(C([H])([H])[H])C([H])([H])[H] -> [H]ONC1C([H])([H])[C@]23C([H])([H])[C@]([H])(C2([H])[H])[C@@]13[H]
2025-10-11 02:12:04,008 - INFO - training_console - 跳过无法处理的分子对: [H]O/N=C(/C([H])([H])C([H])([H])C([H])([H])[H])C([H])(C([H])([H])[H])C([H])([H])[H] -> [H]ONC1C([H])([H])[C@]23C([H])([H])[C@]([H])(C2([H])[H])[C@@]13[H]
2025-10-11 02:12:04,784 - INFO - training_file - 跳过无法处理的分子对: [H]ON=C(C([H])(C([H])([H])[H])C([H])([H])[H])C([H])(C([H])([H])[H])C([H])([H])[H] -> [H]ONC1C([H])([H])[C@]23C([H])([H])[C@]([H])(C2([H])[H])[C@@]13[H]
2025-10-11 02:12:04,784 - INFO - training_console - 跳过无法处理的分子对: [H]ON=C(C([H])(C([H])([H])[H])C([H])([H])[H])C([H])(C([H])([H])[H])C([H])([H])[H] -> [H]ONC1C([H])([H])[C@]23C([H])([H])[C@]([H])(C2([H])[H])[C@@]13[H]
2025-10-11 02:12:05,680 - INFO - training_file - 跳过无法处理的分子对: [H]O/N=C(\C([H])([H])[H])C1(C([H])([H])[H])C([H])([H])C([H])([H])C1([H])[H] -> [H]ONC1C([H])([H])[C@]23C([H])([H])[C@]([H])(C2([H])[H])[C@@]13[H]
2025-10-11 02:12:05,680 - INFO - training_console - 跳过无法处理的分子对: [H]O/N=C(\C([H])([H])[H])C1(C([H])([H])[H])C([H])([H])C([H])([H])C1([H])[H] -> [H]ONC1C([H])([H])[C@]23C([H])([H])[C@]([H])(C2([H])[H])[C@@]13[H]
2025-10-11 02:12:06,440 - INFO - training_file - 跳过无法处理的分子对: [H]ON[C@H]1C([H])([H])[C@]([H])(C([H])(C([H])([H])[H])C([H])([H])[H])C1([H])[H] -> [H]ONC1C([H])([H])[C@]23C([H])([H])[C@]([H])(C2([H])[H])[C@@]13[H]
2025-10-11 02:12:06,440 - INFO - training_console - 跳过无法处理的分子对: [H]ON[C@H]1C([H])([H])[C@]([H])(C([H])(C([H])([H])[H])C([H])([H])[H])C1([H])[H] -> [H]ONC1C([H])([H])[C@]23C([H])([H])[C@]([H])(C2([H])[H])[C@@]13[H]
2025-10-11 02:12:07,158 - INFO - training_file - 跳过无法处理的分子对: [H]O/N=C(\C([H])([H])[H])[C@]1([H])C([H])([H])[C@@]([H])(C([H])([H])[H])C1([H])[H] -> [H]ONC1C([H])([H])[C@]23C([H])([H])[C@]([H])(C2([H])[H])[C@@]13[H]
2025-10-11 02:12:07,158 - INFO - training_console - 跳过无法处理的分子对: [H]O/N=C(\C([H])([H])[H])[C@]1([H])C([H])([H])[C@@]([H])(C([H])([H])[H])C1([H])[H] -> [H]ONC1C([H])([H])[C@]23C([H])([H])[C@]([H])(C2([H])[H])[C@@]13[H]
2025-10-11 02:12:07,906 - INFO - training_file - 跳过无法处理的分子对: [H]ONC1C([H])=C(C([H])([H])[H])C([H])([H])C([H])([H])C1([H])[H] -> [H]ONC1C([H])([H])[C@]23C([H])([H])[C@]([H])(C2([H])[H])[C@@]13[H]
2025-10-11 02:12:07,906 - INFO - training_console - 跳过无法处理的分子对: [H]ONC1C([H])=C(C([H])([H])[H])C([H])([H])C([H])([H])C1([H])[H] -> [H]ONC1C([H])([H])[C@]23C([H])([H])[C@]([H])(C2([H])[H])[C@@]13[H]
2025-10-11 02:12:08,630 - INFO - training_file - 跳过无法处理的分子对: [H]ONC1C([H])([H])C(C([H])([H])[H])=C([H])C([H])([H])C1([H])[H] -> [H]ONC1C([H])([H])[C@]23C([H])([H])[C@]([H])(C2([H])[H])[C@@]13[H]
2025-10-11 02:12:08,630 - INFO - training_console - 跳过无法处理的分子对: [H]ONC1C([H])([H])C(C([H])([H])[H])=C([H])C([H])([H])C1([H])[H] -> [H]ONC1C([H])([H])[C@]23C([H])([H])[C@]([H])(C2([H])[H])[C@@]13[H]
2025-10-11 02:12:09,389 - INFO - training_file - 跳过无法处理的分子对: [H]ONC1C([H])([H])C([H])([H])C([H])([H])[C@]([H])(C([H])([H])[H])C1([H])[H] -> [H]ONC1C([H])([H])[C@]23C([H])([H])[C@]([H])(C2([H])[H])[C@@]13[H]
2025-10-11 02:12:09,389 - INFO - training_console - 跳过无法处理的分子对: [H]ONC1C([H])([H])C([H])([H])C([H])([H])[C@]([H])(C([H])([H])[H])C1([H])[H] -> [H]ONC1C([H])([H])[C@]23C([H])([H])[C@]([H])(C2([H])[H])[C@@]13[H]
2025-10-11 02:12:10,137 - INFO - training_file - 跳过无法处理的分子对: [H]ONC1C([H])([H])C(C([H])([H])[H])=C(C([H])([H])[H])C1([H])[H] -> [H]ONC1C([H])([H])[C@]23C([H])([H])[C@]([H])(C2([H])[H])[C@@]13[H]
2025-10-11 02:12:10,137 - INFO - training_console - 跳过无法处理的分子对: [H]ONC1C([H])([H])C(C([H])([H])[H])=C(C([H])([H])[H])C1([H])[H] -> [H]ONC1C([H])([H])[C@]23C([H])([H])[C@]([H])(C2([H])[H])[C@@]13[H]
2025-10-11 02:12:10,874 - INFO - training_file - 跳过无法处理的分子对: [H]ONC1C([H])([H])C(C([H])([H])[H])=C([H])[C@]1([H])C([H])([H])[H] -> [H]ONC1C([H])([H])[C@]23C([H])([H])[C@]([H])(C2([H])[H])[C@@]13[H]
2025-10-11 02:12:10,874 - INFO - training_console - 跳过无法处理的分子对: [H]ONC1C([H])([H])C(C([H])([H])[H])=C([H])[C@]1([H])C([H])([H])[H] -> [H]ONC1C([H])([H])[C@]23C([H])([H])[C@]([H])(C2([H])[H])[C@@]13[H]
2025-10-11 02:12:11,353 - INFO - training_file - 跳过无法处理的分子对: [H][N-]C1O[C@]([H])(C([H])([H])[H])C(NO[H])C1([H])[H] -> [H]ONC1C([H])([H])[C@]23C([H])([H])[N@@H+](C2([H])[H])[C@@]13[H]
2025-10-11 02:12:11,353 - INFO - training_console - 跳过无法处理的分子对: [H][N-]C1O[C@]([H])(C([H])([H])[H])C(NO[H])C1([H])[H] -> [H]ONC1C([H])([H])[C@]23C([H])([H])[N@@H+](C2([H])[H])[C@@]13[H]
2025-10-11 02:12:12,089 - INFO - training_file - 跳过无法处理的分子对: [H]ONC1C([H])([H])[C@]2([H])C([H])([H])[C@@]1(C([H])([H])[H])C2([H])[H] -> [H]ONC1C([H])([H])[C@]23C([H])([H])[C@]([H])(C2([H])[H])[C@@]13[H]
2025-10-11 02:12:12,089 - INFO - training_console - 跳过无法处理的分子对: [H]ONC1C([H])([H])[C@]2([H])C([H])([H])[C@@]1(C([H])([H])[H])C2([H])[H] -> [H]ONC1C([H])([H])[C@]23C([H])([H])[C@]([H])(C2([H])[H])[C@@]13[H]
2025-10-11 02:12:12,824 - INFO - training_file - 跳过无法处理的分子对: [H]O/N=C(\C([H])([H])[H])C([H])([H])C1([H])C([H])([H])C([H])([H])C1([H])[H] -> [H]ONC1C([H])([H])[C@]23C([H])([H])[C@]([H])(C2([H])[H])[C@@]13[H]
2025-10-11 02:12:12,825 - INFO - training_console - 跳过无法处理的分子对: [H]O/N=C(\C([H])([H])[H])C([H])([H])C1([H])C([H])([H])C([H])([H])C1([H])[H] -> [H]ONC1C([H])([H])[C@]23C([H])([H])[C@]([H])(C2([H])[H])[C@@]13[H]
2025-10-11 02:12:13,548 - INFO - training_file - 跳过无法处理的分子对: [H]C#CC([H])([H])[C@]1([H])C([H])([H])[C@@H](NO[H])C1([H])[H] -> [H]ONC1C([H])([H])[C@]23C([H])([H])[C@]([H])(C2([H])[H])[C@@]13[H]
2025-10-11 02:12:13,548 - INFO - training_console - 跳过无法处理的分子对: [H]C#CC([H])([H])[C@]1([H])C([H])([H])[C@@H](NO[H])C1([H])[H] -> [H]ONC1C([H])([H])[C@]23C([H])([H])[C@]([H])(C2([H])[H])[C@@]13[H]
2025-10-11 02:12:14,267 - INFO - training_file - 跳过无法处理的分子对: [H]ON[C@H]1C([H])([H])[C@]([H])(C#CC([H])([H])[H])C1([H])[H] -> [H]ONC1C([H])([H])[C@]23C([H])([H])[C@]([H])(C2([H])[H])[C@@]13[H]
2025-10-11 02:12:14,267 - INFO - training_console - 跳过无法处理的分子对: [H]ON[C@H]1C([H])([H])[C@]([H])(C#CC([H])([H])[H])C1([H])[H] -> [H]ONC1C([H])([H])[C@]23C([H])([H])[C@]([H])(C2([H])[H])[C@@]13[H]
2025-10-11 02:12:15,002 - INFO - training_file - 跳过无法处理的分子对: [H]ON[C@H]1C([H])([H])[C@]([H])(C([H])([H])C([H])([H])C([H])([H])[H])C1([H])[H] -> [H]ONC1C([H])([H])[C@]23C([H])([H])[C@]([H])(C2([H])[H])[C@@]13[H]
2025-10-11 02:12:15,002 - INFO - training_console - 跳过无法处理的分子对: [H]ON[C@H]1C([H])([H])[C@]([H])(C([H])([H])C([H])([H])C([H])([H])[H])C1([H])[H] -> [H]ONC1C([H])([H])[C@]23C([H])([H])[C@]([H])(C2([H])[H])[C@@]13[H]
2025-10-11 02:12:15,729 - INFO - training_file - 跳过无法处理的分子对: [H]ONC1C([H])([H])C2(C1([H])[H])C([H])([H])C([H])([H])C2([H])[H] -> [H]ONC1C([H])([H])[C@]23C([H])([H])[C@]([H])(C2([H])[H])[C@@]13[H]
2025-10-11 02:12:15,729 - INFO - training_console - 跳过无法处理的分子对: [H]ONC1C([H])([H])C2(C1([H])[H])C([H])([H])C([H])([H])C2([H])[H] -> [H]ONC1C([H])([H])[C@]23C([H])([H])[C@]([H])(C2([H])[H])[C@@]13[H]
2025-10-11 02:12:15,760 - INFO - training_file - 分子处理统计: 总数=60000, 命中=59967, 未命中=33, 命中率=99.94%
2025-10-11 02:12:15,760 - INFO - training_console - 分子处理统计: 总数=60000, 命中=59967, 未命中=33, 命中率=99.94%
2025-10-11 02:12:15,784 - INFO - training_file - 训练集样本示例 (头部数据):
2025-10-11 02:12:15,784 - INFO - training_console - 训练集样本示例 (头部数据):
2025-10-11 02:12:15,784 - INFO - training_file -   样本 1:
2025-10-11 02:12:15,784 - INFO - training_console -   样本 1:
2025-10-11 02:12:15,785 - INFO - training_file -     起始分子节点数: 5
2025-10-11 02:12:15,785 - INFO - training_console -     起始分子节点数: 5
2025-10-11 02:12:15,785 - INFO - training_file -     起始分子边数: 8
2025-10-11 02:12:15,785 - INFO - training_console -     起始分子边数: 8
2025-10-11 02:12:15,785 - INFO - training_file -     目标分子节点数: 8
2025-10-11 02:12:15,785 - INFO - training_console -     目标分子节点数: 8
2025-10-11 02:12:15,785 - INFO - training_file -     目标分子边数: 14
2025-10-11 02:12:15,785 - INFO - training_console -     目标分子边数: 14
2025-10-11 02:12:15,785 - INFO - training_file -     边特征: [1.0, 0.0, 0.0, 0.0, 0.0, 1.0, 0.0, 0.0, 0.0, 0.0, 0.0]
2025-10-11 02:12:15,785 - INFO - training_console -     边特征: [1.0, 0.0, 0.0, 0.0, 0.0, 1.0, 0.0, 0.0, 0.0, 0.0, 0.0]
2025-10-11 02:12:15,785 - INFO - training_file -     目标属性值: 0.0235179141163826
2025-10-11 02:12:15,785 - INFO - training_console -     目标属性值: 0.0235179141163826
2025-10-11 02:12:15,785 - INFO - training_file -   样本 2:
2025-10-11 02:12:15,785 - INFO - training_console -   样本 2:
2025-10-11 02:12:15,785 - INFO - training_file -     起始分子节点数: 3
2025-10-11 02:12:15,785 - INFO - training_console -     起始分子节点数: 3
2025-10-11 02:12:15,785 - INFO - training_file -     起始分子边数: 4
2025-10-11 02:12:15,785 - INFO - training_console -     起始分子边数: 4
2025-10-11 02:12:15,785 - INFO - training_file -     目标分子节点数: 6
2025-10-11 02:12:15,785 - INFO - training_console -     目标分子节点数: 6
2025-10-11 02:12:15,785 - INFO - training_file -     目标分子边数: 10
2025-10-11 02:12:15,785 - INFO - training_console -     目标分子边数: 10
2025-10-11 02:12:15,785 - INFO - training_file -     边特征: [1.0, 0.0, 0.0, 0.0, 0.0, 1.0, 0.0, 0.0, 0.0, 0.0, 0.0]
2025-10-11 02:12:15,785 - INFO - training_console -     边特征: [1.0, 0.0, 0.0, 0.0, 0.0, 1.0, 0.0, 0.0, 0.0, 0.0, 0.0]
2025-10-11 02:12:15,786 - INFO - training_file -     目标属性值: -0.273184210062027
2025-10-11 02:12:15,786 - INFO - training_console -     目标属性值: -0.273184210062027
2025-10-11 02:12:15,786 - INFO - training_file -   样本 3:
2025-10-11 02:12:15,786 - INFO - training_console -   样本 3:
2025-10-11 02:12:15,786 - INFO - training_file -     起始分子节点数: 4
2025-10-11 02:12:15,786 - INFO - training_console -     起始分子节点数: 4
2025-10-11 02:12:15,786 - INFO - training_file -     起始分子边数: 6
2025-10-11 02:12:15,786 - INFO - training_console -     起始分子边数: 6
2025-10-11 02:12:15,786 - INFO - training_file -     目标分子节点数: 11
2025-10-11 02:12:15,786 - INFO - training_console -     目标分子节点数: 11
2025-10-11 02:12:15,786 - INFO - training_file -     目标分子边数: 20
2025-10-11 02:12:15,786 - INFO - training_console -     目标分子边数: 20
2025-10-11 02:12:15,786 - INFO - training_file -     边特征: [1.0, 0.0, 0.0, 0.0, 0.0, 0.0, 1.0, 0.0, 0.0, 0.0, 0.0]
2025-10-11 02:12:15,786 - INFO - training_console -     边特征: [1.0, 0.0, 0.0, 0.0, 0.0, 0.0, 1.0, 0.0, 0.0, 0.0, 0.0]
2025-10-11 02:12:15,786 - INFO - training_file -     目标属性值: 0.07796955853700638
2025-10-11 02:12:15,786 - INFO - training_console -     目标属性值: 0.07796955853700638
2025-10-11 02:12:15,786 - INFO - training_file - 数据构建完成:
2025-10-11 02:12:15,786 - INFO - training_console - 数据构建完成:
2025-10-11 02:12:15,786 - INFO - training_file -   - 样本数: 29967
2025-10-11 02:12:15,786 - INFO - training_console -   - 样本数: 29967
2025-10-11 02:12:15,786 - INFO - training_file -   - 节点特征维度: 11
2025-10-11 02:12:15,786 - INFO - training_console -   - 节点特征维度: 11
2025-10-11 02:12:15,786 - INFO - training_file -   - 边特征维度: 11
2025-10-11 02:12:15,786 - INFO - training_console -   - 边特征维度: 11
2025-10-11 02:12:15,786 - INFO - training_file -   - 目标属性变化维度: 1
2025-10-11 02:12:15,786 - INFO - training_console -   - 目标属性变化维度: 1
2025-10-11 02:12:15,789 - INFO - training_file - 数据集划分完成:
2025-10-11 02:12:15,789 - INFO - training_console - 数据集划分完成:
2025-10-11 02:12:15,789 - INFO - training_file -   - 训练集: 23973 (80.0%)
2025-10-11 02:12:15,789 - INFO - training_console -   - 训练集: 23973 (80.0%)
2025-10-11 02:12:15,789 - INFO - training_file -   - 验证集: 2996 (10.0%)
2025-10-11 02:12:15,789 - INFO - training_console -   - 验证集: 2996 (10.0%)
2025-10-11 02:12:15,789 - INFO - training_file -   - 测试集: 2998 (10.0%)
2025-10-11 02:12:15,789 - INFO - training_console -   - 测试集: 2998 (10.0%)
2025-10-11 02:12:15,859 - INFO - training_file - 正在创建模型...
2025-10-11 02:12:15,859 - INFO - training_console - 正在创建模型...
2025-10-11 02:12:15,859 - INFO - training_file - 模型参数数量: 980993
2025-10-11 02:12:15,859 - INFO - training_console - 模型参数数量: 980993
2025-10-11 02:12:15,860 - INFO - training_file - 使用设备: cuda
2025-10-11 02:12:15,860 - INFO - training_console - 使用设备: cuda
2025-10-11 02:12:35,343 - INFO - training_file - Epoch [10/100], Train Loss: 0.622474, Val Loss: 0.596378, R²: 0.3966, MAE: 0.5204
2025-10-11 02:12:53,127 - INFO - training_file - Epoch [20/100], Train Loss: 0.570317, Val Loss: 0.556590, R²: 0.4368, MAE: 0.4992
2025-10-11 02:13:10,741 - INFO - training_file - Epoch [30/100], Train Loss: 0.475184, Val Loss: 0.478558, R²: 0.5158, MAE: 0.4576
2025-10-11 02:13:30,567 - INFO - training_file - Epoch [40/100], Train Loss: 0.438450, Val Loss: 0.411582, R²: 0.5836, MAE: 0.4243
2025-10-11 02:13:50,729 - INFO - training_file - Epoch [50/100], Train Loss: 0.376442, Val Loss: 0.373043, R²: 0.6225, MAE: 0.4025
2025-10-11 02:14:10,312 - INFO - training_file - Epoch [60/100], Train Loss: 0.332720, Val Loss: 0.344003, R²: 0.6519, MAE: 0.3822
2025-10-11 02:14:32,117 - INFO - training_file - Epoch [70/100], Train Loss: 0.300394, Val Loss: 0.334379, R²: 0.6617, MAE: 0.3703
2025-10-11 02:14:53,738 - INFO - training_file - Epoch [80/100], Train Loss: 0.267060, Val Loss: 0.337410, R²: 0.6586, MAE: 0.3747
2025-10-11 02:15:15,570 - INFO - training_file - Epoch [90/100], Train Loss: 0.238790, Val Loss: 0.303265, R²: 0.6931, MAE: 0.3526
2025-10-11 02:15:36,965 - INFO - training_file - 已保存checkpoint: /home/data2/rhj/project/mol_editor/mol_evo/../mol_evo/output/v0/training_20251011_021147/checkpoint_epoch_100.pth
2025-10-11 02:15:36,965 - INFO - training_console - 已保存checkpoint: /home/data2/rhj/project/mol_editor/mol_evo/../mol_evo/output/v0/training_20251011_021147/checkpoint_epoch_100.pth
2025-10-11 02:15:37,163 - INFO - training_file - Epoch [100/100], Train Loss: 0.218397, Val Loss: 0.276415, R²: 0.7203, MAE: 0.3278
2025-10-11 02:15:37,164 - INFO - training_file - 开始训练 (100 轮)...
2025-10-11 02:15:37,164 - INFO - training_console - 开始训练 (100 轮)...
2025-10-11 02:15:38,509 - INFO - training_file - ============================================================
2025-10-11 02:15:38,509 - INFO - training_console - ============================================================
2025-10-11 02:15:38,509 - INFO - training_file - 训练完成 - 最终评估结果
2025-10-11 02:15:38,509 - INFO - training_console - 训练完成 - 最终评估结果
2025-10-11 02:15:38,509 - INFO - training_file - ============================================================
2025-10-11 02:15:38,509 - INFO - training_console - ============================================================
2025-10-11 02:15:38,510 - INFO - training_file - 测试集损失: 0.325025
2025-10-11 02:15:38,510 - INFO - training_console - 测试集损失: 0.325025
2025-10-11 02:15:38,510 - INFO - training_file - RMSE: 0.518001
2025-10-11 02:15:38,510 - INFO - training_console - RMSE: 0.518001
2025-10-11 02:15:38,510 - INFO - training_file - MAE: 0.325025
2025-10-11 02:15:38,510 - INFO - training_console - MAE: 0.325025
2025-10-11 02:15:38,510 - INFO - training_file - R²: 0.706155
2025-10-11 02:15:38,510 - INFO - training_console - R²: 0.706155
2025-10-11 02:15:38,510 - INFO - training_file - 
2025-10-11 02:15:38,510 - INFO - training_console - 
2025-10-11 02:15:38,510 - INFO - training_file - 阈值准确率:
2025-10-11 02:15:38,510 - INFO - training_console - 阈值准确率:
2025-10-11 02:15:38,510 - INFO - training_file -   阈值 0.4: 74.02%
2025-10-11 02:15:38,510 - INFO - training_console -   阈值 0.4: 74.02%
2025-10-11 02:15:38,510 - INFO - training_file -   阈值 0.3: 66.31%
2025-10-11 02:15:38,510 - INFO - training_console -   阈值 0.3: 66.31%
2025-10-11 02:15:38,510 - INFO - training_file -   阈值 0.2: 53.24%
2025-10-11 02:15:38,510 - INFO - training_console -   阈值 0.2: 53.24%
2025-10-11 02:15:38,510 - INFO - training_file -   阈值 0.1: 31.65%
2025-10-11 02:15:38,510 - INFO - training_console -   阈值 0.1: 31.65%
2025-10-11 02:15:38,510 - INFO - training_file -   阈值 0.05: 15.94%
2025-10-11 02:15:38,510 - INFO - training_console -   阈值 0.05: 15.94%
2025-10-11 02:15:38,510 - INFO - training_file - 
2025-10-11 02:15:38,510 - INFO - training_console - 
2025-10-11 02:15:38,510 - INFO - training_file - 模型已保存至: /home/data2/rhj/project/mol_editor/mol_evo/../mol_evo/output/v0/training_20251011_021147/molecule_evolution_gcn_v0_mu_predictor.pth
2025-10-11 02:15:38,510 - INFO - training_console - 模型已保存至: /home/data2/rhj/project/mol_editor/mol_evo/../mol_evo/output/v0/training_20251011_021147/molecule_evolution_gcn_v0_mu_predictor.pth
2025-10-11 02:15:38,510 - INFO - training_file - 
2025-10-11 02:15:38,510 - INFO - training_console - 
2025-10-11 02:15:38,510 - INFO - training_file - 训练过程总结:
2025-10-11 02:15:38,510 - INFO - training_console - 训练过程总结:
2025-10-11 02:15:38,511 - INFO - training_file -   最佳训练损失: 0.218397
2025-10-11 02:15:38,511 - INFO - training_console -   最佳训练损失: 0.218397
2025-10-11 02:15:38,511 - INFO - training_file -   最佳验证损失: 0.276415
2025-10-11 02:15:38,511 - INFO - training_console -   最佳验证损失: 0.276415
2025-10-11 02:15:38,511 - INFO - training_file - 
2025-10-11 02:15:38,511 - INFO - training_console - 
2025-10-11 02:15:38,511 - INFO - training_file - 训练完成:
2025-10-11 02:15:38,511 - INFO - training_console - 训练完成:
2025-10-11 02:15:38,511 - INFO - training_file -   - 最终训练损失: 0.218397
2025-10-11 02:15:38,511 - INFO - training_console -   - 最终训练损失: 0.218397
2025-10-11 02:15:38,511 - INFO - training_file -   - 最佳验证损失: 0.276415
2025-10-11 02:15:38,511 - INFO - training_console -   - 最佳验证损失: 0.276415
2025-10-11 02:15:38,511 - INFO - training_file -   - 测试损失 (MSE): 0.325025
2025-10-11 02:15:38,511 - INFO - training_console -   - 测试损失 (MSE): 0.325025
2025-10-11 02:15:38,511 - INFO - training_file -   - 测试RMSE: 0.518001
2025-10-11 02:15:38,511 - INFO - training_console -   - 测试RMSE: 0.518001
2025-10-11 02:15:38,511 - INFO - training_file -   - 测试MAE: 0.325025
2025-10-11 02:15:38,511 - INFO - training_console -   - 测试MAE: 0.325025
2025-10-11 02:15:38,511 - INFO - training_file -   - 测试R²: 0.706155
2025-10-11 02:15:38,511 - INFO - training_console -   - 测试R²: 0.706155
2025-10-11 02:15:38,511 - INFO - training_file -   - 测试阈值准确率 (0.4): 0.7402
2025-10-11 02:15:38,511 - INFO - training_console -   - 测试阈值准确率 (0.4): 0.7402
2025-10-11 02:15:38,511 - INFO - training_file -   - 测试阈值准确率 (0.3): 0.6631
2025-10-11 02:15:38,511 - INFO - training_console -   - 测试阈值准确率 (0.3): 0.6631
2025-10-11 02:15:38,511 - INFO - training_file -   - 测试阈值准确率 (0.2): 0.5324
2025-10-11 02:15:38,511 - INFO - training_console -   - 测试阈值准确率 (0.2): 0.5324
2025-10-11 02:15:38,511 - INFO - training_file -   - 测试阈值准确率 (0.1): 0.3165
2025-10-11 02:15:38,511 - INFO - training_console -   - 测试阈值准确率 (0.1): 0.3165
2025-10-11 02:15:38,511 - INFO - training_file -   - 测试阈值准确率 (0.05): 0.1594
2025-10-11 02:15:38,512 - INFO - training_console -   - 测试阈值准确率 (0.05): 0.1594
2025-10-11 02:15:38,512 - INFO - training_file -   - 模型已保存到: /home/data2/rhj/project/mol_editor/mol_evo/../mol_evo/output/v0/training_20251011_021147/molecule_evolution_gcn_v0_mu_predictor.pth
2025-10-11 02:15:38,512 - INFO - training_console -   - 模型已保存到: /home/data2/rhj/project/mol_editor/mol_evo/../mol_evo/output/v0/training_20251011_021147/molecule_evolution_gcn_v0_mu_predictor.pth
