2025-10-14 22:45:27,299 - INFO - ============================================================
2025-10-14 22:45:27,300 - INFO - 基于NNConv的分子进化预测器模型训练开始
2025-10-14 22:45:27,300 - INFO - ============================================================
2025-10-14 22:45:27,300 - INFO - 数据文件: mol_evo/dataset/data/qm9-evo-pairs-step-1-with-properties-pct.csv
2025-10-14 22:45:27,300 - INFO - 最大对数: 30000
2025-10-14 22:45:27,300 - INFO - 训练轮数: 500
2025-10-14 22:45:27,300 - INFO - 正在构建图数据: mol_evo/dataset/data/qm9-evo-pairs-step-1-with-properties-pct.csv
2025-10-14 22:45:29,150 - INFO - 加载缓存文件: /home/data2/rhj/project/mol_editor/mol_evo/core/utils/../../.cache/molecule_graphs/csv_qm9-evo-pairs-step-1-with-properties-pct_3cbb45cc1ac9202d.pt，包含 1994 个分子
2025-10-14 22:45:56,812 - INFO - 分子处理统计: 总数=60000, 命中=59967, 未命中=33, 命中率=99.94%
2025-10-14 22:45:56,845 - INFO - --- 训练集样本示例 (头部数据) ---
2025-10-14 22:45:56,845 - INFO -   样本       起始节点数        起始边数         目标节点数        目标边数         边特征             目标属性值          
2025-10-14 22:45:56,845 - INFO -   --------------------------------------------------------------------------------
2025-10-14 22:45:56,845 - INFO -   1        5            8            8            14           [1.0, 0.0, 0.   0.023518       
2025-10-14 22:45:56,845 - INFO -   2        3            4            6            10           [1.0, 0.0, 0.   -0.273184      
2025-10-14 22:45:56,845 - INFO -   3        4            6            11           20           [1.0, 0.0, 0.   0.077970       
2025-10-14 22:45:56,845 - INFO -   --------------------------------------------------------------------------------
2025-10-14 22:45:56,845 - INFO - 
数据构建完成:
2025-10-14 22:45:56,846 - INFO -   项目                   值                   
2025-10-14 22:45:56,846 - INFO -   ----------------------------------------
2025-10-14 22:45:56,846 - INFO -   样本数                  29967               
2025-10-14 22:45:56,846 - INFO -   节点特征维度               11                  
2025-10-14 22:45:56,846 - INFO -   边特征维度                11                  
2025-10-14 22:45:56,846 - INFO -   目标属性变化维度             1                   
2025-10-14 22:45:56,848 - INFO - 数据集划分完成:
2025-10-14 22:45:56,848 - INFO -   - 训练集: 23973 (80.0%)
2025-10-14 22:45:56,849 - INFO -   - 验证集: 2996 (10.0%)
2025-10-14 22:45:56,849 - INFO -   - 测试集: 2998 (10.0%)
2025-10-14 22:45:56,944 - INFO - 正在创建模型...
2025-10-14 22:45:56,944 - INFO - 模型参数数量: 3313025
2025-10-14 22:45:56,945 - INFO - 使用设备: cuda
2025-10-14 22:46:43,349 - INFO - Epoch [10/500], Train Loss: 0.548245, Val Loss: 0.544491, R²: 0.3429, MAE: 0.5445
2025-10-14 22:47:29,568 - INFO - Epoch [20/500], Train Loss: 0.517874, Val Loss: 0.532151, R²: 0.3551, MAE: 0.5322
2025-10-14 22:48:15,070 - INFO - Epoch [30/500], Train Loss: 0.508560, Val Loss: 0.574411, R²: 0.3086, MAE: 0.5744
2025-10-14 22:49:01,355 - INFO - Epoch [40/500], Train Loss: 0.494817, Val Loss: 0.493316, R²: 0.4007, MAE: 0.4933
2025-10-14 22:49:50,359 - INFO - Epoch [50/500], Train Loss: 0.488106, Val Loss: 0.523969, R²: 0.3871, MAE: 0.5240
2025-10-14 22:50:54,759 - INFO - Epoch [60/500], Train Loss: 0.466500, Val Loss: 0.475802, R²: 0.4252, MAE: 0.4758
2025-10-14 22:51:59,450 - INFO - Epoch [70/500], Train Loss: 0.469422, Val Loss: 0.470213, R²: 0.4375, MAE: 0.4702
2025-10-14 22:53:04,035 - INFO - Epoch [80/500], Train Loss: 0.442302, Val Loss: 0.447600, R²: 0.4669, MAE: 0.4476
2025-10-14 22:54:08,240 - INFO - Epoch [90/500], Train Loss: 0.436538, Val Loss: 0.429847, R²: 0.4923, MAE: 0.4298
2025-10-14 22:55:12,220 - INFO - 已保存checkpoint: /home/data2/rhj/project/mol_editor/mol_evo/../mol_evo/output/v0/gcn_transformer_transformer/train-20251014_224527-mu_change-30000-500/checkpoint_epoch_100.pth
2025-10-14 22:55:12,838 - INFO - Epoch [100/500], Train Loss: 0.415101, Val Loss: 0.420756, R²: 0.5044, MAE: 0.4208
2025-10-14 22:56:17,324 - INFO - Epoch [110/500], Train Loss: 0.398552, Val Loss: 0.423637, R²: 0.5236, MAE: 0.4236
2025-10-14 22:57:21,468 - INFO - Epoch [120/500], Train Loss: 0.394007, Val Loss: 0.400244, R²: 0.5476, MAE: 0.4002
2025-10-14 22:58:21,529 - INFO - 警告: 在第 130 轮检测到NaN或inf损失值，停止训练
2025-10-14 22:58:22,146 - INFO - 警告: 在第 130 轮检测到NaN或inf验证损失值，停止训练
2025-10-14 22:58:22,167 - INFO - Epoch [130/500], Train Loss: 0.111987, Val Loss: nan, R²: nan, MAE: nan
2025-10-14 22:58:22,276 - INFO - 警告: 在第 131 轮检测到NaN或inf损失值，停止训练
2025-10-14 22:58:22,920 - INFO - 警告: 在第 131 轮检测到NaN或inf验证损失值，停止训练
2025-10-14 22:58:23,039 - INFO - 警告: 在第 132 轮检测到NaN或inf损失值，停止训练
2025-10-14 22:58:23,552 - INFO - 警告: 在第 132 轮检测到NaN或inf验证损失值，停止训练
2025-10-14 22:58:23,670 - INFO - 警告: 在第 133 轮检测到NaN或inf损失值，停止训练
2025-10-14 22:58:24,295 - INFO - 警告: 在第 133 轮检测到NaN或inf验证损失值，停止训练
2025-10-14 22:58:24,418 - INFO - 警告: 在第 134 轮检测到NaN或inf损失值，停止训练
2025-10-14 22:58:25,072 - INFO - 警告: 在第 134 轮检测到NaN或inf验证损失值，停止训练
2025-10-14 22:58:25,185 - INFO - 警告: 在第 135 轮检测到NaN或inf损失值，停止训练
2025-10-14 22:58:25,766 - INFO - 警告: 在第 135 轮检测到NaN或inf验证损失值，停止训练
2025-10-14 22:58:25,847 - INFO - 警告: 在第 136 轮检测到NaN或inf损失值，停止训练
2025-10-14 22:58:26,328 - INFO - 警告: 在第 136 轮检测到NaN或inf验证损失值，停止训练
2025-10-14 22:58:26,429 - INFO - 警告: 在第 137 轮检测到NaN或inf损失值，停止训练
2025-10-14 22:58:27,097 - INFO - 警告: 在第 137 轮检测到NaN或inf验证损失值，停止训练
2025-10-14 22:58:27,205 - INFO - 警告: 在第 138 轮检测到NaN或inf损失值，停止训练
2025-10-14 22:58:27,838 - INFO - 警告: 在第 138 轮检测到NaN或inf验证损失值，停止训练
2025-10-14 22:58:27,952 - INFO - 警告: 在第 139 轮检测到NaN或inf损失值，停止训练
2025-10-14 22:58:28,420 - INFO - 警告: 在第 139 轮检测到NaN或inf验证损失值，停止训练
2025-10-14 22:58:28,530 - INFO - 警告: 在第 140 轮检测到NaN或inf损失值，停止训练
2025-10-14 22:58:29,282 - INFO - 警告: 在第 140 轮检测到NaN或inf验证损失值，停止训练
2025-10-14 22:58:29,303 - INFO - Epoch [140/500], Train Loss: 0.000000, Val Loss: nan, R²: nan, MAE: nan
2025-10-14 22:58:29,414 - INFO - 警告: 在第 141 轮检测到NaN或inf损失值，停止训练
2025-10-14 22:58:30,051 - INFO - 警告: 在第 141 轮检测到NaN或inf验证损失值，停止训练
2025-10-14 22:58:30,170 - INFO - 警告: 在第 142 轮检测到NaN或inf损失值，停止训练
2025-10-14 22:58:30,691 - INFO - 警告: 在第 142 轮检测到NaN或inf验证损失值，停止训练
2025-10-14 22:58:30,806 - INFO - 警告: 在第 143 轮检测到NaN或inf损失值，停止训练
2025-10-14 22:58:31,414 - INFO - 警告: 在第 143 轮检测到NaN或inf验证损失值，停止训练
2025-10-14 22:58:31,531 - INFO - 警告: 在第 144 轮检测到NaN或inf损失值，停止训练
2025-10-14 22:58:32,177 - INFO - 警告: 在第 144 轮检测到NaN或inf验证损失值，停止训练
2025-10-14 22:58:32,286 - INFO - 警告: 在第 145 轮检测到NaN或inf损失值，停止训练
2025-10-14 22:58:32,857 - INFO - 警告: 在第 145 轮检测到NaN或inf验证损失值，停止训练
2025-10-14 22:58:32,936 - INFO - 警告: 在第 146 轮检测到NaN或inf损失值，停止训练
2025-10-14 22:58:33,303 - INFO - 警告: 在第 146 轮检测到NaN或inf验证损失值，停止训练
2025-10-14 22:58:33,381 - INFO - 警告: 在第 147 轮检测到NaN或inf损失值，停止训练
2025-10-14 22:58:33,785 - INFO - 警告: 在第 147 轮检测到NaN或inf验证损失值，停止训练
2025-10-14 22:58:33,917 - INFO - 警告: 在第 148 轮检测到NaN或inf损失值，停止训练
2025-10-14 22:58:34,411 - INFO - 警告: 在第 148 轮检测到NaN或inf验证损失值，停止训练
2025-10-14 22:58:34,518 - INFO - 警告: 在第 149 轮检测到NaN或inf损失值，停止训练
2025-10-14 22:58:35,151 - INFO - 警告: 在第 149 轮检测到NaN或inf验证损失值，停止训练
2025-10-14 22:58:35,268 - INFO - 警告: 在第 150 轮检测到NaN或inf损失值，停止训练
2025-10-14 22:58:35,913 - INFO - 警告: 在第 150 轮检测到NaN或inf验证损失值，停止训练
2025-10-14 22:58:35,933 - INFO - Epoch [150/500], Train Loss: 0.000000, Val Loss: nan, R²: nan, MAE: nan
2025-10-14 22:58:36,031 - INFO - 警告: 在第 151 轮检测到NaN或inf损失值，停止训练
2025-10-14 22:58:36,455 - INFO - 警告: 在第 151 轮检测到NaN或inf验证损失值，停止训练
2025-10-14 22:58:36,568 - INFO - 警告: 在第 152 轮检测到NaN或inf损失值，停止训练
2025-10-14 22:58:37,203 - INFO - 警告: 在第 152 轮检测到NaN或inf验证损失值，停止训练
2025-10-14 22:58:37,284 - INFO - 警告: 在第 153 轮检测到NaN或inf损失值，停止训练
2025-10-14 22:58:37,944 - INFO - 警告: 在第 153 轮检测到NaN或inf验证损失值，停止训练
2025-10-14 22:58:38,056 - INFO - 警告: 在第 154 轮检测到NaN或inf损失值，停止训练
2025-10-14 22:58:38,585 - INFO - 警告: 在第 154 轮检测到NaN或inf验证损失值，停止训练
2025-10-14 22:58:38,660 - INFO - 警告: 在第 155 轮检测到NaN或inf损失值，停止训练
2025-10-14 22:58:39,227 - INFO - 警告: 在第 155 轮检测到NaN或inf验证损失值，停止训练
2025-10-14 22:58:39,342 - INFO - 警告: 在第 156 轮检测到NaN或inf损失值，停止训练
2025-10-14 22:58:39,982 - INFO - 警告: 在第 156 轮检测到NaN或inf验证损失值，停止训练
2025-10-14 22:58:40,097 - INFO - 警告: 在第 157 轮检测到NaN或inf损失值，停止训练
2025-10-14 22:58:40,702 - INFO - 警告: 在第 157 轮检测到NaN或inf验证损失值，停止训练
2025-10-14 22:58:40,794 - INFO - 警告: 在第 158 轮检测到NaN或inf损失值，停止训练
2025-10-14 22:58:41,326 - INFO - 警告: 在第 158 轮检测到NaN或inf验证损失值，停止训练
2025-10-14 22:58:41,434 - INFO - 警告: 在第 159 轮检测到NaN或inf损失值，停止训练
2025-10-14 22:58:42,075 - INFO - 警告: 在第 159 轮检测到NaN或inf验证损失值，停止训练
2025-10-14 22:58:42,187 - INFO - 警告: 在第 160 轮检测到NaN或inf损失值，停止训练
2025-10-14 22:58:42,844 - INFO - 警告: 在第 160 轮检测到NaN或inf验证损失值，停止训练
2025-10-14 22:58:42,865 - INFO - Epoch [160/500], Train Loss: 0.000000, Val Loss: nan, R²: nan, MAE: nan
2025-10-14 22:58:42,979 - INFO - 警告: 在第 161 轮检测到NaN或inf损失值，停止训练
2025-10-14 22:58:43,398 - INFO - 警告: 在第 161 轮检测到NaN或inf验证损失值，停止训练
2025-10-14 22:58:43,513 - INFO - 警告: 在第 162 轮检测到NaN或inf损失值，停止训练
2025-10-14 22:58:44,157 - INFO - 警告: 在第 162 轮检测到NaN或inf验证损失值，停止训练
2025-10-14 22:58:44,249 - INFO - 警告: 在第 163 轮检测到NaN或inf损失值，停止训练
2025-10-14 22:58:44,922 - INFO - 警告: 在第 163 轮检测到NaN或inf验证损失值，停止训练
2025-10-14 22:58:45,043 - INFO - 警告: 在第 164 轮检测到NaN或inf损失值，停止训练
2025-10-14 22:58:45,591 - INFO - 警告: 在第 164 轮检测到NaN或inf验证损失值，停止训练
2025-10-14 22:58:45,658 - INFO - 警告: 在第 165 轮检测到NaN或inf损失值，停止训练
2025-10-14 22:58:46,220 - INFO - 警告: 在第 165 轮检测到NaN或inf验证损失值，停止训练
2025-10-14 22:58:46,338 - INFO - 警告: 在第 166 轮检测到NaN或inf损失值，停止训练
2025-10-14 22:58:46,986 - INFO - 警告: 在第 166 轮检测到NaN或inf验证损失值，停止训练
2025-10-14 22:58:47,097 - INFO - 警告: 在第 167 轮检测到NaN或inf损失值，停止训练
2025-10-14 22:58:47,716 - INFO - 警告: 在第 167 轮检测到NaN或inf验证损失值，停止训练
2025-10-14 22:58:47,807 - INFO - 警告: 在第 168 轮检测到NaN或inf损失值，停止训练
2025-10-14 22:58:48,276 - INFO - 警告: 在第 168 轮检测到NaN或inf验证损失值，停止训练
2025-10-14 22:58:48,389 - INFO - 警告: 在第 169 轮检测到NaN或inf损失值，停止训练
2025-10-14 22:58:49,014 - INFO - 警告: 在第 169 轮检测到NaN或inf验证损失值，停止训练
2025-10-14 22:58:49,117 - INFO - 警告: 在第 170 轮检测到NaN或inf损失值，停止训练
2025-10-14 22:58:49,780 - INFO - 警告: 在第 170 轮检测到NaN或inf验证损失值，停止训练
2025-10-14 22:58:49,793 - INFO - Epoch [170/500], Train Loss: 0.000000, Val Loss: nan, R²: nan, MAE: nan
2025-10-14 22:58:49,906 - INFO - 警告: 在第 171 轮检测到NaN或inf损失值，停止训练
2025-10-14 22:58:50,417 - INFO - 警告: 在第 171 轮检测到NaN或inf验证损失值，停止训练
2025-10-14 22:58:50,454 - INFO - 警告: 在第 172 轮检测到NaN或inf损失值，停止训练
2025-10-14 22:58:51,087 - INFO - 警告: 在第 172 轮检测到NaN或inf验证损失值，停止训练
2025-10-14 22:58:51,200 - INFO - 警告: 在第 173 轮检测到NaN或inf损失值，停止训练
2025-10-14 22:58:51,849 - INFO - 警告: 在第 173 轮检测到NaN或inf验证损失值，停止训练
2025-10-14 22:58:51,962 - INFO - 警告: 在第 174 轮检测到NaN或inf损失值，停止训练
2025-10-14 22:58:52,528 - INFO - 警告: 在第 174 轮检测到NaN或inf验证损失值，停止训练
2025-10-14 22:58:52,614 - INFO - 警告: 在第 175 轮检测到NaN或inf损失值，停止训练
2025-10-14 22:58:53,111 - INFO - 警告: 在第 175 轮检测到NaN或inf验证损失值，停止训练
2025-10-14 22:58:53,220 - INFO - 警告: 在第 176 轮检测到NaN或inf损失值，停止训练
2025-10-14 22:58:53,849 - INFO - 警告: 在第 176 轮检测到NaN或inf验证损失值，停止训练
2025-10-14 22:58:53,961 - INFO - 警告: 在第 177 轮检测到NaN或inf损失值，停止训练
2025-10-14 22:58:54,600 - INFO - 警告: 在第 177 轮检测到NaN或inf验证损失值，停止训练
2025-10-14 22:58:54,600 - INFO - 早停机制触发，在第 177 轮停止训练
2025-10-14 22:58:54,602 - INFO - 开始训练 (500 轮)...
2025-10-14 22:58:56,055 - INFO - 模型已保存至: /home/data2/rhj/project/mol_editor/mol_evo/../mol_evo/output/v0/gcn_transformer_transformer/train-20251014_224527-mu_change-30000-500/last.pth
2025-10-14 22:58:56,055 - INFO - 
2025-10-14 22:58:56,055 - INFO - ============================================================
2025-10-14 22:58:56,055 - INFO - 训练完成 - 最终评估结果
2025-10-14 22:58:56,055 - INFO - ============================================================
2025-10-14 22:58:56,055 - INFO - 测试集损失: nan
2025-10-14 22:58:56,055 - INFO - RMSE: nan
2025-10-14 22:58:56,056 - INFO - MAE: nan
2025-10-14 22:58:56,056 - INFO - R²: nan
2025-10-14 22:58:56,056 - INFO - PCC: nan
2025-10-14 22:58:56,056 - INFO - Rank Loss: nan
2025-10-14 22:58:56,056 - INFO - 
2025-10-14 22:58:56,056 - INFO - 阈值准确率:
2025-10-14 22:58:56,056 - INFO -   阈值 0.5: 0.00%
2025-10-14 22:58:56,056 - INFO - 
2025-10-14 22:58:56,056 - INFO - 训练完成:
2025-10-14 22:58:56,056 - INFO -   - 最终训练损失: 0.000000
2025-10-14 22:58:56,056 - INFO -   - 最佳验证损失: 0.388006
2025-10-14 22:58:56,056 - INFO -   - 测试损失 (MSE): nan
2025-10-14 22:58:56,056 - INFO -   - 测试RMSE: nan
2025-10-14 22:58:56,056 - INFO -   - 测试MAE: nan
2025-10-14 22:58:56,056 - INFO -   - 测试R²: nan
2025-10-14 22:58:56,056 - INFO -   - 测试PCC: nan
2025-10-14 22:58:56,056 - INFO -   - 测试Rank Loss: nan
2025-10-14 22:58:56,056 - INFO -   - 测试阈值准确率 (0.5): 0.0000
2025-10-14 22:58:56,056 - INFO -   - 模型已保存到: /home/data2/rhj/project/mol_editor/mol_evo/../mol_evo/output/v0/gcn_transformer_transformer/train-20251014_224527-mu_change-30000-500/last.pth
