2025-11-24 04:40:27,062 - INFO - ============================================================
2025-11-24 04:40:27,062 - INFO - 数据文件: /home/data2/rhj/project/mol_editor/mol_evo/dataset/data/qm9-evo-pairs-step-1-with-properties-pct.json
2025-11-24 04:40:27,062 - INFO - 最大对数: 120000
2025-11-24 04:40:27,062 - INFO - 训练轮数: 200
2025-11-24 04:40:27,062 - INFO - ============================================================
2025-11-24 04:40:27,062 - INFO - 模型配置已保存到: /home/data2/rhj/project/mol_editor/mol_evo/../mol_evo/output/v0/MoleculeEvolutionVisnetLinearPredictor/train-20251124_044027-gap_change-120000-200/model_config.json
2025-11-24 04:40:27,062 - INFO - 正在构建图数据: /home/data2/rhj/project/mol_editor/mol_evo/dataset/data/qm9-evo-pairs-step-1-with-properties-pct.json
2025-11-24 04:41:29,160 - WARNING - 跳过第26973行分子对: O=C1[C@H]2C[C@@H]3[C@H]2N13 -> C[C@]12[C@@H]3C[C@H]1N2C3=O (数据为None)
2025-11-24 04:43:47,970 - WARNING - 跳过第65375行分子对: C[C@]12C[C@H](C1)[C@H]2CO -> C1OC[C@]23C[C@H](C2)[C@H]13 (数据为None)
2025-11-24 04:43:52,381 - WARNING - 跳过第66217行分子对: COCC12C[NH+](C1)C2 -> C1OC[C@]23C[N@H+](C2)[C@H]13 (数据为None)
2025-11-24 04:43:58,322 - WARNING - 跳过第66725行分子对: O=C1N[C@]23C[C@H](C2)[C@@H]13 -> O=C1O[C@]23C[C@H](C2)[C@@H]13 (数据为None)
2025-11-24 04:43:58,327 - WARNING - 跳过第66727行分子对: O=C1O[C@]23C[C@H](C2)[C@@H]13 -> O=C1N[C@]23C[C@H](C2)[C@@H]13 (数据为None)
2025-11-24 04:43:58,336 - WARNING - 跳过第66728行分子对: O=C1O[C@]23C[N@H+](C2)[C@@H]13 -> O=C1N[C@]23C[N@H+](C2)[C@@H]13 (数据为None)
2025-11-24 04:43:58,350 - WARNING - 跳过第66724行分子对: [NH-][C@@H]1O[C@]23C[N@H+](C2)[C@@H]13 -> C[C@H]1O[C@]23C[N@H+](C2)[C@@H]13 (数据为None)
2025-11-24 04:43:58,350 - WARNING - 跳过第66723行分子对: [NH-][C@@H]1O[C@]23C[C@H](C2)[C@@H]13 -> C[C@H]1O[C@]23C[C@H](C2)[C@@H]13 (数据为None)
2025-11-24 04:43:58,352 - WARNING - 跳过第66729行分子对: C[C@H]1C[C@]23C[C@H](C2)[C@@H]13 -> C1[C@H]2C[C@H]3C[C@H](C3)[C@@H]12 (数据为None)
2025-11-24 04:44:02,835 - WARNING - 跳过第66726行分子对: O=C1N[C@]23C[N@H+](C2)[C@@H]13 -> O=C1O[C@]23C[N@H+](C2)[C@@H]13 (数据为None)
2025-11-24 04:44:02,836 - WARNING - 跳过第66732行分子对: C[C@H]1O[C@]23C[N@H+](C2)[C@@H]13 -> [NH-][C@@H]1O[C@]23C[N@H+](C2)[C@@H]13 (数据为None)
2025-11-24 04:44:02,836 - WARNING - 跳过第66731行分子对: C[C@H]1O[C@]23C[C@H](C2)[C@@H]13 -> [NH-][C@@H]1O[C@]23C[C@H](C2)[C@@H]13 (数据为None)
2025-11-24 04:44:02,837 - WARNING - 跳过第66730行分子对: C[C@H]1C[C@]23C[N@H+](C2)[C@@H]13 -> O[C@H]1C[C@]23C[N@H+](C2)[C@@H]13 (数据为None)
2025-11-24 04:44:02,839 - WARNING - 跳过第66733行分子对: C[C@H]1O[C@]23C[N@H+](C2)[C@@H]13 -> C1[C@H]2O[C@H]3C[N@H+](C3)[C@@H]12 (数据为None)
2025-11-24 04:44:03,427 - WARNING - 跳过第66734行分子对: O[C@H]1C[C@]23C[N@H+](C2)[C@@H]13 -> C[C@H]1C[C@]23C[N@H+](C2)[C@@H]13 (数据为None)
2025-11-24 04:44:30,143 - WARNING - 跳过第85124行分子对: CCC1(CC)CCC1 -> C1CC23CCC12CC3 (数据为None)
2025-11-24 04:44:30,213 - WARNING - 跳过第85149行分子对: CCC1(CO)CCC1 -> C1C[C@]23CC[C@]12CO3 (数据为None)
2025-11-24 04:44:34,260 - WARNING - 跳过第89675行分子对: CC[C@@]12C=C[C@@H](C1)O2 -> C1=C[C@]23CC[C@@H]2[C@H]1O3 (数据为None)
2025-11-24 04:44:40,940 - WARNING - 跳过第98222行分子对: [CH+]1[NH2+][C@H]2[C@H]3C[C@@]2(C3)O1 -> C1O[C@H]2[C@H]3C[C@@]2(C3)O1 (数据为None)
2025-11-24 04:44:40,940 - WARNING - 跳过第98020行分子对: C[C@H]1C[C@H]2C(=O)N[C@@H]12 -> C[C@@]12C[C@H]3C(=O)N1[C@H]32 (数据为None)
2025-11-24 04:44:40,941 - WARNING - 跳过第98229行分子对: C1O[C@H]2[C@H]3C[C@@]2(C3)O1 -> [CH+]1[NH2+][C@H]2[C@H]3C[C@@]2(C3)O1 (数据为None)
2025-11-24 04:44:40,942 - WARNING - 跳过第98231行分子对: C1OC[C@]23C[N@H+](C2)[C@H]13 -> COCC12C[NH+](C1)C2 (数据为None)
2025-11-24 04:44:40,942 - WARNING - 跳过第98267行分子对: C[C@]12[C@@H]3C[C@H]1N2C3=O -> C[C@@H]1[C@@H]2C[C@H]1NC2=O (数据为None)
2025-11-24 04:44:40,943 - WARNING - 跳过第97994行分子对: C[C@@]12C[C@H]3C(=O)N1[C@H]32 -> C[C@H]1C[C@H]2C(=O)N[C@@H]12 (数据为None)
2025-11-24 04:44:40,943 - WARNING - 跳过第98228行分子对: C1OC[C@]23C[C@H](C2)[C@H]13 -> C[C@]12C[C@H](C1)[C@H]2CO (数据为None)
2025-11-24 04:44:41,173 - WARNING - 跳过第98227行分子对: C1C[C@]23C[C@H](C2)[C@@H]3O1 -> C1O[C@H]2[C@H]3C[C@@]2(C3)O1 (数据为None)
2025-11-24 04:44:45,111 - WARNING - 跳过第98230行分子对: C1O[C@H]2[C@H]3C[C@@]2(C3)O1 -> C1C[C@]23C[C@H](C2)[C@@H]3O1 (数据为None)
2025-11-24 04:44:46,764 - WARNING - 跳过第105042行分子对: CC[C@H]1CO[C@H]1CO -> C1C[C@@]23CO[C@@]12CO3 (数据为None)
2025-11-24 04:44:47,800 - WARNING - 跳过第109005行分子对: CC[C@]12CC[C@H]1CC2 -> C1CC23CCC12CC3 (数据为None)
2025-11-24 04:44:47,849 - WARNING - 跳过第109046行分子对: OC[C@]12CC[C@H]1CO2 -> C1C[C@@]23CO[C@@]12CO3 (数据为None)
2025-11-24 04:44:47,895 - WARNING - 跳过第109037行分子对: OC[C@]12CC[C@H]1CC2 -> C1C[C@]23CC[C@]12CO3 (数据为None)
2025-11-24 04:44:48,581 - WARNING - 跳过第111079行分子对: C[C@@H]1[C@@H]2C[C@H]1NC2=O -> C[C@]12[C@@H]3C[C@H]1N2C3=O (数据为None)
2025-11-24 04:44:48,714 - WARNING - 跳过第111722行分子对: C1=C[C@@]23C[C@@H]1[C@H]2CO3 -> OC[C@H]1[C@@H]2C=C[C@H]1C2 (数据为None)
2025-11-24 04:44:53,555 - WARNING - 跳过第111723行分子对: C1=C[C@]23CO[C@@H]2[C@H]1C3 -> C1=C[C@]23CO[C@@H]2[C@H]1O3 (数据为None)
2025-11-24 04:44:53,555 - WARNING - 跳过第111721行分子对: C1=C[C@@]23C[C@@H]1[C@H]2CO3 -> C1C[C@@]23C[C@@H]1[C@H]2CO3 (数据为None)
2025-11-24 04:44:53,556 - WARNING - 跳过第111715行分子对: C1=C[C@]23CC[C@@H]2[C@H]1C3 -> C1C[C@]23CC[C@@H]2[C@H]1C3 (数据为None)
2025-11-24 04:44:53,556 - WARNING - 跳过第111719行分子对: C1=C[C@]23CC[C@@H]2[C@H]1O3 -> O[C@H]1C=C[C@H]2CC[C@@H]12 (数据为None)
2025-11-24 04:44:53,556 - WARNING - 跳过第111718行分子对: C1=C[C@]23CC[C@@H]2[C@H]1O3 -> C1C[C@@]23CC[C@@H](O2)[C@@H]13 (数据为None)
2025-11-24 04:44:53,557 - WARNING - 跳过第111717行分子对: C1=C[C@]23CC[C@@H]2[C@H]1O3 -> CC[C@@]12C=C[C@@H](C1)O2 (数据为None)
2025-11-24 04:44:53,557 - WARNING - 跳过第111716行分子对: C1=C[C@]23CC[N@@H+]2[C@H]1C3 -> CC[C@H]1[C@@H]2C=C[C@H]1C2 (数据为None)
2025-11-24 04:44:53,558 - WARNING - 跳过第111725行分子对: C1=C[C@]23CO[C@@H]2[C@H]1C3 -> C[C@H]1C=C[C@H]2CO[C@@H]12 (数据为None)
2025-11-24 04:44:58,044 - WARNING - 跳过第111720行分子对: C1=C[C@]23CN[C@@H]2[C@H]1O3 -> C1=C[C@]23CO[C@@H]2[C@H]1O3 (数据为None)
2025-11-24 04:44:58,045 - WARNING - 跳过第111724行分子对: C1=C[C@]23CO[C@@H]2[C@H]1C3 -> C1C[C@]23CO[C@@H]2[C@H]1C3 (数据为None)
2025-11-24 04:44:58,046 - WARNING - 跳过第111730行分子对: C1=C[C@]23CO[C@@H]2[C@H]1O3 -> O[C@H]1C=C[C@H]2CO[C@@H]12 (数据为None)
2025-11-24 04:44:58,047 - WARNING - 跳过第111733行分子对: C1O[C@]23CC[C@@H]2[C@H]1C3 -> OC[C@H]1C[C@H]2CC[C@H]21 (数据为None)
2025-11-24 04:44:58,048 - WARNING - 跳过第111732行分子对: C1C[C@]23CC[C@@H]2[C@H]1C3 -> CC[C@H]1[C@@H]2CC[C@H]1C2 (数据为None)
2025-11-24 04:45:02,765 - WARNING - 跳过第111728行分子对: C1=C[C@]23CO[C@@H]2[C@H]1O3 -> C1=C[C@]23CO[C@@H]2[C@H]1C3 (数据为None)
2025-11-24 04:45:02,765 - WARNING - 跳过第111729行分子对: C1=C[C@]23CO[C@@H]2[C@H]1O3 -> C1C[C@@]23CO[C@H]2[C@@H]1O3 (数据为None)
2025-11-24 04:45:02,765 - WARNING - 跳过第111726行分子对: C1=C[C@]23CO[C@@H]2[C@H]1N3 -> C1C[C@@]23CO[C@H]2[C@@H]1N3 (数据为None)
2025-11-24 04:45:02,766 - WARNING - 跳过第111727行分子对: C1=C[C@]23CO[C@@H]2[C@H]1O3 -> C1=C[C@]23CN[C@@H]2[C@H]1O3 (数据为None)
2025-11-24 04:45:02,766 - WARNING - 跳过第111731行分子对: C1C[C@]23CC[C@@H]2[C@H]1C3 -> C1=C[C@]23CC[C@@H]2[C@H]1C3 (数据为None)
2025-11-24 04:45:02,767 - WARNING - 跳过第111736行分子对: C1C[C@@]23CC[C@@H](O2)[C@@H]13 -> C1=C[C@]23CC[C@@H]2[C@H]1O3 (数据为None)
2025-11-24 04:45:02,767 - WARNING - 跳过第111740行分子对: C1O[C@]23CO[C@H](C2)[C@@H]13 -> OC[C@H]1[C@@H]2CO[C@H]1C2 (数据为None)
2025-11-24 04:45:02,768 - WARNING - 跳过第111734行分子对: C1C[C@]23CO[C@H](C2)[C@@H]13 -> C[C@H]1OC[C@H]2CC[C@H]21 (数据为None)
2025-11-24 04:45:02,769 - WARNING - 跳过第111739行分子对: C1C[C@@]23C[C@@H]1[C@H]2CO3 -> OC[C@H]1[C@@H]2CC[C@H]1C2 (数据为None)
2025-11-24 04:45:07,472 - WARNING - 跳过第111738行分子对: C1C[C@@]23C[C@@H]1[C@H]2CO3 -> C1=C[C@@]23C[C@@H]1[C@H]2CO3 (数据为None)
2025-11-24 04:45:07,473 - WARNING - 跳过第111746行分子对: C1O[C@@H]2[C@H]3C[C@@]12CO3 -> C[C@H]1OC[C@H]2CO[C@H]21 (数据为None)
2025-11-24 04:45:07,473 - WARNING - 跳过第111747行分子对: C1O[C@]23CO[C@@H]2[C@H]1C3 -> OC[C@H]1C[C@H]2CO[C@H]21 (数据为None)
2025-11-24 04:45:07,474 - WARNING - 跳过第111744行分子对: C1C[C@]23CO[C@@H]2[C@H]1C3 -> C[C@H]1CC[C@H]2CO[C@H]21 (数据为None)
2025-11-24 04:45:11,620 - WARNING - 跳过第111742行分子对: C1C[C@]23CO[C@@H]2[C@H]1C3 -> C1O[C@@H]2[C@H]3C[C@@]12CO3 (数据为None)
2025-11-24 04:45:11,621 - WARNING - 跳过第111741行分子对: C1C[C@]23CO[C@@H]2[C@H]1C3 -> C1=C[C@]23CO[C@@H]2[C@H]1C3 (数据为None)
2025-11-24 04:45:11,621 - WARNING - 跳过第111749行分子对: C1C[C@@]23CO[C@H]2[C@@H]1O3 -> C1=C[C@]23CO[C@@H]2[C@H]1O3 (数据为None)
2025-11-24 04:45:11,621 - WARNING - 跳过第111743行分子对: C1C[C@]23CO[C@@H]2[C@H]1C3 -> C1C[C@@]23CO[C@H]2[C@@H]1O3 (数据为None)
2025-11-24 04:45:11,622 - WARNING - 跳过第111748行分子对: C1C[C@@]23CO[C@H]2[C@@H]1N3 -> C1=C[C@]23CO[C@@H]2[C@H]1N3 (数据为None)
2025-11-24 04:45:11,622 - WARNING - 跳过第111745行分子对: C1O[C@@H]2[C@H]3C[C@@]12CO3 -> C1C[C@]23CO[C@@H]2[C@H]1C3 (数据为None)
2025-11-24 04:45:11,624 - WARNING - 跳过第111751行分子对: C1C[C@@]23CO[C@H]2[C@@H]1O3 -> O[C@H]1CC[C@H]2CO[C@H]21 (数据为None)
2025-11-24 04:45:11,914 - WARNING - 跳过第111750行分子对: C1C[C@@]23CO[C@H]2[C@@H]1O3 -> C1C[C@]23CO[C@@H]2[C@H]1C3 (数据为None)
2025-11-24 04:45:16,152 - WARNING - 跳过第114106行分子对: OC[C@H]1C[C@H]2CO[C@H]21 -> C1O[C@]23CO[C@@H]2[C@H]1C3 (数据为None)
2025-11-24 04:45:16,152 - WARNING - 跳过第114098行分子对: OC[C@H]1C[C@H]2CC[C@H]21 -> C1O[C@]23CC[C@@H]2[C@H]1C3 (数据为None)
2025-11-24 04:45:16,152 - WARNING - 跳过第112719行分子对: O=C1N2[C@@H]3C[C@@]1(O)[C@@H]32 -> C[C@]12C[C@@H]3[C@H]1N3C2=O (数据为None)
2025-11-24 04:45:16,153 - WARNING - 跳过第112720行分子对: O=C1N2[C@@H]3C[C@@]1(O)[C@@H]32 -> O=C1[C@H]2OC[C@@H]3[C@H]2N13 (数据为None)
2025-11-24 04:45:16,155 - WARNING - 跳过第112713行分子对: C[C@]12C[C@@H]3[C@H]1N3C2=O -> O=C1[C@H]2CC[C@@H]3[C@H]2N13 (数据为None)
2025-11-24 04:45:16,328 - WARNING - 跳过第112712行分子对: C[C@]12C[C@@H]3[C@H]1N3C2=O -> O=C1N2[C@@H]3C[C@@]1(O)[C@@H]32 (数据为None)
2025-11-24 04:45:16,487 - WARNING - 跳过第114917行分子对: C[C@H]1OC[C@H]2CO[C@H]21 -> C1O[C@@H]2[C@H]3C[C@@]12CO3 (数据为None)
2025-11-24 04:45:16,501 - WARNING - 跳过第114880行分子对: O[C@H]1C=C[C@H]2CO[C@@H]12 -> C1=C[C@]23CO[C@@H]2[C@H]1O3 (数据为None)
2025-11-24 04:45:16,527 - WARNING - 跳过第114870行分子对: C[C@H]1C=C[C@H]2CO[C@@H]12 -> C1=C[C@]23CO[C@@H]2[C@H]1C3 (数据为None)
2025-11-24 04:45:21,234 - WARNING - 跳过第114929行分子对: O[C@H]1CC[C@H]2CO[C@H]21 -> C1C[C@@]23CO[C@H]2[C@@H]1O3 (数据为None)
2025-11-24 04:45:21,235 - WARNING - 跳过第114896行分子对: C[C@H]1CC[C@H]2CO[C@H]21 -> C1C[C@]23CO[C@@H]2[C@H]1C3 (数据为None)
2025-11-24 04:45:21,236 - WARNING - 跳过第114878行分子对: O[C@H]1C=C[C@H]2CC[C@@H]12 -> C1=C[C@]23CC[C@@H]2[C@H]1O3 (数据为None)
2025-11-24 04:45:21,236 - WARNING - 跳过第114914行分子对: C[C@H]1OC[C@H]2CC[C@H]21 -> C1C[C@]23CO[C@H](C2)[C@@H]13 (数据为None)
2025-11-24 04:45:21,449 - WARNING - 跳过第115845行分子对: O=C1[C@H]2OC[C@@H]3[C@H]2N13 -> O=C1N2[C@@H]3C[C@@]1(O)[C@@H]32 (数据为None)
2025-11-24 04:45:26,244 - WARNING - 跳过第115842行分子对: O=C1[C@H]2CC[C@@H]3[C@H]2N13 -> C[C@]12C[C@@H]3[C@H]1N3C2=O (数据为None)
2025-11-24 04:45:26,245 - WARNING - 跳过第116009行分子对: O=C1[CH-][C@H]2C[C@@H]3[C@H]2N13 -> O=C1O[C@H]2C[C@@H]3[C@H]2N13 (数据为None)
2025-11-24 04:45:26,245 - WARNING - 跳过第116023行分子对: O=C1N[C@H]2C[C@@H]3[C@H]2N13 -> O=C1O[C@H]2C[C@@H]3[C@H]2N13 (数据为None)
2025-11-24 04:45:26,246 - WARNING - 跳过第116008行分子对: O=C1[CH-][C@H]2C[C@@H]3[C@H]2N13 -> O=C1N[C@H]2C[C@@H]3[C@H]2N13 (数据为None)
2025-11-24 04:45:26,246 - WARNING - 跳过第116022行分子对: O=C1N[C@H]2C[C@@H]3[C@H]2N13 -> O=C1C[C@H]2C[C@@H]3[C@H]2N13 (数据为None)
2025-11-24 04:45:26,246 - WARNING - 跳过第116028行分子对: O=C1O[C@H]2C[C@@H]3[C@H]2N13 -> O=C1[CH-][C@H]2C[C@@H]3[C@H]2N13 (数据为None)
2025-11-24 04:45:30,680 - WARNING - 跳过第116015行分子对: O=C1C[C@H]2C[C@@H]3[C@H]2N13 -> O=C1O[C@H]2C[C@@H]3[C@H]2N13 (数据为None)
2025-11-24 04:45:30,681 - WARNING - 跳过第116014行分子对: O=C1C[C@H]2C[C@@H]3[C@H]2N13 -> O=C1N[C@H]2C[C@@H]3[C@H]2N13 (数据为None)
2025-11-24 04:45:30,681 - WARNING - 跳过第116021行分子对: O=C1N[C@H]2C[C@@H]3[C@H]2N13 -> O=C1[CH-][C@H]2C[C@@H]3[C@H]2N13 (数据为None)
2025-11-24 04:45:30,681 - WARNING - 跳过第116404行分子对: C1CC2CCC1CC2 -> C1CC23CCC12CC3 (数据为None)
2025-11-24 04:45:30,682 - WARNING - 跳过第116029行分子对: O=C1O[C@H]2C[C@@H]3[C@H]2N13 -> O=C1C[C@H]2C[C@@H]3[C@H]2N13 (数据为None)
2025-11-24 04:45:30,682 - WARNING - 跳过第116411行分子对: C1C[C@H]2CO[C@@H]1CO2 -> C1C[C@@]23CO[C@@]12CO3 (数据为None)
2025-11-24 04:45:30,683 - WARNING - 跳过第116407行分子对: C1C[C@H]2CC[C@@H]1CO2 -> C1C[C@]23CC[C@]12CO3 (数据为None)
2025-11-24 04:45:30,683 - WARNING - 跳过第116047行分子对: C1[C@H]2O[C@H]3C[N@H+](C3)[C@@H]12 -> C[C@H]1O[C@]23C[N@H+](C2)[C@@H]13 (数据为None)
2025-11-24 04:45:30,684 - WARNING - 跳过第116045行分子对: C1[C@H]2C[C@H]3C[C@H](C3)[C@@H]12 -> C[C@H]1C[C@]23C[C@H](C2)[C@@H]13 (数据为None)
2025-11-24 04:45:33,965 - WARNING - 跳过第116030行分子对: O=C1O[C@H]2C[C@@H]3[C@H]2N13 -> O=C1N[C@H]2C[C@@H]3[C@H]2N13 (数据为None)
2025-11-24 04:45:33,966 - WARNING - 跳过第116417行分子对: C1CC23CCC12CC3 -> CC[C@]12CC[C@H]1CC2 (数据为None)
2025-11-24 04:45:33,967 - WARNING - 跳过第116418行分子对: C1CC23CCC12CC3 -> C1CC2CCC1CC2 (数据为None)
2025-11-24 04:45:33,968 - WARNING - 跳过第116416行分子对: C1CC23CCC12CC3 -> CCC1(CC)CCC1 (数据为None)
2025-11-24 04:45:33,968 - WARNING - 跳过第116423行分子对: C1C[C@@]23CO[C@@]12CO3 -> OC[C@]12CC[C@H]1CO2 (数据为None)
2025-11-24 04:45:33,968 - WARNING - 跳过第116422行分子对: C1C[C@@]23CO[C@@]12CO3 -> CC[C@H]1CO[C@H]1CO (数据为None)
2025-11-24 04:45:33,969 - WARNING - 跳过第116424行分子对: C1C[C@@]23CO[C@@]12CO3 -> C1C[C@H]2CO[C@@H]1CO2 (数据为None)
2025-11-24 04:45:33,969 - WARNING - 跳过第116420行分子对: C1C[C@]23CC[C@]12CO3 -> OC[C@]12CC[C@H]1CC2 (数据为None)
2025-11-24 04:45:33,970 - WARNING - 跳过第116421行分子对: C1C[C@]23CC[C@]12CO3 -> C1C[C@H]2CC[C@@H]1CO2 (数据为None)
2025-11-24 04:45:33,970 - WARNING - 跳过第116419行分子对: C1C[C@]23CC[C@]12CO3 -> CCC1(CO)CCC1 (数据为None)
2025-11-24 04:45:38,296 - WARNING - 跳过第117336行分子对: OC[C@H]1[C@@H]2CO[C@H]1C2 -> C1O[C@]23CO[C@H](C2)[C@@H]13 (数据为None)
2025-11-24 04:45:38,297 - WARNING - 跳过第117300行分子对: OC[C@H]1[C@@H]2C=C[C@H]1C2 -> C1=C[C@@]23C[C@@H]1[C@H]2CO3 (数据为None)
2025-11-24 04:45:38,297 - WARNING - 跳过第117286行分子对: CC[C@H]1[C@@H]2C=C[C@H]1C2 -> C1=C[C@]23CC[N@@H+]2[C@H]1C3 (数据为None)
2025-11-24 04:45:38,298 - WARNING - 跳过第117330行分子对: OC[C@H]1[C@@H]2CC[C@H]1C2 -> C1C[C@@]23C[C@@H]1[C@H]2CO3 (数据为None)
2025-11-24 04:45:38,298 - WARNING - 跳过第117310行分子对: CC[C@H]1[C@@H]2CC[C@H]1C2 -> C1C[C@]23CC[C@@H]2[C@H]1C3 (数据为None)
2025-11-24 04:45:38,299 - WARNING - 跳过第117821行分子对: O=C1N[C@H]2[C@H]3C[C@H]3[C@@H]12 -> C[C@@H]1[C@H]2C(=O)N3[C@H]2[C@H]13 (数据为None)
2025-11-24 04:45:38,300 - WARNING - 跳过第117568行分子对: C[C@@H]1[C@H]2C(=O)N3[C@H]2[C@H]13 -> O=C1N[C@H]2[C@H]3C[C@H]3[C@@H]12 (数据为None)
2025-11-24 04:45:38,465 - WARNING - 跳过第117567行分子对: C[C@@H]1[C@H]2C(=O)N3[C@H]2[C@H]13 -> O=C1[C@@H]2[C@@H](O)[C@H]3[C@@H]2N13 (数据为None)
2025-11-24 04:45:42,505 - WARNING - 跳过第117571行分子对: O=C1[C@@H]2[C@@H](O)[C@H]3[C@@H]2N13 -> C[C@@H]1[C@H]2C(=O)N3[C@H]2[C@H]13 (数据为None)
2025-11-24 04:45:42,807 - INFO - 分子处理统计: 总数=240000, 命中=239840, 未命中=160, 命中率=99.93%
2025-11-24 04:45:46,955 - INFO - --- 训练集样本示例 (头部数据) ---
2025-11-24 04:45:46,959 - INFO -   样本       起始节点数        起始边数         目标节点数        目标边数         边特征             目标属性值          
2025-11-24 04:45:46,961 - INFO -   --------------------------------------------------------------------------------
2025-11-24 04:45:46,961 - INFO -   DEBUG: 边特征维度 = 16
2025-11-24 04:45:46,961 - INFO -   DEBUG: 第一个样本的边特征值 = [0.0, 0.0, 1.0, 0.0, 0.0, 0.0, 0.0, 0.0, 0.0, 0.0, 0.0, 0.0, 0.0, 0.0, 0.0, 1.0]
2025-11-24 04:45:46,961 - INFO -   DEBUG: 原子类型数量 = 4, 操作类型数量 = 12
2025-11-24 04:45:46,961 - INFO -   DEBUG: 边特征总长度 = 16
2025-11-24 04:45:46,961 - INFO -   DEBUG: 原子类型one-hot编码 = [0.0, 0.0, 1.0, 0.0]
2025-11-24 04:45:46,961 - INFO -   DEBUG: 操作类型one-hot编码 = [0.0, 0.0, 0.0, 0.0, 0.0, 0.0, 0.0, 0.0, 0.0, 0.0, 0.0, 1.0]
2025-11-24 04:45:46,961 - INFO -   DEBUG: 原子类型列表 = ['C', 'F', 'N', 'O']
2025-11-24 04:45:46,962 - INFO -   DEBUG: 操作类型列表 = ['add_atom', 'add_stereo', 'form_double_bond', 'form_double_ring', 'form_ring', 'form_triple_bond', 'remove_add_stereo', 'remove_form_double_bond', 'remove_form_double_ring', 'remove_form_ring', 'remove_form_triple_bond', 'replace_atom']
2025-11-24 04:45:46,962 - INFO -   1        5            8            4            6            [0.0, 0.0, 1.   -4.242174      
2025-11-24 04:45:46,962 - INFO -   2        5            8            3            4            [0.0, 0.0, 0.   -3.685229      
2025-11-24 04:45:46,962 - INFO -   3        4            6            5            8            [1.0, 0.0, 0.   4.261535       
2025-11-24 04:45:46,962 - INFO -   --------------------------------------------------------------------------------
2025-11-24 04:45:46,962 - INFO - 
数据构建完成:
2025-11-24 04:45:46,962 - INFO -   项目                   值                   
2025-11-24 04:45:46,962 - INFO -   ---------------------------------------- --------------------
2025-11-24 04:45:46,962 - INFO -   样本数                  119885              
2025-11-24 04:45:46,962 - INFO -   节点特征维度               11                  
2025-11-24 04:45:46,962 - INFO -   边特征维度                16                  
2025-11-24 04:45:46,962 - INFO -   目标属性变化维度             1                   
2025-11-24 04:45:46,976 - INFO - 数据集划分完成:
2025-11-24 04:45:46,976 - INFO -   - 训练集: 95908 (80.0%)
2025-11-24 04:45:46,976 - INFO -   - 验证集: 11988 (10.0%)
2025-11-24 04:45:46,976 - INFO -   - 测试集: 11989 (10.0%)
2025-11-24 04:45:47,035 - INFO - 数据集索引已保存到: /home/data2/rhj/project/mol_editor/mol_evo/dataset/data/dataset_indices/indices_20251124_044546_seed42.json
2025-11-24 04:45:47,116 - INFO - 更新模型边特征维度: 11 -> 16
2025-11-24 04:45:47,225 - INFO - 正在创建模型...
2025-11-24 04:45:47,226 - INFO - 模型参数数量: 4451725
2025-11-24 04:45:47,226 - INFO - 使用设备: cuda
2025-11-24 04:45:49,045 - INFO - 开始训练 (200 轮)...
2025-11-24 05:07:46,047 - INFO - Epoch [10/200], Train Loss: 0.146663, Val Loss: 0.144470, R²: 0.9469, MAE: 0.1445
2025-11-24 05:29:31,509 - INFO - Epoch [20/200], Train Loss: 0.101582, Val Loss: 0.104448, R²: 0.9649, MAE: 0.1044
2025-11-24 05:51:15,548 - INFO - Epoch [30/200], Train Loss: 0.071104, Val Loss: 0.084988, R²: 0.9747, MAE: 0.0850
2025-11-24 06:12:57,069 - INFO - Epoch [40/200], Train Loss: 0.056020, Val Loss: 0.067093, R²: 0.9836, MAE: 0.0671
2025-11-24 06:34:41,792 - INFO - Epoch [50/200], Train Loss: 0.028332, Val Loss: 0.045321, R²: 0.9888, MAE: 0.0453
2025-11-24 06:56:11,813 - INFO - Epoch [60/200], Train Loss: 0.022044, Val Loss: 0.038380, R²: 0.9901, MAE: 0.0384
2025-11-24 07:16:54,494 - INFO - Epoch [70/200], Train Loss: 0.013457, Val Loss: 0.033496, R²: 0.9907, MAE: 0.0335
2025-11-24 07:37:39,514 - INFO - Epoch [80/200], Train Loss: 0.012197, Val Loss: 0.031798, R²: 0.9909, MAE: 0.0318
2025-11-24 07:58:28,513 - INFO - Epoch [90/200], Train Loss: 0.009453, Val Loss: 0.030372, R²: 0.9910, MAE: 0.0304
2025-11-24 08:19:14,464 - INFO - Epoch [100/200], Train Loss: 0.008984, Val Loss: 0.029784, R²: 0.9910, MAE: 0.0298
2025-11-24 08:40:02,412 - INFO - Epoch [110/200], Train Loss: 0.008635, Val Loss: 0.029407, R²: 0.9911, MAE: 0.0294
2025-11-24 09:00:49,113 - INFO - Epoch [120/200], Train Loss: 0.008389, Val Loss: 0.029099, R²: 0.9911, MAE: 0.0291
2025-11-24 09:21:35,691 - INFO - Epoch [130/200], Train Loss: 0.007650, Val Loss: 0.028444, R²: 0.9911, MAE: 0.0284
2025-11-24 09:42:35,086 - INFO - Epoch [140/200], Train Loss: 0.007499, Val Loss: 0.028353, R²: 0.9912, MAE: 0.0284
2025-11-24 10:03:42,823 - INFO - Epoch [150/200], Train Loss: 0.007384, Val Loss: 0.028201, R²: 0.9912, MAE: 0.0282
2025-11-24 10:24:43,919 - INFO - Epoch [160/200], Train Loss: 0.007283, Val Loss: 0.028008, R²: 0.9912, MAE: 0.0280
2025-11-24 10:45:43,843 - INFO - Epoch [170/200], Train Loss: 0.007166, Val Loss: 0.027977, R²: 0.9912, MAE: 0.0280
2025-11-24 11:06:46,023 - INFO - Epoch [180/200], Train Loss: 0.007073, Val Loss: 0.027724, R²: 0.9912, MAE: 0.0277
2025-11-24 11:27:48,887 - INFO - Epoch [190/200], Train Loss: 0.006991, Val Loss: 0.027622, R²: 0.9913, MAE: 0.0276
2025-11-24 11:48:43,124 - INFO - Epoch [200/200], Train Loss: 0.006905, Val Loss: 0.027479, R²: 0.9913, MAE: 0.0275
2025-11-24 11:48:43,125 - INFO - 开始训练 (200 轮)...
2025-11-24 11:48:53,027 - INFO - 模型已保存至: /home/data2/rhj/project/mol_editor/mol_evo/../mol_evo/output/v0/MoleculeEvolutionVisnetLinearPredictor/train-20251124_044027-gap_change-120000-200/last.pth
2025-11-24 11:48:53,028 - INFO - 
2025-11-24 11:48:53,028 - INFO - ============================================================
2025-11-24 11:48:53,028 - INFO - 训练完成 - 最终评估结果
2025-11-24 11:48:53,028 - INFO - ============================================================
2025-11-24 11:48:53,028 - INFO - 测试集损失: 0.026836
2025-11-24 11:48:53,028 - INFO - RMSE: 0.083470
2025-11-24 11:48:53,028 - INFO - MAE: 0.026836
2025-11-24 11:48:53,028 - INFO - R²: 0.992994
2025-11-24 11:48:53,028 - INFO - PCC: 0.996492
2025-11-24 11:48:53,028 - INFO - Rank Loss: 0.376156
2025-11-24 11:48:53,028 - INFO - 
2025-11-24 11:48:53,028 - INFO - 阈值准确率:
2025-11-24 11:48:53,028 - INFO -   阈值 0.5: 99.65%
2025-11-24 11:48:53,028 - INFO -   阈值 0.4: 99.31%
2025-11-24 11:48:53,028 - INFO -   阈值 0.30000000000000004: 98.51%
2025-11-24 11:48:53,028 - INFO -   阈值 0.20000000000000004: 96.54%
2025-11-24 11:48:53,028 - INFO -   阈值 0.10000000000000003: 92.08%
2025-11-24 11:48:53,028 - INFO -   阈值 0.05000000000000002: 86.70%
2025-11-24 11:48:53,028 - INFO -   阈值 0.040000000000000015: 84.79%
2025-11-24 11:48:53,028 - INFO -   阈值 0.030000000000000013: 82.15%
2025-11-24 11:48:53,029 - INFO -   阈值 0.02000000000000001: 78.51%
2025-11-24 11:48:53,029 - INFO -   阈值 0.01000000000000001: 72.96%
2025-11-24 11:48:53,029 - INFO -   阈值 0.005000000000000005: 65.98%
2025-11-24 11:48:53,029 - INFO -   阈值 0.004000000000000005: 63.09%
2025-11-24 11:48:53,029 - INFO -   阈值 0.0030000000000000053: 58.71%
2025-11-24 11:48:53,029 - INFO -   阈值 0.0020000000000000052: 51.72%
2025-11-24 11:48:53,029 - INFO -   阈值 0.0010000000000000052: 37.22%
2025-11-24 11:48:53,029 - INFO - 
2025-11-24 11:48:53,029 - INFO - 训练完成:
2025-11-24 11:48:53,029 - INFO -   - 最终训练损失: 0.006905
2025-11-24 11:48:53,029 - INFO -   - 最佳验证损失: 0.027479
2025-11-24 11:48:53,029 - INFO -   - 测试损失 (MSE): 0.026836
2025-11-24 11:48:53,029 - INFO -   - 测试RMSE: 0.083470
2025-11-24 11:48:53,029 - INFO -   - 测试MAE: 0.026836
2025-11-24 11:48:53,029 - INFO -   - 测试R²: 0.992994
2025-11-24 11:48:53,029 - INFO -   - 测试PCC: 0.996492
2025-11-24 11:48:53,029 - INFO -   - 测试Rank Loss: 0.376156
2025-11-24 11:48:53,029 - INFO -   - 测试阈值准确率 (0.5): 0.9965
2025-11-24 11:48:53,029 - INFO -   - 测试阈值准确率 (0.4): 0.9931
2025-11-24 11:48:53,029 - INFO -   - 测试阈值准确率 (0.30000000000000004): 0.9851
2025-11-24 11:48:53,029 - INFO -   - 测试阈值准确率 (0.20000000000000004): 0.9654
2025-11-24 11:48:53,029 - INFO -   - 测试阈值准确率 (0.10000000000000003): 0.9208
2025-11-24 11:48:53,029 - INFO -   - 测试阈值准确率 (0.05000000000000002): 0.8670
2025-11-24 11:48:53,029 - INFO -   - 测试阈值准确率 (0.040000000000000015): 0.8479
2025-11-24 11:48:53,030 - INFO -   - 测试阈值准确率 (0.030000000000000013): 0.8215
2025-11-24 11:48:53,030 - INFO -   - 测试阈值准确率 (0.02000000000000001): 0.7851
2025-11-24 11:48:53,030 - INFO -   - 测试阈值准确率 (0.01000000000000001): 0.7296
2025-11-24 11:48:53,030 - INFO -   - 测试阈值准确率 (0.005000000000000005): 0.6598
2025-11-24 11:48:53,030 - INFO -   - 测试阈值准确率 (0.004000000000000005): 0.6309
2025-11-24 11:48:53,030 - INFO -   - 测试阈值准确率 (0.0030000000000000053): 0.5871
2025-11-24 11:48:53,030 - INFO -   - 测试阈值准确率 (0.0020000000000000052): 0.5172
2025-11-24 11:48:53,030 - INFO -   - 测试阈值准确率 (0.0010000000000000052): 0.3722
2025-11-24 11:48:53,030 - INFO -   - 模型已保存到: /home/data2/rhj/project/mol_editor/mol_evo/../mol_evo/output/v0/MoleculeEvolutionVisnetLinearPredictor/train-20251124_044027-gap_change-120000-200/last.pth
2025-11-24 11:48:53,030 - INFO - 训练结果已保存到: /home/data2/rhj/project/mol_editor/mol_evo/../mol_evo/output/v0/MoleculeEvolutionVisnetLinearPredictor/train-20251124_044027-gap_change-120000-200/training_results.json
2025-11-24 11:48:53,030 - INFO - 模型目录: /home/data2/rhj/project/mol_editor/mol_evo/../mol_evo/output/v0/MoleculeEvolutionVisnetLinearPredictor/train-20251124_044027-gap_change-120000-200
