2025-11-13 00:15:26,417 - INFO - ============================================================
2025-11-13 00:15:26,417 - INFO - 数据文件: mol_evo/dataset/data/qm9-evo-pairs-step-1-with-properties-pct.csv
2025-11-13 00:15:26,418 - INFO - 最大对数: 30000
2025-11-13 00:15:26,418 - INFO - 训练轮数: 300
2025-11-13 00:15:26,418 - INFO - ============================================================
2025-11-13 00:15:26,418 - INFO - 正在构建图数据: mol_evo/dataset/data/qm9-evo-pairs-step-1-with-properties-pct.csv
2025-11-13 00:15:26,997 - INFO - 加载缓存文件: /home/data2/rhj/project/mol_editor/mol_evo/core/utils/../../.cache/molecule_graphs/csv_qm9-evo-pairs-step-1-with-properties-pct_3cbb45cc1ac9202d.pt，包含 1994 个分子
2025-11-13 00:15:31,519 - WARNING - 跳过第25871行分子对: [H]O/N=C(\C([H])([H])[H])C([H])([H])C(C([H])([H])[H])(C([H])([H])[H])C([H])([H])[H] -> [H]ONC1C([H])([H])[C@]23C([H])([H])[C@]([H])(C2([H])[H])[C@@]13[H] (数据为None)
2025-11-13 00:15:32,305 - WARNING - 跳过第25984行分子对: [H]O/N=C(/C([H])([H])C([H])([H])[H])C(C([H])([H])[H])(C([H])([H])[H])C([H])([H])[H] -> [H]ONC1C([H])([H])[C@]23C([H])([H])[C@]([H])(C2([H])[H])[C@@]13[H] (数据为None)
2025-11-13 00:15:33,090 - WARNING - 跳过第26175行分子对: [H]O/N=C(\C([H])([H])[H])C(C([H])([H])[H])(C([H])([H])[H])C([H])([H])C([H])([H])[H] -> [H]ONC1C([H])([H])[C@]23C([H])([H])[C@]([H])(C2([H])[H])[C@@]13[H] (数据为None)
2025-11-13 00:15:33,920 - WARNING - 跳过第26431行分子对: [H]O/N=C(\C([H])([H])[H])C([H])([H])C([H])([H])C([H])(C([H])([H])[H])C([H])([H])[H] -> [H]ONC1C([H])([H])[C@]23C([H])([H])[C@]([H])(C2([H])[H])[C@@]13[H] (数据为None)
2025-11-13 00:15:34,687 - WARNING - 跳过第26530行分子对: [H]ONC1C(C([H])([H])[H])(C([H])([H])[H])C([H])([H])[C@]1([H])C([H])([H])[H] -> [H]ONC1C([H])([H])[C@]23C([H])([H])[C@]([H])(C2([H])[H])[C@@]13[H] (数据为None)
2025-11-13 00:15:35,474 - WARNING - 跳过第26630行分子对: [H]ONC1C([H])=C([H])C(C([H])([H])[H])(C([H])([H])[H])C1([H])[H] -> [H]ONC1C([H])([H])[C@]23C([H])([H])[C@]([H])(C2([H])[H])[C@@]13[H] (数据为None)
2025-11-13 00:15:36,256 - WARNING - 跳过第26691行分子对: [H]ONC1C([H])([H])C([H])([H])C(C([H])([H])[H])(C([H])([H])[H])C1([H])[H] -> [H]ONC1C([H])([H])[C@]23C([H])([H])[C@]([H])(C2([H])[H])[C@@]13[H] (数据为None)
2025-11-13 00:15:37,047 - WARNING - 跳过第26895行分子对: [H]O/N=C(\C([H])([H])C([H])([H])[H])C([H])([H])C([H])(C([H])([H])[H])C([H])([H])[H] -> [H]ONC1C([H])([H])[C@]23C([H])([H])[C@]([H])(C2([H])[H])[C@@]13[H] (数据为None)
2025-11-13 00:15:37,841 - WARNING - 跳过第27044行分子对: [H]C#C[C@]1(C([H])([H])[H])C([H])([H])[C@@H](NO[H])C1([H])[H] -> [H]ONC1C([H])([H])[C@]23C([H])([H])[C@]([H])(C2([H])[H])[C@@]13[H] (数据为None)
2025-11-13 00:15:38,640 - WARNING - 跳过第27152行分子对: [H]ON[C@H]1C([H])([H])[C@](C([H])([H])[H])(C([H])([H])C([H])([H])[H])C1([H])[H] -> [H]ONC1C([H])([H])[C@]23C([H])([H])[C@]([H])(C2([H])[H])[C@@]13[H] (数据为None)
2025-11-13 00:15:39,417 - WARNING - 跳过第27266行分子对: [H]O/N=C(\C([H])([H])[H])C([H])([H])C1(C([H])([H])[H])C([H])([H])C1([H])[H] -> [H]ONC1C([H])([H])[C@]23C([H])([H])[C@]([H])(C2([H])[H])[C@@]13[H] (数据为None)
2025-11-13 00:15:40,239 - WARNING - 跳过第27714行分子对: [H]O/N=C(\C([H])([H])[H])C([H])([H])C([H])([H])C([H])([H])C([H])([H])C([H])([H])[H] -> [H]ONC1C([H])([H])[C@]23C([H])([H])[C@]([H])(C2([H])[H])[C@@]13[H] (数据为None)
2025-11-13 00:15:40,994 - WARNING - 跳过第27835行分子对: [H]ONC1C([H])([H])C([H])=C([H])C1(C([H])([H])[H])C([H])([H])[H] -> [H]ONC1C([H])([H])[C@]23C([H])([H])[C@]([H])(C2([H])[H])[C@@]13[H] (数据为None)
2025-11-13 00:15:41,781 - WARNING - 跳过第27878行分子对: [H]ONC1=C([H])[C-]([H])C([H])([H])C1(C([H])([H])[H])C([H])([H])[H] -> [H]ONC1C([H])([H])[C@]23C([H])([H])[C@]([H])(C2([H])[H])[C@@]13[H] (数据为None)
2025-11-13 00:15:42,528 - WARNING - 跳过第27924行分子对: [H]ONC1C([H])([H])C([H])([H])C([H])([H])C1(C([H])([H])[H])C([H])([H])[H] -> [H]ONC1C([H])([H])[C@]23C([H])([H])[C@]([H])(C2([H])[H])[C@@]13[H] (数据为None)
2025-11-13 00:15:43,327 - WARNING - 跳过第28107行分子对: [H]ON=C(C([H])([H])C([H])([H])C([H])([H])[H])C([H])([H])C([H])([H])C([H])([H])[H] -> [H]ONC1C([H])([H])[C@]23C([H])([H])[C@]([H])(C2([H])[H])[C@@]13[H] (数据为None)
2025-11-13 00:15:44,139 - WARNING - 跳过第28312行分子对: [H]O/N=C(/C([H])([H])C([H])([H])C([H])([H])[H])C([H])(C([H])([H])[H])C([H])([H])[H] -> [H]ONC1C([H])([H])[C@]23C([H])([H])[C@]([H])(C2([H])[H])[C@@]13[H] (数据为None)
2025-11-13 00:15:44,953 - WARNING - 跳过第28519行分子对: [H]ON=C(C([H])(C([H])([H])[H])C([H])([H])[H])C([H])(C([H])([H])[H])C([H])([H])[H] -> [H]ONC1C([H])([H])[C@]23C([H])([H])[C@]([H])(C2([H])[H])[C@@]13[H] (数据为None)
2025-11-13 00:15:45,743 - WARNING - 跳过第28649行分子对: [H]O/N=C(\C([H])([H])[H])C1(C([H])([H])[H])C([H])([H])C([H])([H])C1([H])[H] -> [H]ONC1C([H])([H])[C@]23C([H])([H])[C@]([H])(C2([H])[H])[C@@]13[H] (数据为None)
2025-11-13 00:15:46,541 - WARNING - 跳过第28853行分子对: [H]ON[C@H]1C([H])([H])[C@]([H])(C([H])(C([H])([H])[H])C([H])([H])[H])C1([H])[H] -> [H]ONC1C([H])([H])[C@]23C([H])([H])[C@]([H])(C2([H])[H])[C@@]13[H] (数据为None)
2025-11-13 00:15:47,295 - WARNING - 跳过第28960行分子对: [H]O/N=C(\C([H])([H])[H])[C@]1([H])C([H])([H])[C@@]([H])(C([H])([H])[H])C1([H])[H] -> [H]ONC1C([H])([H])[C@]23C([H])([H])[C@]([H])(C2([H])[H])[C@@]13[H] (数据为None)
2025-11-13 00:15:48,076 - WARNING - 跳过第29052行分子对: [H]ONC1C([H])=C(C([H])([H])[H])C([H])([H])C([H])([H])C1([H])[H] -> [H]ONC1C([H])([H])[C@]23C([H])([H])[C@]([H])(C2([H])[H])[C@@]13[H] (数据为None)
2025-11-13 00:15:48,852 - WARNING - 跳过第29115行分子对: [H]ONC1C([H])([H])C(C([H])([H])[H])=C([H])C([H])([H])C1([H])[H] -> [H]ONC1C([H])([H])[C@]23C([H])([H])[C@]([H])(C2([H])[H])[C@@]13[H] (数据为None)
2025-11-13 00:15:49,647 - WARNING - 跳过第29191行分子对: [H]ONC1C([H])([H])C([H])([H])C([H])([H])[C@]([H])(C([H])([H])[H])C1([H])[H] -> [H]ONC1C([H])([H])[C@]23C([H])([H])[C@]([H])(C2([H])[H])[C@@]13[H] (数据为None)
2025-11-13 00:15:50,422 - WARNING - 跳过第29259行分子对: [H]ONC1C([H])([H])C(C([H])([H])[H])=C(C([H])([H])[H])C1([H])[H] -> [H]ONC1C([H])([H])[C@]23C([H])([H])[C@]([H])(C2([H])[H])[C@@]13[H] (数据为None)
2025-11-13 00:15:51,202 - WARNING - 跳过第29362行分子对: [H]ONC1C([H])([H])C(C([H])([H])[H])=C([H])[C@]1([H])C([H])([H])[H] -> [H]ONC1C([H])([H])[C@]23C([H])([H])[C@]([H])(C2([H])[H])[C@@]13[H] (数据为None)
2025-11-13 00:15:51,718 - WARNING - 跳过第29437行分子对: [H][N-]C1O[C@]([H])(C([H])([H])[H])C(NO[H])C1([H])[H] -> [H]ONC1C([H])([H])[C@]23C([H])([H])[N@@H+](C2([H])[H])[C@@]13[H] (数据为None)
2025-11-13 00:15:52,510 - WARNING - 跳过第29554行分子对: [H]ONC1C([H])([H])[C@]2([H])C([H])([H])[C@@]1(C([H])([H])[H])C2([H])[H] -> [H]ONC1C([H])([H])[C@]23C([H])([H])[C@]([H])(C2([H])[H])[C@@]13[H] (数据为None)
2025-11-13 00:15:53,289 - WARNING - 跳过第29644行分子对: [H]O/N=C(\C([H])([H])[H])C([H])([H])C1([H])C([H])([H])C([H])([H])C1([H])[H] -> [H]ONC1C([H])([H])[C@]23C([H])([H])[C@]([H])(C2([H])[H])[C@@]13[H] (数据为None)
2025-11-13 00:15:54,033 - WARNING - 跳过第29737行分子对: [H]C#CC([H])([H])[C@]1([H])C([H])([H])[C@@H](NO[H])C1([H])[H] -> [H]ONC1C([H])([H])[C@]23C([H])([H])[C@]([H])(C2([H])[H])[C@@]13[H] (数据为None)
2025-11-13 00:15:54,814 - WARNING - 跳过第29820行分子对: [H]ON[C@H]1C([H])([H])[C@]([H])(C#CC([H])([H])[H])C1([H])[H] -> [H]ONC1C([H])([H])[C@]23C([H])([H])[C@]([H])(C2([H])[H])[C@@]13[H] (数据为None)
2025-11-13 00:15:55,595 - WARNING - 跳过第29860行分子对: [H]ON[C@H]1C([H])([H])[C@]([H])(C([H])([H])C([H])([H])C([H])([H])[H])C1([H])[H] -> [H]ONC1C([H])([H])[C@]23C([H])([H])[C@]([H])(C2([H])[H])[C@@]13[H] (数据为None)
2025-11-13 00:15:56,384 - WARNING - 跳过第29968行分子对: [H]ONC1C([H])([H])C2(C1([H])[H])C([H])([H])C([H])([H])C2([H])[H] -> [H]ONC1C([H])([H])[C@]23C([H])([H])[C@]([H])(C2([H])[H])[C@@]13[H] (数据为None)
2025-11-13 00:15:56,463 - INFO - 分子处理统计: 总数=60000, 命中=59967, 未命中=33, 命中率=99.94%
2025-11-13 00:15:56,488 - INFO - --- 训练集样本示例 (头部数据) ---
2025-11-13 00:15:56,488 - INFO -   样本       起始节点数        起始边数         目标节点数        目标边数         边特征             目标属性值          
2025-11-13 00:15:56,488 - INFO -   --------------------------------------------------------------------------------
2025-11-13 00:15:56,489 - INFO -   1        5            8            8            14           [0.0, 1.0, 0.   -1.626431      
2025-11-13 00:15:56,489 - INFO -   2        3            4            6            10           [0.0, 1.0, 0.   -1.218061      
2025-11-13 00:15:56,489 - INFO -   3        4            6            11           20           [0.0, 1.0, 0.   1.620416       
2025-11-13 00:15:56,489 - INFO -   --------------------------------------------------------------------------------
2025-11-13 00:15:56,489 - INFO - 
数据构建完成:
2025-11-13 00:15:56,489 - INFO -   项目                   值                   
2025-11-13 00:15:56,489 - INFO -   ---------------------------------------- --------------------
2025-11-13 00:15:56,489 - INFO -   样本数                  29967               
2025-11-13 00:15:56,489 - INFO -   节点特征维度               11                  
2025-11-13 00:15:56,489 - INFO -   边特征维度                25                  
2025-11-13 00:15:56,489 - INFO -   目标属性变化维度             1                   
2025-11-13 00:15:56,491 - INFO - 数据集划分完成:
2025-11-13 00:15:56,491 - INFO -   - 训练集: 23973 (80.0%)
2025-11-13 00:15:56,492 - INFO -   - 验证集: 2996 (10.0%)
2025-11-13 00:15:56,492 - INFO -   - 测试集: 2998 (10.0%)
2025-11-13 00:15:56,549 - INFO - 更新模型边特征维度: 11 -> 25
2025-11-13 00:15:56,593 - INFO - 正在创建模型...
2025-11-13 00:15:56,594 - INFO - 模型参数数量: 2813697
2025-11-13 00:15:56,594 - INFO - 使用设备: cuda
2025-11-13 00:15:57,063 - INFO - 开始训练 (300 轮)...
2025-11-13 00:26:14,547 - INFO - Epoch [10/300], Train Loss: 0.237838, Val Loss: 0.241992, R²: 0.8505, MAE: 0.2420
2025-11-13 00:36:31,529 - INFO - Epoch [20/300], Train Loss: 0.134581, Val Loss: 0.155184, R²: 0.8991, MAE: 0.1552
2025-11-13 00:46:49,750 - INFO - Epoch [30/300], Train Loss: 0.124128, Val Loss: 0.142909, R²: 0.9089, MAE: 0.1429
2025-11-13 00:57:09,841 - INFO - Epoch [40/300], Train Loss: 0.097270, Val Loss: 0.105449, R²: 0.9188, MAE: 0.1054
2025-11-13 01:07:28,243 - INFO - Epoch [50/300], Train Loss: 0.093112, Val Loss: 0.102136, R²: 0.9216, MAE: 0.1021
2025-11-13 01:17:47,978 - INFO - Epoch [60/300], Train Loss: 0.084366, Val Loss: 0.095194, R²: 0.9238, MAE: 0.0952
2025-11-13 01:27:56,186 - INFO - Epoch [70/300], Train Loss: 0.081924, Val Loss: 0.092246, R²: 0.9250, MAE: 0.0922
2025-11-13 01:38:05,559 - INFO - Epoch [80/300], Train Loss: 0.079980, Val Loss: 0.090513, R²: 0.9260, MAE: 0.0905
2025-11-13 01:48:13,541 - INFO - Epoch [90/300], Train Loss: 0.078649, Val Loss: 0.089138, R²: 0.9269, MAE: 0.0891
2025-11-13 01:58:21,784 - INFO - Epoch [100/300], Train Loss: 0.077262, Val Loss: 0.089470, R²: 0.9275, MAE: 0.0895
2025-11-13 02:08:32,546 - INFO - Epoch [110/300], Train Loss: 0.076514, Val Loss: 0.086124, R²: 0.9286, MAE: 0.0861
2025-11-13 02:18:46,225 - INFO - Epoch [120/300], Train Loss: 0.073557, Val Loss: 0.084991, R²: 0.9290, MAE: 0.0850
2025-11-13 02:29:02,344 - INFO - Epoch [130/300], Train Loss: 0.072830, Val Loss: 0.084059, R²: 0.9294, MAE: 0.0841
2025-11-13 02:39:15,331 - INFO - Epoch [140/300], Train Loss: 0.072228, Val Loss: 0.083405, R²: 0.9297, MAE: 0.0834
2025-11-13 02:49:31,934 - INFO - Epoch [150/300], Train Loss: 0.071637, Val Loss: 0.082925, R²: 0.9300, MAE: 0.0829
2025-11-13 02:59:48,871 - INFO - Epoch [160/300], Train Loss: 0.070998, Val Loss: 0.082489, R²: 0.9304, MAE: 0.0825
2025-11-13 03:10:03,568 - INFO - Epoch [170/300], Train Loss: 0.070574, Val Loss: 0.081831, R²: 0.9307, MAE: 0.0818
2025-11-13 03:20:19,867 - INFO - Epoch [180/300], Train Loss: 0.070017, Val Loss: 0.081706, R²: 0.9310, MAE: 0.0817
2025-11-13 03:30:33,794 - INFO - Epoch [190/300], Train Loss: 0.069396, Val Loss: 0.080700, R²: 0.9313, MAE: 0.0807
2025-11-13 03:40:47,743 - INFO - Epoch [200/300], Train Loss: 0.068845, Val Loss: 0.080555, R²: 0.9315, MAE: 0.0806
2025-11-13 03:51:03,594 - INFO - Epoch [210/300], Train Loss: 0.068308, Val Loss: 0.080378, R²: 0.9318, MAE: 0.0804
2025-11-13 04:01:20,237 - INFO - Epoch [220/300], Train Loss: 0.067850, Val Loss: 0.079677, R²: 0.9321, MAE: 0.0797
2025-11-13 04:11:35,399 - INFO - Epoch [230/300], Train Loss: 0.067234, Val Loss: 0.078889, R²: 0.9324, MAE: 0.0789
2025-11-13 04:21:52,137 - INFO - Epoch [240/300], Train Loss: 0.066750, Val Loss: 0.078493, R²: 0.9326, MAE: 0.0785
2025-11-13 04:32:06,819 - INFO - Epoch [250/300], Train Loss: 0.066284, Val Loss: 0.078073, R²: 0.9329, MAE: 0.0781
2025-11-13 04:42:23,079 - INFO - Epoch [260/300], Train Loss: 0.065814, Val Loss: 0.077489, R²: 0.9332, MAE: 0.0775
2025-11-13 04:52:38,781 - INFO - Epoch [270/300], Train Loss: 0.065206, Val Loss: 0.077265, R²: 0.9335, MAE: 0.0773
2025-11-13 05:02:54,819 - INFO - Epoch [280/300], Train Loss: 0.064866, Val Loss: 0.076515, R²: 0.9337, MAE: 0.0765
2025-11-13 05:13:14,772 - INFO - Epoch [290/300], Train Loss: 0.064432, Val Loss: 0.076682, R²: 0.9340, MAE: 0.0767
2025-11-13 05:23:30,231 - INFO - Epoch [300/300], Train Loss: 0.063835, Val Loss: 0.075925, R²: 0.9343, MAE: 0.0759
2025-11-13 05:23:30,232 - INFO - 开始训练 (300 轮)...
2025-11-13 05:23:32,863 - INFO - 模型已保存至: /home/data2/rhj/project/mol_editor/mol_evo/../mol_evo/output/v0/MoleculeEvolutionTensornetLinearPredictor/train-20251113_001526-homo_change_pct-30000-300/last.pth
2025-11-13 05:23:32,863 - INFO - 
2025-11-13 05:23:32,863 - INFO - ============================================================
2025-11-13 05:23:32,864 - INFO - 训练完成 - 最终评估结果
2025-11-13 05:23:32,864 - INFO - ============================================================
2025-11-13 05:23:32,864 - INFO - 测试集损失: 0.072210
2025-11-13 05:23:32,864 - INFO - RMSE: 0.190824
2025-11-13 05:23:32,864 - INFO - MAE: 0.072210
2025-11-13 05:23:32,864 - INFO - R²: 0.961843
2025-11-13 05:23:32,864 - INFO - PCC: 0.980744
2025-11-13 05:23:32,864 - INFO - Rank Loss: 0.357471
2025-11-13 05:23:32,864 - INFO - 
2025-11-13 05:23:32,864 - INFO - 阈值准确率:
2025-11-13 05:23:32,864 - INFO -   阈值 0.5: 96.50%
2025-11-13 05:23:32,864 - INFO -   阈值 0.4: 95.13%
2025-11-13 05:23:32,864 - INFO -   阈值 0.30000000000000004: 92.93%
2025-11-13 05:23:32,864 - INFO -   阈值 0.20000000000000004: 88.63%
2025-11-13 05:23:32,864 - INFO -   阈值 0.10000000000000003: 81.99%
2025-11-13 05:23:32,864 - INFO -   阈值 0.05000000000000002: 75.75%
2025-11-13 05:23:32,864 - INFO -   阈值 0.040000000000000015: 73.85%
2025-11-13 05:23:32,864 - INFO -   阈值 0.030000000000000013: 71.21%
2025-11-13 05:23:32,864 - INFO -   阈值 0.02000000000000001: 68.31%
2025-11-13 05:23:32,864 - INFO -   阈值 0.01000000000000001: 59.74%
2025-11-13 05:23:32,864 - INFO -   阈值 0.005000000000000005: 44.66%
2025-11-13 05:23:32,865 - INFO - 
2025-11-13 05:23:32,865 - INFO - 训练完成:
2025-11-13 05:23:32,865 - INFO -   - 最终训练损失: 0.063835
2025-11-13 05:23:32,865 - INFO -   - 最佳验证损失: 0.075730
2025-11-13 05:23:32,865 - INFO -   - 测试损失 (MSE): 0.072210
2025-11-13 05:23:32,865 - INFO -   - 测试RMSE: 0.190824
2025-11-13 05:23:32,865 - INFO -   - 测试MAE: 0.072210
2025-11-13 05:23:32,865 - INFO -   - 测试R²: 0.961843
2025-11-13 05:23:32,865 - INFO -   - 测试PCC: 0.980744
2025-11-13 05:23:32,865 - INFO -   - 测试Rank Loss: 0.357471
2025-11-13 05:23:32,865 - INFO -   - 测试阈值准确率 (0.5): 0.9650
2025-11-13 05:23:32,865 - INFO -   - 测试阈值准确率 (0.4): 0.9513
2025-11-13 05:23:32,865 - INFO -   - 测试阈值准确率 (0.30000000000000004): 0.9293
2025-11-13 05:23:32,865 - INFO -   - 测试阈值准确率 (0.20000000000000004): 0.8863
2025-11-13 05:23:32,865 - INFO -   - 测试阈值准确率 (0.10000000000000003): 0.8199
2025-11-13 05:23:32,865 - INFO -   - 测试阈值准确率 (0.05000000000000002): 0.7575
2025-11-13 05:23:32,865 - INFO -   - 测试阈值准确率 (0.040000000000000015): 0.7385
2025-11-13 05:23:32,865 - INFO -   - 测试阈值准确率 (0.030000000000000013): 0.7121
2025-11-13 05:23:32,865 - INFO -   - 测试阈值准确率 (0.02000000000000001): 0.6831
2025-11-13 05:23:32,865 - INFO -   - 测试阈值准确率 (0.01000000000000001): 0.5974
2025-11-13 05:23:32,865 - INFO -   - 测试阈值准确率 (0.005000000000000005): 0.4466
2025-11-13 05:23:32,866 - INFO -   - 模型已保存到: /home/data2/rhj/project/mol_editor/mol_evo/../mol_evo/output/v0/MoleculeEvolutionTensornetLinearPredictor/train-20251113_001526-homo_change_pct-30000-300/last.pth
2025-11-13 05:23:32,866 - INFO - 训练结果已保存到: /home/data2/rhj/project/mol_editor/mol_evo/../mol_evo/output/v0/MoleculeEvolutionTensornetLinearPredictor/train-20251113_001526-homo_change_pct-30000-300/training_results.json
2025-11-13 05:23:32,866 - INFO - 模型目录: /home/data2/rhj/project/mol_editor/mol_evo/../mol_evo/output/v0/MoleculeEvolutionTensornetLinearPredictor/train-20251113_001526-homo_change_pct-30000-300
