2025-11-02 00:29:05,422 - INFO - ============================================================
2025-11-02 00:29:05,423 - INFO - 数据文件: mol_evo/dataset/data/qm9-evo-pairs-step-1-with-properties-pct.csv
2025-11-02 00:29:05,423 - INFO - 最大对数: 30000
2025-11-02 00:29:05,423 - INFO - 训练轮数: 200
2025-11-02 00:29:05,423 - INFO - ============================================================
2025-11-02 00:29:05,423 - INFO - 正在构建图数据: mol_evo/dataset/data/qm9-evo-pairs-step-1-with-properties-pct.csv
2025-11-02 00:29:05,963 - INFO - 加载缓存文件: /home/data2/rhj/project/mol_editor/mol_evo/core/utils/../../.cache/molecule_graphs/csv_qm9-evo-pairs-step-1-with-properties-pct_3cbb45cc1ac9202d.pt，包含 1994 个分子
2025-11-02 00:29:10,054 - WARNING - 跳过第25871行分子对: [H]O/N=C(\C([H])([H])[H])C([H])([H])C(C([H])([H])[H])(C([H])([H])[H])C([H])([H])[H] -> [H]ONC1C([H])([H])[C@]23C([H])([H])[C@]([H])(C2([H])[H])[C@@]13[H] (数据为None)
2025-11-02 00:29:10,835 - WARNING - 跳过第25984行分子对: [H]O/N=C(/C([H])([H])C([H])([H])[H])C(C([H])([H])[H])(C([H])([H])[H])C([H])([H])[H] -> [H]ONC1C([H])([H])[C@]23C([H])([H])[C@]([H])(C2([H])[H])[C@@]13[H] (数据为None)
2025-11-02 00:29:11,777 - WARNING - 跳过第26175行分子对: [H]O/N=C(\C([H])([H])[H])C(C([H])([H])[H])(C([H])([H])[H])C([H])([H])C([H])([H])[H] -> [H]ONC1C([H])([H])[C@]23C([H])([H])[C@]([H])(C2([H])[H])[C@@]13[H] (数据为None)
2025-11-02 00:29:12,616 - WARNING - 跳过第26431行分子对: [H]O/N=C(\C([H])([H])[H])C([H])([H])C([H])([H])C([H])(C([H])([H])[H])C([H])([H])[H] -> [H]ONC1C([H])([H])[C@]23C([H])([H])[C@]([H])(C2([H])[H])[C@@]13[H] (数据为None)
2025-11-02 00:29:13,386 - WARNING - 跳过第26530行分子对: [H]ONC1C(C([H])([H])[H])(C([H])([H])[H])C([H])([H])[C@]1([H])C([H])([H])[H] -> [H]ONC1C([H])([H])[C@]23C([H])([H])[C@]([H])(C2([H])[H])[C@@]13[H] (数据为None)
2025-11-02 00:29:14,170 - WARNING - 跳过第26630行分子对: [H]ONC1C([H])=C([H])C(C([H])([H])[H])(C([H])([H])[H])C1([H])[H] -> [H]ONC1C([H])([H])[C@]23C([H])([H])[C@]([H])(C2([H])[H])[C@@]13[H] (数据为None)
2025-11-02 00:29:14,955 - WARNING - 跳过第26691行分子对: [H]ONC1C([H])([H])C([H])([H])C(C([H])([H])[H])(C([H])([H])[H])C1([H])[H] -> [H]ONC1C([H])([H])[C@]23C([H])([H])[C@]([H])(C2([H])[H])[C@@]13[H] (数据为None)
2025-11-02 00:29:15,751 - WARNING - 跳过第26895行分子对: [H]O/N=C(\C([H])([H])C([H])([H])[H])C([H])([H])C([H])(C([H])([H])[H])C([H])([H])[H] -> [H]ONC1C([H])([H])[C@]23C([H])([H])[C@]([H])(C2([H])[H])[C@@]13[H] (数据为None)
2025-11-02 00:29:16,546 - WARNING - 跳过第27044行分子对: [H]C#C[C@]1(C([H])([H])[H])C([H])([H])[C@@H](NO[H])C1([H])[H] -> [H]ONC1C([H])([H])[C@]23C([H])([H])[C@]([H])(C2([H])[H])[C@@]13[H] (数据为None)
2025-11-02 00:29:17,350 - WARNING - 跳过第27152行分子对: [H]ON[C@H]1C([H])([H])[C@](C([H])([H])[H])(C([H])([H])C([H])([H])[H])C1([H])[H] -> [H]ONC1C([H])([H])[C@]23C([H])([H])[C@]([H])(C2([H])[H])[C@@]13[H] (数据为None)
2025-11-02 00:29:18,133 - WARNING - 跳过第27266行分子对: [H]O/N=C(\C([H])([H])[H])C([H])([H])C1(C([H])([H])[H])C([H])([H])C1([H])[H] -> [H]ONC1C([H])([H])[C@]23C([H])([H])[C@]([H])(C2([H])[H])[C@@]13[H] (数据为None)
2025-11-02 00:29:18,961 - WARNING - 跳过第27714行分子对: [H]O/N=C(\C([H])([H])[H])C([H])([H])C([H])([H])C([H])([H])C([H])([H])C([H])([H])[H] -> [H]ONC1C([H])([H])[C@]23C([H])([H])[C@]([H])(C2([H])[H])[C@@]13[H] (数据为None)
2025-11-02 00:29:19,723 - WARNING - 跳过第27835行分子对: [H]ONC1C([H])([H])C([H])=C([H])C1(C([H])([H])[H])C([H])([H])[H] -> [H]ONC1C([H])([H])[C@]23C([H])([H])[C@]([H])(C2([H])[H])[C@@]13[H] (数据为None)
2025-11-02 00:29:20,498 - WARNING - 跳过第27878行分子对: [H]ONC1=C([H])[C-]([H])C([H])([H])C1(C([H])([H])[H])C([H])([H])[H] -> [H]ONC1C([H])([H])[C@]23C([H])([H])[C@]([H])(C2([H])[H])[C@@]13[H] (数据为None)
2025-11-02 00:29:21,251 - WARNING - 跳过第27924行分子对: [H]ONC1C([H])([H])C([H])([H])C([H])([H])C1(C([H])([H])[H])C([H])([H])[H] -> [H]ONC1C([H])([H])[C@]23C([H])([H])[C@]([H])(C2([H])[H])[C@@]13[H] (数据为None)
2025-11-02 00:29:22,052 - WARNING - 跳过第28107行分子对: [H]ON=C(C([H])([H])C([H])([H])C([H])([H])[H])C([H])([H])C([H])([H])C([H])([H])[H] -> [H]ONC1C([H])([H])[C@]23C([H])([H])[C@]([H])(C2([H])[H])[C@@]13[H] (数据为None)
2025-11-02 00:29:22,866 - WARNING - 跳过第28312行分子对: [H]O/N=C(/C([H])([H])C([H])([H])C([H])([H])[H])C([H])(C([H])([H])[H])C([H])([H])[H] -> [H]ONC1C([H])([H])[C@]23C([H])([H])[C@]([H])(C2([H])[H])[C@@]13[H] (数据为None)
2025-11-02 00:29:23,686 - WARNING - 跳过第28519行分子对: [H]ON=C(C([H])(C([H])([H])[H])C([H])([H])[H])C([H])(C([H])([H])[H])C([H])([H])[H] -> [H]ONC1C([H])([H])[C@]23C([H])([H])[C@]([H])(C2([H])[H])[C@@]13[H] (数据为None)
2025-11-02 00:29:24,489 - WARNING - 跳过第28649行分子对: [H]O/N=C(\C([H])([H])[H])C1(C([H])([H])[H])C([H])([H])C([H])([H])C1([H])[H] -> [H]ONC1C([H])([H])[C@]23C([H])([H])[C@]([H])(C2([H])[H])[C@@]13[H] (数据为None)
2025-11-02 00:29:25,288 - WARNING - 跳过第28853行分子对: [H]ON[C@H]1C([H])([H])[C@]([H])(C([H])(C([H])([H])[H])C([H])([H])[H])C1([H])[H] -> [H]ONC1C([H])([H])[C@]23C([H])([H])[C@]([H])(C2([H])[H])[C@@]13[H] (数据为None)
2025-11-02 00:29:26,046 - WARNING - 跳过第28960行分子对: [H]O/N=C(\C([H])([H])[H])[C@]1([H])C([H])([H])[C@@]([H])(C([H])([H])[H])C1([H])[H] -> [H]ONC1C([H])([H])[C@]23C([H])([H])[C@]([H])(C2([H])[H])[C@@]13[H] (数据为None)
2025-11-02 00:29:26,825 - WARNING - 跳过第29052行分子对: [H]ONC1C([H])=C(C([H])([H])[H])C([H])([H])C([H])([H])C1([H])[H] -> [H]ONC1C([H])([H])[C@]23C([H])([H])[C@]([H])(C2([H])[H])[C@@]13[H] (数据为None)
2025-11-02 00:29:27,584 - WARNING - 跳过第29115行分子对: [H]ONC1C([H])([H])C(C([H])([H])[H])=C([H])C([H])([H])C1([H])[H] -> [H]ONC1C([H])([H])[C@]23C([H])([H])[C@]([H])(C2([H])[H])[C@@]13[H] (数据为None)
2025-11-02 00:29:28,382 - WARNING - 跳过第29191行分子对: [H]ONC1C([H])([H])C([H])([H])C([H])([H])[C@]([H])(C([H])([H])[H])C1([H])[H] -> [H]ONC1C([H])([H])[C@]23C([H])([H])[C@]([H])(C2([H])[H])[C@@]13[H] (数据为None)
2025-11-02 00:29:29,157 - WARNING - 跳过第29259行分子对: [H]ONC1C([H])([H])C(C([H])([H])[H])=C(C([H])([H])[H])C1([H])[H] -> [H]ONC1C([H])([H])[C@]23C([H])([H])[C@]([H])(C2([H])[H])[C@@]13[H] (数据为None)
2025-11-02 00:29:29,943 - WARNING - 跳过第29362行分子对: [H]ONC1C([H])([H])C(C([H])([H])[H])=C([H])[C@]1([H])C([H])([H])[H] -> [H]ONC1C([H])([H])[C@]23C([H])([H])[C@]([H])(C2([H])[H])[C@@]13[H] (数据为None)
2025-11-02 00:29:30,496 - WARNING - 跳过第29437行分子对: [H][N-]C1O[C@]([H])(C([H])([H])[H])C(NO[H])C1([H])[H] -> [H]ONC1C([H])([H])[C@]23C([H])([H])[N@@H+](C2([H])[H])[C@@]13[H] (数据为None)
2025-11-02 00:29:31,300 - WARNING - 跳过第29554行分子对: [H]ONC1C([H])([H])[C@]2([H])C([H])([H])[C@@]1(C([H])([H])[H])C2([H])[H] -> [H]ONC1C([H])([H])[C@]23C([H])([H])[C@]([H])(C2([H])[H])[C@@]13[H] (数据为None)
2025-11-02 00:29:32,079 - WARNING - 跳过第29644行分子对: [H]O/N=C(\C([H])([H])[H])C([H])([H])C1([H])C([H])([H])C([H])([H])C1([H])[H] -> [H]ONC1C([H])([H])[C@]23C([H])([H])[C@]([H])(C2([H])[H])[C@@]13[H] (数据为None)
2025-11-02 00:29:32,831 - WARNING - 跳过第29737行分子对: [H]C#CC([H])([H])[C@]1([H])C([H])([H])[C@@H](NO[H])C1([H])[H] -> [H]ONC1C([H])([H])[C@]23C([H])([H])[C@]([H])(C2([H])[H])[C@@]13[H] (数据为None)
2025-11-02 00:29:33,616 - WARNING - 跳过第29820行分子对: [H]ON[C@H]1C([H])([H])[C@]([H])(C#CC([H])([H])[H])C1([H])[H] -> [H]ONC1C([H])([H])[C@]23C([H])([H])[C@]([H])(C2([H])[H])[C@@]13[H] (数据为None)
2025-11-02 00:29:34,392 - WARNING - 跳过第29860行分子对: [H]ON[C@H]1C([H])([H])[C@]([H])(C([H])([H])C([H])([H])C([H])([H])[H])C1([H])[H] -> [H]ONC1C([H])([H])[C@]23C([H])([H])[C@]([H])(C2([H])[H])[C@@]13[H] (数据为None)
2025-11-02 00:29:35,169 - WARNING - 跳过第29968行分子对: [H]ONC1C([H])([H])C2(C1([H])[H])C([H])([H])C([H])([H])C2([H])[H] -> [H]ONC1C([H])([H])[C@]23C([H])([H])[C@]([H])(C2([H])[H])[C@@]13[H] (数据为None)
2025-11-02 00:29:35,228 - INFO - 分子处理统计: 总数=60000, 命中=59967, 未命中=33, 命中率=99.94%
2025-11-02 00:29:35,263 - INFO - --- 训练集样本示例 (头部数据) ---
2025-11-02 00:29:35,263 - INFO -   样本       起始节点数        起始边数         目标节点数        目标边数         边特征             目标属性值          
2025-11-02 00:29:35,263 - INFO -   --------------------------------------------------------------------------------
2025-11-02 00:29:35,264 - INFO -   1        5            8            8            14           [1.0, 0.0, 0.   0.023518       
2025-11-02 00:29:35,264 - INFO -   2        3            4            6            10           [1.0, 0.0, 0.   -0.273184      
2025-11-02 00:29:35,264 - INFO -   3        4            6            11           20           [1.0, 0.0, 0.   0.077970       
2025-11-02 00:29:35,264 - INFO -   --------------------------------------------------------------------------------
2025-11-02 00:29:35,264 - INFO - 
数据构建完成:
2025-11-02 00:29:35,264 - INFO -   项目                   值                   
2025-11-02 00:29:35,264 - INFO -   ---------------------------------------- --------------------
2025-11-02 00:29:35,264 - INFO -   样本数                  29967               
2025-11-02 00:29:35,264 - INFO -   节点特征维度               11                  
2025-11-02 00:29:35,264 - INFO -   边特征维度                11                  
2025-11-02 00:29:35,264 - INFO -   目标属性变化维度             1                   
2025-11-02 00:29:35,268 - INFO - 数据集划分完成:
2025-11-02 00:29:35,268 - INFO -   - 训练集: 23973 (80.0%)
2025-11-02 00:29:35,268 - INFO -   - 验证集: 2996 (10.0%)
2025-11-02 00:29:35,268 - INFO -   - 测试集: 2998 (10.0%)
2025-11-02 00:29:35,324 - INFO - 正在创建模型...
2025-11-02 00:29:35,324 - INFO - 模型参数数量: 1063041
2025-11-02 00:29:35,324 - INFO - 使用设备: cuda
2025-11-02 00:29:35,604 - INFO - 开始训练 (200 轮)...
2025-11-02 00:29:54,074 - INFO - Epoch [10/200], Train Loss: 0.502472, Val Loss: 0.484509, R²: 0.4322, MAE: 0.4845
2025-11-02 00:30:12,180 - INFO - Epoch [20/200], Train Loss: 0.460619, Val Loss: 0.453414, R²: 0.4756, MAE: 0.4534
2025-11-02 00:30:30,146 - INFO - Epoch [30/200], Train Loss: 0.422714, Val Loss: 0.433866, R²: 0.4996, MAE: 0.4339
2025-11-02 00:30:48,058 - INFO - Epoch [40/200], Train Loss: 0.357730, Val Loss: 0.372197, R²: 0.5811, MAE: 0.3722
2025-11-02 00:31:06,235 - INFO - Epoch [50/200], Train Loss: 0.332915, Val Loss: 0.362307, R²: 0.6068, MAE: 0.3623
2025-11-02 00:31:24,115 - INFO - Epoch [60/200], Train Loss: 0.298262, Val Loss: 0.326619, R²: 0.6527, MAE: 0.3266
2025-11-02 00:31:42,026 - INFO - Epoch [70/200], Train Loss: 0.279019, Val Loss: 0.316108, R²: 0.6709, MAE: 0.3161
2025-11-02 00:32:00,044 - INFO - Epoch [80/200], Train Loss: 0.251212, Val Loss: 0.297261, R²: 0.6947, MAE: 0.2973
2025-11-02 00:32:18,019 - INFO - Epoch [90/200], Train Loss: 0.237072, Val Loss: 0.286808, R²: 0.7095, MAE: 0.2868
2025-11-02 00:32:36,009 - INFO - 已保存checkpoint: /home/data2/rhj/project/mol_editor/mol_evo/../mol_evo/output/v0/MoleculeEvolutionGCNLinearPredictor/train-20251102_002905-mu_change-30000-200/checkpoint_epoch_100.pth
2025-11-02 00:32:36,177 - INFO - Epoch [100/200], Train Loss: 0.227071, Val Loss: 0.280310, R²: 0.7179, MAE: 0.2803
2025-11-02 00:32:54,356 - INFO - Epoch [110/200], Train Loss: 0.213983, Val Loss: 0.279908, R²: 0.7191, MAE: 0.2799
2025-11-02 00:33:12,556 - INFO - Epoch [120/200], Train Loss: 0.194637, Val Loss: 0.265855, R²: 0.7339, MAE: 0.2659
2025-11-02 00:33:30,790 - INFO - Epoch [130/200], Train Loss: 0.184369, Val Loss: 0.261589, R²: 0.7392, MAE: 0.2616
2025-11-02 00:33:49,095 - INFO - Epoch [140/200], Train Loss: 0.179093, Val Loss: 0.260329, R²: 0.7409, MAE: 0.2603
2025-11-02 00:34:07,146 - INFO - Epoch [150/200], Train Loss: 0.175380, Val Loss: 0.259767, R²: 0.7406, MAE: 0.2598
2025-11-02 00:34:25,415 - INFO - Epoch [160/200], Train Loss: 0.174817, Val Loss: 0.259781, R²: 0.7404, MAE: 0.2598
2025-11-02 00:34:43,784 - INFO - Epoch [170/200], Train Loss: 0.174699, Val Loss: 0.259820, R²: 0.7404, MAE: 0.2598
2025-11-02 00:35:02,153 - INFO - Epoch [180/200], Train Loss: 0.174672, Val Loss: 0.259819, R²: 0.7404, MAE: 0.2598
2025-11-02 00:35:15,213 - INFO - 早停机制触发，在第 187 轮停止训练
2025-11-02 00:35:15,214 - INFO - 开始训练 (200 轮)...
2025-11-02 00:35:16,339 - INFO - 模型已保存至: /home/data2/rhj/project/mol_editor/mol_evo/../mol_evo/output/v0/MoleculeEvolutionGCNLinearPredictor/train-20251102_002905-mu_change-30000-200/last.pth
2025-11-02 00:35:16,339 - INFO - 
2025-11-02 00:35:16,339 - INFO - ============================================================
2025-11-02 00:35:16,340 - INFO - 训练完成 - 最终评估结果
2025-11-02 00:35:16,340 - INFO - ============================================================
2025-11-02 00:35:16,340 - INFO - 测试集损失: 0.256826
2025-11-02 00:35:16,340 - INFO - RMSE: 0.488545
2025-11-02 00:35:16,340 - INFO - MAE: 0.256826
2025-11-02 00:35:16,340 - INFO - R²: 0.735834
2025-11-02 00:35:16,340 - INFO - PCC: 0.860457
2025-11-02 00:35:16,340 - INFO - Rank Loss: 0.442623
2025-11-02 00:35:16,340 - INFO - 
2025-11-02 00:35:16,340 - INFO - 阈值准确率:
2025-11-02 00:35:16,340 - INFO -   阈值 0.5: 84.76%
2025-11-02 00:35:16,340 - INFO -   阈值 0.4: 80.72%
2025-11-02 00:35:16,340 - INFO -   阈值 0.30000000000000004: 75.68%
2025-11-02 00:35:16,340 - INFO -   阈值 0.20000000000000004: 68.65%
2025-11-02 00:35:16,340 - INFO -   阈值 0.10000000000000003: 52.97%
2025-11-02 00:35:16,340 - INFO -   阈值 0.05000000000000002: 32.66%
2025-11-02 00:35:16,340 - INFO - 
2025-11-02 00:35:16,340 - INFO - 训练完成:
2025-11-02 00:35:16,340 - INFO -   - 最终训练损失: 0.174654
2025-11-02 00:35:16,340 - INFO -   - 最佳验证损失: 0.259598
2025-11-02 00:35:16,340 - INFO -   - 测试损失 (MSE): 0.256826
2025-11-02 00:35:16,341 - INFO -   - 测试RMSE: 0.488545
2025-11-02 00:35:16,341 - INFO -   - 测试MAE: 0.256826
2025-11-02 00:35:16,341 - INFO -   - 测试R²: 0.735834
2025-11-02 00:35:16,341 - INFO -   - 测试PCC: 0.860457
2025-11-02 00:35:16,341 - INFO -   - 测试Rank Loss: 0.442623
2025-11-02 00:35:16,341 - INFO -   - 测试阈值准确率 (0.5): 0.8476
2025-11-02 00:35:16,341 - INFO -   - 测试阈值准确率 (0.4): 0.8072
2025-11-02 00:35:16,341 - INFO -   - 测试阈值准确率 (0.30000000000000004): 0.7568
2025-11-02 00:35:16,341 - INFO -   - 测试阈值准确率 (0.20000000000000004): 0.6865
2025-11-02 00:35:16,341 - INFO -   - 测试阈值准确率 (0.10000000000000003): 0.5297
2025-11-02 00:35:16,341 - INFO -   - 测试阈值准确率 (0.05000000000000002): 0.3266
2025-11-02 00:35:16,341 - INFO -   - 模型已保存到: /home/data2/rhj/project/mol_editor/mol_evo/../mol_evo/output/v0/MoleculeEvolutionGCNLinearPredictor/train-20251102_002905-mu_change-30000-200/last.pth
2025-11-02 00:35:16,341 - INFO - 训练结果已保存到: /home/data2/rhj/project/mol_editor/mol_evo/../mol_evo/output/v0/MoleculeEvolutionGCNLinearPredictor/train-20251102_002905-mu_change-30000-200/training_results.json
2025-11-02 00:35:16,341 - INFO - 模型目录: /home/data2/rhj/project/mol_editor/mol_evo/../mol_evo/output/v0/MoleculeEvolutionGCNLinearPredictor/train-20251102_002905-mu_change-30000-200
