2025-10-12 04:40:29,242 - INFO - training_file - ============================================================
2025-10-12 04:40:29,242 - INFO - training_console - ============================================================
2025-10-12 04:40:29,242 - INFO - training_file - 基于NNConv的分子进化预测器模型训练开始
2025-10-12 04:40:29,242 - INFO - training_console - 基于NNConv的分子进化预测器模型训练开始
2025-10-12 04:40:29,242 - INFO - training_file - ============================================================
2025-10-12 04:40:29,242 - INFO - training_console - ============================================================
2025-10-12 04:40:29,242 - INFO - training_file - 数据文件: mol_evo/dataset/data/qm9-evo-pairs-step-1-with-properties-pct.csv
2025-10-12 04:40:29,242 - INFO - training_console - 数据文件: mol_evo/dataset/data/qm9-evo-pairs-step-1-with-properties-pct.csv
2025-10-12 04:40:29,242 - INFO - training_file - 最大对数: 2000
2025-10-12 04:40:29,242 - INFO - training_console - 最大对数: 2000
2025-10-12 04:40:29,242 - INFO - training_file - 训练轮数: 50
2025-10-12 04:40:29,242 - INFO - training_console - 训练轮数: 50
2025-10-12 04:40:29,242 - INFO - training_file - 正在构建图数据: mol_evo/dataset/data/qm9-evo-pairs-step-1-with-properties-pct.csv
2025-10-12 04:40:29,242 - INFO - training_console - 正在构建图数据: mol_evo/dataset/data/qm9-evo-pairs-step-1-with-properties-pct.csv
2025-10-12 04:40:29,850 - INFO - training_file - 加载缓存文件: /home/data2/rhj/project/mol_editor/mol_evo/core/utils/../../.cache/molecule_graphs/training_dataset.pt，包含 1985 个分子
2025-10-12 04:40:29,851 - INFO - training_console - 加载缓存文件: /home/data2/rhj/project/mol_editor/mol_evo/core/utils/../../.cache/molecule_graphs/training_dataset.pt，包含 1985 个分子
2025-10-12 04:40:30,028 - INFO - training_file - 分子处理统计: 总数=4000, 命中=4000, 未命中=0, 命中率=100.00%
2025-10-12 04:40:30,028 - INFO - training_console - 分子处理统计: 总数=4000, 命中=4000, 未命中=0, 命中率=100.00%
2025-10-12 04:40:30,035 - INFO - training_file - 训练集样本示例 (头部数据):
2025-10-12 04:40:30,035 - INFO - training_console - 训练集样本示例 (头部数据):
2025-10-12 04:40:30,035 - INFO - training_file -   样本 1:
2025-10-12 04:40:30,035 - INFO - training_console -   样本 1:
2025-10-12 04:40:30,036 - INFO - training_file -     起始分子节点数: 5
2025-10-12 04:40:30,036 - INFO - training_console -     起始分子节点数: 5
2025-10-12 04:40:30,036 - INFO - training_file -     起始分子边数: 8
2025-10-12 04:40:30,036 - INFO - training_console -     起始分子边数: 8
2025-10-12 04:40:30,036 - INFO - training_file -     目标分子节点数: 8
2025-10-12 04:40:30,036 - INFO - training_console -     目标分子节点数: 8
2025-10-12 04:40:30,036 - INFO - training_file -     目标分子边数: 14
2025-10-12 04:40:30,036 - INFO - training_console -     目标分子边数: 14
2025-10-12 04:40:30,036 - INFO - training_file -     边特征: [1.0, 0.0, 0.0, 0.0, 0.0, 1.0, 0.0, 0.0, 0.0, 0.0, 0.0]
2025-10-12 04:40:30,036 - INFO - training_console -     边特征: [1.0, 0.0, 0.0, 0.0, 0.0, 1.0, 0.0, 0.0, 0.0, 0.0, 0.0]
2025-10-12 04:40:30,036 - INFO - training_file -     目标属性值: -0.9810923933982849
2025-10-12 04:40:30,036 - INFO - training_console -     目标属性值: -0.9810923933982849
2025-10-12 04:40:30,036 - INFO - training_file -   样本 2:
2025-10-12 04:40:30,036 - INFO - training_console -   样本 2:
2025-10-12 04:40:30,036 - INFO - training_file -     起始分子节点数: 3
2025-10-12 04:40:30,036 - INFO - training_console -     起始分子节点数: 3
2025-10-12 04:40:30,036 - INFO - training_file -     起始分子边数: 4
2025-10-12 04:40:30,036 - INFO - training_console -     起始分子边数: 4
2025-10-12 04:40:30,036 - INFO - training_file -     目标分子节点数: 6
2025-10-12 04:40:30,036 - INFO - training_console -     目标分子节点数: 6
2025-10-12 04:40:30,036 - INFO - training_file -     目标分子边数: 10
2025-10-12 04:40:30,037 - INFO - training_console -     目标分子边数: 10
2025-10-12 04:40:30,037 - INFO - training_file -     边特征: [1.0, 0.0, 0.0, 0.0, 0.0, 1.0, 0.0, 0.0, 0.0, 0.0, 0.0]
2025-10-12 04:40:30,037 - INFO - training_console -     边特征: [1.0, 0.0, 0.0, 0.0, 0.0, 1.0, 0.0, 0.0, 0.0, 0.0, 0.0]
2025-10-12 04:40:30,037 - INFO - training_file -     目标属性值: -0.6105915307998657
2025-10-12 04:40:30,037 - INFO - training_console -     目标属性值: -0.6105915307998657
2025-10-12 04:40:30,037 - INFO - training_file -   样本 3:
2025-10-12 04:40:30,037 - INFO - training_console -   样本 3:
2025-10-12 04:40:30,037 - INFO - training_file -     起始分子节点数: 4
2025-10-12 04:40:30,037 - INFO - training_console -     起始分子节点数: 4
2025-10-12 04:40:30,037 - INFO - training_file -     起始分子边数: 6
2025-10-12 04:40:30,037 - INFO - training_console -     起始分子边数: 6
2025-10-12 04:40:30,037 - INFO - training_file -     目标分子节点数: 11
2025-10-12 04:40:30,037 - INFO - training_console -     目标分子节点数: 11
2025-10-12 04:40:30,037 - INFO - training_file -     目标分子边数: 20
2025-10-12 04:40:30,037 - INFO - training_console -     目标分子边数: 20
2025-10-12 04:40:30,037 - INFO - training_file -     边特征: [1.0, 0.0, 0.0, 0.0, 0.0, 0.0, 1.0, 0.0, 0.0, 0.0, 0.0]
2025-10-12 04:40:30,037 - INFO - training_console -     边特征: [1.0, 0.0, 0.0, 0.0, 0.0, 0.0, 1.0, 0.0, 0.0, 0.0, 0.0]
2025-10-12 04:40:30,037 - INFO - training_file -     目标属性值: 0.8735067844390869
2025-10-12 04:40:30,037 - INFO - training_console -     目标属性值: 0.8735067844390869
2025-10-12 04:40:30,037 - INFO - training_file - 数据构建完成:
2025-10-12 04:40:30,037 - INFO - training_console - 数据构建完成:
2025-10-12 04:40:30,037 - INFO - training_file -   - 样本数: 2000
2025-10-12 04:40:30,037 - INFO - training_console -   - 样本数: 2000
2025-10-12 04:40:30,037 - INFO - training_file -   - 节点特征维度: 11
2025-10-12 04:40:30,037 - INFO - training_console -   - 节点特征维度: 11
2025-10-12 04:40:30,037 - INFO - training_file -   - 边特征维度: 11
2025-10-12 04:40:30,037 - INFO - training_console -   - 边特征维度: 11
2025-10-12 04:40:30,037 - INFO - training_file -   - 目标属性变化维度: 1
2025-10-12 04:40:30,037 - INFO - training_console -   - 目标属性变化维度: 1
2025-10-12 04:40:30,038 - INFO - training_file - 数据集划分完成:
2025-10-12 04:40:30,038 - INFO - training_console - 数据集划分完成:
2025-10-12 04:40:30,038 - INFO - training_file -   - 训练集: 1600 (80.0%)
2025-10-12 04:40:30,038 - INFO - training_console -   - 训练集: 1600 (80.0%)
2025-10-12 04:40:30,038 - INFO - training_file -   - 验证集: 200 (10.0%)
2025-10-12 04:40:30,038 - INFO - training_console -   - 验证集: 200 (10.0%)
2025-10-12 04:40:30,038 - INFO - training_file -   - 测试集: 200 (10.0%)
2025-10-12 04:40:30,038 - INFO - training_console -   - 测试集: 200 (10.0%)
2025-10-12 04:40:30,091 - INFO - training_file - 正在创建模型...
2025-10-12 04:40:30,091 - INFO - training_console - 正在创建模型...
2025-10-12 04:40:30,091 - INFO - training_file - 模型参数数量: 980993
2025-10-12 04:40:30,091 - INFO - training_console - 模型参数数量: 980993
2025-10-12 04:40:30,091 - INFO - training_file - 使用设备: cuda
2025-10-12 04:40:30,091 - INFO - training_console - 使用设备: cuda
2025-10-12 04:40:32,379 - INFO - training_file - Epoch [11/50], Train Loss: 0.646554, Val Loss: 0.580587, R²: 0.2005, MAE: 0.5806
2025-10-12 04:40:34,224 - INFO - training_file - Epoch [21/50], Train Loss: 0.494748, Val Loss: 0.412443, R²: 0.5810, MAE: 0.4124
2025-10-12 04:40:36,051 - INFO - training_file - Epoch [31/50], Train Loss: 0.318533, Val Loss: 0.396916, R²: 0.5307, MAE: 0.3969
2025-10-12 04:40:38,089 - INFO - training_file - Epoch [41/50], Train Loss: 0.298242, Val Loss: 0.322317, R²: 0.6827, MAE: 0.3223
2025-10-12 04:40:40,059 - INFO - training_file - Epoch [51/50], Train Loss: 0.300556, Val Loss: 0.341389, R²: 0.7034, MAE: 0.3414
2025-10-12 04:40:40,060 - INFO - training_file - 开始训练 (50 轮)...
2025-10-12 04:40:40,060 - INFO - training_console - 开始训练 (50 轮)...
2025-10-12 04:40:41,149 - INFO - training_file - ============================================================
2025-10-12 04:40:41,150 - INFO - training_console - ============================================================
2025-10-12 04:40:41,150 - INFO - training_file - 训练完成 - 最终评估结果
2025-10-12 04:40:41,150 - INFO - training_console - 训练完成 - 最终评估结果
2025-10-12 04:40:41,150 - INFO - training_file - ============================================================
2025-10-12 04:40:41,150 - INFO - training_console - ============================================================
2025-10-12 04:40:41,150 - INFO - training_file - 测试集损失: 0.318340
2025-10-12 04:40:41,150 - INFO - training_console - 测试集损失: 0.318340
2025-10-12 04:40:41,150 - INFO - training_file - RMSE: 0.454028
2025-10-12 04:40:41,150 - INFO - training_console - RMSE: 0.454028
2025-10-12 04:40:41,150 - INFO - training_file - MAE: 0.318340
2025-10-12 04:40:41,150 - INFO - training_console - MAE: 0.318340
2025-10-12 04:40:41,150 - INFO - training_file - R²: 0.778110
2025-10-12 04:40:41,150 - INFO - training_console - R²: 0.778110
2025-10-12 04:40:41,150 - INFO - training_file - 
2025-10-12 04:40:41,150 - INFO - training_console - 
2025-10-12 04:40:41,150 - INFO - training_file - 阈值准确率:
2025-10-12 04:40:41,150 - INFO - training_console - 阈值准确率:
2025-10-12 04:40:41,150 - INFO - training_file -   阈值 0.4: 72.00%
2025-10-12 04:40:41,150 - INFO - training_console -   阈值 0.4: 72.00%
2025-10-12 04:40:41,150 - INFO - training_file -   阈值 0.3: 62.50%
2025-10-12 04:40:41,150 - INFO - training_console -   阈值 0.3: 62.50%
2025-10-12 04:40:41,150 - INFO - training_file -   阈值 0.2: 48.00%
2025-10-12 04:40:41,151 - INFO - training_console -   阈值 0.2: 48.00%
2025-10-12 04:40:41,151 - INFO - training_file -   阈值 0.1: 28.00%
2025-10-12 04:40:41,151 - INFO - training_console -   阈值 0.1: 28.00%
2025-10-12 04:40:41,151 - INFO - training_file -   阈值 0.05: 13.50%
2025-10-12 04:40:41,151 - INFO - training_console -   阈值 0.05: 13.50%
2025-10-12 04:40:41,151 - INFO - training_file - 
2025-10-12 04:40:41,151 - INFO - training_console - 
2025-10-12 04:40:41,151 - INFO - training_file - 模型已保存至: /home/data2/rhj/project/mol_editor/mol_evo/../mol_evo/model-data/v0/training_20251012_044029/molecule_evolution_gcn_v0_mu_predictor.pth
2025-10-12 04:40:41,151 - INFO - training_console - 模型已保存至: /home/data2/rhj/project/mol_editor/mol_evo/../mol_evo/model-data/v0/training_20251012_044029/molecule_evolution_gcn_v0_mu_predictor.pth
2025-10-12 04:40:41,151 - INFO - training_file - 
2025-10-12 04:40:41,151 - INFO - training_console - 
2025-10-12 04:40:41,151 - INFO - training_file - 训练过程总结:
2025-10-12 04:40:41,151 - INFO - training_console - 训练过程总结:
2025-10-12 04:40:41,151 - INFO - training_file -   最佳训练损失: 0.289996
2025-10-12 04:40:41,151 - INFO - training_console -   最佳训练损失: 0.289996
2025-10-12 04:40:41,151 - INFO - training_file -   最佳验证损失: 0.316925
2025-10-12 04:40:41,151 - INFO - training_console -   最佳验证损失: 0.316925
2025-10-12 04:40:41,151 - INFO - training_file - 
2025-10-12 04:40:41,151 - INFO - training_console - 
2025-10-12 04:40:41,151 - INFO - training_file - 训练完成:
2025-10-12 04:40:41,151 - INFO - training_console - 训练完成:
2025-10-12 04:40:41,151 - INFO - training_file -   - 最终训练损失: 0.300556
2025-10-12 04:40:41,151 - INFO - training_console -   - 最终训练损失: 0.300556
2025-10-12 04:40:41,151 - INFO - training_file -   - 最佳验证损失: 0.316925
2025-10-12 04:40:41,151 - INFO - training_console -   - 最佳验证损失: 0.316925
2025-10-12 04:40:41,151 - INFO - training_file -   - 测试损失 (MSE): 0.318340
2025-10-12 04:40:41,151 - INFO - training_console -   - 测试损失 (MSE): 0.318340
2025-10-12 04:40:41,151 - INFO - training_file -   - 测试RMSE: 0.454028
2025-10-12 04:40:41,151 - INFO - training_console -   - 测试RMSE: 0.454028
2025-10-12 04:40:41,151 - INFO - training_file -   - 测试MAE: 0.318340
2025-10-12 04:40:41,151 - INFO - training_console -   - 测试MAE: 0.318340
2025-10-12 04:40:41,152 - INFO - training_file -   - 测试R²: 0.778110
2025-10-12 04:40:41,152 - INFO - training_console -   - 测试R²: 0.778110
2025-10-12 04:40:41,152 - INFO - training_file -   - 测试阈值准确率 (0.4): 0.7200
2025-10-12 04:40:41,152 - INFO - training_console -   - 测试阈值准确率 (0.4): 0.7200
2025-10-12 04:40:41,152 - INFO - training_file -   - 测试阈值准确率 (0.3): 0.6250
2025-10-12 04:40:41,152 - INFO - training_console -   - 测试阈值准确率 (0.3): 0.6250
2025-10-12 04:40:41,152 - INFO - training_file -   - 测试阈值准确率 (0.2): 0.4800
2025-10-12 04:40:41,152 - INFO - training_console -   - 测试阈值准确率 (0.2): 0.4800
2025-10-12 04:40:41,152 - INFO - training_file -   - 测试阈值准确率 (0.1): 0.2800
2025-10-12 04:40:41,152 - INFO - training_console -   - 测试阈值准确率 (0.1): 0.2800
2025-10-12 04:40:41,152 - INFO - training_file -   - 测试阈值准确率 (0.05): 0.1350
2025-10-12 04:40:41,152 - INFO - training_console -   - 测试阈值准确率 (0.05): 0.1350
2025-10-12 04:40:41,152 - INFO - training_file -   - 模型已保存到: /home/data2/rhj/project/mol_editor/mol_evo/../mol_evo/model-data/v0/training_20251012_044029/molecule_evolution_gcn_v0_mu_predictor.pth
2025-10-12 04:40:41,152 - INFO - training_console -   - 模型已保存到: /home/data2/rhj/project/mol_editor/mol_evo/../mol_evo/model-data/v0/training_20251012_044029/molecule_evolution_gcn_v0_mu_predictor.pth
