2025-10-10 02:41:51,255 - training - INFO - ============================================================
2025-10-10 02:41:51,255 - training - INFO - 基于NNConv的分子进化预测器模型训练开始
2025-10-10 02:41:51,255 - training - INFO - ============================================================
2025-10-10 02:41:51,255 - training - INFO - 数据文件: mol_evo/dataset/data/qm9-evo-pairs-step-1-with-properties.csv
2025-10-10 02:41:51,255 - training - INFO - 最大对数: 100
2025-10-10 02:41:51,255 - training - INFO - 训练轮数: 20
2025-10-10 02:41:51,672 - training - INFO - 正在构建图数据: mol_evo/dataset/data/qm9-evo-pairs-step-1-with-properties.csv
2025-10-10 02:41:51,672 - training - INFO - 数据构建完成:
2025-10-10 02:41:51,672 - training - INFO -   - 节点数: 71
2025-10-10 02:41:51,672 - training - INFO -   - 边数: 100
2025-10-10 02:41:51,672 - training - INFO -   - 节点特征维度: 2048
2025-10-10 02:41:51,672 - training - INFO -   - 边特征维度: 11
2025-10-10 02:41:51,672 - training - INFO -   - 目标属性变化维度: 15
2025-10-10 02:41:51,674 - training - INFO - 数据集划分完成:
2025-10-10 02:41:51,674 - training - INFO -   - 训练集: 70 (70.0%)
2025-10-10 02:41:51,674 - training - INFO -   - 验证集: 10 (10.0%)
2025-10-10 02:41:51,674 - training - INFO -   - 测试集: 20 (20.0%)
2025-10-10 02:41:51,902 - training - INFO - 正在创建模型...
2025-10-10 02:41:51,902 - training - INFO - 模型参数数量: 6791951
2025-10-10 02:41:51,902 - training - INFO - 开始训练 (20 轮)...
2025-10-10 02:41:52,624 - training - INFO - Epoch [10/20], Train Loss: 0.563893, Val Loss: 0.366216, R²: 0.1198, MAE: 0.3678
2025-10-10 02:41:52,727 - training - INFO - Epoch [20/20], Train Loss: 0.393773, Val Loss: 0.328472, R²: 0.1562, MAE: 0.3560
2025-10-10 02:41:52,733 - training - INFO - 原始尺度评估指标:
2025-10-10 02:41:52,733 - training - INFO -   - MSE: 27662.498047
2025-10-10 02:41:52,733 - training - INFO -   - RMSE: 166.320465
2025-10-10 02:41:52,733 - training - INFO -   - MAE: 68.515900
2025-10-10 02:41:52,733 - training - INFO - 各维度阈值准确率:
2025-10-10 02:41:52,733 - training - INFO - Threshold   A        B        C        mu       alpha    homo     lumo     gap      r2       zpve     U0       U        H        G        Cv       
2025-10-10 02:41:52,733 - training - INFO - ---------------------------------------------------------------------------------------------------------------------------------------------------
2025-10-10 02:41:52,734 - training - INFO - @0.400      0.6500   0.9500   0.9000   0.5000   0.3000   0.3500   0.6500   0.4500   0.3500   0.3000   0.8000   0.7500   0.7500   0.7500   0.2000   
2025-10-10 02:41:52,734 - training - INFO - @0.300      0.4000   0.8500   0.9000   0.4000   0.3000   0.2500   0.6000   0.4000   0.2500   0.2500   0.8000   0.7500   0.7500   0.7500   0.2000   
2025-10-10 02:41:52,734 - training - INFO - @0.200      0.2000   0.6000   0.8000   0.1500   0.1000   0.2500   0.5500   0.2000   0.1000   0.1500   0.5000   0.6500   0.7000   0.6500   0.1000   
2025-10-10 02:41:52,734 - training - INFO - @0.100      0.1000   0.3000   0.6000   0.0500   0.1000   0.1500   0.2500   0.1500   0.0500   0.0500   0.2000   0.3500   0.4000   0.4000   0.0000   
2025-10-10 02:41:52,734 - training - INFO - @0.050      0.0000   0.2500   0.1500   0.0000   0.0500   0.0000   0.0500   0.0000   0.0500   0.0000   0.0500   0.1500   0.2500   0.2500   0.0000   
2025-10-10 02:41:53,617 - training - INFO - 训练完成:
2025-10-10 02:41:53,617 - training - INFO -   - 最终训练损失: 0.393773
2025-10-10 02:41:53,617 - training - INFO -   - 最佳验证损失: 0.298999
2025-10-10 02:41:53,617 - training - INFO -   - 测试损失 (MSE): 1.190391
2025-10-10 02:41:53,617 - training - INFO -   - 测试RMSE: 1.091050
2025-10-10 02:41:53,617 - training - INFO -   - 测试MAE: 0.576126
2025-10-10 02:41:53,617 - training - INFO -   - 测试R²: 0.379859
2025-10-10 02:41:53,617 - training - INFO -   - 测试阈值准确率 (0.4, 所有维度): 0.0000
2025-10-10 02:41:53,618 - training - INFO -   - 测试阈值准确率 (0.4, 平均): 0.5767
2025-10-10 02:41:53,618 - training - INFO -   - 测试阈值准确率 (0.3, 所有维度): 0.0000
2025-10-10 02:41:53,618 - training - INFO -   - 测试阈值准确率 (0.3, 平均): 0.5233
2025-10-10 02:41:53,618 - training - INFO -   - 测试阈值准确率 (0.2, 所有维度): 0.0000
2025-10-10 02:41:53,618 - training - INFO -   - 测试阈值准确率 (0.2, 平均): 0.3800
2025-10-10 02:41:53,618 - training - INFO -   - 测试阈值准确率 (0.1, 所有维度): 0.0000
2025-10-10 02:41:53,618 - training - INFO -   - 测试阈值准确率 (0.1, 平均): 0.2100
2025-10-10 02:41:53,618 - training - INFO -   - 测试阈值准确率 (0.05, 所有维度): 0.0000
2025-10-10 02:41:53,618 - training - INFO -   - 测试阈值准确率 (0.05, 平均): 0.0833
2025-10-10 02:41:53,618 - training - INFO -   - 原始尺度MSE: 27662.498047
2025-10-10 02:41:53,618 - training - INFO -   - 原始尺度RMSE: 166.320465
2025-10-10 02:41:53,618 - training - INFO -   - 原始尺度MAE: 68.515900
2025-10-10 02:41:53,618 - training - INFO -   - 模型已保存到: /home/data2/rhj/project/mol_editor/mol_evo/../mol_evo/output/nnconv/training_20251010_024151/molecule_evolution_nnconv_predictor.pth
