2025-10-13 09:52:15,035 - INFO - training_file - ============================================================
2025-10-13 09:52:15,035 - INFO - training_console - ============================================================
2025-10-13 09:52:15,035 - INFO - training_file - 基于NNConv的分子进化预测器模型训练开始
2025-10-13 09:52:15,035 - INFO - training_console - 基于NNConv的分子进化预测器模型训练开始
2025-10-13 09:52:15,036 - INFO - training_file - ============================================================
2025-10-13 09:52:15,036 - INFO - training_console - ============================================================
2025-10-13 09:52:15,036 - INFO - training_file - 数据文件: mol_evo/dataset/data/qm9-evo-pairs-step-1-with-properties-pct.csv
2025-10-13 09:52:15,036 - INFO - training_console - 数据文件: mol_evo/dataset/data/qm9-evo-pairs-step-1-with-properties-pct.csv
2025-10-13 09:52:15,036 - INFO - training_file - 最大对数: 30000
2025-10-13 09:52:15,036 - INFO - training_console - 最大对数: 30000
2025-10-13 09:52:15,036 - INFO - training_file - 训练轮数: 500
2025-10-13 09:52:15,036 - INFO - training_console - 训练轮数: 500
2025-10-13 09:52:15,036 - INFO - training_file - 正在构建图数据: mol_evo/dataset/data/qm9-evo-pairs-step-1-with-properties-pct.csv
2025-10-13 09:52:15,036 - INFO - training_console - 正在构建图数据: mol_evo/dataset/data/qm9-evo-pairs-step-1-with-properties-pct.csv
2025-10-13 09:52:16,766 - INFO - training_file - 加载缓存文件: /home/data2/rhj/project/mol_editor/mol_evo/core/utils/../../.cache/molecule_graphs/csv_qm9-evo-pairs-step-1-with-properties-pct_3cbb45cc1ac9202d.pt，包含 1994 个分子
2025-10-13 09:52:16,766 - INFO - training_console - 加载缓存文件: /home/data2/rhj/project/mol_editor/mol_evo/core/utils/../../.cache/molecule_graphs/csv_qm9-evo-pairs-step-1-with-properties-pct_3cbb45cc1ac9202d.pt，包含 1994 个分子
2025-10-13 09:52:20,117 - WARNING - training_file - 跳过无法处理的分子对: [H]O/N=C(\C([H])([H])[H])C([H])([H])C(C([H])([H])[H])(C([H])([H])[H])C([H])([H])[H] -> [H]ONC1C([H])([H])[C@]23C([H])([H])[C@]([H])(C2([H])[H])[C@@]13[H]
2025-10-13 09:52:20,117 - WARNING - training_console - 跳过无法处理的分子对: [H]O/N=C(\C([H])([H])[H])C([H])([H])C(C([H])([H])[H])(C([H])([H])[H])C([H])([H])[H] -> [H]ONC1C([H])([H])[C@]23C([H])([H])[C@]([H])(C2([H])[H])[C@@]13[H]
2025-10-13 09:52:20,895 - WARNING - training_file - 跳过无法处理的分子对: [H]O/N=C(/C([H])([H])C([H])([H])[H])C(C([H])([H])[H])(C([H])([H])[H])C([H])([H])[H] -> [H]ONC1C([H])([H])[C@]23C([H])([H])[C@]([H])(C2([H])[H])[C@@]13[H]
2025-10-13 09:52:20,895 - WARNING - training_console - 跳过无法处理的分子对: [H]O/N=C(/C([H])([H])C([H])([H])[H])C(C([H])([H])[H])(C([H])([H])[H])C([H])([H])[H] -> [H]ONC1C([H])([H])[C@]23C([H])([H])[C@]([H])(C2([H])[H])[C@@]13[H]
2025-10-13 09:52:21,665 - WARNING - training_file - 跳过无法处理的分子对: [H]O/N=C(\C([H])([H])[H])C(C([H])([H])[H])(C([H])([H])[H])C([H])([H])C([H])([H])[H] -> [H]ONC1C([H])([H])[C@]23C([H])([H])[C@]([H])(C2([H])[H])[C@@]13[H]
2025-10-13 09:52:21,665 - WARNING - training_console - 跳过无法处理的分子对: [H]O/N=C(\C([H])([H])[H])C(C([H])([H])[H])(C([H])([H])[H])C([H])([H])C([H])([H])[H] -> [H]ONC1C([H])([H])[C@]23C([H])([H])[C@]([H])(C2([H])[H])[C@@]13[H]
2025-10-13 09:52:22,484 - WARNING - training_file - 跳过无法处理的分子对: [H]O/N=C(\C([H])([H])[H])C([H])([H])C([H])([H])C([H])(C([H])([H])[H])C([H])([H])[H] -> [H]ONC1C([H])([H])[C@]23C([H])([H])[C@]([H])(C2([H])[H])[C@@]13[H]
2025-10-13 09:52:22,484 - WARNING - training_console - 跳过无法处理的分子对: [H]O/N=C(\C([H])([H])[H])C([H])([H])C([H])([H])C([H])(C([H])([H])[H])C([H])([H])[H] -> [H]ONC1C([H])([H])[C@]23C([H])([H])[C@]([H])(C2([H])[H])[C@@]13[H]
2025-10-13 09:52:23,235 - WARNING - training_file - 跳过无法处理的分子对: [H]ONC1C(C([H])([H])[H])(C([H])([H])[H])C([H])([H])[C@]1([H])C([H])([H])[H] -> [H]ONC1C([H])([H])[C@]23C([H])([H])[C@]([H])(C2([H])[H])[C@@]13[H]
2025-10-13 09:52:23,235 - WARNING - training_console - 跳过无法处理的分子对: [H]ONC1C(C([H])([H])[H])(C([H])([H])[H])C([H])([H])[C@]1([H])C([H])([H])[H] -> [H]ONC1C([H])([H])[C@]23C([H])([H])[C@]([H])(C2([H])[H])[C@@]13[H]
2025-10-13 09:52:24,004 - WARNING - training_file - 跳过无法处理的分子对: [H]ONC1C([H])=C([H])C(C([H])([H])[H])(C([H])([H])[H])C1([H])[H] -> [H]ONC1C([H])([H])[C@]23C([H])([H])[C@]([H])(C2([H])[H])[C@@]13[H]
2025-10-13 09:52:24,004 - WARNING - training_console - 跳过无法处理的分子对: [H]ONC1C([H])=C([H])C(C([H])([H])[H])(C([H])([H])[H])C1([H])[H] -> [H]ONC1C([H])([H])[C@]23C([H])([H])[C@]([H])(C2([H])[H])[C@@]13[H]
2025-10-13 09:52:24,774 - WARNING - training_file - 跳过无法处理的分子对: [H]ONC1C([H])([H])C([H])([H])C(C([H])([H])[H])(C([H])([H])[H])C1([H])[H] -> [H]ONC1C([H])([H])[C@]23C([H])([H])[C@]([H])(C2([H])[H])[C@@]13[H]
2025-10-13 09:52:24,774 - WARNING - training_console - 跳过无法处理的分子对: [H]ONC1C([H])([H])C([H])([H])C(C([H])([H])[H])(C([H])([H])[H])C1([H])[H] -> [H]ONC1C([H])([H])[C@]23C([H])([H])[C@]([H])(C2([H])[H])[C@@]13[H]
2025-10-13 09:52:25,564 - WARNING - training_file - 跳过无法处理的分子对: [H]O/N=C(\C([H])([H])C([H])([H])[H])C([H])([H])C([H])(C([H])([H])[H])C([H])([H])[H] -> [H]ONC1C([H])([H])[C@]23C([H])([H])[C@]([H])(C2([H])[H])[C@@]13[H]
2025-10-13 09:52:25,564 - WARNING - training_console - 跳过无法处理的分子对: [H]O/N=C(\C([H])([H])C([H])([H])[H])C([H])([H])C([H])(C([H])([H])[H])C([H])([H])[H] -> [H]ONC1C([H])([H])[C@]23C([H])([H])[C@]([H])(C2([H])[H])[C@@]13[H]
2025-10-13 09:52:26,359 - WARNING - training_file - 跳过无法处理的分子对: [H]C#C[C@]1(C([H])([H])[H])C([H])([H])[C@@H](NO[H])C1([H])[H] -> [H]ONC1C([H])([H])[C@]23C([H])([H])[C@]([H])(C2([H])[H])[C@@]13[H]
2025-10-13 09:52:26,359 - WARNING - training_console - 跳过无法处理的分子对: [H]C#C[C@]1(C([H])([H])[H])C([H])([H])[C@@H](NO[H])C1([H])[H] -> [H]ONC1C([H])([H])[C@]23C([H])([H])[C@]([H])(C2([H])[H])[C@@]13[H]
2025-10-13 09:52:27,153 - WARNING - training_file - 跳过无法处理的分子对: [H]ON[C@H]1C([H])([H])[C@](C([H])([H])[H])(C([H])([H])C([H])([H])[H])C1([H])[H] -> [H]ONC1C([H])([H])[C@]23C([H])([H])[C@]([H])(C2([H])[H])[C@@]13[H]
2025-10-13 09:52:27,153 - WARNING - training_console - 跳过无法处理的分子对: [H]ON[C@H]1C([H])([H])[C@](C([H])([H])[H])(C([H])([H])C([H])([H])[H])C1([H])[H] -> [H]ONC1C([H])([H])[C@]23C([H])([H])[C@]([H])(C2([H])[H])[C@@]13[H]
2025-10-13 09:52:27,923 - WARNING - training_file - 跳过无法处理的分子对: [H]O/N=C(\C([H])([H])[H])C([H])([H])C1(C([H])([H])[H])C([H])([H])C1([H])[H] -> [H]ONC1C([H])([H])[C@]23C([H])([H])[C@]([H])(C2([H])[H])[C@@]13[H]
2025-10-13 09:52:27,924 - WARNING - training_console - 跳过无法处理的分子对: [H]O/N=C(\C([H])([H])[H])C([H])([H])C1(C([H])([H])[H])C([H])([H])C1([H])[H] -> [H]ONC1C([H])([H])[C@]23C([H])([H])[C@]([H])(C2([H])[H])[C@@]13[H]
2025-10-13 09:52:28,738 - WARNING - training_file - 跳过无法处理的分子对: [H]O/N=C(\C([H])([H])[H])C([H])([H])C([H])([H])C([H])([H])C([H])([H])C([H])([H])[H] -> [H]ONC1C([H])([H])[C@]23C([H])([H])[C@]([H])(C2([H])[H])[C@@]13[H]
2025-10-13 09:52:28,738 - WARNING - training_console - 跳过无法处理的分子对: [H]O/N=C(\C([H])([H])[H])C([H])([H])C([H])([H])C([H])([H])C([H])([H])C([H])([H])[H] -> [H]ONC1C([H])([H])[C@]23C([H])([H])[C@]([H])(C2([H])[H])[C@@]13[H]
2025-10-13 09:52:29,498 - WARNING - training_file - 跳过无法处理的分子对: [H]ONC1C([H])([H])C([H])=C([H])C1(C([H])([H])[H])C([H])([H])[H] -> [H]ONC1C([H])([H])[C@]23C([H])([H])[C@]([H])(C2([H])[H])[C@@]13[H]
2025-10-13 09:52:29,498 - WARNING - training_console - 跳过无法处理的分子对: [H]ONC1C([H])([H])C([H])=C([H])C1(C([H])([H])[H])C([H])([H])[H] -> [H]ONC1C([H])([H])[C@]23C([H])([H])[C@]([H])(C2([H])[H])[C@@]13[H]
2025-10-13 09:52:30,269 - WARNING - training_file - 跳过无法处理的分子对: [H]ONC1=C([H])[C-]([H])C([H])([H])C1(C([H])([H])[H])C([H])([H])[H] -> [H]ONC1C([H])([H])[C@]23C([H])([H])[C@]([H])(C2([H])[H])[C@@]13[H]
2025-10-13 09:52:30,269 - WARNING - training_console - 跳过无法处理的分子对: [H]ONC1=C([H])[C-]([H])C([H])([H])C1(C([H])([H])[H])C([H])([H])[H] -> [H]ONC1C([H])([H])[C@]23C([H])([H])[C@]([H])(C2([H])[H])[C@@]13[H]
2025-10-13 09:52:31,021 - WARNING - training_file - 跳过无法处理的分子对: [H]ONC1C([H])([H])C([H])([H])C([H])([H])C1(C([H])([H])[H])C([H])([H])[H] -> [H]ONC1C([H])([H])[C@]23C([H])([H])[C@]([H])(C2([H])[H])[C@@]13[H]
2025-10-13 09:52:31,021 - WARNING - training_console - 跳过无法处理的分子对: [H]ONC1C([H])([H])C([H])([H])C([H])([H])C1(C([H])([H])[H])C([H])([H])[H] -> [H]ONC1C([H])([H])[C@]23C([H])([H])[C@]([H])(C2([H])[H])[C@@]13[H]
2025-10-13 09:52:31,822 - WARNING - training_file - 跳过无法处理的分子对: [H]ON=C(C([H])([H])C([H])([H])C([H])([H])[H])C([H])([H])C([H])([H])C([H])([H])[H] -> [H]ONC1C([H])([H])[C@]23C([H])([H])[C@]([H])(C2([H])[H])[C@@]13[H]
2025-10-13 09:52:31,822 - WARNING - training_console - 跳过无法处理的分子对: [H]ON=C(C([H])([H])C([H])([H])C([H])([H])[H])C([H])([H])C([H])([H])C([H])([H])[H] -> [H]ONC1C([H])([H])[C@]23C([H])([H])[C@]([H])(C2([H])[H])[C@@]13[H]
2025-10-13 09:52:32,618 - WARNING - training_file - 跳过无法处理的分子对: [H]O/N=C(/C([H])([H])C([H])([H])C([H])([H])[H])C([H])(C([H])([H])[H])C([H])([H])[H] -> [H]ONC1C([H])([H])[C@]23C([H])([H])[C@]([H])(C2([H])[H])[C@@]13[H]
2025-10-13 09:52:32,618 - WARNING - training_console - 跳过无法处理的分子对: [H]O/N=C(/C([H])([H])C([H])([H])C([H])([H])[H])C([H])(C([H])([H])[H])C([H])([H])[H] -> [H]ONC1C([H])([H])[C@]23C([H])([H])[C@]([H])(C2([H])[H])[C@@]13[H]
2025-10-13 09:52:33,581 - WARNING - training_file - 跳过无法处理的分子对: [H]ON=C(C([H])(C([H])([H])[H])C([H])([H])[H])C([H])(C([H])([H])[H])C([H])([H])[H] -> [H]ONC1C([H])([H])[C@]23C([H])([H])[C@]([H])(C2([H])[H])[C@@]13[H]
2025-10-13 09:52:33,581 - WARNING - training_console - 跳过无法处理的分子对: [H]ON=C(C([H])(C([H])([H])[H])C([H])([H])[H])C([H])(C([H])([H])[H])C([H])([H])[H] -> [H]ONC1C([H])([H])[C@]23C([H])([H])[C@]([H])(C2([H])[H])[C@@]13[H]
2025-10-13 09:52:34,382 - WARNING - training_file - 跳过无法处理的分子对: [H]O/N=C(\C([H])([H])[H])C1(C([H])([H])[H])C([H])([H])C([H])([H])C1([H])[H] -> [H]ONC1C([H])([H])[C@]23C([H])([H])[C@]([H])(C2([H])[H])[C@@]13[H]
2025-10-13 09:52:34,382 - WARNING - training_console - 跳过无法处理的分子对: [H]O/N=C(\C([H])([H])[H])C1(C([H])([H])[H])C([H])([H])C([H])([H])C1([H])[H] -> [H]ONC1C([H])([H])[C@]23C([H])([H])[C@]([H])(C2([H])[H])[C@@]13[H]
2025-10-13 09:52:35,181 - WARNING - training_file - 跳过无法处理的分子对: [H]ON[C@H]1C([H])([H])[C@]([H])(C([H])(C([H])([H])[H])C([H])([H])[H])C1([H])[H] -> [H]ONC1C([H])([H])[C@]23C([H])([H])[C@]([H])(C2([H])[H])[C@@]13[H]
2025-10-13 09:52:35,181 - WARNING - training_console - 跳过无法处理的分子对: [H]ON[C@H]1C([H])([H])[C@]([H])(C([H])(C([H])([H])[H])C([H])([H])[H])C1([H])[H] -> [H]ONC1C([H])([H])[C@]23C([H])([H])[C@]([H])(C2([H])[H])[C@@]13[H]
2025-10-13 09:52:35,941 - WARNING - training_file - 跳过无法处理的分子对: [H]O/N=C(\C([H])([H])[H])[C@]1([H])C([H])([H])[C@@]([H])(C([H])([H])[H])C1([H])[H] -> [H]ONC1C([H])([H])[C@]23C([H])([H])[C@]([H])(C2([H])[H])[C@@]13[H]
2025-10-13 09:52:35,941 - WARNING - training_console - 跳过无法处理的分子对: [H]O/N=C(\C([H])([H])[H])[C@]1([H])C([H])([H])[C@@]([H])(C([H])([H])[H])C1([H])[H] -> [H]ONC1C([H])([H])[C@]23C([H])([H])[C@]([H])(C2([H])[H])[C@@]13[H]
2025-10-13 09:52:36,720 - WARNING - training_file - 跳过无法处理的分子对: [H]ONC1C([H])=C(C([H])([H])[H])C([H])([H])C([H])([H])C1([H])[H] -> [H]ONC1C([H])([H])[C@]23C([H])([H])[C@]([H])(C2([H])[H])[C@@]13[H]
2025-10-13 09:52:36,720 - WARNING - training_console - 跳过无法处理的分子对: [H]ONC1C([H])=C(C([H])([H])[H])C([H])([H])C([H])([H])C1([H])[H] -> [H]ONC1C([H])([H])[C@]23C([H])([H])[C@]([H])(C2([H])[H])[C@@]13[H]
2025-10-13 09:52:37,481 - WARNING - training_file - 跳过无法处理的分子对: [H]ONC1C([H])([H])C(C([H])([H])[H])=C([H])C([H])([H])C1([H])[H] -> [H]ONC1C([H])([H])[C@]23C([H])([H])[C@]([H])(C2([H])[H])[C@@]13[H]
2025-10-13 09:52:37,481 - WARNING - training_console - 跳过无法处理的分子对: [H]ONC1C([H])([H])C(C([H])([H])[H])=C([H])C([H])([H])C1([H])[H] -> [H]ONC1C([H])([H])[C@]23C([H])([H])[C@]([H])(C2([H])[H])[C@@]13[H]
2025-10-13 09:52:38,274 - WARNING - training_file - 跳过无法处理的分子对: [H]ONC1C([H])([H])C([H])([H])C([H])([H])[C@]([H])(C([H])([H])[H])C1([H])[H] -> [H]ONC1C([H])([H])[C@]23C([H])([H])[C@]([H])(C2([H])[H])[C@@]13[H]
2025-10-13 09:52:38,275 - WARNING - training_console - 跳过无法处理的分子对: [H]ONC1C([H])([H])C([H])([H])C([H])([H])[C@]([H])(C([H])([H])[H])C1([H])[H] -> [H]ONC1C([H])([H])[C@]23C([H])([H])[C@]([H])(C2([H])[H])[C@@]13[H]
2025-10-13 09:52:39,046 - WARNING - training_file - 跳过无法处理的分子对: [H]ONC1C([H])([H])C(C([H])([H])[H])=C(C([H])([H])[H])C1([H])[H] -> [H]ONC1C([H])([H])[C@]23C([H])([H])[C@]([H])(C2([H])[H])[C@@]13[H]
2025-10-13 09:52:39,046 - WARNING - training_console - 跳过无法处理的分子对: [H]ONC1C([H])([H])C(C([H])([H])[H])=C(C([H])([H])[H])C1([H])[H] -> [H]ONC1C([H])([H])[C@]23C([H])([H])[C@]([H])(C2([H])[H])[C@@]13[H]
2025-10-13 09:52:39,826 - WARNING - training_file - 跳过无法处理的分子对: [H]ONC1C([H])([H])C(C([H])([H])[H])=C([H])[C@]1([H])C([H])([H])[H] -> [H]ONC1C([H])([H])[C@]23C([H])([H])[C@]([H])(C2([H])[H])[C@@]13[H]
2025-10-13 09:52:39,826 - WARNING - training_console - 跳过无法处理的分子对: [H]ONC1C([H])([H])C(C([H])([H])[H])=C([H])[C@]1([H])C([H])([H])[H] -> [H]ONC1C([H])([H])[C@]23C([H])([H])[C@]([H])(C2([H])[H])[C@@]13[H]
2025-10-13 09:52:40,334 - WARNING - training_file - 跳过无法处理的分子对: [H][N-]C1O[C@]([H])(C([H])([H])[H])C(NO[H])C1([H])[H] -> [H]ONC1C([H])([H])[C@]23C([H])([H])[N@@H+](C2([H])[H])[C@@]13[H]
2025-10-13 09:52:40,334 - WARNING - training_console - 跳过无法处理的分子对: [H][N-]C1O[C@]([H])(C([H])([H])[H])C(NO[H])C1([H])[H] -> [H]ONC1C([H])([H])[C@]23C([H])([H])[N@@H+](C2([H])[H])[C@@]13[H]
2025-10-13 09:52:41,109 - WARNING - training_file - 跳过无法处理的分子对: [H]ONC1C([H])([H])[C@]2([H])C([H])([H])[C@@]1(C([H])([H])[H])C2([H])[H] -> [H]ONC1C([H])([H])[C@]23C([H])([H])[C@]([H])(C2([H])[H])[C@@]13[H]
2025-10-13 09:52:41,109 - WARNING - training_console - 跳过无法处理的分子对: [H]ONC1C([H])([H])[C@]2([H])C([H])([H])[C@@]1(C([H])([H])[H])C2([H])[H] -> [H]ONC1C([H])([H])[C@]23C([H])([H])[C@]([H])(C2([H])[H])[C@@]13[H]
2025-10-13 09:52:41,874 - WARNING - training_file - 跳过无法处理的分子对: [H]O/N=C(\C([H])([H])[H])C([H])([H])C1([H])C([H])([H])C([H])([H])C1([H])[H] -> [H]ONC1C([H])([H])[C@]23C([H])([H])[C@]([H])(C2([H])[H])[C@@]13[H]
2025-10-13 09:52:41,874 - WARNING - training_console - 跳过无法处理的分子对: [H]O/N=C(\C([H])([H])[H])C([H])([H])C1([H])C([H])([H])C([H])([H])C1([H])[H] -> [H]ONC1C([H])([H])[C@]23C([H])([H])[C@]([H])(C2([H])[H])[C@@]13[H]
2025-10-13 09:52:42,610 - WARNING - training_file - 跳过无法处理的分子对: [H]C#CC([H])([H])[C@]1([H])C([H])([H])[C@@H](NO[H])C1([H])[H] -> [H]ONC1C([H])([H])[C@]23C([H])([H])[C@]([H])(C2([H])[H])[C@@]13[H]
2025-10-13 09:52:42,610 - WARNING - training_console - 跳过无法处理的分子对: [H]C#CC([H])([H])[C@]1([H])C([H])([H])[C@@H](NO[H])C1([H])[H] -> [H]ONC1C([H])([H])[C@]23C([H])([H])[C@]([H])(C2([H])[H])[C@@]13[H]
2025-10-13 09:52:43,376 - WARNING - training_file - 跳过无法处理的分子对: [H]ON[C@H]1C([H])([H])[C@]([H])(C#CC([H])([H])[H])C1([H])[H] -> [H]ONC1C([H])([H])[C@]23C([H])([H])[C@]([H])(C2([H])[H])[C@@]13[H]
2025-10-13 09:52:43,376 - WARNING - training_console - 跳过无法处理的分子对: [H]ON[C@H]1C([H])([H])[C@]([H])(C#CC([H])([H])[H])C1([H])[H] -> [H]ONC1C([H])([H])[C@]23C([H])([H])[C@]([H])(C2([H])[H])[C@@]13[H]
2025-10-13 09:52:44,136 - WARNING - training_file - 跳过无法处理的分子对: [H]ON[C@H]1C([H])([H])[C@]([H])(C([H])([H])C([H])([H])C([H])([H])[H])C1([H])[H] -> [H]ONC1C([H])([H])[C@]23C([H])([H])[C@]([H])(C2([H])[H])[C@@]13[H]
2025-10-13 09:52:44,136 - WARNING - training_console - 跳过无法处理的分子对: [H]ON[C@H]1C([H])([H])[C@]([H])(C([H])([H])C([H])([H])C([H])([H])[H])C1([H])[H] -> [H]ONC1C([H])([H])[C@]23C([H])([H])[C@]([H])(C2([H])[H])[C@@]13[H]
2025-10-13 09:52:44,890 - WARNING - training_file - 跳过无法处理的分子对: [H]ONC1C([H])([H])C2(C1([H])[H])C([H])([H])C([H])([H])C2([H])[H] -> [H]ONC1C([H])([H])[C@]23C([H])([H])[C@]([H])(C2([H])[H])[C@@]13[H]
2025-10-13 09:52:44,890 - WARNING - training_console - 跳过无法处理的分子对: [H]ONC1C([H])([H])C2(C1([H])[H])C([H])([H])C([H])([H])C2([H])[H] -> [H]ONC1C([H])([H])[C@]23C([H])([H])[C@]([H])(C2([H])[H])[C@@]13[H]
2025-10-13 09:52:44,923 - INFO - training_file - 分子处理统计: 总数=60000, 命中=59967, 未命中=33, 命中率=99.94%
2025-10-13 09:52:44,923 - INFO - training_console - 分子处理统计: 总数=60000, 命中=59967, 未命中=33, 命中率=99.94%
2025-10-13 09:52:44,956 - INFO - training_file - --- 训练集样本示例 (头部数据) ---
2025-10-13 09:52:44,956 - INFO - training_console - --- 训练集样本示例 (头部数据) ---
2025-10-13 09:52:44,957 - INFO - training_file -   样本       起始节点数        起始边数         目标节点数        目标边数         边特征             目标属性值          
2025-10-13 09:52:44,957 - INFO - training_console -   样本       起始节点数        起始边数         目标节点数        目标边数         边特征             目标属性值          
2025-10-13 09:52:44,957 - INFO - training_file -   --------------------------------------------------------------------------------
2025-10-13 09:52:44,957 - INFO - training_console -   --------------------------------------------------------------------------------
2025-10-13 09:52:44,957 - INFO - training_file -   1        5            8            8            14           [1.0, 0.0, 0.   -1.320260      
2025-10-13 09:52:44,957 - INFO - training_console -   1        5            8            8            14           [1.0, 0.0, 0.   -1.320260      
2025-10-13 09:52:44,957 - INFO - training_file -   2        3            4            6            10           [1.0, 0.0, 0.   -0.409862      
2025-10-13 09:52:44,957 - INFO - training_console -   2        3            4            6            10           [1.0, 0.0, 0.   -0.409862      
2025-10-13 09:52:44,957 - INFO - training_file -   3        4            6            11           20           [1.0, 0.0, 0.   1.652884       
2025-10-13 09:52:44,957 - INFO - training_console -   3        4            6            11           20           [1.0, 0.0, 0.   1.652884       
2025-10-13 09:52:44,957 - INFO - training_file -   --------------------------------------------------------------------------------
2025-10-13 09:52:44,957 - INFO - training_console -   --------------------------------------------------------------------------------
2025-10-13 09:52:44,957 - INFO - training_file - 
数据构建完成:
2025-10-13 09:52:44,957 - INFO - training_console - 
数据构建完成:
2025-10-13 09:52:44,957 - INFO - training_file -   项目                   值                   
2025-10-13 09:52:44,958 - INFO - training_console -   项目                   值                   
2025-10-13 09:52:44,958 - INFO - training_file -   ----------------------------------------
2025-10-13 09:52:44,958 - INFO - training_console -   ----------------------------------------
2025-10-13 09:52:44,958 - INFO - training_file -   样本数                  29967               
2025-10-13 09:52:44,958 - INFO - training_console -   样本数                  29967               
2025-10-13 09:52:44,958 - INFO - training_file -   节点特征维度               11                  
2025-10-13 09:52:44,958 - INFO - training_console -   节点特征维度               11                  
2025-10-13 09:52:44,958 - INFO - training_file -   边特征维度                11                  
2025-10-13 09:52:44,958 - INFO - training_console -   边特征维度                11                  
2025-10-13 09:52:44,958 - INFO - training_file -   目标属性变化维度             1                   
2025-10-13 09:52:44,958 - INFO - training_console -   目标属性变化维度             1                   
2025-10-13 09:52:44,961 - INFO - training_file - 数据集划分完成:
2025-10-13 09:52:44,961 - INFO - training_console - 数据集划分完成:
2025-10-13 09:52:44,961 - INFO - training_file -   - 训练集: 23973 (80.0%)
2025-10-13 09:52:44,961 - INFO - training_console -   - 训练集: 23973 (80.0%)
2025-10-13 09:52:44,961 - INFO - training_file -   - 验证集: 2996 (10.0%)
2025-10-13 09:52:44,961 - INFO - training_console -   - 验证集: 2996 (10.0%)
2025-10-13 09:52:44,961 - INFO - training_file -   - 测试集: 2998 (10.0%)
2025-10-13 09:52:44,961 - INFO - training_console -   - 测试集: 2998 (10.0%)
2025-10-13 09:52:45,038 - INFO - training_file - 正在创建模型...
2025-10-13 09:52:45,038 - INFO - training_console - 正在创建模型...
2025-10-13 09:52:45,038 - INFO - training_file - 模型参数数量: 980993
2025-10-13 09:52:45,038 - INFO - training_console - 模型参数数量: 980993
2025-10-13 09:52:45,038 - INFO - training_file - 使用设备: cuda
2025-10-13 09:52:45,038 - INFO - training_console - 使用设备: cuda
2025-10-13 09:53:13,189 - INFO - training_file - Epoch [10/500], Train Loss: 0.321964, Val Loss: 0.302747, R²: 0.7857, MAE: 0.3027
2025-10-13 09:53:40,369 - INFO - training_file - Epoch [20/500], Train Loss: 0.303467, Val Loss: 0.274235, R²: 0.8212, MAE: 0.2742
2025-10-13 09:54:07,622 - INFO - training_file - Epoch [30/500], Train Loss: 0.273412, Val Loss: 0.253468, R²: 0.8466, MAE: 0.2535
2025-10-13 09:54:34,763 - INFO - training_file - Epoch [40/500], Train Loss: 0.251325, Val Loss: 0.283209, R²: 0.8258, MAE: 0.2832
2025-10-13 09:55:02,188 - INFO - training_file - Epoch [50/500], Train Loss: 0.257484, Val Loss: 0.232057, R²: 0.8716, MAE: 0.2321
2025-10-13 09:55:30,189 - INFO - training_file - Epoch [60/500], Train Loss: 0.223521, Val Loss: 0.219342, R²: 0.8818, MAE: 0.2193
2025-10-13 09:55:57,839 - INFO - training_file - Epoch [70/500], Train Loss: 0.213872, Val Loss: 0.220093, R²: 0.8825, MAE: 0.2201
2025-10-13 09:56:25,599 - INFO - training_file - Epoch [80/500], Train Loss: 0.206043, Val Loss: 0.204883, R²: 0.8929, MAE: 0.2049
2025-10-13 09:56:46,011 - INFO - training_file - Epoch [90/500], Train Loss: 0.201366, Val Loss: 0.199872, R²: 0.8970, MAE: 0.1999
2025-10-13 09:57:04,153 - INFO - training_file - 已保存checkpoint: /home/data2/rhj/project/mol_editor/mol_evo/../mol_evo/output/v0/gcn/train-20251013_095215-gap_change-30000-500/checkpoint_epoch_100.pth
2025-10-13 09:57:04,153 - INFO - training_console - 已保存checkpoint: /home/data2/rhj/project/mol_editor/mol_evo/../mol_evo/output/v0/gcn/train-20251013_095215-gap_change-30000-500/checkpoint_epoch_100.pth
2025-10-13 09:57:04,351 - INFO - training_file - Epoch [100/500], Train Loss: 0.193660, Val Loss: 0.201032, R²: 0.8997, MAE: 0.2010
2025-10-13 09:57:22,779 - INFO - training_file - Epoch [110/500], Train Loss: 0.189445, Val Loss: 0.190354, R²: 0.9065, MAE: 0.1904
2025-10-13 09:57:40,646 - INFO - training_file - Epoch [120/500], Train Loss: 0.189518, Val Loss: 0.184168, R²: 0.9106, MAE: 0.1842
2025-10-13 09:57:58,891 - INFO - training_file - Epoch [130/500], Train Loss: 0.178553, Val Loss: 0.199276, R²: 0.9038, MAE: 0.1993
2025-10-13 09:58:16,810 - INFO - training_file - Epoch [140/500], Train Loss: 0.181010, Val Loss: 0.169309, R²: 0.9174, MAE: 0.1693
2025-10-13 09:58:35,554 - INFO - training_file - Epoch [150/500], Train Loss: 0.150719, Val Loss: 0.158838, R²: 0.9233, MAE: 0.1588
2025-10-13 09:58:54,383 - INFO - training_file - Epoch [160/500], Train Loss: 0.152385, Val Loss: 0.165213, R²: 0.9201, MAE: 0.1652
2025-10-13 09:59:13,276 - INFO - training_file - Epoch [170/500], Train Loss: 0.138281, Val Loss: 0.150503, R²: 0.9253, MAE: 0.1505
2025-10-13 09:59:32,346 - INFO - training_file - Epoch [180/500], Train Loss: 0.135457, Val Loss: 0.149754, R²: 0.9255, MAE: 0.1498
2025-10-13 09:59:51,098 - INFO - training_file - Epoch [190/500], Train Loss: 0.132981, Val Loss: 0.147811, R²: 0.9267, MAE: 0.1478
2025-10-13 10:00:09,247 - INFO - training_file - 已保存checkpoint: /home/data2/rhj/project/mol_editor/mol_evo/../mol_evo/output/v0/gcn/train-20251013_095215-gap_change-30000-500/checkpoint_epoch_200.pth
2025-10-13 10:00:09,247 - INFO - training_console - 已保存checkpoint: /home/data2/rhj/project/mol_editor/mol_evo/../mol_evo/output/v0/gcn/train-20251013_095215-gap_change-30000-500/checkpoint_epoch_200.pth
2025-10-13 10:00:09,459 - INFO - training_file - Epoch [200/500], Train Loss: 0.131144, Val Loss: 0.145824, R²: 0.9278, MAE: 0.1458
2025-10-13 10:00:28,153 - INFO - training_file - Epoch [210/500], Train Loss: 0.127414, Val Loss: 0.143372, R²: 0.9278, MAE: 0.1434
2025-10-13 10:00:46,189 - INFO - training_file - Epoch [220/500], Train Loss: 0.124675, Val Loss: 0.143861, R²: 0.9286, MAE: 0.1439
2025-10-13 10:01:04,066 - INFO - training_file - Epoch [230/500], Train Loss: 0.122262, Val Loss: 0.140679, R²: 0.9289, MAE: 0.1407
2025-10-13 10:01:22,311 - INFO - training_file - Epoch [240/500], Train Loss: 0.121923, Val Loss: 0.138263, R²: 0.9298, MAE: 0.1383
2025-10-13 10:01:41,032 - INFO - training_file - Epoch [250/500], Train Loss: 0.119264, Val Loss: 0.138239, R²: 0.9303, MAE: 0.1382
2025-10-13 10:01:59,018 - INFO - training_file - Epoch [260/500], Train Loss: 0.118959, Val Loss: 0.139341, R²: 0.9304, MAE: 0.1393
2025-10-13 10:02:17,680 - INFO - training_file - Epoch [270/500], Train Loss: 0.116581, Val Loss: 0.135249, R²: 0.9311, MAE: 0.1352
2025-10-13 10:02:36,400 - INFO - training_file - Epoch [280/500], Train Loss: 0.115176, Val Loss: 0.135375, R²: 0.9314, MAE: 0.1354
2025-10-13 10:02:54,983 - INFO - training_file - Epoch [290/500], Train Loss: 0.109564, Val Loss: 0.132586, R²: 0.9321, MAE: 0.1326
2025-10-13 10:03:13,215 - INFO - training_file - 已保存checkpoint: /home/data2/rhj/project/mol_editor/mol_evo/../mol_evo/output/v0/gcn/train-20251013_095215-gap_change-30000-500/checkpoint_epoch_300.pth
2025-10-13 10:03:13,215 - INFO - training_console - 已保存checkpoint: /home/data2/rhj/project/mol_editor/mol_evo/../mol_evo/output/v0/gcn/train-20251013_095215-gap_change-30000-500/checkpoint_epoch_300.pth
2025-10-13 10:03:13,426 - INFO - training_file - Epoch [300/500], Train Loss: 0.108109, Val Loss: 0.131802, R²: 0.9325, MAE: 0.1318
2025-10-13 10:03:32,110 - INFO - training_file - Epoch [310/500], Train Loss: 0.106881, Val Loss: 0.131174, R²: 0.9334, MAE: 0.1312
2025-10-13 10:03:50,244 - INFO - training_file - Epoch [320/500], Train Loss: 0.105731, Val Loss: 0.131808, R²: 0.9332, MAE: 0.1318
2025-10-13 10:04:08,995 - INFO - training_file - Epoch [330/500], Train Loss: 0.104922, Val Loss: 0.129573, R²: 0.9336, MAE: 0.1296
2025-10-13 10:04:26,694 - INFO - training_file - Epoch [340/500], Train Loss: 0.103712, Val Loss: 0.129659, R²: 0.9338, MAE: 0.1297
2025-10-13 10:04:44,191 - INFO - training_file - Epoch [350/500], Train Loss: 0.103768, Val Loss: 0.129119, R²: 0.9340, MAE: 0.1291
2025-10-13 10:05:01,861 - INFO - training_file - Epoch [360/500], Train Loss: 0.101965, Val Loss: 0.127689, R²: 0.9347, MAE: 0.1277
2025-10-13 10:05:19,364 - INFO - training_file - Epoch [370/500], Train Loss: 0.101755, Val Loss: 0.128384, R²: 0.9344, MAE: 0.1284
2025-10-13 10:05:37,000 - INFO - training_file - Epoch [380/500], Train Loss: 0.098119, Val Loss: 0.126589, R²: 0.9347, MAE: 0.1266
2025-10-13 10:05:54,554 - INFO - training_file - Epoch [390/500], Train Loss: 0.097970, Val Loss: 0.127001, R²: 0.9347, MAE: 0.1270
2025-10-13 10:06:12,060 - INFO - training_file - 已保存checkpoint: /home/data2/rhj/project/mol_editor/mol_evo/../mol_evo/output/v0/gcn/train-20251013_095215-gap_change-30000-500/checkpoint_epoch_400.pth
2025-10-13 10:06:12,061 - INFO - training_console - 已保存checkpoint: /home/data2/rhj/project/mol_editor/mol_evo/../mol_evo/output/v0/gcn/train-20251013_095215-gap_change-30000-500/checkpoint_epoch_400.pth
2025-10-13 10:06:12,247 - INFO - training_file - Epoch [400/500], Train Loss: 0.097376, Val Loss: 0.126422, R²: 0.9348, MAE: 0.1264
2025-10-13 10:06:29,739 - INFO - training_file - Epoch [410/500], Train Loss: 0.096672, Val Loss: 0.126705, R²: 0.9347, MAE: 0.1267
2025-10-13 10:06:47,336 - INFO - training_file - Epoch [420/500], Train Loss: 0.096067, Val Loss: 0.126488, R²: 0.9351, MAE: 0.1265
2025-10-13 10:07:04,933 - INFO - training_file - Epoch [430/500], Train Loss: 0.095438, Val Loss: 0.126155, R²: 0.9349, MAE: 0.1262
2025-10-13 10:07:22,520 - INFO - training_file - Epoch [440/500], Train Loss: 0.093708, Val Loss: 0.125146, R²: 0.9353, MAE: 0.1251
2025-10-13 10:07:40,191 - INFO - training_file - Epoch [450/500], Train Loss: 0.093522, Val Loss: 0.125064, R²: 0.9353, MAE: 0.1251
2025-10-13 10:07:57,697 - INFO - training_file - Epoch [460/500], Train Loss: 0.092941, Val Loss: 0.124775, R²: 0.9355, MAE: 0.1248
2025-10-13 10:08:15,358 - INFO - training_file - Epoch [470/500], Train Loss: 0.092704, Val Loss: 0.124839, R²: 0.9355, MAE: 0.1248
2025-10-13 10:08:32,724 - INFO - training_file - Epoch [480/500], Train Loss: 0.092393, Val Loss: 0.124737, R²: 0.9354, MAE: 0.1247
2025-10-13 10:08:50,446 - INFO - training_file - Epoch [490/500], Train Loss: 0.091422, Val Loss: 0.124201, R²: 0.9357, MAE: 0.1242
2025-10-13 10:09:07,846 - INFO - training_file - 已保存checkpoint: /home/data2/rhj/project/mol_editor/mol_evo/../mol_evo/output/v0/gcn/train-20251013_095215-gap_change-30000-500/checkpoint_epoch_500.pth
2025-10-13 10:09:07,846 - INFO - training_console - 已保存checkpoint: /home/data2/rhj/project/mol_editor/mol_evo/../mol_evo/output/v0/gcn/train-20251013_095215-gap_change-30000-500/checkpoint_epoch_500.pth
2025-10-13 10:09:08,040 - INFO - training_file - Epoch [500/500], Train Loss: 0.091275, Val Loss: 0.124276, R²: 0.9356, MAE: 0.1243
2025-10-13 10:09:08,041 - INFO - training_file - 开始训练 (500 轮)...
2025-10-13 10:09:08,041 - INFO - training_console - 开始训练 (500 轮)...
2025-10-13 10:09:08,320 - INFO - training_file - Debug: 模型参数前10个值:
2025-10-13 10:09:08,320 - INFO - training_console - Debug: 模型参数前10个值:
2025-10-13 10:09:08,321 - INFO - training_file - Debug: 参数 from_molecule_extractor.gcn_layers.0.bias (shape: torch.Size([128])) => 前10个值: [-9.744759659575594e-14, -9.527206801251964e-10, -1.4943299351285848e-14, -1.7621958249947056e-05, -4.492079369811108e-06, -0.153043732047081, -4.93573752895273e-40, -0.004299311898648739, 4.9287590626003926e-40, -7.843932792184205e-08]
2025-10-13 10:09:08,321 - INFO - training_console - Debug: 参数 from_molecule_extractor.gcn_layers.0.bias (shape: torch.Size([128])) => 前10个值: [-9.744759659575594e-14, -9.527206801251964e-10, -1.4943299351285848e-14, -1.7621958249947056e-05, -4.492079369811108e-06, -0.153043732047081, -4.93573752895273e-40, -0.004299311898648739, 4.9287590626003926e-40, -7.843932792184205e-08]
2025-10-13 10:09:08,321 - INFO - training_file - Debug: 参数 from_molecule_extractor.gcn_layers.0.lin.weight (shape: torch.Size([128, 11])) => 前10个值: [-1.6791056516094843e-27, -1.6611723415610743e-34, -4.922649401295936e-40, -4.912588078322084e-40, 5.547432334599799e-40, -8.400525257457048e-05, 5.025070306053437e-40, -4.916567765960767e-40, 4.922691440249866e-40, -9.427250816667009e-26]
2025-10-13 10:09:08,321 - INFO - training_console - Debug: 参数 from_molecule_extractor.gcn_layers.0.lin.weight (shape: torch.Size([128, 11])) => 前10个值: [-1.6791056516094843e-27, -1.6611723415610743e-34, -4.922649401295936e-40, -4.912588078322084e-40, 5.547432334599799e-40, -8.400525257457048e-05, 5.025070306053437e-40, -4.916567765960767e-40, 4.922691440249866e-40, -9.427250816667009e-26]
2025-10-13 10:09:08,321 - INFO - training_file - Debug: 参数 from_molecule_extractor.gcn_layers.1.bias (shape: torch.Size([256])) => 前10个值: [-0.00017540469707455486, -0.0007556260097771883, -3.5466684494167566e-05, -4.900697780592595e-38, -3.631607370380152e-08, -9.684489792543367e-16, -4.3200242238724054e-14, 0.12438267469406128, -6.123436691041206e-08, -2.118830540385411e-39]
2025-10-13 10:09:08,321 - INFO - training_console - Debug: 参数 from_molecule_extractor.gcn_layers.1.bias (shape: torch.Size([256])) => 前10个值: [-0.00017540469707455486, -0.0007556260097771883, -3.5466684494167566e-05, -4.900697780592595e-38, -3.631607370380152e-08, -9.684489792543367e-16, -4.3200242238724054e-14, 0.12438267469406128, -6.123436691041206e-08, -2.118830540385411e-39]
2025-10-13 10:09:09,271 - INFO - training_file - 模型已保存至: /home/data2/rhj/project/mol_editor/mol_evo/../mol_evo/output/v0/gcn/train-20251013_095215-gap_change-30000-500/last.pth
2025-10-13 10:09:09,271 - INFO - training_console - 模型已保存至: /home/data2/rhj/project/mol_editor/mol_evo/../mol_evo/output/v0/gcn/train-20251013_095215-gap_change-30000-500/last.pth
2025-10-13 10:09:09,271 - INFO - training_file - 
2025-10-13 10:09:09,271 - INFO - training_console - 
2025-10-13 10:09:09,271 - INFO - training_file - ============================================================
2025-10-13 10:09:09,271 - INFO - training_console - ============================================================
2025-10-13 10:09:09,271 - INFO - training_file - 训练完成 - 最终评估结果
2025-10-13 10:09:09,271 - INFO - training_console - 训练完成 - 最终评估结果
2025-10-13 10:09:09,271 - INFO - training_file - ============================================================
2025-10-13 10:09:09,271 - INFO - training_console - ============================================================
2025-10-13 10:09:09,271 - INFO - training_file - 测试集损失: 0.128405
2025-10-13 10:09:09,271 - INFO - training_console - 测试集损失: 0.128405
2025-10-13 10:09:09,271 - INFO - training_file - RMSE: 0.252947
2025-10-13 10:09:09,271 - INFO - training_console - RMSE: 0.252947
2025-10-13 10:09:09,271 - INFO - training_file - MAE: 0.128405
2025-10-13 10:09:09,271 - INFO - training_console - MAE: 0.128405
2025-10-13 10:09:09,271 - INFO - training_file - R²: 0.933479
2025-10-13 10:09:09,271 - INFO - training_console - R²: 0.933479
2025-10-13 10:09:09,271 - INFO - training_file - 
2025-10-13 10:09:09,271 - INFO - training_console - 
2025-10-13 10:09:09,271 - INFO - training_file - 阈值准确率:
2025-10-13 10:09:09,271 - INFO - training_console - 阈值准确率:
2025-10-13 10:09:09,272 - INFO - training_file -   阈值 0.5: 94.10%
2025-10-13 10:09:09,272 - INFO - training_console -   阈值 0.5: 94.10%
2025-10-13 10:09:09,272 - INFO - training_file -   阈值 0.4: 92.43%
2025-10-13 10:09:09,272 - INFO - training_console -   阈值 0.4: 92.43%
2025-10-13 10:09:09,272 - INFO - training_file -   阈值 0.30000000000000004: 89.66%
2025-10-13 10:09:09,272 - INFO - training_console -   阈值 0.30000000000000004: 89.66%
2025-10-13 10:09:09,272 - INFO - training_file -   阈值 0.20000000000000004: 83.19%
2025-10-13 10:09:09,272 - INFO - training_console -   阈值 0.20000000000000004: 83.19%
2025-10-13 10:09:09,272 - INFO - training_file -   阈值 0.10000000000000003: 68.68%
2025-10-13 10:09:09,272 - INFO - training_console -   阈值 0.10000000000000003: 68.68%
2025-10-13 10:09:09,272 - INFO - training_file -   阈值 0.05000000000000002: 49.60%
2025-10-13 10:09:09,272 - INFO - training_console -   阈值 0.05000000000000002: 49.60%
2025-10-13 10:09:09,272 - INFO - training_file - 
2025-10-13 10:09:09,272 - INFO - training_console - 
2025-10-13 10:09:09,272 - INFO - training_file - 训练完成:
2025-10-13 10:09:09,272 - INFO - training_console - 训练完成:
2025-10-13 10:09:09,272 - INFO - training_file -   - 最终训练损失: 0.091275
2025-10-13 10:09:09,272 - INFO - training_console -   - 最终训练损失: 0.091275
2025-10-13 10:09:09,272 - INFO - training_file -   - 最佳验证损失: 0.124094
2025-10-13 10:09:09,272 - INFO - training_console -   - 最佳验证损失: 0.124094
2025-10-13 10:09:09,272 - INFO - training_file -   - 测试损失 (MSE): 0.128405
2025-10-13 10:09:09,272 - INFO - training_console -   - 测试损失 (MSE): 0.128405
2025-10-13 10:09:09,272 - INFO - training_file -   - 测试RMSE: 0.252947
2025-10-13 10:09:09,272 - INFO - training_console -   - 测试RMSE: 0.252947
2025-10-13 10:09:09,272 - INFO - training_file -   - 测试MAE: 0.128405
2025-10-13 10:09:09,272 - INFO - training_console -   - 测试MAE: 0.128405
2025-10-13 10:09:09,272 - INFO - training_file -   - 测试R²: 0.933479
2025-10-13 10:09:09,272 - INFO - training_console -   - 测试R²: 0.933479
2025-10-13 10:09:09,272 - INFO - training_file -   - 测试阈值准确率 (0.5): 0.9410
2025-10-13 10:09:09,272 - INFO - training_console -   - 测试阈值准确率 (0.5): 0.9410
2025-10-13 10:09:09,272 - INFO - training_file -   - 测试阈值准确率 (0.4): 0.9243
2025-10-13 10:09:09,273 - INFO - training_console -   - 测试阈值准确率 (0.4): 0.9243
2025-10-13 10:09:09,273 - INFO - training_file -   - 测试阈值准确率 (0.30000000000000004): 0.8966
2025-10-13 10:09:09,273 - INFO - training_console -   - 测试阈值准确率 (0.30000000000000004): 0.8966
2025-10-13 10:09:09,273 - INFO - training_file -   - 测试阈值准确率 (0.20000000000000004): 0.8319
2025-10-13 10:09:09,273 - INFO - training_console -   - 测试阈值准确率 (0.20000000000000004): 0.8319
2025-10-13 10:09:09,273 - INFO - training_file -   - 测试阈值准确率 (0.10000000000000003): 0.6868
2025-10-13 10:09:09,273 - INFO - training_console -   - 测试阈值准确率 (0.10000000000000003): 0.6868
2025-10-13 10:09:09,273 - INFO - training_file -   - 测试阈值准确率 (0.05000000000000002): 0.4960
2025-10-13 10:09:09,273 - INFO - training_console -   - 测试阈值准确率 (0.05000000000000002): 0.4960
2025-10-13 10:09:09,273 - INFO - training_file -   - 模型已保存到: /home/data2/rhj/project/mol_editor/mol_evo/../mol_evo/output/v0/gcn/train-20251013_095215-gap_change-30000-500/last.pth
2025-10-13 10:09:09,273 - INFO - training_console -   - 模型已保存到: /home/data2/rhj/project/mol_editor/mol_evo/../mol_evo/output/v0/gcn/train-20251013_095215-gap_change-30000-500/last.pth
