2025-10-08 04:33:55,019 - training - INFO - ============================================================
2025-10-08 04:33:55,019 - training - INFO - 基于NNConv的分子进化预测器模型训练开始
2025-10-08 04:33:55,019 - training - INFO - ============================================================
2025-10-08 04:33:55,019 - training - INFO - 数据文件: mol_evo/dataset/data/qm9-evo-pairs-step-1-with-properties.csv
2025-10-08 04:33:55,019 - training - INFO - 最大对数: 10000
2025-10-08 04:33:55,019 - training - INFO - 训练轮数: 500
2025-10-08 04:33:58,037 - training - INFO - 正在构建图数据: mol_evo/dataset/data/qm9-evo-pairs-step-1-with-properties.csv
2025-10-08 04:33:58,037 - training - INFO - 数据构建完成:
2025-10-08 04:33:58,038 - training - INFO -   - 节点数: 1113
2025-10-08 04:33:58,038 - training - INFO -   - 边数: 10000
2025-10-08 04:33:58,038 - training - INFO -   - 节点特征维度: 2048
2025-10-08 04:33:58,038 - training - INFO -   - 边特征维度: 11
2025-10-08 04:33:58,038 - training - INFO -   - 目标属性变化维度: 15
2025-10-08 04:33:58,039 - training - INFO - 数据集划分完成:
2025-10-08 04:33:58,039 - training - INFO -   - 训练集: 7000 (70.0%)
2025-10-08 04:33:58,039 - training - INFO -   - 验证集: 1000 (10.0%)
2025-10-08 04:33:58,040 - training - INFO -   - 测试集: 2000 (20.0%)
2025-10-08 04:33:58,127 - training - INFO - 正在创建模型...
2025-10-08 04:33:58,127 - training - INFO - 模型参数数量: 6791951
2025-10-08 04:33:58,127 - training - INFO - 开始训练 (500 轮)...
2025-10-08 04:33:59,184 - training - INFO - Epoch [10/500], Train Loss: 0.756408, Val Loss: 0.992466, R²: 0.1330, MAE: 0.6253
2025-10-08 04:33:59,659 - training - INFO - Epoch [20/500], Train Loss: 0.637548, Val Loss: 0.822203, R²: 0.2818, MAE: 0.5232
2025-10-08 04:34:00,136 - training - INFO - Epoch [30/500], Train Loss: 0.530981, Val Loss: 0.717049, R²: 0.3736, MAE: 0.4449
2025-10-08 04:34:00,610 - training - INFO - Epoch [40/500], Train Loss: 0.458925, Val Loss: 0.661952, R²: 0.4217, MAE: 0.4017
2025-10-08 04:34:01,088 - training - INFO - Epoch [50/500], Train Loss: 0.422500, Val Loss: 0.622176, R²: 0.4565, MAE: 0.3690
2025-10-08 04:34:01,564 - training - INFO - Epoch [60/500], Train Loss: 0.384035, Val Loss: 0.589302, R²: 0.4852, MAE: 0.3399
2025-10-08 04:34:02,041 - training - INFO - Epoch [70/500], Train Loss: 0.339983, Val Loss: 0.552990, R²: 0.5169, MAE: 0.3215
2025-10-08 04:34:02,520 - training - INFO - Epoch [80/500], Train Loss: 0.276148, Val Loss: 0.610824, R²: 0.4664, MAE: 0.3115
2025-10-08 04:34:02,999 - training - INFO - Epoch [90/500], Train Loss: 0.224520, Val Loss: 0.460954, R²: 0.5973, MAE: 0.2848
2025-10-08 04:34:03,480 - training - INFO - Epoch [100/500], Train Loss: 0.197186, Val Loss: 0.337176, R²: 0.7055, MAE: 0.2639
2025-10-08 04:34:03,956 - training - INFO - Epoch [110/500], Train Loss: 0.172361, Val Loss: 0.340464, R²: 0.7026, MAE: 0.2500
2025-10-08 04:34:04,434 - training - INFO - Epoch [120/500], Train Loss: 0.165753, Val Loss: 0.330175, R²: 0.7116, MAE: 0.2437
2025-10-08 04:34:04,912 - training - INFO - Epoch [130/500], Train Loss: 0.147974, Val Loss: 0.401418, R²: 0.6493, MAE: 0.2362
2025-10-08 04:34:05,390 - training - INFO - Epoch [140/500], Train Loss: 0.137400, Val Loss: 0.375021, R²: 0.6724, MAE: 0.2285
2025-10-08 04:34:05,868 - training - INFO - Epoch [150/500], Train Loss: 0.125723, Val Loss: 0.399933, R²: 0.6506, MAE: 0.2250
2025-10-08 04:34:06,345 - training - INFO - Epoch [160/500], Train Loss: 0.116189, Val Loss: 0.344917, R²: 0.6987, MAE: 0.2168
2025-10-08 04:34:06,821 - training - INFO - Epoch [170/500], Train Loss: 0.105150, Val Loss: 0.327183, R²: 0.7142, MAE: 0.2104
2025-10-08 04:34:07,299 - training - INFO - Epoch [180/500], Train Loss: 0.098760, Val Loss: 0.346481, R²: 0.6973, MAE: 0.2059
2025-10-08 04:34:07,776 - training - INFO - Epoch [190/500], Train Loss: 0.088219, Val Loss: 0.319801, R²: 0.7206, MAE: 0.1962
2025-10-08 04:34:08,257 - training - INFO - Epoch [200/500], Train Loss: 0.082008, Val Loss: 0.306856, R²: 0.7319, MAE: 0.1852
2025-10-08 04:34:08,733 - training - INFO - Epoch [210/500], Train Loss: 0.074510, Val Loss: 0.327981, R²: 0.7135, MAE: 0.1795
2025-10-08 04:34:09,213 - training - INFO - Epoch [220/500], Train Loss: 0.067795, Val Loss: 0.347462, R²: 0.6965, MAE: 0.1734
2025-10-08 04:34:09,689 - training - INFO - Epoch [230/500], Train Loss: 0.063793, Val Loss: 0.358021, R²: 0.6872, MAE: 0.1685
2025-10-08 04:34:10,168 - training - INFO - Epoch [240/500], Train Loss: 0.059768, Val Loss: 0.375443, R²: 0.6720, MAE: 0.1652
2025-10-08 04:34:10,646 - training - INFO - Epoch [250/500], Train Loss: 0.055260, Val Loss: 0.321521, R²: 0.7191, MAE: 0.1549
2025-10-08 04:34:11,118 - training - INFO - Epoch [260/500], Train Loss: 0.052540, Val Loss: 0.322395, R²: 0.7184, MAE: 0.1506
2025-10-08 04:34:11,590 - training - INFO - Epoch [270/500], Train Loss: 0.047642, Val Loss: 0.328621, R²: 0.7129, MAE: 0.1459
2025-10-08 04:34:12,063 - training - INFO - Epoch [280/500], Train Loss: 0.049920, Val Loss: 0.349258, R²: 0.6949, MAE: 0.1416
2025-10-08 04:34:12,534 - training - INFO - Epoch [290/500], Train Loss: 0.047260, Val Loss: 0.336289, R²: 0.7062, MAE: 0.1392
2025-10-08 04:34:13,006 - training - INFO - Epoch [300/500], Train Loss: 0.041079, Val Loss: 0.330635, R²: 0.7112, MAE: 0.1371
2025-10-08 04:34:13,477 - training - INFO - Epoch [310/500], Train Loss: 0.039243, Val Loss: 0.333743, R²: 0.7085, MAE: 0.1326
2025-10-08 04:34:13,950 - training - INFO - Epoch [320/500], Train Loss: 0.037683, Val Loss: 0.326067, R²: 0.7152, MAE: 0.1298
2025-10-08 04:34:14,422 - training - INFO - Epoch [330/500], Train Loss: 0.037530, Val Loss: 0.312046, R²: 0.7274, MAE: 0.1241
2025-10-08 04:34:14,895 - training - INFO - Epoch [340/500], Train Loss: 0.039059, Val Loss: 0.305257, R²: 0.7333, MAE: 0.1212
2025-10-08 04:34:15,367 - training - INFO - Epoch [350/500], Train Loss: 0.034688, Val Loss: 0.335817, R²: 0.7066, MAE: 0.1183
2025-10-08 04:34:15,839 - training - INFO - Epoch [360/500], Train Loss: 0.034055, Val Loss: 0.340674, R²: 0.7024, MAE: 0.1152
2025-10-08 04:34:16,310 - training - INFO - Epoch [370/500], Train Loss: 0.031737, Val Loss: 0.298568, R²: 0.7392, MAE: 0.1112
2025-10-08 04:34:16,783 - training - INFO - Epoch [380/500], Train Loss: 0.031076, Val Loss: 0.359601, R²: 0.6859, MAE: 0.1099
2025-10-08 04:34:17,255 - training - INFO - Epoch [390/500], Train Loss: 0.029394, Val Loss: 0.341499, R²: 0.7017, MAE: 0.1080
2025-10-08 04:34:17,727 - training - INFO - Epoch [400/500], Train Loss: 0.028519, Val Loss: 0.364731, R²: 0.6814, MAE: 0.1060
2025-10-08 04:34:18,199 - training - INFO - Epoch [410/500], Train Loss: 0.028356, Val Loss: 0.319372, R²: 0.7210, MAE: 0.1032
2025-10-08 04:34:18,671 - training - INFO - Epoch [420/500], Train Loss: 0.028778, Val Loss: 0.351702, R²: 0.6928, MAE: 0.1035
2025-10-08 04:34:19,143 - training - INFO - Epoch [430/500], Train Loss: 0.026401, Val Loss: 0.295887, R²: 0.7415, MAE: 0.0995
2025-10-08 04:34:19,615 - training - INFO - Epoch [440/500], Train Loss: 0.027850, Val Loss: 0.366355, R²: 0.6800, MAE: 0.1006
2025-10-08 04:34:20,088 - training - INFO - Epoch [450/500], Train Loss: 0.025653, Val Loss: 0.314836, R²: 0.7250, MAE: 0.0973
2025-10-08 04:34:20,561 - training - INFO - Epoch [460/500], Train Loss: 0.024293, Val Loss: 0.311830, R²: 0.7276, MAE: 0.0960
2025-10-08 04:34:21,033 - training - INFO - Epoch [470/500], Train Loss: 0.024940, Val Loss: 0.333907, R²: 0.7083, MAE: 0.0945
2025-10-08 04:34:21,505 - training - INFO - Epoch [480/500], Train Loss: 0.024185, Val Loss: 0.297976, R²: 0.7397, MAE: 0.0941
2025-10-08 04:34:21,979 - training - INFO - Epoch [490/500], Train Loss: 0.024720, Val Loss: 0.304627, R²: 0.7339, MAE: 0.0921
2025-10-08 04:34:22,451 - training - INFO - Epoch [500/500], Train Loss: 0.023896, Val Loss: 0.327248, R²: 0.7141, MAE: 0.0929
2025-10-08 04:34:22,467 - training - INFO - 原始尺度评估指标:
2025-10-08 04:34:22,467 - training - INFO -   - MSE: 1640.911294
2025-10-08 04:34:22,467 - training - INFO -   - RMSE: 40.508163
2025-10-08 04:34:22,467 - training - INFO -   - MAE: 12.493555
2025-10-08 04:34:22,467 - training - INFO - 各维度阈值准确率:
2025-10-08 04:34:22,467 - training - INFO - Threshold   A        B        C        mu       alpha    homo     lumo     gap      r2       zpve     U0       U        H        G        Cv       
2025-10-08 04:34:22,467 - training - INFO - ---------------------------------------------------------------------------------------------------------------------------------------------------
2025-10-08 04:34:22,467 - training - INFO - @0.400      0.9820   0.9910   0.9940   0.9670   0.9870   0.9655   0.9710   0.9790   0.9865   0.9755   0.9920   0.9925   0.9940   0.9925   0.9860   
2025-10-08 04:34:22,467 - training - INFO - @0.300      0.9730   0.9850   0.9875   0.9480   0.9625   0.9415   0.9570   0.9735   0.9705   0.9445   0.9880   0.9890   0.9880   0.9885   0.9540   
2025-10-08 04:34:22,467 - training - INFO - @0.200      0.9325   0.9585   0.9635   0.8905   0.9120   0.8880   0.9055   0.9435   0.9290   0.8420   0.9750   0.9765   0.9780   0.9775   0.8565   
2025-10-08 04:34:22,467 - training - INFO - @0.100      0.7500   0.8250   0.8335   0.6855   0.6990   0.6750   0.6740   0.7550   0.6970   0.5595   0.9050   0.9130   0.9130   0.9125   0.5710   
2025-10-08 04:34:22,467 - training - INFO - @0.050      0.4565   0.5815   0.5585   0.4190   0.4075   0.4090   0.3870   0.4780   0.3980   0.3085   0.6725   0.6805   0.6750   0.6790   0.3225   
2025-10-08 04:34:23,301 - training - INFO - 训练完成:
2025-10-08 04:34:23,301 - training - INFO -   - 最终训练损失: 0.023896
2025-10-08 04:34:23,301 - training - INFO -   - 最佳验证损失: 0.277979
2025-10-08 04:34:23,301 - training - INFO -   - 测试损失 (MSE): 0.120433
2025-10-08 04:34:23,302 - training - INFO -   - 测试RMSE: 0.347034
2025-10-08 04:34:23,302 - training - INFO -   - 测试MAE: 0.084115
2025-10-08 04:34:23,302 - training - INFO -   - 测试R²: 0.898161
2025-10-08 04:34:23,302 - training - INFO -   - 测试阈值准确率 (0.4, 所有维度): 0.9045
2025-10-08 04:34:23,302 - training - INFO -   - 测试阈值准确率 (0.4, 平均): 0.9837
2025-10-08 04:34:23,302 - training - INFO -   - 测试阈值准确率 (0.3, 所有维度): 0.8110
2025-10-08 04:34:23,302 - training - INFO -   - 测试阈值准确率 (0.3, 平均): 0.9700
2025-10-08 04:34:23,302 - training - INFO -   - 测试阈值准确率 (0.2, 所有维度): 0.5575
2025-10-08 04:34:23,302 - training - INFO -   - 测试阈值准确率 (0.2, 平均): 0.9286
2025-10-08 04:34:23,302 - training - INFO -   - 测试阈值准确率 (0.1, 所有维度): 0.0980
2025-10-08 04:34:23,302 - training - INFO -   - 测试阈值准确率 (0.1, 平均): 0.7579
2025-10-08 04:34:23,302 - training - INFO -   - 测试阈值准确率 (0.05, 所有维度): 0.0000
2025-10-08 04:34:23,302 - training - INFO -   - 测试阈值准确率 (0.05, 平均): 0.4955
2025-10-08 04:34:23,302 - training - INFO -   - 原始尺度MSE: 1640.911294
2025-10-08 04:34:23,302 - training - INFO -   - 原始尺度RMSE: 40.508163
2025-10-08 04:34:23,302 - training - INFO -   - 原始尺度MAE: 12.493555
2025-10-08 04:34:23,302 - training - INFO -   - 模型已保存到: /home/data2/rhj/project/mol_editor/mol_evo/../mol_evo/model-data/nnconv/training_20251008_043355/molecule_evolution_nnconv_predictor.pth
