2025-10-12 05:03:55,571 - INFO - training_file - ============================================================
2025-10-12 05:03:55,572 - INFO - training_console - ============================================================
2025-10-12 05:03:55,572 - INFO - training_file - 基于NNConv的分子进化预测器模型训练开始
2025-10-12 05:03:55,572 - INFO - training_console - 基于NNConv的分子进化预测器模型训练开始
2025-10-12 05:03:55,572 - INFO - training_file - ============================================================
2025-10-12 05:03:55,572 - INFO - training_console - ============================================================
2025-10-12 05:03:55,572 - INFO - training_file - 数据文件: mol_evo/dataset/data/qm9-evo-pairs-step-1-with-properties-pct.csv
2025-10-12 05:03:55,572 - INFO - training_console - 数据文件: mol_evo/dataset/data/qm9-evo-pairs-step-1-with-properties-pct.csv
2025-10-12 05:03:55,572 - INFO - training_file - 最大对数: 2000
2025-10-12 05:03:55,572 - INFO - training_console - 最大对数: 2000
2025-10-12 05:03:55,572 - INFO - training_file - 训练轮数: 50
2025-10-12 05:03:55,572 - INFO - training_console - 训练轮数: 50
2025-10-12 05:03:55,572 - INFO - training_file - 正在构建图数据: mol_evo/dataset/data/qm9-evo-pairs-step-1-with-properties-pct.csv
2025-10-12 05:03:55,572 - INFO - training_console - 正在构建图数据: mol_evo/dataset/data/qm9-evo-pairs-step-1-with-properties-pct.csv
2025-10-12 05:03:56,152 - INFO - training_file - 加载缓存文件: /home/data2/rhj/project/mol_editor/mol_evo/core/utils/../../.cache/molecule_graphs/training_dataset.pt，包含 1985 个分子
2025-10-12 05:03:56,152 - INFO - training_console - 加载缓存文件: /home/data2/rhj/project/mol_editor/mol_evo/core/utils/../../.cache/molecule_graphs/training_dataset.pt，包含 1985 个分子
2025-10-12 05:03:56,322 - INFO - training_file - 分子处理统计: 总数=4000, 命中=4000, 未命中=0, 命中率=100.00%
2025-10-12 05:03:56,322 - INFO - training_console - 分子处理统计: 总数=4000, 命中=4000, 未命中=0, 命中率=100.00%
2025-10-12 05:03:56,329 - INFO - training_file - 训练集样本示例 (头部数据):
2025-10-12 05:03:56,329 - INFO - training_console - 训练集样本示例 (头部数据):
2025-10-12 05:03:56,330 - INFO - training_file -   样本 1:
2025-10-12 05:03:56,330 - INFO - training_console -   样本 1:
2025-10-12 05:03:56,330 - INFO - training_file -     起始分子节点数: 5
2025-10-12 05:03:56,330 - INFO - training_console -     起始分子节点数: 5
2025-10-12 05:03:56,330 - INFO - training_file -     起始分子边数: 8
2025-10-12 05:03:56,330 - INFO - training_console -     起始分子边数: 8
2025-10-12 05:03:56,330 - INFO - training_file -     目标分子节点数: 8
2025-10-12 05:03:56,330 - INFO - training_console -     目标分子节点数: 8
2025-10-12 05:03:56,330 - INFO - training_file -     目标分子边数: 14
2025-10-12 05:03:56,330 - INFO - training_console -     目标分子边数: 14
2025-10-12 05:03:56,330 - INFO - training_file -     边特征: [1.0, 0.0, 0.0, 0.0, 0.0, 1.0, 0.0, 0.0, 0.0, 0.0, 0.0]
2025-10-12 05:03:56,330 - INFO - training_console -     边特征: [1.0, 0.0, 0.0, 0.0, 0.0, 1.0, 0.0, 0.0, 0.0, 0.0, 0.0]
2025-10-12 05:03:56,330 - INFO - training_file -     目标属性值: -0.9810923933982849
2025-10-12 05:03:56,330 - INFO - training_console -     目标属性值: -0.9810923933982849
2025-10-12 05:03:56,330 - INFO - training_file -   样本 2:
2025-10-12 05:03:56,330 - INFO - training_console -   样本 2:
2025-10-12 05:03:56,330 - INFO - training_file -     起始分子节点数: 3
2025-10-12 05:03:56,330 - INFO - training_console -     起始分子节点数: 3
2025-10-12 05:03:56,330 - INFO - training_file -     起始分子边数: 4
2025-10-12 05:03:56,330 - INFO - training_console -     起始分子边数: 4
2025-10-12 05:03:56,330 - INFO - training_file -     目标分子节点数: 6
2025-10-12 05:03:56,330 - INFO - training_console -     目标分子节点数: 6
2025-10-12 05:03:56,330 - INFO - training_file -     目标分子边数: 10
2025-10-12 05:03:56,330 - INFO - training_console -     目标分子边数: 10
2025-10-12 05:03:56,330 - INFO - training_file -     边特征: [1.0, 0.0, 0.0, 0.0, 0.0, 1.0, 0.0, 0.0, 0.0, 0.0, 0.0]
2025-10-12 05:03:56,330 - INFO - training_console -     边特征: [1.0, 0.0, 0.0, 0.0, 0.0, 1.0, 0.0, 0.0, 0.0, 0.0, 0.0]
2025-10-12 05:03:56,331 - INFO - training_file -     目标属性值: -0.6105915307998657
2025-10-12 05:03:56,331 - INFO - training_console -     目标属性值: -0.6105915307998657
2025-10-12 05:03:56,331 - INFO - training_file -   样本 3:
2025-10-12 05:03:56,331 - INFO - training_console -   样本 3:
2025-10-12 05:03:56,331 - INFO - training_file -     起始分子节点数: 4
2025-10-12 05:03:56,331 - INFO - training_console -     起始分子节点数: 4
2025-10-12 05:03:56,331 - INFO - training_file -     起始分子边数: 6
2025-10-12 05:03:56,331 - INFO - training_console -     起始分子边数: 6
2025-10-12 05:03:56,331 - INFO - training_file -     目标分子节点数: 11
2025-10-12 05:03:56,331 - INFO - training_console -     目标分子节点数: 11
2025-10-12 05:03:56,331 - INFO - training_file -     目标分子边数: 20
2025-10-12 05:03:56,331 - INFO - training_console -     目标分子边数: 20
2025-10-12 05:03:56,331 - INFO - training_file -     边特征: [1.0, 0.0, 0.0, 0.0, 0.0, 0.0, 1.0, 0.0, 0.0, 0.0, 0.0]
2025-10-12 05:03:56,331 - INFO - training_console -     边特征: [1.0, 0.0, 0.0, 0.0, 0.0, 0.0, 1.0, 0.0, 0.0, 0.0, 0.0]
2025-10-12 05:03:56,331 - INFO - training_file -     目标属性值: 0.8735067844390869
2025-10-12 05:03:56,331 - INFO - training_console -     目标属性值: 0.8735067844390869
2025-10-12 05:03:56,331 - INFO - training_file - 数据构建完成:
2025-10-12 05:03:56,331 - INFO - training_console - 数据构建完成:
2025-10-12 05:03:56,331 - INFO - training_file -   - 样本数: 2000
2025-10-12 05:03:56,331 - INFO - training_console -   - 样本数: 2000
2025-10-12 05:03:56,331 - INFO - training_file -   - 节点特征维度: 11
2025-10-12 05:03:56,331 - INFO - training_console -   - 节点特征维度: 11
2025-10-12 05:03:56,331 - INFO - training_file -   - 边特征维度: 11
2025-10-12 05:03:56,331 - INFO - training_console -   - 边特征维度: 11
2025-10-12 05:03:56,331 - INFO - training_file -   - 目标属性变化维度: 1
2025-10-12 05:03:56,331 - INFO - training_console -   - 目标属性变化维度: 1
2025-10-12 05:03:56,332 - INFO - training_file - 数据集划分完成:
2025-10-12 05:03:56,332 - INFO - training_console - 数据集划分完成:
2025-10-12 05:03:56,332 - INFO - training_file -   - 训练集: 1600 (80.0%)
2025-10-12 05:03:56,332 - INFO - training_console -   - 训练集: 1600 (80.0%)
2025-10-12 05:03:56,332 - INFO - training_file -   - 验证集: 200 (10.0%)
2025-10-12 05:03:56,332 - INFO - training_console -   - 验证集: 200 (10.0%)
2025-10-12 05:03:56,332 - INFO - training_file -   - 测试集: 200 (10.0%)
2025-10-12 05:03:56,332 - INFO - training_console -   - 测试集: 200 (10.0%)
2025-10-12 05:03:56,383 - INFO - training_file - 正在创建模型...
2025-10-12 05:03:56,383 - INFO - training_console - 正在创建模型...
2025-10-12 05:03:56,383 - INFO - training_file - 模型参数数量: 980993
2025-10-12 05:03:56,383 - INFO - training_console - 模型参数数量: 980993
2025-10-12 05:03:56,383 - INFO - training_file - 使用设备: cuda
2025-10-12 05:03:56,383 - INFO - training_console - 使用设备: cuda
2025-10-12 05:04:00,407 - INFO - training_file - Epoch [10/50], Train Loss: 0.639585, Val Loss: 0.658879, R²: -0.0050, MAE: 0.6589
2025-10-12 05:04:03,334 - INFO - training_file - Epoch [20/50], Train Loss: 0.630011, Val Loss: 0.554613, R²: 0.2009, MAE: 0.5546
2025-10-12 05:04:06,386 - INFO - training_file - Epoch [30/50], Train Loss: 0.524824, Val Loss: 0.467739, R²: 0.4758, MAE: 0.4677
2025-10-12 05:04:09,336 - INFO - training_file - Epoch [40/50], Train Loss: 0.350375, Val Loss: 0.372127, R²: 0.6276, MAE: 0.3721
2025-10-12 05:04:12,394 - INFO - training_file - Epoch [50/50], Train Loss: 0.293154, Val Loss: 0.340658, R²: 0.6572, MAE: 0.3407
2025-10-12 05:04:12,395 - INFO - training_file - 开始训练 (50 轮)...
2025-10-12 05:04:12,395 - INFO - training_console - 开始训练 (50 轮)...
2025-10-12 05:04:13,524 - INFO - training_file - ============================================================
2025-10-12 05:04:13,525 - INFO - training_console - ============================================================
2025-10-12 05:04:13,525 - INFO - training_file - 训练完成 - 最终评估结果
2025-10-12 05:04:13,525 - INFO - training_console - 训练完成 - 最终评估结果
2025-10-12 05:04:13,525 - INFO - training_file - ============================================================
2025-10-12 05:04:13,525 - INFO - training_console - ============================================================
2025-10-12 05:04:13,525 - INFO - training_file - 测试集损失: 0.286549
2025-10-12 05:04:13,525 - INFO - training_console - 测试集损失: 0.286549
2025-10-12 05:04:13,525 - INFO - training_file - RMSE: 0.436848
2025-10-12 05:04:13,525 - INFO - training_console - RMSE: 0.436848
2025-10-12 05:04:13,525 - INFO - training_file - MAE: 0.286549
2025-10-12 05:04:13,525 - INFO - training_console - MAE: 0.286549
2025-10-12 05:04:13,525 - INFO - training_file - R²: 0.794584
2025-10-12 05:04:13,525 - INFO - training_console - R²: 0.794584
2025-10-12 05:04:13,525 - INFO - training_file - 
2025-10-12 05:04:13,525 - INFO - training_console - 
2025-10-12 05:04:13,525 - INFO - training_file - 阈值准确率:
2025-10-12 05:04:13,525 - INFO - training_console - 阈值准确率:
2025-10-12 05:04:13,525 - INFO - training_file -   阈值 0.4: 77.00%
2025-10-12 05:04:13,525 - INFO - training_console -   阈值 0.4: 77.00%
2025-10-12 05:04:13,525 - INFO - training_file -   阈值 0.3: 71.00%
2025-10-12 05:04:13,525 - INFO - training_console -   阈值 0.3: 71.00%
2025-10-12 05:04:13,525 - INFO - training_file -   阈值 0.2: 53.50%
2025-10-12 05:04:13,525 - INFO - training_console -   阈值 0.2: 53.50%
2025-10-12 05:04:13,525 - INFO - training_file -   阈值 0.1: 32.50%
2025-10-12 05:04:13,526 - INFO - training_console -   阈值 0.1: 32.50%
2025-10-12 05:04:13,526 - INFO - training_file -   阈值 0.05: 15.50%
2025-10-12 05:04:13,526 - INFO - training_console -   阈值 0.05: 15.50%
2025-10-12 05:04:13,526 - INFO - training_file - 
2025-10-12 05:04:13,526 - INFO - training_console - 
2025-10-12 05:04:13,526 - INFO - training_file - 模型已保存至: /home/data2/rhj/project/mol_editor/mol_evo/../mol_evo/output/v0/gcn/train-gap_change_pct-2000-50-20251012_050355/molecule_evolution_gcn_v0_mu_predictor.pth
2025-10-12 05:04:13,526 - INFO - training_console - 模型已保存至: /home/data2/rhj/project/mol_editor/mol_evo/../mol_evo/output/v0/gcn/train-gap_change_pct-2000-50-20251012_050355/molecule_evolution_gcn_v0_mu_predictor.pth
2025-10-12 05:04:13,526 - INFO - training_file - 
2025-10-12 05:04:13,526 - INFO - training_console - 
2025-10-12 05:04:13,526 - INFO - training_file - 训练过程总结:
2025-10-12 05:04:13,526 - INFO - training_console - 训练过程总结:
2025-10-12 05:04:13,526 - INFO - training_file -   最佳训练损失: 0.293154
2025-10-12 05:04:13,526 - INFO - training_console -   最佳训练损失: 0.293154
2025-10-12 05:04:13,526 - INFO - training_file -   最佳验证损失: 0.337223
2025-10-12 05:04:13,526 - INFO - training_console -   最佳验证损失: 0.337223
2025-10-12 05:04:13,526 - INFO - training_file - 
2025-10-12 05:04:13,526 - INFO - training_console - 
2025-10-12 05:04:13,526 - INFO - training_file - 训练完成:
2025-10-12 05:04:13,526 - INFO - training_console - 训练完成:
2025-10-12 05:04:13,526 - INFO - training_file -   - 最终训练损失: 0.293154
2025-10-12 05:04:13,526 - INFO - training_console -   - 最终训练损失: 0.293154
2025-10-12 05:04:13,526 - INFO - training_file -   - 最佳验证损失: 0.337223
2025-10-12 05:04:13,526 - INFO - training_console -   - 最佳验证损失: 0.337223
2025-10-12 05:04:13,526 - INFO - training_file -   - 测试损失 (MSE): 0.286549
2025-10-12 05:04:13,526 - INFO - training_console -   - 测试损失 (MSE): 0.286549
2025-10-12 05:04:13,526 - INFO - training_file -   - 测试RMSE: 0.436848
2025-10-12 05:04:13,526 - INFO - training_console -   - 测试RMSE: 0.436848
2025-10-12 05:04:13,526 - INFO - training_file -   - 测试MAE: 0.286549
2025-10-12 05:04:13,526 - INFO - training_console -   - 测试MAE: 0.286549
2025-10-12 05:04:13,526 - INFO - training_file -   - 测试R²: 0.794584
2025-10-12 05:04:13,526 - INFO - training_console -   - 测试R²: 0.794584
2025-10-12 05:04:13,527 - INFO - training_file -   - 测试阈值准确率 (0.4): 0.7700
2025-10-12 05:04:13,527 - INFO - training_console -   - 测试阈值准确率 (0.4): 0.7700
2025-10-12 05:04:13,527 - INFO - training_file -   - 测试阈值准确率 (0.3): 0.7100
2025-10-12 05:04:13,527 - INFO - training_console -   - 测试阈值准确率 (0.3): 0.7100
2025-10-12 05:04:13,527 - INFO - training_file -   - 测试阈值准确率 (0.2): 0.5350
2025-10-12 05:04:13,527 - INFO - training_console -   - 测试阈值准确率 (0.2): 0.5350
2025-10-12 05:04:13,527 - INFO - training_file -   - 测试阈值准确率 (0.1): 0.3250
2025-10-12 05:04:13,527 - INFO - training_console -   - 测试阈值准确率 (0.1): 0.3250
2025-10-12 05:04:13,527 - INFO - training_file -   - 测试阈值准确率 (0.05): 0.1550
2025-10-12 05:04:13,527 - INFO - training_console -   - 测试阈值准确率 (0.05): 0.1550
2025-10-12 05:04:13,527 - INFO - training_file -   - 模型已保存到: /home/data2/rhj/project/mol_editor/mol_evo/../mol_evo/output/v0/gcn/train-gap_change_pct-2000-50-20251012_050355/molecule_evolution_gcn_v0_mu_predictor.pth
2025-10-12 05:04:13,527 - INFO - training_console -   - 模型已保存到: /home/data2/rhj/project/mol_editor/mol_evo/../mol_evo/output/v0/gcn/train-gap_change_pct-2000-50-20251012_050355/molecule_evolution_gcn_v0_mu_predictor.pth
