2025-11-02 12:06:03,050 - INFO - ============================================================
2025-11-02 12:06:03,051 - INFO - 数据文件: mol_evo/dataset/data/qm9-evo-pairs-step-1-with-properties-pct.csv
2025-11-02 12:06:03,051 - INFO - 最大对数: 30000
2025-11-02 12:06:03,051 - INFO - 训练轮数: 200
2025-11-02 12:06:03,051 - INFO - ============================================================
2025-11-02 12:06:03,051 - INFO - 正在构建图数据: mol_evo/dataset/data/qm9-evo-pairs-step-1-with-properties-pct.csv
2025-11-02 12:06:03,600 - INFO - 加载缓存文件: /home/data2/rhj/project/mol_editor/mol_evo/core/utils/../../.cache/molecule_graphs/csv_qm9-evo-pairs-step-1-with-properties-pct_3cbb45cc1ac9202d.pt，包含 1994 个分子
2025-11-02 12:06:07,636 - WARNING - 跳过第25871行分子对: [H]O/N=C(\C([H])([H])[H])C([H])([H])C(C([H])([H])[H])(C([H])([H])[H])C([H])([H])[H] -> [H]ONC1C([H])([H])[C@]23C([H])([H])[C@]([H])(C2([H])[H])[C@@]13[H] (数据为None)
2025-11-02 12:06:08,423 - WARNING - 跳过第25984行分子对: [H]O/N=C(/C([H])([H])C([H])([H])[H])C(C([H])([H])[H])(C([H])([H])[H])C([H])([H])[H] -> [H]ONC1C([H])([H])[C@]23C([H])([H])[C@]([H])(C2([H])[H])[C@@]13[H] (数据为None)
2025-11-02 12:06:09,370 - WARNING - 跳过第26175行分子对: [H]O/N=C(\C([H])([H])[H])C(C([H])([H])[H])(C([H])([H])[H])C([H])([H])C([H])([H])[H] -> [H]ONC1C([H])([H])[C@]23C([H])([H])[C@]([H])(C2([H])[H])[C@@]13[H] (数据为None)
2025-11-02 12:06:10,211 - WARNING - 跳过第26431行分子对: [H]O/N=C(\C([H])([H])[H])C([H])([H])C([H])([H])C([H])(C([H])([H])[H])C([H])([H])[H] -> [H]ONC1C([H])([H])[C@]23C([H])([H])[C@]([H])(C2([H])[H])[C@@]13[H] (数据为None)
2025-11-02 12:06:10,982 - WARNING - 跳过第26530行分子对: [H]ONC1C(C([H])([H])[H])(C([H])([H])[H])C([H])([H])[C@]1([H])C([H])([H])[H] -> [H]ONC1C([H])([H])[C@]23C([H])([H])[C@]([H])(C2([H])[H])[C@@]13[H] (数据为None)
2025-11-02 12:06:11,768 - WARNING - 跳过第26630行分子对: [H]ONC1C([H])=C([H])C(C([H])([H])[H])(C([H])([H])[H])C1([H])[H] -> [H]ONC1C([H])([H])[C@]23C([H])([H])[C@]([H])(C2([H])[H])[C@@]13[H] (数据为None)
2025-11-02 12:06:12,552 - WARNING - 跳过第26691行分子对: [H]ONC1C([H])([H])C([H])([H])C(C([H])([H])[H])(C([H])([H])[H])C1([H])[H] -> [H]ONC1C([H])([H])[C@]23C([H])([H])[C@]([H])(C2([H])[H])[C@@]13[H] (数据为None)
2025-11-02 12:06:13,356 - WARNING - 跳过第26895行分子对: [H]O/N=C(\C([H])([H])C([H])([H])[H])C([H])([H])C([H])(C([H])([H])[H])C([H])([H])[H] -> [H]ONC1C([H])([H])[C@]23C([H])([H])[C@]([H])(C2([H])[H])[C@@]13[H] (数据为None)
2025-11-02 12:06:14,154 - WARNING - 跳过第27044行分子对: [H]C#C[C@]1(C([H])([H])[H])C([H])([H])[C@@H](NO[H])C1([H])[H] -> [H]ONC1C([H])([H])[C@]23C([H])([H])[C@]([H])(C2([H])[H])[C@@]13[H] (数据为None)
2025-11-02 12:06:14,958 - WARNING - 跳过第27152行分子对: [H]ON[C@H]1C([H])([H])[C@](C([H])([H])[H])(C([H])([H])C([H])([H])[H])C1([H])[H] -> [H]ONC1C([H])([H])[C@]23C([H])([H])[C@]([H])(C2([H])[H])[C@@]13[H] (数据为None)
2025-11-02 12:06:15,736 - WARNING - 跳过第27266行分子对: [H]O/N=C(\C([H])([H])[H])C([H])([H])C1(C([H])([H])[H])C([H])([H])C1([H])[H] -> [H]ONC1C([H])([H])[C@]23C([H])([H])[C@]([H])(C2([H])[H])[C@@]13[H] (数据为None)
2025-11-02 12:06:16,572 - WARNING - 跳过第27714行分子对: [H]O/N=C(\C([H])([H])[H])C([H])([H])C([H])([H])C([H])([H])C([H])([H])C([H])([H])[H] -> [H]ONC1C([H])([H])[C@]23C([H])([H])[C@]([H])(C2([H])[H])[C@@]13[H] (数据为None)
2025-11-02 12:06:17,338 - WARNING - 跳过第27835行分子对: [H]ONC1C([H])([H])C([H])=C([H])C1(C([H])([H])[H])C([H])([H])[H] -> [H]ONC1C([H])([H])[C@]23C([H])([H])[C@]([H])(C2([H])[H])[C@@]13[H] (数据为None)
2025-11-02 12:06:18,112 - WARNING - 跳过第27878行分子对: [H]ONC1=C([H])[C-]([H])C([H])([H])C1(C([H])([H])[H])C([H])([H])[H] -> [H]ONC1C([H])([H])[C@]23C([H])([H])[C@]([H])(C2([H])[H])[C@@]13[H] (数据为None)
2025-11-02 12:06:18,864 - WARNING - 跳过第27924行分子对: [H]ONC1C([H])([H])C([H])([H])C([H])([H])C1(C([H])([H])[H])C([H])([H])[H] -> [H]ONC1C([H])([H])[C@]23C([H])([H])[C@]([H])(C2([H])[H])[C@@]13[H] (数据为None)
2025-11-02 12:06:19,668 - WARNING - 跳过第28107行分子对: [H]ON=C(C([H])([H])C([H])([H])C([H])([H])[H])C([H])([H])C([H])([H])C([H])([H])[H] -> [H]ONC1C([H])([H])[C@]23C([H])([H])[C@]([H])(C2([H])[H])[C@@]13[H] (数据为None)
2025-11-02 12:06:20,484 - WARNING - 跳过第28312行分子对: [H]O/N=C(/C([H])([H])C([H])([H])C([H])([H])[H])C([H])(C([H])([H])[H])C([H])([H])[H] -> [H]ONC1C([H])([H])[C@]23C([H])([H])[C@]([H])(C2([H])[H])[C@@]13[H] (数据为None)
2025-11-02 12:06:21,308 - WARNING - 跳过第28519行分子对: [H]ON=C(C([H])(C([H])([H])[H])C([H])([H])[H])C([H])(C([H])([H])[H])C([H])([H])[H] -> [H]ONC1C([H])([H])[C@]23C([H])([H])[C@]([H])(C2([H])[H])[C@@]13[H] (数据为None)
2025-11-02 12:06:22,114 - WARNING - 跳过第28649行分子对: [H]O/N=C(\C([H])([H])[H])C1(C([H])([H])[H])C([H])([H])C([H])([H])C1([H])[H] -> [H]ONC1C([H])([H])[C@]23C([H])([H])[C@]([H])(C2([H])[H])[C@@]13[H] (数据为None)
2025-11-02 12:06:22,919 - WARNING - 跳过第28853行分子对: [H]ON[C@H]1C([H])([H])[C@]([H])(C([H])(C([H])([H])[H])C([H])([H])[H])C1([H])[H] -> [H]ONC1C([H])([H])[C@]23C([H])([H])[C@]([H])(C2([H])[H])[C@@]13[H] (数据为None)
2025-11-02 12:06:23,680 - WARNING - 跳过第28960行分子对: [H]O/N=C(\C([H])([H])[H])[C@]1([H])C([H])([H])[C@@]([H])(C([H])([H])[H])C1([H])[H] -> [H]ONC1C([H])([H])[C@]23C([H])([H])[C@]([H])(C2([H])[H])[C@@]13[H] (数据为None)
2025-11-02 12:06:24,467 - WARNING - 跳过第29052行分子对: [H]ONC1C([H])=C(C([H])([H])[H])C([H])([H])C([H])([H])C1([H])[H] -> [H]ONC1C([H])([H])[C@]23C([H])([H])[C@]([H])(C2([H])[H])[C@@]13[H] (数据为None)
2025-11-02 12:06:25,232 - WARNING - 跳过第29115行分子对: [H]ONC1C([H])([H])C(C([H])([H])[H])=C([H])C([H])([H])C1([H])[H] -> [H]ONC1C([H])([H])[C@]23C([H])([H])[C@]([H])(C2([H])[H])[C@@]13[H] (数据为None)
2025-11-02 12:06:26,038 - WARNING - 跳过第29191行分子对: [H]ONC1C([H])([H])C([H])([H])C([H])([H])[C@]([H])(C([H])([H])[H])C1([H])[H] -> [H]ONC1C([H])([H])[C@]23C([H])([H])[C@]([H])(C2([H])[H])[C@@]13[H] (数据为None)
2025-11-02 12:06:26,816 - WARNING - 跳过第29259行分子对: [H]ONC1C([H])([H])C(C([H])([H])[H])=C(C([H])([H])[H])C1([H])[H] -> [H]ONC1C([H])([H])[C@]23C([H])([H])[C@]([H])(C2([H])[H])[C@@]13[H] (数据为None)
2025-11-02 12:06:27,606 - WARNING - 跳过第29362行分子对: [H]ONC1C([H])([H])C(C([H])([H])[H])=C([H])[C@]1([H])C([H])([H])[H] -> [H]ONC1C([H])([H])[C@]23C([H])([H])[C@]([H])(C2([H])[H])[C@@]13[H] (数据为None)
2025-11-02 12:06:28,124 - WARNING - 跳过第29437行分子对: [H][N-]C1O[C@]([H])(C([H])([H])[H])C(NO[H])C1([H])[H] -> [H]ONC1C([H])([H])[C@]23C([H])([H])[N@@H+](C2([H])[H])[C@@]13[H] (数据为None)
2025-11-02 12:06:28,917 - WARNING - 跳过第29554行分子对: [H]ONC1C([H])([H])[C@]2([H])C([H])([H])[C@@]1(C([H])([H])[H])C2([H])[H] -> [H]ONC1C([H])([H])[C@]23C([H])([H])[C@]([H])(C2([H])[H])[C@@]13[H] (数据为None)
2025-11-02 12:06:29,700 - WARNING - 跳过第29644行分子对: [H]O/N=C(\C([H])([H])[H])C([H])([H])C1([H])C([H])([H])C([H])([H])C1([H])[H] -> [H]ONC1C([H])([H])[C@]23C([H])([H])[C@]([H])(C2([H])[H])[C@@]13[H] (数据为None)
2025-11-02 12:06:30,454 - WARNING - 跳过第29737行分子对: [H]C#CC([H])([H])[C@]1([H])C([H])([H])[C@@H](NO[H])C1([H])[H] -> [H]ONC1C([H])([H])[C@]23C([H])([H])[C@]([H])(C2([H])[H])[C@@]13[H] (数据为None)
2025-11-02 12:06:31,238 - WARNING - 跳过第29820行分子对: [H]ON[C@H]1C([H])([H])[C@]([H])(C#CC([H])([H])[H])C1([H])[H] -> [H]ONC1C([H])([H])[C@]23C([H])([H])[C@]([H])(C2([H])[H])[C@@]13[H] (数据为None)
2025-11-02 12:06:32,007 - WARNING - 跳过第29860行分子对: [H]ON[C@H]1C([H])([H])[C@]([H])(C([H])([H])C([H])([H])C([H])([H])[H])C1([H])[H] -> [H]ONC1C([H])([H])[C@]23C([H])([H])[C@]([H])(C2([H])[H])[C@@]13[H] (数据为None)
2025-11-02 12:06:32,781 - WARNING - 跳过第29968行分子对: [H]ONC1C([H])([H])C2(C1([H])[H])C([H])([H])C([H])([H])C2([H])[H] -> [H]ONC1C([H])([H])[C@]23C([H])([H])[C@]([H])(C2([H])[H])[C@@]13[H] (数据为None)
2025-11-02 12:06:32,862 - INFO - 分子处理统计: 总数=60000, 命中=59967, 未命中=33, 命中率=99.94%
2025-11-02 12:06:32,923 - INFO - --- 训练集样本示例 (头部数据) ---
2025-11-02 12:06:32,923 - INFO -   样本       起始节点数        起始边数         目标节点数        目标边数         边特征             目标属性值          
2025-11-02 12:06:32,923 - INFO -   --------------------------------------------------------------------------------
2025-11-02 12:06:32,924 - INFO -   1        5            8            8            14           [1.0, 0.0, 0.   0.023518       
2025-11-02 12:06:32,924 - INFO -   2        3            4            6            10           [1.0, 0.0, 0.   -0.273184      
2025-11-02 12:06:32,924 - INFO -   3        4            6            11           20           [1.0, 0.0, 0.   0.077970       
2025-11-02 12:06:32,924 - INFO -   --------------------------------------------------------------------------------
2025-11-02 12:06:32,924 - INFO - 
数据构建完成:
2025-11-02 12:06:32,924 - INFO -   项目                   值                   
2025-11-02 12:06:32,924 - INFO -   ---------------------------------------- --------------------
2025-11-02 12:06:32,924 - INFO -   样本数                  29967               
2025-11-02 12:06:32,924 - INFO -   节点特征维度               11                  
2025-11-02 12:06:32,925 - INFO -   边特征维度                11                  
2025-11-02 12:06:32,925 - INFO -   目标属性变化维度             1                   
2025-11-02 12:06:32,930 - INFO - 数据集划分完成:
2025-11-02 12:06:32,930 - INFO -   - 训练集: 23973 (80.0%)
2025-11-02 12:06:32,930 - INFO -   - 验证集: 2996 (10.0%)
2025-11-02 12:06:32,930 - INFO -   - 测试集: 2998 (10.0%)
2025-11-02 12:06:32,968 - INFO - 正在创建模型...
2025-11-02 12:06:32,969 - INFO - 模型参数数量: 1227265
2025-11-02 12:06:32,969 - INFO - 使用设备: cuda
2025-11-02 12:06:33,225 - INFO - 开始训练 (200 轮)...
2025-11-02 12:06:53,692 - INFO - Epoch [10/200], Train Loss: 0.568911, Val Loss: 0.566084, R²: 0.3199, MAE: 0.5661
2025-11-02 12:07:13,363 - INFO - Epoch [20/200], Train Loss: 0.496307, Val Loss: 0.537133, R²: 0.3646, MAE: 0.5371
2025-11-02 12:07:33,508 - INFO - Epoch [30/200], Train Loss: 0.442293, Val Loss: 0.450093, R²: 0.4666, MAE: 0.4501
2025-11-02 12:07:53,485 - INFO - Epoch [40/200], Train Loss: 0.406015, Val Loss: 0.424413, R²: 0.5067, MAE: 0.4244
2025-11-02 12:08:13,174 - INFO - Epoch [50/200], Train Loss: 0.388464, Val Loss: 0.400543, R²: 0.5488, MAE: 0.4005
2025-11-02 12:08:32,847 - INFO - Epoch [60/200], Train Loss: 0.361080, Val Loss: 0.381441, R²: 0.5725, MAE: 0.3814
2025-11-02 12:08:53,263 - INFO - Epoch [70/200], Train Loss: 0.340918, Val Loss: 0.370539, R²: 0.5955, MAE: 0.3705
2025-11-02 12:09:13,088 - INFO - Epoch [80/200], Train Loss: 0.329096, Val Loss: 0.352944, R²: 0.6222, MAE: 0.3529
2025-11-02 12:09:33,064 - INFO - Epoch [90/200], Train Loss: 0.298952, Val Loss: 0.332846, R²: 0.6513, MAE: 0.3328
2025-11-02 12:09:52,596 - INFO - 已保存checkpoint: /home/data2/rhj/project/mol_editor/mol_evo/../mol_evo/output/v0/MoleculeEvolutionGCNLinearPredictorV01/train-20251102_120603-mu_change-30000-200/checkpoint_epoch_100.pth
2025-11-02 12:09:52,926 - INFO - Epoch [100/200], Train Loss: 0.283886, Val Loss: 0.329293, R²: 0.6451, MAE: 0.3293
2025-11-02 12:10:12,474 - INFO - Epoch [110/200], Train Loss: 0.266946, Val Loss: 0.311819, R²: 0.6781, MAE: 0.3118
2025-11-02 12:10:32,453 - INFO - Epoch [120/200], Train Loss: 0.258781, Val Loss: 0.309899, R²: 0.6828, MAE: 0.3099
2025-11-02 12:10:52,918 - INFO - Epoch [130/200], Train Loss: 0.249965, Val Loss: 0.306263, R²: 0.6845, MAE: 0.3063
2025-11-02 12:11:12,715 - INFO - Epoch [140/200], Train Loss: 0.244315, Val Loss: 0.303740, R²: 0.6872, MAE: 0.3037
2025-11-02 12:11:32,758 - INFO - Epoch [150/200], Train Loss: 0.242290, Val Loss: 0.303534, R²: 0.6889, MAE: 0.3035
2025-11-02 12:11:52,944 - INFO - Epoch [160/200], Train Loss: 0.239539, Val Loss: 0.302709, R²: 0.6885, MAE: 0.3027
2025-11-02 12:12:12,770 - INFO - Epoch [170/200], Train Loss: 0.238642, Val Loss: 0.302616, R²: 0.6887, MAE: 0.3026
2025-11-02 12:12:32,330 - INFO - Epoch [180/200], Train Loss: 0.238364, Val Loss: 0.302544, R²: 0.6887, MAE: 0.3025
2025-11-02 12:12:51,811 - INFO - Epoch [190/200], Train Loss: 0.238320, Val Loss: 0.302528, R²: 0.6887, MAE: 0.3025
2025-11-02 12:13:11,619 - INFO - 已保存checkpoint: /home/data2/rhj/project/mol_editor/mol_evo/../mol_evo/output/v0/MoleculeEvolutionGCNLinearPredictorV01/train-20251102_120603-mu_change-30000-200/checkpoint_epoch_200.pth
2025-11-02 12:13:11,806 - INFO - Epoch [200/200], Train Loss: 0.238300, Val Loss: 0.302517, R²: 0.6887, MAE: 0.3025
2025-11-02 12:13:11,807 - INFO - 开始训练 (200 轮)...
2025-11-02 12:13:12,965 - INFO - 模型已保存至: /home/data2/rhj/project/mol_editor/mol_evo/../mol_evo/output/v0/MoleculeEvolutionGCNLinearPredictorV01/train-20251102_120603-mu_change-30000-200/last.pth
2025-11-02 12:13:12,966 - INFO - 
2025-11-02 12:13:12,966 - INFO - ============================================================
2025-11-02 12:13:12,966 - INFO - 训练完成 - 最终评估结果
2025-11-02 12:13:12,966 - INFO - ============================================================
2025-11-02 12:13:12,966 - INFO - 测试集损失: 0.286190
2025-11-02 12:13:12,966 - INFO - RMSE: 0.526004
2025-11-02 12:13:12,966 - INFO - MAE: 0.286190
2025-11-02 12:13:12,966 - INFO - R²: 0.693772
2025-11-02 12:13:12,966 - INFO - PCC: 0.833740
2025-11-02 12:13:12,966 - INFO - Rank Loss: 0.472854
2025-11-02 12:13:12,966 - INFO - 
2025-11-02 12:13:12,966 - INFO - 阈值准确率:
2025-11-02 12:13:12,966 - INFO -   阈值 0.5: 82.09%
2025-11-02 12:13:12,966 - INFO -   阈值 0.4: 78.35%
2025-11-02 12:13:12,966 - INFO -   阈值 0.30000000000000004: 74.32%
2025-11-02 12:13:12,966 - INFO -   阈值 0.20000000000000004: 66.24%
2025-11-02 12:13:12,966 - INFO -   阈值 0.10000000000000003: 49.17%
2025-11-02 12:13:12,966 - INFO - 
2025-11-02 12:13:12,966 - INFO - 训练完成:
2025-11-02 12:13:12,966 - INFO -   - 最终训练损失: 0.238300
2025-11-02 12:13:12,967 - INFO -   - 最佳验证损失: 0.302513
2025-11-02 12:13:12,967 - INFO -   - 测试损失 (MSE): 0.286190
2025-11-02 12:13:12,967 - INFO -   - 测试RMSE: 0.526004
2025-11-02 12:13:12,967 - INFO -   - 测试MAE: 0.286190
2025-11-02 12:13:12,967 - INFO -   - 测试R²: 0.693772
2025-11-02 12:13:12,967 - INFO -   - 测试PCC: 0.833740
2025-11-02 12:13:12,967 - INFO -   - 测试Rank Loss: 0.472854
2025-11-02 12:13:12,967 - INFO -   - 测试阈值准确率 (0.5): 0.8209
2025-11-02 12:13:12,967 - INFO -   - 测试阈值准确率 (0.4): 0.7835
2025-11-02 12:13:12,967 - INFO -   - 测试阈值准确率 (0.30000000000000004): 0.7432
2025-11-02 12:13:12,967 - INFO -   - 测试阈值准确率 (0.20000000000000004): 0.6624
2025-11-02 12:13:12,967 - INFO -   - 测试阈值准确率 (0.10000000000000003): 0.4917
2025-11-02 12:13:12,967 - INFO -   - 模型已保存到: /home/data2/rhj/project/mol_editor/mol_evo/../mol_evo/output/v0/MoleculeEvolutionGCNLinearPredictorV01/train-20251102_120603-mu_change-30000-200/last.pth
2025-11-02 12:13:12,967 - INFO - 训练结果已保存到: /home/data2/rhj/project/mol_editor/mol_evo/../mol_evo/output/v0/MoleculeEvolutionGCNLinearPredictorV01/train-20251102_120603-mu_change-30000-200/training_results.json
2025-11-02 12:13:12,967 - INFO - 模型目录: /home/data2/rhj/project/mol_editor/mol_evo/../mol_evo/output/v0/MoleculeEvolutionGCNLinearPredictorV01/train-20251102_120603-mu_change-30000-200
