2025-11-10 20:17:47,778 - INFO - ============================================================
2025-11-10 20:17:47,778 - INFO - 数据文件: mol_evo/dataset/data/qm9-evo-pairs-step-1-v0.json
2025-11-10 20:17:47,778 - INFO - 最大对数: 50
2025-11-10 20:17:47,778 - INFO - 训练轮数: 20
2025-11-10 20:17:47,778 - INFO - ============================================================
2025-11-10 20:17:47,778 - INFO - 正在构建图数据: mol_evo/dataset/data/qm9-evo-pairs-step-1-v0.json
2025-11-10 20:17:47,784 - INFO - 加载缓存文件: /home/data2/rhj/project/mol_editor/mol_evo/core/utils/../../.cache/molecule_graphs/csv_qm9-evo-pairs-step-1-v0_93aa780606329e89.pt，包含 24 个分子
2025-11-10 20:17:47,816 - INFO - 分子处理统计: 总数=100, 命中=100, 未命中=0, 命中率=100.00%
2025-11-10 20:17:47,816 - INFO - --- 训练集样本示例 (头部数据) ---
2025-11-10 20:17:47,817 - INFO -   样本       起始节点数        起始边数         目标节点数        目标边数         边特征             目标属性值          
2025-11-10 20:17:47,817 - INFO -   --------------------------------------------------------------------------------
2025-11-10 20:17:47,817 - INFO -   1        5            8            4            6            [0.0, 1.0, 0.   0.000000       
2025-11-10 20:17:47,817 - INFO -   2        5            8            3            4            [0.0, 0.0, 1.   0.000000       
2025-11-10 20:17:47,817 - INFO -   3        4            6            5            8            [1.0, 0.0, 0.   0.000000       
2025-11-10 20:17:47,817 - INFO -   --------------------------------------------------------------------------------
2025-11-10 20:17:47,817 - INFO - 
数据构建完成:
2025-11-10 20:17:47,817 - INFO -   项目                   值                   
2025-11-10 20:17:47,817 - INFO -   ---------------------------------------- --------------------
2025-11-10 20:17:47,817 - INFO -   样本数                  50                  
2025-11-10 20:17:47,817 - INFO -   节点特征维度               11                  
2025-11-10 20:17:47,817 - INFO -   边特征维度                11                  
2025-11-10 20:17:47,817 - INFO -   目标属性变化维度             1                   
2025-11-10 20:17:47,818 - INFO - 数据集划分完成:
2025-11-10 20:17:47,818 - INFO -   - 训练集: 40 (80.0%)
2025-11-10 20:17:47,818 - INFO -   - 验证集: 5 (10.0%)
2025-11-10 20:17:47,818 - INFO -   - 测试集: 5 (10.0%)
2025-11-10 20:17:47,844 - INFO - 正在创建模型...
2025-11-10 20:17:47,845 - INFO - 模型参数数量: 2117249
2025-11-10 20:17:47,845 - INFO - 使用设备: cuda
2025-11-10 20:17:49,139 - INFO - 开始训练 (20 轮)...
2025-11-10 20:17:51,361 - INFO - Epoch [10/20], Train Loss: 0.104998, Val Loss: 0.061005, R²: 0.0000, MAE: 0.0610
2025-11-10 20:17:52,567 - INFO - Epoch [20/20], Train Loss: 0.005658, Val Loss: 0.006181, R²: 0.0000, MAE: 0.0062
2025-11-10 20:17:52,567 - INFO - 开始训练 (20 轮)...
2025-11-10 20:17:53,534 - INFO - 模型已保存至: /home/data2/rhj/project/mol_editor/mol_evo/../mol_evo/output/v0/MoleculeEvolutionGCNTransformerLinearPredictor/train-20251110_201747-mu_change-50-20/last.pth
2025-11-10 20:17:53,534 - INFO - 
2025-11-10 20:17:53,534 - INFO - ============================================================
2025-11-10 20:17:53,534 - INFO - 训练完成 - 最终评估结果
2025-11-10 20:17:53,534 - INFO - ============================================================
2025-11-10 20:17:53,535 - INFO - 测试集损失: 0.006097
2025-11-10 20:17:53,535 - INFO - RMSE: 0.006097
2025-11-10 20:17:53,535 - INFO - MAE: 0.006097
2025-11-10 20:17:53,535 - INFO - R²: 0.000000
2025-11-10 20:17:53,535 - INFO - PCC: 0.000000
2025-11-10 20:17:53,535 - INFO - Rank Loss: nan
2025-11-10 20:17:53,535 - INFO - 
2025-11-10 20:17:53,535 - INFO - 阈值准确率:
2025-11-10 20:17:53,535 - INFO -   阈值 0.5: 100.00%
2025-11-10 20:17:53,535 - INFO -   阈值 0.4: 100.00%
2025-11-10 20:17:53,535 - INFO -   阈值 0.30000000000000004: 100.00%
2025-11-10 20:17:53,535 - INFO -   阈值 0.20000000000000004: 100.00%
2025-11-10 20:17:53,535 - INFO -   阈值 0.10000000000000003: 100.00%
2025-11-10 20:17:53,535 - INFO -   阈值 0.05000000000000002: 100.00%
2025-11-10 20:17:53,535 - INFO -   阈值 0.040000000000000015: 100.00%
2025-11-10 20:17:53,535 - INFO -   阈值 0.030000000000000013: 100.00%
2025-11-10 20:17:53,535 - INFO -   阈值 0.02000000000000001: 100.00%
2025-11-10 20:17:53,535 - INFO -   阈值 0.01000000000000001: 100.00%
2025-11-10 20:17:53,535 - INFO -   阈值 0.005000000000000005: 0.00%
2025-11-10 20:17:53,535 - INFO - 
2025-11-10 20:17:53,535 - INFO - 训练完成:
2025-11-10 20:17:53,535 - INFO -   - 最终训练损失: 0.005658
2025-11-10 20:17:53,535 - INFO -   - 最佳验证损失: 0.004638
2025-11-10 20:17:53,536 - INFO -   - 测试损失 (MSE): 0.006097
2025-11-10 20:17:53,536 - INFO -   - 测试RMSE: 0.006097
2025-11-10 20:17:53,536 - INFO -   - 测试MAE: 0.006097
2025-11-10 20:17:53,536 - INFO -   - 测试R²: 0.000000
2025-11-10 20:17:53,536 - INFO -   - 测试PCC: 0.000000
2025-11-10 20:17:53,536 - INFO -   - 测试Rank Loss: nan
2025-11-10 20:17:53,536 - INFO -   - 测试阈值准确率 (0.5): 1.0000
2025-11-10 20:17:53,536 - INFO -   - 测试阈值准确率 (0.4): 1.0000
2025-11-10 20:17:53,536 - INFO -   - 测试阈值准确率 (0.30000000000000004): 1.0000
2025-11-10 20:17:53,536 - INFO -   - 测试阈值准确率 (0.20000000000000004): 1.0000
2025-11-10 20:17:53,536 - INFO -   - 测试阈值准确率 (0.10000000000000003): 1.0000
2025-11-10 20:17:53,536 - INFO -   - 测试阈值准确率 (0.05000000000000002): 1.0000
2025-11-10 20:17:53,536 - INFO -   - 测试阈值准确率 (0.040000000000000015): 1.0000
2025-11-10 20:17:53,536 - INFO -   - 测试阈值准确率 (0.030000000000000013): 1.0000
2025-11-10 20:17:53,536 - INFO -   - 测试阈值准确率 (0.02000000000000001): 1.0000
2025-11-10 20:17:53,536 - INFO -   - 测试阈值准确率 (0.01000000000000001): 1.0000
2025-11-10 20:17:53,536 - INFO -   - 测试阈值准确率 (0.005000000000000005): 0.0000
2025-11-10 20:17:53,536 - INFO -   - 模型已保存到: /home/data2/rhj/project/mol_editor/mol_evo/../mol_evo/output/v0/MoleculeEvolutionGCNTransformerLinearPredictor/train-20251110_201747-mu_change-50-20/last.pth
2025-11-10 20:17:53,536 - INFO - 训练结果已保存到: /home/data2/rhj/project/mol_editor/mol_evo/../mol_evo/output/v0/MoleculeEvolutionGCNTransformerLinearPredictor/train-20251110_201747-mu_change-50-20/training_results.json
2025-11-10 20:17:53,536 - INFO - 模型目录: /home/data2/rhj/project/mol_editor/mol_evo/../mol_evo/output/v0/MoleculeEvolutionGCNTransformerLinearPredictor/train-20251110_201747-mu_change-50-20
