2025-10-13 05:12:16,430 - INFO - training_file - 开始对测试集进行预测: /home/data2/rhj/project/mol_editor/mol_evo/dataset/data/qm9-evo-pairs-step-1-with-properties-pct.csv
2025-10-13 05:12:16,430 - INFO - training_console - 开始对测试集进行预测: /home/data2/rhj/project/mol_editor/mol_evo/dataset/data/qm9-evo-pairs-step-1-with-properties-pct.csv
2025-10-13 05:12:16,430 - INFO - training_file - 使用模型: /home/data2/rhj/project/mol_editor/mol_evo/output/v0/gcn/train-20251012_230612-mu_change-30000-500/molecule_evolution_gcn_v0_mu_predictor.pth
2025-10-13 05:12:16,430 - INFO - training_console - 使用模型: /home/data2/rhj/project/mol_editor/mol_evo/output/v0/gcn/train-20251012_230612-mu_change-30000-500/molecule_evolution_gcn_v0_mu_predictor.pth
2025-10-13 05:12:16,430 - INFO - training_file - 随机种子: 42
2025-10-13 05:12:16,430 - INFO - training_console - 随机种子: 42
2025-10-13 05:12:16,431 - INFO - training_file - 从训练数据中加载模型参数和属性统计信息
2025-10-13 05:12:16,431 - INFO - training_console - 从训练数据中加载模型参数和属性统计信息
2025-10-13 05:12:16,431 - INFO - training_file - 正在构建图数据: /home/data2/rhj/project/mol_editor/mol_evo/dataset/data/qm9-evo-pairs-step-1-with-properties-pct.csv
2025-10-13 05:12:16,431 - INFO - training_console - 正在构建图数据: /home/data2/rhj/project/mol_editor/mol_evo/dataset/data/qm9-evo-pairs-step-1-with-properties-pct.csv
2025-10-13 05:12:18,152 - INFO - training_file - 加载缓存文件: /home/data2/rhj/project/mol_editor/mol_evo/core/utils/../../.cache/molecule_graphs/csv_qm9-evo-pairs-step-1-with-properties-pct_3cbb45cc1ac9202d.pt，包含 1994 个分子
2025-10-13 05:12:18,152 - INFO - training_console - 加载缓存文件: /home/data2/rhj/project/mol_editor/mol_evo/core/utils/../../.cache/molecule_graphs/csv_qm9-evo-pairs-step-1-with-properties-pct_3cbb45cc1ac9202d.pt，包含 1994 个分子
2025-10-13 05:12:45,881 - INFO - training_file - 分子处理统计: 总数=60000, 命中=59967, 未命中=33, 命中率=99.94%
2025-10-13 05:12:45,884 - INFO - training_console - 分子处理统计: 总数=60000, 命中=59967, 未命中=33, 命中率=99.94%
2025-10-13 05:12:45,916 - INFO - training_file - 数据集划分完成 - 训练集: 23973, 验证集: 2996, 测试集: 2998
2025-10-13 05:12:45,916 - INFO - training_console - 数据集划分完成 - 训练集: 23973, 验证集: 2996, 测试集: 2998
2025-10-13 05:12:45,972 - INFO - training_file - 模型加载成功
2025-10-13 05:12:45,972 - INFO - training_console - 模型加载成功
2025-10-13 05:12:46,300 - INFO - training_file - 使用设备: cuda
2025-10-13 05:12:46,300 - INFO - training_console - 使用设备: cuda
2025-10-13 05:12:46,301 - INFO - training_file - 开始在测试集上进行预测和评估
2025-10-13 05:12:46,301 - INFO - training_console - 开始在测试集上进行预测和评估
2025-10-13 05:12:48,159 - INFO - training_file - ==================================================
2025-10-13 05:12:48,159 - INFO - training_console - ==================================================
2025-10-13 05:12:48,159 - INFO - training_file - 测试集预测结果摘要
2025-10-13 05:12:48,159 - INFO - training_console - 测试集预测结果摘要
2025-10-13 05:12:48,159 - INFO - training_file - ==================================================
2025-10-13 05:12:48,159 - INFO - training_console - ==================================================
2025-10-13 05:12:48,159 - INFO - training_file - 测试损失 (MAE): 0.200276
2025-10-13 05:12:48,159 - INFO - training_console - 测试损失 (MAE): 0.200276
2025-10-13 05:12:48,159 - INFO - training_file - RMSE: 0.409515
2025-10-13 05:12:48,159 - INFO - training_console - RMSE: 0.409515
2025-10-13 05:12:48,159 - INFO - training_file - MAE: 0.200276
2025-10-13 05:12:48,159 - INFO - training_console - MAE: 0.200276
2025-10-13 05:12:48,159 - INFO - training_file - R²: 0.816348
2025-10-13 05:12:48,159 - INFO - training_console - R²: 0.816348
2025-10-13 05:12:48,159 - INFO - training_file - ------------------------------
2025-10-13 05:12:48,159 - INFO - training_console - ------------------------------
2025-10-13 05:12:48,159 - INFO - training_file - 反标准化后的指标:
2025-10-13 05:12:48,159 - INFO - training_console - 反标准化后的指标:
2025-10-13 05:12:48,159 - INFO - training_file - RMSE: 0.448986
2025-10-13 05:12:48,159 - INFO - training_console - RMSE: 0.448986
2025-10-13 05:12:48,160 - INFO - training_file - MAE: 0.219580
2025-10-13 05:12:48,160 - INFO - training_console - MAE: 0.219580
2025-10-13 05:12:48,160 - INFO - training_file - R²: 0.816348
2025-10-13 05:12:48,160 - INFO - training_console - R²: 0.816348
2025-10-13 05:12:48,160 - INFO - training_file - ==================================================
2025-10-13 05:12:48,160 - INFO - training_console - ==================================================
2025-10-13 05:12:48,160 - INFO - training_file - 详细结果已保存到: /home/data2/rhj/project/mol_editor/mol_evo/../mol_evo/output/v0/predictions/prediction-20251013_051216/prediction_results.json
2025-10-13 05:12:48,160 - INFO - training_console - 详细结果已保存到: /home/data2/rhj/project/mol_editor/mol_evo/../mol_evo/output/v0/predictions/prediction-20251013_051216/prediction_results.json
