2025-10-08 00:28:48,516 - nnconv_training - INFO - ============================================================
2025-10-08 00:28:48,517 - nnconv_training - INFO - 基于NNConv的分子进化预测器模型训练开始
2025-10-08 00:28:48,517 - nnconv_training - INFO - ============================================================
2025-10-08 00:28:48,517 - nnconv_training - INFO - 数据文件: mol_evo/dataset/data/qm9-evo-pairs-step-1-with-properties.csv
2025-10-08 00:28:48,517 - nnconv_training - INFO - 最大对数: 10000
2025-10-08 00:28:48,517 - nnconv_training - INFO - 训练轮数: 300
2025-10-08 00:28:48,517 - nnconv_training - INFO - 正在构建图数据: mol_evo/dataset/data/qm9-evo-pairs-step-1-with-properties.csv
2025-10-08 00:28:51,664 - nnconv_training - INFO - 数据构建完成:
2025-10-08 00:28:51,664 - nnconv_training - INFO -   - 节点数: 1113
2025-10-08 00:28:51,664 - nnconv_training - INFO -   - 边数: 10000
2025-10-08 00:28:51,665 - nnconv_training - INFO -   - 节点特征维度: 2048
2025-10-08 00:28:51,665 - nnconv_training - INFO -   - 边特征维度: 11
2025-10-08 00:28:51,665 - nnconv_training - INFO -   - 目标属性变化维度: 15
2025-10-08 00:28:51,667 - nnconv_training - INFO - 数据集划分完成:
2025-10-08 00:28:51,667 - nnconv_training - INFO -   - 训练集: 7000 (70.0%)
2025-10-08 00:28:51,667 - nnconv_training - INFO -   - 验证集: 1000 (10.0%)
2025-10-08 00:28:51,667 - nnconv_training - INFO -   - 测试集: 2000 (20.0%)
2025-10-08 00:28:51,667 - nnconv_training - INFO - 正在创建模型...
2025-10-08 00:28:51,758 - nnconv_training - INFO - 模型参数数量: 6791951
2025-10-08 00:28:51,758 - nnconv_training - INFO - 开始训练 (300 轮)...
2025-10-08 00:28:51,758 - nnconv_training - INFO - 使用设备: cuda
2025-10-08 00:28:52,798 - nnconv_training - INFO - Epoch [10/300], Train Loss: 0.756408, Val Loss: 0.992468, R²: 0.1330, MAE: 0.6253
2025-10-08 00:28:53,267 - nnconv_training - INFO - Epoch [20/300], Train Loss: 0.637574, Val Loss: 0.822197, R²: 0.2818, MAE: 0.5232
2025-10-08 00:28:53,729 - nnconv_training - INFO - Epoch [30/300], Train Loss: 0.531027, Val Loss: 0.716945, R²: 0.3737, MAE: 0.4448
2025-10-08 00:28:54,192 - nnconv_training - INFO - Epoch [40/300], Train Loss: 0.458770, Val Loss: 0.661581, R²: 0.4221, MAE: 0.4015
2025-10-08 00:28:54,656 - nnconv_training - INFO - Epoch [50/300], Train Loss: 0.417639, Val Loss: 0.619205, R²: 0.4591, MAE: 0.3657
2025-10-08 00:28:55,119 - nnconv_training - INFO - Epoch [60/300], Train Loss: 0.382981, Val Loss: 0.587363, R²: 0.4869, MAE: 0.3416
2025-10-08 00:28:55,582 - nnconv_training - INFO - Epoch [70/300], Train Loss: 0.347646, Val Loss: 0.557945, R²: 0.5126, MAE: 0.3270
2025-10-08 00:28:56,046 - nnconv_training - INFO - Epoch [80/300], Train Loss: 0.270803, Val Loss: 0.587061, R²: 0.4872, MAE: 0.3085
2025-10-08 00:28:56,511 - nnconv_training - INFO - Epoch [90/300], Train Loss: 0.221569, Val Loss: 0.452183, R²: 0.6050, MAE: 0.2809
2025-10-08 00:28:56,976 - nnconv_training - INFO - Epoch [100/300], Train Loss: 0.194584, Val Loss: 0.310226, R²: 0.7290, MAE: 0.2600
2025-10-08 00:28:57,442 - nnconv_training - INFO - Epoch [110/300], Train Loss: 0.170687, Val Loss: 0.350335, R²: 0.6940, MAE: 0.2526
2025-10-08 00:28:57,908 - nnconv_training - INFO - Epoch [120/300], Train Loss: 0.160818, Val Loss: 0.343095, R²: 0.7003, MAE: 0.2407
2025-10-08 00:28:58,375 - nnconv_training - INFO - Epoch [130/300], Train Loss: 0.146356, Val Loss: 0.421746, R²: 0.6316, MAE: 0.2365
2025-10-08 00:28:58,843 - nnconv_training - INFO - Epoch [140/300], Train Loss: 0.140374, Val Loss: 0.389410, R²: 0.6598, MAE: 0.2301
2025-10-08 00:28:59,310 - nnconv_training - INFO - Epoch [150/300], Train Loss: 0.123086, Val Loss: 0.385651, R²: 0.6631, MAE: 0.2229
2025-10-08 00:28:59,776 - nnconv_training - INFO - Epoch [160/300], Train Loss: 0.116615, Val Loss: 0.337167, R²: 0.7055, MAE: 0.2188
2025-10-08 00:29:00,242 - nnconv_training - INFO - Epoch [170/300], Train Loss: 0.103957, Val Loss: 0.308016, R²: 0.7309, MAE: 0.2077
2025-10-08 00:29:00,709 - nnconv_training - INFO - Epoch [180/300], Train Loss: 0.096458, Val Loss: 0.346107, R²: 0.6977, MAE: 0.1982
2025-10-08 00:29:01,177 - nnconv_training - INFO - Epoch [190/300], Train Loss: 0.085860, Val Loss: 0.307398, R²: 0.7315, MAE: 0.1912
2025-10-08 00:29:01,643 - nnconv_training - INFO - Epoch [200/300], Train Loss: 0.084465, Val Loss: 0.295718, R²: 0.7417, MAE: 0.1847
2025-10-08 00:29:02,110 - nnconv_training - INFO - Epoch [210/300], Train Loss: 0.073714, Val Loss: 0.307074, R²: 0.7318, MAE: 0.1770
2025-10-08 00:29:02,578 - nnconv_training - INFO - Epoch [220/300], Train Loss: 0.070804, Val Loss: 0.365200, R²: 0.6810, MAE: 0.1819
2025-10-08 00:29:03,045 - nnconv_training - INFO - Epoch [230/300], Train Loss: 0.065841, Val Loss: 0.356644, R²: 0.6885, MAE: 0.1663
2025-10-08 00:29:03,513 - nnconv_training - INFO - Epoch [240/300], Train Loss: 0.059327, Val Loss: 0.356294, R²: 0.6888, MAE: 0.1635
2025-10-08 00:29:03,981 - nnconv_training - INFO - Epoch [250/300], Train Loss: 0.056322, Val Loss: 0.302017, R²: 0.7362, MAE: 0.1556
2025-10-08 00:29:04,449 - nnconv_training - INFO - Epoch [260/300], Train Loss: 0.051675, Val Loss: 0.321190, R²: 0.7194, MAE: 0.1524
2025-10-08 00:29:04,917 - nnconv_training - INFO - Epoch [270/300], Train Loss: 0.047146, Val Loss: 0.318977, R²: 0.7214, MAE: 0.1453
2025-10-08 00:29:05,385 - nnconv_training - INFO - Epoch [280/300], Train Loss: 0.050440, Val Loss: 0.343596, R²: 0.6998, MAE: 0.1434
2025-10-08 00:29:05,853 - nnconv_training - INFO - Epoch [290/300], Train Loss: 0.046363, Val Loss: 0.368898, R²: 0.6777, MAE: 0.1427
2025-10-08 00:29:06,322 - nnconv_training - INFO - Epoch [300/300], Train Loss: 0.042372, Val Loss: 0.364425, R²: 0.6817, MAE: 0.1416
2025-10-08 00:29:06,338 - nnconv_training - INFO - 原始尺度评估指标:
2025-10-08 00:29:06,338 - nnconv_training - INFO -   - MSE: 2398.626221
2025-10-08 00:29:06,338 - nnconv_training - INFO -   - RMSE: 48.975773
2025-10-08 00:29:06,339 - nnconv_training - INFO -   - MAE: 16.645517
2025-10-08 00:29:06,716 - nnconv_training - INFO - 训练完成:
2025-10-08 00:29:06,716 - nnconv_training - INFO -   - 最终训练损失: 0.042372
2025-10-08 00:29:06,716 - nnconv_training - INFO -   - 最佳验证损失: 0.274944
2025-10-08 00:29:06,716 - nnconv_training - INFO -   - 测试损失 (MSE): 0.136525
2025-10-08 00:29:06,716 - nnconv_training - INFO -   - 测试RMSE: 0.369493
2025-10-08 00:29:06,716 - nnconv_training - INFO -   - 测试MAE: 0.130827
2025-10-08 00:29:06,716 - nnconv_training - INFO -   - 测试R²: 0.884553
2025-10-08 00:29:06,716 - nnconv_training - INFO -   - 测试阈值准确率 (0.1, 所有维度): 0.0025
2025-10-08 00:29:06,716 - nnconv_training - INFO -   - 测试阈值准确率 (0.1, 平均): 0.5754
2025-10-08 00:29:06,716 - nnconv_training - INFO -   - 测试阈值准确率 (0.05, 所有维度): 0.0000
2025-10-08 00:29:06,716 - nnconv_training - INFO -   - 测试阈값准确率 (0.05, 平均): 0.3417
2025-10-08 00:29:06,716 - nnconv_training - INFO -   - 原始尺度MSE: 2398.626221
2025-10-08 00:29:06,716 - nnconv_training - INFO -   - 原始尺度RMSE: 48.975773
2025-10-08 00:29:06,717 - nnconv_training - INFO -   - 原始尺度MAE: 16.645517
2025-10-08 00:29:06,717 - nnconv_training - INFO -   - 模型已保存到: /home/data2/rhj/project/mol_editor/mol_evo/../mol_evo/model-data/training_20251008_002848/molecule_evolution_nnconv_predictor.pth
2025-10-08 00:29:06,717 - nnconv_training - INFO - 各维度阈值准确率详情:
2025-10-08 00:29:06,717 - nnconv_training - INFO -   阈值 @0.1:
2025-10-08 00:29:06,717 - nnconv_training - INFO -     A_change: 0.4915
2025-10-08 00:29:06,717 - nnconv_training - INFO -     B_change: 0.6895
2025-10-08 00:29:06,717 - nnconv_training - INFO -     C_change: 0.6940
2025-10-08 00:29:06,717 - nnconv_training - INFO -     mu_change: 0.3750
2025-10-08 00:29:06,717 - nnconv_training - INFO -     alpha_change: 0.5405
2025-10-08 00:29:06,717 - nnconv_training - INFO -     homo_change: 0.3480
2025-10-08 00:29:06,717 - nnconv_training - INFO -     lumo_change: 0.4090
2025-10-08 00:29:06,717 - nnconv_training - INFO -     gap_change: 0.5360
2025-10-08 00:29:06,717 - nnconv_training - INFO -     r2_change: 0.3975
2025-10-08 00:29:06,717 - nnconv_training - INFO -     zpve_change: 0.4230
2025-10-08 00:29:06,717 - nnconv_training - INFO -     U0_change: 0.8320
2025-10-08 00:29:06,717 - nnconv_training - INFO -     U_change: 0.8330
2025-10-08 00:29:06,717 - nnconv_training - INFO -     H_change: 0.8460
2025-10-08 00:29:06,717 - nnconv_training - INFO -     G_change: 0.8410
2025-10-08 00:29:06,717 - nnconv_training - INFO -     Cv_change: 0.3755
2025-10-08 00:29:06,717 - nnconv_training - INFO -   阈值 @0.05:
2025-10-08 00:29:06,717 - nnconv_training - INFO -     A_change: 0.2785
2025-10-08 00:29:06,717 - nnconv_training - INFO -     B_change: 0.4025
2025-10-08 00:29:06,717 - nnconv_training - INFO -     C_change: 0.4070
2025-10-08 00:29:06,717 - nnconv_training - INFO -     mu_change: 0.1930
2025-10-08 00:29:06,717 - nnconv_training - INFO -     alpha_change: 0.2915
2025-10-08 00:29:06,717 - nnconv_training - INFO -     homo_change: 0.1820
2025-10-08 00:29:06,717 - nnconv_training - INFO -     lumo_change: 0.2060
2025-10-08 00:29:06,718 - nnconv_training - INFO -     gap_change: 0.2755
2025-10-08 00:29:06,718 - nnconv_training - INFO -     r2_change: 0.2100
2025-10-08 00:29:06,718 - nnconv_training - INFO -     zpve_change: 0.2070
2025-10-08 00:29:06,718 - nnconv_training - INFO -     U0_change: 0.5695
2025-10-08 00:29:06,718 - nnconv_training - INFO -     U_change: 0.5585
2025-10-08 00:29:06,718 - nnconv_training - INFO -     H_change: 0.5785
2025-10-08 00:29:06,718 - nnconv_training - INFO -     G_change: 0.5800
2025-10-08 00:29:06,718 - nnconv_training - INFO -     Cv_change: 0.1855
