2025-10-08 00:35:07,617 - nnconv_training - INFO - ============================================================
2025-10-08 00:35:07,617 - nnconv_training - INFO - 基于NNConv的分子进化预测器模型训练开始
2025-10-08 00:35:07,617 - nnconv_training - INFO - ============================================================
2025-10-08 00:35:07,617 - nnconv_training - INFO - 数据文件: mol_evo/dataset/data/qm9-evo-pairs-step-1-with-properties.csv
2025-10-08 00:35:07,617 - nnconv_training - INFO - 最大对数: 20000
2025-10-08 00:35:07,617 - nnconv_training - INFO - 训练轮数: 1000
2025-10-08 00:35:07,617 - nnconv_training - INFO - 正在构建图数据: mol_evo/dataset/data/qm9-evo-pairs-step-1-with-properties.csv
2025-10-08 00:35:12,602 - nnconv_training - INFO - 数据构建完成:
2025-10-08 00:35:12,604 - nnconv_training - INFO -   - 节点数: 1377
2025-10-08 00:35:12,605 - nnconv_training - INFO -   - 边数: 20000
2025-10-08 00:35:12,605 - nnconv_training - INFO -   - 节点特征维度: 2048
2025-10-08 00:35:12,605 - nnconv_training - INFO -   - 边特征维度: 11
2025-10-08 00:35:12,605 - nnconv_training - INFO -   - 目标属性变化维度: 15
2025-10-08 00:35:12,607 - nnconv_training - INFO - 数据集划分完成:
2025-10-08 00:35:12,607 - nnconv_training - INFO -   - 训练集: 14000 (70.0%)
2025-10-08 00:35:12,607 - nnconv_training - INFO -   - 验证集: 2000 (10.0%)
2025-10-08 00:35:12,607 - nnconv_training - INFO -   - 测试集: 4000 (20.0%)
2025-10-08 00:35:12,608 - nnconv_training - INFO - 正在创建模型...
2025-10-08 00:35:12,705 - nnconv_training - INFO - 模型参数数量: 6791951
2025-10-08 00:35:12,705 - nnconv_training - INFO - 开始训练 (1000 轮)...
2025-10-08 00:35:12,705 - nnconv_training - INFO - 使用设备: cuda
2025-10-08 00:35:14,195 - nnconv_training - INFO - Epoch [10/1000], Train Loss: 0.804773, Val Loss: 1.037278, R²: 0.1523, MAE: 0.5912
2025-10-08 00:35:15,101 - nnconv_training - INFO - Epoch [20/1000], Train Loss: 0.648148, Val Loss: 0.873735, R²: 0.2860, MAE: 0.4893
2025-10-08 00:35:16,010 - nnconv_training - INFO - Epoch [30/1000], Train Loss: 0.576690, Val Loss: 0.796193, R²: 0.3493, MAE: 0.4345
2025-10-08 00:35:16,916 - nnconv_training - INFO - Epoch [40/1000], Train Loss: 0.526393, Val Loss: 0.749452, R²: 0.3875, MAE: 0.3927
2025-10-08 00:35:17,823 - nnconv_training - INFO - Epoch [50/1000], Train Loss: 0.493335, Val Loss: 0.718986, R²: 0.4124, MAE: 0.3672
2025-10-08 00:35:18,728 - nnconv_training - INFO - Epoch [60/1000], Train Loss: 0.470632, Val Loss: 0.699351, R²: 0.4285, MAE: 0.3544
2025-10-08 00:35:19,635 - nnconv_training - INFO - Epoch [70/1000], Train Loss: 0.438278, Val Loss: 0.661114, R²: 0.4597, MAE: 0.3328
2025-10-08 00:35:20,544 - nnconv_training - INFO - Epoch [80/1000], Train Loss: 0.421086, Val Loss: 0.618105, R²: 0.4949, MAE: 0.3279
2025-10-08 00:35:21,453 - nnconv_training - INFO - Epoch [90/1000], Train Loss: 0.353143, Val Loss: 0.531982, R²: 0.5652, MAE: 0.2904
2025-10-08 00:35:22,362 - nnconv_training - INFO - Epoch [100/1000], Train Loss: 0.278475, Val Loss: 0.328181, R²: 0.7318, MAE: 0.2712
2025-10-08 00:35:23,271 - nnconv_training - INFO - Epoch [110/1000], Train Loss: 0.218925, Val Loss: 0.304874, R²: 0.7508, MAE: 0.2664
2025-10-08 00:35:24,178 - nnconv_training - INFO - Epoch [120/1000], Train Loss: 0.179088, Val Loss: 0.232930, R²: 0.8096, MAE: 0.2545
2025-10-08 00:35:25,087 - nnconv_training - INFO - Epoch [130/1000], Train Loss: 0.163291, Val Loss: 0.203881, R²: 0.8334, MAE: 0.2429
2025-10-08 00:35:25,996 - nnconv_training - INFO - Epoch [140/1000], Train Loss: 0.151781, Val Loss: 0.211022, R²: 0.8275, MAE: 0.2327
2025-10-08 00:35:26,908 - nnconv_training - INFO - Epoch [150/1000], Train Loss: 0.142626, Val Loss: 0.183388, R²: 0.8501, MAE: 0.2277
2025-10-08 00:35:27,820 - nnconv_training - INFO - Epoch [160/1000], Train Loss: 0.137344, Val Loss: 0.180236, R²: 0.8527, MAE: 0.2222
2025-10-08 00:35:28,731 - nnconv_training - INFO - Epoch [170/1000], Train Loss: 0.127249, Val Loss: 0.181631, R²: 0.8516, MAE: 0.2131
2025-10-08 00:35:29,643 - nnconv_training - INFO - Epoch [180/1000], Train Loss: 0.114516, Val Loss: 0.185955, R²: 0.8480, MAE: 0.2031
2025-10-08 00:35:30,556 - nnconv_training - INFO - Epoch [190/1000], Train Loss: 0.111297, Val Loss: 0.138820, R²: 0.8866, MAE: 0.1953
2025-10-08 00:35:31,469 - nnconv_training - INFO - Epoch [200/1000], Train Loss: 0.093848, Val Loss: 0.114513, R²: 0.9064, MAE: 0.1836
2025-10-08 00:35:32,383 - nnconv_training - INFO - Epoch [210/1000], Train Loss: 0.091888, Val Loss: 0.139251, R²: 0.8862, MAE: 0.1779
2025-10-08 00:35:33,298 - nnconv_training - INFO - Epoch [220/1000], Train Loss: 0.082555, Val Loss: 0.109638, R²: 0.9104, MAE: 0.1700
2025-10-08 00:35:34,212 - nnconv_training - INFO - Epoch [230/1000], Train Loss: 0.079581, Val Loss: 0.092319, R²: 0.9246, MAE: 0.1657
2025-10-08 00:35:35,128 - nnconv_training - INFO - Epoch [240/1000], Train Loss: 0.075272, Val Loss: 0.103603, R²: 0.9153, MAE: 0.1594
2025-10-08 00:35:36,043 - nnconv_training - INFO - Epoch [250/1000], Train Loss: 0.066959, Val Loss: 0.104095, R²: 0.9149, MAE: 0.1552
2025-10-08 00:35:36,959 - nnconv_training - INFO - Epoch [260/1000], Train Loss: 0.060402, Val Loss: 0.104283, R²: 0.9148, MAE: 0.1465
2025-10-08 00:35:37,874 - nnconv_training - INFO - Epoch [270/1000], Train Loss: 0.059450, Val Loss: 0.079993, R²: 0.9346, MAE: 0.1411
2025-10-08 00:35:38,789 - nnconv_training - INFO - Epoch [280/1000], Train Loss: 0.060117, Val Loss: 0.068355, R²: 0.9441, MAE: 0.1383
2025-10-08 00:35:39,704 - nnconv_training - INFO - Epoch [290/1000], Train Loss: 0.054379, Val Loss: 0.059224, R²: 0.9516, MAE: 0.1327
2025-10-08 00:35:40,619 - nnconv_training - INFO - Epoch [300/1000], Train Loss: 0.050587, Val Loss: 0.071245, R²: 0.9418, MAE: 0.1309
2025-10-08 00:35:41,535 - nnconv_training - INFO - Epoch [310/1000], Train Loss: 0.049074, Val Loss: 0.063834, R²: 0.9478, MAE: 0.1267
2025-10-08 00:35:42,449 - nnconv_training - INFO - Epoch [320/1000], Train Loss: 0.045918, Val Loss: 0.072874, R²: 0.9404, MAE: 0.1226
2025-10-08 00:35:43,367 - nnconv_training - INFO - Epoch [330/1000], Train Loss: 0.043901, Val Loss: 0.061226, R²: 0.9500, MAE: 0.1183
2025-10-08 00:35:44,284 - nnconv_training - INFO - Epoch [340/1000], Train Loss: 0.041325, Val Loss: 0.058926, R²: 0.9518, MAE: 0.1149
2025-10-08 00:35:45,202 - nnconv_training - INFO - Epoch [350/1000], Train Loss: 0.041540, Val Loss: 0.062418, R²: 0.9490, MAE: 0.1151
2025-10-08 00:35:46,118 - nnconv_training - INFO - Epoch [360/1000], Train Loss: 0.039791, Val Loss: 0.063315, R²: 0.9483, MAE: 0.1140
2025-10-08 00:35:47,035 - nnconv_training - INFO - Epoch [370/1000], Train Loss: 0.041523, Val Loss: 0.068757, R²: 0.9438, MAE: 0.1115
2025-10-08 00:35:47,952 - nnconv_training - INFO - Epoch [380/1000], Train Loss: 0.042339, Val Loss: 0.060594, R²: 0.9505, MAE: 0.1092
2025-10-08 00:35:48,868 - nnconv_training - INFO - Epoch [390/1000], Train Loss: 0.039053, Val Loss: 0.078005, R²: 0.9363, MAE: 0.1070
2025-10-08 00:35:49,784 - nnconv_training - INFO - Epoch [400/1000], Train Loss: 0.038195, Val Loss: 0.059750, R²: 0.9512, MAE: 0.1052
2025-10-08 00:35:50,700 - nnconv_training - INFO - Epoch [410/1000], Train Loss: 0.036090, Val Loss: 0.050132, R²: 0.9590, MAE: 0.1042
2025-10-08 00:35:51,617 - nnconv_training - INFO - Epoch [420/1000], Train Loss: 0.038878, Val Loss: 0.051745, R²: 0.9577, MAE: 0.1021
2025-10-08 00:35:52,534 - nnconv_training - INFO - Epoch [430/1000], Train Loss: 0.032901, Val Loss: 0.065894, R²: 0.9461, MAE: 0.0997
2025-10-08 00:35:53,452 - nnconv_training - INFO - Epoch [440/1000], Train Loss: 0.033203, Val Loss: 0.067985, R²: 0.9444, MAE: 0.0960
2025-10-08 00:35:54,371 - nnconv_training - INFO - Epoch [450/1000], Train Loss: 0.037427, Val Loss: 0.073119, R²: 0.9402, MAE: 0.0951
2025-10-08 00:35:55,292 - nnconv_training - INFO - Epoch [460/1000], Train Loss: 0.032428, Val Loss: 0.034456, R²: 0.9718, MAE: 0.0927
2025-10-08 00:35:56,210 - nnconv_training - INFO - Epoch [470/1000], Train Loss: 0.028823, Val Loss: 0.058143, R²: 0.9525, MAE: 0.0909
2025-10-08 00:35:57,127 - nnconv_training - INFO - Epoch [480/1000], Train Loss: 0.028896, Val Loss: 0.056294, R²: 0.9540, MAE: 0.0888
2025-10-08 00:35:58,043 - nnconv_training - INFO - Epoch [490/1000], Train Loss: 0.026892, Val Loss: 0.031755, R²: 0.9740, MAE: 0.0833
2025-10-08 00:35:58,960 - nnconv_training - INFO - Epoch [500/1000], Train Loss: 0.027759, Val Loss: 0.036570, R²: 0.9701, MAE: 0.0872
2025-10-08 00:35:59,879 - nnconv_training - INFO - Epoch [510/1000], Train Loss: 0.025786, Val Loss: 0.049686, R²: 0.9594, MAE: 0.0814
2025-10-08 00:36:00,796 - nnconv_training - INFO - Epoch [520/1000], Train Loss: 0.026841, Val Loss: 0.068429, R²: 0.9441, MAE: 0.0799
2025-10-08 00:36:01,715 - nnconv_training - INFO - Epoch [530/1000], Train Loss: 0.028897, Val Loss: 0.036247, R²: 0.9704, MAE: 0.0805
2025-10-08 00:36:02,632 - nnconv_training - INFO - Epoch [540/1000], Train Loss: 0.026202, Val Loss: 0.044255, R²: 0.9638, MAE: 0.0767
2025-10-08 00:36:03,550 - nnconv_training - INFO - Epoch [550/1000], Train Loss: 0.030723, Val Loss: 0.031022, R²: 0.9746, MAE: 0.0757
2025-10-08 00:36:04,465 - nnconv_training - INFO - Epoch [560/1000], Train Loss: 0.022991, Val Loss: 0.028696, R²: 0.9765, MAE: 0.0766
2025-10-08 00:36:05,384 - nnconv_training - INFO - Epoch [570/1000], Train Loss: 0.023126, Val Loss: 0.024473, R²: 0.9800, MAE: 0.0746
2025-10-08 00:36:06,308 - nnconv_training - INFO - Epoch [580/1000], Train Loss: 0.024252, Val Loss: 0.022129, R²: 0.9819, MAE: 0.0750
2025-10-08 00:36:07,227 - nnconv_training - INFO - Epoch [590/1000], Train Loss: 0.023577, Val Loss: 0.034181, R²: 0.9721, MAE: 0.0745
2025-10-08 00:36:08,147 - nnconv_training - INFO - Epoch [600/1000], Train Loss: 0.031817, Val Loss: 0.029886, R²: 0.9756, MAE: 0.0748
2025-10-08 00:36:09,065 - nnconv_training - INFO - Epoch [610/1000], Train Loss: 0.026078, Val Loss: 0.046947, R²: 0.9616, MAE: 0.0735
2025-10-08 00:36:09,982 - nnconv_training - INFO - Epoch [620/1000], Train Loss: 0.021316, Val Loss: 0.028281, R²: 0.9769, MAE: 0.0720
2025-10-08 00:36:10,900 - nnconv_training - INFO - Epoch [630/1000], Train Loss: 0.024970, Val Loss: 0.033448, R²: 0.9727, MAE: 0.0711
2025-10-08 00:36:11,817 - nnconv_training - INFO - Epoch [640/1000], Train Loss: 0.020902, Val Loss: 0.027965, R²: 0.9771, MAE: 0.0702
2025-10-08 00:36:12,735 - nnconv_training - INFO - Epoch [650/1000], Train Loss: 0.022314, Val Loss: 0.027385, R²: 0.9776, MAE: 0.0704
2025-10-08 00:36:13,651 - nnconv_training - INFO - Epoch [660/1000], Train Loss: 0.021581, Val Loss: 0.033563, R²: 0.9726, MAE: 0.0688
2025-10-08 00:36:14,570 - nnconv_training - INFO - Epoch [670/1000], Train Loss: 0.020578, Val Loss: 0.030318, R²: 0.9752, MAE: 0.0666
2025-10-08 00:36:15,490 - nnconv_training - INFO - Epoch [680/1000], Train Loss: 0.023072, Val Loss: 0.031645, R²: 0.9741, MAE: 0.0675
2025-10-08 00:36:16,409 - nnconv_training - INFO - Epoch [690/1000], Train Loss: 0.021072, Val Loss: 0.036436, R²: 0.9702, MAE: 0.0681
2025-10-08 00:36:17,327 - nnconv_training - INFO - Epoch [700/1000], Train Loss: 0.021501, Val Loss: 0.054006, R²: 0.9559, MAE: 0.0688
2025-10-08 00:36:18,246 - nnconv_training - INFO - Epoch [710/1000], Train Loss: 0.019613, Val Loss: 0.051351, R²: 0.9580, MAE: 0.0664
2025-10-08 00:36:19,165 - nnconv_training - INFO - Epoch [720/1000], Train Loss: 0.018837, Val Loss: 0.045891, R²: 0.9625, MAE: 0.0654
2025-10-08 00:36:20,085 - nnconv_training - INFO - Epoch [730/1000], Train Loss: 0.020164, Val Loss: 0.024040, R²: 0.9804, MAE: 0.0675
2025-10-08 00:36:21,005 - nnconv_training - INFO - Epoch [740/1000], Train Loss: 0.018860, Val Loss: 0.043406, R²: 0.9645, MAE: 0.0647
2025-10-08 00:36:21,927 - nnconv_training - INFO - Epoch [750/1000], Train Loss: 0.023585, Val Loss: 0.030548, R²: 0.9750, MAE: 0.0643
2025-10-08 00:36:22,849 - nnconv_training - INFO - Epoch [760/1000], Train Loss: 0.019989, Val Loss: 0.030745, R²: 0.9749, MAE: 0.0647
2025-10-08 00:36:23,771 - nnconv_training - INFO - Epoch [770/1000], Train Loss: 0.018479, Val Loss: 0.040155, R²: 0.9672, MAE: 0.0653
2025-10-08 00:36:24,691 - nnconv_training - INFO - Epoch [780/1000], Train Loss: 0.021968, Val Loss: 0.031501, R²: 0.9743, MAE: 0.0635
2025-10-08 00:36:25,612 - nnconv_training - INFO - Epoch [790/1000], Train Loss: 0.019549, Val Loss: 0.050771, R²: 0.9585, MAE: 0.0641
2025-10-08 00:36:26,532 - nnconv_training - INFO - Epoch [800/1000], Train Loss: 0.018978, Val Loss: 0.033108, R²: 0.9729, MAE: 0.0670
2025-10-08 00:36:27,452 - nnconv_training - INFO - Epoch [810/1000], Train Loss: 0.019908, Val Loss: 0.032659, R²: 0.9733, MAE: 0.0635
2025-10-08 00:36:28,372 - nnconv_training - INFO - Epoch [820/1000], Train Loss: 0.017843, Val Loss: 0.025638, R²: 0.9790, MAE: 0.0614
2025-10-08 00:36:29,292 - nnconv_training - INFO - Epoch [830/1000], Train Loss: 0.018911, Val Loss: 0.041267, R²: 0.9663, MAE: 0.0623
2025-10-08 00:36:30,212 - nnconv_training - INFO - Epoch [840/1000], Train Loss: 0.017047, Val Loss: 0.047117, R²: 0.9615, MAE: 0.0607
2025-10-08 00:36:31,131 - nnconv_training - INFO - Epoch [850/1000], Train Loss: 0.019745, Val Loss: 0.038987, R²: 0.9681, MAE: 0.0608
2025-10-08 00:36:32,052 - nnconv_training - INFO - Epoch [860/1000], Train Loss: 0.017593, Val Loss: 0.033131, R²: 0.9729, MAE: 0.0611
2025-10-08 00:36:32,973 - nnconv_training - INFO - Epoch [870/1000], Train Loss: 0.017204, Val Loss: 0.045887, R²: 0.9625, MAE: 0.0592
2025-10-08 00:36:33,894 - nnconv_training - INFO - Epoch [880/1000], Train Loss: 0.017012, Val Loss: 0.028896, R²: 0.9764, MAE: 0.0601
2025-10-08 00:36:34,816 - nnconv_training - INFO - Epoch [890/1000], Train Loss: 0.017691, Val Loss: 0.028670, R²: 0.9766, MAE: 0.0606
2025-10-08 00:36:35,737 - nnconv_training - INFO - Epoch [900/1000], Train Loss: 0.016652, Val Loss: 0.051486, R²: 0.9579, MAE: 0.0604
2025-10-08 00:36:36,658 - nnconv_training - INFO - Epoch [910/1000], Train Loss: 0.017377, Val Loss: 0.042216, R²: 0.9655, MAE: 0.0602
2025-10-08 00:36:37,578 - nnconv_training - INFO - Epoch [920/1000], Train Loss: 0.018837, Val Loss: 0.026164, R²: 0.9786, MAE: 0.0582
2025-10-08 00:36:38,499 - nnconv_training - INFO - Epoch [930/1000], Train Loss: 0.017375, Val Loss: 0.035576, R²: 0.9709, MAE: 0.0580
2025-10-08 00:36:39,421 - nnconv_training - INFO - Epoch [940/1000], Train Loss: 0.017180, Val Loss: 0.021540, R²: 0.9824, MAE: 0.0606
2025-10-08 00:36:40,341 - nnconv_training - INFO - Epoch [950/1000], Train Loss: 0.017636, Val Loss: 0.027844, R²: 0.9772, MAE: 0.0592
2025-10-08 00:36:41,262 - nnconv_training - INFO - Epoch [960/1000], Train Loss: 0.017652, Val Loss: 0.046588, R²: 0.9619, MAE: 0.0586
2025-10-08 00:36:42,184 - nnconv_training - INFO - Epoch [970/1000], Train Loss: 0.015421, Val Loss: 0.061637, R²: 0.9496, MAE: 0.0568
2025-10-08 00:36:43,107 - nnconv_training - INFO - Epoch [980/1000], Train Loss: 0.017614, Val Loss: 0.027799, R²: 0.9773, MAE: 0.0563
2025-10-08 00:36:44,028 - nnconv_training - INFO - Epoch [990/1000], Train Loss: 0.015950, Val Loss: 0.033169, R²: 0.9729, MAE: 0.0579
2025-10-08 00:36:44,951 - nnconv_training - INFO - Epoch [1000/1000], Train Loss: 0.016625, Val Loss: 0.021678, R²: 0.9823, MAE: 0.0548
2025-10-08 00:36:44,980 - nnconv_training - INFO - 原始尺度评估指标:
2025-10-08 00:36:44,980 - nnconv_training - INFO -   - MSE: 9076.333008
2025-10-08 00:36:44,980 - nnconv_training - INFO -   - RMSE: 95.269791
2025-10-08 00:36:44,980 - nnconv_training - INFO -   - MAE: 22.075037
2025-10-08 00:36:45,374 - nnconv_training - INFO - 训练完成:
2025-10-08 00:36:45,374 - nnconv_training - INFO -   - 最终训练损失: 0.016625
2025-10-08 00:36:45,374 - nnconv_training - INFO -   - 最佳验证损失: 0.016959
2025-10-08 00:36:45,374 - nnconv_training - INFO -   - 测试损失 (MSE): 0.029205
2025-10-08 00:36:45,375 - nnconv_training - INFO -   - 测试RMSE: 0.170895
2025-10-08 00:36:45,375 - nnconv_training - INFO -   - 测试MAE: 0.055174
2025-10-08 00:36:45,375 - nnconv_training - INFO -   - 测试R²: 0.967674
2025-10-08 00:36:45,375 - nnconv_training - INFO -   - 测试阈值准确率 (0.1, 所有维度): 0.2888
2025-10-08 00:36:45,375 - nnconv_training - INFO -   - 测试阈值准确率 (0.1, 平均): 0.8738
2025-10-08 00:36:45,375 - nnconv_training - INFO -   - 测试阈值准确率 (0.05, 所有维度): 0.0130
2025-10-08 00:36:45,375 - nnconv_training - INFO -   - 测试阈값准确率 (0.05, 平均): 0.6345
2025-10-08 00:36:45,375 - nnconv_training - INFO -   - 原始尺度MSE: 9076.333008
2025-10-08 00:36:45,375 - nnconv_training - INFO -   - 原始尺度RMSE: 95.269791
2025-10-08 00:36:45,375 - nnconv_training - INFO -   - 原始尺度MAE: 22.075037
2025-10-08 00:36:45,375 - nnconv_training - INFO -   - 模型已保存到: /home/data2/rhj/project/mol_editor/mol_evo/../mol_evo/model-data/training_20251008_003507/molecule_evolution_nnconv_predictor.pth
2025-10-08 00:36:45,375 - nnconv_training - INFO - 各维度阈值准确率详情:
2025-10-08 00:36:45,375 - nnconv_training - INFO -   阈值 @0.1:
2025-10-08 00:36:45,375 - nnconv_training - INFO -     A_change: 0.9908
2025-10-08 00:36:45,375 - nnconv_training - INFO -     B_change: 0.8373
2025-10-08 00:36:45,375 - nnconv_training - INFO -     C_change: 0.8408
2025-10-08 00:36:45,375 - nnconv_training - INFO -     mu_change: 0.8570
2025-10-08 00:36:45,375 - nnconv_training - INFO -     alpha_change: 0.7223
2025-10-08 00:36:45,375 - nnconv_training - INFO -     homo_change: 0.8450
2025-10-08 00:36:45,375 - nnconv_training - INFO -     lumo_change: 0.8835
2025-10-08 00:36:45,375 - nnconv_training - INFO -     gap_change: 0.9090
2025-10-08 00:36:45,375 - nnconv_training - INFO -     r2_change: 0.8595
2025-10-08 00:36:45,375 - nnconv_training - INFO -     zpve_change: 0.7570
2025-10-08 00:36:45,375 - nnconv_training - INFO -     U0_change: 0.9438
2025-10-08 00:36:45,375 - nnconv_training - INFO -     U_change: 0.9473
2025-10-08 00:36:45,376 - nnconv_training - INFO -     H_change: 0.9470
2025-10-08 00:36:45,376 - nnconv_training - INFO -     G_change: 0.9468
2025-10-08 00:36:45,376 - nnconv_training - INFO -     Cv_change: 0.8205
2025-10-08 00:36:45,376 - nnconv_training - INFO -   阈值 @0.05:
2025-10-08 00:36:45,376 - nnconv_training - INFO -     A_change: 0.9210
2025-10-08 00:36:45,376 - nnconv_training - INFO -     B_change: 0.6058
2025-10-08 00:36:45,376 - nnconv_training - INFO -     C_change: 0.5803
2025-10-08 00:36:45,376 - nnconv_training - INFO -     mu_change: 0.5725
2025-10-08 00:36:45,376 - nnconv_training - INFO -     alpha_change: 0.4173
2025-10-08 00:36:45,376 - nnconv_training - INFO -     homo_change: 0.5470
2025-10-08 00:36:45,376 - nnconv_training - INFO -     lumo_change: 0.6168
2025-10-08 00:36:45,376 - nnconv_training - INFO -     gap_change: 0.6453
2025-10-08 00:36:45,376 - nnconv_training - INFO -     r2_change: 0.5680
2025-10-08 00:36:45,376 - nnconv_training - INFO -     zpve_change: 0.4690
2025-10-08 00:36:45,376 - nnconv_training - INFO -     U0_change: 0.7585
2025-10-08 00:36:45,376 - nnconv_training - INFO -     U_change: 0.7620
2025-10-08 00:36:45,376 - nnconv_training - INFO -     H_change: 0.7668
2025-10-08 00:36:45,376 - nnconv_training - INFO -     G_change: 0.7653
2025-10-08 00:36:45,376 - nnconv_training - INFO -     Cv_change: 0.5215
