2025-11-22 23:19:29,373 - INFO - ============================================================
2025-11-22 23:19:29,373 - INFO - 数据文件: /home/data2/rhj/project/mol_editor/mol_evo/dataset/data/qm9-evo-pairs-step-1-with-properties-pct.json
2025-11-22 23:19:29,373 - INFO - 最大对数: 12000
2025-11-22 23:19:29,373 - INFO - 训练轮数: 200
2025-11-22 23:19:29,373 - INFO - ============================================================
2025-11-22 23:19:29,374 - INFO - 模型配置已保存到: /home/data2/rhj/project/mol_editor/mol_evo/../mol_evo/output/v0/MoleculeEvolutionVisnetLinearPredictor/train-20251122_231929-lumo_change-12000-200/model_config.json
2025-11-22 23:19:29,374 - INFO - 正在构建图数据: /home/data2/rhj/project/mol_editor/mol_evo/dataset/data/qm9-evo-pairs-step-1-with-properties-pct.json
2025-11-22 23:19:33,099 - INFO - 加载缓存文件: /home/data2/rhj/project/mol_editor/mol_evo/core/utils/../../.cache/molecule_graphs/csv_qm9-evo-pairs-step-1-with-properties-pct_4bdaec6cf35b5151.pt，包含 2138 个分子
2025-11-22 23:19:35,248 - INFO - 分子处理统计: 总数=24000, 命中=24000, 未命中=0, 命中率=100.00%
2025-11-22 23:19:35,285 - INFO - --- 训练集样本示例 (头部数据) ---
2025-11-22 23:19:35,285 - INFO -   样本       起始节点数        起始边数         目标节点数        目标边数         边特征             目标属性值          
2025-11-22 23:19:35,285 - INFO -   --------------------------------------------------------------------------------
2025-11-22 23:19:35,285 - INFO -   DEBUG: 边特征维度 = 16
2025-11-22 23:19:35,285 - INFO -   DEBUG: 第一个样本的边特征值 = [0.0, 0.0, 1.0, 0.0, 0.0, 0.0, 0.0, 0.0, 0.0, 0.0, 0.0, 0.0, 0.0, 0.0, 0.0, 1.0]
2025-11-22 23:19:35,285 - INFO -   DEBUG: 原子类型数量 = 4, 操作类型数量 = 12
2025-11-22 23:19:35,285 - INFO -   DEBUG: 边特征总长度 = 16
2025-11-22 23:19:35,285 - INFO -   DEBUG: 原子类型one-hot编码 = [0.0, 0.0, 1.0, 0.0]
2025-11-22 23:19:35,285 - INFO -   DEBUG: 操作类型one-hot编码 = [0.0, 0.0, 0.0, 0.0, 0.0, 0.0, 0.0, 0.0, 0.0, 0.0, 0.0, 1.0]
2025-11-22 23:19:35,286 - INFO -   DEBUG: 原子类型列表 = ['C', 'F', 'N', 'O']
2025-11-22 23:19:35,286 - INFO -   DEBUG: 操作类型列表 = ['add_atom', 'add_stereo', 'form_double_bond', 'form_double_ring', 'form_ring', 'form_triple_bond', 'remove_add_stereo', 'remove_form_double_bond', 'remove_form_double_ring', 'remove_form_ring', 'remove_form_triple_bond', 'replace_atom']
2025-11-22 23:19:35,286 - INFO -   1        5            8            4            6            [0.0, 0.0, 1.   -0.812335      
2025-11-22 23:19:35,286 - INFO -   2        5            8            3            4            [0.0, 0.0, 0.   -1.152787      
2025-11-22 23:19:35,286 - INFO -   3        4            6            5            8            [1.0, 0.0, 0.   0.827593       
2025-11-22 23:19:35,286 - INFO -   --------------------------------------------------------------------------------
2025-11-22 23:19:35,286 - INFO - 
数据构建完成:
2025-11-22 23:19:35,286 - INFO -   项目                   值                   
2025-11-22 23:19:35,286 - INFO -   ---------------------------------------- --------------------
2025-11-22 23:19:35,286 - INFO -   样本数                  12000               
2025-11-22 23:19:35,286 - INFO -   节点特征维度               11                  
2025-11-22 23:19:35,286 - INFO -   边特征维度                16                  
2025-11-22 23:19:35,286 - INFO -   目标属性变化维度             1                   
2025-11-22 23:19:35,287 - INFO - 数据集划分完成:
2025-11-22 23:19:35,287 - INFO -   - 训练集: 9600 (80.0%)
2025-11-22 23:19:35,287 - INFO -   - 验证集: 1200 (10.0%)
2025-11-22 23:19:35,287 - INFO -   - 测试集: 1200 (10.0%)
2025-11-22 23:19:35,296 - INFO - 数据集索引已保存到: /home/data2/rhj/project/mol_editor/mol_evo/dataset/data/dataset_indices/indices_20251122_231935_seed42.json
2025-11-22 23:19:35,351 - INFO - 更新模型边特征维度: 11 -> 16
2025-11-22 23:19:35,446 - INFO - 正在创建模型...
2025-11-22 23:19:35,447 - INFO - 模型参数数量: 4451725
2025-11-22 23:19:35,447 - INFO - 使用设备: cuda
2025-11-22 23:19:37,541 - INFO - 开始训练 (200 轮)...
2025-11-22 23:21:46,323 - INFO - Epoch [10/200], Train Loss: 0.302856, Val Loss: 0.297305, R²: 0.8265, MAE: 0.2973
2025-11-22 23:23:45,743 - INFO - Epoch [20/200], Train Loss: 0.203901, Val Loss: 0.183662, R²: 0.9207, MAE: 0.1837
2025-11-22 23:25:47,390 - INFO - Epoch [30/200], Train Loss: 0.156763, Val Loss: 0.151259, R²: 0.9466, MAE: 0.1513
2025-11-22 23:27:52,707 - INFO - Epoch [40/200], Train Loss: 0.129637, Val Loss: 0.142710, R²: 0.9565, MAE: 0.1427
2025-11-22 23:29:53,484 - INFO - Epoch [50/200], Train Loss: 0.113618, Val Loss: 0.108623, R²: 0.9712, MAE: 0.1086
2025-11-22 23:31:51,355 - INFO - Epoch [60/200], Train Loss: 0.056619, Val Loss: 0.073514, R²: 0.9764, MAE: 0.0735
2025-11-22 23:33:48,437 - INFO - Epoch [70/200], Train Loss: 0.045572, Val Loss: 0.059658, R²: 0.9820, MAE: 0.0597
2025-11-22 23:35:46,063 - INFO - Epoch [80/200], Train Loss: 0.039445, Val Loss: 0.054796, R²: 0.9829, MAE: 0.0548
2025-11-22 23:37:45,067 - INFO - Epoch [90/200], Train Loss: 0.035388, Val Loss: 0.052188, R²: 0.9835, MAE: 0.0522
2025-11-22 23:39:34,855 - INFO - Epoch [100/200], Train Loss: 0.034177, Val Loss: 0.050765, R²: 0.9839, MAE: 0.0508
2025-11-22 23:41:32,032 - INFO - Epoch [110/200], Train Loss: 0.032733, Val Loss: 0.049933, R²: 0.9840, MAE: 0.0499
2025-11-22 23:43:31,269 - INFO - Epoch [120/200], Train Loss: 0.031780, Val Loss: 0.049425, R²: 0.9843, MAE: 0.0494
2025-11-22 23:45:29,443 - INFO - Epoch [130/200], Train Loss: 0.031092, Val Loss: 0.048641, R²: 0.9844, MAE: 0.0486
2025-11-22 23:47:25,266 - INFO - Epoch [140/200], Train Loss: 0.030315, Val Loss: 0.047574, R²: 0.9846, MAE: 0.0476
2025-11-22 23:49:13,607 - INFO - Epoch [150/200], Train Loss: 0.029400, Val Loss: 0.046975, R²: 0.9847, MAE: 0.0470
2025-11-22 23:51:05,645 - INFO - Epoch [160/200], Train Loss: 0.029122, Val Loss: 0.046785, R²: 0.9848, MAE: 0.0468
2025-11-22 23:52:56,509 - INFO - Epoch [170/200], Train Loss: 0.028772, Val Loss: 0.046496, R²: 0.9848, MAE: 0.0465
2025-11-22 23:54:47,622 - INFO - Epoch [180/200], Train Loss: 0.028513, Val Loss: 0.046190, R²: 0.9849, MAE: 0.0462
2025-11-22 23:56:38,862 - INFO - Epoch [190/200], Train Loss: 0.028320, Val Loss: 0.045904, R²: 0.9850, MAE: 0.0459
2025-11-22 23:58:26,543 - INFO - Epoch [200/200], Train Loss: 0.028078, Val Loss: 0.045739, R²: 0.9850, MAE: 0.0457
2025-11-22 23:58:26,543 - INFO - 开始训练 (200 轮)...
2025-11-22 23:58:28,308 - INFO - 模型已保存至: /home/data2/rhj/project/mol_editor/mol_evo/../mol_evo/output/v0/MoleculeEvolutionVisnetLinearPredictor/train-20251122_231929-lumo_change-12000-200/last.pth
2025-11-22 23:58:28,308 - INFO - 
2025-11-22 23:58:28,308 - INFO - ============================================================
2025-11-22 23:58:28,308 - INFO - 训练完成 - 最终评估结果
2025-11-22 23:58:28,308 - INFO - ============================================================
2025-11-22 23:58:28,309 - INFO - 测试集损失: 0.045027
2025-11-22 23:58:28,309 - INFO - RMSE: 0.103217
2025-11-22 23:58:28,309 - INFO - MAE: 0.045027
2025-11-22 23:58:28,309 - INFO - R²: 0.988886
2025-11-22 23:58:28,309 - INFO - PCC: 0.994430
2025-11-22 23:58:28,309 - INFO - Rank Loss: 0.341829
2025-11-22 23:58:28,309 - INFO - 
2025-11-22 23:58:28,309 - INFO - 阈值准确率:
2025-11-22 23:58:28,309 - INFO -   阈值 0.5: 99.08%
2025-11-22 23:58:28,309 - INFO -   阈值 0.4: 98.83%
2025-11-22 23:58:28,309 - INFO -   阈值 0.30000000000000004: 97.67%
2025-11-22 23:58:28,309 - INFO -   阈值 0.20000000000000004: 94.92%
2025-11-22 23:58:28,309 - INFO -   阈值 0.10000000000000003: 86.42%
2025-11-22 23:58:28,309 - INFO -   阈值 0.05000000000000002: 76.00%
2025-11-22 23:58:28,309 - INFO -   阈值 0.040000000000000015: 71.42%
2025-11-22 23:58:28,309 - INFO -   阈值 0.030000000000000013: 66.67%
2025-11-22 23:58:28,309 - INFO -   阈值 0.02000000000000001: 60.92%
2025-11-22 23:58:28,309 - INFO -   阈值 0.01000000000000001: 53.08%
2025-11-22 23:58:28,309 - INFO -   阈值 0.005000000000000005: 45.83%
2025-11-22 23:58:28,309 - INFO - 
2025-11-22 23:58:28,309 - INFO - 训练完成:
2025-11-22 23:58:28,310 - INFO -   - 最终训练损失: 0.028078
2025-11-22 23:58:28,310 - INFO -   - 最佳验证损失: 0.045739
2025-11-22 23:58:28,310 - INFO -   - 测试损失 (MSE): 0.045027
2025-11-22 23:58:28,310 - INFO -   - 测试RMSE: 0.103217
2025-11-22 23:58:28,310 - INFO -   - 测试MAE: 0.045027
2025-11-22 23:58:28,310 - INFO -   - 测试R²: 0.988886
2025-11-22 23:58:28,310 - INFO -   - 测试PCC: 0.994430
2025-11-22 23:58:28,310 - INFO -   - 测试Rank Loss: 0.341829
2025-11-22 23:58:28,310 - INFO -   - 测试阈值准确率 (0.5): 0.9908
2025-11-22 23:58:28,310 - INFO -   - 测试阈值准确率 (0.4): 0.9883
2025-11-22 23:58:28,310 - INFO -   - 测试阈值准确率 (0.30000000000000004): 0.9767
2025-11-22 23:58:28,310 - INFO -   - 测试阈值准确率 (0.20000000000000004): 0.9492
2025-11-22 23:58:28,310 - INFO -   - 测试阈值准确率 (0.10000000000000003): 0.8642
2025-11-22 23:58:28,310 - INFO -   - 测试阈值准确率 (0.05000000000000002): 0.7600
2025-11-22 23:58:28,310 - INFO -   - 测试阈值准确率 (0.040000000000000015): 0.7142
2025-11-22 23:58:28,310 - INFO -   - 测试阈值准确率 (0.030000000000000013): 0.6667
2025-11-22 23:58:28,310 - INFO -   - 测试阈值准确率 (0.02000000000000001): 0.6092
2025-11-22 23:58:28,310 - INFO -   - 测试阈值准确率 (0.01000000000000001): 0.5308
2025-11-22 23:58:28,310 - INFO -   - 测试阈值准确率 (0.005000000000000005): 0.4583
2025-11-22 23:58:28,310 - INFO -   - 模型已保存到: /home/data2/rhj/project/mol_editor/mol_evo/../mol_evo/output/v0/MoleculeEvolutionVisnetLinearPredictor/train-20251122_231929-lumo_change-12000-200/last.pth
2025-11-22 23:58:28,310 - INFO - 训练结果已保存到: /home/data2/rhj/project/mol_editor/mol_evo/../mol_evo/output/v0/MoleculeEvolutionVisnetLinearPredictor/train-20251122_231929-lumo_change-12000-200/training_results.json
2025-11-22 23:58:28,310 - INFO - 模型目录: /home/data2/rhj/project/mol_editor/mol_evo/../mol_evo/output/v0/MoleculeEvolutionVisnetLinearPredictor/train-20251122_231929-lumo_change-12000-200
