2025-11-23 04:50:27,182 - INFO - ============================================================
2025-11-23 04:50:27,182 - INFO - 数据文件: /home/data2/rhj/project/mol_editor/mol_evo/dataset/data/qm9-evo-pairs-step-1-with-properties-pct.json
2025-11-23 04:50:27,182 - INFO - 最大对数: 120000
2025-11-23 04:50:27,182 - INFO - 训练轮数: 200
2025-11-23 04:50:27,182 - INFO - ============================================================
2025-11-23 04:50:27,183 - INFO - 模型配置已保存到: /home/data2/rhj/project/mol_editor/mol_evo/../mol_evo/output/v0/MoleculeEvolutionVisnetLinearPredictor/train-20251123_045027-lumo_change_pct-120000-200/model_config.json
2025-11-23 04:50:27,183 - INFO - 正在构建图数据: /home/data2/rhj/project/mol_editor/mol_evo/dataset/data/qm9-evo-pairs-step-1-with-properties-pct.json
2025-11-23 04:50:31,453 - INFO - 加载缓存文件: /home/data2/rhj/project/mol_editor/mol_evo/core/utils/../../.cache/molecule_graphs/csv_qm9-evo-pairs-step-1-with-properties-pct_4bdaec6cf35b5151.pt，包含 2 个分子
2025-11-23 05:01:10,664 - WARNING - 跳过第26973行分子对: O=C1[C@H]2C[C@@H]3[C@H]2N13 -> C[C@]12[C@@H]3C[C@H]1N2C3=O (数据为None)
2025-11-23 05:25:13,381 - WARNING - 跳过第65375行分子对: C[C@]12C[C@H](C1)[C@H]2CO -> C1OC[C@]23C[C@H](C2)[C@H]13 (数据为None)
2025-11-23 05:27:01,658 - WARNING - 跳过第66217行分子对: COCC12C[NH+](C1)C2 -> C1OC[C@]23C[N@H+](C2)[C@H]13 (数据为None)
2025-11-23 05:27:55,333 - WARNING - 跳过第66725行分子对: O=C1N[C@]23C[C@H](C2)[C@@H]13 -> O=C1O[C@]23C[C@H](C2)[C@@H]13 (数据为None)
2025-11-23 05:27:55,334 - WARNING - 跳过第66726行分子对: O=C1N[C@]23C[N@H+](C2)[C@@H]13 -> O=C1O[C@]23C[N@H+](C2)[C@@H]13 (数据为None)
2025-11-23 05:27:55,403 - WARNING - 跳过第66723行分子对: [NH-][C@@H]1O[C@]23C[C@H](C2)[C@@H]13 -> C[C@H]1O[C@]23C[C@H](C2)[C@@H]13 (数据为None)
2025-11-23 05:27:55,411 - WARNING - 跳过第66724行分子对: [NH-][C@@H]1O[C@]23C[N@H+](C2)[C@@H]13 -> C[C@H]1O[C@]23C[N@H+](C2)[C@@H]13 (数据为None)
2025-11-23 05:27:55,453 - WARNING - 跳过第66728行分子对: O=C1O[C@]23C[N@H+](C2)[C@@H]13 -> O=C1N[C@]23C[N@H+](C2)[C@@H]13 (数据为None)
2025-11-23 05:27:55,469 - WARNING - 跳过第66727行分子对: O=C1O[C@]23C[C@H](C2)[C@@H]13 -> O=C1N[C@]23C[C@H](C2)[C@@H]13 (数据为None)
2025-11-23 05:27:55,506 - WARNING - 跳过第66731行分子对: C[C@H]1O[C@]23C[C@H](C2)[C@@H]13 -> [NH-][C@@H]1O[C@]23C[C@H](C2)[C@@H]13 (数据为None)
2025-11-23 05:27:55,546 - WARNING - 跳过第66732行分子对: C[C@H]1O[C@]23C[N@H+](C2)[C@@H]13 -> [NH-][C@@H]1O[C@]23C[N@H+](C2)[C@@H]13 (数据为None)
2025-11-23 05:27:57,408 - WARNING - 跳过第66729行分子对: C[C@H]1C[C@]23C[C@H](C2)[C@@H]13 -> C1[C@H]2C[C@H]3C[C@H](C3)[C@@H]12 (数据为None)
2025-11-23 05:27:57,411 - WARNING - 跳过第66733行分子对: C[C@H]1O[C@]23C[N@H+](C2)[C@@H]13 -> C1[C@H]2O[C@H]3C[N@H+](C3)[C@@H]12 (数据为None)
2025-11-23 05:27:57,542 - WARNING - 跳过第66730行分子对: C[C@H]1C[C@]23C[N@H+](C2)[C@@H]13 -> O[C@H]1C[C@]23C[N@H+](C2)[C@@H]13 (数据为None)
2025-11-23 05:27:57,634 - WARNING - 跳过第66734行分子对: O[C@H]1C[C@]23C[N@H+](C2)[C@@H]13 -> C[C@H]1C[C@]23C[N@H+](C2)[C@@H]13 (数据为None)
2025-11-23 05:36:47,738 - WARNING - 跳过第85124行分子对: CCC1(CC)CCC1 -> C1CC23CCC12CC3 (数据为None)
2025-11-23 05:36:53,865 - WARNING - 跳过第85149行分子对: CCC1(CO)CCC1 -> C1C[C@]23CC[C@]12CO3 (数据为None)
2025-11-23 05:48:07,222 - WARNING - 跳过第89675行分子对: CC[C@@]12C=C[C@@H](C1)O2 -> C1=C[C@]23CC[C@@H]2[C@H]1O3 (数据为None)
2025-11-23 06:02:46,702 - WARNING - 跳过第97994行分子对: C[C@@]12C[C@H]3C(=O)N1[C@H]32 -> C[C@H]1C[C@H]2C(=O)N[C@@H]12 (数据为None)
2025-11-23 06:02:51,331 - WARNING - 跳过第98020行分子对: C[C@H]1C[C@H]2C(=O)N[C@@H]12 -> C[C@@]12C[C@H]3C(=O)N1[C@H]32 (数据为None)
2025-11-23 06:03:33,544 - WARNING - 跳过第98225行分子对: C1C[C@H]2[C@H]3C[C@]2(C1)C3 -> C1=C[C@H]2[C@H]3C[C@]2(C1)C3 (数据为None)
2025-11-23 06:03:36,147 - WARNING - 跳过第98220行分子对: C1=C[C@H]2[C@H]3C[C@]2(C1)C3 -> C1C[C@H]2[C@H]3C[C@]2(C1)C3 (数据为None)
2025-11-23 06:03:36,152 - WARNING - 跳过第98221行分子对: C1=C[C@H]2[C@H]3C[C@]2(C1)C3 -> C[C@H]1C=CCC12CC2 (数据为None)
2025-11-23 06:03:36,239 - WARNING - 跳过第98222行分子对: [CH+]1[NH2+][C@H]2[C@H]3C[C@@]2(C3)O1 -> C1O[C@H]2[C@H]3C[C@@]2(C3)O1 (数据为None)
2025-11-23 06:03:36,245 - WARNING - 跳过第98227行分子对: C1C[C@]23C[C@H](C2)[C@@H]3O1 -> C1O[C@H]2[C@H]3C[C@@]2(C3)O1 (数据为None)
2025-11-23 06:03:40,467 - WARNING - 跳过第98231行分子对: C1OC[C@]23C[N@H+](C2)[C@H]13 -> COCC12C[NH+](C1)C2 (数据为None)
2025-11-23 06:03:40,467 - WARNING - 跳过第98228行分子对: C1OC[C@]23C[C@H](C2)[C@H]13 -> C[C@]12C[C@H](C1)[C@H]2CO (数据为None)
2025-11-23 06:03:40,656 - WARNING - 跳过第98230行分子对: C1O[C@H]2[C@H]3C[C@@]2(C3)O1 -> C1C[C@]23C[C@H](C2)[C@@H]3O1 (数据为None)
2025-11-23 06:03:40,656 - WARNING - 跳过第98229行分子对: C1O[C@H]2[C@H]3C[C@@]2(C3)O1 -> [CH+]1[NH2+][C@H]2[C@H]3C[C@@]2(C3)O1 (数据为None)
2025-11-23 06:03:47,599 - WARNING - 跳过第98267行分子对: C[C@]12[C@@H]3C[C@H]1N2C3=O -> C[C@@H]1[C@@H]2C[C@H]1NC2=O (数据为None)
2025-11-23 06:05:14,340 - WARNING - 跳过第105042行分子对: CC[C@H]1CO[C@H]1CO -> C1C[C@@]23CO[C@@]12CO3 (数据为None)
2025-11-23 06:11:56,607 - WARNING - 跳过第109005行分子对: CC[C@]12CC[C@H]1CC2 -> C1CC23CCC12CC3 (数据为None)
2025-11-23 06:11:59,666 - WARNING - 跳过第109046行分子对: OC[C@]12CC[C@H]1CO2 -> C1C[C@@]23CO[C@@]12CO3 (数据为None)
2025-11-23 06:11:59,704 - WARNING - 跳过第109037行分子对: OC[C@]12CC[C@H]1CC2 -> C1C[C@]23CC[C@]12CO3 (数据为None)
2025-11-23 06:13:07,919 - WARNING - 跳过第110098行分子对: C[C@H]1C=CCC12CC2 -> C1=C[C@H]2[C@H]3C[C@]2(C1)C3 (数据为None)
2025-11-23 06:16:07,665 - WARNING - 跳过第111079行分子对: C[C@@H]1[C@@H]2C[C@H]1NC2=O -> C[C@]12[C@@H]3C[C@H]1N2C3=O (数据为None)
2025-11-23 06:17:59,893 - WARNING - 跳过第111724行分子对: C1=C[C@]23CO[C@@H]2[C@H]1C3 -> C1C[C@]23CO[C@@H]2[C@H]1C3 (数据为None)
2025-11-23 06:17:59,898 - WARNING - 跳过第111721行分子对: C1=C[C@@]23C[C@@H]1[C@H]2CO3 -> C1C[C@@]23C[C@@H]1[C@H]2CO3 (数据为None)
2025-11-23 06:18:02,850 - WARNING - 跳过第111722行分子对: C1=C[C@@]23C[C@@H]1[C@H]2CO3 -> OC[C@H]1[C@@H]2C=C[C@H]1C2 (数据为None)
2025-11-23 06:18:02,852 - WARNING - 跳过第111718行分子对: C1=C[C@]23CC[C@@H]2[C@H]1O3 -> C1C[C@@]23CC[C@@H](O2)[C@@H]13 (数据为None)
2025-11-23 06:18:02,852 - WARNING - 跳过第111719行分子对: C1=C[C@]23CC[C@@H]2[C@H]1O3 -> O[C@H]1C=C[C@H]2CC[C@@H]12 (数据为None)
2025-11-23 06:18:02,853 - WARNING - 跳过第111717行分子对: C1=C[C@]23CC[C@@H]2[C@H]1O3 -> CC[C@@]12C=C[C@@H](C1)O2 (数据为None)
2025-11-23 06:18:02,858 - WARNING - 跳过第111716行分子对: C1=C[C@]23CC[N@@H+]2[C@H]1C3 -> CC[C@H]1[C@@H]2C=C[C@H]1C2 (数据为None)
2025-11-23 06:18:02,964 - WARNING - 跳过第111723行分子对: C1=C[C@]23CO[C@@H]2[C@H]1C3 -> C1=C[C@]23CO[C@@H]2[C@H]1O3 (数据为None)
2025-11-23 06:18:02,966 - WARNING - 跳过第111720行分子对: C1=C[C@]23CN[C@@H]2[C@H]1O3 -> C1=C[C@]23CO[C@@H]2[C@H]1O3 (数据为None)
2025-11-23 06:18:02,972 - WARNING - 跳过第111730行分子对: C1=C[C@]23CO[C@@H]2[C@H]1O3 -> O[C@H]1C=C[C@H]2CO[C@@H]12 (数据为None)
2025-11-23 06:18:02,975 - WARNING - 跳过第111725行分子对: C1=C[C@]23CO[C@@H]2[C@H]1C3 -> C[C@H]1C=C[C@H]2CO[C@@H]12 (数据为None)
2025-11-23 06:18:03,035 - WARNING - 跳过第111715行分子对: C1=C[C@]23CC[C@@H]2[C@H]1C3 -> C1C[C@]23CC[C@@H]2[C@H]1C3 (数据为None)
2025-11-23 06:18:03,075 - WARNING - 跳过第111726行分子对: C1=C[C@]23CO[C@@H]2[C@H]1N3 -> C1C[C@@]23CO[C@H]2[C@@H]1N3 (数据为None)
2025-11-23 06:18:03,080 - WARNING - 跳过第111729行分子对: C1=C[C@]23CO[C@@H]2[C@H]1O3 -> C1C[C@@]23CO[C@H]2[C@@H]1O3 (数据为None)
2025-11-23 06:18:03,089 - WARNING - 跳过第111728行分子对: C1=C[C@]23CO[C@@H]2[C@H]1O3 -> C1=C[C@]23CO[C@@H]2[C@H]1C3 (数据为None)
2025-11-23 06:18:03,101 - WARNING - 跳过第111727行分子对: C1=C[C@]23CO[C@@H]2[C@H]1O3 -> C1=C[C@]23CN[C@@H]2[C@H]1O3 (数据为None)
2025-11-23 06:18:03,121 - WARNING - 跳过第111733行分子对: C1O[C@]23CC[C@@H]2[C@H]1C3 -> OC[C@H]1C[C@H]2CC[C@H]21 (数据为None)
2025-11-23 06:18:03,128 - WARNING - 跳过第111736行分子对: C1C[C@@]23CC[C@@H](O2)[C@@H]13 -> C1=C[C@]23CC[C@@H]2[C@H]1O3 (数据为None)
2025-11-23 06:18:03,135 - WARNING - 跳过第111734行分子对: C1C[C@]23CO[C@H](C2)[C@@H]13 -> C[C@H]1OC[C@H]2CC[C@H]21 (数据为None)
2025-11-23 06:18:03,172 - WARNING - 跳过第111732行分子对: C1C[C@]23CC[C@@H]2[C@H]1C3 -> CC[C@H]1[C@@H]2CC[C@H]1C2 (数据为None)
2025-11-23 06:18:03,188 - WARNING - 跳过第111740行分子对: C1O[C@]23CO[C@H](C2)[C@@H]13 -> OC[C@H]1[C@@H]2CO[C@H]1C2 (数据为None)
2025-11-23 06:18:03,206 - WARNING - 跳过第111739行分子对: C1C[C@@]23C[C@@H]1[C@H]2CO3 -> OC[C@H]1[C@@H]2CC[C@H]1C2 (数据为None)
2025-11-23 06:18:03,228 - WARNING - 跳过第111744行分子对: C1C[C@]23CO[C@@H]2[C@H]1C3 -> C[C@H]1CC[C@H]2CO[C@H]21 (数据为None)
2025-11-23 06:18:03,259 - WARNING - 跳过第111731行分子对: C1C[C@]23CC[C@@H]2[C@H]1C3 -> C1=C[C@]23CC[C@@H]2[C@H]1C3 (数据为None)
2025-11-23 06:18:03,261 - WARNING - 跳过第111747行分子对: C1O[C@]23CO[C@@H]2[C@H]1C3 -> OC[C@H]1C[C@H]2CO[C@H]21 (数据为None)
2025-11-23 06:18:03,264 - WARNING - 跳过第111738行分子对: C1C[C@@]23C[C@@H]1[C@H]2CO3 -> C1=C[C@@]23C[C@@H]1[C@H]2CO3 (数据为None)
2025-11-23 06:18:03,278 - WARNING - 跳过第111746行分子对: C1O[C@@H]2[C@H]3C[C@@]12CO3 -> C[C@H]1OC[C@H]2CO[C@H]21 (数据为None)
2025-11-23 06:18:03,284 - WARNING - 跳过第111741行分子对: C1C[C@]23CO[C@@H]2[C@H]1C3 -> C1=C[C@]23CO[C@@H]2[C@H]1C3 (数据为None)
2025-11-23 06:18:03,336 - WARNING - 跳过第111751行分子对: C1C[C@@]23CO[C@H]2[C@@H]1O3 -> O[C@H]1CC[C@H]2CO[C@H]21 (数据为None)
2025-11-23 06:18:03,354 - WARNING - 跳过第111742行分子对: C1C[C@]23CO[C@@H]2[C@H]1C3 -> C1O[C@@H]2[C@H]3C[C@@]12CO3 (数据为None)
2025-11-23 06:18:03,381 - WARNING - 跳过第111743行分子对: C1C[C@]23CO[C@@H]2[C@H]1C3 -> C1C[C@@]23CO[C@H]2[C@@H]1O3 (数据为None)
2025-11-23 06:18:03,387 - WARNING - 跳过第111748行分子对: C1C[C@@]23CO[C@H]2[C@@H]1N3 -> C1=C[C@]23CO[C@@H]2[C@H]1N3 (数据为None)
2025-11-23 06:18:03,387 - WARNING - 跳过第111745行分子对: C1O[C@@H]2[C@H]3C[C@@]12CO3 -> C1C[C@]23CO[C@@H]2[C@H]1C3 (数据为None)
2025-11-23 06:18:03,393 - WARNING - 跳过第111749行分子对: C1C[C@@]23CO[C@H]2[C@@H]1O3 -> C1=C[C@]23CO[C@@H]2[C@H]1O3 (数据为None)
2025-11-23 06:18:03,441 - WARNING - 跳过第111750行分子对: C1C[C@@]23CO[C@H]2[C@@H]1O3 -> C1C[C@]23CO[C@@H]2[C@H]1C3 (数据为None)
2025-11-23 06:20:15,109 - WARNING - 跳过第112712行分子对: C[C@]12C[C@@H]3[C@H]1N3C2=O -> O=C1N2[C@@H]3C[C@@]1(O)[C@@H]32 (数据为None)
2025-11-23 06:20:19,683 - WARNING - 跳过第112719行分子对: O=C1N2[C@@H]3C[C@@]1(O)[C@@H]32 -> C[C@]12C[C@@H]3[C@H]1N3C2=O (数据为None)
2025-11-23 06:20:22,728 - WARNING - 跳过第112713行分子对: C[C@]12C[C@@H]3[C@H]1N3C2=O -> O=C1[C@H]2CC[C@@H]3[C@H]2N13 (数据为None)
2025-11-23 06:20:27,186 - WARNING - 跳过第112720行分子对: O=C1N2[C@@H]3C[C@@]1(O)[C@@H]32 -> O=C1[C@H]2OC[C@@H]3[C@H]2N13 (数据为None)
2025-11-23 06:23:36,470 - WARNING - 跳过第114106行分子对: OC[C@H]1C[C@H]2CO[C@H]21 -> C1O[C@]23CO[C@@H]2[C@H]1C3 (数据为None)
2025-11-23 06:23:36,507 - WARNING - 跳过第114098行分子对: OC[C@H]1C[C@H]2CC[C@H]21 -> C1O[C@]23CC[C@@H]2[C@H]1C3 (数据为None)
2025-11-23 06:25:28,182 - WARNING - 跳过第114880行分子对: O[C@H]1C=C[C@H]2CO[C@@H]12 -> C1=C[C@]23CO[C@@H]2[C@H]1O3 (数据为None)
2025-11-23 06:25:28,204 - WARNING - 跳过第114870行分子对: C[C@H]1C=C[C@H]2CO[C@@H]12 -> C1=C[C@]23CO[C@@H]2[C@H]1C3 (数据为None)
2025-11-23 06:25:28,210 - WARNING - 跳过第114878行分子对: O[C@H]1C=C[C@H]2CC[C@@H]12 -> C1=C[C@]23CC[C@@H]2[C@H]1O3 (数据为None)
2025-11-23 06:25:32,967 - WARNING - 跳过第114917行分子对: C[C@H]1OC[C@H]2CO[C@H]21 -> C1O[C@@H]2[C@H]3C[C@@]12CO3 (数据为None)
2025-11-23 06:25:32,967 - WARNING - 跳过第114929行分子对: O[C@H]1CC[C@H]2CO[C@H]21 -> C1C[C@@]23CO[C@H]2[C@@H]1O3 (数据为None)
2025-11-23 06:25:32,968 - WARNING - 跳过第114896行分子对: C[C@H]1CC[C@H]2CO[C@H]21 -> C1C[C@]23CO[C@@H]2[C@H]1C3 (数据为None)
2025-11-23 06:25:33,004 - WARNING - 跳过第114914行分子对: C[C@H]1OC[C@H]2CC[C@H]21 -> C1C[C@]23CO[C@H](C2)[C@@H]13 (数据为None)
2025-11-23 06:28:36,774 - WARNING - 跳过第115845行分子对: O=C1[C@H]2OC[C@@H]3[C@H]2N13 -> O=C1N2[C@@H]3C[C@@]1(O)[C@@H]32 (数据为None)
2025-11-23 06:28:36,797 - WARNING - 跳过第115842行分子对: O=C1[C@H]2CC[C@@H]3[C@H]2N13 -> C[C@]12C[C@@H]3[C@H]1N3C2=O (数据为None)
2025-11-23 06:29:26,260 - WARNING - 跳过第116009行分子对: O=C1[CH-][C@H]2C[C@@H]3[C@H]2N13 -> O=C1O[C@H]2C[C@@H]3[C@H]2N13 (数据为None)
2025-11-23 06:29:26,276 - WARNING - 跳过第116008行分子对: O=C1[CH-][C@H]2C[C@@H]3[C@H]2N13 -> O=C1N[C@H]2C[C@@H]3[C@H]2N13 (数据为None)
2025-11-23 06:29:26,277 - WARNING - 跳过第116015行分子对: O=C1C[C@H]2C[C@@H]3[C@H]2N13 -> O=C1O[C@H]2C[C@@H]3[C@H]2N13 (数据为None)
2025-11-23 06:29:26,277 - WARNING - 跳过第116021行分子对: O=C1N[C@H]2C[C@@H]3[C@H]2N13 -> O=C1[CH-][C@H]2C[C@@H]3[C@H]2N13 (数据为None)
2025-11-23 06:29:26,362 - WARNING - 跳过第116028行分子对: O=C1O[C@H]2C[C@@H]3[C@H]2N13 -> O=C1[CH-][C@H]2C[C@@H]3[C@H]2N13 (数据为None)
2025-11-23 06:29:26,373 - WARNING - 跳过第116014行分子对: O=C1C[C@H]2C[C@@H]3[C@H]2N13 -> O=C1N[C@H]2C[C@@H]3[C@H]2N13 (数据为None)
2025-11-23 06:29:26,384 - WARNING - 跳过第116022行分子对: O=C1N[C@H]2C[C@@H]3[C@H]2N13 -> O=C1C[C@H]2C[C@@H]3[C@H]2N13 (数据为None)
2025-11-23 06:29:26,436 - WARNING - 跳过第116047行分子对: C1[C@H]2O[C@H]3C[N@H+](C3)[C@@H]12 -> C[C@H]1O[C@]23C[N@H+](C2)[C@@H]13 (数据为None)
2025-11-23 06:29:26,500 - WARNING - 跳过第116045行分子对: C1[C@H]2C[C@H]3C[C@H](C3)[C@@H]12 -> C[C@H]1C[C@]23C[C@H](C2)[C@@H]13 (数据为None)
2025-11-23 06:29:29,527 - WARNING - 跳过第116023行分子对: O=C1N[C@H]2C[C@@H]3[C@H]2N13 -> O=C1O[C@H]2C[C@@H]3[C@H]2N13 (数据为None)
2025-11-23 06:29:29,559 - WARNING - 跳过第116030行分子对: O=C1O[C@H]2C[C@@H]3[C@H]2N13 -> O=C1N[C@H]2C[C@@H]3[C@H]2N13 (数据为None)
2025-11-23 06:29:29,565 - WARNING - 跳过第116029行分子对: O=C1O[C@H]2C[C@@H]3[C@H]2N13 -> O=C1C[C@H]2C[C@@H]3[C@H]2N13 (数据为None)
2025-11-23 06:29:58,252 - WARNING - 跳过第116404行分子对: C1CC2CCC1CC2 -> C1CC23CCC12CC3 (数据为None)
2025-11-23 06:29:58,252 - WARNING - 跳过第116411行分子对: C1C[C@H]2CO[C@@H]1CO2 -> C1C[C@@]23CO[C@@]12CO3 (数据为None)
2025-11-23 06:29:58,279 - WARNING - 跳过第116407行分子对: C1C[C@H]2CC[C@@H]1CO2 -> C1C[C@]23CC[C@]12CO3 (数据为None)
2025-11-23 06:30:02,910 - WARNING - 跳过第116416行分子对: C1CC23CCC12CC3 -> CCC1(CC)CCC1 (数据为None)
2025-11-23 06:30:06,108 - WARNING - 跳过第116417行分子对: C1CC23CCC12CC3 -> CC[C@]12CC[C@H]1CC2 (数据为None)
2025-11-23 06:30:06,109 - WARNING - 跳过第116422行分子对: C1C[C@@]23CO[C@@]12CO3 -> CC[C@H]1CO[C@H]1CO (数据为None)
2025-11-23 06:30:06,109 - WARNING - 跳过第116423行分子对: C1C[C@@]23CO[C@@]12CO3 -> OC[C@]12CC[C@H]1CO2 (数据为None)
2025-11-23 06:30:06,109 - WARNING - 跳过第116424行分子对: C1C[C@@]23CO[C@@]12CO3 -> C1C[C@H]2CO[C@@H]1CO2 (数据为None)
2025-11-23 06:30:06,109 - WARNING - 跳过第116418行分子对: C1CC23CCC12CC3 -> C1CC2CCC1CC2 (数据为None)
2025-11-23 06:30:06,110 - WARNING - 跳过第116419行分子对: C1C[C@]23CC[C@]12CO3 -> CCC1(CO)CCC1 (数据为None)
2025-11-23 06:30:06,111 - WARNING - 跳过第116420行分子对: C1C[C@]23CC[C@]12CO3 -> OC[C@]12CC[C@H]1CC2 (数据为None)
2025-11-23 06:30:06,111 - WARNING - 跳过第116421行分子对: C1C[C@]23CC[C@]12CO3 -> C1C[C@H]2CC[C@@H]1CO2 (数据为None)
2025-11-23 06:31:25,935 - WARNING - 跳过第117300行分子对: OC[C@H]1[C@@H]2C=C[C@H]1C2 -> C1=C[C@@]23C[C@@H]1[C@H]2CO3 (数据为None)
2025-11-23 06:31:25,956 - WARNING - 跳过第117286行分子对: CC[C@H]1[C@@H]2C=C[C@H]1C2 -> C1=C[C@]23CC[N@@H+]2[C@H]1C3 (数据为None)
2025-11-23 06:31:30,904 - WARNING - 跳过第117310行分子对: CC[C@H]1[C@@H]2CC[C@H]1C2 -> C1C[C@]23CC[C@@H]2[C@H]1C3 (数据为None)
2025-11-23 06:31:35,813 - WARNING - 跳过第117336行分子对: OC[C@H]1[C@@H]2CO[C@H]1C2 -> C1O[C@]23CO[C@H](C2)[C@@H]13 (数据为None)
2025-11-23 06:31:35,832 - WARNING - 跳过第117330行分子对: OC[C@H]1[C@@H]2CC[C@H]1C2 -> C1C[C@@]23C[C@@H]1[C@H]2CO3 (数据为None)
2025-11-23 06:32:08,104 - WARNING - 跳过第117455行分子对: C#C[C@]12[C@@H]3C[C@H]1[N@H+]2C3 -> CC[C@]12[C@@H]3C[C@H]1[N@H+]2C3 (数据为None)
2025-11-23 06:32:12,988 - WARNING - 跳过第117454行分子对: C#C[C@]12[C@@H]3C[C@H]1[N@H+]2C3 -> N#C[C@]12[C@@H]3C[C@H]1[N@H+]2C3 (数据为None)
2025-11-23 06:32:13,245 - WARNING - 跳过第117459行分子对: N#C[C@]12[C@@H]3C[C@H]1[N@H+]2C3 -> C#C[C@]12[C@@H]3C[C@H]1[N@H+]2C3 (数据为None)
2025-11-23 06:32:13,267 - WARNING - 跳过第117469行分子对: CC[C@]12[C@@H]3C[C@H]1[N@H+]2C3 -> C#C[C@]12[C@@H]3C[C@H]1[N@H+]2C3 (数据为None)
2025-11-23 06:32:34,607 - WARNING - 跳过第117568行分子对: C[C@@H]1[C@H]2C(=O)N3[C@H]2[C@H]13 -> O=C1N[C@H]2[C@H]3C[C@H]3[C@@H]12 (数据为None)
2025-11-23 06:32:34,699 - WARNING - 跳过第117567行分子对: C[C@@H]1[C@H]2C(=O)N3[C@H]2[C@H]13 -> O=C1[C@@H]2[C@@H](O)[C@H]3[C@@H]2N13 (数据为None)
2025-11-23 06:32:34,726 - WARNING - 跳过第117571行分子对: O=C1[C@@H]2[C@@H](O)[C@H]3[C@@H]2N13 -> C[C@@H]1[C@H]2C(=O)N3[C@H]2[C@H]13 (数据为None)
2025-11-23 06:33:36,553 - WARNING - 跳过第117821行分子对: O=C1N[C@H]2[C@H]3C[C@H]3[C@@H]12 -> C[C@@H]1[C@H]2C(=O)N3[C@H]2[C@H]13 (数据为None)
2025-11-23 06:37:25,355 - INFO - 分子处理统计: 总数=240000, 命中=211868, 未命中=28132, 命中率=88.28%
2025-11-23 06:37:25,579 - INFO - --- 训练集样本示例 (头部数据) ---
2025-11-23 06:37:25,580 - INFO -   样本       起始节点数        起始边数         目标节点数        目标边数         边特征             目标属性值          
2025-11-23 06:37:25,580 - INFO -   --------------------------------------------------------------------------------
2025-11-23 06:37:25,580 - INFO -   DEBUG: 边特征维度 = 16
2025-11-23 06:37:25,580 - INFO -   DEBUG: 第一个样本的边特征值 = [1.0, 0.0, 0.0, 0.0, 1.0, 0.0, 0.0, 0.0, 0.0, 0.0, 0.0, 0.0, 0.0, 0.0, 0.0, 0.0]
2025-11-23 06:37:25,580 - INFO -   DEBUG: 原子类型数量 = 4, 操作类型数量 = 12
2025-11-23 06:37:25,580 - INFO -   DEBUG: 边特征总长度 = 16
2025-11-23 06:37:25,580 - INFO -   DEBUG: 原子类型one-hot编码 = [1.0, 0.0, 0.0, 0.0]
2025-11-23 06:37:25,580 - INFO -   DEBUG: 操作类型one-hot编码 = [1.0, 0.0, 0.0, 0.0, 0.0, 0.0, 0.0, 0.0, 0.0, 0.0, 0.0, 0.0]
2025-11-23 06:37:25,580 - INFO -   DEBUG: 原子类型列表 = ['C', 'F', 'N', 'O']
2025-11-23 06:37:25,580 - INFO -   DEBUG: 操作类型列表 = ['add_atom', 'add_stereo', 'form_double_bond', 'form_double_ring', 'form_ring', 'form_triple_bond', 'remove_add_stereo', 'remove_form_double_bond', 'remove_form_double_ring', 'remove_form_ring', 'remove_form_triple_bond', 'replace_atom']
2025-11-23 06:37:25,580 - INFO -   1        12           22           15           28           [1.0, 0.0, 0.   0.027360       
2025-11-23 06:37:25,580 - INFO -   2        5            8            4            6            [0.0, 0.0, 1.   -0.003961      
2025-11-23 06:37:25,580 - INFO -   3        9            16           12           22           [1.0, 0.0, 0.   0.015330       
2025-11-23 06:37:25,581 - INFO -   --------------------------------------------------------------------------------
2025-11-23 06:37:25,581 - INFO - 
数据构建完成:
2025-11-23 06:37:25,581 - INFO -   项目                   值                   
2025-11-23 06:37:25,581 - INFO -   ---------------------------------------- --------------------
2025-11-23 06:37:25,581 - INFO -   样本数                  119877              
2025-11-23 06:37:25,581 - INFO -   节点特征维度               11                  
2025-11-23 06:37:25,581 - INFO -   边特征维度                16                  
2025-11-23 06:37:25,581 - INFO -   目标属性变化维度             1                   
2025-11-23 06:37:25,588 - INFO - 数据集划分完成:
2025-11-23 06:37:25,588 - INFO -   - 训练集: 95901 (80.0%)
2025-11-23 06:37:25,588 - INFO -   - 验证集: 11987 (10.0%)
2025-11-23 06:37:25,588 - INFO -   - 测试集: 11989 (10.0%)
2025-11-23 06:37:25,630 - INFO - 数据集索引已保存到: /home/data2/rhj/project/mol_editor/mol_evo/dataset/data/dataset_indices/indices_20251123_063725_seed42.json
2025-11-23 06:37:25,782 - INFO - 更新模型边特征维度: 11 -> 16
2025-11-23 06:37:25,881 - INFO - 正在创建模型...
2025-11-23 06:37:25,882 - INFO - 模型参数数量: 4451725
2025-11-23 06:37:25,882 - INFO - 使用设备: cuda
2025-11-23 06:37:28,125 - INFO - 开始训练 (200 轮)...
2025-11-23 07:00:34,627 - INFO - Epoch [10/200], Train Loss: 0.078892, Val Loss: 0.080198, R²: 0.1735, MAE: 0.0802
2025-11-23 07:23:25,433 - INFO - Epoch [20/200], Train Loss: 0.064239, Val Loss: 0.064297, R²: 0.3927, MAE: 0.0643
2025-11-23 07:46:30,393 - INFO - Epoch [30/200], Train Loss: 0.053003, Val Loss: 0.055272, R²: 0.4438, MAE: 0.0553
2025-11-23 08:09:45,054 - INFO - Epoch [40/200], Train Loss: 0.034488, Val Loss: 0.046899, R²: 0.4799, MAE: 0.0469
2025-11-23 08:33:01,979 - INFO - Epoch [50/200], Train Loss: 0.030475, Val Loss: 0.044366, R²: 0.4858, MAE: 0.0444
2025-11-23 08:56:20,470 - INFO - Epoch [60/200], Train Loss: 0.024684, Val Loss: 0.041078, R²: 0.4999, MAE: 0.0411
2025-11-23 09:19:57,292 - INFO - Epoch [70/200], Train Loss: 0.022588, Val Loss: 0.040083, R²: 0.5037, MAE: 0.0401
2025-11-23 09:42:27,657 - INFO - Epoch [80/200], Train Loss: 0.022254, Val Loss: 0.039976, R²: 0.5054, MAE: 0.0400
2025-11-23 10:04:42,747 - INFO - Epoch [90/200], Train Loss: 0.021901, Val Loss: 0.039678, R²: 0.5074, MAE: 0.0397
2025-11-23 10:27:04,752 - INFO - Epoch [100/200], Train Loss: 0.021657, Val Loss: 0.039399, R²: 0.5103, MAE: 0.0394
2025-11-23 10:49:24,132 - INFO - Epoch [110/200], Train Loss: 0.021091, Val Loss: 0.039267, R²: 0.5125, MAE: 0.0393
2025-11-23 11:11:56,497 - INFO - Epoch [120/200], Train Loss: 0.020982, Val Loss: 0.039152, R²: 0.5138, MAE: 0.0392
2025-11-23 11:34:39,435 - INFO - Epoch [130/200], Train Loss: 0.020895, Val Loss: 0.039096, R²: 0.5151, MAE: 0.0391
2025-11-23 11:57:16,218 - INFO - Epoch [140/200], Train Loss: 0.020786, Val Loss: 0.039017, R²: 0.5165, MAE: 0.0390
2025-11-23 12:20:04,444 - INFO - Epoch [150/200], Train Loss: 0.020696, Val Loss: 0.038932, R²: 0.5179, MAE: 0.0389
2025-11-23 12:43:07,424 - INFO - Epoch [160/200], Train Loss: 0.020603, Val Loss: 0.038900, R²: 0.5189, MAE: 0.0389
2025-11-23 13:05:52,888 - INFO - Epoch [170/200], Train Loss: 0.020488, Val Loss: 0.038823, R²: 0.5203, MAE: 0.0388
2025-11-23 13:28:29,424 - INFO - Epoch [180/200], Train Loss: 0.020402, Val Loss: 0.038792, R²: 0.5221, MAE: 0.0388
2025-11-23 13:50:51,036 - INFO - Epoch [190/200], Train Loss: 0.020298, Val Loss: 0.038632, R²: 0.5243, MAE: 0.0386
2025-11-23 14:12:55,711 - INFO - Epoch [200/200], Train Loss: 0.020202, Val Loss: 0.038621, R²: 0.5260, MAE: 0.0386
2025-11-23 14:12:55,712 - INFO - 开始训练 (200 轮)...
2025-11-23 14:13:03,350 - INFO - 模型已保存至: /home/data2/rhj/project/mol_editor/mol_evo/../mol_evo/output/v0/MoleculeEvolutionVisnetLinearPredictor/train-20251123_045027-lumo_change_pct-120000-200/last.pth
2025-11-23 14:13:03,350 - INFO - 
2025-11-23 14:13:03,350 - INFO - ============================================================
2025-11-23 14:13:03,350 - INFO - 训练完成 - 最终评估结果
2025-11-23 14:13:03,350 - INFO - ============================================================
2025-11-23 14:13:03,350 - INFO - 测试集损失: 0.043832
2025-11-23 14:13:03,350 - INFO - RMSE: 0.709185
2025-11-23 14:13:03,350 - INFO - MAE: 0.043832
2025-11-23 14:13:03,350 - INFO - R²: 0.573224
2025-11-23 14:13:03,350 - INFO - PCC: 0.806656
2025-11-23 14:13:03,350 - INFO - Rank Loss: 0.825318
2025-11-23 14:13:03,350 - INFO - 
2025-11-23 14:13:03,350 - INFO - 阈值准确率:
2025-11-23 14:13:03,350 - INFO -   阈值 0.5: 99.12%
2025-11-23 14:13:03,351 - INFO -   阈值 0.4: 99.00%
2025-11-23 14:13:03,351 - INFO -   阈值 0.30000000000000004: 98.72%
2025-11-23 14:13:03,351 - INFO -   阈值 0.20000000000000004: 98.27%
2025-11-23 14:13:03,351 - INFO -   阈值 0.10000000000000003: 97.05%
2025-11-23 14:13:03,351 - INFO -   阈值 0.05000000000000002: 94.58%
2025-11-23 14:13:03,351 - INFO -   阈值 0.040000000000000015: 93.36%
2025-11-23 14:13:03,351 - INFO -   阈值 0.030000000000000013: 91.11%
2025-11-23 14:13:03,351 - INFO -   阈值 0.02000000000000001: 86.38%
2025-11-23 14:13:03,351 - INFO -   阈值 0.01000000000000001: 75.14%
2025-11-23 14:13:03,351 - INFO -   阈值 0.005000000000000005: 60.56%
2025-11-23 14:13:03,351 - INFO -   阈值 0.004000000000000005: 55.66%
2025-11-23 14:13:03,351 - INFO -   阈值 0.0030000000000000053: 49.21%
2025-11-23 14:13:03,351 - INFO - 
2025-11-23 14:13:03,351 - INFO - 训练完成:
2025-11-23 14:13:03,351 - INFO -   - 最终训练损失: 0.020202
2025-11-23 14:13:03,351 - INFO -   - 最佳验证损失: 0.038581
2025-11-23 14:13:03,351 - INFO -   - 测试损失 (MSE): 0.043832
2025-11-23 14:13:03,351 - INFO -   - 测试RMSE: 0.709185
2025-11-23 14:13:03,351 - INFO -   - 测试MAE: 0.043832
2025-11-23 14:13:03,351 - INFO -   - 测试R²: 0.573224
2025-11-23 14:13:03,351 - INFO -   - 测试PCC: 0.806656
2025-11-23 14:13:03,351 - INFO -   - 测试Rank Loss: 0.825318
2025-11-23 14:13:03,351 - INFO -   - 测试阈值准确率 (0.5): 0.9912
2025-11-23 14:13:03,351 - INFO -   - 测试阈值准确率 (0.4): 0.9900
2025-11-23 14:13:03,352 - INFO -   - 测试阈值准确率 (0.30000000000000004): 0.9872
2025-11-23 14:13:03,352 - INFO -   - 测试阈值准确率 (0.20000000000000004): 0.9827
2025-11-23 14:13:03,352 - INFO -   - 测试阈值准确率 (0.10000000000000003): 0.9705
2025-11-23 14:13:03,352 - INFO -   - 测试阈值准确率 (0.05000000000000002): 0.9458
2025-11-23 14:13:03,352 - INFO -   - 测试阈值准确率 (0.040000000000000015): 0.9336
2025-11-23 14:13:03,352 - INFO -   - 测试阈值准确率 (0.030000000000000013): 0.9111
2025-11-23 14:13:03,352 - INFO -   - 测试阈值准确率 (0.02000000000000001): 0.8638
2025-11-23 14:13:03,352 - INFO -   - 测试阈值准确率 (0.01000000000000001): 0.7514
2025-11-23 14:13:03,352 - INFO -   - 测试阈值准确率 (0.005000000000000005): 0.6056
2025-11-23 14:13:03,352 - INFO -   - 测试阈值准确率 (0.004000000000000005): 0.5566
2025-11-23 14:13:03,352 - INFO -   - 测试阈值准确率 (0.0030000000000000053): 0.4921
2025-11-23 14:13:03,352 - INFO -   - 模型已保存到: /home/data2/rhj/project/mol_editor/mol_evo/../mol_evo/output/v0/MoleculeEvolutionVisnetLinearPredictor/train-20251123_045027-lumo_change_pct-120000-200/last.pth
2025-11-23 14:13:03,352 - INFO - 训练结果已保存到: /home/data2/rhj/project/mol_editor/mol_evo/../mol_evo/output/v0/MoleculeEvolutionVisnetLinearPredictor/train-20251123_045027-lumo_change_pct-120000-200/training_results.json
2025-11-23 14:13:03,352 - INFO - 模型目录: /home/data2/rhj/project/mol_editor/mol_evo/../mol_evo/output/v0/MoleculeEvolutionVisnetLinearPredictor/train-20251123_045027-lumo_change_pct-120000-200
