2025-11-13 13:26:28,015 - INFO - ============================================================
2025-11-13 13:26:28,015 - INFO - 数据文件: mol_evo/dataset/data/qm9-evo-pairs-step-1-with-properties-pct.csv
2025-11-13 13:26:28,015 - INFO - 最大对数: 30000
2025-11-13 13:26:28,015 - INFO - 训练轮数: 200
2025-11-13 13:26:28,015 - INFO - ============================================================
2025-11-13 13:26:28,015 - INFO - 正在构建图数据: mol_evo/dataset/data/qm9-evo-pairs-step-1-with-properties-pct.csv
2025-11-13 13:26:28,627 - INFO - 加载缓存文件: /home/data2/rhj/project/mol_editor/mol_evo/core/utils/../../.cache/molecule_graphs/csv_qm9-evo-pairs-step-1-with-properties-pct_3cbb45cc1ac9202d.pt，包含 1994 个分子
2025-11-13 13:26:33,163 - WARNING - 跳过第25871行分子对: [H]O/N=C(\C([H])([H])[H])C([H])([H])C(C([H])([H])[H])(C([H])([H])[H])C([H])([H])[H] -> [H]ONC1C([H])([H])[C@]23C([H])([H])[C@]([H])(C2([H])[H])[C@@]13[H] (数据为None)
2025-11-13 13:26:33,980 - WARNING - 跳过第25984行分子对: [H]O/N=C(/C([H])([H])C([H])([H])[H])C(C([H])([H])[H])(C([H])([H])[H])C([H])([H])[H] -> [H]ONC1C([H])([H])[C@]23C([H])([H])[C@]([H])(C2([H])[H])[C@@]13[H] (数据为None)
2025-11-13 13:26:34,809 - WARNING - 跳过第26175行分子对: [H]O/N=C(\C([H])([H])[H])C(C([H])([H])[H])(C([H])([H])[H])C([H])([H])C([H])([H])[H] -> [H]ONC1C([H])([H])[C@]23C([H])([H])[C@]([H])(C2([H])[H])[C@@]13[H] (数据为None)
2025-11-13 13:26:35,679 - WARNING - 跳过第26431行分子对: [H]O/N=C(\C([H])([H])[H])C([H])([H])C([H])([H])C([H])(C([H])([H])[H])C([H])([H])[H] -> [H]ONC1C([H])([H])[C@]23C([H])([H])[C@]([H])(C2([H])[H])[C@@]13[H] (数据为None)
2025-11-13 13:26:36,455 - WARNING - 跳过第26530行分子对: [H]ONC1C(C([H])([H])[H])(C([H])([H])[H])C([H])([H])[C@]1([H])C([H])([H])[H] -> [H]ONC1C([H])([H])[C@]23C([H])([H])[C@]([H])(C2([H])[H])[C@@]13[H] (数据为None)
2025-11-13 13:26:37,249 - WARNING - 跳过第26630行分子对: [H]ONC1C([H])=C([H])C(C([H])([H])[H])(C([H])([H])[H])C1([H])[H] -> [H]ONC1C([H])([H])[C@]23C([H])([H])[C@]([H])(C2([H])[H])[C@@]13[H] (数据为None)
2025-11-13 13:26:38,029 - WARNING - 跳过第26691行分子对: [H]ONC1C([H])([H])C([H])([H])C(C([H])([H])[H])(C([H])([H])[H])C1([H])[H] -> [H]ONC1C([H])([H])[C@]23C([H])([H])[C@]([H])(C2([H])[H])[C@@]13[H] (数据为None)
2025-11-13 13:26:38,828 - WARNING - 跳过第26895行分子对: [H]O/N=C(\C([H])([H])C([H])([H])[H])C([H])([H])C([H])(C([H])([H])[H])C([H])([H])[H] -> [H]ONC1C([H])([H])[C@]23C([H])([H])[C@]([H])(C2([H])[H])[C@@]13[H] (数据为None)
2025-11-13 13:26:39,662 - WARNING - 跳过第27044行分子对: [H]C#C[C@]1(C([H])([H])[H])C([H])([H])[C@@H](NO[H])C1([H])[H] -> [H]ONC1C([H])([H])[C@]23C([H])([H])[C@]([H])(C2([H])[H])[C@@]13[H] (数据为None)
2025-11-13 13:26:40,455 - WARNING - 跳过第27152行分子对: [H]ON[C@H]1C([H])([H])[C@](C([H])([H])[H])(C([H])([H])C([H])([H])[H])C1([H])[H] -> [H]ONC1C([H])([H])[C@]23C([H])([H])[C@]([H])(C2([H])[H])[C@@]13[H] (数据为None)
2025-11-13 13:26:41,248 - WARNING - 跳过第27266行分子对: [H]O/N=C(\C([H])([H])[H])C([H])([H])C1(C([H])([H])[H])C([H])([H])C1([H])[H] -> [H]ONC1C([H])([H])[C@]23C([H])([H])[C@]([H])(C2([H])[H])[C@@]13[H] (数据为None)
2025-11-13 13:26:42,129 - WARNING - 跳过第27714行分子对: [H]O/N=C(\C([H])([H])[H])C([H])([H])C([H])([H])C([H])([H])C([H])([H])C([H])([H])[H] -> [H]ONC1C([H])([H])[C@]23C([H])([H])[C@]([H])(C2([H])[H])[C@@]13[H] (数据为None)
2025-11-13 13:26:42,944 - WARNING - 跳过第27835行分子对: [H]ONC1C([H])([H])C([H])=C([H])C1(C([H])([H])[H])C([H])([H])[H] -> [H]ONC1C([H])([H])[C@]23C([H])([H])[C@]([H])(C2([H])[H])[C@@]13[H] (数据为None)
2025-11-13 13:26:43,767 - WARNING - 跳过第27878行分子对: [H]ONC1=C([H])[C-]([H])C([H])([H])C1(C([H])([H])[H])C([H])([H])[H] -> [H]ONC1C([H])([H])[C@]23C([H])([H])[C@]([H])(C2([H])[H])[C@@]13[H] (数据为None)
2025-11-13 13:26:44,546 - WARNING - 跳过第27924行分子对: [H]ONC1C([H])([H])C([H])([H])C([H])([H])C1(C([H])([H])[H])C([H])([H])[H] -> [H]ONC1C([H])([H])[C@]23C([H])([H])[C@]([H])(C2([H])[H])[C@@]13[H] (数据为None)
2025-11-13 13:26:45,343 - WARNING - 跳过第28107行分子对: [H]ON=C(C([H])([H])C([H])([H])C([H])([H])[H])C([H])([H])C([H])([H])C([H])([H])[H] -> [H]ONC1C([H])([H])[C@]23C([H])([H])[C@]([H])(C2([H])[H])[C@@]13[H] (数据为None)
2025-11-13 13:26:46,189 - WARNING - 跳过第28312行分子对: [H]O/N=C(/C([H])([H])C([H])([H])C([H])([H])[H])C([H])(C([H])([H])[H])C([H])([H])[H] -> [H]ONC1C([H])([H])[C@]23C([H])([H])[C@]([H])(C2([H])[H])[C@@]13[H] (数据为None)
2025-11-13 13:26:47,052 - WARNING - 跳过第28519行分子对: [H]ON=C(C([H])(C([H])([H])[H])C([H])([H])[H])C([H])(C([H])([H])[H])C([H])([H])[H] -> [H]ONC1C([H])([H])[C@]23C([H])([H])[C@]([H])(C2([H])[H])[C@@]13[H] (数据为None)
2025-11-13 13:26:47,877 - WARNING - 跳过第28649行分子对: [H]O/N=C(\C([H])([H])[H])C1(C([H])([H])[H])C([H])([H])C([H])([H])C1([H])[H] -> [H]ONC1C([H])([H])[C@]23C([H])([H])[C@]([H])(C2([H])[H])[C@@]13[H] (数据为None)
2025-11-13 13:26:48,722 - WARNING - 跳过第28853行分子对: [H]ON[C@H]1C([H])([H])[C@]([H])(C([H])(C([H])([H])[H])C([H])([H])[H])C1([H])[H] -> [H]ONC1C([H])([H])[C@]23C([H])([H])[C@]([H])(C2([H])[H])[C@@]13[H] (数据为None)
2025-11-13 13:26:49,528 - WARNING - 跳过第28960行分子对: [H]O/N=C(\C([H])([H])[H])[C@]1([H])C([H])([H])[C@@]([H])(C([H])([H])[H])C1([H])[H] -> [H]ONC1C([H])([H])[C@]23C([H])([H])[C@]([H])(C2([H])[H])[C@@]13[H] (数据为None)
2025-11-13 13:26:50,381 - WARNING - 跳过第29052行分子对: [H]ONC1C([H])=C(C([H])([H])[H])C([H])([H])C([H])([H])C1([H])[H] -> [H]ONC1C([H])([H])[C@]23C([H])([H])[C@]([H])(C2([H])[H])[C@@]13[H] (数据为None)
2025-11-13 13:26:51,201 - WARNING - 跳过第29115行分子对: [H]ONC1C([H])([H])C(C([H])([H])[H])=C([H])C([H])([H])C1([H])[H] -> [H]ONC1C([H])([H])[C@]23C([H])([H])[C@]([H])(C2([H])[H])[C@@]13[H] (数据为None)
2025-11-13 13:26:52,064 - WARNING - 跳过第29191行分子对: [H]ONC1C([H])([H])C([H])([H])C([H])([H])[C@]([H])(C([H])([H])[H])C1([H])[H] -> [H]ONC1C([H])([H])[C@]23C([H])([H])[C@]([H])(C2([H])[H])[C@@]13[H] (数据为None)
2025-11-13 13:26:52,931 - WARNING - 跳过第29259行分子对: [H]ONC1C([H])([H])C(C([H])([H])[H])=C(C([H])([H])[H])C1([H])[H] -> [H]ONC1C([H])([H])[C@]23C([H])([H])[C@]([H])(C2([H])[H])[C@@]13[H] (数据为None)
2025-11-13 13:26:53,763 - WARNING - 跳过第29362行分子对: [H]ONC1C([H])([H])C(C([H])([H])[H])=C([H])[C@]1([H])C([H])([H])[H] -> [H]ONC1C([H])([H])[C@]23C([H])([H])[C@]([H])(C2([H])[H])[C@@]13[H] (数据为None)
2025-11-13 13:26:54,275 - WARNING - 跳过第29437行分子对: [H][N-]C1O[C@]([H])(C([H])([H])[H])C(NO[H])C1([H])[H] -> [H]ONC1C([H])([H])[C@]23C([H])([H])[N@@H+](C2([H])[H])[C@@]13[H] (数据为None)
2025-11-13 13:26:55,056 - WARNING - 跳过第29554行分子对: [H]ONC1C([H])([H])[C@]2([H])C([H])([H])[C@@]1(C([H])([H])[H])C2([H])[H] -> [H]ONC1C([H])([H])[C@]23C([H])([H])[C@]([H])(C2([H])[H])[C@@]13[H] (数据为None)
2025-11-13 13:26:55,842 - WARNING - 跳过第29644行分子对: [H]O/N=C(\C([H])([H])[H])C([H])([H])C1([H])C([H])([H])C([H])([H])C1([H])[H] -> [H]ONC1C([H])([H])[C@]23C([H])([H])[C@]([H])(C2([H])[H])[C@@]13[H] (数据为None)
2025-11-13 13:26:56,630 - WARNING - 跳过第29737行分子对: [H]C#CC([H])([H])[C@]1([H])C([H])([H])[C@@H](NO[H])C1([H])[H] -> [H]ONC1C([H])([H])[C@]23C([H])([H])[C@]([H])(C2([H])[H])[C@@]13[H] (数据为None)
2025-11-13 13:26:57,472 - WARNING - 跳过第29820行分子对: [H]ON[C@H]1C([H])([H])[C@]([H])(C#CC([H])([H])[H])C1([H])[H] -> [H]ONC1C([H])([H])[C@]23C([H])([H])[C@]([H])(C2([H])[H])[C@@]13[H] (数据为None)
2025-11-13 13:26:58,279 - WARNING - 跳过第29860行分子对: [H]ON[C@H]1C([H])([H])[C@]([H])(C([H])([H])C([H])([H])C([H])([H])[H])C1([H])[H] -> [H]ONC1C([H])([H])[C@]23C([H])([H])[C@]([H])(C2([H])[H])[C@@]13[H] (数据为None)
2025-11-13 13:26:59,105 - WARNING - 跳过第29968行分子对: [H]ONC1C([H])([H])C2(C1([H])[H])C([H])([H])C([H])([H])C2([H])[H] -> [H]ONC1C([H])([H])[C@]23C([H])([H])[C@]([H])(C2([H])[H])[C@@]13[H] (数据为None)
2025-11-13 13:26:59,221 - INFO - 分子处理统计: 总数=60000, 命中=59967, 未命中=33, 命中率=99.94%
2025-11-13 13:26:59,292 - INFO - --- 训练集样本示例 (头部数据) ---
2025-11-13 13:26:59,293 - INFO -   样本       起始节点数        起始边数         目标节点数        目标边数         边特征             目标属性值          
2025-11-13 13:26:59,293 - INFO -   --------------------------------------------------------------------------------
2025-11-13 13:26:59,293 - INFO -   1        5            8            8            14           [0.0, 1.0, 0.   -0.798788      
2025-11-13 13:26:59,293 - INFO -   2        3            4            6            10           [0.0, 1.0, 0.   -0.397409      
2025-11-13 13:26:59,293 - INFO -   3        4            6            11           20           [0.0, 1.0, 0.   1.210377       
2025-11-13 13:26:59,293 - INFO -   --------------------------------------------------------------------------------
2025-11-13 13:26:59,294 - INFO - 
数据构建完成:
2025-11-13 13:26:59,294 - INFO -   项目                   值                   
2025-11-13 13:26:59,294 - INFO -   ---------------------------------------- --------------------
2025-11-13 13:26:59,294 - INFO -   样本数                  29967               
2025-11-13 13:26:59,294 - INFO -   节点特征维度               11                  
2025-11-13 13:26:59,294 - INFO -   边特征维度                25                  
2025-11-13 13:26:59,294 - INFO -   目标属性变化维度             1                   
2025-11-13 13:26:59,298 - INFO - 数据集划分完成:
2025-11-13 13:26:59,298 - INFO -   - 训练集: 23973 (80.0%)
2025-11-13 13:26:59,298 - INFO -   - 验证集: 2996 (10.0%)
2025-11-13 13:26:59,298 - INFO -   - 测试集: 2998 (10.0%)
2025-11-13 13:26:59,387 - INFO - 更新模型边特征维度: 11 -> 25
2025-11-13 13:26:59,457 - INFO - 正在创建模型...
2025-11-13 13:26:59,458 - INFO - 模型参数数量: 2813697
2025-11-13 13:26:59,458 - INFO - 使用设备: cuda
2025-11-13 13:27:01,319 - INFO - 开始训练 (200 轮)...
2025-11-13 13:36:10,308 - INFO - Epoch [10/200], Train Loss: 0.147359, Val Loss: 0.179653, R²: 0.9185, MAE: 0.1797
2025-11-13 13:45:15,462 - INFO - Epoch [20/200], Train Loss: 0.122545, Val Loss: 0.120375, R²: 0.9607, MAE: 0.1204
2025-11-13 13:54:19,161 - INFO - Epoch [30/200], Train Loss: 0.095582, Val Loss: 0.090707, R²: 0.9770, MAE: 0.0907
2025-11-13 14:03:27,191 - INFO - Epoch [40/200], Train Loss: 0.048722, Val Loss: 0.050073, R²: 0.9849, MAE: 0.0501
2025-11-13 14:12:38,456 - INFO - Epoch [50/200], Train Loss: 0.035091, Val Loss: 0.040266, R²: 0.9871, MAE: 0.0403
2025-11-13 14:21:50,803 - INFO - Epoch [60/200], Train Loss: 0.031341, Val Loss: 0.040959, R²: 0.9876, MAE: 0.0410
2025-11-13 14:31:01,002 - INFO - Epoch [70/200], Train Loss: 0.028881, Val Loss: 0.036070, R²: 0.9882, MAE: 0.0361
2025-11-13 14:40:11,824 - INFO - Epoch [80/200], Train Loss: 0.026071, Val Loss: 0.034087, R²: 0.9885, MAE: 0.0341
2025-11-13 14:49:22,270 - INFO - Epoch [90/200], Train Loss: 0.025349, Val Loss: 0.033681, R²: 0.9887, MAE: 0.0337
2025-11-13 14:58:31,768 - INFO - Epoch [100/200], Train Loss: 0.024332, Val Loss: 0.032685, R²: 0.9888, MAE: 0.0327
2025-11-13 15:07:38,455 - INFO - Epoch [110/200], Train Loss: 0.024002, Val Loss: 0.032453, R²: 0.9888, MAE: 0.0325
2025-11-13 15:16:47,629 - INFO - Epoch [120/200], Train Loss: 0.023798, Val Loss: 0.032292, R²: 0.9889, MAE: 0.0323
2025-11-13 15:25:55,782 - INFO - Epoch [130/200], Train Loss: 0.023572, Val Loss: 0.032177, R²: 0.9890, MAE: 0.0322
2025-11-13 15:35:03,882 - INFO - Epoch [140/200], Train Loss: 0.023338, Val Loss: 0.031833, R²: 0.9890, MAE: 0.0318
2025-11-13 15:44:09,747 - INFO - Epoch [150/200], Train Loss: 0.023122, Val Loss: 0.031666, R²: 0.9890, MAE: 0.0317
2025-11-13 15:53:17,484 - INFO - Epoch [160/200], Train Loss: 0.022916, Val Loss: 0.031429, R²: 0.9891, MAE: 0.0314
2025-11-13 16:02:27,708 - INFO - Epoch [170/200], Train Loss: 0.022719, Val Loss: 0.031329, R²: 0.9891, MAE: 0.0313
2025-11-13 16:11:37,846 - INFO - Epoch [180/200], Train Loss: 0.022547, Val Loss: 0.031205, R²: 0.9892, MAE: 0.0312
2025-11-13 16:20:44,757 - INFO - Epoch [190/200], Train Loss: 0.022337, Val Loss: 0.030927, R²: 0.9892, MAE: 0.0309
2025-11-13 16:29:51,957 - INFO - Epoch [200/200], Train Loss: 0.022148, Val Loss: 0.030756, R²: 0.9893, MAE: 0.0308
2025-11-13 16:29:51,958 - INFO - 开始训练 (200 轮)...
2025-11-13 16:29:54,629 - INFO - 模型已保存至: /home/data2/rhj/project/mol_editor/mol_evo/../mol_evo/output/v0/MoleculeEvolutionTensornetLinearPredictor/train-20251113_132628-gap_change_pct-30000-200/last.pth
2025-11-13 16:29:54,629 - INFO - 
2025-11-13 16:29:54,629 - INFO - ============================================================
2025-11-13 16:29:54,629 - INFO - 训练完成 - 最终评估结果
2025-11-13 16:29:54,629 - INFO - ============================================================
2025-11-13 16:29:54,629 - INFO - 测试集损失: 0.029492
2025-11-13 16:29:54,630 - INFO - RMSE: 0.099721
2025-11-13 16:29:54,630 - INFO - MAE: 0.029492
2025-11-13 16:29:54,630 - INFO - R²: 0.989749
2025-11-13 16:29:54,630 - INFO - PCC: 0.994866
2025-11-13 16:29:54,630 - INFO - Rank Loss: 0.349557
2025-11-13 16:29:54,630 - INFO - 
2025-11-13 16:29:54,630 - INFO - 阈值准确率:
2025-11-13 16:29:54,630 - INFO -   阈值 0.5: 99.47%
2025-11-13 16:29:54,630 - INFO -   阈值 0.4: 99.20%
2025-11-13 16:29:54,630 - INFO -   阈值 0.30000000000000004: 98.37%
2025-11-13 16:29:54,630 - INFO -   阈值 0.20000000000000004: 96.56%
2025-11-13 16:29:54,630 - INFO -   阈值 0.10000000000000003: 91.69%
2025-11-13 16:29:54,630 - INFO -   阈值 0.05000000000000002: 86.49%
2025-11-13 16:29:54,630 - INFO -   阈值 0.040000000000000015: 84.79%
2025-11-13 16:29:54,630 - INFO -   阈值 0.030000000000000013: 82.35%
2025-11-13 16:29:54,630 - INFO -   阈值 0.02000000000000001: 79.05%
2025-11-13 16:29:54,630 - INFO -   阈值 0.01000000000000001: 71.48%
2025-11-13 16:29:54,630 - INFO -   阈值 0.005000000000000005: 59.51%
2025-11-13 16:29:54,630 - INFO -   阈值 0.004000000000000005: 53.40%
2025-11-13 16:29:54,630 - INFO -   阈值 0.0030000000000000053: 45.53%
2025-11-13 16:29:54,630 - INFO - 
2025-11-13 16:29:54,630 - INFO - 训练完成:
2025-11-13 16:29:54,630 - INFO -   - 最终训练损失: 0.022148
2025-11-13 16:29:54,630 - INFO -   - 最佳验证损失: 0.030756
2025-11-13 16:29:54,630 - INFO -   - 测试损失 (MSE): 0.029492
2025-11-13 16:29:54,631 - INFO -   - 测试RMSE: 0.099721
2025-11-13 16:29:54,631 - INFO -   - 测试MAE: 0.029492
2025-11-13 16:29:54,631 - INFO -   - 测试R²: 0.989749
2025-11-13 16:29:54,631 - INFO -   - 测试PCC: 0.994866
2025-11-13 16:29:54,631 - INFO -   - 测试Rank Loss: 0.349557
2025-11-13 16:29:54,631 - INFO -   - 测试阈值准确率 (0.5): 0.9947
2025-11-13 16:29:54,631 - INFO -   - 测试阈值准确率 (0.4): 0.9920
2025-11-13 16:29:54,631 - INFO -   - 测试阈值准确率 (0.30000000000000004): 0.9837
2025-11-13 16:29:54,631 - INFO -   - 测试阈值准确率 (0.20000000000000004): 0.9656
2025-11-13 16:29:54,631 - INFO -   - 测试阈值准确率 (0.10000000000000003): 0.9169
2025-11-13 16:29:54,631 - INFO -   - 测试阈值准确率 (0.05000000000000002): 0.8649
2025-11-13 16:29:54,631 - INFO -   - 测试阈值准确率 (0.040000000000000015): 0.8479
2025-11-13 16:29:54,631 - INFO -   - 测试阈值准确率 (0.030000000000000013): 0.8235
2025-11-13 16:29:54,631 - INFO -   - 测试阈值准确率 (0.02000000000000001): 0.7905
2025-11-13 16:29:54,631 - INFO -   - 测试阈值准确率 (0.01000000000000001): 0.7148
2025-11-13 16:29:54,631 - INFO -   - 测试阈值准确率 (0.005000000000000005): 0.5951
2025-11-13 16:29:54,631 - INFO -   - 测试阈值准确率 (0.004000000000000005): 0.5340
2025-11-13 16:29:54,631 - INFO -   - 测试阈值准确率 (0.0030000000000000053): 0.4553
2025-11-13 16:29:54,631 - INFO -   - 模型已保存到: /home/data2/rhj/project/mol_editor/mol_evo/../mol_evo/output/v0/MoleculeEvolutionTensornetLinearPredictor/train-20251113_132628-gap_change_pct-30000-200/last.pth
2025-11-13 16:29:54,631 - INFO - 训练结果已保存到: /home/data2/rhj/project/mol_editor/mol_evo/../mol_evo/output/v0/MoleculeEvolutionTensornetLinearPredictor/train-20251113_132628-gap_change_pct-30000-200/training_results.json
2025-11-13 16:29:54,631 - INFO - 模型目录: /home/data2/rhj/project/mol_editor/mol_evo/../mol_evo/output/v0/MoleculeEvolutionTensornetLinearPredictor/train-20251113_132628-gap_change_pct-30000-200
