2025-11-14 20:53:38,494 - INFO - ============================================================
2025-11-14 20:53:38,494 - INFO - 数据文件: /home/data2/rhj/project/mol_editor/mol_evo/dataset/data/tmp/qm9-evo-pairs-step-1-pairs-v0-81005-with-properties-pct.json
2025-11-14 20:53:38,494 - INFO - 最大对数: 80000
2025-11-14 20:53:38,494 - INFO - 训练轮数: 200
2025-11-14 20:53:38,495 - INFO - ============================================================
2025-11-14 20:53:38,495 - INFO - 模型配置已保存到: /home/data2/rhj/project/mol_editor/mol_evo/../mol_evo/output/v0/MoleculeEvolutionVisnetLinearPredictor/train-20251114_205338-mu_change-80000-200/model_config.json
2025-11-14 20:53:38,495 - INFO - 正在构建图数据: /home/data2/rhj/project/mol_editor/mol_evo/dataset/data/tmp/qm9-evo-pairs-step-1-pairs-v0-81005-with-properties-pct.json
2025-11-14 20:53:43,289 - INFO - 加载缓存文件: /home/data2/rhj/project/mol_editor/mol_evo/core/utils/../../.cache/molecule_graphs/csv_qm9-evo-pairs-step-1-pairs-v0-81005-with-properties-pct_3e3e8fb9d5f3ef32.pt，包含 13086 个分子
2025-11-14 20:54:18,865 - WARNING - 跳过第26973行分子对: O=C1[C@H]2C[C@@H]3[C@H]2N13 -> C[C@]12[C@@H]3C[C@H]1N2C3=O (数据为None)
2025-11-14 20:55:10,481 - WARNING - 跳过第65375行分子对: C[C@]12C[C@H](C1)[C@H]2CO -> C1OC[C@]23C[C@H](C2)[C@H]13 (数据为None)
2025-11-14 20:55:11,893 - WARNING - 跳过第66217行分子对: COCC12C[NH+](C1)C2 -> C1OC[C@]23C[N@H+](C2)[C@H]13 (数据为None)
2025-11-14 20:55:13,212 - WARNING - 跳过第66723行分子对: [NH-][C@@H]1O[C@]23C[C@H](C2)[C@@H]13 -> C[C@H]1O[C@]23C[C@H](C2)[C@@H]13 (数据为None)
2025-11-14 20:55:13,797 - WARNING - 跳过第66724行分子对: [NH-][C@@H]1O[C@]23C[N@H+](C2)[C@@H]13 -> C[C@H]1O[C@]23C[N@H+](C2)[C@@H]13 (数据为None)
2025-11-14 20:55:14,218 - WARNING - 跳过第66725行分子对: O=C1N[C@]23C[C@H](C2)[C@@H]13 -> O=C1O[C@]23C[C@H](C2)[C@@H]13 (数据为None)
2025-11-14 20:55:14,679 - WARNING - 跳过第66726行分子对: O=C1N[C@]23C[N@H+](C2)[C@@H]13 -> O=C1O[C@]23C[N@H+](C2)[C@@H]13 (数据为None)
2025-11-14 20:55:15,090 - WARNING - 跳过第66727行分子对: O=C1O[C@]23C[C@H](C2)[C@@H]13 -> O=C1N[C@]23C[C@H](C2)[C@@H]13 (数据为None)
2025-11-14 20:55:15,485 - WARNING - 跳过第66728行分子对: O=C1O[C@]23C[N@H+](C2)[C@@H]13 -> O=C1N[C@]23C[N@H+](C2)[C@@H]13 (数据为None)
2025-11-14 20:55:16,027 - WARNING - 跳过第66729行分子对: C[C@H]1C[C@]23C[C@H](C2)[C@@H]13 -> C1[C@H]2C[C@H]3C[C@H](C3)[C@@H]12 (数据为None)
2025-11-14 20:55:16,807 - WARNING - 跳过第66730行分子对: C[C@H]1C[C@]23C[N@H+](C2)[C@@H]13 -> O[C@H]1C[C@]23C[N@H+](C2)[C@@H]13 (数据为None)
2025-11-14 20:55:17,477 - WARNING - 跳过第66731行分子对: C[C@H]1O[C@]23C[C@H](C2)[C@@H]13 -> [NH-][C@@H]1O[C@]23C[C@H](C2)[C@@H]13 (数据为None)
2025-11-14 20:55:18,062 - WARNING - 跳过第66732行分子对: C[C@H]1O[C@]23C[N@H+](C2)[C@@H]13 -> [NH-][C@@H]1O[C@]23C[N@H+](C2)[C@@H]13 (数据为None)
2025-11-14 20:55:18,453 - WARNING - 跳过第66733行分子对: C[C@H]1O[C@]23C[N@H+](C2)[C@@H]13 -> C1[C@H]2O[C@H]3C[N@H+](C3)[C@@H]12 (数据为None)
2025-11-14 20:55:19,311 - WARNING - 跳过第66734行分子对: O[C@H]1C[C@]23C[N@H+](C2)[C@@H]13 -> C[C@H]1C[C@]23C[N@H+](C2)[C@@H]13 (数据为None)
2025-11-14 20:55:36,579 - INFO - 分子处理统计: 总数=160000, 命中=159974, 未命中=26, 命中率=99.98%
2025-11-14 20:55:36,733 - INFO - --- 训练集样本示例 (头部数据) ---
2025-11-14 20:55:36,733 - INFO -   样本       起始节点数        起始边数         目标节点数        目标边数         边特征             目标属性值          
2025-11-14 20:55:36,733 - INFO -   --------------------------------------------------------------------------------
2025-11-14 20:55:36,733 - INFO -   DEBUG: 边特征维度 = 25
2025-11-14 20:55:36,733 - INFO -   DEBUG: 第一个样本的边特征值 = [0.0, 0.0, 1.0, 0.0, 0.0, 0.0, 0.0, 0.0, 0.0, 0.0, 0.0, 0.0, 0.0, 0.0, 0.0, 1.0, 0.049671415239572525, -0.013826429843902588, 0.06476885080337524, 0.15230298042297363, -0.02341533824801445, -0.02341369539499283, 0.15792128443717957, 0.0767434760928154, 1.0]
2025-11-14 20:55:36,733 - INFO -   DEBUG: 原子类型数量 = 4, 操作类型数量 = 12
2025-11-14 20:55:36,733 - INFO -   DEBUG: 边特征总长度 = 25
2025-11-14 20:55:36,733 - INFO -   DEBUG: 原子类型one-hot编码 = [0.0, 0.0, 1.0, 0.0]
2025-11-14 20:55:36,734 - INFO -   DEBUG: 操作类型one-hot编码 = [0.0, 0.0, 0.0, 0.0, 0.0, 0.0, 0.0, 0.0, 0.0, 0.0, 0.0, 1.0]
2025-11-14 20:55:36,734 - INFO -   DEBUG: 原子类型列表 = ['C', 'F', 'N', 'O']
2025-11-14 20:55:36,734 - INFO -   DEBUG: 操作类型列表 = ['add_atom', 'add_stereo', 'form_double_bond', 'form_double_ring', 'form_ring', 'form_triple_bond', 'remove_add_stereo', 'remove_form_double_bond', 'remove_form_double_ring', 'remove_form_ring', 'remove_form_triple_bond', 'replace_atom']
2025-11-14 20:55:36,734 - INFO -   1        5            8            4            6            [0.0, 0.0, 1.   1.283813       
2025-11-14 20:55:36,734 - INFO -   2        5            8            3            4            [0.0, 0.0, 0.   1.462490       
2025-11-14 20:55:36,734 - INFO -   3        4            6            5            8            [1.0, 0.0, 0.   -1.292303      
2025-11-14 20:55:36,734 - INFO -   --------------------------------------------------------------------------------
2025-11-14 20:55:36,734 - INFO - 
数据构建完成:
2025-11-14 20:55:36,734 - INFO -   项目                   值                   
2025-11-14 20:55:36,734 - INFO -   ---------------------------------------- --------------------
2025-11-14 20:55:36,734 - INFO -   样本数                  79985               
2025-11-14 20:55:36,734 - INFO -   节点特征维度               11                  
2025-11-14 20:55:36,734 - INFO -   边特征维度                25                  
2025-11-14 20:55:36,734 - INFO -   目标属性变化维度             1                   
2025-11-14 20:55:36,742 - INFO - 数据集划分完成:
2025-11-14 20:55:36,742 - INFO -   - 训练集: 63988 (80.0%)
2025-11-14 20:55:36,742 - INFO -   - 验证集: 7998 (10.0%)
2025-11-14 20:55:36,742 - INFO -   - 测试集: 7999 (10.0%)
2025-11-14 20:55:36,873 - INFO - 更新模型边特征维度: 11 -> 25
2025-11-14 20:55:37,010 - INFO - 正在创建模型...
2025-11-14 20:55:37,011 - INFO - 模型参数数量: 4452301
2025-11-14 20:55:37,011 - INFO - 使用设备: cuda
2025-11-14 20:55:37,438 - INFO - 开始训练 (200 轮)...
2025-11-14 21:16:37,160 - INFO - Epoch [10/200], Train Loss: 0.366399, Val Loss: 0.369355, R²: 0.6408, MAE: 0.3694
2025-11-14 21:37:11,313 - INFO - Epoch [20/200], Train Loss: 0.184636, Val Loss: 0.216837, R²: 0.8325, MAE: 0.2168
2025-11-14 21:58:04,008 - INFO - Epoch [30/200], Train Loss: 0.122063, Val Loss: 0.173586, R²: 0.8902, MAE: 0.1736
2025-11-14 22:18:50,940 - INFO - Epoch [40/200], Train Loss: 0.095391, Val Loss: 0.132593, R²: 0.9226, MAE: 0.1326
2025-11-14 22:39:19,306 - INFO - Epoch [50/200], Train Loss: 0.082388, Val Loss: 0.114323, R²: 0.9360, MAE: 0.1143
2025-11-14 22:59:54,353 - INFO - Epoch [60/200], Train Loss: 0.048987, Val Loss: 0.076013, R²: 0.9517, MAE: 0.0760
2025-11-14 23:20:43,056 - INFO - Epoch [70/200], Train Loss: 0.028792, Val Loss: 0.064899, R²: 0.9560, MAE: 0.0649
2025-11-14 23:41:03,681 - INFO - Epoch [80/200], Train Loss: 0.014456, Val Loss: 0.052513, R²: 0.9579, MAE: 0.0525
2025-11-15 00:01:42,268 - INFO - Epoch [90/200], Train Loss: 0.012805, Val Loss: 0.050073, R²: 0.9584, MAE: 0.0501
2025-11-15 00:22:27,000 - INFO - Epoch [100/200], Train Loss: 0.012004, Val Loss: 0.048535, R²: 0.9588, MAE: 0.0485
2025-11-15 00:43:05,402 - INFO - Epoch [110/200], Train Loss: 0.008104, Val Loss: 0.045626, R²: 0.9593, MAE: 0.0456
2025-11-15 01:03:52,136 - INFO - Epoch [120/200], Train Loss: 0.007710, Val Loss: 0.045266, R²: 0.9593, MAE: 0.0453
2025-11-15 01:24:37,942 - INFO - Epoch [130/200], Train Loss: 0.007445, Val Loss: 0.044775, R²: 0.9595, MAE: 0.0448
2025-11-15 01:45:17,791 - INFO - Epoch [140/200], Train Loss: 0.007220, Val Loss: 0.044654, R²: 0.9595, MAE: 0.0447
2025-11-15 02:05:57,234 - INFO - Epoch [150/200], Train Loss: 0.007062, Val Loss: 0.044201, R²: 0.9597, MAE: 0.0442
2025-11-15 02:26:40,103 - INFO - Epoch [160/200], Train Loss: 0.006832, Val Loss: 0.043997, R²: 0.9598, MAE: 0.0440
2025-11-15 02:47:02,290 - INFO - Epoch [170/200], Train Loss: 0.005772, Val Loss: 0.043044, R²: 0.9600, MAE: 0.0430
2025-11-15 03:07:35,647 - INFO - Epoch [180/200], Train Loss: 0.005656, Val Loss: 0.042896, R²: 0.9600, MAE: 0.0429
2025-11-15 03:28:13,582 - INFO - Epoch [190/200], Train Loss: 0.005599, Val Loss: 0.042778, R²: 0.9600, MAE: 0.0428
2025-11-15 03:48:41,189 - INFO - Epoch [200/200], Train Loss: 0.005512, Val Loss: 0.042630, R²: 0.9601, MAE: 0.0426
2025-11-15 03:48:41,190 - INFO - 开始训练 (200 轮)...
2025-11-15 03:48:48,463 - INFO - 模型已保存至: /home/data2/rhj/project/mol_editor/mol_evo/../mol_evo/output/v0/MoleculeEvolutionVisnetLinearPredictor/train-20251114_205338-mu_change-80000-200/last.pth
2025-11-15 03:48:48,464 - INFO - 
2025-11-15 03:48:48,464 - INFO - ============================================================
2025-11-15 03:48:48,464 - INFO - 训练完成 - 最终评估结果
2025-11-15 03:48:48,464 - INFO - ============================================================
2025-11-15 03:48:48,464 - INFO - 测试集损失: 0.042803
2025-11-15 03:48:48,464 - INFO - RMSE: 0.194657
2025-11-15 03:48:48,464 - INFO - MAE: 0.042803
2025-11-15 03:48:48,464 - INFO - R²: 0.960632
2025-11-15 03:48:48,464 - INFO - PCC: 0.980168
2025-11-15 03:48:48,464 - INFO - Rank Loss: 0.331672
2025-11-15 03:48:48,464 - INFO - 
2025-11-15 03:48:48,464 - INFO - 阈值准确率:
2025-11-15 03:48:48,464 - INFO -   阈值 0.5: 97.40%
2025-11-15 03:48:48,464 - INFO -   阈值 0.4: 96.84%
2025-11-15 03:48:48,464 - INFO -   阈值 0.30000000000000004: 95.90%
2025-11-15 03:48:48,464 - INFO -   阈值 0.20000000000000004: 94.56%
2025-11-15 03:48:48,464 - INFO -   阈值 0.10000000000000003: 92.37%
2025-11-15 03:48:48,464 - INFO -   阈值 0.05000000000000002: 90.10%
2025-11-15 03:48:48,464 - INFO -   阈值 0.040000000000000015: 89.30%
2025-11-15 03:48:48,465 - INFO -   阈值 0.030000000000000013: 88.42%
2025-11-15 03:48:48,465 - INFO -   阈值 0.02000000000000001: 87.14%
2025-11-15 03:48:48,465 - INFO -   阈值 0.01000000000000001: 82.54%
2025-11-15 03:48:48,465 - INFO -   阈值 0.005000000000000005: 73.23%
2025-11-15 03:48:48,465 - INFO -   阈值 0.004000000000000005: 69.01%
2025-11-15 03:48:48,465 - INFO -   阈值 0.0030000000000000053: 62.38%
2025-11-15 03:48:48,465 - INFO -   阈值 0.0020000000000000052: 50.79%
2025-11-15 03:48:48,465 - INFO -   阈值 0.0010000000000000052: 31.74%
2025-11-15 03:48:48,465 - INFO - 
2025-11-15 03:48:48,465 - INFO - 训练完成:
2025-11-15 03:48:48,465 - INFO -   - 最终训练损失: 0.005512
2025-11-15 03:48:48,465 - INFO -   - 最佳验证损失: 0.042630
2025-11-15 03:48:48,465 - INFO -   - 测试损失 (MSE): 0.042803
2025-11-15 03:48:48,465 - INFO -   - 测试RMSE: 0.194657
2025-11-15 03:48:48,465 - INFO -   - 测试MAE: 0.042803
2025-11-15 03:48:48,465 - INFO -   - 测试R²: 0.960632
2025-11-15 03:48:48,465 - INFO -   - 测试PCC: 0.980168
2025-11-15 03:48:48,465 - INFO -   - 测试Rank Loss: 0.331672
2025-11-15 03:48:48,465 - INFO -   - 测试阈值准确率 (0.5): 0.9740
2025-11-15 03:48:48,465 - INFO -   - 测试阈值准确率 (0.4): 0.9684
2025-11-15 03:48:48,465 - INFO -   - 测试阈值准确率 (0.30000000000000004): 0.9590
2025-11-15 03:48:48,465 - INFO -   - 测试阈值准确率 (0.20000000000000004): 0.9456
2025-11-15 03:48:48,465 - INFO -   - 测试阈值准确率 (0.10000000000000003): 0.9237
2025-11-15 03:48:48,466 - INFO -   - 测试阈值准确率 (0.05000000000000002): 0.9010
2025-11-15 03:48:48,466 - INFO -   - 测试阈值准确率 (0.040000000000000015): 0.8930
2025-11-15 03:48:48,466 - INFO -   - 测试阈值准确率 (0.030000000000000013): 0.8842
2025-11-15 03:48:48,466 - INFO -   - 测试阈值准确率 (0.02000000000000001): 0.8714
2025-11-15 03:48:48,466 - INFO -   - 测试阈值准确率 (0.01000000000000001): 0.8254
2025-11-15 03:48:48,466 - INFO -   - 测试阈值准确率 (0.005000000000000005): 0.7323
2025-11-15 03:48:48,466 - INFO -   - 测试阈值准确率 (0.004000000000000005): 0.6901
2025-11-15 03:48:48,466 - INFO -   - 测试阈值准确率 (0.0030000000000000053): 0.6238
2025-11-15 03:48:48,466 - INFO -   - 测试阈值准确率 (0.0020000000000000052): 0.5079
2025-11-15 03:48:48,466 - INFO -   - 测试阈值准确率 (0.0010000000000000052): 0.3174
2025-11-15 03:48:48,466 - INFO -   - 模型已保存到: /home/data2/rhj/project/mol_editor/mol_evo/../mol_evo/output/v0/MoleculeEvolutionVisnetLinearPredictor/train-20251114_205338-mu_change-80000-200/last.pth
2025-11-15 03:48:48,466 - INFO - 训练结果已保存到: /home/data2/rhj/project/mol_editor/mol_evo/../mol_evo/output/v0/MoleculeEvolutionVisnetLinearPredictor/train-20251114_205338-mu_change-80000-200/training_results.json
2025-11-15 03:48:48,466 - INFO - 模型目录: /home/data2/rhj/project/mol_editor/mol_evo/../mol_evo/output/v0/MoleculeEvolutionVisnetLinearPredictor/train-20251114_205338-mu_change-80000-200
