2025-11-10 16:49:36,945 - INFO - ============================================================
2025-11-10 16:49:36,945 - INFO - 数据文件: mol_evo/dataset/data/qm9-evo-pairs-step-1-with-properties-pct.csv
2025-11-10 16:49:36,945 - INFO - 最大对数: 30000
2025-11-10 16:49:36,945 - INFO - 训练轮数: 200
2025-11-10 16:49:36,945 - INFO - ============================================================
2025-11-10 16:49:36,945 - INFO - 正在构建图数据: mol_evo/dataset/data/qm9-evo-pairs-step-1-with-properties-pct.csv
2025-11-10 16:49:37,602 - INFO - 加载缓存文件: /home/data2/rhj/project/mol_editor/mol_evo/core/utils/../../.cache/molecule_graphs/csv_qm9-evo-pairs-step-1-with-properties-pct_3cbb45cc1ac9202d.pt，包含 1994 个分子
2025-11-10 16:49:41,986 - WARNING - 跳过第25871行分子对: [H]O/N=C(\C([H])([H])[H])C([H])([H])C(C([H])([H])[H])(C([H])([H])[H])C([H])([H])[H] -> [H]ONC1C([H])([H])[C@]23C([H])([H])[C@]([H])(C2([H])[H])[C@@]13[H] (数据为None)
2025-11-10 16:49:42,796 - WARNING - 跳过第25984行分子对: [H]O/N=C(/C([H])([H])C([H])([H])[H])C(C([H])([H])[H])(C([H])([H])[H])C([H])([H])[H] -> [H]ONC1C([H])([H])[C@]23C([H])([H])[C@]([H])(C2([H])[H])[C@@]13[H] (数据为None)
2025-11-10 16:49:43,774 - WARNING - 跳过第26175行分子对: [H]O/N=C(\C([H])([H])[H])C(C([H])([H])[H])(C([H])([H])[H])C([H])([H])C([H])([H])[H] -> [H]ONC1C([H])([H])[C@]23C([H])([H])[C@]([H])(C2([H])[H])[C@@]13[H] (数据为None)
2025-11-10 16:49:44,662 - WARNING - 跳过第26431行分子对: [H]O/N=C(\C([H])([H])[H])C([H])([H])C([H])([H])C([H])(C([H])([H])[H])C([H])([H])[H] -> [H]ONC1C([H])([H])[C@]23C([H])([H])[C@]([H])(C2([H])[H])[C@@]13[H] (数据为None)
2025-11-10 16:49:45,464 - WARNING - 跳过第26530行分子对: [H]ONC1C(C([H])([H])[H])(C([H])([H])[H])C([H])([H])[C@]1([H])C([H])([H])[H] -> [H]ONC1C([H])([H])[C@]23C([H])([H])[C@]([H])(C2([H])[H])[C@@]13[H] (数据为None)
2025-11-10 16:49:46,305 - WARNING - 跳过第26630行分子对: [H]ONC1C([H])=C([H])C(C([H])([H])[H])(C([H])([H])[H])C1([H])[H] -> [H]ONC1C([H])([H])[C@]23C([H])([H])[C@]([H])(C2([H])[H])[C@@]13[H] (数据为None)
2025-11-10 16:49:47,118 - WARNING - 跳过第26691行分子对: [H]ONC1C([H])([H])C([H])([H])C(C([H])([H])[H])(C([H])([H])[H])C1([H])[H] -> [H]ONC1C([H])([H])[C@]23C([H])([H])[C@]([H])(C2([H])[H])[C@@]13[H] (数据为None)
2025-11-10 16:49:47,950 - WARNING - 跳过第26895行分子对: [H]O/N=C(\C([H])([H])C([H])([H])[H])C([H])([H])C([H])(C([H])([H])[H])C([H])([H])[H] -> [H]ONC1C([H])([H])[C@]23C([H])([H])[C@]([H])(C2([H])[H])[C@@]13[H] (数据为None)
2025-11-10 16:49:48,773 - WARNING - 跳过第27044行分子对: [H]C#C[C@]1(C([H])([H])[H])C([H])([H])[C@@H](NO[H])C1([H])[H] -> [H]ONC1C([H])([H])[C@]23C([H])([H])[C@]([H])(C2([H])[H])[C@@]13[H] (数据为None)
2025-11-10 16:49:49,603 - WARNING - 跳过第27152行分子对: [H]ON[C@H]1C([H])([H])[C@](C([H])([H])[H])(C([H])([H])C([H])([H])[H])C1([H])[H] -> [H]ONC1C([H])([H])[C@]23C([H])([H])[C@]([H])(C2([H])[H])[C@@]13[H] (数据为None)
2025-11-10 16:49:50,417 - WARNING - 跳过第27266行分子对: [H]O/N=C(\C([H])([H])[H])C([H])([H])C1(C([H])([H])[H])C([H])([H])C1([H])[H] -> [H]ONC1C([H])([H])[C@]23C([H])([H])[C@]([H])(C2([H])[H])[C@@]13[H] (数据为None)
2025-11-10 16:49:51,282 - WARNING - 跳过第27714行分子对: [H]O/N=C(\C([H])([H])[H])C([H])([H])C([H])([H])C([H])([H])C([H])([H])C([H])([H])[H] -> [H]ONC1C([H])([H])[C@]23C([H])([H])[C@]([H])(C2([H])[H])[C@@]13[H] (数据为None)
2025-11-10 16:49:52,081 - WARNING - 跳过第27835行分子对: [H]ONC1C([H])([H])C([H])=C([H])C1(C([H])([H])[H])C([H])([H])[H] -> [H]ONC1C([H])([H])[C@]23C([H])([H])[C@]([H])(C2([H])[H])[C@@]13[H] (数据为None)
2025-11-10 16:49:52,879 - WARNING - 跳过第27878行分子对: [H]ONC1=C([H])[C-]([H])C([H])([H])C1(C([H])([H])[H])C([H])([H])[H] -> [H]ONC1C([H])([H])[C@]23C([H])([H])[C@]([H])(C2([H])[H])[C@@]13[H] (数据为None)
2025-11-10 16:49:53,663 - WARNING - 跳过第27924行分子对: [H]ONC1C([H])([H])C([H])([H])C([H])([H])C1(C([H])([H])[H])C([H])([H])[H] -> [H]ONC1C([H])([H])[C@]23C([H])([H])[C@]([H])(C2([H])[H])[C@@]13[H] (数据为None)
2025-11-10 16:49:54,499 - WARNING - 跳过第28107行分子对: [H]ON=C(C([H])([H])C([H])([H])C([H])([H])[H])C([H])([H])C([H])([H])C([H])([H])[H] -> [H]ONC1C([H])([H])[C@]23C([H])([H])[C@]([H])(C2([H])[H])[C@@]13[H] (数据为None)
2025-11-10 16:49:55,343 - WARNING - 跳过第28312行分子对: [H]O/N=C(/C([H])([H])C([H])([H])C([H])([H])[H])C([H])(C([H])([H])[H])C([H])([H])[H] -> [H]ONC1C([H])([H])[C@]23C([H])([H])[C@]([H])(C2([H])[H])[C@@]13[H] (数据为None)
2025-11-10 16:49:56,192 - WARNING - 跳过第28519行分子对: [H]ON=C(C([H])(C([H])([H])[H])C([H])([H])[H])C([H])(C([H])([H])[H])C([H])([H])[H] -> [H]ONC1C([H])([H])[C@]23C([H])([H])[C@]([H])(C2([H])[H])[C@@]13[H] (数据为None)
2025-11-10 16:49:57,025 - WARNING - 跳过第28649行分子对: [H]O/N=C(\C([H])([H])[H])C1(C([H])([H])[H])C([H])([H])C([H])([H])C1([H])[H] -> [H]ONC1C([H])([H])[C@]23C([H])([H])[C@]([H])(C2([H])[H])[C@@]13[H] (数据为None)
2025-11-10 16:49:57,869 - WARNING - 跳过第28853行分子对: [H]ON[C@H]1C([H])([H])[C@]([H])(C([H])(C([H])([H])[H])C([H])([H])[H])C1([H])[H] -> [H]ONC1C([H])([H])[C@]23C([H])([H])[C@]([H])(C2([H])[H])[C@@]13[H] (数据为None)
2025-11-10 16:49:58,679 - WARNING - 跳过第28960行分子对: [H]O/N=C(\C([H])([H])[H])[C@]1([H])C([H])([H])[C@@]([H])(C([H])([H])[H])C1([H])[H] -> [H]ONC1C([H])([H])[C@]23C([H])([H])[C@]([H])(C2([H])[H])[C@@]13[H] (数据为None)
2025-11-10 16:49:59,492 - WARNING - 跳过第29052行分子对: [H]ONC1C([H])=C(C([H])([H])[H])C([H])([H])C([H])([H])C1([H])[H] -> [H]ONC1C([H])([H])[C@]23C([H])([H])[C@]([H])(C2([H])[H])[C@@]13[H] (数据为None)
2025-11-10 16:50:00,277 - WARNING - 跳过第29115行分子对: [H]ONC1C([H])([H])C(C([H])([H])[H])=C([H])C([H])([H])C1([H])[H] -> [H]ONC1C([H])([H])[C@]23C([H])([H])[C@]([H])(C2([H])[H])[C@@]13[H] (数据为None)
2025-11-10 16:50:01,119 - WARNING - 跳过第29191行分子对: [H]ONC1C([H])([H])C([H])([H])C([H])([H])[C@]([H])(C([H])([H])[H])C1([H])[H] -> [H]ONC1C([H])([H])[C@]23C([H])([H])[C@]([H])(C2([H])[H])[C@@]13[H] (数据为None)
2025-11-10 16:50:01,919 - WARNING - 跳过第29259行分子对: [H]ONC1C([H])([H])C(C([H])([H])[H])=C(C([H])([H])[H])C1([H])[H] -> [H]ONC1C([H])([H])[C@]23C([H])([H])[C@]([H])(C2([H])[H])[C@@]13[H] (数据为None)
2025-11-10 16:50:02,724 - WARNING - 跳过第29362行分子对: [H]ONC1C([H])([H])C(C([H])([H])[H])=C([H])[C@]1([H])C([H])([H])[H] -> [H]ONC1C([H])([H])[C@]23C([H])([H])[C@]([H])(C2([H])[H])[C@@]13[H] (数据为None)
2025-11-10 16:50:03,252 - WARNING - 跳过第29437行分子对: [H][N-]C1O[C@]([H])(C([H])([H])[H])C(NO[H])C1([H])[H] -> [H]ONC1C([H])([H])[C@]23C([H])([H])[N@@H+](C2([H])[H])[C@@]13[H] (数据为None)
2025-11-10 16:50:04,063 - WARNING - 跳过第29554行分子对: [H]ONC1C([H])([H])[C@]2([H])C([H])([H])[C@@]1(C([H])([H])[H])C2([H])[H] -> [H]ONC1C([H])([H])[C@]23C([H])([H])[C@]([H])(C2([H])[H])[C@@]13[H] (数据为None)
2025-11-10 16:50:04,864 - WARNING - 跳过第29644行分子对: [H]O/N=C(\C([H])([H])[H])C([H])([H])C1([H])C([H])([H])C([H])([H])C1([H])[H] -> [H]ONC1C([H])([H])[C@]23C([H])([H])[C@]([H])(C2([H])[H])[C@@]13[H] (数据为None)
2025-11-10 16:50:05,643 - WARNING - 跳过第29737行分子对: [H]C#CC([H])([H])[C@]1([H])C([H])([H])[C@@H](NO[H])C1([H])[H] -> [H]ONC1C([H])([H])[C@]23C([H])([H])[C@]([H])(C2([H])[H])[C@@]13[H] (数据为None)
2025-11-10 16:50:06,449 - WARNING - 跳过第29820行分子对: [H]ON[C@H]1C([H])([H])[C@]([H])(C#CC([H])([H])[H])C1([H])[H] -> [H]ONC1C([H])([H])[C@]23C([H])([H])[C@]([H])(C2([H])[H])[C@@]13[H] (数据为None)
2025-11-10 16:50:07,248 - WARNING - 跳过第29860行分子对: [H]ON[C@H]1C([H])([H])[C@]([H])(C([H])([H])C([H])([H])C([H])([H])[H])C1([H])[H] -> [H]ONC1C([H])([H])[C@]23C([H])([H])[C@]([H])(C2([H])[H])[C@@]13[H] (数据为None)
2025-11-10 16:50:08,040 - WARNING - 跳过第29968行分子对: [H]ONC1C([H])([H])C2(C1([H])[H])C([H])([H])C([H])([H])C2([H])[H] -> [H]ONC1C([H])([H])[C@]23C([H])([H])[C@]([H])(C2([H])[H])[C@@]13[H] (数据为None)
2025-11-10 16:50:08,117 - INFO - 分子处理统计: 总数=60000, 命中=59967, 未命中=33, 命中率=99.94%
2025-11-10 16:50:08,162 - INFO - --- 训练集样本示例 (头部数据) ---
2025-11-10 16:50:08,162 - INFO -   样本       起始节点数        起始边数         目标节点数        目标边数         边特征             目标属性值          
2025-11-10 16:50:08,163 - INFO -   --------------------------------------------------------------------------------
2025-11-10 16:50:08,163 - INFO -   1        5            8            8            14           [1.0, 0.0, 0.   0.023518       
2025-11-10 16:50:08,163 - INFO -   2        3            4            6            10           [1.0, 0.0, 0.   -0.273184      
2025-11-10 16:50:08,163 - INFO -   3        4            6            11           20           [1.0, 0.0, 0.   0.077970       
2025-11-10 16:50:08,163 - INFO -   --------------------------------------------------------------------------------
2025-11-10 16:50:08,163 - INFO - 
数据构建完成:
2025-11-10 16:50:08,163 - INFO -   项目                   值                   
2025-11-10 16:50:08,163 - INFO -   ---------------------------------------- --------------------
2025-11-10 16:50:08,163 - INFO -   样本数                  29967               
2025-11-10 16:50:08,163 - INFO -   节点特征维度               11                  
2025-11-10 16:50:08,163 - INFO -   边特征维度                11                  
2025-11-10 16:50:08,163 - INFO -   目标属性变化维度             1                   
2025-11-10 16:50:08,166 - INFO - 数据集划分完成:
2025-11-10 16:50:08,166 - INFO -   - 训练集: 23973 (80.0%)
2025-11-10 16:50:08,166 - INFO -   - 验证集: 2996 (10.0%)
2025-11-10 16:50:08,166 - INFO -   - 测试集: 2998 (10.0%)
2025-11-10 16:50:08,302 - INFO - 正在创建模型...
2025-11-10 16:50:08,303 - INFO - 模型参数数量: 5505613
2025-11-10 16:50:08,303 - INFO - 使用设备: cuda
2025-11-10 16:50:09,964 - INFO - 开始训练 (200 轮)...
2025-11-10 16:55:58,455 - INFO - Epoch [10/200], Train Loss: 0.185758, Val Loss: 0.182764, R²: 0.8444, MAE: 0.1828
2025-11-10 17:01:57,702 - INFO - Epoch [20/200], Train Loss: 0.113390, Val Loss: 0.127351, R²: 0.9106, MAE: 0.1274
2025-11-10 17:07:32,585 - INFO - Epoch [30/200], Train Loss: 0.047929, Val Loss: 0.066111, R²: 0.9505, MAE: 0.0661
2025-11-10 17:13:10,033 - INFO - Epoch [40/200], Train Loss: 0.026083, Val Loss: 0.044673, R²: 0.9584, MAE: 0.0447
2025-11-10 17:18:46,003 - INFO - Epoch [50/200], Train Loss: 0.022412, Val Loss: 0.041285, R²: 0.9610, MAE: 0.0413
2025-11-10 17:24:23,395 - INFO - Epoch [60/200], Train Loss: 0.020017, Val Loss: 0.039612, R²: 0.9629, MAE: 0.0396
2025-11-10 17:29:58,955 - INFO - Epoch [70/200], Train Loss: 0.015146, Val Loss: 0.035285, R²: 0.9643, MAE: 0.0353
2025-11-10 17:35:39,730 - INFO - Epoch [80/200], Train Loss: 0.013473, Val Loss: 0.033513, R²: 0.9648, MAE: 0.0335
2025-11-10 17:41:18,577 - INFO - Epoch [90/200], Train Loss: 0.013010, Val Loss: 0.033284, R²: 0.9650, MAE: 0.0333
2025-11-10 17:46:56,520 - INFO - Epoch [100/200], Train Loss: 0.012715, Val Loss: 0.033172, R²: 0.9652, MAE: 0.0332
2025-11-10 17:52:35,842 - INFO - Epoch [110/200], Train Loss: 0.012402, Val Loss: 0.032497, R²: 0.9654, MAE: 0.0325
2025-11-10 17:58:12,871 - INFO - Epoch [120/200], Train Loss: 0.011989, Val Loss: 0.032641, R²: 0.9656, MAE: 0.0326
2025-11-10 18:03:53,262 - INFO - Epoch [130/200], Train Loss: 0.011510, Val Loss: 0.032177, R²: 0.9658, MAE: 0.0322
2025-11-10 18:09:31,534 - INFO - Epoch [140/200], Train Loss: 0.010977, Val Loss: 0.031700, R²: 0.9660, MAE: 0.0317
2025-11-10 18:15:10,968 - INFO - Epoch [150/200], Train Loss: 0.010755, Val Loss: 0.031399, R²: 0.9662, MAE: 0.0314
2025-11-10 18:20:48,220 - INFO - Epoch [160/200], Train Loss: 0.010511, Val Loss: 0.030975, R²: 0.9664, MAE: 0.0310
2025-11-10 18:26:26,924 - INFO - Epoch [170/200], Train Loss: 0.010380, Val Loss: 0.030953, R²: 0.9666, MAE: 0.0310
2025-11-10 18:32:06,632 - INFO - Epoch [180/200], Train Loss: 0.010236, Val Loss: 0.030912, R²: 0.9667, MAE: 0.0309
2025-11-10 18:37:44,535 - INFO - Epoch [190/200], Train Loss: 0.010035, Val Loss: 0.030339, R²: 0.9669, MAE: 0.0303
2025-11-10 18:43:21,826 - INFO - Epoch [200/200], Train Loss: 0.009883, Val Loss: 0.030262, R²: 0.9672, MAE: 0.0303
2025-11-10 18:43:21,827 - INFO - 开始训练 (200 轮)...
2025-11-10 18:43:24,982 - INFO - 模型已保存至: /home/data2/rhj/project/mol_editor/mol_evo/../mol_evo/output/v0/MoleculeEvolutionVisNetTransformerLinearPredictor/train-20251110_164936-mu_change-30000-200/last.pth
2025-11-10 18:43:24,982 - INFO - 
2025-11-10 18:43:24,982 - INFO - ============================================================
2025-11-10 18:43:24,982 - INFO - 训练完成 - 最终评估结果
2025-11-10 18:43:24,982 - INFO - ============================================================
2025-11-10 18:43:24,982 - INFO - 测试集损失: 0.027050
2025-11-10 18:43:24,982 - INFO - RMSE: 0.166154
2025-11-10 18:43:24,982 - INFO - MAE: 0.027050
2025-11-10 18:43:24,982 - INFO - R²: 0.969445
2025-11-10 18:43:24,982 - INFO - PCC: 0.984788
2025-11-10 18:43:24,982 - INFO - Rank Loss: 0.318221
2025-11-10 18:43:24,982 - INFO - 
2025-11-10 18:43:24,982 - INFO - 阈值准确率:
2025-11-10 18:43:24,982 - INFO -   阈值 0.5: 98.57%
2025-11-10 18:43:24,982 - INFO -   阈值 0.4: 98.23%
2025-11-10 18:43:24,982 - INFO -   阈值 0.30000000000000004: 97.60%
2025-11-10 18:43:24,982 - INFO -   阈值 0.20000000000000004: 96.90%
2025-11-10 18:43:24,983 - INFO -   阈值 0.10000000000000003: 95.80%
2025-11-10 18:43:24,983 - INFO -   阈值 0.05000000000000002: 94.10%
2025-11-10 18:43:24,983 - INFO -   阈值 0.040000000000000015: 93.20%
2025-11-10 18:43:24,983 - INFO -   阈值 0.030000000000000013: 92.39%
2025-11-10 18:43:24,983 - INFO -   阈值 0.02000000000000001: 91.19%
2025-11-10 18:43:24,983 - INFO -   阈值 0.01000000000000001: 87.42%
2025-11-10 18:43:24,983 - INFO -   阈值 0.005000000000000005: 78.85%
2025-11-10 18:43:24,983 - INFO -   阈值 0.004000000000000005: 74.15%
2025-11-10 18:43:24,983 - INFO -   阈值 0.0030000000000000053: 65.54%
2025-11-10 18:43:24,983 - INFO -   阈值 0.0020000000000000052: 48.73%
2025-11-10 18:43:24,983 - INFO - 
2025-11-10 18:43:24,983 - INFO - 训练完成:
2025-11-10 18:43:24,983 - INFO -   - 最终训练损失: 0.009883
2025-11-10 18:43:24,983 - INFO -   - 最佳验证损失: 0.030070
2025-11-10 18:43:24,983 - INFO -   - 测试损失 (MSE): 0.027050
2025-11-10 18:43:24,983 - INFO -   - 测试RMSE: 0.166154
2025-11-10 18:43:24,983 - INFO -   - 测试MAE: 0.027050
2025-11-10 18:43:24,983 - INFO -   - 测试R²: 0.969445
2025-11-10 18:43:24,983 - INFO -   - 测试PCC: 0.984788
2025-11-10 18:43:24,983 - INFO -   - 测试Rank Loss: 0.318221
2025-11-10 18:43:24,983 - INFO -   - 测试阈值准确率 (0.5): 0.9857
2025-11-10 18:43:24,983 - INFO -   - 测试阈值准确率 (0.4): 0.9823
2025-11-10 18:43:24,983 - INFO -   - 测试阈值准确率 (0.30000000000000004): 0.9760
2025-11-10 18:43:24,983 - INFO -   - 测试阈值准确率 (0.20000000000000004): 0.9690
2025-11-10 18:43:24,983 - INFO -   - 测试阈值准确率 (0.10000000000000003): 0.9580
2025-11-10 18:43:24,984 - INFO -   - 测试阈值准确率 (0.05000000000000002): 0.9410
2025-11-10 18:43:24,984 - INFO -   - 测试阈值准确率 (0.040000000000000015): 0.9320
2025-11-10 18:43:24,984 - INFO -   - 测试阈值准确率 (0.030000000000000013): 0.9239
2025-11-10 18:43:24,984 - INFO -   - 测试阈值准确率 (0.02000000000000001): 0.9119
2025-11-10 18:43:24,984 - INFO -   - 测试阈值准确率 (0.01000000000000001): 0.8742
2025-11-10 18:43:24,984 - INFO -   - 测试阈值准确率 (0.005000000000000005): 0.7885
2025-11-10 18:43:24,984 - INFO -   - 测试阈值准确率 (0.004000000000000005): 0.7415
2025-11-10 18:43:24,984 - INFO -   - 测试阈值准确率 (0.0030000000000000053): 0.6554
2025-11-10 18:43:24,984 - INFO -   - 测试阈值准确率 (0.0020000000000000052): 0.4873
2025-11-10 18:43:24,984 - INFO -   - 模型已保存到: /home/data2/rhj/project/mol_editor/mol_evo/../mol_evo/output/v0/MoleculeEvolutionVisNetTransformerLinearPredictor/train-20251110_164936-mu_change-30000-200/last.pth
2025-11-10 18:43:24,984 - INFO - 训练结果已保存到: /home/data2/rhj/project/mol_editor/mol_evo/../mol_evo/output/v0/MoleculeEvolutionVisNetTransformerLinearPredictor/train-20251110_164936-mu_change-30000-200/training_results.json
2025-11-10 18:43:24,984 - INFO - 模型目录: /home/data2/rhj/project/mol_editor/mol_evo/../mol_evo/output/v0/MoleculeEvolutionVisNetTransformerLinearPredictor/train-20251110_164936-mu_change-30000-200
