2025-11-02 00:41:44,579 - INFO - ============================================================
2025-11-02 00:41:44,579 - INFO - 数据文件: mol_evo/dataset/data/qm9-evo-pairs-step-1-with-properties-pct.csv
2025-11-02 00:41:44,579 - INFO - 最大对数: 30000
2025-11-02 00:41:44,579 - INFO - 训练轮数: 500
2025-11-02 00:41:44,579 - INFO - ============================================================
2025-11-02 00:41:44,579 - INFO - 正在构建图数据: mol_evo/dataset/data/qm9-evo-pairs-step-1-with-properties-pct.csv
2025-11-02 00:41:45,174 - INFO - 加载缓存文件: /home/data2/rhj/project/mol_editor/mol_evo/core/utils/../../.cache/molecule_graphs/csv_qm9-evo-pairs-step-1-with-properties-pct_3cbb45cc1ac9202d.pt，包含 1994 个分子
2025-11-02 00:41:49,400 - WARNING - 跳过第25871行分子对: [H]O/N=C(\C([H])([H])[H])C([H])([H])C(C([H])([H])[H])(C([H])([H])[H])C([H])([H])[H] -> [H]ONC1C([H])([H])[C@]23C([H])([H])[C@]([H])(C2([H])[H])[C@@]13[H] (数据为None)
2025-11-02 00:41:50,188 - WARNING - 跳过第25984行分子对: [H]O/N=C(/C([H])([H])C([H])([H])[H])C(C([H])([H])[H])(C([H])([H])[H])C([H])([H])[H] -> [H]ONC1C([H])([H])[C@]23C([H])([H])[C@]([H])(C2([H])[H])[C@@]13[H] (数据为None)
2025-11-02 00:41:51,132 - WARNING - 跳过第26175行分子对: [H]O/N=C(\C([H])([H])[H])C(C([H])([H])[H])(C([H])([H])[H])C([H])([H])C([H])([H])[H] -> [H]ONC1C([H])([H])[C@]23C([H])([H])[C@]([H])(C2([H])[H])[C@@]13[H] (数据为None)
2025-11-02 00:41:51,977 - WARNING - 跳过第26431行分子对: [H]O/N=C(\C([H])([H])[H])C([H])([H])C([H])([H])C([H])(C([H])([H])[H])C([H])([H])[H] -> [H]ONC1C([H])([H])[C@]23C([H])([H])[C@]([H])(C2([H])[H])[C@@]13[H] (数据为None)
2025-11-02 00:41:52,750 - WARNING - 跳过第26530行分子对: [H]ONC1C(C([H])([H])[H])(C([H])([H])[H])C([H])([H])[C@]1([H])C([H])([H])[H] -> [H]ONC1C([H])([H])[C@]23C([H])([H])[C@]([H])(C2([H])[H])[C@@]13[H] (数据为None)
2025-11-02 00:41:53,541 - WARNING - 跳过第26630行分子对: [H]ONC1C([H])=C([H])C(C([H])([H])[H])(C([H])([H])[H])C1([H])[H] -> [H]ONC1C([H])([H])[C@]23C([H])([H])[C@]([H])(C2([H])[H])[C@@]13[H] (数据为None)
2025-11-02 00:41:54,330 - WARNING - 跳过第26691行分子对: [H]ONC1C([H])([H])C([H])([H])C(C([H])([H])[H])(C([H])([H])[H])C1([H])[H] -> [H]ONC1C([H])([H])[C@]23C([H])([H])[C@]([H])(C2([H])[H])[C@@]13[H] (数据为None)
2025-11-02 00:41:55,132 - WARNING - 跳过第26895行分子对: [H]O/N=C(\C([H])([H])C([H])([H])[H])C([H])([H])C([H])(C([H])([H])[H])C([H])([H])[H] -> [H]ONC1C([H])([H])[C@]23C([H])([H])[C@]([H])(C2([H])[H])[C@@]13[H] (数据为None)
2025-11-02 00:41:55,930 - WARNING - 跳过第27044行分子对: [H]C#C[C@]1(C([H])([H])[H])C([H])([H])[C@@H](NO[H])C1([H])[H] -> [H]ONC1C([H])([H])[C@]23C([H])([H])[C@]([H])(C2([H])[H])[C@@]13[H] (数据为None)
2025-11-02 00:41:56,728 - WARNING - 跳过第27152行分子对: [H]ON[C@H]1C([H])([H])[C@](C([H])([H])[H])(C([H])([H])C([H])([H])[H])C1([H])[H] -> [H]ONC1C([H])([H])[C@]23C([H])([H])[C@]([H])(C2([H])[H])[C@@]13[H] (数据为None)
2025-11-02 00:41:57,517 - WARNING - 跳过第27266行分子对: [H]O/N=C(\C([H])([H])[H])C([H])([H])C1(C([H])([H])[H])C([H])([H])C1([H])[H] -> [H]ONC1C([H])([H])[C@]23C([H])([H])[C@]([H])(C2([H])[H])[C@@]13[H] (数据为None)
2025-11-02 00:41:58,351 - WARNING - 跳过第27714行分子对: [H]O/N=C(\C([H])([H])[H])C([H])([H])C([H])([H])C([H])([H])C([H])([H])C([H])([H])[H] -> [H]ONC1C([H])([H])[C@]23C([H])([H])[C@]([H])(C2([H])[H])[C@@]13[H] (数据为None)
2025-11-02 00:41:59,119 - WARNING - 跳过第27835行分子对: [H]ONC1C([H])([H])C([H])=C([H])C1(C([H])([H])[H])C([H])([H])[H] -> [H]ONC1C([H])([H])[C@]23C([H])([H])[C@]([H])(C2([H])[H])[C@@]13[H] (数据为None)
2025-11-02 00:41:59,894 - WARNING - 跳过第27878行分子对: [H]ONC1=C([H])[C-]([H])C([H])([H])C1(C([H])([H])[H])C([H])([H])[H] -> [H]ONC1C([H])([H])[C@]23C([H])([H])[C@]([H])(C2([H])[H])[C@@]13[H] (数据为None)
2025-11-02 00:42:00,652 - WARNING - 跳过第27924行分子对: [H]ONC1C([H])([H])C([H])([H])C([H])([H])C1(C([H])([H])[H])C([H])([H])[H] -> [H]ONC1C([H])([H])[C@]23C([H])([H])[C@]([H])(C2([H])[H])[C@@]13[H] (数据为None)
2025-11-02 00:42:01,457 - WARNING - 跳过第28107行分子对: [H]ON=C(C([H])([H])C([H])([H])C([H])([H])[H])C([H])([H])C([H])([H])C([H])([H])[H] -> [H]ONC1C([H])([H])[C@]23C([H])([H])[C@]([H])(C2([H])[H])[C@@]13[H] (数据为None)
2025-11-02 00:42:02,270 - WARNING - 跳过第28312行分子对: [H]O/N=C(/C([H])([H])C([H])([H])C([H])([H])[H])C([H])(C([H])([H])[H])C([H])([H])[H] -> [H]ONC1C([H])([H])[C@]23C([H])([H])[C@]([H])(C2([H])[H])[C@@]13[H] (数据为None)
2025-11-02 00:42:03,092 - WARNING - 跳过第28519行分子对: [H]ON=C(C([H])(C([H])([H])[H])C([H])([H])[H])C([H])(C([H])([H])[H])C([H])([H])[H] -> [H]ONC1C([H])([H])[C@]23C([H])([H])[C@]([H])(C2([H])[H])[C@@]13[H] (数据为None)
2025-11-02 00:42:03,899 - WARNING - 跳过第28649行分子对: [H]O/N=C(\C([H])([H])[H])C1(C([H])([H])[H])C([H])([H])C([H])([H])C1([H])[H] -> [H]ONC1C([H])([H])[C@]23C([H])([H])[C@]([H])(C2([H])[H])[C@@]13[H] (数据为None)
2025-11-02 00:42:04,701 - WARNING - 跳过第28853行分子对: [H]ON[C@H]1C([H])([H])[C@]([H])(C([H])(C([H])([H])[H])C([H])([H])[H])C1([H])[H] -> [H]ONC1C([H])([H])[C@]23C([H])([H])[C@]([H])(C2([H])[H])[C@@]13[H] (数据为None)
2025-11-02 00:42:05,458 - WARNING - 跳过第28960行分子对: [H]O/N=C(\C([H])([H])[H])[C@]1([H])C([H])([H])[C@@]([H])(C([H])([H])[H])C1([H])[H] -> [H]ONC1C([H])([H])[C@]23C([H])([H])[C@]([H])(C2([H])[H])[C@@]13[H] (数据为None)
2025-11-02 00:42:06,243 - WARNING - 跳过第29052行分子对: [H]ONC1C([H])=C(C([H])([H])[H])C([H])([H])C([H])([H])C1([H])[H] -> [H]ONC1C([H])([H])[C@]23C([H])([H])[C@]([H])(C2([H])[H])[C@@]13[H] (数据为None)
2025-11-02 00:42:07,008 - WARNING - 跳过第29115行分子对: [H]ONC1C([H])([H])C(C([H])([H])[H])=C([H])C([H])([H])C1([H])[H] -> [H]ONC1C([H])([H])[C@]23C([H])([H])[C@]([H])(C2([H])[H])[C@@]13[H] (数据为None)
2025-11-02 00:42:07,809 - WARNING - 跳过第29191行分子对: [H]ONC1C([H])([H])C([H])([H])C([H])([H])[C@]([H])(C([H])([H])[H])C1([H])[H] -> [H]ONC1C([H])([H])[C@]23C([H])([H])[C@]([H])(C2([H])[H])[C@@]13[H] (数据为None)
2025-11-02 00:42:08,586 - WARNING - 跳过第29259行分子对: [H]ONC1C([H])([H])C(C([H])([H])[H])=C(C([H])([H])[H])C1([H])[H] -> [H]ONC1C([H])([H])[C@]23C([H])([H])[C@]([H])(C2([H])[H])[C@@]13[H] (数据为None)
2025-11-02 00:42:09,373 - WARNING - 跳过第29362行分子对: [H]ONC1C([H])([H])C(C([H])([H])[H])=C([H])[C@]1([H])C([H])([H])[H] -> [H]ONC1C([H])([H])[C@]23C([H])([H])[C@]([H])(C2([H])[H])[C@@]13[H] (数据为None)
2025-11-02 00:42:09,894 - WARNING - 跳过第29437行分子对: [H][N-]C1O[C@]([H])(C([H])([H])[H])C(NO[H])C1([H])[H] -> [H]ONC1C([H])([H])[C@]23C([H])([H])[N@@H+](C2([H])[H])[C@@]13[H] (数据为None)
2025-11-02 00:42:10,684 - WARNING - 跳过第29554行分子对: [H]ONC1C([H])([H])[C@]2([H])C([H])([H])[C@@]1(C([H])([H])[H])C2([H])[H] -> [H]ONC1C([H])([H])[C@]23C([H])([H])[C@]([H])(C2([H])[H])[C@@]13[H] (数据为None)
2025-11-02 00:42:11,467 - WARNING - 跳过第29644行分子对: [H]O/N=C(\C([H])([H])[H])C([H])([H])C1([H])C([H])([H])C([H])([H])C1([H])[H] -> [H]ONC1C([H])([H])[C@]23C([H])([H])[C@]([H])(C2([H])[H])[C@@]13[H] (数据为None)
2025-11-02 00:42:12,226 - WARNING - 跳过第29737行分子对: [H]C#CC([H])([H])[C@]1([H])C([H])([H])[C@@H](NO[H])C1([H])[H] -> [H]ONC1C([H])([H])[C@]23C([H])([H])[C@]([H])(C2([H])[H])[C@@]13[H] (数据为None)
2025-11-02 00:42:13,013 - WARNING - 跳过第29820行分子对: [H]ON[C@H]1C([H])([H])[C@]([H])(C#CC([H])([H])[H])C1([H])[H] -> [H]ONC1C([H])([H])[C@]23C([H])([H])[C@]([H])(C2([H])[H])[C@@]13[H] (数据为None)
2025-11-02 00:42:13,790 - WARNING - 跳过第29860行分子对: [H]ON[C@H]1C([H])([H])[C@]([H])(C([H])([H])C([H])([H])C([H])([H])[H])C1([H])[H] -> [H]ONC1C([H])([H])[C@]23C([H])([H])[C@]([H])(C2([H])[H])[C@@]13[H] (数据为None)
2025-11-02 00:42:14,568 - WARNING - 跳过第29968行分子对: [H]ONC1C([H])([H])C2(C1([H])[H])C([H])([H])C([H])([H])C2([H])[H] -> [H]ONC1C([H])([H])[C@]23C([H])([H])[C@]([H])(C2([H])[H])[C@@]13[H] (数据为None)
2025-11-02 00:42:14,645 - INFO - 分子处理统计: 总数=60000, 命中=59967, 未命中=33, 命中率=99.94%
2025-11-02 00:42:14,723 - INFO - --- 训练集样本示例 (头部数据) ---
2025-11-02 00:42:14,723 - INFO -   样本       起始节点数        起始边数         目标节点数        目标边数         边特征             目标属性值          
2025-11-02 00:42:14,723 - INFO -   --------------------------------------------------------------------------------
2025-11-02 00:42:14,724 - INFO -   1        5            8            8            14           [1.0, 0.0, 0.   0.023518       
2025-11-02 00:42:14,724 - INFO -   2        3            4            6            10           [1.0, 0.0, 0.   -0.273184      
2025-11-02 00:42:14,724 - INFO -   3        4            6            11           20           [1.0, 0.0, 0.   0.077970       
2025-11-02 00:42:14,724 - INFO -   --------------------------------------------------------------------------------
2025-11-02 00:42:14,724 - INFO - 
数据构建完成:
2025-11-02 00:42:14,724 - INFO -   项目                   值                   
2025-11-02 00:42:14,724 - INFO -   ---------------------------------------- --------------------
2025-11-02 00:42:14,724 - INFO -   样本数                  29967               
2025-11-02 00:42:14,724 - INFO -   节点特征维度               11                  
2025-11-02 00:42:14,725 - INFO -   边特征维度                11                  
2025-11-02 00:42:14,725 - INFO -   目标属性变化维度             1                   
2025-11-02 00:42:14,730 - INFO - 数据集划分完成:
2025-11-02 00:42:14,730 - INFO -   - 训练集: 23973 (80.0%)
2025-11-02 00:42:14,730 - INFO -   - 验证集: 2996 (10.0%)
2025-11-02 00:42:14,730 - INFO -   - 测试集: 2998 (10.0%)
2025-11-02 00:42:14,866 - INFO - 正在创建模型...
2025-11-02 00:42:14,867 - INFO - 模型参数数量: 4484173
2025-11-02 00:42:14,867 - INFO - 使用设备: cuda
2025-11-02 00:42:15,194 - INFO - 开始训练 (500 轮)...
2025-11-02 00:47:05,805 - INFO - Epoch [10/500], Train Loss: 0.330571, Val Loss: 0.320203, R²: 0.6792, MAE: 0.3202
2025-11-02 00:52:03,385 - INFO - Epoch [20/500], Train Loss: 0.150157, Val Loss: 0.165264, R²: 0.8884, MAE: 0.1653
2025-11-02 00:58:26,942 - INFO - Epoch [30/500], Train Loss: 0.098888, Val Loss: 0.096819, R²: 0.9298, MAE: 0.0968
2025-11-02 01:07:47,728 - INFO - Epoch [40/500], Train Loss: 0.055639, Val Loss: 0.072031, R²: 0.9447, MAE: 0.0720
2025-11-02 01:17:11,434 - INFO - Epoch [50/500], Train Loss: 0.039258, Val Loss: 0.053491, R²: 0.9561, MAE: 0.0535
2025-11-02 01:26:35,821 - INFO - Epoch [60/500], Train Loss: 0.029520, Val Loss: 0.048255, R²: 0.9596, MAE: 0.0483
2025-11-02 01:36:00,720 - INFO - Epoch [70/500], Train Loss: 0.019204, Val Loss: 0.038351, R²: 0.9623, MAE: 0.0384
2025-11-02 01:45:25,363 - INFO - Epoch [80/500], Train Loss: 0.016445, Val Loss: 0.039994, R²: 0.9634, MAE: 0.0400
2025-11-02 01:54:46,804 - INFO - Epoch [90/500], Train Loss: 0.012554, Val Loss: 0.033702, R²: 0.9649, MAE: 0.0337
2025-11-02 02:04:13,394 - INFO - 已保存checkpoint: /home/data2/rhj/project/mol_editor/mol_evo/../mol_evo/output/v0/MoleculeEvolutionVisnetLinearPredictorV01/train-20251102_004144-mu_change-30000-500/checkpoint_epoch_100.pth
2025-11-02 02:04:16,594 - INFO - Epoch [100/500], Train Loss: 0.010309, Val Loss: 0.030607, R²: 0.9652, MAE: 0.0306
2025-11-02 02:13:37,805 - INFO - Epoch [110/500], Train Loss: 0.008999, Val Loss: 0.029437, R²: 0.9655, MAE: 0.0294
2025-11-02 02:20:50,017 - INFO - Epoch [120/500], Train Loss: 0.008671, Val Loss: 0.029175, R²: 0.9656, MAE: 0.0292
2025-11-02 02:25:43,775 - INFO - Epoch [130/500], Train Loss: 0.008257, Val Loss: 0.028707, R²: 0.9657, MAE: 0.0287
2025-11-02 02:30:35,125 - INFO - Epoch [140/500], Train Loss: 0.008144, Val Loss: 0.028593, R²: 0.9659, MAE: 0.0286
2025-11-02 02:35:27,634 - INFO - Epoch [150/500], Train Loss: 0.007976, Val Loss: 0.028225, R²: 0.9660, MAE: 0.0282
2025-11-02 02:40:21,219 - INFO - Epoch [160/500], Train Loss: 0.007829, Val Loss: 0.028065, R²: 0.9661, MAE: 0.0281
2025-11-02 02:45:13,603 - INFO - Epoch [170/500], Train Loss: 0.007773, Val Loss: 0.027992, R²: 0.9661, MAE: 0.0280
2025-11-02 02:50:02,175 - INFO - Epoch [180/500], Train Loss: 0.007665, Val Loss: 0.027802, R²: 0.9663, MAE: 0.0278
2025-11-02 02:54:52,887 - INFO - Epoch [190/500], Train Loss: 0.007588, Val Loss: 0.027680, R²: 0.9663, MAE: 0.0277
2025-11-02 02:59:41,633 - INFO - 已保存checkpoint: /home/data2/rhj/project/mol_editor/mol_evo/../mol_evo/output/v0/MoleculeEvolutionVisnetLinearPredictorV01/train-20251102_004144-mu_change-30000-500/checkpoint_epoch_200.pth
2025-11-02 02:59:43,111 - INFO - Epoch [200/500], Train Loss: 0.007440, Val Loss: 0.027502, R²: 0.9664, MAE: 0.0275
2025-11-02 03:04:31,625 - INFO - Epoch [210/500], Train Loss: 0.007393, Val Loss: 0.027366, R²: 0.9665, MAE: 0.0274
2025-11-02 03:09:20,032 - INFO - Epoch [220/500], Train Loss: 0.007214, Val Loss: 0.027256, R²: 0.9667, MAE: 0.0273
2025-11-02 03:14:08,487 - INFO - Epoch [230/500], Train Loss: 0.007157, Val Loss: 0.027160, R²: 0.9667, MAE: 0.0272
2025-11-02 03:18:56,652 - INFO - Epoch [240/500], Train Loss: 0.007092, Val Loss: 0.027025, R²: 0.9668, MAE: 0.0270
2025-11-02 03:23:44,804 - INFO - Epoch [250/500], Train Loss: 0.007031, Val Loss: 0.026951, R²: 0.9668, MAE: 0.0270
2025-11-02 03:28:33,416 - INFO - Epoch [260/500], Train Loss: 0.006943, Val Loss: 0.026806, R²: 0.9670, MAE: 0.0268
2025-11-02 03:33:20,938 - INFO - Epoch [270/500], Train Loss: 0.006912, Val Loss: 0.026701, R²: 0.9671, MAE: 0.0267
2025-11-02 03:38:10,441 - INFO - Epoch [280/500], Train Loss: 0.006844, Val Loss: 0.026528, R²: 0.9671, MAE: 0.0265
2025-11-02 03:42:59,441 - INFO - Epoch [290/500], Train Loss: 0.006730, Val Loss: 0.026512, R²: 0.9672, MAE: 0.0265
2025-11-02 03:47:49,995 - INFO - 已保存checkpoint: /home/data2/rhj/project/mol_editor/mol_evo/../mol_evo/output/v0/MoleculeEvolutionVisnetLinearPredictorV01/train-20251102_004144-mu_change-30000-500/checkpoint_epoch_300.pth
2025-11-02 03:47:51,513 - INFO - Epoch [300/500], Train Loss: 0.006673, Val Loss: 0.026534, R²: 0.9673, MAE: 0.0265
2025-11-02 03:52:40,937 - INFO - Epoch [310/500], Train Loss: 0.006600, Val Loss: 0.026248, R²: 0.9674, MAE: 0.0262
2025-11-02 03:57:31,425 - INFO - Epoch [320/500], Train Loss: 0.006580, Val Loss: 0.026151, R²: 0.9675, MAE: 0.0262
2025-11-02 04:02:26,442 - INFO - Epoch [330/500], Train Loss: 0.006537, Val Loss: 0.025970, R²: 0.9675, MAE: 0.0260
2025-11-02 04:07:20,820 - INFO - Epoch [340/500], Train Loss: 0.006462, Val Loss: 0.026244, R²: 0.9676, MAE: 0.0262
2025-11-02 04:12:12,961 - INFO - Epoch [350/500], Train Loss: 0.006367, Val Loss: 0.025874, R²: 0.9677, MAE: 0.0259
2025-11-02 04:17:04,267 - INFO - Epoch [360/500], Train Loss: 0.006323, Val Loss: 0.025775, R²: 0.9678, MAE: 0.0258
2025-11-02 04:21:56,337 - INFO - Epoch [370/500], Train Loss: 0.006258, Val Loss: 0.025619, R²: 0.9679, MAE: 0.0256
2025-11-02 04:26:48,802 - INFO - Epoch [380/500], Train Loss: 0.006283, Val Loss: 0.025564, R²: 0.9680, MAE: 0.0256
2025-11-02 04:31:39,032 - INFO - Epoch [390/500], Train Loss: 0.006149, Val Loss: 0.025594, R²: 0.9681, MAE: 0.0256
2025-11-02 04:36:26,345 - INFO - 已保存checkpoint: /home/data2/rhj/project/mol_editor/mol_evo/../mol_evo/output/v0/MoleculeEvolutionVisnetLinearPredictorV01/train-20251102_004144-mu_change-30000-500/checkpoint_epoch_400.pth
2025-11-02 04:36:27,833 - INFO - Epoch [400/500], Train Loss: 0.006144, Val Loss: 0.025419, R²: 0.9682, MAE: 0.0254
2025-11-02 04:41:17,744 - INFO - Epoch [410/500], Train Loss: 0.006085, Val Loss: 0.025407, R²: 0.9683, MAE: 0.0254
2025-11-02 04:46:09,179 - INFO - Epoch [420/500], Train Loss: 0.006024, Val Loss: 0.025262, R²: 0.9683, MAE: 0.0253
2025-11-02 04:51:00,509 - INFO - Epoch [430/500], Train Loss: 0.005972, Val Loss: 0.025062, R²: 0.9684, MAE: 0.0251
2025-11-02 04:55:52,985 - INFO - Epoch [440/500], Train Loss: 0.005963, Val Loss: 0.025119, R²: 0.9685, MAE: 0.0251
2025-11-02 05:00:44,659 - INFO - Epoch [450/500], Train Loss: 0.005892, Val Loss: 0.024981, R²: 0.9687, MAE: 0.0250
2025-11-02 05:05:37,172 - INFO - Epoch [460/500], Train Loss: 0.005859, Val Loss: 0.024853, R²: 0.9687, MAE: 0.0249
2025-11-02 05:10:30,196 - INFO - Epoch [470/500], Train Loss: 0.005802, Val Loss: 0.024834, R²: 0.9688, MAE: 0.0248
2025-11-02 05:15:22,922 - INFO - Epoch [480/500], Train Loss: 0.005755, Val Loss: 0.024711, R²: 0.9689, MAE: 0.0247
2025-11-02 05:20:13,790 - INFO - Epoch [490/500], Train Loss: 0.005646, Val Loss: 0.024662, R²: 0.9689, MAE: 0.0247
2025-11-02 05:25:03,228 - INFO - 已保存checkpoint: /home/data2/rhj/project/mol_editor/mol_evo/../mol_evo/output/v0/MoleculeEvolutionVisnetLinearPredictorV01/train-20251102_004144-mu_change-30000-500/checkpoint_epoch_500.pth
2025-11-02 05:25:04,721 - INFO - Epoch [500/500], Train Loss: 0.005649, Val Loss: 0.024563, R²: 0.9690, MAE: 0.0246
2025-11-02 05:25:04,722 - INFO - 开始训练 (500 轮)...
2025-11-02 05:25:07,204 - INFO - 模型已保存至: /home/data2/rhj/project/mol_editor/mol_evo/../mol_evo/output/v0/MoleculeEvolutionVisnetLinearPredictorV01/train-20251102_004144-mu_change-30000-500/last.pth
2025-11-02 05:25:07,204 - INFO - 
2025-11-02 05:25:07,204 - INFO - ============================================================
2025-11-02 05:25:07,204 - INFO - 训练完成 - 最终评估结果
2025-11-02 05:25:07,204 - INFO - ============================================================
2025-11-02 05:25:07,205 - INFO - 测试集损失: 0.021522
2025-11-02 05:25:07,205 - INFO - RMSE: 0.141367
2025-11-02 05:25:07,205 - INFO - MAE: 0.021522
2025-11-02 05:25:07,205 - INFO - R²: 0.977881
2025-11-02 05:25:07,205 - INFO - PCC: 0.988939
2025-11-02 05:25:07,205 - INFO - Rank Loss: 0.318818
2025-11-02 05:25:07,205 - INFO - 
2025-11-02 05:25:07,205 - INFO - 阈值准确率:
2025-11-02 05:25:07,205 - INFO -   阈值 0.5: 98.63%
2025-11-02 05:25:07,205 - INFO -   阈值 0.4: 98.20%
2025-11-02 05:25:07,205 - INFO -   阈值 0.30000000000000004: 97.90%
2025-11-02 05:25:07,205 - INFO -   阈值 0.20000000000000004: 97.53%
2025-11-02 05:25:07,205 - INFO -   阈值 0.10000000000000003: 96.60%
2025-11-02 05:25:07,205 - INFO -   阈值 0.05000000000000002: 95.50%
2025-11-02 05:25:07,205 - INFO -   阈值 0.040000000000000015: 95.30%
2025-11-02 05:25:07,205 - INFO -   阈值 0.030000000000000013: 95.23%
2025-11-02 05:25:07,205 - INFO -   阈值 0.02000000000000001: 94.93%
2025-11-02 05:25:07,205 - INFO -   阈值 0.01000000000000001: 93.90%
2025-11-02 05:25:07,205 - INFO -   阈值 0.005000000000000005: 91.39%
2025-11-02 05:25:07,205 - INFO -   阈值 0.004000000000000005: 89.49%
2025-11-02 05:25:07,205 - INFO -   阈值 0.0030000000000000053: 87.29%
2025-11-02 05:25:07,205 - INFO -   阈值 0.0020000000000000052: 81.39%
2025-11-02 05:25:07,206 - INFO -   阈值 0.0010000000000000052: 63.31%
2025-11-02 05:25:07,206 - INFO -   阈值 0.0005000000000000026: 39.19%
2025-11-02 05:25:07,206 - INFO - 
2025-11-02 05:25:07,206 - INFO - 训练完成:
2025-11-02 05:25:07,206 - INFO -   - 最终训练损失: 0.005649
2025-11-02 05:25:07,206 - INFO -   - 最佳验证损失: 0.024554
2025-11-02 05:25:07,206 - INFO -   - 测试损失 (MSE): 0.021522
2025-11-02 05:25:07,206 - INFO -   - 测试RMSE: 0.141367
2025-11-02 05:25:07,206 - INFO -   - 测试MAE: 0.021522
2025-11-02 05:25:07,206 - INFO -   - 测试R²: 0.977881
2025-11-02 05:25:07,206 - INFO -   - 测试PCC: 0.988939
2025-11-02 05:25:07,206 - INFO -   - 测试Rank Loss: 0.318818
2025-11-02 05:25:07,206 - INFO -   - 测试阈值准确率 (0.5): 0.9863
2025-11-02 05:25:07,206 - INFO -   - 测试阈值准确率 (0.4): 0.9820
2025-11-02 05:25:07,206 - INFO -   - 测试阈值准确率 (0.30000000000000004): 0.9790
2025-11-02 05:25:07,206 - INFO -   - 测试阈值准确率 (0.20000000000000004): 0.9753
2025-11-02 05:25:07,206 - INFO -   - 测试阈值准确率 (0.10000000000000003): 0.9660
2025-11-02 05:25:07,206 - INFO -   - 测试阈值准确率 (0.05000000000000002): 0.9550
2025-11-02 05:25:07,206 - INFO -   - 测试阈值准确率 (0.040000000000000015): 0.9530
2025-11-02 05:25:07,206 - INFO -   - 测试阈值准确率 (0.030000000000000013): 0.9523
2025-11-02 05:25:07,206 - INFO -   - 测试阈值准确率 (0.02000000000000001): 0.9493
2025-11-02 05:25:07,206 - INFO -   - 测试阈值准确率 (0.01000000000000001): 0.9390
2025-11-02 05:25:07,207 - INFO -   - 测试阈值准确率 (0.005000000000000005): 0.9139
2025-11-02 05:25:07,207 - INFO -   - 测试阈值准确率 (0.004000000000000005): 0.8949
2025-11-02 05:25:07,207 - INFO -   - 测试阈值准确率 (0.0030000000000000053): 0.8729
2025-11-02 05:25:07,207 - INFO -   - 测试阈值准确率 (0.0020000000000000052): 0.8139
2025-11-02 05:25:07,207 - INFO -   - 测试阈值准确率 (0.0010000000000000052): 0.6331
2025-11-02 05:25:07,207 - INFO -   - 测试阈值准确率 (0.0005000000000000026): 0.3919
2025-11-02 05:25:07,207 - INFO -   - 模型已保存到: /home/data2/rhj/project/mol_editor/mol_evo/../mol_evo/output/v0/MoleculeEvolutionVisnetLinearPredictorV01/train-20251102_004144-mu_change-30000-500/last.pth
2025-11-02 05:25:07,207 - INFO - 训练结果已保存到: /home/data2/rhj/project/mol_editor/mol_evo/../mol_evo/output/v0/MoleculeEvolutionVisnetLinearPredictorV01/train-20251102_004144-mu_change-30000-500/training_results.json
2025-11-02 05:25:07,207 - INFO - 模型目录: /home/data2/rhj/project/mol_editor/mol_evo/../mol_evo/output/v0/MoleculeEvolutionVisnetLinearPredictorV01/train-20251102_004144-mu_change-30000-500
