2025-10-08 04:30:59,748 - training - INFO - ============================================================
2025-10-08 04:30:59,749 - training - INFO - 基于NNConv的分子进化预测器模型训练开始
2025-10-08 04:30:59,749 - training - INFO - ============================================================
2025-10-08 04:30:59,749 - training - INFO - 数据文件: mol_evo/dataset/data/qm9-evo-pairs-step-1-with-properties.csv
2025-10-08 04:30:59,749 - training - INFO - 最大对数: 20000
2025-10-08 04:30:59,749 - training - INFO - 训练轮数: 500
2025-10-08 04:31:04,717 - training - INFO - 正在构建图数据: mol_evo/dataset/data/qm9-evo-pairs-step-1-with-properties.csv
2025-10-08 04:31:04,717 - training - INFO - 数据构建完成:
2025-10-08 04:31:04,717 - training - INFO -   - 节点数: 1377
2025-10-08 04:31:04,717 - training - INFO -   - 边数: 20000
2025-10-08 04:31:04,717 - training - INFO -   - 节点特征维度: 2048
2025-10-08 04:31:04,717 - training - INFO -   - 边特征维度: 11
2025-10-08 04:31:04,717 - training - INFO -   - 目标属性变化维度: 15
2025-10-08 04:31:04,720 - training - INFO - 数据集划分完成:
2025-10-08 04:31:04,720 - training - INFO -   - 训练集: 14000 (70.0%)
2025-10-08 04:31:04,720 - training - INFO -   - 验证集: 2000 (10.0%)
2025-10-08 04:31:04,720 - training - INFO -   - 测试集: 4000 (20.0%)
2025-10-08 04:31:04,816 - training - INFO - 正在创建模型...
2025-10-08 04:31:04,816 - training - INFO - 模型参数数量: 6791951
2025-10-08 04:31:04,816 - training - INFO - 开始训练 (500 轮)...
2025-10-08 04:31:08,306 - training - INFO - Epoch [10/500], Train Loss: 0.804760, Val Loss: 1.037226, R²: 0.1523, MAE: 0.5912
2025-10-08 04:31:11,534 - training - INFO - Epoch [20/500], Train Loss: 0.648407, Val Loss: 0.874109, R²: 0.2856, MAE: 0.4895
2025-10-08 04:31:14,791 - training - INFO - Epoch [30/500], Train Loss: 0.576770, Val Loss: 0.796016, R²: 0.3495, MAE: 0.4339
2025-10-08 04:31:18,088 - training - INFO - Epoch [40/500], Train Loss: 0.526311, Val Loss: 0.749220, R²: 0.3877, MAE: 0.3928
2025-10-08 04:31:21,369 - training - INFO - Epoch [50/500], Train Loss: 0.492905, Val Loss: 0.719216, R²: 0.4122, MAE: 0.3686
2025-10-08 04:31:24,654 - training - INFO - Epoch [60/500], Train Loss: 0.469778, Val Loss: 0.695369, R²: 0.4317, MAE: 0.3484
2025-10-08 04:31:27,932 - training - INFO - Epoch [70/500], Train Loss: 0.436260, Val Loss: 0.658334, R²: 0.4620, MAE: 0.3331
2025-10-08 04:31:31,203 - training - INFO - Epoch [80/500], Train Loss: 0.401185, Val Loss: 0.600971, R²: 0.5089, MAE: 0.3146
2025-10-08 04:31:34,475 - training - INFO - Epoch [90/500], Train Loss: 0.351789, Val Loss: 0.513908, R²: 0.5800, MAE: 0.2819
2025-10-08 04:31:37,760 - training - INFO - Epoch [100/500], Train Loss: 0.258731, Val Loss: 0.274601, R²: 0.7756, MAE: 0.2703
2025-10-08 04:31:41,047 - training - INFO - Epoch [110/500], Train Loss: 0.194696, Val Loss: 0.283715, R²: 0.7681, MAE: 0.2658
2025-10-08 04:31:44,315 - training - INFO - Epoch [120/500], Train Loss: 0.169268, Val Loss: 0.238794, R²: 0.8048, MAE: 0.2497
2025-10-08 04:31:47,595 - training - INFO - Epoch [130/500], Train Loss: 0.157700, Val Loss: 0.244578, R²: 0.8001, MAE: 0.2389
2025-10-08 04:31:50,892 - training - INFO - Epoch [140/500], Train Loss: 0.151502, Val Loss: 0.198038, R²: 0.8382, MAE: 0.2299
2025-10-08 04:31:54,164 - training - INFO - Epoch [150/500], Train Loss: 0.143788, Val Loss: 0.188148, R²: 0.8462, MAE: 0.2284
2025-10-08 04:31:57,449 - training - INFO - Epoch [160/500], Train Loss: 0.135250, Val Loss: 0.201284, R²: 0.8355, MAE: 0.2221
2025-10-08 04:32:00,727 - training - INFO - Epoch [170/500], Train Loss: 0.132390, Val Loss: 0.172685, R²: 0.8589, MAE: 0.2136
2025-10-08 04:32:04,016 - training - INFO - Epoch [180/500], Train Loss: 0.126284, Val Loss: 0.156970, R²: 0.8717, MAE: 0.2064
2025-10-08 04:32:07,322 - training - INFO - Epoch [190/500], Train Loss: 0.116823, Val Loss: 0.137438, R²: 0.8877, MAE: 0.2005
2025-10-08 04:32:10,628 - training - INFO - Epoch [200/500], Train Loss: 0.096696, Val Loss: 0.123396, R²: 0.8992, MAE: 0.1879
2025-10-08 04:32:13,917 - training - INFO - Epoch [210/500], Train Loss: 0.094321, Val Loss: 0.143762, R²: 0.8825, MAE: 0.1797
2025-10-08 04:32:17,199 - training - INFO - Epoch [220/500], Train Loss: 0.084107, Val Loss: 0.107558, R²: 0.9121, MAE: 0.1716
2025-10-08 04:32:20,224 - training - INFO - Epoch [230/500], Train Loss: 0.083080, Val Loss: 0.096621, R²: 0.9210, MAE: 0.1666
2025-10-08 04:32:22,496 - training - INFO - Epoch [240/500], Train Loss: 0.073756, Val Loss: 0.097820, R²: 0.9201, MAE: 0.1614
2025-10-08 04:32:24,776 - training - INFO - Epoch [250/500], Train Loss: 0.066383, Val Loss: 0.095134, R²: 0.9223, MAE: 0.1530
2025-10-08 04:32:27,055 - training - INFO - Epoch [260/500], Train Loss: 0.059679, Val Loss: 0.092131, R²: 0.9247, MAE: 0.1494
2025-10-08 04:32:29,340 - training - INFO - Epoch [270/500], Train Loss: 0.057383, Val Loss: 0.066572, R²: 0.9456, MAE: 0.1407
2025-10-08 04:32:31,611 - training - INFO - Epoch [280/500], Train Loss: 0.059148, Val Loss: 0.067075, R²: 0.9452, MAE: 0.1382
2025-10-08 04:32:33,909 - training - INFO - Epoch [290/500], Train Loss: 0.056503, Val Loss: 0.060519, R²: 0.9505, MAE: 0.1384
2025-10-08 04:32:36,175 - training - INFO - Epoch [300/500], Train Loss: 0.051505, Val Loss: 0.077989, R²: 0.9363, MAE: 0.1292
2025-10-08 04:32:38,440 - training - INFO - Epoch [310/500], Train Loss: 0.049542, Val Loss: 0.065082, R²: 0.9468, MAE: 0.1279
2025-10-08 04:32:40,703 - training - INFO - Epoch [320/500], Train Loss: 0.045981, Val Loss: 0.065608, R²: 0.9464, MAE: 0.1237
2025-10-08 04:32:42,988 - training - INFO - Epoch [330/500], Train Loss: 0.044721, Val Loss: 0.064455, R²: 0.9473, MAE: 0.1196
2025-10-08 04:32:45,265 - training - INFO - Epoch [340/500], Train Loss: 0.041917, Val Loss: 0.051415, R²: 0.9580, MAE: 0.1183
2025-10-08 04:32:47,545 - training - INFO - Epoch [350/500], Train Loss: 0.043356, Val Loss: 0.062257, R²: 0.9491, MAE: 0.1181
2025-10-08 04:32:49,836 - training - INFO - Epoch [360/500], Train Loss: 0.041637, Val Loss: 0.053454, R²: 0.9563, MAE: 0.1161
2025-10-08 04:32:52,098 - training - INFO - Epoch [370/500], Train Loss: 0.041627, Val Loss: 0.065377, R²: 0.9466, MAE: 0.1118
2025-10-08 04:32:54,341 - training - INFO - Epoch [380/500], Train Loss: 0.040038, Val Loss: 0.054248, R²: 0.9557, MAE: 0.1103
2025-10-08 04:32:56,637 - training - INFO - Epoch [390/500], Train Loss: 0.037067, Val Loss: 0.054546, R²: 0.9554, MAE: 0.1067
2025-10-08 04:32:58,923 - training - INFO - Epoch [400/500], Train Loss: 0.036850, Val Loss: 0.049594, R²: 0.9595, MAE: 0.1047
2025-10-08 04:33:01,209 - training - INFO - Epoch [410/500], Train Loss: 0.037578, Val Loss: 0.042229, R²: 0.9655, MAE: 0.1033
2025-10-08 04:33:03,491 - training - INFO - Epoch [420/500], Train Loss: 0.036679, Val Loss: 0.054547, R²: 0.9554, MAE: 0.1002
2025-10-08 04:33:05,775 - training - INFO - Epoch [430/500], Train Loss: 0.031862, Val Loss: 0.058837, R²: 0.9519, MAE: 0.0974
2025-10-08 04:33:08,061 - training - INFO - Epoch [440/500], Train Loss: 0.031875, Val Loss: 0.037606, R²: 0.9693, MAE: 0.0922
2025-10-08 04:33:10,341 - training - INFO - Epoch [450/500], Train Loss: 0.033970, Val Loss: 0.050749, R²: 0.9585, MAE: 0.0906
2025-10-08 04:33:12,618 - training - INFO - Epoch [460/500], Train Loss: 0.029669, Val Loss: 0.031661, R²: 0.9741, MAE: 0.0883
2025-10-08 04:33:14,889 - training - INFO - Epoch [470/500], Train Loss: 0.028073, Val Loss: 0.047594, R²: 0.9611, MAE: 0.0858
2025-10-08 04:33:17,183 - training - INFO - Epoch [480/500], Train Loss: 0.027053, Val Loss: 0.058653, R²: 0.9521, MAE: 0.0866
2025-10-08 04:33:19,458 - training - INFO - Epoch [490/500], Train Loss: 0.025604, Val Loss: 0.035415, R²: 0.9711, MAE: 0.0825
2025-10-08 04:33:21,720 - training - INFO - Epoch [500/500], Train Loss: 0.026894, Val Loss: 0.039675, R²: 0.9676, MAE: 0.0829
2025-10-08 04:33:21,838 - training - INFO - 原始尺度评估指标:
2025-10-08 04:33:21,839 - training - INFO -   - MSE: 17927.857897
2025-10-08 04:33:21,840 - training - INFO -   - RMSE: 133.894951
2025-10-08 04:33:21,840 - training - INFO -   - MAE: 29.378347
2025-10-08 04:33:21,840 - training - INFO - 各维度阈值准确率:
2025-10-08 04:33:21,840 - training - INFO - Threshold   A        B        C        mu       alpha    homo     lumo     gap      r2       zpve     U0       U        H        G        Cv       
2025-10-08 04:33:21,840 - training - INFO - ---------------------------------------------------------------------------------------------------------------------------------------------------
2025-10-08 04:33:21,840 - training - INFO - @0.400      0.9988   0.9925   0.9935   0.9863   0.9803   0.9790   0.9873   0.9895   0.9868   0.9675   0.9963   0.9963   0.9963   0.9960   0.9815   
2025-10-08 04:33:21,840 - training - INFO - @0.300      0.9985   0.9823   0.9850   0.9655   0.9583   0.9525   0.9658   0.9828   0.9753   0.9218   0.9935   0.9935   0.9938   0.9943   0.9385   
2025-10-08 04:33:21,840 - training - INFO - @0.200      0.9965   0.9325   0.9460   0.8873   0.8920   0.8755   0.8875   0.9478   0.9253   0.7895   0.9825   0.9838   0.9833   0.9820   0.8045   
2025-10-08 04:33:21,840 - training - INFO - @0.100      0.9830   0.7670   0.7575   0.6098   0.6110   0.6350   0.6138   0.7290   0.6843   0.4905   0.9048   0.9055   0.9058   0.9033   0.4908   
2025-10-08 04:33:21,840 - training - INFO - @0.050      0.8295   0.5028   0.4790   0.3468   0.3255   0.3698   0.3378   0.4278   0.3938   0.2548   0.6563   0.6355   0.6513   0.6413   0.2630   
2025-10-08 04:33:22,780 - training - INFO - 训练完成:
2025-10-08 04:33:22,780 - training - INFO -   - 最终训练损失: 0.026894
2025-10-08 04:33:22,780 - training - INFO -   - 最佳验证损失: 0.028999
2025-10-08 04:33:22,781 - training - INFO -   - 测试损失 (MSE): 0.023441
2025-10-08 04:33:22,781 - training - INFO -   - 测试RMSE: 0.153104
2025-10-08 04:33:22,781 - training - INFO -   - 测试MAE: 0.081202
2025-10-08 04:33:22,781 - training - INFO -   - 测试R²: 0.974054
2025-10-08 04:33:22,781 - training - INFO -   - 测试阈值准确率 (0.4, 所有维度): 0.9098
2025-10-08 04:33:22,781 - training - INFO -   - 测试阈值准确率 (0.4, 平均): 0.9885
2025-10-08 04:33:22,781 - training - INFO -   - 测试阈值准确率 (0.3, 所有维度): 0.7770
2025-10-08 04:33:22,781 - training - INFO -   - 测试阈值准确率 (0.3, 平均): 0.9734
2025-10-08 04:33:22,781 - training - INFO -   - 测试阈值准确率 (0.2, 所有维度): 0.4455
2025-10-08 04:33:22,781 - training - INFO -   - 测试阈值准确率 (0.2, 平均): 0.9211
2025-10-08 04:33:22,781 - training - INFO -   - 测试阈值准确率 (0.1, 所有维度): 0.0395
2025-10-08 04:33:22,781 - training - INFO -   - 测试阈值准确率 (0.1, 平均): 0.7327
2025-10-08 04:33:22,781 - training - INFO -   - 测试阈值准确率 (0.05, 所有维度): 0.0005
2025-10-08 04:33:22,781 - training - INFO -   - 测试阈值准确率 (0.05, 平均): 0.4743
2025-10-08 04:33:22,781 - training - INFO -   - 原始尺度MSE: 17927.857897
2025-10-08 04:33:22,781 - training - INFO -   - 原始尺度RMSE: 133.894951
2025-10-08 04:33:22,781 - training - INFO -   - 原始尺度MAE: 29.378347
2025-10-08 04:33:22,781 - training - INFO -   - 模型已保存到: /home/data2/rhj/project/mol_editor/mol_evo/../mol_evo/model-data/nnconv/training_20251008_043059/molecule_evolution_nnconv_predictor.pth
