2025-11-25 16:24:45,639 - INFO - ============================================================
2025-11-25 16:24:45,639 - INFO - 数据文件: /home/data2/rhj/project/mol_editor/mol_evo/dataset/data/qm9-evo-pairs-step-1-with-properties-pct.json
2025-11-25 16:24:45,639 - INFO - 最大对数: 120000
2025-11-25 16:24:45,639 - INFO - 训练轮数: 200
2025-11-25 16:24:45,639 - INFO - ============================================================
2025-11-25 16:24:45,639 - INFO - 模型配置已保存到: /home/data2/rhj/project/mol_editor/mol_evo/../mol_evo/output/v0/MoleculeEvolutionVisnetLinearPredictor/train-20251125_162445-gap_change_pct-120000-200/model_config.json
2025-11-25 16:24:45,639 - INFO - 正在构建图数据: /home/data2/rhj/project/mol_editor/mol_evo/dataset/data/qm9-evo-pairs-step-1-with-properties-pct.json
2025-11-25 16:28:56,187 - WARNING - 跳过第26973行分子对: O=C1[C@H]2C[C@@H]3[C@H]2N13 -> C[C@]12[C@@H]3C[C@H]1N2C3=O (数据为None)
2025-11-25 16:34:13,286 - WARNING - 跳过第65375行分子对: C[C@]12C[C@H](C1)[C@H]2CO -> C1OC[C@]23C[C@H](C2)[C@H]13 (数据为None)
2025-11-25 16:34:21,568 - WARNING - 跳过第66217行分子对: COCC12C[NH+](C1)C2 -> C1OC[C@]23C[N@H+](C2)[C@H]13 (数据为None)
2025-11-25 16:34:32,134 - WARNING - 跳过第66723行分子对: [NH-][C@@H]1O[C@]23C[C@H](C2)[C@@H]13 -> C[C@H]1O[C@]23C[C@H](C2)[C@@H]13 (数据为None)
2025-11-25 16:34:32,150 - WARNING - 跳过第66726行分子对: O=C1N[C@]23C[N@H+](C2)[C@@H]13 -> O=C1O[C@]23C[N@H+](C2)[C@@H]13 (数据为None)
2025-11-25 16:34:32,160 - WARNING - 跳过第66729行分子对: C[C@H]1C[C@]23C[C@H](C2)[C@@H]13 -> C1[C@H]2C[C@H]3C[C@H](C3)[C@@H]12 (数据为None)
2025-11-25 16:34:32,170 - WARNING - 跳过第66724行分子对: [NH-][C@@H]1O[C@]23C[N@H+](C2)[C@@H]13 -> C[C@H]1O[C@]23C[N@H+](C2)[C@@H]13 (数据为None)
2025-11-25 16:34:32,178 - WARNING - 跳过第66728行分子对: O=C1O[C@]23C[N@H+](C2)[C@@H]13 -> O=C1N[C@]23C[N@H+](C2)[C@@H]13 (数据为None)
2025-11-25 16:34:32,179 - WARNING - 跳过第66727行分子对: O=C1O[C@]23C[C@H](C2)[C@@H]13 -> O=C1N[C@]23C[C@H](C2)[C@@H]13 (数据为None)
2025-11-25 16:34:36,441 - WARNING - 跳过第66725行分子对: O=C1N[C@]23C[C@H](C2)[C@@H]13 -> O=C1O[C@]23C[C@H](C2)[C@@H]13 (数据为None)
2025-11-25 16:34:36,443 - WARNING - 跳过第66732行分子对: C[C@H]1O[C@]23C[N@H+](C2)[C@@H]13 -> [NH-][C@@H]1O[C@]23C[N@H+](C2)[C@@H]13 (数据为None)
2025-11-25 16:34:36,443 - WARNING - 跳过第66731行分子对: C[C@H]1O[C@]23C[C@H](C2)[C@@H]13 -> [NH-][C@@H]1O[C@]23C[C@H](C2)[C@@H]13 (数据为None)
2025-11-25 16:34:36,444 - WARNING - 跳过第66730行分子对: C[C@H]1C[C@]23C[N@H+](C2)[C@@H]13 -> O[C@H]1C[C@]23C[N@H+](C2)[C@@H]13 (数据为None)
2025-11-25 16:34:36,446 - WARNING - 跳过第66733行分子对: C[C@H]1O[C@]23C[N@H+](C2)[C@@H]13 -> C1[C@H]2O[C@H]3C[N@H+](C3)[C@@H]12 (数据为None)
2025-11-25 16:34:36,929 - WARNING - 跳过第66734行分子对: O[C@H]1C[C@]23C[N@H+](C2)[C@@H]13 -> C[C@H]1C[C@]23C[N@H+](C2)[C@@H]13 (数据为None)
2025-11-25 16:34:56,906 - WARNING - 跳过第85124行分子对: CCC1(CC)CCC1 -> C1CC23CCC12CC3 (数据为None)
2025-11-25 16:34:57,099 - WARNING - 跳过第85149行分子对: CCC1(CO)CCC1 -> C1C[C@]23CC[C@]12CO3 (数据为None)
2025-11-25 16:34:58,651 - WARNING - 跳过第89675行分子对: CC[C@@]12C=C[C@@H](C1)O2 -> C1=C[C@]23CC[C@@H]2[C@H]1O3 (数据为None)
2025-11-25 16:35:05,135 - WARNING - 跳过第98020行分子对: C[C@H]1C[C@H]2C(=O)N[C@@H]12 -> C[C@@]12C[C@H]3C(=O)N1[C@H]32 (数据为None)
2025-11-25 16:35:05,136 - WARNING - 跳过第97994行分子对: C[C@@]12C[C@H]3C(=O)N1[C@H]32 -> C[C@H]1C[C@H]2C(=O)N[C@@H]12 (数据为None)
2025-11-25 16:35:05,136 - WARNING - 跳过第98222行分子对: [CH+]1[NH2+][C@H]2[C@H]3C[C@@]2(C3)O1 -> C1O[C@H]2[C@H]3C[C@@]2(C3)O1 (数据为None)
2025-11-25 16:35:05,137 - WARNING - 跳过第98229行分子对: C1O[C@H]2[C@H]3C[C@@]2(C3)O1 -> [CH+]1[NH2+][C@H]2[C@H]3C[C@@]2(C3)O1 (数据为None)
2025-11-25 16:35:05,137 - WARNING - 跳过第98267行分子对: C[C@]12[C@@H]3C[C@H]1N2C3=O -> C[C@@H]1[C@@H]2C[C@H]1NC2=O (数据为None)
2025-11-25 16:35:05,138 - WARNING - 跳过第98231行分子对: C1OC[C@]23C[N@H+](C2)[C@H]13 -> COCC12C[NH+](C1)C2 (数据为None)
2025-11-25 16:35:05,138 - WARNING - 跳过第98228行分子对: C1OC[C@]23C[C@H](C2)[C@H]13 -> C[C@]12C[C@H](C1)[C@H]2CO (数据为None)
2025-11-25 16:35:05,336 - WARNING - 跳过第98227行分子对: C1C[C@]23C[C@H](C2)[C@@H]3O1 -> C1O[C@H]2[C@H]3C[C@@]2(C3)O1 (数据为None)
2025-11-25 16:35:09,293 - WARNING - 跳过第98230行分子对: C1O[C@H]2[C@H]3C[C@@]2(C3)O1 -> C1C[C@]23C[C@H](C2)[C@@H]3O1 (数据为None)
2025-11-25 16:35:10,763 - WARNING - 跳过第105042行分子对: CC[C@H]1CO[C@H]1CO -> C1C[C@@]23CO[C@@]12CO3 (数据为None)
2025-11-25 16:35:11,702 - WARNING - 跳过第109005行分子对: CC[C@]12CC[C@H]1CC2 -> C1CC23CCC12CC3 (数据为None)
2025-11-25 16:35:11,720 - WARNING - 跳过第109046行分子对: OC[C@]12CC[C@H]1CO2 -> C1C[C@@]23CO[C@@]12CO3 (数据为None)
2025-11-25 16:35:11,796 - WARNING - 跳过第109037行分子对: OC[C@]12CC[C@H]1CC2 -> C1C[C@]23CC[C@]12CO3 (数据为None)
2025-11-25 16:35:12,231 - WARNING - 跳过第111079行分子对: C[C@@H]1[C@@H]2C[C@H]1NC2=O -> C[C@]12[C@@H]3C[C@H]1N2C3=O (数据为None)
2025-11-25 16:35:12,326 - WARNING - 跳过第111716行分子对: C1=C[C@]23CC[N@@H+]2[C@H]1C3 -> CC[C@H]1[C@@H]2C=C[C@H]1C2 (数据为None)
2025-11-25 16:35:12,370 - WARNING - 跳过第111722行分子对: C1=C[C@@]23C[C@@H]1[C@H]2CO3 -> OC[C@H]1[C@@H]2C=C[C@H]1C2 (数据为None)
2025-11-25 16:35:16,565 - WARNING - 跳过第111720行分子对: C1=C[C@]23CN[C@@H]2[C@H]1O3 -> C1=C[C@]23CO[C@@H]2[C@H]1O3 (数据为None)
2025-11-25 16:35:16,566 - WARNING - 跳过第111723行分子对: C1=C[C@]23CO[C@@H]2[C@H]1C3 -> C1=C[C@]23CO[C@@H]2[C@H]1O3 (数据为None)
2025-11-25 16:35:16,567 - WARNING - 跳过第111718行分子对: C1=C[C@]23CC[C@@H]2[C@H]1O3 -> C1C[C@@]23CC[C@@H](O2)[C@@H]13 (数据为None)
2025-11-25 16:35:16,567 - WARNING - 跳过第111719行分子对: C1=C[C@]23CC[C@@H]2[C@H]1O3 -> O[C@H]1C=C[C@H]2CC[C@@H]12 (数据为None)
2025-11-25 16:35:16,567 - WARNING - 跳过第111717行分子对: C1=C[C@]23CC[C@@H]2[C@H]1O3 -> CC[C@@]12C=C[C@@H](C1)O2 (数据为None)
2025-11-25 16:35:16,568 - WARNING - 跳过第111725行分子对: C1=C[C@]23CO[C@@H]2[C@H]1C3 -> C[C@H]1C=C[C@H]2CO[C@@H]12 (数据为None)
2025-11-25 16:35:20,842 - WARNING - 跳过第111724行分子对: C1=C[C@]23CO[C@@H]2[C@H]1C3 -> C1C[C@]23CO[C@@H]2[C@H]1C3 (数据为None)
2025-11-25 16:35:20,843 - WARNING - 跳过第111726行分子对: C1=C[C@]23CO[C@@H]2[C@H]1N3 -> C1C[C@@]23CO[C@H]2[C@@H]1N3 (数据为None)
2025-11-25 16:35:20,843 - WARNING - 跳过第111732行分子对: C1C[C@]23CC[C@@H]2[C@H]1C3 -> CC[C@H]1[C@@H]2CC[C@H]1C2 (数据为None)
2025-11-25 16:35:20,844 - WARNING - 跳过第111721行分子对: C1=C[C@@]23C[C@@H]1[C@H]2CO3 -> C1C[C@@]23C[C@@H]1[C@H]2CO3 (数据为None)
2025-11-25 16:35:20,845 - WARNING - 跳过第111715行分子对: C1=C[C@]23CC[C@@H]2[C@H]1C3 -> C1C[C@]23CC[C@@H]2[C@H]1C3 (数据为None)
2025-11-25 16:35:20,846 - WARNING - 跳过第111730行分子对: C1=C[C@]23CO[C@@H]2[C@H]1O3 -> O[C@H]1C=C[C@H]2CO[C@@H]12 (数据为None)
2025-11-25 16:35:25,026 - WARNING - 跳过第111729行分子对: C1=C[C@]23CO[C@@H]2[C@H]1O3 -> C1C[C@@]23CO[C@H]2[C@@H]1O3 (数据为None)
2025-11-25 16:35:25,027 - WARNING - 跳过第111731行分子对: C1C[C@]23CC[C@@H]2[C@H]1C3 -> C1=C[C@]23CC[C@@H]2[C@H]1C3 (数据为None)
2025-11-25 16:35:25,027 - WARNING - 跳过第111727行分子对: C1=C[C@]23CO[C@@H]2[C@H]1O3 -> C1=C[C@]23CN[C@@H]2[C@H]1O3 (数据为None)
2025-11-25 16:35:25,027 - WARNING - 跳过第111728行分子对: C1=C[C@]23CO[C@@H]2[C@H]1O3 -> C1=C[C@]23CO[C@@H]2[C@H]1C3 (数据为None)
2025-11-25 16:35:25,028 - WARNING - 跳过第111739行分子对: C1C[C@@]23C[C@@H]1[C@H]2CO3 -> OC[C@H]1[C@@H]2CC[C@H]1C2 (数据为None)
2025-11-25 16:35:25,029 - WARNING - 跳过第111733行分子对: C1O[C@]23CC[C@@H]2[C@H]1C3 -> OC[C@H]1C[C@H]2CC[C@H]21 (数据为None)
2025-11-25 16:35:25,029 - WARNING - 跳过第111736行分子对: C1C[C@@]23CC[C@@H](O2)[C@@H]13 -> C1=C[C@]23CC[C@@H]2[C@H]1O3 (数据为None)
2025-11-25 16:35:25,030 - WARNING - 跳过第111734行分子对: C1C[C@]23CO[C@H](C2)[C@@H]13 -> C[C@H]1OC[C@H]2CC[C@H]21 (数据为None)
2025-11-25 16:35:25,030 - WARNING - 跳过第111740行分子对: C1O[C@]23CO[C@H](C2)[C@@H]13 -> OC[C@H]1[C@@H]2CO[C@H]1C2 (数据为None)
2025-11-25 16:35:29,362 - WARNING - 跳过第111738行分子对: C1C[C@@]23C[C@@H]1[C@H]2CO3 -> C1=C[C@@]23C[C@@H]1[C@H]2CO3 (数据为None)
2025-11-25 16:35:29,364 - WARNING - 跳过第111746行分子对: C1O[C@@H]2[C@H]3C[C@@]12CO3 -> C[C@H]1OC[C@H]2CO[C@H]21 (数据为None)
2025-11-25 16:35:29,365 - WARNING - 跳过第111747行分子对: C1O[C@]23CO[C@@H]2[C@H]1C3 -> OC[C@H]1C[C@H]2CO[C@H]21 (数据为None)
2025-11-25 16:35:29,365 - WARNING - 跳过第111744行分子对: C1C[C@]23CO[C@@H]2[C@H]1C3 -> C[C@H]1CC[C@H]2CO[C@H]21 (数据为None)
2025-11-25 16:35:33,355 - WARNING - 跳过第111742行分子对: C1C[C@]23CO[C@@H]2[C@H]1C3 -> C1O[C@@H]2[C@H]3C[C@@]12CO3 (数据为None)
2025-11-25 16:35:33,356 - WARNING - 跳过第111749行分子对: C1C[C@@]23CO[C@H]2[C@@H]1O3 -> C1=C[C@]23CO[C@@H]2[C@H]1O3 (数据为None)
2025-11-25 16:35:33,356 - WARNING - 跳过第111743行分子对: C1C[C@]23CO[C@@H]2[C@H]1C3 -> C1C[C@@]23CO[C@H]2[C@@H]1O3 (数据为None)
2025-11-25 16:35:33,356 - WARNING - 跳过第111745行分子对: C1O[C@@H]2[C@H]3C[C@@]12CO3 -> C1C[C@]23CO[C@@H]2[C@H]1C3 (数据为None)
2025-11-25 16:35:33,356 - WARNING - 跳过第111748行分子对: C1C[C@@]23CO[C@H]2[C@@H]1N3 -> C1=C[C@]23CO[C@@H]2[C@H]1N3 (数据为None)
2025-11-25 16:35:33,357 - WARNING - 跳过第111741行分子对: C1C[C@]23CO[C@@H]2[C@H]1C3 -> C1=C[C@]23CO[C@@H]2[C@H]1C3 (数据为None)
2025-11-25 16:35:33,358 - WARNING - 跳过第111751行分子对: C1C[C@@]23CO[C@H]2[C@@H]1O3 -> O[C@H]1CC[C@H]2CO[C@H]21 (数据为None)
2025-11-25 16:35:33,589 - WARNING - 跳过第111750行分子对: C1C[C@@]23CO[C@H]2[C@@H]1O3 -> C1C[C@]23CO[C@@H]2[C@H]1C3 (数据为None)
2025-11-25 16:35:37,353 - WARNING - 跳过第112720行分子对: O=C1N2[C@@H]3C[C@@]1(O)[C@@H]32 -> O=C1[C@H]2OC[C@@H]3[C@H]2N13 (数据为None)
2025-11-25 16:35:37,353 - WARNING - 跳过第112713行分子对: C[C@]12C[C@@H]3[C@H]1N3C2=O -> O=C1[C@H]2CC[C@@H]3[C@H]2N13 (数据为None)
2025-11-25 16:35:37,531 - WARNING - 跳过第112712行分子对: C[C@]12C[C@@H]3[C@H]1N3C2=O -> O=C1N2[C@@H]3C[C@@]1(O)[C@@H]32 (数据为None)
2025-11-25 16:35:37,671 - WARNING - 跳过第114106行分子对: OC[C@H]1C[C@H]2CO[C@H]21 -> C1O[C@]23CO[C@@H]2[C@H]1C3 (数据为None)
2025-11-25 16:35:37,682 - WARNING - 跳过第112719行分子对: O=C1N2[C@@H]3C[C@@]1(O)[C@@H]32 -> C[C@]12C[C@@H]3[C@H]1N3C2=O (数据为None)
2025-11-25 16:35:37,732 - WARNING - 跳过第114098行分子对: OC[C@H]1C[C@H]2CC[C@H]21 -> C1O[C@]23CC[C@@H]2[C@H]1C3 (数据为None)
2025-11-25 16:35:37,831 - WARNING - 跳过第114917行分子对: C[C@H]1OC[C@H]2CO[C@H]21 -> C1O[C@@H]2[C@H]3C[C@@]12CO3 (数据为None)
2025-11-25 16:35:37,840 - WARNING - 跳过第114870行分子对: C[C@H]1C=C[C@H]2CO[C@@H]12 -> C1=C[C@]23CO[C@@H]2[C@H]1C3 (数据为None)
2025-11-25 16:35:37,854 - WARNING - 跳过第114929行分子对: O[C@H]1CC[C@H]2CO[C@H]21 -> C1C[C@@]23CO[C@H]2[C@@H]1O3 (数据为None)
2025-11-25 16:35:41,955 - WARNING - 跳过第114880行分子对: O[C@H]1C=C[C@H]2CO[C@@H]12 -> C1=C[C@]23CO[C@@H]2[C@H]1O3 (数据为None)
2025-11-25 16:35:41,956 - WARNING - 跳过第114914行分子对: C[C@H]1OC[C@H]2CC[C@H]21 -> C1C[C@]23CO[C@H](C2)[C@@H]13 (数据为None)
2025-11-25 16:35:41,956 - WARNING - 跳过第114896行分子对: C[C@H]1CC[C@H]2CO[C@H]21 -> C1C[C@]23CO[C@@H]2[C@H]1C3 (数据为None)
2025-11-25 16:35:41,956 - WARNING - 跳过第114878行分子对: O[C@H]1C=C[C@H]2CC[C@@H]12 -> C1=C[C@]23CC[C@@H]2[C@H]1O3 (数据为None)
2025-11-25 16:35:41,956 - WARNING - 跳过第115845行分子对: O=C1[C@H]2OC[C@@H]3[C@H]2N13 -> O=C1N2[C@@H]3C[C@@]1(O)[C@@H]32 (数据为None)
2025-11-25 16:35:41,957 - WARNING - 跳过第115842行分子对: O=C1[C@H]2CC[C@@H]3[C@H]2N13 -> C[C@]12C[C@@H]3[C@H]1N3C2=O (数据为None)
2025-11-25 16:35:46,101 - WARNING - 跳过第116015行分子对: O=C1C[C@H]2C[C@@H]3[C@H]2N13 -> O=C1O[C@H]2C[C@@H]3[C@H]2N13 (数据为None)
2025-11-25 16:35:46,102 - WARNING - 跳过第116014行分子对: O=C1C[C@H]2C[C@@H]3[C@H]2N13 -> O=C1N[C@H]2C[C@@H]3[C@H]2N13 (数据为None)
2025-11-25 16:35:46,103 - WARNING - 跳过第116008行分子对: O=C1[CH-][C@H]2C[C@@H]3[C@H]2N13 -> O=C1N[C@H]2C[C@@H]3[C@H]2N13 (数据为None)
2025-11-25 16:35:46,104 - WARNING - 跳过第116009行分子对: O=C1[CH-][C@H]2C[C@@H]3[C@H]2N13 -> O=C1O[C@H]2C[C@@H]3[C@H]2N13 (数据为None)
2025-11-25 16:35:50,430 - WARNING - 跳过第116023行分子对: O=C1N[C@H]2C[C@@H]3[C@H]2N13 -> O=C1O[C@H]2C[C@@H]3[C@H]2N13 (数据为None)
2025-11-25 16:35:50,430 - WARNING - 跳过第116021行分子对: O=C1N[C@H]2C[C@@H]3[C@H]2N13 -> O=C1[CH-][C@H]2C[C@@H]3[C@H]2N13 (数据为None)
2025-11-25 16:35:50,431 - WARNING - 跳过第116022行分子对: O=C1N[C@H]2C[C@@H]3[C@H]2N13 -> O=C1C[C@H]2C[C@@H]3[C@H]2N13 (数据为None)
2025-11-25 16:35:50,431 - WARNING - 跳过第116028行分子对: O=C1O[C@H]2C[C@@H]3[C@H]2N13 -> O=C1[CH-][C@H]2C[C@@H]3[C@H]2N13 (数据为None)
2025-11-25 16:35:50,431 - WARNING - 跳过第116404行分子对: C1CC2CCC1CC2 -> C1CC23CCC12CC3 (数据为None)
2025-11-25 16:35:50,431 - WARNING - 跳过第116030行分子对: O=C1O[C@H]2C[C@@H]3[C@H]2N13 -> O=C1N[C@H]2C[C@@H]3[C@H]2N13 (数据为None)
2025-11-25 16:35:50,432 - WARNING - 跳过第116407行分子对: C1C[C@H]2CC[C@@H]1CO2 -> C1C[C@]23CC[C@]12CO3 (数据为None)
2025-11-25 16:35:50,432 - WARNING - 跳过第116029行分子对: O=C1O[C@H]2C[C@@H]3[C@H]2N13 -> O=C1C[C@H]2C[C@@H]3[C@H]2N13 (数据为None)
2025-11-25 16:35:50,432 - WARNING - 跳过第116047行分子对: C1[C@H]2O[C@H]3C[N@H+](C3)[C@@H]12 -> C[C@H]1O[C@]23C[N@H+](C2)[C@@H]13 (数据为None)
2025-11-25 16:35:50,433 - WARNING - 跳过第116045行分子对: C1[C@H]2C[C@H]3C[C@H](C3)[C@@H]12 -> C[C@H]1C[C@]23C[C@H](C2)[C@@H]13 (数据为None)
2025-11-25 16:35:53,608 - WARNING - 跳过第116422行分子对: C1C[C@@]23CO[C@@]12CO3 -> CC[C@H]1CO[C@H]1CO (数据为None)
2025-11-25 16:35:53,608 - WARNING - 跳过第116419行分子对: C1C[C@]23CC[C@]12CO3 -> CCC1(CO)CCC1 (数据为None)
2025-11-25 16:35:53,609 - WARNING - 跳过第116417行分子对: C1CC23CCC12CC3 -> CC[C@]12CC[C@H]1CC2 (数据为None)
2025-11-25 16:35:53,609 - WARNING - 跳过第116416行分子对: C1CC23CCC12CC3 -> CCC1(CC)CCC1 (数据为None)
2025-11-25 16:35:53,610 - WARNING - 跳过第116418行分子对: C1CC23CCC12CC3 -> C1CC2CCC1CC2 (数据为None)
2025-11-25 16:35:53,610 - WARNING - 跳过第116424行分子对: C1C[C@@]23CO[C@@]12CO3 -> C1C[C@H]2CO[C@@H]1CO2 (数据为None)
2025-11-25 16:35:53,610 - WARNING - 跳过第116423行分子对: C1C[C@@]23CO[C@@]12CO3 -> OC[C@]12CC[C@H]1CO2 (数据为None)
2025-11-25 16:35:53,611 - WARNING - 跳过第116411行分子对: C1C[C@H]2CO[C@@H]1CO2 -> C1C[C@@]23CO[C@@]12CO3 (数据为None)
2025-11-25 16:35:53,612 - WARNING - 跳过第116420行分子对: C1C[C@]23CC[C@]12CO3 -> OC[C@]12CC[C@H]1CC2 (数据为None)
2025-11-25 16:35:53,613 - WARNING - 跳过第116421行分子对: C1C[C@]23CC[C@]12CO3 -> C1C[C@H]2CC[C@@H]1CO2 (数据为None)
2025-11-25 16:35:57,907 - WARNING - 跳过第117286行分子对: CC[C@H]1[C@@H]2C=C[C@H]1C2 -> C1=C[C@]23CC[N@@H+]2[C@H]1C3 (数据为None)
2025-11-25 16:35:57,907 - WARNING - 跳过第117336行分子对: OC[C@H]1[C@@H]2CO[C@H]1C2 -> C1O[C@]23CO[C@H](C2)[C@@H]13 (数据为None)
2025-11-25 16:35:57,908 - WARNING - 跳过第117300行分子对: OC[C@H]1[C@@H]2C=C[C@H]1C2 -> C1=C[C@@]23C[C@@H]1[C@H]2CO3 (数据为None)
2025-11-25 16:35:57,909 - WARNING - 跳过第117330行分子对: OC[C@H]1[C@@H]2CC[C@H]1C2 -> C1C[C@@]23C[C@@H]1[C@H]2CO3 (数据为None)
2025-11-25 16:35:57,909 - WARNING - 跳过第117310行分子对: CC[C@H]1[C@@H]2CC[C@H]1C2 -> C1C[C@]23CC[C@@H]2[C@H]1C3 (数据为None)
2025-11-25 16:35:57,910 - WARNING - 跳过第117821行分子对: O=C1N[C@H]2[C@H]3C[C@H]3[C@@H]12 -> C[C@@H]1[C@H]2C(=O)N3[C@H]2[C@H]13 (数据为None)
2025-11-25 16:35:57,912 - WARNING - 跳过第117568行分子对: C[C@@H]1[C@H]2C(=O)N3[C@H]2[C@H]13 -> O=C1N[C@H]2[C@H]3C[C@H]3[C@@H]12 (数据为None)
2025-11-25 16:35:58,070 - WARNING - 跳过第117567行分子对: C[C@@H]1[C@H]2C(=O)N3[C@H]2[C@H]13 -> O=C1[C@@H]2[C@@H](O)[C@H]3[C@@H]2N13 (数据为None)
2025-11-25 16:36:02,025 - WARNING - 跳过第117571行分子对: O=C1[C@@H]2[C@@H](O)[C@H]3[C@@H]2N13 -> C[C@@H]1[C@H]2C(=O)N3[C@H]2[C@H]13 (数据为None)
2025-11-25 16:36:02,319 - INFO - 分子处理统计: 总数=240000, 命中=239840, 未命中=160, 命中率=99.93%
2025-11-25 16:36:06,270 - INFO - --- 训练集样本示例 (头部数据) ---
2025-11-25 16:36:06,273 - INFO -   样本       起始节点数        起始边数         目标节点数        目标边数         边特征             目标属性值          
2025-11-25 16:36:06,275 - INFO -   --------------------------------------------------------------------------------
2025-11-25 16:36:06,275 - INFO -   DEBUG: 边特征维度 = 16
2025-11-25 16:36:06,275 - INFO -   DEBUG: 第一个样本的边特征值 = [0.0, 0.0, 1.0, 0.0, 0.0, 0.0, 0.0, 0.0, 0.0, 0.0, 0.0, 0.0, 0.0, 0.0, 0.0, 1.0]
2025-11-25 16:36:06,275 - INFO -   DEBUG: 原子类型数量 = 4, 操作类型数量 = 12
2025-11-25 16:36:06,275 - INFO -   DEBUG: 边特征总长度 = 16
2025-11-25 16:36:06,275 - INFO -   DEBUG: 原子类型one-hot编码 = [0.0, 0.0, 1.0, 0.0]
2025-11-25 16:36:06,275 - INFO -   DEBUG: 操作类型one-hot编码 = [0.0, 0.0, 0.0, 0.0, 0.0, 0.0, 0.0, 0.0, 0.0, 0.0, 0.0, 1.0]
2025-11-25 16:36:06,275 - INFO -   DEBUG: 原子类型列表 = ['C', 'F', 'N', 'O']
2025-11-25 16:36:06,275 - INFO -   DEBUG: 操作类型列表 = ['add_atom', 'add_stereo', 'form_double_bond', 'form_double_ring', 'form_ring', 'form_triple_bond', 'remove_add_stereo', 'remove_form_double_bond', 'remove_form_double_ring', 'remove_form_ring', 'remove_form_triple_bond', 'replace_atom']
2025-11-25 16:36:06,276 - INFO -   1        5            8            4            6            [0.0, 0.0, 1.   -2.229442      
2025-11-25 16:36:06,276 - INFO -   2        5            8            3            4            [0.0, 0.0, 0.   -1.945639      
2025-11-25 16:36:06,276 - INFO -   3        4            6            5            8            [1.0, 0.0, 0.   3.154914       
2025-11-25 16:36:06,276 - INFO -   --------------------------------------------------------------------------------
2025-11-25 16:36:06,276 - INFO - 
数据构建完成:
2025-11-25 16:36:06,276 - INFO -   项目                   值                   
2025-11-25 16:36:06,276 - INFO -   ---------------------------------------- --------------------
2025-11-25 16:36:06,276 - INFO -   样本数                  119885              
2025-11-25 16:36:06,276 - INFO -   节点特征维度               11                  
2025-11-25 16:36:06,276 - INFO -   边特征维度                16                  
2025-11-25 16:36:06,276 - INFO -   目标属性变化维度             1                   
2025-11-25 16:36:06,283 - INFO - 数据集划分完成:
2025-11-25 16:36:06,283 - INFO -   - 训练集: 95908 (80.0%)
2025-11-25 16:36:06,283 - INFO -   - 验证集: 11988 (10.0%)
2025-11-25 16:36:06,283 - INFO -   - 测试集: 11989 (10.0%)
2025-11-25 16:36:06,324 - INFO - 数据集索引已保存到: /home/data2/rhj/project/mol_editor/mol_evo/dataset/data/dataset_indices/indices_20251125_163606_seed42.json
2025-11-25 16:36:06,412 - INFO - 更新模型边特征维度: 11 -> 16
2025-11-25 16:36:06,517 - INFO - 正在创建模型...
2025-11-25 16:36:06,518 - INFO - 模型参数数量: 4451725
2025-11-25 16:36:06,519 - INFO - 使用设备: cuda
2025-11-25 16:36:07,813 - INFO - 开始训练 (200 轮)...
2025-11-25 16:57:07,790 - INFO - Epoch [10/200], Train Loss: 0.141587, Val Loss: 0.186641, R²: 0.9241, MAE: 0.1866
2025-11-25 17:18:03,456 - INFO - Epoch [20/200], Train Loss: 0.097655, Val Loss: 0.108573, R²: 0.9624, MAE: 0.1086
2025-11-25 17:39:05,544 - INFO - Epoch [30/200], Train Loss: 0.072845, Val Loss: 0.080898, R²: 0.9768, MAE: 0.0809
2025-11-25 18:00:03,773 - INFO - Epoch [40/200], Train Loss: 0.052510, Val Loss: 0.067256, R²: 0.9835, MAE: 0.0673
2025-11-25 18:20:57,383 - INFO - Epoch [50/200], Train Loss: 0.025824, Val Loss: 0.045835, R²: 0.9887, MAE: 0.0458
2025-11-25 18:41:47,183 - INFO - Epoch [60/200], Train Loss: 0.016286, Val Loss: 0.037694, R²: 0.9893, MAE: 0.0377
2025-11-25 19:02:35,369 - INFO - Epoch [70/200], Train Loss: 0.014689, Val Loss: 0.035456, R²: 0.9897, MAE: 0.0355
2025-11-25 19:23:38,046 - INFO - Epoch [80/200], Train Loss: 0.013482, Val Loss: 0.034000, R²: 0.9901, MAE: 0.0340
2025-11-25 19:44:39,630 - INFO - Epoch [90/200], Train Loss: 0.012329, Val Loss: 0.032483, R²: 0.9905, MAE: 0.0325
2025-11-25 20:05:33,249 - INFO - Epoch [100/200], Train Loss: 0.009710, Val Loss: 0.030727, R²: 0.9906, MAE: 0.0307
2025-11-25 20:26:33,714 - INFO - Epoch [110/200], Train Loss: 0.009297, Val Loss: 0.029890, R²: 0.9907, MAE: 0.0299
2025-11-25 20:47:39,467 - INFO - Epoch [120/200], Train Loss: 0.008927, Val Loss: 0.029484, R²: 0.9908, MAE: 0.0295
2025-11-25 21:08:47,669 - INFO - Epoch [130/200], Train Loss: 0.008652, Val Loss: 0.029224, R²: 0.9908, MAE: 0.0292
2025-11-25 21:29:52,143 - INFO - Epoch [140/200], Train Loss: 0.008374, Val Loss: 0.028903, R²: 0.9908, MAE: 0.0289
2025-11-25 21:51:01,406 - INFO - Epoch [150/200], Train Loss: 0.008099, Val Loss: 0.028304, R²: 0.9910, MAE: 0.0283
2025-11-25 22:12:00,776 - INFO - Epoch [160/200], Train Loss: 0.007934, Val Loss: 0.028309, R²: 0.9910, MAE: 0.0283
2025-11-25 22:32:53,617 - INFO - Epoch [170/200], Train Loss: 0.007608, Val Loss: 0.027747, R²: 0.9911, MAE: 0.0277
2025-11-25 22:53:52,569 - INFO - Epoch [180/200], Train Loss: 0.007550, Val Loss: 0.027417, R²: 0.9911, MAE: 0.0274
2025-11-25 23:14:56,623 - INFO - Epoch [190/200], Train Loss: 0.007387, Val Loss: 0.027173, R²: 0.9911, MAE: 0.0272
2025-11-25 23:36:09,358 - INFO - Epoch [200/200], Train Loss: 0.007140, Val Loss: 0.026795, R²: 0.9912, MAE: 0.0268
2025-11-25 23:36:09,360 - INFO - 开始训练 (200 轮)...
2025-11-25 23:36:19,357 - INFO - 模型已保存至: /home/data2/rhj/project/mol_editor/mol_evo/../mol_evo/output/v0/MoleculeEvolutionVisnetLinearPredictor/train-20251125_162445-gap_change_pct-120000-200/last.pth
2025-11-25 23:36:19,357 - INFO - 
2025-11-25 23:36:19,357 - INFO - ============================================================
2025-11-25 23:36:19,357 - INFO - 训练完成 - 最终评估结果
2025-11-25 23:36:19,358 - INFO - ============================================================
2025-11-25 23:36:19,358 - INFO - 测试集损失: 0.026681
2025-11-25 23:36:19,358 - INFO - RMSE: 0.089079
2025-11-25 23:36:19,358 - INFO - MAE: 0.026681
2025-11-25 23:36:19,358 - INFO - R²: 0.992015
2025-11-25 23:36:19,358 - INFO - PCC: 0.996000
2025-11-25 23:36:19,358 - INFO - Rank Loss: 0.387883
2025-11-25 23:36:19,358 - INFO - 
2025-11-25 23:36:19,358 - INFO - 阈值准确率:
2025-11-25 23:36:19,358 - INFO -   阈值 0.5: 99.47%
2025-11-25 23:36:19,358 - INFO -   阈值 0.4: 99.22%
2025-11-25 23:36:19,358 - INFO -   阈值 0.30000000000000004: 98.52%
2025-11-25 23:36:19,358 - INFO -   阈值 0.20000000000000004: 96.93%
2025-11-25 23:36:19,358 - INFO -   阈值 0.10000000000000003: 92.54%
2025-11-25 23:36:19,358 - INFO -   阈值 0.05000000000000002: 87.08%
2025-11-25 23:36:19,358 - INFO -   阈值 0.040000000000000015: 85.39%
2025-11-25 23:36:19,358 - INFO -   阈值 0.030000000000000013: 82.98%
2025-11-25 23:36:19,358 - INFO -   阈值 0.02000000000000001: 79.64%
2025-11-25 23:36:19,358 - INFO -   阈值 0.01000000000000001: 73.63%
2025-11-25 23:36:19,358 - INFO -   阈值 0.005000000000000005: 64.64%
2025-11-25 23:36:19,358 - INFO -   阈值 0.004000000000000005: 60.89%
2025-11-25 23:36:19,359 - INFO -   阈值 0.0030000000000000053: 55.40%
2025-11-25 23:36:19,359 - INFO -   阈值 0.0020000000000000052: 46.40%
2025-11-25 23:36:19,359 - INFO - 
2025-11-25 23:36:19,359 - INFO - 训练完成:
2025-11-25 23:36:19,359 - INFO -   - 最终训练损失: 0.007140
2025-11-25 23:36:19,359 - INFO -   - 最佳验证损失: 0.026795
2025-11-25 23:36:19,359 - INFO -   - 测试损失 (MSE): 0.026681
2025-11-25 23:36:19,359 - INFO -   - 测试RMSE: 0.089079
2025-11-25 23:36:19,359 - INFO -   - 测试MAE: 0.026681
2025-11-25 23:36:19,359 - INFO -   - 测试R²: 0.992015
2025-11-25 23:36:19,359 - INFO -   - 测试PCC: 0.996000
2025-11-25 23:36:19,359 - INFO -   - 测试Rank Loss: 0.387883
2025-11-25 23:36:19,359 - INFO -   - 测试阈值准确率 (0.5): 0.9947
2025-11-25 23:36:19,359 - INFO -   - 测试阈值准确率 (0.4): 0.9922
2025-11-25 23:36:19,359 - INFO -   - 测试阈值准确率 (0.30000000000000004): 0.9852
2025-11-25 23:36:19,359 - INFO -   - 测试阈值准确率 (0.20000000000000004): 0.9693
2025-11-25 23:36:19,359 - INFO -   - 测试阈值准确率 (0.10000000000000003): 0.9254
2025-11-25 23:36:19,359 - INFO -   - 测试阈值准确率 (0.05000000000000002): 0.8708
2025-11-25 23:36:19,359 - INFO -   - 测试阈值准确率 (0.040000000000000015): 0.8539
2025-11-25 23:36:19,359 - INFO -   - 测试阈值准确率 (0.030000000000000013): 0.8298
2025-11-25 23:36:19,359 - INFO -   - 测试阈值准确率 (0.02000000000000001): 0.7964
2025-11-25 23:36:19,359 - INFO -   - 测试阈值准确率 (0.01000000000000001): 0.7363
2025-11-25 23:36:19,359 - INFO -   - 测试阈值准确率 (0.005000000000000005): 0.6464
2025-11-25 23:36:19,360 - INFO -   - 测试阈值准确率 (0.004000000000000005): 0.6089
2025-11-25 23:36:19,360 - INFO -   - 测试阈值准确率 (0.0030000000000000053): 0.5540
2025-11-25 23:36:19,360 - INFO -   - 测试阈值准确率 (0.0020000000000000052): 0.4640
2025-11-25 23:36:19,360 - INFO -   - 模型已保存到: /home/data2/rhj/project/mol_editor/mol_evo/../mol_evo/output/v0/MoleculeEvolutionVisnetLinearPredictor/train-20251125_162445-gap_change_pct-120000-200/last.pth
2025-11-25 23:36:19,360 - INFO - 训练结果已保存到: /home/data2/rhj/project/mol_editor/mol_evo/../mol_evo/output/v0/MoleculeEvolutionVisnetLinearPredictor/train-20251125_162445-gap_change_pct-120000-200/training_results.json
2025-11-25 23:36:19,360 - INFO - 模型目录: /home/data2/rhj/project/mol_editor/mol_evo/../mol_evo/output/v0/MoleculeEvolutionVisnetLinearPredictor/train-20251125_162445-gap_change_pct-120000-200
