2025-10-14 05:23:43,805 - INFO - ============================================================
2025-10-14 05:23:43,805 - INFO - 基于NNConv的分子进化预测器模型训练开始
2025-10-14 05:23:43,805 - INFO - ============================================================
2025-10-14 05:23:43,805 - INFO - 数据文件: mol_evo/dataset/data/qm9-evo-pairs-step-1-with-properties-pct.csv
2025-10-14 05:23:43,805 - INFO - 最大对数: 2000
2025-10-14 05:23:43,806 - INFO - 训练轮数: 20
2025-10-14 05:23:43,806 - INFO - 正在构建图数据: mol_evo/dataset/data/qm9-evo-pairs-step-1-with-properties-pct.csv
2025-10-14 05:23:44,428 - INFO - 加载缓存文件: /home/data2/rhj/project/mol_editor/mol_evo/core/utils/../../.cache/molecule_graphs/csv_qm9-evo-pairs-step-1-with-properties-pct_3cbb45cc1ac9202d.pt，包含 1994 个分子
2025-10-14 05:23:44,604 - INFO - 分子处理统计: 总数=4000, 命中=4000, 未命中=0, 命中率=100.00%
2025-10-14 05:23:44,611 - INFO - --- 训练集样本示例 (头部数据) ---
2025-10-14 05:23:44,611 - INFO -   样本       起始节点数        起始边数         目标节点数        目标边数         边特征             目标属性值          
2025-10-14 05:23:44,611 - INFO -   --------------------------------------------------------------------------------
2025-10-14 05:23:44,611 - INFO -   1        5            8            8            14           [1.0, 0.0, 0.   0.199346       
2025-10-14 05:23:44,611 - INFO -   2        3            4            6            10           [1.0, 0.0, 0.   -0.124008      
2025-10-14 05:23:44,611 - INFO -   3        4            6            11           20           [1.0, 0.0, 0.   0.258689       
2025-10-14 05:23:44,612 - INFO -   --------------------------------------------------------------------------------
2025-10-14 05:23:44,612 - INFO - 
数据构建完成:
2025-10-14 05:23:44,612 - INFO -   项目                   值                   
2025-10-14 05:23:44,612 - INFO -   ----------------------------------------
2025-10-14 05:23:44,612 - INFO -   样本数                  2000                
2025-10-14 05:23:44,612 - INFO -   节点特征维度               11                  
2025-10-14 05:23:44,612 - INFO -   边特征维度                11                  
2025-10-14 05:23:44,612 - INFO -   目标属性变化维度             1                   
2025-10-14 05:23:44,612 - INFO - 数据集划分完成:
2025-10-14 05:23:44,612 - INFO -   - 训练集: 1600 (80.0%)
2025-10-14 05:23:44,612 - INFO -   - 验证集: 200 (10.0%)
2025-10-14 05:23:44,612 - INFO -   - 测试集: 200 (10.0%)
2025-10-14 05:23:44,675 - INFO - 正在创建模型...
2025-10-14 05:23:44,676 - INFO - 模型参数数量: 3313025
2025-10-14 05:23:44,676 - INFO - 使用设备: cuda
2025-10-14 05:23:46,822 - INFO - Epoch [10/20], Train Loss: 0.634864, Val Loss: 0.711923, R²: -0.0048, MAE: 0.7119
2025-10-14 05:23:48,591 - INFO - Epoch [20/20], Train Loss: 0.634370, Val Loss: 0.711605, R²: -0.0109, MAE: 0.7116
2025-10-14 05:23:48,593 - INFO - 开始训练 (20 轮)...
2025-10-14 05:23:49,543 - INFO - 模型已保存至: /home/data2/rhj/project/mol_editor/mol_evo/../mol_evo/output/v0/gcn_transformer_transformer/train-20251014_052343-mu_change-2000-20/last.pth
2025-10-14 05:23:49,543 - INFO - 
2025-10-14 05:23:49,543 - INFO - ============================================================
2025-10-14 05:23:49,543 - INFO - 训练完成 - 最终评估结果
2025-10-14 05:23:49,543 - INFO - ============================================================
2025-10-14 05:23:49,543 - INFO - 测试集损失: 0.616589
2025-10-14 05:23:49,543 - INFO - RMSE: 0.911106
2025-10-14 05:23:49,543 - INFO - MAE: 0.616589
2025-10-14 05:23:49,543 - INFO - R²: -0.051117
2025-10-14 05:23:49,543 - INFO - PCC: -0.208880
2025-10-14 05:23:49,543 - INFO - Rank Loss: 1.000000
2025-10-14 05:23:49,543 - INFO - 
2025-10-14 05:23:49,543 - INFO - 阈值准确率:
2025-10-14 05:23:49,543 - INFO -   阈值 0.5: 57.00%
2025-10-14 05:23:49,543 - INFO -   阈值 0.4: 50.00%
2025-10-14 05:23:49,543 - INFO - 
2025-10-14 05:23:49,543 - INFO - 训练完成:
2025-10-14 05:23:49,544 - INFO -   - 最终训练损失: 0.634370
2025-10-14 05:23:49,544 - INFO -   - 最佳验证损失: 0.711071
2025-10-14 05:23:49,544 - INFO -   - 测试损失 (MSE): 0.616589
2025-10-14 05:23:49,544 - INFO -   - 测试RMSE: 0.911106
2025-10-14 05:23:49,544 - INFO -   - 测试MAE: 0.616589
2025-10-14 05:23:49,544 - INFO -   - 测试R²: -0.051117
2025-10-14 05:23:49,544 - INFO -   - 测试PCC: -0.208880
2025-10-14 05:23:49,544 - INFO -   - 测试Rank Loss: 1.000000
2025-10-14 05:23:49,544 - INFO -   - 测试阈值准确率 (0.5): 0.5700
2025-10-14 05:23:49,544 - INFO -   - 测试阈值准确率 (0.4): 0.5000
2025-10-14 05:23:49,544 - INFO -   - 模型已保存到: /home/data2/rhj/project/mol_editor/mol_evo/../mol_evo/output/v0/gcn_transformer_transformer/train-20251014_052343-mu_change-2000-20/last.pth
