2025-10-08 03:31:37,233 - training - INFO - ============================================================
2025-10-08 03:31:37,233 - training - INFO - 基于NNConv的分子进化预测器模型训练开始
2025-10-08 03:31:37,233 - training - INFO - ============================================================
2025-10-08 03:31:37,233 - training - INFO - 数据文件: mol_evo/dataset/data/qm9-evo-pairs-step-1-with-properties.csv
2025-10-08 03:31:37,233 - training - INFO - 最大对数: 20000
2025-10-08 03:31:37,233 - training - INFO - 训练轮数: 500
2025-10-08 03:31:42,086 - training - INFO - 正在构建图数据: mol_evo/dataset/data/qm9-evo-pairs-step-1-with-properties.csv
2025-10-08 03:31:42,086 - training - INFO - 数据构建完成:
2025-10-08 03:31:42,086 - training - INFO -   - 节点数: 1377
2025-10-08 03:31:42,086 - training - INFO -   - 边数: 20000
2025-10-08 03:31:42,086 - training - INFO -   - 节点特征维度: 2048
2025-10-08 03:31:42,086 - training - INFO -   - 边特征维度: 11
2025-10-08 03:31:42,086 - training - INFO -   - 目标属性变化维度: 15
2025-10-08 03:31:42,089 - training - INFO - 数据集划分完成:
2025-10-08 03:31:42,089 - training - INFO -   - 训练集: 14000 (70.0%)
2025-10-08 03:31:42,089 - training - INFO -   - 验证集: 2000 (10.0%)
2025-10-08 03:31:42,089 - training - INFO -   - 测试集: 4000 (20.0%)
2025-10-08 03:31:42,177 - training - INFO - 正在创建模型...
2025-10-08 03:31:42,177 - training - INFO - 模型参数数量: 6791951
2025-10-08 03:31:42,177 - training - INFO - 开始训练 (500 轮)...
2025-10-08 03:31:43,616 - training - INFO - Epoch [10/500], Train Loss: 0.804761, Val Loss: 1.037228, R²: 0.1523, MAE: 0.5912
2025-10-08 03:31:44,523 - training - INFO - Epoch [20/500], Train Loss: 0.648384, Val Loss: 0.874075, R²: 0.2857, MAE: 0.4895
2025-10-08 03:31:45,434 - training - INFO - Epoch [30/500], Train Loss: 0.576618, Val Loss: 0.796282, R²: 0.3493, MAE: 0.4351
2025-10-08 03:31:46,345 - training - INFO - Epoch [40/500], Train Loss: 0.526713, Val Loss: 0.749929, R²: 0.3871, MAE: 0.3924
2025-10-08 03:31:47,258 - training - INFO - Epoch [50/500], Train Loss: 0.493937, Val Loss: 0.719633, R²: 0.4119, MAE: 0.3670
2025-10-08 03:31:48,172 - training - INFO - Epoch [60/500], Train Loss: 0.469410, Val Loss: 0.696952, R²: 0.4304, MAE: 0.3500
2025-10-08 03:31:49,089 - training - INFO - Epoch [70/500], Train Loss: 0.440281, Val Loss: 0.666034, R²: 0.4557, MAE: 0.3401
2025-10-08 03:31:50,007 - training - INFO - Epoch [80/500], Train Loss: 0.397420, Val Loss: 0.599942, R²: 0.5097, MAE: 0.3128
2025-10-08 03:31:50,926 - training - INFO - Epoch [90/500], Train Loss: 0.352455, Val Loss: 0.525864, R²: 0.5702, MAE: 0.2893
2025-10-08 03:31:51,845 - training - INFO - Epoch [100/500], Train Loss: 0.269004, Val Loss: 0.276935, R²: 0.7737, MAE: 0.2694
2025-10-08 03:31:52,762 - training - INFO - Epoch [110/500], Train Loss: 0.203330, Val Loss: 0.294784, R²: 0.7591, MAE: 0.2756
2025-10-08 03:31:53,679 - training - INFO - Epoch [120/500], Train Loss: 0.169081, Val Loss: 0.231639, R²: 0.8107, MAE: 0.2518
2025-10-08 03:31:54,596 - training - INFO - Epoch [130/500], Train Loss: 0.158638, Val Loss: 0.216299, R²: 0.8232, MAE: 0.2427
2025-10-08 03:31:55,516 - training - INFO - Epoch [140/500], Train Loss: 0.152191, Val Loss: 0.202607, R²: 0.8344, MAE: 0.2314
2025-10-08 03:31:56,436 - training - INFO - Epoch [150/500], Train Loss: 0.142625, Val Loss: 0.172035, R²: 0.8594, MAE: 0.2262
2025-10-08 03:31:57,355 - training - INFO - Epoch [160/500], Train Loss: 0.135025, Val Loss: 0.192976, R²: 0.8423, MAE: 0.2209
2025-10-08 03:31:58,276 - training - INFO - Epoch [170/500], Train Loss: 0.129214, Val Loss: 0.175631, R²: 0.8565, MAE: 0.2122
2025-10-08 03:31:59,193 - training - INFO - Epoch [180/500], Train Loss: 0.115666, Val Loss: 0.178957, R²: 0.8538, MAE: 0.2013
2025-10-08 03:32:00,107 - training - INFO - Epoch [190/500], Train Loss: 0.110561, Val Loss: 0.131630, R²: 0.8924, MAE: 0.1936
2025-10-08 03:32:01,023 - training - INFO - Epoch [200/500], Train Loss: 0.093103, Val Loss: 0.114398, R²: 0.9065, MAE: 0.1817
2025-10-08 03:32:01,940 - training - INFO - Epoch [210/500], Train Loss: 0.091256, Val Loss: 0.134693, R²: 0.8899, MAE: 0.1774
2025-10-08 03:32:02,855 - training - INFO - Epoch [220/500], Train Loss: 0.083735, Val Loss: 0.104559, R²: 0.9146, MAE: 0.1703
2025-10-08 03:32:03,772 - training - INFO - Epoch [230/500], Train Loss: 0.081830, Val Loss: 0.091137, R²: 0.9255, MAE: 0.1683
2025-10-08 03:32:04,687 - training - INFO - Epoch [240/500], Train Loss: 0.073665, Val Loss: 0.095571, R²: 0.9219, MAE: 0.1615
2025-10-08 03:32:05,603 - training - INFO - Epoch [250/500], Train Loss: 0.068684, Val Loss: 0.095228, R²: 0.9222, MAE: 0.1544
2025-10-08 03:32:06,522 - training - INFO - Epoch [260/500], Train Loss: 0.062004, Val Loss: 0.087789, R²: 0.9283, MAE: 0.1507
2025-10-08 03:32:07,437 - training - INFO - Epoch [270/500], Train Loss: 0.059942, Val Loss: 0.077852, R²: 0.9364, MAE: 0.1425
2025-10-08 03:32:08,354 - training - INFO - Epoch [280/500], Train Loss: 0.060853, Val Loss: 0.068401, R²: 0.9441, MAE: 0.1398
2025-10-08 03:32:09,272 - training - INFO - Epoch [290/500], Train Loss: 0.054780, Val Loss: 0.055429, R²: 0.9547, MAE: 0.1359
2025-10-08 03:32:10,190 - training - INFO - Epoch [300/500], Train Loss: 0.050951, Val Loss: 0.069265, R²: 0.9434, MAE: 0.1308
2025-10-08 03:32:11,108 - training - INFO - Epoch [310/500], Train Loss: 0.049459, Val Loss: 0.066206, R²: 0.9459, MAE: 0.1292
2025-10-08 03:32:12,025 - training - INFO - Epoch [320/500], Train Loss: 0.047301, Val Loss: 0.062285, R²: 0.9491, MAE: 0.1216
2025-10-08 03:32:12,943 - training - INFO - Epoch [330/500], Train Loss: 0.044010, Val Loss: 0.059365, R²: 0.9515, MAE: 0.1211
2025-10-08 03:32:13,860 - training - INFO - Epoch [340/500], Train Loss: 0.041843, Val Loss: 0.048370, R²: 0.9605, MAE: 0.1161
2025-10-08 03:32:14,779 - training - INFO - Epoch [350/500], Train Loss: 0.043930, Val Loss: 0.064809, R²: 0.9470, MAE: 0.1172
2025-10-08 03:32:15,696 - training - INFO - Epoch [360/500], Train Loss: 0.040787, Val Loss: 0.058089, R²: 0.9525, MAE: 0.1157
2025-10-08 03:32:16,615 - training - INFO - Epoch [370/500], Train Loss: 0.039848, Val Loss: 0.063164, R²: 0.9484, MAE: 0.1117
2025-10-08 03:32:17,534 - training - INFO - Epoch [380/500], Train Loss: 0.040630, Val Loss: 0.060553, R²: 0.9505, MAE: 0.1097
2025-10-08 03:32:18,452 - training - INFO - Epoch [390/500], Train Loss: 0.039102, Val Loss: 0.063676, R²: 0.9480, MAE: 0.1053
2025-10-08 03:32:19,369 - training - INFO - Epoch [400/500], Train Loss: 0.035791, Val Loss: 0.062618, R²: 0.9488, MAE: 0.1055
2025-10-08 03:32:20,288 - training - INFO - Epoch [410/500], Train Loss: 0.036633, Val Loss: 0.041276, R²: 0.9663, MAE: 0.1008
2025-10-08 03:32:21,212 - training - INFO - Epoch [420/500], Train Loss: 0.036202, Val Loss: 0.055515, R²: 0.9546, MAE: 0.0985
2025-10-08 03:32:22,127 - training - INFO - Epoch [430/500], Train Loss: 0.031655, Val Loss: 0.067806, R²: 0.9446, MAE: 0.0955
2025-10-08 03:32:23,044 - training - INFO - Epoch [440/500], Train Loss: 0.033270, Val Loss: 0.038331, R²: 0.9687, MAE: 0.0916
2025-10-08 03:32:23,960 - training - INFO - Epoch [450/500], Train Loss: 0.035973, Val Loss: 0.050139, R²: 0.9590, MAE: 0.0903
2025-10-08 03:32:24,878 - training - INFO - Epoch [460/500], Train Loss: 0.028765, Val Loss: 0.034475, R²: 0.9718, MAE: 0.0858
2025-10-08 03:32:25,795 - training - INFO - Epoch [470/500], Train Loss: 0.026151, Val Loss: 0.042225, R²: 0.9655, MAE: 0.0839
2025-10-08 03:32:26,714 - training - INFO - Epoch [480/500], Train Loss: 0.027379, Val Loss: 0.050763, R²: 0.9585, MAE: 0.0878
2025-10-08 03:32:27,630 - training - INFO - Epoch [490/500], Train Loss: 0.025709, Val Loss: 0.028824, R²: 0.9764, MAE: 0.0793
2025-10-08 03:32:28,547 - training - INFO - Epoch [500/500], Train Loss: 0.026074, Val Loss: 0.038696, R²: 0.9684, MAE: 0.0818
2025-10-08 03:32:28,577 - training - INFO - 原始尺度评估指标:
2025-10-08 03:32:28,577 - training - INFO -   - MSE: 15730.670049
2025-10-08 03:32:28,577 - training - INFO -   - RMSE: 125.421968
2025-10-08 03:32:28,577 - training - INFO -   - MAE: 28.286841
2025-10-08 03:32:28,577 - training - INFO - 各维度阈值准确率:
2025-10-08 03:32:28,577 - training - INFO - Threshold   A        B        C        mu       alpha    homo     lumo     gap      r2       zpve     U0       U        H        G        Cv       
2025-10-08 03:32:28,577 - training - INFO - ---------------------------------------------------------------------------------------------------------------------------------------------------
2025-10-08 03:32:28,577 - training - INFO - @0.400      0.9990   0.9923   0.9943   0.9803   0.9820   0.9790   0.9875   0.9913   0.9870   0.9713   0.9968   0.9963   0.9958   0.9965   0.9783   
2025-10-08 03:32:28,577 - training - INFO - @0.300      0.9985   0.9823   0.9855   0.9640   0.9623   0.9518   0.9740   0.9850   0.9755   0.9245   0.9928   0.9935   0.9930   0.9940   0.9338   
2025-10-08 03:32:28,578 - training - INFO - @0.200      0.9978   0.9313   0.9500   0.8888   0.8855   0.8805   0.9030   0.9558   0.9235   0.7938   0.9818   0.9840   0.9833   0.9843   0.8028   
2025-10-08 03:32:28,578 - training - INFO - @0.100      0.9870   0.7868   0.7788   0.6190   0.6105   0.6285   0.6295   0.7710   0.6938   0.4938   0.9010   0.8998   0.9050   0.9043   0.4883   
2025-10-08 03:32:28,578 - training - INFO - @0.050      0.8580   0.5238   0.4973   0.3523   0.3410   0.3578   0.3478   0.4818   0.4153   0.2625   0.6393   0.6543   0.6563   0.6543   0.2653   
2025-10-08 03:32:29,443 - training - INFO - 训练完成:
2025-10-08 03:32:29,443 - training - INFO -   - 最终训练损失: 0.026074
2025-10-08 03:32:29,443 - training - INFO -   - 最佳验证损失: 0.027227
2025-10-08 03:32:29,443 - training - INFO -   - 测试损失 (MSE): 0.025188
2025-10-08 03:32:29,444 - training - INFO -   - 测试RMSE: 0.158707
2025-10-08 03:32:29,444 - training - INFO -   - 测试MAE: 0.080117
2025-10-08 03:32:29,444 - training - INFO -   - 测试R²: 0.972120
2025-10-08 03:32:29,444 - training - INFO -   - 测试阈值准确率 (0.4, 所有维度): 0.9110
2025-10-08 03:32:29,444 - training - INFO -   - 测试阈值准确率 (0.4, 平均): 0.9885
2025-10-08 03:32:29,444 - training - INFO -   - 测试阈值准确率 (0.3, 所有维度): 0.7845
2025-10-08 03:32:29,444 - training - INFO -   - 测试阈值准确率 (0.3, 平均): 0.9740
2025-10-08 03:32:29,444 - training - INFO -   - 测试阈值准确率 (0.2, 所有维度): 0.4625
2025-10-08 03:32:29,444 - training - INFO -   - 测试阈值准确率 (0.2, 平均): 0.9230
2025-10-08 03:32:29,444 - training - INFO -   - 测试阈值准确率 (0.1, 所有维度): 0.0470
2025-10-08 03:32:29,444 - training - INFO -   - 测试阈值准确率 (0.1, 平均): 0.7398
2025-10-08 03:32:29,444 - training - INFO -   - 测试阈值准确率 (0.05, 所有维度): 0.0008
2025-10-08 03:32:29,444 - training - INFO -   - 测试阈值准确率 (0.05, 平均): 0.4871
2025-10-08 03:32:29,444 - training - INFO -   - 原始尺度MSE: 15730.670049
2025-10-08 03:32:29,444 - training - INFO -   - 原始尺度RMSE: 125.421968
2025-10-08 03:32:29,444 - training - INFO -   - 原始尺度MAE: 28.286841
2025-10-08 03:32:29,444 - training - INFO -   - 模型已保存到: /home/data2/rhj/project/mol_editor/mol_evo/../mol_evo/model-data/nnconv/training_20251008_033137/molecule_evolution_nnconv_predictor.pth
