2025-11-16 20:00:20,541 - INFO - ============================================================
2025-11-16 20:00:20,541 - INFO - 数据文件: /home/data2/rhj/project/mol_editor/mol_evo/dataset/data/tmp/qm9-evo-pairs-step-1-pairs-v0-81005-with-properties-pct.json
2025-11-16 20:00:20,541 - INFO - 最大对数: 80000
2025-11-16 20:00:20,541 - INFO - 训练轮数: 200
2025-11-16 20:00:20,541 - INFO - ============================================================
2025-11-16 20:00:20,542 - INFO - 模型配置已保存到: /home/data2/rhj/project/mol_editor/mol_evo/../mol_evo/output/v0/MoleculeEvolutionVisnetLinearPredictor/train-20251116_200020-homo_change_pct-80000-200/model_config.json
2025-11-16 20:00:20,542 - INFO - 正在构建图数据: /home/data2/rhj/project/mol_editor/mol_evo/dataset/data/tmp/qm9-evo-pairs-step-1-pairs-v0-81005-with-properties-pct.json
2025-11-16 20:00:26,825 - INFO - 加载缓存文件: /home/data2/rhj/project/mol_editor/mol_evo/core/utils/../../.cache/molecule_graphs/csv_qm9-evo-pairs-step-1-pairs-v0-81005-with-properties-pct_3e3e8fb9d5f3ef32.pt，包含 13086 个分子
2025-11-16 20:00:33,717 - WARNING - 跳过第26973行分子对: O=C1[C@H]2C[C@@H]3[C@H]2N13 -> C[C@]12[C@@H]3C[C@H]1N2C3=O (数据为None)
2025-11-16 20:00:44,851 - WARNING - 跳过第65375行分子对: C[C@]12C[C@H](C1)[C@H]2CO -> C1OC[C@]23C[C@H](C2)[C@H]13 (数据为None)
2025-11-16 20:00:45,893 - WARNING - 跳过第66217行分子对: COCC12C[NH+](C1)C2 -> C1OC[C@]23C[N@H+](C2)[C@H]13 (数据为None)
2025-11-16 20:00:47,831 - WARNING - 跳过第66723行分子对: [NH-][C@@H]1O[C@]23C[C@H](C2)[C@@H]13 -> C[C@H]1O[C@]23C[C@H](C2)[C@@H]13 (数据为None)
2025-11-16 20:00:48,661 - WARNING - 跳过第66724行分子对: [NH-][C@@H]1O[C@]23C[N@H+](C2)[C@@H]13 -> C[C@H]1O[C@]23C[N@H+](C2)[C@@H]13 (数据为None)
2025-11-16 20:00:49,220 - WARNING - 跳过第66725行分子对: O=C1N[C@]23C[C@H](C2)[C@@H]13 -> O=C1O[C@]23C[C@H](C2)[C@@H]13 (数据为None)
2025-11-16 20:00:49,823 - WARNING - 跳过第66726行分子对: O=C1N[C@]23C[N@H+](C2)[C@@H]13 -> O=C1O[C@]23C[N@H+](C2)[C@@H]13 (数据为None)
2025-11-16 20:00:50,422 - WARNING - 跳过第66727行分子对: O=C1O[C@]23C[C@H](C2)[C@@H]13 -> O=C1N[C@]23C[C@H](C2)[C@@H]13 (数据为None)
2025-11-16 20:00:51,085 - WARNING - 跳过第66728行分子对: O=C1O[C@]23C[N@H+](C2)[C@@H]13 -> O=C1N[C@]23C[N@H+](C2)[C@@H]13 (数据为None)
2025-11-16 20:00:51,779 - WARNING - 跳过第66729行分子对: C[C@H]1C[C@]23C[C@H](C2)[C@@H]13 -> C1[C@H]2C[C@H]3C[C@H](C3)[C@@H]12 (数据为None)
2025-11-16 20:00:52,950 - WARNING - 跳过第66730行分子对: C[C@H]1C[C@]23C[N@H+](C2)[C@@H]13 -> O[C@H]1C[C@]23C[N@H+](C2)[C@@H]13 (数据为None)
2025-11-16 20:00:53,804 - WARNING - 跳过第66731行分子对: C[C@H]1O[C@]23C[C@H](C2)[C@@H]13 -> [NH-][C@@H]1O[C@]23C[C@H](C2)[C@@H]13 (数据为None)
2025-11-16 20:00:54,632 - WARNING - 跳过第66732行分子对: C[C@H]1O[C@]23C[N@H+](C2)[C@@H]13 -> [NH-][C@@H]1O[C@]23C[N@H+](C2)[C@@H]13 (数据为None)
2025-11-16 20:00:55,161 - WARNING - 跳过第66733行分子对: C[C@H]1O[C@]23C[N@H+](C2)[C@@H]13 -> C1[C@H]2O[C@H]3C[N@H+](C3)[C@@H]12 (数据为None)
2025-11-16 20:00:56,319 - WARNING - 跳过第66734行分子对: O[C@H]1C[C@]23C[N@H+](C2)[C@@H]13 -> C[C@H]1C[C@]23C[N@H+](C2)[C@@H]13 (数据为None)
2025-11-16 20:00:59,449 - INFO - 分子处理统计: 总数=160000, 命中=159974, 未命中=26, 命中率=99.98%
2025-11-16 20:00:59,548 - INFO - --- 训练集样本示例 (头部数据) ---
2025-11-16 20:00:59,549 - INFO -   样本       起始节点数        起始边数         目标节点数        目标边数         边特征             目标属性值          
2025-11-16 20:00:59,550 - INFO -   --------------------------------------------------------------------------------
2025-11-16 20:00:59,550 - INFO -   DEBUG: 边特征维度 = 16
2025-11-16 20:00:59,550 - INFO -   DEBUG: 第一个样本的边特征值 = [0.0, 0.0, 1.0, 0.0, 0.0, 0.0, 0.0, 0.0, 0.0, 0.0, 0.0, 0.0, 0.0, 0.0, 0.0, 1.0]
2025-11-16 20:00:59,551 - INFO -   DEBUG: 原子类型数量 = 4, 操作类型数量 = 12
2025-11-16 20:00:59,551 - INFO -   DEBUG: 边特征总长度 = 16
2025-11-16 20:00:59,551 - INFO -   DEBUG: 原子类型one-hot编码 = [0.0, 0.0, 1.0, 0.0]
2025-11-16 20:00:59,552 - INFO -   DEBUG: 操作类型one-hot编码 = [0.0, 0.0, 0.0, 0.0, 0.0, 0.0, 0.0, 0.0, 0.0, 0.0, 0.0, 1.0]
2025-11-16 20:00:59,552 - INFO -   DEBUG: 原子类型列表 = ['C', 'F', 'N', 'O']
2025-11-16 20:00:59,552 - INFO -   DEBUG: 操作类型列表 = ['add_atom', 'add_stereo', 'form_double_bond', 'form_double_ring', 'form_ring', 'form_triple_bond', 'remove_add_stereo', 'remove_form_double_bond', 'remove_form_double_ring', 'remove_form_ring', 'remove_form_triple_bond', 'replace_atom']
2025-11-16 20:00:59,553 - INFO -   1        5            8            4            6            [0.0, 0.0, 1.   -4.830449      
2025-11-16 20:00:59,553 - INFO -   2        5            8            3            4            [0.0, 0.0, 0.   -3.520204      
2025-11-16 20:00:59,553 - INFO -   3        4            6            5            8            [1.0, 0.0, 0.   7.169222       
2025-11-16 20:00:59,554 - INFO -   --------------------------------------------------------------------------------
2025-11-16 20:00:59,554 - INFO - 
数据构建完成:
2025-11-16 20:00:59,555 - INFO -   项目                   值                   
2025-11-16 20:00:59,555 - INFO -   ---------------------------------------- --------------------
2025-11-16 20:00:59,555 - INFO -   样本数                  79985               
2025-11-16 20:00:59,556 - INFO -   节点特征维度               11                  
2025-11-16 20:00:59,556 - INFO -   边特征维度                16                  
2025-11-16 20:00:59,557 - INFO -   目标属性变化维度             1                   
2025-11-16 20:00:59,564 - INFO - 数据集划分完成:
2025-11-16 20:00:59,565 - INFO -   - 训练集: 63988 (80.0%)
2025-11-16 20:00:59,565 - INFO -   - 验证集: 7998 (10.0%)
2025-11-16 20:00:59,566 - INFO -   - 测试集: 7999 (10.0%)
2025-11-16 20:01:00,098 - INFO - 更新模型边特征维度: 11 -> 16
2025-11-16 20:01:00,283 - INFO - 正在创建模型...
2025-11-16 20:01:00,285 - INFO - 模型参数数量: 4451725
2025-11-16 20:01:00,286 - INFO - 使用设备: cuda
2025-11-16 20:01:01,446 - INFO - 开始训练 (200 轮)...
2025-11-16 20:49:51,189 - INFO - Epoch [10/200], Train Loss: 0.123616, Val Loss: 0.136734, R²: 0.9335, MAE: 0.1367
2025-11-16 21:39:51,236 - INFO - Epoch [20/200], Train Loss: 0.080204, Val Loss: 0.102326, R²: 0.9590, MAE: 0.1023
2025-11-16 22:29:02,678 - INFO - Epoch [30/200], Train Loss: 0.061934, Val Loss: 0.080611, R²: 0.9705, MAE: 0.0806
2025-11-16 23:15:45,787 - INFO - Epoch [40/200], Train Loss: 0.052141, Val Loss: 0.072797, R²: 0.9744, MAE: 0.0728
2025-11-17 00:04:53,868 - INFO - Epoch [50/200], Train Loss: 0.047272, Val Loss: 0.060898, R²: 0.9775, MAE: 0.0609
2025-11-17 00:53:35,608 - INFO - Epoch [60/200], Train Loss: 0.016999, Val Loss: 0.038537, R²: 0.9781, MAE: 0.0385
2025-11-17 01:43:05,495 - INFO - Epoch [70/200], Train Loss: 0.007225, Val Loss: 0.030697, R²: 0.9808, MAE: 0.0307
2025-11-17 02:33:33,187 - INFO - Epoch [80/200], Train Loss: 0.006286, Val Loss: 0.029642, R²: 0.9812, MAE: 0.0296
2025-11-17 03:22:02,688 - INFO - Epoch [90/200], Train Loss: 0.005805, Val Loss: 0.028648, R²: 0.9812, MAE: 0.0286
2025-11-17 04:05:25,427 - INFO - Epoch [100/200], Train Loss: 0.003118, Val Loss: 0.026609, R²: 0.9812, MAE: 0.0266
2025-11-17 04:49:59,873 - INFO - Epoch [110/200], Train Loss: 0.002961, Val Loss: 0.026300, R²: 0.9814, MAE: 0.0263
2025-11-17 05:34:21,807 - INFO - Epoch [120/200], Train Loss: 0.002420, Val Loss: 0.025764, R²: 0.9815, MAE: 0.0258
2025-11-17 06:18:32,811 - INFO - Epoch [130/200], Train Loss: 0.002126, Val Loss: 0.025536, R²: 0.9815, MAE: 0.0255
2025-11-17 07:05:30,168 - INFO - Epoch [140/200], Train Loss: 0.002071, Val Loss: 0.025442, R²: 0.9815, MAE: 0.0254
2025-11-17 07:55:17,546 - INFO - Epoch [150/200], Train Loss: 0.002019, Val Loss: 0.025425, R²: 0.9815, MAE: 0.0254
2025-11-17 08:44:24,875 - INFO - Epoch [160/200], Train Loss: 0.001979, Val Loss: 0.025273, R²: 0.9814, MAE: 0.0253
2025-11-17 09:20:04,766 - INFO - Epoch [170/200], Train Loss: 0.001936, Val Loss: 0.025183, R²: 0.9816, MAE: 0.0252
2025-11-17 09:44:53,756 - INFO - Epoch [180/200], Train Loss: 0.001902, Val Loss: 0.025062, R²: 0.9816, MAE: 0.0251
2025-11-17 10:10:13,419 - INFO - Epoch [190/200], Train Loss: 0.001860, Val Loss: 0.024975, R²: 0.9816, MAE: 0.0250
2025-11-17 10:44:08,230 - INFO - Epoch [200/200], Train Loss: 0.001825, Val Loss: 0.024906, R²: 0.9816, MAE: 0.0249
2025-11-17 10:44:08,231 - INFO - 开始训练 (200 轮)...
2025-11-17 10:44:17,073 - INFO - 模型已保存至: /home/data2/rhj/project/mol_editor/mol_evo/../mol_evo/output/v0/MoleculeEvolutionVisnetLinearPredictor/train-20251116_200020-homo_change_pct-80000-200/last.pth
2025-11-17 10:44:17,074 - INFO - 
2025-11-17 10:44:17,074 - INFO - ============================================================
2025-11-17 10:44:17,074 - INFO - 训练完成 - 最终评估结果
2025-11-17 10:44:17,074 - INFO - ============================================================
2025-11-17 10:44:17,074 - INFO - 测试集损失: 0.025116
2025-11-17 10:44:17,074 - INFO - RMSE: 0.128393
2025-11-17 10:44:17,074 - INFO - MAE: 0.025116
2025-11-17 10:44:17,074 - INFO - R²: 0.982980
2025-11-17 10:44:17,074 - INFO - PCC: 0.991460
2025-11-17 10:44:17,074 - INFO - Rank Loss: 0.330740
2025-11-17 10:44:17,074 - INFO - 
2025-11-17 10:44:17,074 - INFO - 阈值准确率:
2025-11-17 10:44:17,074 - INFO -   阈值 0.5: 99.02%
2025-11-17 10:44:17,074 - INFO -   阈值 0.4: 98.50%
2025-11-17 10:44:17,074 - INFO -   阈值 0.30000000000000004: 97.77%
2025-11-17 10:44:17,074 - INFO -   阈值 0.20000000000000004: 96.54%
2025-11-17 10:44:17,074 - INFO -   阈值 0.10000000000000003: 93.90%
2025-11-17 10:44:17,075 - INFO -   阈值 0.05000000000000002: 91.24%
2025-11-17 10:44:17,075 - INFO -   阈值 0.040000000000000015: 90.60%
2025-11-17 10:44:17,075 - INFO -   阈值 0.030000000000000013: 89.71%
2025-11-17 10:44:17,075 - INFO -   阈值 0.02000000000000001: 88.37%
2025-11-17 10:44:17,075 - INFO -   阈值 0.01000000000000001: 85.82%
2025-11-17 10:44:17,075 - INFO -   阈值 0.005000000000000005: 81.15%
2025-11-17 10:44:17,075 - INFO -   阈值 0.004000000000000005: 79.08%
2025-11-17 10:44:17,075 - INFO -   阈值 0.0030000000000000053: 76.02%
2025-11-17 10:44:17,075 - INFO -   阈值 0.0020000000000000052: 71.32%
2025-11-17 10:44:17,075 - INFO -   阈值 0.0010000000000000052: 58.79%
2025-11-17 10:44:17,075 - INFO -   阈值 0.0005000000000000026: 39.53%
2025-11-17 10:44:17,075 - INFO - 
2025-11-17 10:44:17,075 - INFO - 训练完成:
2025-11-17 10:44:17,075 - INFO -   - 最终训练损失: 0.001825
2025-11-17 10:44:17,075 - INFO -   - 最佳验证损失: 0.024906
2025-11-17 10:44:17,075 - INFO -   - 测试损失 (MSE): 0.025116
2025-11-17 10:44:17,075 - INFO -   - 测试RMSE: 0.128393
2025-11-17 10:44:17,075 - INFO -   - 测试MAE: 0.025116
2025-11-17 10:44:17,075 - INFO -   - 测试R²: 0.982980
2025-11-17 10:44:17,075 - INFO -   - 测试PCC: 0.991460
2025-11-17 10:44:17,076 - INFO -   - 测试Rank Loss: 0.330740
2025-11-17 10:44:17,076 - INFO -   - 测试阈值准确率 (0.5): 0.9902
2025-11-17 10:44:17,076 - INFO -   - 测试阈值准确率 (0.4): 0.9850
2025-11-17 10:44:17,076 - INFO -   - 测试阈值准确率 (0.30000000000000004): 0.9777
2025-11-17 10:44:17,076 - INFO -   - 测试阈值准确率 (0.20000000000000004): 0.9654
2025-11-17 10:44:17,076 - INFO -   - 测试阈值准确率 (0.10000000000000003): 0.9390
2025-11-17 10:44:17,076 - INFO -   - 测试阈值准确率 (0.05000000000000002): 0.9124
2025-11-17 10:44:17,076 - INFO -   - 测试阈值准确率 (0.040000000000000015): 0.9060
2025-11-17 10:44:17,076 - INFO -   - 测试阈值准确率 (0.030000000000000013): 0.8971
2025-11-17 10:44:17,076 - INFO -   - 测试阈值准确率 (0.02000000000000001): 0.8837
2025-11-17 10:44:17,076 - INFO -   - 测试阈值准确率 (0.01000000000000001): 0.8582
2025-11-17 10:44:17,076 - INFO -   - 测试阈值准确率 (0.005000000000000005): 0.8115
2025-11-17 10:44:17,076 - INFO -   - 测试阈值准确率 (0.004000000000000005): 0.7908
2025-11-17 10:44:17,076 - INFO -   - 测试阈值准确率 (0.0030000000000000053): 0.7602
2025-11-17 10:44:17,076 - INFO -   - 测试阈值准确率 (0.0020000000000000052): 0.7132
2025-11-17 10:44:17,076 - INFO -   - 测试阈值准确率 (0.0010000000000000052): 0.5879
2025-11-17 10:44:17,076 - INFO -   - 测试阈值准确率 (0.0005000000000000026): 0.3953
2025-11-17 10:44:17,076 - INFO -   - 模型已保存到: /home/data2/rhj/project/mol_editor/mol_evo/../mol_evo/output/v0/MoleculeEvolutionVisnetLinearPredictor/train-20251116_200020-homo_change_pct-80000-200/last.pth
2025-11-17 10:44:17,076 - INFO - 训练结果已保存到: /home/data2/rhj/project/mol_editor/mol_evo/../mol_evo/output/v0/MoleculeEvolutionVisnetLinearPredictor/train-20251116_200020-homo_change_pct-80000-200/training_results.json
2025-11-17 10:44:17,076 - INFO - 模型目录: /home/data2/rhj/project/mol_editor/mol_evo/../mol_evo/output/v0/MoleculeEvolutionVisnetLinearPredictor/train-20251116_200020-homo_change_pct-80000-200
