2025-11-05 16:25:50,600 - INFO - ============================================================
2025-11-05 16:25:50,600 - INFO - 数据文件: mol_evo/dataset/data/qm9-evo-pairs-step-1-with-properties-pct.csv
2025-11-05 16:25:50,600 - INFO - 最大对数: 30000
2025-11-05 16:25:50,600 - INFO - 训练轮数: 300
2025-11-05 16:25:50,600 - INFO - ============================================================
2025-11-05 16:25:50,600 - INFO - 正在构建图数据: mol_evo/dataset/data/qm9-evo-pairs-step-1-with-properties-pct.csv
2025-11-05 16:25:51,303 - INFO - 加载缓存文件: /home/data2/rhj/project/mol_editor/mol_evo/core/utils/../../.cache/molecule_graphs/csv_qm9-evo-pairs-step-1-with-properties-pct_3cbb45cc1ac9202d.pt，包含 1994 个分子
2025-11-05 16:25:55,436 - WARNING - 跳过第25871行分子对: [H]O/N=C(\C([H])([H])[H])C([H])([H])C(C([H])([H])[H])(C([H])([H])[H])C([H])([H])[H] -> [H]ONC1C([H])([H])[C@]23C([H])([H])[C@]([H])(C2([H])[H])[C@@]13[H] (数据为None)
2025-11-05 16:25:56,217 - WARNING - 跳过第25984行分子对: [H]O/N=C(/C([H])([H])C([H])([H])[H])C(C([H])([H])[H])(C([H])([H])[H])C([H])([H])[H] -> [H]ONC1C([H])([H])[C@]23C([H])([H])[C@]([H])(C2([H])[H])[C@@]13[H] (数据为None)
2025-11-05 16:25:57,134 - WARNING - 跳过第26175行分子对: [H]O/N=C(\C([H])([H])[H])C(C([H])([H])[H])(C([H])([H])[H])C([H])([H])C([H])([H])[H] -> [H]ONC1C([H])([H])[C@]23C([H])([H])[C@]([H])(C2([H])[H])[C@@]13[H] (数据为None)
2025-11-05 16:25:57,978 - WARNING - 跳过第26431行分子对: [H]O/N=C(\C([H])([H])[H])C([H])([H])C([H])([H])C([H])(C([H])([H])[H])C([H])([H])[H] -> [H]ONC1C([H])([H])[C@]23C([H])([H])[C@]([H])(C2([H])[H])[C@@]13[H] (数据为None)
2025-11-05 16:25:58,747 - WARNING - 跳过第26530行分子对: [H]ONC1C(C([H])([H])[H])(C([H])([H])[H])C([H])([H])[C@]1([H])C([H])([H])[H] -> [H]ONC1C([H])([H])[C@]23C([H])([H])[C@]([H])(C2([H])[H])[C@@]13[H] (数据为None)
2025-11-05 16:25:59,538 - WARNING - 跳过第26630行分子对: [H]ONC1C([H])=C([H])C(C([H])([H])[H])(C([H])([H])[H])C1([H])[H] -> [H]ONC1C([H])([H])[C@]23C([H])([H])[C@]([H])(C2([H])[H])[C@@]13[H] (数据为None)
2025-11-05 16:26:00,319 - WARNING - 跳过第26691行分子对: [H]ONC1C([H])([H])C([H])([H])C(C([H])([H])[H])(C([H])([H])[H])C1([H])[H] -> [H]ONC1C([H])([H])[C@]23C([H])([H])[C@]([H])(C2([H])[H])[C@@]13[H] (数据为None)
2025-11-05 16:26:01,121 - WARNING - 跳过第26895行分子对: [H]O/N=C(\C([H])([H])C([H])([H])[H])C([H])([H])C([H])(C([H])([H])[H])C([H])([H])[H] -> [H]ONC1C([H])([H])[C@]23C([H])([H])[C@]([H])(C2([H])[H])[C@@]13[H] (数据为None)
2025-11-05 16:26:01,918 - WARNING - 跳过第27044行分子对: [H]C#C[C@]1(C([H])([H])[H])C([H])([H])[C@@H](NO[H])C1([H])[H] -> [H]ONC1C([H])([H])[C@]23C([H])([H])[C@]([H])(C2([H])[H])[C@@]13[H] (数据为None)
2025-11-05 16:26:02,719 - WARNING - 跳过第27152行分子对: [H]ON[C@H]1C([H])([H])[C@](C([H])([H])[H])(C([H])([H])C([H])([H])[H])C1([H])[H] -> [H]ONC1C([H])([H])[C@]23C([H])([H])[C@]([H])(C2([H])[H])[C@@]13[H] (数据为None)
2025-11-05 16:26:03,500 - WARNING - 跳过第27266行分子对: [H]O/N=C(\C([H])([H])[H])C([H])([H])C1(C([H])([H])[H])C([H])([H])C1([H])[H] -> [H]ONC1C([H])([H])[C@]23C([H])([H])[C@]([H])(C2([H])[H])[C@@]13[H] (数据为None)
2025-11-05 16:26:04,333 - WARNING - 跳过第27714行分子对: [H]O/N=C(\C([H])([H])[H])C([H])([H])C([H])([H])C([H])([H])C([H])([H])C([H])([H])[H] -> [H]ONC1C([H])([H])[C@]23C([H])([H])[C@]([H])(C2([H])[H])[C@@]13[H] (数据为None)
2025-11-05 16:26:05,103 - WARNING - 跳过第27835行分子对: [H]ONC1C([H])([H])C([H])=C([H])C1(C([H])([H])[H])C([H])([H])[H] -> [H]ONC1C([H])([H])[C@]23C([H])([H])[C@]([H])(C2([H])[H])[C@@]13[H] (数据为None)
2025-11-05 16:26:05,875 - WARNING - 跳过第27878行分子对: [H]ONC1=C([H])[C-]([H])C([H])([H])C1(C([H])([H])[H])C([H])([H])[H] -> [H]ONC1C([H])([H])[C@]23C([H])([H])[C@]([H])(C2([H])[H])[C@@]13[H] (数据为None)
2025-11-05 16:26:06,628 - WARNING - 跳过第27924行分子对: [H]ONC1C([H])([H])C([H])([H])C([H])([H])C1(C([H])([H])[H])C([H])([H])[H] -> [H]ONC1C([H])([H])[C@]23C([H])([H])[C@]([H])(C2([H])[H])[C@@]13[H] (数据为None)
2025-11-05 16:26:07,433 - WARNING - 跳过第28107行分子对: [H]ON=C(C([H])([H])C([H])([H])C([H])([H])[H])C([H])([H])C([H])([H])C([H])([H])[H] -> [H]ONC1C([H])([H])[C@]23C([H])([H])[C@]([H])(C2([H])[H])[C@@]13[H] (数据为None)
2025-11-05 16:26:08,245 - WARNING - 跳过第28312行分子对: [H]O/N=C(/C([H])([H])C([H])([H])C([H])([H])[H])C([H])(C([H])([H])[H])C([H])([H])[H] -> [H]ONC1C([H])([H])[C@]23C([H])([H])[C@]([H])(C2([H])[H])[C@@]13[H] (数据为None)
2025-11-05 16:26:09,057 - WARNING - 跳过第28519行分子对: [H]ON=C(C([H])(C([H])([H])[H])C([H])([H])[H])C([H])(C([H])([H])[H])C([H])([H])[H] -> [H]ONC1C([H])([H])[C@]23C([H])([H])[C@]([H])(C2([H])[H])[C@@]13[H] (数据为None)
2025-11-05 16:26:09,883 - WARNING - 跳过第28649行分子对: [H]O/N=C(\C([H])([H])[H])C1(C([H])([H])[H])C([H])([H])C([H])([H])C1([H])[H] -> [H]ONC1C([H])([H])[C@]23C([H])([H])[C@]([H])(C2([H])[H])[C@@]13[H] (数据为None)
2025-11-05 16:26:10,678 - WARNING - 跳过第28853行分子对: [H]ON[C@H]1C([H])([H])[C@]([H])(C([H])(C([H])([H])[H])C([H])([H])[H])C1([H])[H] -> [H]ONC1C([H])([H])[C@]23C([H])([H])[C@]([H])(C2([H])[H])[C@@]13[H] (数据为None)
2025-11-05 16:26:11,435 - WARNING - 跳过第28960行分子对: [H]O/N=C(\C([H])([H])[H])[C@]1([H])C([H])([H])[C@@]([H])(C([H])([H])[H])C1([H])[H] -> [H]ONC1C([H])([H])[C@]23C([H])([H])[C@]([H])(C2([H])[H])[C@@]13[H] (数据为None)
2025-11-05 16:26:12,221 - WARNING - 跳过第29052行分子对: [H]ONC1C([H])=C(C([H])([H])[H])C([H])([H])C([H])([H])C1([H])[H] -> [H]ONC1C([H])([H])[C@]23C([H])([H])[C@]([H])(C2([H])[H])[C@@]13[H] (数据为None)
2025-11-05 16:26:12,985 - WARNING - 跳过第29115行分子对: [H]ONC1C([H])([H])C(C([H])([H])[H])=C([H])C([H])([H])C1([H])[H] -> [H]ONC1C([H])([H])[C@]23C([H])([H])[C@]([H])(C2([H])[H])[C@@]13[H] (数据为None)
2025-11-05 16:26:13,784 - WARNING - 跳过第29191行分子对: [H]ONC1C([H])([H])C([H])([H])C([H])([H])[C@]([H])(C([H])([H])[H])C1([H])[H] -> [H]ONC1C([H])([H])[C@]23C([H])([H])[C@]([H])(C2([H])[H])[C@@]13[H] (数据为None)
2025-11-05 16:26:14,536 - WARNING - 跳过第29259行分子对: [H]ONC1C([H])([H])C(C([H])([H])[H])=C(C([H])([H])[H])C1([H])[H] -> [H]ONC1C([H])([H])[C@]23C([H])([H])[C@]([H])(C2([H])[H])[C@@]13[H] (数据为None)
2025-11-05 16:26:15,320 - WARNING - 跳过第29362行分子对: [H]ONC1C([H])([H])C(C([H])([H])[H])=C([H])[C@]1([H])C([H])([H])[H] -> [H]ONC1C([H])([H])[C@]23C([H])([H])[C@]([H])(C2([H])[H])[C@@]13[H] (数据为None)
2025-11-05 16:26:15,848 - WARNING - 跳过第29437行分子对: [H][N-]C1O[C@]([H])(C([H])([H])[H])C(NO[H])C1([H])[H] -> [H]ONC1C([H])([H])[C@]23C([H])([H])[N@@H+](C2([H])[H])[C@@]13[H] (数据为None)
2025-11-05 16:26:16,642 - WARNING - 跳过第29554行分子对: [H]ONC1C([H])([H])[C@]2([H])C([H])([H])[C@@]1(C([H])([H])[H])C2([H])[H] -> [H]ONC1C([H])([H])[C@]23C([H])([H])[C@]([H])(C2([H])[H])[C@@]13[H] (数据为None)
2025-11-05 16:26:17,427 - WARNING - 跳过第29644行分子对: [H]O/N=C(\C([H])([H])[H])C([H])([H])C1([H])C([H])([H])C([H])([H])C1([H])[H] -> [H]ONC1C([H])([H])[C@]23C([H])([H])[C@]([H])(C2([H])[H])[C@@]13[H] (数据为None)
2025-11-05 16:26:18,176 - WARNING - 跳过第29737行分子对: [H]C#CC([H])([H])[C@]1([H])C([H])([H])[C@@H](NO[H])C1([H])[H] -> [H]ONC1C([H])([H])[C@]23C([H])([H])[C@]([H])(C2([H])[H])[C@@]13[H] (数据为None)
2025-11-05 16:26:18,963 - WARNING - 跳过第29820行分子对: [H]ON[C@H]1C([H])([H])[C@]([H])(C#CC([H])([H])[H])C1([H])[H] -> [H]ONC1C([H])([H])[C@]23C([H])([H])[C@]([H])(C2([H])[H])[C@@]13[H] (数据为None)
2025-11-05 16:26:19,744 - WARNING - 跳过第29860行分子对: [H]ON[C@H]1C([H])([H])[C@]([H])(C([H])([H])C([H])([H])C([H])([H])[H])C1([H])[H] -> [H]ONC1C([H])([H])[C@]23C([H])([H])[C@]([H])(C2([H])[H])[C@@]13[H] (数据为None)
2025-11-05 16:26:20,514 - WARNING - 跳过第29968行分子对: [H]ONC1C([H])([H])C2(C1([H])[H])C([H])([H])C([H])([H])C2([H])[H] -> [H]ONC1C([H])([H])[C@]23C([H])([H])[C@]([H])(C2([H])[H])[C@@]13[H] (数据为None)
2025-11-05 16:26:20,583 - INFO - 分子处理统计: 总数=60000, 命中=59967, 未命中=33, 命中率=99.94%
2025-11-05 16:26:20,608 - INFO - --- 训练集样本示例 (头部数据) ---
2025-11-05 16:26:20,608 - INFO -   样本       起始节点数        起始边数         目标节点数        目标边数         边特征             目标属性值          
2025-11-05 16:26:20,608 - INFO -   --------------------------------------------------------------------------------
2025-11-05 16:26:20,609 - INFO -   1        5            8            8            14           [1.0, 0.0, 0.   0.023518       
2025-11-05 16:26:20,609 - INFO -   2        3            4            6            10           [1.0, 0.0, 0.   -0.273184      
2025-11-05 16:26:20,609 - INFO -   3        4            6            11           20           [1.0, 0.0, 0.   0.077970       
2025-11-05 16:26:20,609 - INFO -   --------------------------------------------------------------------------------
2025-11-05 16:26:20,609 - INFO - 
数据构建完成:
2025-11-05 16:26:20,609 - INFO -   项目                   值                   
2025-11-05 16:26:20,609 - INFO -   ---------------------------------------- --------------------
2025-11-05 16:26:20,609 - INFO -   样本数                  29967               
2025-11-05 16:26:20,609 - INFO -   节点特征维度               11                  
2025-11-05 16:26:20,609 - INFO -   边特征维度                11                  
2025-11-05 16:26:20,609 - INFO -   目标属性变化维度             1                   
2025-11-05 16:26:20,612 - INFO - 数据集划分完成:
2025-11-05 16:26:20,612 - INFO -   - 训练集: 23973 (80.0%)
2025-11-05 16:26:20,612 - INFO -   - 验证集: 2996 (10.0%)
2025-11-05 16:26:20,612 - INFO -   - 测试集: 2998 (10.0%)
2025-11-05 16:26:20,670 - INFO - 正在创建模型...
2025-11-05 16:26:20,671 - INFO - 模型参数数量: 2117249
2025-11-05 16:26:20,671 - INFO - 使用设备: cuda
2025-11-05 16:26:20,972 - INFO - 开始训练 (300 轮)...
2025-11-05 16:26:42,262 - INFO - Epoch [10/300], Train Loss: 0.515555, Val Loss: 0.512629, R²: 0.3822, MAE: 0.5126
2025-11-05 16:27:03,284 - INFO - Epoch [20/300], Train Loss: 0.453882, Val Loss: 0.483958, R²: 0.4224, MAE: 0.4840
2025-11-05 16:27:24,221 - INFO - Epoch [30/300], Train Loss: 0.407781, Val Loss: 0.430373, R²: 0.4902, MAE: 0.4304
2025-11-05 16:27:45,305 - INFO - Epoch [40/300], Train Loss: 0.377430, Val Loss: 0.401123, R²: 0.5321, MAE: 0.4011
2025-11-05 16:28:06,818 - INFO - Epoch [50/300], Train Loss: 0.319385, Val Loss: 0.356958, R²: 0.5835, MAE: 0.3570
2025-11-05 16:28:28,662 - INFO - Epoch [60/300], Train Loss: 0.298655, Val Loss: 0.350694, R²: 0.5892, MAE: 0.3507
2025-11-05 16:28:50,209 - INFO - Epoch [70/300], Train Loss: 0.282843, Val Loss: 0.347484, R²: 0.5896, MAE: 0.3475
2025-11-05 16:29:11,897 - INFO - Epoch [80/300], Train Loss: 0.261656, Val Loss: 0.334579, R²: 0.6073, MAE: 0.3346
2025-11-05 16:29:33,506 - INFO - Epoch [90/300], Train Loss: 0.254381, Val Loss: 0.329211, R²: 0.6176, MAE: 0.3292
2025-11-05 16:29:56,601 - INFO - Epoch [100/300], Train Loss: 0.251956, Val Loss: 0.327363, R²: 0.6196, MAE: 0.3274
2025-11-05 16:30:21,093 - INFO - Epoch [110/300], Train Loss: 0.249768, Val Loss: 0.327180, R²: 0.6202, MAE: 0.3272
2025-11-05 16:30:42,976 - INFO - Epoch [120/300], Train Loss: 0.248842, Val Loss: 0.327247, R²: 0.6201, MAE: 0.3272
2025-11-05 16:31:04,885 - INFO - Epoch [130/300], Train Loss: 0.248755, Val Loss: 0.327135, R²: 0.6204, MAE: 0.3271
2025-11-05 16:31:27,045 - INFO - Epoch [140/300], Train Loss: 0.248428, Val Loss: 0.327070, R²: 0.6205, MAE: 0.3271
2025-11-05 16:31:49,004 - INFO - Epoch [150/300], Train Loss: 0.248861, Val Loss: 0.326977, R²: 0.6207, MAE: 0.3270
2025-11-05 16:32:10,911 - INFO - Epoch [160/300], Train Loss: 0.248453, Val Loss: 0.327041, R²: 0.6206, MAE: 0.3270
2025-11-05 16:32:23,763 - INFO - 早停机制触发，在第 166 轮停止训练
2025-11-05 16:32:23,764 - INFO - 开始训练 (300 轮)...
2025-11-05 16:32:25,049 - INFO - 模型已保存至: /home/data2/rhj/project/mol_editor/mol_evo/../mol_evo/output/v0/MoleculeEvolutionGCNTransformerLinearPredictor/train-20251105_162550-mu_change-30000-300/last.pth
2025-11-05 16:32:25,049 - INFO - 
2025-11-05 16:32:25,049 - INFO - ============================================================
2025-11-05 16:32:25,049 - INFO - 训练完成 - 最终评估结果
2025-11-05 16:32:25,049 - INFO - ============================================================
2025-11-05 16:32:25,049 - INFO - 测试集损失: 0.310748
2025-11-05 16:32:25,049 - INFO - RMSE: 0.580379
2025-11-05 16:32:25,049 - INFO - MAE: 0.310748
2025-11-05 16:32:25,050 - INFO - R²: 0.627188
2025-11-05 16:32:25,050 - INFO - PCC: 0.793100
2025-11-05 16:32:25,050 - INFO - Rank Loss: 0.494804
2025-11-05 16:32:25,050 - INFO - 
2025-11-05 16:32:25,050 - INFO - 阈值准确率:
2025-11-05 16:32:25,050 - INFO -   阈值 0.5: 80.09%
2025-11-05 16:32:25,050 - INFO -   阈值 0.4: 77.05%
2025-11-05 16:32:25,050 - INFO -   阈值 0.30000000000000004: 72.35%
2025-11-05 16:32:25,050 - INFO -   阈值 0.20000000000000004: 65.71%
2025-11-05 16:32:25,050 - INFO -   阈值 0.10000000000000003: 49.00%
2025-11-05 16:32:25,050 - INFO - 
2025-11-05 16:32:25,050 - INFO - 训练完成:
2025-11-05 16:32:25,050 - INFO -   - 最终训练损失: 0.248425
2025-11-05 16:32:25,050 - INFO -   - 最佳验证损失: 0.326938
2025-11-05 16:32:25,050 - INFO -   - 测试损失 (MSE): 0.310748
2025-11-05 16:32:25,050 - INFO -   - 测试RMSE: 0.580379
2025-11-05 16:32:25,050 - INFO -   - 测试MAE: 0.310748
2025-11-05 16:32:25,050 - INFO -   - 测试R²: 0.627188
2025-11-05 16:32:25,050 - INFO -   - 测试PCC: 0.793100
2025-11-05 16:32:25,050 - INFO -   - 测试Rank Loss: 0.494804
2025-11-05 16:32:25,051 - INFO -   - 测试阈值准确率 (0.5): 0.8009
2025-11-05 16:32:25,051 - INFO -   - 测试阈值准确率 (0.4): 0.7705
2025-11-05 16:32:25,051 - INFO -   - 测试阈值准确率 (0.30000000000000004): 0.7235
2025-11-05 16:32:25,051 - INFO -   - 测试阈值准确率 (0.20000000000000004): 0.6571
2025-11-05 16:32:25,051 - INFO -   - 测试阈值准确率 (0.10000000000000003): 0.4900
2025-11-05 16:32:25,051 - INFO -   - 模型已保存到: /home/data2/rhj/project/mol_editor/mol_evo/../mol_evo/output/v0/MoleculeEvolutionGCNTransformerLinearPredictor/train-20251105_162550-mu_change-30000-300/last.pth
2025-11-05 16:32:25,051 - INFO - 训练结果已保存到: /home/data2/rhj/project/mol_editor/mol_evo/../mol_evo/output/v0/MoleculeEvolutionGCNTransformerLinearPredictor/train-20251105_162550-mu_change-30000-300/training_results.json
2025-11-05 16:32:25,051 - INFO - 模型目录: /home/data2/rhj/project/mol_editor/mol_evo/../mol_evo/output/v0/MoleculeEvolutionGCNTransformerLinearPredictor/train-20251105_162550-mu_change-30000-300
