2025-10-09 02:38:28,766 - training - INFO - ============================================================
2025-10-09 02:38:28,766 - training - INFO - 基于NNConv的分子进化预测器模型训练开始
2025-10-09 02:38:28,766 - training - INFO - ============================================================
2025-10-09 02:38:28,766 - training - INFO - 数据文件: mol_evo/dataset/data/qm9-evo-pairs-step-1-with-properties.csv
2025-10-09 02:38:28,766 - training - INFO - 最大对数: 20000
2025-10-09 02:38:28,766 - training - INFO - 训练轮数: 500
2025-10-09 02:38:33,655 - training - INFO - 正在构建图数据: mol_evo/dataset/data/qm9-evo-pairs-step-1-with-properties.csv
2025-10-09 02:38:33,655 - training - INFO - 数据构建完成:
2025-10-09 02:38:33,655 - training - INFO -   - 节点数: 1377
2025-10-09 02:38:33,655 - training - INFO -   - 边数: 20000
2025-10-09 02:38:33,655 - training - INFO -   - 节点特征维度: 2048
2025-10-09 02:38:33,655 - training - INFO -   - 边特征维度: 11
2025-10-09 02:38:33,655 - training - INFO -   - 目标属性变化维度: 15
2025-10-09 02:38:33,658 - training - INFO - 数据集划分完成:
2025-10-09 02:38:33,658 - training - INFO -   - 训练集: 14000 (70.0%)
2025-10-09 02:38:33,658 - training - INFO -   - 验证集: 2000 (10.0%)
2025-10-09 02:38:33,658 - training - INFO -   - 测试集: 4000 (20.0%)
2025-10-09 02:38:33,879 - training - INFO - 正在创建模型...
2025-10-09 02:38:33,879 - training - INFO - 模型参数数量: 6791951
2025-10-09 02:38:33,879 - training - INFO - 开始训练 (500 轮)...
2025-10-09 02:38:35,425 - training - INFO - Epoch [10/500], Train Loss: 0.766683, Val Loss: 0.977832, R²: 0.2477, MAE: 0.5607
2025-10-09 02:38:36,327 - training - INFO - Epoch [20/500], Train Loss: 0.625158, Val Loss: 0.839763, R²: 0.3835, MAE: 0.4719
2025-10-09 02:38:37,231 - training - INFO - Epoch [30/500], Train Loss: 0.547850, Val Loss: 0.767752, R²: 0.4540, MAE: 0.4091
2025-10-09 02:38:38,140 - training - INFO - Epoch [40/500], Train Loss: 0.504806, Val Loss: 0.727341, R²: 0.4936, MAE: 0.3724
2025-10-09 02:38:39,051 - training - INFO - Epoch [50/500], Train Loss: 0.477336, Val Loss: 0.699781, R²: 0.5202, MAE: 0.3564
2025-10-09 02:38:39,963 - training - INFO - Epoch [60/500], Train Loss: 0.421279, Val Loss: 0.643944, R²: 0.5735, MAE: 0.3281
2025-10-09 02:38:40,877 - training - INFO - Epoch [70/500], Train Loss: 0.368662, Val Loss: 0.576326, R²: 0.6254, MAE: 0.2928
2025-10-09 02:38:41,793 - training - INFO - Epoch [80/500], Train Loss: 0.306598, Val Loss: 0.432593, R²: 0.6883, MAE: 0.2738
2025-10-09 02:38:42,705 - training - INFO - Epoch [90/500], Train Loss: 0.247814, Val Loss: 0.264441, R²: 0.7837, MAE: 0.2619
2025-10-09 02:38:43,619 - training - INFO - Epoch [100/500], Train Loss: 0.176913, Val Loss: 0.185126, R²: 0.8281, MAE: 0.2482
2025-10-09 02:38:44,534 - training - INFO - Epoch [110/500], Train Loss: 0.159516, Val Loss: 0.203194, R²: 0.8225, MAE: 0.2400
2025-10-09 02:38:45,447 - training - INFO - Epoch [120/500], Train Loss: 0.147658, Val Loss: 0.188761, R²: 0.8351, MAE: 0.2275
2025-10-09 02:38:46,360 - training - INFO - Epoch [130/500], Train Loss: 0.141426, Val Loss: 0.155738, R²: 0.8601, MAE: 0.2227
2025-10-09 02:38:47,275 - training - INFO - Epoch [140/500], Train Loss: 0.124573, Val Loss: 0.152076, R²: 0.8681, MAE: 0.2069
2025-10-09 02:38:48,192 - training - INFO - Epoch [150/500], Train Loss: 0.108936, Val Loss: 0.143619, R²: 0.8779, MAE: 0.1964
2025-10-09 02:38:49,106 - training - INFO - Epoch [160/500], Train Loss: 0.101402, Val Loss: 0.134845, R²: 0.8873, MAE: 0.1924
2025-10-09 02:38:50,023 - training - INFO - Epoch [170/500], Train Loss: 0.095016, Val Loss: 0.124947, R²: 0.8954, MAE: 0.1791
2025-10-09 02:38:50,943 - training - INFO - Epoch [180/500], Train Loss: 0.086169, Val Loss: 0.115601, R²: 0.9030, MAE: 0.1712
2025-10-09 02:38:51,860 - training - INFO - Epoch [190/500], Train Loss: 0.086240, Val Loss: 0.107457, R²: 0.9094, MAE: 0.1697
2025-10-09 02:38:52,776 - training - INFO - Epoch [200/500], Train Loss: 0.077606, Val Loss: 0.111404, R²: 0.9091, MAE: 0.1648
2025-10-09 02:38:53,693 - training - INFO - Epoch [210/500], Train Loss: 0.072700, Val Loss: 0.107266, R²: 0.9124, MAE: 0.1593
2025-10-09 02:38:54,611 - training - INFO - Epoch [220/500], Train Loss: 0.069605, Val Loss: 0.086830, R²: 0.9260, MAE: 0.1541
2025-10-09 02:38:55,531 - training - INFO - Epoch [230/500], Train Loss: 0.066064, Val Loss: 0.081824, R²: 0.9315, MAE: 0.1504
2025-10-09 02:38:56,452 - training - INFO - Epoch [240/500], Train Loss: 0.062827, Val Loss: 0.095548, R²: 0.9243, MAE: 0.1470
2025-10-09 02:38:57,375 - training - INFO - Epoch [250/500], Train Loss: 0.060510, Val Loss: 0.088022, R²: 0.9296, MAE: 0.1433
2025-10-09 02:38:58,296 - training - INFO - Epoch [260/500], Train Loss: 0.057892, Val Loss: 0.091643, R²: 0.9296, MAE: 0.1399
2025-10-09 02:38:59,218 - training - INFO - Epoch [270/500], Train Loss: 0.052821, Val Loss: 0.069918, R²: 0.9430, MAE: 0.1348
2025-10-09 02:39:00,141 - training - INFO - Epoch [280/500], Train Loss: 0.052978, Val Loss: 0.062893, R²: 0.9482, MAE: 0.1319
2025-10-09 02:39:01,064 - training - INFO - Epoch [290/500], Train Loss: 0.051510, Val Loss: 0.076804, R²: 0.9413, MAE: 0.1288
2025-10-09 02:39:01,986 - training - INFO - Epoch [300/500], Train Loss: 0.049291, Val Loss: 0.063951, R²: 0.9493, MAE: 0.1268
2025-10-09 02:39:02,909 - training - INFO - Epoch [310/500], Train Loss: 0.049704, Val Loss: 0.056452, R²: 0.9536, MAE: 0.1241
2025-10-09 02:39:03,833 - training - INFO - Epoch [320/500], Train Loss: 0.046766, Val Loss: 0.052667, R²: 0.9569, MAE: 0.1213
2025-10-09 02:39:04,758 - training - INFO - Epoch [330/500], Train Loss: 0.044648, Val Loss: 0.056774, R²: 0.9546, MAE: 0.1204
2025-10-09 02:39:05,127 - training - INFO - 早停机制触发，在第 334 轮停止训练
2025-10-09 02:39:05,158 - training - INFO - 原始尺度评估指标:
2025-10-09 02:39:05,158 - training - INFO -   - MSE: 23561.564453
2025-10-09 02:39:05,158 - training - INFO -   - RMSE: 153.497772
2025-10-09 02:39:05,158 - training - INFO -   - MAE: 50.152443
2025-10-09 02:39:05,159 - training - INFO - 各维度阈值准确率:
2025-10-09 02:39:05,159 - training - INFO - Threshold   A        B        C        mu       alpha    homo     lumo     gap      r2       zpve     U0       U        H        G        Cv       
2025-10-09 02:39:05,159 - training - INFO - ---------------------------------------------------------------------------------------------------------------------------------------------------
2025-10-09 02:39:05,159 - training - INFO - @0.400      0.9985   0.9753   0.9780   0.9420   0.9655   0.9028   0.9585   0.9830   0.8823   0.9283   0.9950   0.9953   0.9958   0.9955   0.9118   
2025-10-09 02:39:05,159 - training - INFO - @0.300      0.9980   0.9378   0.9283   0.9003   0.9333   0.8108   0.8725   0.9543   0.7825   0.8460   0.9903   0.9900   0.9903   0.9913   0.8113   
2025-10-09 02:39:05,159 - training - INFO - @0.200      0.9968   0.8340   0.8148   0.7600   0.8320   0.6458   0.6915   0.8558   0.6153   0.6655   0.9705   0.9713   0.9705   0.9713   0.6125   
2025-10-09 02:39:05,159 - training - INFO - @0.100      0.9753   0.5520   0.5648   0.4710   0.5393   0.3700   0.3848   0.5590   0.3448   0.3808   0.8693   0.8728   0.8720   0.8780   0.3583   
2025-10-09 02:39:05,159 - training - INFO - @0.050      0.8238   0.3105   0.3238   0.2543   0.2963   0.1935   0.1958   0.3078   0.1800   0.1933   0.6263   0.6293   0.6433   0.6378   0.1810   
2025-10-09 02:39:06,056 - training - INFO - 训练完成:
2025-10-09 02:39:06,056 - training - INFO -   - 最终训练损失: 0.045436
2025-10-09 02:39:06,056 - training - INFO -   - 最佳验证损失: 0.049807
2025-10-09 02:39:06,056 - training - INFO -   - 测试损失 (MSE): 0.039180
2025-10-09 02:39:06,056 - training - INFO -   - 测试RMSE: 0.197940
2025-10-09 02:39:06,056 - training - INFO -   - 测试MAE: 0.118679
2025-10-09 02:39:06,056 - training - INFO -   - 测试R²: -75.252892
2025-10-09 02:39:06,056 - training - INFO -   - 测试阈值准确率 (0.4, 所有维度): 0.6408
2025-10-09 02:39:06,056 - training - INFO -   - 测试阈值准确率 (0.4, 平均): 0.9605
2025-10-09 02:39:06,057 - training - INFO -   - 测试阈值准确率 (0.3, 所有维度): 0.3968
2025-10-09 02:39:06,057 - training - INFO -   - 测试阈值准确率 (0.3, 平均): 0.9158
2025-10-09 02:39:06,057 - training - INFO -   - 测试阈值准确率 (0.2, 所有维度): 0.1233
2025-10-09 02:39:06,057 - training - INFO -   - 测试阈值准确率 (0.2, 平均): 0.8138
2025-10-09 02:39:06,057 - training - INFO -   - 测试阈值准确率 (0.1, 所有维度): 0.0048
2025-10-09 02:39:06,057 - training - INFO -   - 测试阈值准确率 (0.1, 平均): 0.5994
2025-10-09 02:39:06,057 - training - INFO -   - 测试阈值准确率 (0.05, 所有维度): 0.0000
2025-10-09 02:39:06,057 - training - INFO -   - 测试阈值准确率 (0.05, 平均): 0.3864
2025-10-09 02:39:06,057 - training - INFO -   - 原始尺度MSE: 23561.564453
2025-10-09 02:39:06,057 - training - INFO -   - 原始尺度RMSE: 153.497772
2025-10-09 02:39:06,057 - training - INFO -   - 原始尺度MAE: 50.152443
2025-10-09 02:39:06,057 - training - INFO -   - 模型已保存到: /home/data2/rhj/project/mol_editor/mol_evo/../mol_evo/output/nnconv/training_20251009_023828/molecule_evolution_nnconv_predictor.pth
