2025-11-09 13:32:22,227 - INFO - ============================================================
2025-11-09 13:32:22,227 - INFO - 数据文件: /home/data2/rhj/project/mol_editor/mol_evo/dataset/data/output.json
2025-11-09 13:32:22,227 - INFO - 最大对数: 30000
2025-11-09 13:32:22,227 - INFO - 训练轮数: 20
2025-11-09 13:32:22,227 - INFO - ============================================================
2025-11-09 13:32:22,227 - INFO - 正在构建图数据: /home/data2/rhj/project/mol_editor/mol_evo/dataset/data/output.json
2025-11-09 13:32:22,236 - INFO - 加载缓存文件: /home/data2/rhj/project/mol_editor/mol_evo/core/utils/../../.cache/molecule_graphs/csv_output_95da505bb9342da2.pt，包含 42 个分子
2025-11-09 13:32:22,276 - INFO - 分子处理统计: 总数=310, 命中=310, 未命中=0, 命中率=100.00%
2025-11-09 13:32:22,276 - INFO - --- 训练集样本示例 (头部数据) ---
2025-11-09 13:32:22,276 - INFO -   样本       起始节点数        起始边数         目标节点数        目标边数         边特征             目标属性值          
2025-11-09 13:32:22,277 - INFO -   --------------------------------------------------------------------------------
2025-11-09 13:32:22,277 - INFO -   1        5            8            4            6            [0.0, 1.0, 0.   1.125260       
2025-11-09 13:32:22,277 - INFO -   2        5            8            3            4            [0.0, 0.0, 1.   1.281407       
2025-11-09 13:32:22,277 - INFO -   3        4            6            5            8            [1.0, 0.0, 0.   -1.126016      
2025-11-09 13:32:22,277 - INFO -   --------------------------------------------------------------------------------
2025-11-09 13:32:22,277 - INFO - 
数据构建完成:
2025-11-09 13:32:22,277 - INFO -   项目                   值                   
2025-11-09 13:32:22,277 - INFO -   ---------------------------------------- --------------------
2025-11-09 13:32:22,277 - INFO -   样本数                  155                 
2025-11-09 13:32:22,277 - INFO -   节点特征维度               11                  
2025-11-09 13:32:22,277 - INFO -   边特征维度                11                  
2025-11-09 13:32:22,277 - INFO -   目标属性变化维度             1                   
2025-11-09 13:32:22,278 - INFO - 数据集划分完成:
2025-11-09 13:32:22,278 - INFO -   - 训练集: 124 (80.0%)
2025-11-09 13:32:22,278 - INFO -   - 验证集: 15 (9.7%)
2025-11-09 13:32:22,278 - INFO -   - 测试集: 16 (10.3%)
2025-11-09 13:32:22,288 - INFO - 正在创建模型...
2025-11-09 13:32:22,288 - INFO - 模型参数数量: 1063041
2025-11-09 13:32:22,289 - INFO - 使用设备: cuda
2025-11-09 13:32:23,341 - INFO - 开始训练 (20 轮)...
2025-11-09 13:32:23,941 - INFO - Epoch [10/20], Train Loss: 0.667063, Val Loss: 1.009938, R²: -0.0176, MAE: 1.0099
2025-11-09 13:32:24,311 - INFO - Epoch [20/20], Train Loss: 0.662386, Val Loss: 1.008950, R²: -0.0112, MAE: 1.0089
2025-11-09 13:32:24,312 - INFO - 开始训练 (20 轮)...
2025-11-09 13:32:25,264 - INFO - 模型已保存至: /home/data2/rhj/project/mol_editor/mol_evo/../mol_evo/output/v0/MoleculeEvolutionGCNLinearPredictor/train-20251109_133222-mu_change-30000-20/last.pth
2025-11-09 13:32:25,264 - INFO - 
2025-11-09 13:32:25,264 - INFO - ============================================================
2025-11-09 13:32:25,264 - INFO - 训练完成 - 最终评估结果
2025-11-09 13:32:25,264 - INFO - ============================================================
2025-11-09 13:32:25,265 - INFO - 测试集损失: 1.017318
2025-11-09 13:32:25,265 - INFO - RMSE: 1.346890
2025-11-09 13:32:25,265 - INFO - MAE: 1.017318
2025-11-09 13:32:25,265 - INFO - R²: -0.082500
2025-11-09 13:32:25,265 - INFO - PCC: 0.050287
2025-11-09 13:32:25,265 - INFO - Rank Loss: 0.995467
2025-11-09 13:32:25,265 - INFO - 
2025-11-09 13:32:25,265 - INFO - 阈值准确率:
2025-11-09 13:32:25,265 - INFO -   阈值 0.5: 25.00%
2025-11-09 13:32:25,265 - INFO - 
2025-11-09 13:32:25,265 - INFO - 训练完成:
2025-11-09 13:32:25,265 - INFO -   - 最终训练损失: 0.662386
2025-11-09 13:32:25,265 - INFO -   - 最佳验证损失: 0.970196
2025-11-09 13:32:25,265 - INFO -   - 测试损失 (MSE): 1.017318
2025-11-09 13:32:25,265 - INFO -   - 测试RMSE: 1.346890
2025-11-09 13:32:25,265 - INFO -   - 测试MAE: 1.017318
2025-11-09 13:32:25,265 - INFO -   - 测试R²: -0.082500
2025-11-09 13:32:25,265 - INFO -   - 测试PCC: 0.050287
2025-11-09 13:32:25,265 - INFO -   - 测试Rank Loss: 0.995467
2025-11-09 13:32:25,265 - INFO -   - 测试阈值准确率 (0.5): 0.2500
2025-11-09 13:32:25,265 - INFO -   - 模型已保存到: /home/data2/rhj/project/mol_editor/mol_evo/../mol_evo/output/v0/MoleculeEvolutionGCNLinearPredictor/train-20251109_133222-mu_change-30000-20/last.pth
2025-11-09 13:32:25,266 - INFO - 训练结果已保存到: /home/data2/rhj/project/mol_editor/mol_evo/../mol_evo/output/v0/MoleculeEvolutionGCNLinearPredictor/train-20251109_133222-mu_change-30000-20/training_results.json
2025-11-09 13:32:25,266 - INFO - 模型目录: /home/data2/rhj/project/mol_editor/mol_evo/../mol_evo/output/v0/MoleculeEvolutionGCNLinearPredictor/train-20251109_133222-mu_change-30000-20
