2025-11-02 12:21:40,262 - INFO - ============================================================
2025-11-02 12:21:40,262 - INFO - 数据文件: mol_evo/dataset/data/qm9-evo-pairs-step-1-with-properties-pct.csv
2025-11-02 12:21:40,262 - INFO - 最大对数: 30000
2025-11-02 12:21:40,262 - INFO - 训练轮数: 200
2025-11-02 12:21:40,263 - INFO - ============================================================
2025-11-02 12:21:40,263 - INFO - 正在构建图数据: mol_evo/dataset/data/qm9-evo-pairs-step-1-with-properties-pct.csv
2025-11-02 12:21:40,824 - INFO - 加载缓存文件: /home/data2/rhj/project/mol_editor/mol_evo/core/utils/../../.cache/molecule_graphs/csv_qm9-evo-pairs-step-1-with-properties-pct_3cbb45cc1ac9202d.pt，包含 1994 个分子
2025-11-02 12:21:44,986 - WARNING - 跳过第25871行分子对: [H]O/N=C(\C([H])([H])[H])C([H])([H])C(C([H])([H])[H])(C([H])([H])[H])C([H])([H])[H] -> [H]ONC1C([H])([H])[C@]23C([H])([H])[C@]([H])(C2([H])[H])[C@@]13[H] (数据为None)
2025-11-02 12:21:45,780 - WARNING - 跳过第25984行分子对: [H]O/N=C(/C([H])([H])C([H])([H])[H])C(C([H])([H])[H])(C([H])([H])[H])C([H])([H])[H] -> [H]ONC1C([H])([H])[C@]23C([H])([H])[C@]([H])(C2([H])[H])[C@@]13[H] (数据为None)
2025-11-02 12:21:46,732 - WARNING - 跳过第26175行分子对: [H]O/N=C(\C([H])([H])[H])C(C([H])([H])[H])(C([H])([H])[H])C([H])([H])C([H])([H])[H] -> [H]ONC1C([H])([H])[C@]23C([H])([H])[C@]([H])(C2([H])[H])[C@@]13[H] (数据为None)
2025-11-02 12:21:47,576 - WARNING - 跳过第26431行分子对: [H]O/N=C(\C([H])([H])[H])C([H])([H])C([H])([H])C([H])(C([H])([H])[H])C([H])([H])[H] -> [H]ONC1C([H])([H])[C@]23C([H])([H])[C@]([H])(C2([H])[H])[C@@]13[H] (数据为None)
2025-11-02 12:21:48,356 - WARNING - 跳过第26530行分子对: [H]ONC1C(C([H])([H])[H])(C([H])([H])[H])C([H])([H])[C@]1([H])C([H])([H])[H] -> [H]ONC1C([H])([H])[C@]23C([H])([H])[C@]([H])(C2([H])[H])[C@@]13[H] (数据为None)
2025-11-02 12:21:49,153 - WARNING - 跳过第26630行分子对: [H]ONC1C([H])=C([H])C(C([H])([H])[H])(C([H])([H])[H])C1([H])[H] -> [H]ONC1C([H])([H])[C@]23C([H])([H])[C@]([H])(C2([H])[H])[C@@]13[H] (数据为None)
2025-11-02 12:21:49,953 - WARNING - 跳过第26691行分子对: [H]ONC1C([H])([H])C([H])([H])C(C([H])([H])[H])(C([H])([H])[H])C1([H])[H] -> [H]ONC1C([H])([H])[C@]23C([H])([H])[C@]([H])(C2([H])[H])[C@@]13[H] (数据为None)
2025-11-02 12:21:50,761 - WARNING - 跳过第26895行分子对: [H]O/N=C(\C([H])([H])C([H])([H])[H])C([H])([H])C([H])(C([H])([H])[H])C([H])([H])[H] -> [H]ONC1C([H])([H])[C@]23C([H])([H])[C@]([H])(C2([H])[H])[C@@]13[H] (数据为None)
2025-11-02 12:21:51,568 - WARNING - 跳过第27044行分子对: [H]C#C[C@]1(C([H])([H])[H])C([H])([H])[C@@H](NO[H])C1([H])[H] -> [H]ONC1C([H])([H])[C@]23C([H])([H])[C@]([H])(C2([H])[H])[C@@]13[H] (数据为None)
2025-11-02 12:21:52,383 - WARNING - 跳过第27152行分子对: [H]ON[C@H]1C([H])([H])[C@](C([H])([H])[H])(C([H])([H])C([H])([H])[H])C1([H])[H] -> [H]ONC1C([H])([H])[C@]23C([H])([H])[C@]([H])(C2([H])[H])[C@@]13[H] (数据为None)
2025-11-02 12:21:53,174 - WARNING - 跳过第27266行分子对: [H]O/N=C(\C([H])([H])[H])C([H])([H])C1(C([H])([H])[H])C([H])([H])C1([H])[H] -> [H]ONC1C([H])([H])[C@]23C([H])([H])[C@]([H])(C2([H])[H])[C@@]13[H] (数据为None)
2025-11-02 12:21:54,014 - WARNING - 跳过第27714行分子对: [H]O/N=C(\C([H])([H])[H])C([H])([H])C([H])([H])C([H])([H])C([H])([H])C([H])([H])[H] -> [H]ONC1C([H])([H])[C@]23C([H])([H])[C@]([H])(C2([H])[H])[C@@]13[H] (数据为None)
2025-11-02 12:21:54,796 - WARNING - 跳过第27835行分子对: [H]ONC1C([H])([H])C([H])=C([H])C1(C([H])([H])[H])C([H])([H])[H] -> [H]ONC1C([H])([H])[C@]23C([H])([H])[C@]([H])(C2([H])[H])[C@@]13[H] (数据为None)
2025-11-02 12:21:55,582 - WARNING - 跳过第27878行分子对: [H]ONC1=C([H])[C-]([H])C([H])([H])C1(C([H])([H])[H])C([H])([H])[H] -> [H]ONC1C([H])([H])[C@]23C([H])([H])[C@]([H])(C2([H])[H])[C@@]13[H] (数据为None)
2025-11-02 12:21:56,345 - WARNING - 跳过第27924行分子对: [H]ONC1C([H])([H])C([H])([H])C([H])([H])C1(C([H])([H])[H])C([H])([H])[H] -> [H]ONC1C([H])([H])[C@]23C([H])([H])[C@]([H])(C2([H])[H])[C@@]13[H] (数据为None)
2025-11-02 12:21:57,156 - WARNING - 跳过第28107行分子对: [H]ON=C(C([H])([H])C([H])([H])C([H])([H])[H])C([H])([H])C([H])([H])C([H])([H])[H] -> [H]ONC1C([H])([H])[C@]23C([H])([H])[C@]([H])(C2([H])[H])[C@@]13[H] (数据为None)
2025-11-02 12:21:57,978 - WARNING - 跳过第28312行分子对: [H]O/N=C(/C([H])([H])C([H])([H])C([H])([H])[H])C([H])(C([H])([H])[H])C([H])([H])[H] -> [H]ONC1C([H])([H])[C@]23C([H])([H])[C@]([H])(C2([H])[H])[C@@]13[H] (数据为None)
2025-11-02 12:21:58,818 - WARNING - 跳过第28519行分子对: [H]ON=C(C([H])(C([H])([H])[H])C([H])([H])[H])C([H])(C([H])([H])[H])C([H])([H])[H] -> [H]ONC1C([H])([H])[C@]23C([H])([H])[C@]([H])(C2([H])[H])[C@@]13[H] (数据为None)
2025-11-02 12:21:59,634 - WARNING - 跳过第28649行分子对: [H]O/N=C(\C([H])([H])[H])C1(C([H])([H])[H])C([H])([H])C([H])([H])C1([H])[H] -> [H]ONC1C([H])([H])[C@]23C([H])([H])[C@]([H])(C2([H])[H])[C@@]13[H] (数据为None)
2025-11-02 12:22:00,447 - WARNING - 跳过第28853行分子对: [H]ON[C@H]1C([H])([H])[C@]([H])(C([H])(C([H])([H])[H])C([H])([H])[H])C1([H])[H] -> [H]ONC1C([H])([H])[C@]23C([H])([H])[C@]([H])(C2([H])[H])[C@@]13[H] (数据为None)
2025-11-02 12:22:01,216 - WARNING - 跳过第28960行分子对: [H]O/N=C(\C([H])([H])[H])[C@]1([H])C([H])([H])[C@@]([H])(C([H])([H])[H])C1([H])[H] -> [H]ONC1C([H])([H])[C@]23C([H])([H])[C@]([H])(C2([H])[H])[C@@]13[H] (数据为None)
2025-11-02 12:22:02,007 - WARNING - 跳过第29052行分子对: [H]ONC1C([H])=C(C([H])([H])[H])C([H])([H])C([H])([H])C1([H])[H] -> [H]ONC1C([H])([H])[C@]23C([H])([H])[C@]([H])(C2([H])[H])[C@@]13[H] (数据为None)
2025-11-02 12:22:02,776 - WARNING - 跳过第29115行分子对: [H]ONC1C([H])([H])C(C([H])([H])[H])=C([H])C([H])([H])C1([H])[H] -> [H]ONC1C([H])([H])[C@]23C([H])([H])[C@]([H])(C2([H])[H])[C@@]13[H] (数据为None)
2025-11-02 12:22:03,584 - WARNING - 跳过第29191行分子对: [H]ONC1C([H])([H])C([H])([H])C([H])([H])[C@]([H])(C([H])([H])[H])C1([H])[H] -> [H]ONC1C([H])([H])[C@]23C([H])([H])[C@]([H])(C2([H])[H])[C@@]13[H] (数据为None)
2025-11-02 12:22:04,374 - WARNING - 跳过第29259行分子对: [H]ONC1C([H])([H])C(C([H])([H])[H])=C(C([H])([H])[H])C1([H])[H] -> [H]ONC1C([H])([H])[C@]23C([H])([H])[C@]([H])(C2([H])[H])[C@@]13[H] (数据为None)
2025-11-02 12:22:05,178 - WARNING - 跳过第29362行分子对: [H]ONC1C([H])([H])C(C([H])([H])[H])=C([H])[C@]1([H])C([H])([H])[H] -> [H]ONC1C([H])([H])[C@]23C([H])([H])[C@]([H])(C2([H])[H])[C@@]13[H] (数据为None)
2025-11-02 12:22:05,699 - WARNING - 跳过第29437行分子对: [H][N-]C1O[C@]([H])(C([H])([H])[H])C(NO[H])C1([H])[H] -> [H]ONC1C([H])([H])[C@]23C([H])([H])[N@@H+](C2([H])[H])[C@@]13[H] (数据为None)
2025-11-02 12:22:06,496 - WARNING - 跳过第29554行分子对: [H]ONC1C([H])([H])[C@]2([H])C([H])([H])[C@@]1(C([H])([H])[H])C2([H])[H] -> [H]ONC1C([H])([H])[C@]23C([H])([H])[C@]([H])(C2([H])[H])[C@@]13[H] (数据为None)
2025-11-02 12:22:07,288 - WARNING - 跳过第29644行分子对: [H]O/N=C(\C([H])([H])[H])C([H])([H])C1([H])C([H])([H])C([H])([H])C1([H])[H] -> [H]ONC1C([H])([H])[C@]23C([H])([H])[C@]([H])(C2([H])[H])[C@@]13[H] (数据为None)
2025-11-02 12:22:08,051 - WARNING - 跳过第29737行分子对: [H]C#CC([H])([H])[C@]1([H])C([H])([H])[C@@H](NO[H])C1([H])[H] -> [H]ONC1C([H])([H])[C@]23C([H])([H])[C@]([H])(C2([H])[H])[C@@]13[H] (数据为None)
2025-11-02 12:22:08,847 - WARNING - 跳过第29820行分子对: [H]ON[C@H]1C([H])([H])[C@]([H])(C#CC([H])([H])[H])C1([H])[H] -> [H]ONC1C([H])([H])[C@]23C([H])([H])[C@]([H])(C2([H])[H])[C@@]13[H] (数据为None)
2025-11-02 12:22:09,633 - WARNING - 跳过第29860行分子对: [H]ON[C@H]1C([H])([H])[C@]([H])(C([H])([H])C([H])([H])C([H])([H])[H])C1([H])[H] -> [H]ONC1C([H])([H])[C@]23C([H])([H])[C@]([H])(C2([H])[H])[C@@]13[H] (数据为None)
2025-11-02 12:22:10,419 - WARNING - 跳过第29968行分子对: [H]ONC1C([H])([H])C2(C1([H])[H])C([H])([H])C([H])([H])C2([H])[H] -> [H]ONC1C([H])([H])[C@]23C([H])([H])[C@]([H])(C2([H])[H])[C@@]13[H] (数据为None)
2025-11-02 12:22:10,506 - INFO - 分子处理统计: 总数=60000, 命中=59967, 未命中=33, 命中率=99.94%
2025-11-02 12:22:10,579 - INFO - --- 训练集样本示例 (头部数据) ---
2025-11-02 12:22:10,579 - INFO -   样本       起始节点数        起始边数         目标节点数        目标边数         边特征             目标属性值          
2025-11-02 12:22:10,579 - INFO -   --------------------------------------------------------------------------------
2025-11-02 12:22:10,580 - INFO -   1        5            8            8            14           [1.0, 0.0, 0.   0.023518       
2025-11-02 12:22:10,580 - INFO -   2        3            4            6            10           [1.0, 0.0, 0.   -0.273184      
2025-11-02 12:22:10,580 - INFO -   3        4            6            11           20           [1.0, 0.0, 0.   0.077970       
2025-11-02 12:22:10,580 - INFO -   --------------------------------------------------------------------------------
2025-11-02 12:22:10,580 - INFO - 
数据构建完成:
2025-11-02 12:22:10,580 - INFO -   项目                   值                   
2025-11-02 12:22:10,580 - INFO -   ---------------------------------------- --------------------
2025-11-02 12:22:10,580 - INFO -   样本数                  29967               
2025-11-02 12:22:10,580 - INFO -   节点特征维度               11                  
2025-11-02 12:22:10,580 - INFO -   边特征维度                11                  
2025-11-02 12:22:10,580 - INFO -   目标属性变化维度             1                   
2025-11-02 12:22:10,585 - INFO - 数据集划分完成:
2025-11-02 12:22:10,585 - INFO -   - 训练集: 23973 (80.0%)
2025-11-02 12:22:10,585 - INFO -   - 验证集: 2996 (10.0%)
2025-11-02 12:22:10,585 - INFO -   - 测试集: 2998 (10.0%)
2025-11-02 12:22:10,641 - INFO - 正在创建模型...
2025-11-02 12:22:10,641 - INFO - 模型参数数量: 1063041
2025-11-02 12:22:10,641 - INFO - 使用设备: cuda
2025-11-02 12:22:10,891 - INFO - 开始训练 (200 轮)...
2025-11-02 12:22:32,322 - INFO - Epoch [10/200], Train Loss: 0.568190, Val Loss: 0.549289, R²: 0.3440, MAE: 0.5493
2025-11-02 12:22:53,232 - INFO - Epoch [20/200], Train Loss: 0.524692, Val Loss: 0.507797, R²: 0.3967, MAE: 0.5078
2025-11-02 12:23:13,523 - INFO - Epoch [30/200], Train Loss: 0.489193, Val Loss: 0.514751, R²: 0.3761, MAE: 0.5148
2025-11-02 12:23:33,995 - INFO - Epoch [40/200], Train Loss: 0.449474, Val Loss: 0.457025, R²: 0.4836, MAE: 0.4570
2025-11-02 12:23:54,265 - INFO - Epoch [50/200], Train Loss: 0.398689, Val Loss: 0.412186, R²: 0.5252, MAE: 0.4122
2025-11-02 12:24:14,520 - INFO - Epoch [60/200], Train Loss: 0.369523, Val Loss: 0.384072, R²: 0.5558, MAE: 0.3841
2025-11-02 12:24:34,685 - INFO - Epoch [70/200], Train Loss: 0.348030, Val Loss: 0.368070, R²: 0.5861, MAE: 0.3681
2025-11-02 12:24:55,001 - INFO - Epoch [80/200], Train Loss: 0.309525, Val Loss: 0.344077, R²: 0.6082, MAE: 0.3441
2025-11-02 12:25:15,783 - INFO - Epoch [90/200], Train Loss: 0.282691, Val Loss: 0.327711, R²: 0.6270, MAE: 0.3277
2025-11-02 12:25:36,150 - INFO - 已保存checkpoint: /home/data2/rhj/project/mol_editor/mol_evo/../mol_evo/output/v0/MoleculeEvolutionGCNLinearPredictor/train-20251102_122140-mu_change-30000-200/checkpoint_epoch_100.pth
2025-11-02 12:25:36,354 - INFO - Epoch [100/200], Train Loss: 0.267582, Val Loss: 0.319821, R²: 0.6387, MAE: 0.3198
2025-11-02 12:25:58,202 - INFO - Epoch [110/200], Train Loss: 0.257653, Val Loss: 0.315421, R²: 0.6494, MAE: 0.3154
2025-11-02 12:26:25,479 - INFO - Epoch [120/200], Train Loss: 0.246372, Val Loss: 0.310336, R²: 0.6578, MAE: 0.3103
2025-11-02 12:26:47,599 - INFO - Epoch [130/200], Train Loss: 0.241551, Val Loss: 0.307004, R²: 0.6624, MAE: 0.3070
2025-11-02 12:27:08,794 - INFO - Epoch [140/200], Train Loss: 0.236827, Val Loss: 0.305138, R²: 0.6644, MAE: 0.3051
2025-11-02 12:27:35,214 - INFO - Epoch [150/200], Train Loss: 0.233255, Val Loss: 0.302667, R²: 0.6687, MAE: 0.3027
2025-11-02 12:27:56,814 - INFO - Epoch [160/200], Train Loss: 0.227680, Val Loss: 0.300975, R²: 0.6717, MAE: 0.3010
2025-11-02 12:28:17,712 - INFO - Epoch [170/200], Train Loss: 0.223287, Val Loss: 0.298048, R²: 0.6749, MAE: 0.2980
2025-11-02 12:28:38,894 - INFO - Epoch [180/200], Train Loss: 0.218841, Val Loss: 0.294673, R²: 0.6806, MAE: 0.2947
2025-11-02 12:29:05,107 - INFO - Epoch [190/200], Train Loss: 0.214797, Val Loss: 0.292618, R²: 0.6844, MAE: 0.2926
2025-11-02 12:29:27,447 - INFO - 已保存checkpoint: /home/data2/rhj/project/mol_editor/mol_evo/../mol_evo/output/v0/MoleculeEvolutionGCNLinearPredictor/train-20251102_122140-mu_change-30000-200/checkpoint_epoch_200.pth
2025-11-02 12:29:27,683 - INFO - Epoch [200/200], Train Loss: 0.211907, Val Loss: 0.290844, R²: 0.6882, MAE: 0.2908
2025-11-02 12:29:27,684 - INFO - 开始训练 (200 轮)...
2025-11-02 12:29:29,034 - INFO - 模型已保存至: /home/data2/rhj/project/mol_editor/mol_evo/../mol_evo/output/v0/MoleculeEvolutionGCNLinearPredictor/train-20251102_122140-mu_change-30000-200/last.pth
2025-11-02 12:29:29,034 - INFO - 
2025-11-02 12:29:29,034 - INFO - ============================================================
2025-11-02 12:29:29,034 - INFO - 训练完成 - 最终评估结果
2025-11-02 12:29:29,035 - INFO - ============================================================
2025-11-02 12:29:29,035 - INFO - 测试集损失: 0.280012
2025-11-02 12:29:29,035 - INFO - RMSE: 0.527893
2025-11-02 12:29:29,035 - INFO - MAE: 0.280012
2025-11-02 12:29:29,035 - INFO - R²: 0.691569
2025-11-02 12:29:29,035 - INFO - PCC: 0.834625
2025-11-02 12:29:29,035 - INFO - Rank Loss: 0.458025
2025-11-02 12:29:29,035 - INFO - 
2025-11-02 12:29:29,035 - INFO - 阈值准确率:
2025-11-02 12:29:29,035 - INFO -   阈值 0.5: 83.12%
2025-11-02 12:29:29,035 - INFO -   阈值 0.4: 79.49%
2025-11-02 12:29:29,035 - INFO -   阈值 0.30000000000000004: 75.15%
2025-11-02 12:29:29,035 - INFO -   阈值 0.20000000000000004: 66.21%
2025-11-02 12:29:29,035 - INFO -   阈值 0.10000000000000003: 49.00%
2025-11-02 12:29:29,035 - INFO - 
2025-11-02 12:29:29,035 - INFO - 训练完成:
2025-11-02 12:29:29,035 - INFO -   - 最终训练损失: 0.211907
2025-11-02 12:29:29,035 - INFO -   - 最佳验证损失: 0.290098
2025-11-02 12:29:29,035 - INFO -   - 测试损失 (MSE): 0.280012
2025-11-02 12:29:29,036 - INFO -   - 测试RMSE: 0.527893
2025-11-02 12:29:29,036 - INFO -   - 测试MAE: 0.280012
2025-11-02 12:29:29,036 - INFO -   - 测试R²: 0.691569
2025-11-02 12:29:29,036 - INFO -   - 测试PCC: 0.834625
2025-11-02 12:29:29,036 - INFO -   - 测试Rank Loss: 0.458025
2025-11-02 12:29:29,036 - INFO -   - 测试阈值准确率 (0.5): 0.8312
2025-11-02 12:29:29,036 - INFO -   - 测试阈值准确率 (0.4): 0.7949
2025-11-02 12:29:29,036 - INFO -   - 测试阈值准确率 (0.30000000000000004): 0.7515
2025-11-02 12:29:29,036 - INFO -   - 测试阈值准确率 (0.20000000000000004): 0.6621
2025-11-02 12:29:29,036 - INFO -   - 测试阈值准确率 (0.10000000000000003): 0.4900
2025-11-02 12:29:29,036 - INFO -   - 模型已保存到: /home/data2/rhj/project/mol_editor/mol_evo/../mol_evo/output/v0/MoleculeEvolutionGCNLinearPredictor/train-20251102_122140-mu_change-30000-200/last.pth
2025-11-02 12:29:29,036 - INFO - 训练结果已保存到: /home/data2/rhj/project/mol_editor/mol_evo/../mol_evo/output/v0/MoleculeEvolutionGCNLinearPredictor/train-20251102_122140-mu_change-30000-200/training_results.json
2025-11-02 12:29:29,036 - INFO - 模型目录: /home/data2/rhj/project/mol_editor/mol_evo/../mol_evo/output/v0/MoleculeEvolutionGCNLinearPredictor/train-20251102_122140-mu_change-30000-200
