2025-10-22 05:08:19,270 - INFO - ============================================================
2025-10-22 05:08:19,270 - INFO - 数据文件: mol_evo/dataset/data/qm9-evo-pairs-step-1-with-properties-pct.csv
2025-10-22 05:08:19,270 - INFO - 最大对数: 2000
2025-10-22 05:08:19,270 - INFO - 训练轮数: 50
2025-10-22 05:08:19,270 - INFO - ============================================================
2025-10-22 05:08:19,270 - INFO - 正在构建图数据: mol_evo/dataset/data/qm9-evo-pairs-step-1-with-properties-pct.csv
2025-10-22 05:08:19,970 - INFO - 加载缓存文件: /home/data2/rhj/project/mol_editor/mol_evo/core/utils/../../.cache/molecule_graphs/csv_qm9-evo-pairs-step-1-with-properties-pct_3cbb45cc1ac9202d.pt，包含 1994 个分子
2025-10-22 05:08:20,306 - INFO - 分子处理统计: 总数=4000, 命中=4000, 未命中=0, 命中率=100.00%
2025-10-22 05:08:20,314 - INFO - --- 训练集样本示例 (头部数据) ---
2025-10-22 05:08:20,314 - INFO -   样本       起始节点数        起始边数         目标节点数        目标边数         边特征             目标属性值          
2025-10-22 05:08:20,314 - INFO -   --------------------------------------------------------------------------------
2025-10-22 05:08:20,315 - INFO -   1        5            8            8            14           [1.0, 0.0, 0.   0.199346       
2025-10-22 05:08:20,315 - INFO -   2        3            4            6            10           [1.0, 0.0, 0.   -0.124008      
2025-10-22 05:08:20,315 - INFO -   3        4            6            11           20           [1.0, 0.0, 0.   0.258689       
2025-10-22 05:08:20,315 - INFO -   --------------------------------------------------------------------------------
2025-10-22 05:08:20,315 - INFO - 
数据构建完成:
2025-10-22 05:08:20,315 - INFO -   项目                   值                   
2025-10-22 05:08:20,315 - INFO -   ---------------------------------------- --------------------
2025-10-22 05:08:20,315 - INFO -   样本数                  2000                
2025-10-22 05:08:20,315 - INFO -   节点特征维度               11                  
2025-10-22 05:08:20,315 - INFO -   边特征维度                11                  
2025-10-22 05:08:20,315 - INFO -   目标属性变化维度             1                   
2025-10-22 05:08:20,316 - INFO - 数据集划分完成:
2025-10-22 05:08:20,316 - INFO -   - 训练集: 1600 (80.0%)
2025-10-22 05:08:20,316 - INFO -   - 验证集: 200 (10.0%)
2025-10-22 05:08:20,316 - INFO -   - 测试集: 200 (10.0%)
2025-10-22 05:08:29,188 - INFO - 正在创建模型...
2025-10-22 05:08:29,191 - INFO - 模型参数数量: 5776775
2025-10-22 05:08:29,191 - INFO - 使用设备: cuda
2025-10-22 05:09:32,417 - INFO - Epoch [10/50], Train Loss: 0.310873, Val Loss: 0.397903, R²: 0.3852, MAE: 0.3979
2025-10-22 05:10:32,636 - INFO - Epoch [20/50], Train Loss: 0.262012, Val Loss: 0.328956, R²: 0.4562, MAE: 0.3290
2025-10-22 05:11:33,324 - INFO - Epoch [30/50], Train Loss: 0.197141, Val Loss: 0.264823, R²: 0.4855, MAE: 0.2648
2025-10-22 05:12:33,095 - INFO - Epoch [40/50], Train Loss: 0.170990, Val Loss: 0.272811, R²: 0.5111, MAE: 0.2728
2025-10-22 05:13:32,436 - INFO - Epoch [50/50], Train Loss: 0.156608, Val Loss: 0.216530, R²: 0.5468, MAE: 0.2165
2025-10-22 05:13:32,437 - INFO - 开始训练 (50 轮)...
2025-10-22 05:13:33,760 - INFO - 模型已保存至: /home/data2/rhj/project/mol_editor/mol_evo/../mol_evo/output/v0/equiformer_linear_linear/train-20251022_050819-mu_change-2000-50/last.pth
2025-10-22 05:13:33,760 - INFO - 
2025-10-22 05:13:33,760 - INFO - ============================================================
2025-10-22 05:13:33,760 - INFO - 训练完成 - 最终评估结果
2025-10-22 05:13:33,760 - INFO - ============================================================
2025-10-22 05:13:33,760 - INFO - 测试集损失: 0.144264
2025-10-22 05:13:33,760 - INFO - RMSE: 0.308469
2025-10-22 05:13:33,761 - INFO - MAE: 0.144264
2025-10-22 05:13:33,761 - INFO - R²: 0.879514
2025-10-22 05:13:33,761 - INFO - PCC: 0.946000
2025-10-22 05:13:33,761 - INFO - Rank Loss: 0.400483
2025-10-22 05:13:33,761 - INFO - 
2025-10-22 05:13:33,761 - INFO - 阈值准确率:
2025-10-22 05:13:33,761 - INFO -   阈值 0.5: 94.50%
2025-10-22 05:13:33,761 - INFO -   阈值 0.4: 92.50%
2025-10-22 05:13:33,761 - INFO -   阈值 0.30000000000000004: 89.00%
2025-10-22 05:13:33,761 - INFO -   阈值 0.20000000000000004: 84.00%
2025-10-22 05:13:33,761 - INFO -   阈值 0.10000000000000003: 73.50%
2025-10-22 05:13:33,761 - INFO -   阈值 0.05000000000000002: 49.00%
2025-10-22 05:13:33,761 - INFO - 
2025-10-22 05:13:33,761 - INFO - 训练完成:
2025-10-22 05:13:33,761 - INFO -   - 最终训练损失: 0.156608
2025-10-22 05:13:33,761 - INFO -   - 最佳验证损失: 0.216530
2025-10-22 05:13:33,761 - INFO -   - 测试损失 (MSE): 0.144264
2025-10-22 05:13:33,761 - INFO -   - 测试RMSE: 0.308469
2025-10-22 05:13:33,761 - INFO -   - 测试MAE: 0.144264
2025-10-22 05:13:33,761 - INFO -   - 测试R²: 0.879514
2025-10-22 05:13:33,761 - INFO -   - 测试PCC: 0.946000
2025-10-22 05:13:33,761 - INFO -   - 测试Rank Loss: 0.400483
2025-10-22 05:13:33,761 - INFO -   - 测试阈值准确率 (0.5): 0.9450
2025-10-22 05:13:33,761 - INFO -   - 测试阈值准确率 (0.4): 0.9250
2025-10-22 05:13:33,762 - INFO -   - 测试阈值准确率 (0.30000000000000004): 0.8900
2025-10-22 05:13:33,762 - INFO -   - 测试阈值准确率 (0.20000000000000004): 0.8400
2025-10-22 05:13:33,762 - INFO -   - 测试阈值准确率 (0.10000000000000003): 0.7350
2025-10-22 05:13:33,762 - INFO -   - 测试阈值准确率 (0.05000000000000002): 0.4900
2025-10-22 05:13:33,762 - INFO -   - 模型已保存到: /home/data2/rhj/project/mol_editor/mol_evo/../mol_evo/output/v0/equiformer_linear_linear/train-20251022_050819-mu_change-2000-50/last.pth
