2025-10-20 11:33:22,294 - INFO - ============================================================
2025-10-20 11:33:22,294 - INFO - 数据文件: mol_evo/dataset/data/qm9-evo-pairs-step-1-with-properties-pct.csv
2025-10-20 11:33:22,294 - INFO - 最大对数: None
2025-10-20 11:33:22,294 - INFO - 训练轮数: 100
2025-10-20 11:33:22,294 - INFO - ============================================================
2025-10-20 11:33:22,294 - INFO - 正在构建图数据: mol_evo/dataset/data/qm9-evo-pairs-step-1-with-properties-pct.csv
2025-10-20 11:33:24,069 - INFO - 加载缓存文件: /home/data2/rhj/project/mol_editor/mol_evo/core/utils/../../.cache/molecule_graphs/csv_qm9-evo-pairs-step-1-with-properties-pct_3cbb45cc1ac9202d.pt，包含 1994 个分子
2025-10-20 11:34:22,039 - INFO - 分子处理统计: 总数=61458, 命中=61382, 未命中=76, 命中率=99.88%
2025-10-20 11:34:22,070 - INFO - --- 训练集样本示例 (头部数据) ---
2025-10-20 11:34:22,070 - INFO -   样本       起始节点数        起始边数         目标节点数        目标边数         边特征             目标属性值          
2025-10-20 11:34:22,070 - INFO -   --------------------------------------------------------------------------------
2025-10-20 11:34:22,071 - INFO -   1        5            8            8            14           [1.0, 0.0, 0.   0.022092       
2025-10-20 11:34:22,071 - INFO -   2        3            4            6            10           [1.0, 0.0, 0.   -0.276269      
2025-10-20 11:34:22,071 - INFO -   3        4            6            11           20           [1.0, 0.0, 0.   0.076848       
2025-10-20 11:34:22,071 - INFO -   --------------------------------------------------------------------------------
2025-10-20 11:34:22,071 - INFO - 
数据构建完成:
2025-10-20 11:34:22,071 - INFO -   项目                   值                   
2025-10-20 11:34:22,071 - INFO -   ----------------------------------------
2025-10-20 11:34:22,071 - INFO -   样本数                  30653               
2025-10-20 11:34:22,071 - INFO -   节点特征维度               11                  
2025-10-20 11:34:22,071 - INFO -   边特征维度                11                  
2025-10-20 11:34:22,071 - INFO -   目标属性变化维度             1                   
2025-10-20 11:34:22,075 - INFO - 数据集划分完成:
2025-10-20 11:34:22,075 - INFO -   - 训练集: 24522 (80.0%)
2025-10-20 11:34:22,075 - INFO -   - 验证集: 3065 (10.0%)
2025-10-20 11:34:22,075 - INFO -   - 测试集: 3066 (10.0%)
2025-10-20 11:34:22,149 - INFO - 正在创建模型...
2025-10-20 11:34:22,149 - INFO - 模型参数数量: 1063041
2025-10-20 11:34:22,150 - INFO - 使用设备: cuda
