2025-11-27 12:12:57,260 - INFO - ============================================================
2025-11-27 12:12:57,260 - INFO - 数据文件: /home/data2/rhj/project/mol_editor/mol_evo/dataset/data/qm9-evo-pairs-step-1-with-properties-pct.json
2025-11-27 12:12:57,260 - INFO - 最大对数: 120000
2025-11-27 12:12:57,260 - INFO - 训练轮数: 200
2025-11-27 12:12:57,260 - INFO - ============================================================
2025-11-27 12:12:57,260 - INFO - 模型配置已保存到: /home/data2/rhj/project/mol_editor/mol_evo/../mol_evo/output/v0/MoleculeEvolutionVisnetLinearPredictor/train-20251127_121257-homo_change-120000-200/model_config.json
2025-11-27 12:12:57,260 - INFO - 正在构建图数据: /home/data2/rhj/project/mol_editor/mol_evo/dataset/data/qm9-evo-pairs-step-1-with-properties-pct.json
2025-11-27 12:13:59,954 - WARNING - 跳过第26973行分子对: O=C1[C@H]2C[C@@H]3[C@H]2N13 -> C[C@]12[C@@H]3C[C@H]1N2C3=O (数据为None)
2025-11-27 12:20:19,900 - WARNING - 跳过第65375行分子对: C[C@]12C[C@H](C1)[C@H]2CO -> C1OC[C@]23C[C@H](C2)[C@H]13 (数据为None)
2025-11-27 12:20:26,101 - WARNING - 跳过第66217行分子对: COCC12C[NH+](C1)C2 -> C1OC[C@]23C[N@H+](C2)[C@H]13 (数据为None)
2025-11-27 12:20:31,635 - WARNING - 跳过第66726行分子对: O=C1N[C@]23C[N@H+](C2)[C@@H]13 -> O=C1O[C@]23C[N@H+](C2)[C@@H]13 (数据为None)
2025-11-27 12:20:31,635 - WARNING - 跳过第66728行分子对: O=C1O[C@]23C[N@H+](C2)[C@@H]13 -> O=C1N[C@]23C[N@H+](C2)[C@@H]13 (数据为None)
2025-11-27 12:20:31,635 - WARNING - 跳过第66724行分子对: [NH-][C@@H]1O[C@]23C[N@H+](C2)[C@@H]13 -> C[C@H]1O[C@]23C[N@H+](C2)[C@@H]13 (数据为None)
2025-11-27 12:20:31,635 - WARNING - 跳过第66723行分子对: [NH-][C@@H]1O[C@]23C[C@H](C2)[C@@H]13 -> C[C@H]1O[C@]23C[C@H](C2)[C@@H]13 (数据为None)
2025-11-27 12:20:31,636 - WARNING - 跳过第66727行分子对: O=C1O[C@]23C[C@H](C2)[C@@H]13 -> O=C1N[C@]23C[C@H](C2)[C@@H]13 (数据为None)
2025-11-27 12:20:31,637 - WARNING - 跳过第66729行分子对: C[C@H]1C[C@]23C[C@H](C2)[C@@H]13 -> C1[C@H]2C[C@H]3C[C@H](C3)[C@@H]12 (数据为None)
2025-11-27 12:20:35,754 - WARNING - 跳过第66725行分子对: O=C1N[C@]23C[C@H](C2)[C@@H]13 -> O=C1O[C@]23C[C@H](C2)[C@@H]13 (数据为None)
2025-11-27 12:20:35,756 - WARNING - 跳过第66732行分子对: C[C@H]1O[C@]23C[N@H+](C2)[C@@H]13 -> [NH-][C@@H]1O[C@]23C[N@H+](C2)[C@@H]13 (数据为None)
2025-11-27 12:20:35,756 - WARNING - 跳过第66731行分子对: C[C@H]1O[C@]23C[C@H](C2)[C@@H]13 -> [NH-][C@@H]1O[C@]23C[C@H](C2)[C@@H]13 (数据为None)
2025-11-27 12:20:35,756 - WARNING - 跳过第66730行分子对: C[C@H]1C[C@]23C[N@H+](C2)[C@@H]13 -> O[C@H]1C[C@]23C[N@H+](C2)[C@@H]13 (数据为None)
2025-11-27 12:20:35,758 - WARNING - 跳过第66733行分子对: C[C@H]1O[C@]23C[N@H+](C2)[C@@H]13 -> C1[C@H]2O[C@H]3C[N@H+](C3)[C@@H]12 (数据为None)
2025-11-27 12:20:36,311 - WARNING - 跳过第66734行分子对: O[C@H]1C[C@]23C[N@H+](C2)[C@@H]13 -> C[C@H]1C[C@]23C[N@H+](C2)[C@@H]13 (数据为None)
2025-11-27 12:20:46,187 - WARNING - 跳过第85124行分子对: CCC1(CC)CCC1 -> C1CC23CCC12CC3 (数据为None)
2025-11-27 12:20:46,368 - WARNING - 跳过第85149行分子对: CCC1(CO)CCC1 -> C1C[C@]23CC[C@]12CO3 (数据为None)
2025-11-27 12:20:47,159 - WARNING - 跳过第89675行分子对: CC[C@@]12C=C[C@@H](C1)O2 -> C1=C[C@]23CC[C@@H]2[C@H]1O3 (数据为None)
2025-11-27 12:20:53,893 - WARNING - 跳过第98229行分子对: C1O[C@H]2[C@H]3C[C@@]2(C3)O1 -> [CH+]1[NH2+][C@H]2[C@H]3C[C@@]2(C3)O1 (数据为None)
2025-11-27 12:20:53,893 - WARNING - 跳过第98222行分子对: [CH+]1[NH2+][C@H]2[C@H]3C[C@@]2(C3)O1 -> C1O[C@H]2[C@H]3C[C@@]2(C3)O1 (数据为None)
2025-11-27 12:20:53,894 - WARNING - 跳过第98267行分子对: C[C@]12[C@@H]3C[C@H]1N2C3=O -> C[C@@H]1[C@@H]2C[C@H]1NC2=O (数据为None)
2025-11-27 12:20:53,894 - WARNING - 跳过第97994行分子对: C[C@@]12C[C@H]3C(=O)N1[C@H]32 -> C[C@H]1C[C@H]2C(=O)N[C@@H]12 (数据为None)
2025-11-27 12:20:53,895 - WARNING - 跳过第98020行分子对: C[C@H]1C[C@H]2C(=O)N[C@@H]12 -> C[C@@]12C[C@H]3C(=O)N1[C@H]32 (数据为None)
2025-11-27 12:20:53,896 - WARNING - 跳过第98231行分子对: C1OC[C@]23C[N@H+](C2)[C@H]13 -> COCC12C[NH+](C1)C2 (数据为None)
2025-11-27 12:20:53,898 - WARNING - 跳过第98228行分子对: C1OC[C@]23C[C@H](C2)[C@H]13 -> C[C@]12C[C@H](C1)[C@H]2CO (数据为None)
2025-11-27 12:20:54,086 - WARNING - 跳过第98227行分子对: C1C[C@]23C[C@H](C2)[C@@H]3O1 -> C1O[C@H]2[C@H]3C[C@@]2(C3)O1 (数据为None)
2025-11-27 12:20:58,224 - WARNING - 跳过第98230行分子对: C1O[C@H]2[C@H]3C[C@@]2(C3)O1 -> C1C[C@]23C[C@H](C2)[C@@H]3O1 (数据为None)
2025-11-27 12:21:00,062 - WARNING - 跳过第105042行分子对: CC[C@H]1CO[C@H]1CO -> C1C[C@@]23CO[C@@]12CO3 (数据为None)
2025-11-27 12:21:01,008 - WARNING - 跳过第109005行分子对: CC[C@]12CC[C@H]1CC2 -> C1CC23CCC12CC3 (数据为None)
2025-11-27 12:21:01,039 - WARNING - 跳过第109046行分子对: OC[C@]12CC[C@H]1CO2 -> C1C[C@@]23CO[C@@]12CO3 (数据为None)
2025-11-27 12:21:01,104 - WARNING - 跳过第109037行分子对: OC[C@]12CC[C@H]1CC2 -> C1C[C@]23CC[C@]12CO3 (数据为None)
2025-11-27 12:21:01,654 - WARNING - 跳过第111079行分子对: C[C@@H]1[C@@H]2C[C@H]1NC2=O -> C[C@]12[C@@H]3C[C@H]1N2C3=O (数据为None)
2025-11-27 12:21:01,771 - WARNING - 跳过第111716行分子对: C1=C[C@]23CC[N@@H+]2[C@H]1C3 -> CC[C@H]1[C@@H]2C=C[C@H]1C2 (数据为None)
2025-11-27 12:21:06,049 - WARNING - 跳过第111719行分子对: C1=C[C@]23CC[C@@H]2[C@H]1O3 -> O[C@H]1C=C[C@H]2CC[C@@H]12 (数据为None)
2025-11-27 12:21:06,049 - WARNING - 跳过第111723行分子对: C1=C[C@]23CO[C@@H]2[C@H]1C3 -> C1=C[C@]23CO[C@@H]2[C@H]1O3 (数据为None)
2025-11-27 12:21:06,050 - WARNING - 跳过第111720行分子对: C1=C[C@]23CN[C@@H]2[C@H]1O3 -> C1=C[C@]23CO[C@@H]2[C@H]1O3 (数据为None)
2025-11-27 12:21:06,050 - WARNING - 跳过第111721行分子对: C1=C[C@@]23C[C@@H]1[C@H]2CO3 -> C1C[C@@]23C[C@@H]1[C@H]2CO3 (数据为None)
2025-11-27 12:21:06,051 - WARNING - 跳过第111722行分子对: C1=C[C@@]23C[C@@H]1[C@H]2CO3 -> OC[C@H]1[C@@H]2C=C[C@H]1C2 (数据为None)
2025-11-27 12:21:06,051 - WARNING - 跳过第111717行分子对: C1=C[C@]23CC[C@@H]2[C@H]1O3 -> CC[C@@]12C=C[C@@H](C1)O2 (数据为None)
2025-11-27 12:21:06,051 - WARNING - 跳过第111718行分子对: C1=C[C@]23CC[C@@H]2[C@H]1O3 -> C1C[C@@]23CC[C@@H](O2)[C@@H]13 (数据为None)
2025-11-27 12:21:06,052 - WARNING - 跳过第111725行分子对: C1=C[C@]23CO[C@@H]2[C@H]1C3 -> C[C@H]1C=C[C@H]2CO[C@@H]12 (数据为None)
2025-11-27 12:21:10,898 - WARNING - 跳过第111733行分子对: C1O[C@]23CC[C@@H]2[C@H]1C3 -> OC[C@H]1C[C@H]2CC[C@H]21 (数据为None)
2025-11-27 12:21:10,898 - WARNING - 跳过第111715行分子对: C1=C[C@]23CC[C@@H]2[C@H]1C3 -> C1C[C@]23CC[C@@H]2[C@H]1C3 (数据为None)
2025-11-27 12:21:10,898 - WARNING - 跳过第111730行分子对: C1=C[C@]23CO[C@@H]2[C@H]1O3 -> O[C@H]1C=C[C@H]2CO[C@@H]12 (数据为None)
2025-11-27 12:21:10,899 - WARNING - 跳过第111724行分子对: C1=C[C@]23CO[C@@H]2[C@H]1C3 -> C1C[C@]23CO[C@@H]2[C@H]1C3 (数据为None)
2025-11-27 12:21:10,900 - WARNING - 跳过第111732行分子对: C1C[C@]23CC[C@@H]2[C@H]1C3 -> CC[C@H]1[C@@H]2CC[C@H]1C2 (数据为None)
2025-11-27 12:21:15,406 - WARNING - 跳过第111728行分子对: C1=C[C@]23CO[C@@H]2[C@H]1O3 -> C1=C[C@]23CO[C@@H]2[C@H]1C3 (数据为None)
2025-11-27 12:21:15,406 - WARNING - 跳过第111729行分子对: C1=C[C@]23CO[C@@H]2[C@H]1O3 -> C1C[C@@]23CO[C@H]2[C@@H]1O3 (数据为None)
2025-11-27 12:21:15,406 - WARNING - 跳过第111726行分子对: C1=C[C@]23CO[C@@H]2[C@H]1N3 -> C1C[C@@]23CO[C@H]2[C@@H]1N3 (数据为None)
2025-11-27 12:21:15,406 - WARNING - 跳过第111727行分子对: C1=C[C@]23CO[C@@H]2[C@H]1O3 -> C1=C[C@]23CN[C@@H]2[C@H]1O3 (数据为None)
2025-11-27 12:21:15,407 - WARNING - 跳过第111731行分子对: C1C[C@]23CC[C@@H]2[C@H]1C3 -> C1=C[C@]23CC[C@@H]2[C@H]1C3 (数据为None)
2025-11-27 12:21:15,407 - WARNING - 跳过第111739行分子对: C1C[C@@]23C[C@@H]1[C@H]2CO3 -> OC[C@H]1[C@@H]2CC[C@H]1C2 (数据为None)
2025-11-27 12:21:15,408 - WARNING - 跳过第111740行分子对: C1O[C@]23CO[C@H](C2)[C@@H]13 -> OC[C@H]1[C@@H]2CO[C@H]1C2 (数据为None)
2025-11-27 12:21:15,409 - WARNING - 跳过第111736行分子对: C1C[C@@]23CC[C@@H](O2)[C@@H]13 -> C1=C[C@]23CC[C@@H]2[C@H]1O3 (数据为None)
2025-11-27 12:21:15,410 - WARNING - 跳过第111734行分子对: C1C[C@]23CO[C@H](C2)[C@@H]13 -> C[C@H]1OC[C@H]2CC[C@H]21 (数据为None)
2025-11-27 12:21:18,731 - WARNING - 跳过第111738行分子对: C1C[C@@]23C[C@@H]1[C@H]2CO3 -> C1=C[C@@]23C[C@@H]1[C@H]2CO3 (数据为None)
2025-11-27 12:21:18,731 - WARNING - 跳过第111744行分子对: C1C[C@]23CO[C@@H]2[C@H]1C3 -> C[C@H]1CC[C@H]2CO[C@H]21 (数据为None)
2025-11-27 12:21:18,732 - WARNING - 跳过第111746行分子对: C1O[C@@H]2[C@H]3C[C@@]12CO3 -> C[C@H]1OC[C@H]2CO[C@H]21 (数据为None)
2025-11-27 12:21:18,732 - WARNING - 跳过第111747行分子对: C1O[C@]23CO[C@@H]2[C@H]1C3 -> OC[C@H]1C[C@H]2CO[C@H]21 (数据为None)
2025-11-27 12:21:22,727 - WARNING - 跳过第111742行分子对: C1C[C@]23CO[C@@H]2[C@H]1C3 -> C1O[C@@H]2[C@H]3C[C@@]12CO3 (数据为None)
2025-11-27 12:21:22,728 - WARNING - 跳过第111743行分子对: C1C[C@]23CO[C@@H]2[C@H]1C3 -> C1C[C@@]23CO[C@H]2[C@@H]1O3 (数据为None)
2025-11-27 12:21:22,728 - WARNING - 跳过第111749行分子对: C1C[C@@]23CO[C@H]2[C@@H]1O3 -> C1=C[C@]23CO[C@@H]2[C@H]1O3 (数据为None)
2025-11-27 12:21:22,729 - WARNING - 跳过第111741行分子对: C1C[C@]23CO[C@@H]2[C@H]1C3 -> C1=C[C@]23CO[C@@H]2[C@H]1C3 (数据为None)
2025-11-27 12:21:22,729 - WARNING - 跳过第111748行分子对: C1C[C@@]23CO[C@H]2[C@@H]1N3 -> C1=C[C@]23CO[C@@H]2[C@H]1N3 (数据为None)
2025-11-27 12:21:22,729 - WARNING - 跳过第111745行分子对: C1O[C@@H]2[C@H]3C[C@@]12CO3 -> C1C[C@]23CO[C@@H]2[C@H]1C3 (数据为None)
2025-11-27 12:21:22,731 - WARNING - 跳过第111751行分子对: C1C[C@@]23CO[C@H]2[C@@H]1O3 -> O[C@H]1CC[C@H]2CO[C@H]21 (数据为None)
2025-11-27 12:21:22,951 - WARNING - 跳过第111750行分子对: C1C[C@@]23CO[C@H]2[C@@H]1O3 -> C1C[C@]23CO[C@@H]2[C@H]1C3 (数据为None)
2025-11-27 12:21:26,881 - WARNING - 跳过第112720行分子对: O=C1N2[C@@H]3C[C@@]1(O)[C@@H]32 -> O=C1[C@H]2OC[C@@H]3[C@H]2N13 (数据为None)
2025-11-27 12:21:26,884 - WARNING - 跳过第112713行分子对: C[C@]12C[C@@H]3[C@H]1N3C2=O -> O=C1[C@H]2CC[C@@H]3[C@H]2N13 (数据为None)
2025-11-27 12:21:27,058 - WARNING - 跳过第112712行分子对: C[C@]12C[C@@H]3[C@H]1N3C2=O -> O=C1N2[C@@H]3C[C@@]1(O)[C@@H]32 (数据为None)
2025-11-27 12:21:27,136 - WARNING - 跳过第112719行分子对: O=C1N2[C@@H]3C[C@@]1(O)[C@@H]32 -> C[C@]12C[C@@H]3[C@H]1N3C2=O (数据为None)
2025-11-27 12:21:27,225 - WARNING - 跳过第114106行分子对: OC[C@H]1C[C@H]2CO[C@H]21 -> C1O[C@]23CO[C@@H]2[C@H]1C3 (数据为None)
2025-11-27 12:21:27,303 - WARNING - 跳过第114098行分子对: OC[C@H]1C[C@H]2CC[C@H]21 -> C1O[C@]23CC[C@@H]2[C@H]1C3 (数据为None)
2025-11-27 12:21:27,397 - WARNING - 跳过第114917行分子对: C[C@H]1OC[C@H]2CO[C@H]21 -> C1O[C@@H]2[C@H]3C[C@@]12CO3 (数据为None)
2025-11-27 12:21:27,402 - WARNING - 跳过第114870行分子对: C[C@H]1C=C[C@H]2CO[C@@H]12 -> C1=C[C@]23CO[C@@H]2[C@H]1C3 (数据为None)
2025-11-27 12:21:27,412 - WARNING - 跳过第114880行分子对: O[C@H]1C=C[C@H]2CO[C@@H]12 -> C1=C[C@]23CO[C@@H]2[C@H]1O3 (数据为None)
2025-11-27 12:21:31,320 - WARNING - 跳过第114929行分子对: O[C@H]1CC[C@H]2CO[C@H]21 -> C1C[C@@]23CO[C@H]2[C@@H]1O3 (数据为None)
2025-11-27 12:21:31,320 - WARNING - 跳过第114896行分子对: C[C@H]1CC[C@H]2CO[C@H]21 -> C1C[C@]23CO[C@@H]2[C@H]1C3 (数据为None)
2025-11-27 12:21:31,321 - WARNING - 跳过第114878行分子对: O[C@H]1C=C[C@H]2CC[C@@H]12 -> C1=C[C@]23CC[C@@H]2[C@H]1O3 (数据为None)
2025-11-27 12:21:31,321 - WARNING - 跳过第114914行分子对: C[C@H]1OC[C@H]2CC[C@H]21 -> C1C[C@]23CO[C@H](C2)[C@@H]13 (数据为None)
2025-11-27 12:21:31,321 - WARNING - 跳过第115845行分子对: O=C1[C@H]2OC[C@@H]3[C@H]2N13 -> O=C1N2[C@@H]3C[C@@]1(O)[C@@H]32 (数据为None)
2025-11-27 12:21:31,323 - WARNING - 跳过第115842行分子对: O=C1[C@H]2CC[C@@H]3[C@H]2N13 -> C[C@]12C[C@@H]3[C@H]1N3C2=O (数据为None)
2025-11-27 12:21:35,456 - WARNING - 跳过第116009行分子对: O=C1[CH-][C@H]2C[C@@H]3[C@H]2N13 -> O=C1O[C@H]2C[C@@H]3[C@H]2N13 (数据为None)
2025-11-27 12:21:35,457 - WARNING - 跳过第116008行分子对: O=C1[CH-][C@H]2C[C@@H]3[C@H]2N13 -> O=C1N[C@H]2C[C@@H]3[C@H]2N13 (数据为None)
2025-11-27 12:21:35,457 - WARNING - 跳过第116014行分子对: O=C1C[C@H]2C[C@@H]3[C@H]2N13 -> O=C1N[C@H]2C[C@@H]3[C@H]2N13 (数据为None)
2025-11-27 12:21:35,458 - WARNING - 跳过第116015行分子对: O=C1C[C@H]2C[C@@H]3[C@H]2N13 -> O=C1O[C@H]2C[C@@H]3[C@H]2N13 (数据为None)
2025-11-27 12:21:39,678 - WARNING - 跳过第116023行分子对: O=C1N[C@H]2C[C@@H]3[C@H]2N13 -> O=C1O[C@H]2C[C@@H]3[C@H]2N13 (数据为None)
2025-11-27 12:21:39,678 - WARNING - 跳过第116028行分子对: O=C1O[C@H]2C[C@@H]3[C@H]2N13 -> O=C1[CH-][C@H]2C[C@@H]3[C@H]2N13 (数据为None)
2025-11-27 12:21:39,679 - WARNING - 跳过第116030行分子对: O=C1O[C@H]2C[C@@H]3[C@H]2N13 -> O=C1N[C@H]2C[C@@H]3[C@H]2N13 (数据为None)
2025-11-27 12:21:39,679 - WARNING - 跳过第116404行分子对: C1CC2CCC1CC2 -> C1CC23CCC12CC3 (数据为None)
2025-11-27 12:21:39,679 - WARNING - 跳过第116021行分子对: O=C1N[C@H]2C[C@@H]3[C@H]2N13 -> O=C1[CH-][C@H]2C[C@@H]3[C@H]2N13 (数据为None)
2025-11-27 12:21:39,680 - WARNING - 跳过第116029行分子对: O=C1O[C@H]2C[C@@H]3[C@H]2N13 -> O=C1C[C@H]2C[C@@H]3[C@H]2N13 (数据为None)
2025-11-27 12:21:39,680 - WARNING - 跳过第116022行分子对: O=C1N[C@H]2C[C@@H]3[C@H]2N13 -> O=C1C[C@H]2C[C@@H]3[C@H]2N13 (数据为None)
2025-11-27 12:21:39,681 - WARNING - 跳过第116407行分子对: C1C[C@H]2CC[C@@H]1CO2 -> C1C[C@]23CC[C@]12CO3 (数据为None)
2025-11-27 12:21:39,681 - WARNING - 跳过第116047行分子对: C1[C@H]2O[C@H]3C[N@H+](C3)[C@@H]12 -> C[C@H]1O[C@]23C[N@H+](C2)[C@@H]13 (数据为None)
2025-11-27 12:21:39,681 - WARNING - 跳过第116045行分子对: C1[C@H]2C[C@H]3C[C@H](C3)[C@@H]12 -> C[C@H]1C[C@]23C[C@H](C2)[C@@H]13 (数据为None)
2025-11-27 12:21:43,902 - WARNING - 跳过第116411行分子对: C1C[C@H]2CO[C@@H]1CO2 -> C1C[C@@]23CO[C@@]12CO3 (数据为None)
2025-11-27 12:21:43,903 - WARNING - 跳过第116424行分子对: C1C[C@@]23CO[C@@]12CO3 -> C1C[C@H]2CO[C@@H]1CO2 (数据为None)
2025-11-27 12:21:43,903 - WARNING - 跳过第116421行分子对: C1C[C@]23CC[C@]12CO3 -> C1C[C@H]2CC[C@@H]1CO2 (数据为None)
2025-11-27 12:21:43,904 - WARNING - 跳过第116418行分子对: C1CC23CCC12CC3 -> C1CC2CCC1CC2 (数据为None)
2025-11-27 12:21:43,904 - WARNING - 跳过第116417行分子对: C1CC23CCC12CC3 -> CC[C@]12CC[C@H]1CC2 (数据为None)
2025-11-27 12:21:43,905 - WARNING - 跳过第116416行分子对: C1CC23CCC12CC3 -> CCC1(CC)CCC1 (数据为None)
2025-11-27 12:21:43,905 - WARNING - 跳过第116422行分子对: C1C[C@@]23CO[C@@]12CO3 -> CC[C@H]1CO[C@H]1CO (数据为None)
2025-11-27 12:21:43,905 - WARNING - 跳过第116419行分子对: C1C[C@]23CC[C@]12CO3 -> CCC1(CO)CCC1 (数据为None)
2025-11-27 12:21:43,907 - WARNING - 跳过第116423行分子对: C1C[C@@]23CO[C@@]12CO3 -> OC[C@]12CC[C@H]1CO2 (数据为None)
2025-11-27 12:21:43,907 - WARNING - 跳过第116420行分子对: C1C[C@]23CC[C@]12CO3 -> OC[C@]12CC[C@H]1CC2 (数据为None)
2025-11-27 12:21:48,203 - WARNING - 跳过第117300行分子对: OC[C@H]1[C@@H]2C=C[C@H]1C2 -> C1=C[C@@]23C[C@@H]1[C@H]2CO3 (数据为None)
2025-11-27 12:21:48,204 - WARNING - 跳过第117336行分子对: OC[C@H]1[C@@H]2CO[C@H]1C2 -> C1O[C@]23CO[C@H](C2)[C@@H]13 (数据为None)
2025-11-27 12:21:48,204 - WARNING - 跳过第117286行分子对: CC[C@H]1[C@@H]2C=C[C@H]1C2 -> C1=C[C@]23CC[N@@H+]2[C@H]1C3 (数据为None)
2025-11-27 12:21:48,205 - WARNING - 跳过第117330行分子对: OC[C@H]1[C@@H]2CC[C@H]1C2 -> C1C[C@@]23C[C@@H]1[C@H]2CO3 (数据为None)
2025-11-27 12:21:48,205 - WARNING - 跳过第117568行分子对: C[C@@H]1[C@H]2C(=O)N3[C@H]2[C@H]13 -> O=C1N[C@H]2[C@H]3C[C@H]3[C@@H]12 (数据为None)
2025-11-27 12:21:48,205 - WARNING - 跳过第117821行分子对: O=C1N[C@H]2[C@H]3C[C@H]3[C@@H]12 -> C[C@@H]1[C@H]2C(=O)N3[C@H]2[C@H]13 (数据为None)
2025-11-27 12:21:48,207 - WARNING - 跳过第117310行分子对: CC[C@H]1[C@@H]2CC[C@H]1C2 -> C1C[C@]23CC[C@@H]2[C@H]1C3 (数据为None)
2025-11-27 12:21:48,369 - WARNING - 跳过第117567行分子对: C[C@@H]1[C@H]2C(=O)N3[C@H]2[C@H]13 -> O=C1[C@@H]2[C@@H](O)[C@H]3[C@@H]2N13 (数据为None)
2025-11-27 12:21:51,429 - WARNING - 跳过第117571行分子对: O=C1[C@@H]2[C@@H](O)[C@H]3[C@@H]2N13 -> C[C@@H]1[C@H]2C(=O)N3[C@H]2[C@H]13 (数据为None)
2025-11-27 12:21:51,769 - INFO - 分子处理统计: 总数=240000, 命中=239840, 未命中=160, 命中率=99.93%
2025-11-27 12:21:55,788 - INFO - --- 训练集样本示例 (头部数据) ---
2025-11-27 12:21:55,791 - INFO -   样本       起始节点数        起始边数         目标节点数        目标边数         边特征             目标属性值          
2025-11-27 12:21:55,791 - INFO -   --------------------------------------------------------------------------------
2025-11-27 12:21:55,798 - INFO -   DEBUG: 边特征维度 = 16
2025-11-27 12:21:55,798 - INFO -   DEBUG: 第一个样本的边特征值 = [0.0, 0.0, 1.0, 0.0, 0.0, 0.0, 0.0, 0.0, 0.0, 0.0, 0.0, 0.0, 0.0, 0.0, 0.0, 1.0]
2025-11-27 12:21:55,798 - INFO -   DEBUG: 原子类型数量 = 4, 操作类型数量 = 12
2025-11-27 12:21:55,798 - INFO -   DEBUG: 边特征总长度 = 16
2025-11-27 12:21:55,799 - INFO -   DEBUG: 原子类型one-hot编码 = [0.0, 0.0, 1.0, 0.0]
2025-11-27 12:21:55,799 - INFO -   DEBUG: 操作类型one-hot编码 = [0.0, 0.0, 0.0, 0.0, 0.0, 0.0, 0.0, 0.0, 0.0, 0.0, 0.0, 1.0]
2025-11-27 12:21:55,799 - INFO -   DEBUG: 原子类型列表 = ['C', 'F', 'N', 'O']
2025-11-27 12:21:55,799 - INFO -   DEBUG: 操作类型列表 = ['add_atom', 'add_stereo', 'form_double_bond', 'form_double_ring', 'form_ring', 'form_triple_bond', 'remove_add_stereo', 'remove_form_double_bond', 'remove_form_double_ring', 'remove_form_ring', 'remove_form_triple_bond', 'replace_atom']
2025-11-27 12:21:55,800 - INFO -   1        5            8            4            6            [0.0, 0.0, 1.   7.748367       
2025-11-27 12:21:55,800 - INFO -   2        5            8            3            4            [0.0, 0.0, 0.   5.628207       
2025-11-27 12:21:55,800 - INFO -   3        4            6            5            8            [1.0, 0.0, 0.   -7.732351      
2025-11-27 12:21:55,801 - INFO -   --------------------------------------------------------------------------------
2025-11-27 12:21:55,801 - INFO - 
数据构建完成:
2025-11-27 12:21:55,801 - INFO -   项目                   值                   
2025-11-27 12:21:55,801 - INFO -   ---------------------------------------- --------------------
2025-11-27 12:21:55,801 - INFO -   样本数                  119885              
2025-11-27 12:21:55,801 - INFO -   节点特征维度               11                  
2025-11-27 12:21:55,801 - INFO -   边特征维度                16                  
2025-11-27 12:21:55,801 - INFO -   目标属性变化维度             1                   
2025-11-27 12:21:55,810 - INFO - 数据集划分完成:
2025-11-27 12:21:55,811 - INFO -   - 训练集: 95908 (80.0%)
2025-11-27 12:21:55,811 - INFO -   - 验证集: 11988 (10.0%)
2025-11-27 12:21:55,811 - INFO -   - 测试集: 11989 (10.0%)
2025-11-27 12:21:55,852 - INFO - 数据集索引已保存到: /home/data2/rhj/project/mol_editor/mol_evo/dataset/data/dataset_indices/indices_20251127_122155_seed42.json
2025-11-27 12:21:55,951 - INFO - 更新模型边特征维度: 11 -> 16
2025-11-27 12:21:56,081 - INFO - 正在创建模型...
2025-11-27 12:21:56,082 - INFO - 模型参数数量: 4451725
2025-11-27 12:21:56,082 - INFO - 使用设备: cuda
2025-11-27 12:21:57,550 - INFO - 开始训练 (200 轮)...
2025-11-27 12:44:39,642 - INFO - Epoch [10/200], Train Loss: 0.223980, Val Loss: 0.224808, R²: 0.8867, MAE: 0.2248
2025-11-27 13:22:16,545 - INFO - Epoch [20/200], Train Loss: 0.145590, Val Loss: 0.166242, R²: 0.9326, MAE: 0.1662
2025-11-27 13:52:12,934 - INFO - Epoch [30/200], Train Loss: 0.103552, Val Loss: 0.135601, R²: 0.9543, MAE: 0.1356
2025-11-27 14:16:39,580 - INFO - Epoch [40/200], Train Loss: 0.086695, Val Loss: 0.095070, R²: 0.9689, MAE: 0.0951
2025-11-27 14:37:14,647 - INFO - Epoch [50/200], Train Loss: 0.037359, Val Loss: 0.062758, R²: 0.9784, MAE: 0.0628
2025-11-27 14:57:52,402 - INFO - Epoch [60/200], Train Loss: 0.022432, Val Loss: 0.052379, R²: 0.9806, MAE: 0.0524
2025-11-27 15:18:20,933 - INFO - Epoch [70/200], Train Loss: 0.018502, Val Loss: 0.048810, R²: 0.9813, MAE: 0.0488
2025-11-27 15:38:53,877 - INFO - Epoch [80/200], Train Loss: 0.016992, Val Loss: 0.046592, R²: 0.9818, MAE: 0.0466
2025-11-27 15:59:23,740 - INFO - Epoch [90/200], Train Loss: 0.016210, Val Loss: 0.045198, R²: 0.9822, MAE: 0.0452
2025-11-27 16:46:46,633 - INFO - Epoch [100/200], Train Loss: 0.012978, Val Loss: 0.041859, R²: 0.9826, MAE: 0.0419
2025-11-27 17:33:15,063 - INFO - Epoch [110/200], Train Loss: 0.011322, Val Loss: 0.040958, R²: 0.9828, MAE: 0.0410
2025-11-27 18:07:27,381 - INFO - Epoch [120/200], Train Loss: 0.010861, Val Loss: 0.040257, R²: 0.9829, MAE: 0.0403
2025-11-27 18:39:40,649 - INFO - Epoch [130/200], Train Loss: 0.010534, Val Loss: 0.039654, R²: 0.9830, MAE: 0.0397
2025-11-27 19:26:11,863 - INFO - Epoch [140/200], Train Loss: 0.010236, Val Loss: 0.039284, R²: 0.9831, MAE: 0.0393
2025-11-27 19:46:48,396 - INFO - Epoch [150/200], Train Loss: 0.009834, Val Loss: 0.038670, R²: 0.9832, MAE: 0.0387
2025-11-27 20:07:19,424 - INFO - Epoch [160/200], Train Loss: 0.009581, Val Loss: 0.038743, R²: 0.9833, MAE: 0.0387
2025-11-27 20:27:50,080 - INFO - Epoch [170/200], Train Loss: 0.009230, Val Loss: 0.037836, R²: 0.9834, MAE: 0.0378
2025-11-27 20:48:20,086 - INFO - Epoch [180/200], Train Loss: 0.009125, Val Loss: 0.037463, R²: 0.9835, MAE: 0.0375
2025-11-27 21:08:53,160 - INFO - Epoch [190/200], Train Loss: 0.008848, Val Loss: 0.037118, R²: 0.9836, MAE: 0.0371
2025-11-27 21:29:26,597 - INFO - Epoch [200/200], Train Loss: 0.008587, Val Loss: 0.036837, R²: 0.9836, MAE: 0.0368
2025-11-27 21:29:26,598 - INFO - 开始训练 (200 轮)...
2025-11-27 21:29:34,307 - INFO - 模型已保存至: /home/data2/rhj/project/mol_editor/mol_evo/../mol_evo/output/v0/MoleculeEvolutionVisnetLinearPredictor/train-20251127_121257-homo_change-120000-200/last.pth
2025-11-27 21:29:34,307 - INFO - 
2025-11-27 21:29:34,307 - INFO - ============================================================
2025-11-27 21:29:34,307 - INFO - 训练完成 - 最终评估结果
2025-11-27 21:29:34,307 - INFO - ============================================================
2025-11-27 21:29:34,307 - INFO - 测试集损失: 0.039350
2025-11-27 21:29:34,307 - INFO - RMSE: 0.139480
2025-11-27 21:29:34,308 - INFO - MAE: 0.039350
2025-11-27 21:29:34,308 - INFO - R²: 0.980032
2025-11-27 21:29:34,308 - INFO - PCC: 0.989969
2025-11-27 21:29:34,308 - INFO - Rank Loss: 0.325905
2025-11-27 21:29:34,308 - INFO - 
2025-11-27 21:29:34,308 - INFO - 阈值准确率:
2025-11-27 21:29:34,308 - INFO -   阈值 0.5: 98.57%
2025-11-27 21:29:34,308 - INFO -   阈值 0.4: 98.01%
2025-11-27 21:29:34,308 - INFO -   阈值 0.30000000000000004: 96.61%
2025-11-27 21:29:34,308 - INFO -   阈值 0.20000000000000004: 94.05%
2025-11-27 21:29:34,308 - INFO -   阈值 0.10000000000000003: 89.37%
2025-11-27 21:29:34,308 - INFO -   阈值 0.05000000000000002: 84.63%
2025-11-27 21:29:34,308 - INFO -   阈值 0.040000000000000015: 83.47%
2025-11-27 21:29:34,308 - INFO -   阈值 0.030000000000000013: 81.87%
2025-11-27 21:29:34,308 - INFO -   阈值 0.02000000000000001: 79.55%
2025-11-27 21:29:34,308 - INFO -   阈值 0.01000000000000001: 73.78%
2025-11-27 21:29:34,308 - INFO -   阈值 0.005000000000000005: 64.33%
2025-11-27 21:29:34,308 - INFO -   阈值 0.004000000000000005: 60.61%
2025-11-27 21:29:34,308 - INFO -   阈值 0.0030000000000000053: 54.67%
2025-11-27 21:29:34,308 - INFO -   阈值 0.0020000000000000052: 44.27%
2025-11-27 21:29:34,308 - INFO - 
2025-11-27 21:29:34,308 - INFO - 训练完成:
2025-11-27 21:29:34,308 - INFO -   - 最终训练损失: 0.008587
2025-11-27 21:29:34,308 - INFO -   - 最佳验证损失: 0.036785
2025-11-27 21:29:34,308 - INFO -   - 测试损失 (MSE): 0.039350
2025-11-27 21:29:34,308 - INFO -   - 测试RMSE: 0.139480
2025-11-27 21:29:34,309 - INFO -   - 测试MAE: 0.039350
2025-11-27 21:29:34,309 - INFO -   - 测试R²: 0.980032
2025-11-27 21:29:34,309 - INFO -   - 测试PCC: 0.989969
2025-11-27 21:29:34,309 - INFO -   - 测试Rank Loss: 0.325905
2025-11-27 21:29:34,309 - INFO -   - 测试阈值准确率 (0.5): 0.9857
2025-11-27 21:29:34,309 - INFO -   - 测试阈值准确率 (0.4): 0.9801
2025-11-27 21:29:34,309 - INFO -   - 测试阈值准确率 (0.30000000000000004): 0.9661
2025-11-27 21:29:34,309 - INFO -   - 测试阈值准确率 (0.20000000000000004): 0.9405
2025-11-27 21:29:34,309 - INFO -   - 测试阈值准确率 (0.10000000000000003): 0.8937
2025-11-27 21:29:34,309 - INFO -   - 测试阈值准确率 (0.05000000000000002): 0.8463
2025-11-27 21:29:34,309 - INFO -   - 测试阈值准确率 (0.040000000000000015): 0.8347
2025-11-27 21:29:34,309 - INFO -   - 测试阈值准确率 (0.030000000000000013): 0.8187
2025-11-27 21:29:34,309 - INFO -   - 测试阈值准确率 (0.02000000000000001): 0.7955
2025-11-27 21:29:34,309 - INFO -   - 测试阈值准确率 (0.01000000000000001): 0.7378
2025-11-27 21:29:34,309 - INFO -   - 测试阈值准确率 (0.005000000000000005): 0.6433
2025-11-27 21:29:34,309 - INFO -   - 测试阈值准确率 (0.004000000000000005): 0.6061
2025-11-27 21:29:34,309 - INFO -   - 测试阈值准确率 (0.0030000000000000053): 0.5467
2025-11-27 21:29:34,309 - INFO -   - 测试阈值准确率 (0.0020000000000000052): 0.4427
2025-11-27 21:29:34,309 - INFO -   - 模型已保存到: /home/data2/rhj/project/mol_editor/mol_evo/../mol_evo/output/v0/MoleculeEvolutionVisnetLinearPredictor/train-20251127_121257-homo_change-120000-200/last.pth
2025-11-27 21:29:34,309 - INFO - 训练结果已保存到: /home/data2/rhj/project/mol_editor/mol_evo/../mol_evo/output/v0/MoleculeEvolutionVisnetLinearPredictor/train-20251127_121257-homo_change-120000-200/training_results.json
2025-11-27 21:29:34,309 - INFO - 模型目录: /home/data2/rhj/project/mol_editor/mol_evo/../mol_evo/output/v0/MoleculeEvolutionVisnetLinearPredictor/train-20251127_121257-homo_change-120000-200
