2025-10-14 04:24:14,348 - INFO - ============================================================
2025-10-14 04:24:14,348 - INFO - 基于NNConv的分子进化预测器模型训练开始
2025-10-14 04:24:14,348 - INFO - ============================================================
2025-10-14 04:24:14,348 - INFO - 数据文件: mol_evo/dataset/data/qm9-evo-pairs-step-1-with-properties-pct.csv
2025-10-14 04:24:14,348 - INFO - 最大对数: 30000
2025-10-14 04:24:14,348 - INFO - 训练轮数: 500
2025-10-14 04:24:14,348 - INFO - 正在构建图数据: mol_evo/dataset/data/qm9-evo-pairs-step-1-with-properties-pct.csv
2025-10-14 04:24:16,055 - INFO - 加载缓存文件: /home/data2/rhj/project/mol_editor/mol_evo/core/utils/../../.cache/molecule_graphs/csv_qm9-evo-pairs-step-1-with-properties-pct_3cbb45cc1ac9202d.pt，包含 1994 个分子
2025-10-14 04:24:43,454 - INFO - 分子处理统计: 总数=60000, 命中=59967, 未命中=33, 命中率=99.94%
2025-10-14 04:24:43,483 - INFO - --- 训练集样本示例 (头部数据) ---
2025-10-14 04:24:43,483 - INFO -   样本       起始节点数        起始边数         目标节点数        目标边数         边特征             目标属性值          
2025-10-14 04:24:43,483 - INFO -   --------------------------------------------------------------------------------
2025-10-14 04:24:43,484 - INFO -   1        5            8            8            14           [1.0, 0.0, 0.   0.023518       
2025-10-14 04:24:43,484 - INFO -   2        3            4            6            10           [1.0, 0.0, 0.   -0.273184      
2025-10-14 04:24:43,484 - INFO -   3        4            6            11           20           [1.0, 0.0, 0.   0.077970       
2025-10-14 04:24:43,484 - INFO -   --------------------------------------------------------------------------------
2025-10-14 04:24:43,484 - INFO - 
数据构建完成:
2025-10-14 04:24:43,484 - INFO -   项目                   值                   
2025-10-14 04:24:43,484 - INFO -   ----------------------------------------
2025-10-14 04:24:43,484 - INFO -   样本数                  29967               
2025-10-14 04:24:43,484 - INFO -   节点特征维度               11                  
2025-10-14 04:24:43,484 - INFO -   边特征维度                11                  
2025-10-14 04:24:43,484 - INFO -   目标属性变化维度             1                   
2025-10-14 04:24:43,486 - INFO - 数据集划分完成:
2025-10-14 04:24:43,486 - INFO -   - 训练集: 23973 (80.0%)
2025-10-14 04:24:43,486 - INFO -   - 验证集: 2996 (10.0%)
2025-10-14 04:24:43,486 - INFO -   - 测试集: 2998 (10.0%)
2025-10-14 04:24:43,561 - INFO - 正在创建模型...
2025-10-14 04:24:43,561 - INFO - 模型参数数量: 1063041
2025-10-14 04:24:43,561 - INFO - 使用设备: cuda
2025-10-14 04:25:00,428 - INFO - Epoch [10/500], Train Loss: 0.532899, Val Loss: 0.561622, R²: 0.3329, MAE: 0.5616
2025-10-14 04:25:16,769 - INFO - Epoch [20/500], Train Loss: 0.498663, Val Loss: 0.503825, R²: 0.3935, MAE: 0.5038
2025-10-14 04:25:33,065 - INFO - Epoch [30/500], Train Loss: 0.464565, Val Loss: 0.472066, R²: 0.4399, MAE: 0.4721
2025-10-14 04:25:49,606 - INFO - Epoch [40/500], Train Loss: 0.434046, Val Loss: 0.464341, R²: 0.4446, MAE: 0.4643
2025-10-14 04:26:06,102 - INFO - Epoch [50/500], Train Loss: 0.407100, Val Loss: 0.418310, R²: 0.5076, MAE: 0.4183
2025-10-14 04:26:22,630 - INFO - Epoch [60/500], Train Loss: 0.388360, Val Loss: 0.407945, R²: 0.5198, MAE: 0.4079
2025-10-14 04:26:39,149 - INFO - Epoch [70/500], Train Loss: 0.373744, Val Loss: 0.389641, R²: 0.5483, MAE: 0.3896
2025-10-14 04:26:57,099 - INFO - Epoch [80/500], Train Loss: 0.357341, Val Loss: 0.380449, R²: 0.5745, MAE: 0.3804
2025-10-14 04:27:15,941 - INFO - Epoch [90/500], Train Loss: 0.339905, Val Loss: 0.379211, R²: 0.5858, MAE: 0.3792
2025-10-14 04:27:33,633 - INFO - 已保存checkpoint: /home/data2/rhj/project/mol_editor/mol_evo/../mol_evo/output/v0/gcn_linear_linear/train-20251014_042414-mu_change-30000-500/checkpoint_epoch_100.pth
2025-10-14 04:27:33,791 - INFO - Epoch [100/500], Train Loss: 0.330604, Val Loss: 0.362017, R²: 0.6066, MAE: 0.3620
2025-10-14 04:27:50,367 - INFO - Epoch [110/500], Train Loss: 0.325486, Val Loss: 0.342196, R²: 0.6437, MAE: 0.3422
2025-10-14 04:28:07,244 - INFO - Epoch [120/500], Train Loss: 0.276634, Val Loss: 0.318217, R²: 0.6756, MAE: 0.3182
2025-10-14 04:28:24,084 - INFO - Epoch [130/500], Train Loss: 0.269315, Val Loss: 0.310284, R²: 0.6821, MAE: 0.3103
2025-10-14 04:28:40,629 - INFO - Epoch [140/500], Train Loss: 0.260393, Val Loss: 0.310285, R²: 0.6782, MAE: 0.3103
2025-10-14 04:28:57,150 - INFO - Epoch [150/500], Train Loss: 0.250594, Val Loss: 0.300209, R²: 0.6988, MAE: 0.3002
2025-10-14 04:29:13,811 - INFO - Epoch [160/500], Train Loss: 0.230330, Val Loss: 0.287297, R²: 0.7166, MAE: 0.2873
2025-10-14 04:29:30,539 - INFO - Epoch [170/500], Train Loss: 0.214573, Val Loss: 0.291331, R²: 0.7047, MAE: 0.2913
2025-10-14 04:29:46,986 - INFO - Epoch [180/500], Train Loss: 0.207295, Val Loss: 0.281738, R²: 0.7167, MAE: 0.2817
2025-10-14 04:30:03,470 - INFO - Epoch [190/500], Train Loss: 0.203836, Val Loss: 0.284124, R²: 0.7171, MAE: 0.2841
2025-10-14 04:30:19,807 - INFO - 已保存checkpoint: /home/data2/rhj/project/mol_editor/mol_evo/../mol_evo/output/v0/gcn_linear_linear/train-20251014_042414-mu_change-30000-500/checkpoint_epoch_200.pth
2025-10-14 04:30:19,965 - INFO - Epoch [200/500], Train Loss: 0.187197, Val Loss: 0.279346, R²: 0.7234, MAE: 0.2793
2025-10-14 04:30:36,535 - INFO - Epoch [210/500], Train Loss: 0.177098, Val Loss: 0.278957, R²: 0.7201, MAE: 0.2790
2025-10-14 04:30:52,949 - INFO - Epoch [220/500], Train Loss: 0.172811, Val Loss: 0.279289, R²: 0.7189, MAE: 0.2793
2025-10-14 04:31:09,383 - INFO - Epoch [230/500], Train Loss: 0.167870, Val Loss: 0.277255, R²: 0.7228, MAE: 0.2773
2025-10-14 04:31:25,992 - INFO - Epoch [240/500], Train Loss: 0.167034, Val Loss: 0.278196, R²: 0.7199, MAE: 0.2782
2025-10-14 04:31:42,661 - INFO - Epoch [250/500], Train Loss: 0.163818, Val Loss: 0.277678, R²: 0.7219, MAE: 0.2777
2025-10-14 04:31:59,080 - INFO - Epoch [260/500], Train Loss: 0.162325, Val Loss: 0.277730, R²: 0.7208, MAE: 0.2777
2025-10-14 04:32:15,542 - INFO - Epoch [270/500], Train Loss: 0.161516, Val Loss: 0.277624, R²: 0.7213, MAE: 0.2776
2025-10-14 04:32:32,031 - INFO - Epoch [280/500], Train Loss: 0.161139, Val Loss: 0.277691, R²: 0.7209, MAE: 0.2777
2025-10-14 04:32:48,621 - INFO - Epoch [290/500], Train Loss: 0.160882, Val Loss: 0.277656, R²: 0.7210, MAE: 0.2777
2025-10-14 04:33:04,997 - INFO - 已保存checkpoint: /home/data2/rhj/project/mol_editor/mol_evo/../mol_evo/output/v0/gcn_linear_linear/train-20251014_042414-mu_change-30000-500/checkpoint_epoch_300.pth
2025-10-14 04:33:05,154 - INFO - Epoch [300/500], Train Loss: 0.160771, Val Loss: 0.277655, R²: 0.7210, MAE: 0.2777
2025-10-14 04:33:08,429 - INFO - 早停机制触发，在第 302 轮停止训练
2025-10-14 04:33:08,430 - INFO - 开始训练 (500 轮)...
2025-10-14 04:33:09,528 - INFO - 模型已保存至: /home/data2/rhj/project/mol_editor/mol_evo/../mol_evo/output/v0/gcn_linear_linear/train-20251014_042414-mu_change-30000-500/last.pth
2025-10-14 04:33:09,529 - INFO - 
2025-10-14 04:33:09,529 - INFO - ============================================================
2025-10-14 04:33:09,529 - INFO - 训练完成 - 最终评估结果
2025-10-14 04:33:09,529 - INFO - ============================================================
2025-10-14 04:33:09,529 - INFO - 测试集损失: 0.289651
2025-10-14 04:33:09,529 - INFO - RMSE: 0.538725
2025-10-14 04:33:09,529 - INFO - MAE: 0.289651
2025-10-14 04:33:09,529 - INFO - R²: 0.682173
2025-10-14 04:33:09,529 - INFO - PCC: 0.829270
2025-10-14 04:33:09,529 - INFO - Rank Loss: 0.484788
2025-10-14 04:33:09,529 - INFO - 
2025-10-14 04:33:09,529 - INFO - 阈值准确率:
2025-10-14 04:33:09,529 - INFO -   阈值 0.5: 81.29%
2025-10-14 04:33:09,529 - INFO -   阈值 0.4: 77.55%
2025-10-14 04:33:09,529 - INFO -   阈值 0.30000000000000004: 72.75%
2025-10-14 04:33:09,529 - INFO -   阈值 0.20000000000000004: 65.34%
2025-10-14 04:33:09,529 - INFO -   阈值 0.10000000000000003: 51.87%
2025-10-14 04:33:09,529 - INFO -   阈值 0.05000000000000002: 33.66%
2025-10-14 04:33:09,529 - INFO - 
2025-10-14 04:33:09,530 - INFO - 训练完成:
2025-10-14 04:33:09,530 - INFO -   - 最终训练损失: 0.160772
2025-10-14 04:33:09,530 - INFO -   - 最佳验证损失: 0.277244
2025-10-14 04:33:09,530 - INFO -   - 测试损失 (MSE): 0.289651
2025-10-14 04:33:09,530 - INFO -   - 测试RMSE: 0.538725
2025-10-14 04:33:09,530 - INFO -   - 测试MAE: 0.289651
2025-10-14 04:33:09,530 - INFO -   - 测试R²: 0.682173
2025-10-14 04:33:09,530 - INFO -   - 测试PCC: 0.829270
2025-10-14 04:33:09,530 - INFO -   - 测试Rank Loss: 0.484788
2025-10-14 04:33:09,530 - INFO -   - 测试阈值准确率 (0.5): 0.8129
2025-10-14 04:33:09,530 - INFO -   - 测试阈值准确率 (0.4): 0.7755
2025-10-14 04:33:09,530 - INFO -   - 测试阈值准确率 (0.30000000000000004): 0.7275
2025-10-14 04:33:09,530 - INFO -   - 测试阈值准确率 (0.20000000000000004): 0.6534
2025-10-14 04:33:09,530 - INFO -   - 测试阈值准确率 (0.10000000000000003): 0.5187
2025-10-14 04:33:09,530 - INFO -   - 测试阈值准确率 (0.05000000000000002): 0.3366
2025-10-14 04:33:09,530 - INFO -   - 模型已保存到: /home/data2/rhj/project/mol_editor/mol_evo/../mol_evo/output/v0/gcn_linear_linear/train-20251014_042414-mu_change-30000-500/last.pth
