2025-11-23 00:26:12,568 - INFO - ============================================================
2025-11-23 00:26:12,568 - INFO - 数据文件: /home/data2/rhj/project/mol_editor/mol_evo/dataset/data/qm9-evo-pairs-step-1-with-properties-pct.json
2025-11-23 00:26:12,568 - INFO - 最大对数: 12000
2025-11-23 00:26:12,568 - INFO - 训练轮数: 200
2025-11-23 00:26:12,568 - INFO - ============================================================
2025-11-23 00:26:12,568 - INFO - 模型配置已保存到: /home/data2/rhj/project/mol_editor/mol_evo/../mol_evo/output/v0/MoleculeEvolutionVisnetLinearPredictor/train-20251123_002612-homo_change_pct-12000-200/model_config.json
2025-11-23 00:26:12,568 - INFO - 正在构建图数据: /home/data2/rhj/project/mol_editor/mol_evo/dataset/data/qm9-evo-pairs-step-1-with-properties-pct.json
2025-11-23 00:26:16,481 - INFO - 加载缓存文件: /home/data2/rhj/project/mol_editor/mol_evo/core/utils/../../.cache/molecule_graphs/csv_qm9-evo-pairs-step-1-with-properties-pct_4bdaec6cf35b5151.pt，包含 2138 个分子
2025-11-23 00:26:18,358 - INFO - 分子处理统计: 总数=24000, 命中=24000, 未命中=0, 命中率=100.00%
2025-11-23 00:26:18,394 - INFO - --- 训练集样本示例 (头部数据) ---
2025-11-23 00:26:18,394 - INFO -   样本       起始节点数        起始边数         目标节点数        目标边数         边特征             目标属性值          
2025-11-23 00:26:18,394 - INFO -   --------------------------------------------------------------------------------
2025-11-23 00:26:18,394 - INFO -   DEBUG: 边特征维度 = 16
2025-11-23 00:26:18,394 - INFO -   DEBUG: 第一个样本的边特征值 = [0.0, 0.0, 1.0, 0.0, 0.0, 0.0, 0.0, 0.0, 0.0, 0.0, 0.0, 0.0, 0.0, 0.0, 0.0, 1.0]
2025-11-23 00:26:18,394 - INFO -   DEBUG: 原子类型数量 = 4, 操作类型数量 = 12
2025-11-23 00:26:18,394 - INFO -   DEBUG: 边特征总长度 = 16
2025-11-23 00:26:18,394 - INFO -   DEBUG: 原子类型one-hot编码 = [0.0, 0.0, 1.0, 0.0]
2025-11-23 00:26:18,394 - INFO -   DEBUG: 操作类型one-hot编码 = [0.0, 0.0, 0.0, 0.0, 0.0, 0.0, 0.0, 0.0, 0.0, 0.0, 0.0, 1.0]
2025-11-23 00:26:18,394 - INFO -   DEBUG: 原子类型列表 = ['C', 'F', 'N', 'O']
2025-11-23 00:26:18,395 - INFO -   DEBUG: 操作类型列表 = ['add_atom', 'add_stereo', 'form_double_bond', 'form_double_ring', 'form_ring', 'form_triple_bond', 'remove_add_stereo', 'remove_form_double_bond', 'remove_form_double_ring', 'remove_form_ring', 'remove_form_triple_bond', 'replace_atom']
2025-11-23 00:26:18,395 - INFO -   1        5            8            4            6            [0.0, 0.0, 1.   -4.151664      
2025-11-23 00:26:18,395 - INFO -   2        5            8            3            4            [0.0, 0.0, 0.   -3.026660      
2025-11-23 00:26:18,395 - INFO -   3        4            6            5            8            [1.0, 0.0, 0.   6.151505       
2025-11-23 00:26:18,395 - INFO -   --------------------------------------------------------------------------------
2025-11-23 00:26:18,395 - INFO - 
数据构建完成:
2025-11-23 00:26:18,395 - INFO -   项目                   值                   
2025-11-23 00:26:18,395 - INFO -   ---------------------------------------- --------------------
2025-11-23 00:26:18,395 - INFO -   样本数                  12000               
2025-11-23 00:26:18,395 - INFO -   节点特征维度               11                  
2025-11-23 00:26:18,395 - INFO -   边特征维度                16                  
2025-11-23 00:26:18,395 - INFO -   目标属性变化维度             1                   
2025-11-23 00:26:18,396 - INFO - 数据集划分完成:
2025-11-23 00:26:18,396 - INFO -   - 训练集: 9600 (80.0%)
2025-11-23 00:26:18,396 - INFO -   - 验证集: 1200 (10.0%)
2025-11-23 00:26:18,396 - INFO -   - 测试集: 1200 (10.0%)
2025-11-23 00:26:18,406 - INFO - 数据集索引已保存到: /home/data2/rhj/project/mol_editor/mol_evo/dataset/data/dataset_indices/indices_20251123_002618_seed42.json
2025-11-23 00:26:18,458 - INFO - 更新模型边特征维度: 11 -> 16
2025-11-23 00:26:18,551 - INFO - 正在创建模型...
2025-11-23 00:26:18,551 - INFO - 模型参数数量: 4451725
2025-11-23 00:26:18,552 - INFO - 使用设备: cuda
2025-11-23 00:26:20,241 - INFO - 开始训练 (200 轮)...
2025-11-23 00:28:16,953 - INFO - Epoch [10/200], Train Loss: 0.452237, Val Loss: 0.403426, R²: 0.6228, MAE: 0.4034
2025-11-23 00:30:02,583 - INFO - Epoch [20/200], Train Loss: 0.353375, Val Loss: 0.317618, R²: 0.7660, MAE: 0.3176
2025-11-23 00:31:50,334 - INFO - Epoch [30/200], Train Loss: 0.230278, Val Loss: 0.236474, R²: 0.8684, MAE: 0.2365
2025-11-23 00:33:36,583 - INFO - Epoch [40/200], Train Loss: 0.186467, Val Loss: 0.191792, R²: 0.9037, MAE: 0.1918
2025-11-23 00:35:22,815 - INFO - Epoch [50/200], Train Loss: 0.168902, Val Loss: 0.177017, R²: 0.9149, MAE: 0.1770
2025-11-23 00:37:08,777 - INFO - Epoch [60/200], Train Loss: 0.152877, Val Loss: 0.160273, R²: 0.9231, MAE: 0.1603
2025-11-23 00:38:55,871 - INFO - Epoch [70/200], Train Loss: 0.127269, Val Loss: 0.136789, R²: 0.9359, MAE: 0.1368
2025-11-23 00:40:42,130 - INFO - Epoch [80/200], Train Loss: 0.115508, Val Loss: 0.132311, R²: 0.9424, MAE: 0.1323
2025-11-23 00:42:29,540 - INFO - Epoch [90/200], Train Loss: 0.095768, Val Loss: 0.114795, R²: 0.9476, MAE: 0.1148
2025-11-23 00:44:15,424 - INFO - Epoch [100/200], Train Loss: 0.082081, Val Loss: 0.106297, R²: 0.9499, MAE: 0.1063
2025-11-23 00:46:02,103 - INFO - Epoch [110/200], Train Loss: 0.077665, Val Loss: 0.105350, R²: 0.9515, MAE: 0.1053
2025-11-23 00:47:49,484 - INFO - Epoch [120/200], Train Loss: 0.070361, Val Loss: 0.097184, R²: 0.9539, MAE: 0.0972
2025-11-23 00:49:38,603 - INFO - Epoch [130/200], Train Loss: 0.066628, Val Loss: 0.094262, R²: 0.9548, MAE: 0.0943
2025-11-23 00:52:06,256 - INFO - Epoch [140/200], Train Loss: 0.065246, Val Loss: 0.093471, R²: 0.9551, MAE: 0.0935
2025-11-23 00:54:41,375 - INFO - Epoch [150/200], Train Loss: 0.064449, Val Loss: 0.092916, R²: 0.9554, MAE: 0.0929
2025-11-23 00:56:33,571 - INFO - Epoch [160/200], Train Loss: 0.063624, Val Loss: 0.092105, R²: 0.9556, MAE: 0.0921
2025-11-23 00:58:19,619 - INFO - Epoch [170/200], Train Loss: 0.062968, Val Loss: 0.091781, R²: 0.9559, MAE: 0.0918
2025-11-23 01:00:07,720 - INFO - Epoch [180/200], Train Loss: 0.062417, Val Loss: 0.091457, R²: 0.9560, MAE: 0.0915
2025-11-23 01:01:55,763 - INFO - Epoch [190/200], Train Loss: 0.061861, Val Loss: 0.090796, R²: 0.9563, MAE: 0.0908
2025-11-23 01:03:43,456 - INFO - Epoch [200/200], Train Loss: 0.061337, Val Loss: 0.090309, R²: 0.9565, MAE: 0.0903
2025-11-23 01:03:43,457 - INFO - 开始训练 (200 轮)...
2025-11-23 01:03:45,075 - INFO - 模型已保存至: /home/data2/rhj/project/mol_editor/mol_evo/../mol_evo/output/v0/MoleculeEvolutionVisnetLinearPredictor/train-20251123_002612-homo_change_pct-12000-200/last.pth
2025-11-23 01:03:45,075 - INFO - 
2025-11-23 01:03:45,075 - INFO - ============================================================
2025-11-23 01:03:45,075 - INFO - 训练完成 - 最终评估结果
2025-11-23 01:03:45,075 - INFO - ============================================================
2025-11-23 01:03:45,076 - INFO - 测试集损失: 0.102337
2025-11-23 01:03:45,076 - INFO - RMSE: 0.231324
2025-11-23 01:03:45,076 - INFO - MAE: 0.102337
2025-11-23 01:03:45,076 - INFO - R²: 0.944056
2025-11-23 01:03:45,076 - INFO - PCC: 0.971688
2025-11-23 01:03:45,076 - INFO - Rank Loss: 0.365222
2025-11-23 01:03:45,076 - INFO - 
2025-11-23 01:03:45,076 - INFO - 阈值准确率:
2025-11-23 01:03:45,076 - INFO -   阈值 0.5: 95.25%
2025-11-23 01:03:45,076 - INFO -   阈值 0.4: 92.50%
2025-11-23 01:03:45,076 - INFO -   阈值 0.30000000000000004: 89.50%
2025-11-23 01:03:45,076 - INFO -   阈值 0.20000000000000004: 83.83%
2025-11-23 01:03:45,076 - INFO -   阈值 0.10000000000000003: 74.00%
2025-11-23 01:03:45,076 - INFO -   阈值 0.05000000000000002: 63.50%
2025-11-23 01:03:45,076 - INFO -   阈值 0.040000000000000015: 59.92%
2025-11-23 01:03:45,076 - INFO -   阈值 0.030000000000000013: 56.67%
2025-11-23 01:03:45,076 - INFO -   阈值 0.02000000000000001: 52.33%
2025-11-23 01:03:45,076 - INFO -   阈值 0.01000000000000001: 46.25%
2025-11-23 01:03:45,076 - INFO - 
2025-11-23 01:03:45,076 - INFO - 训练完成:
2025-11-23 01:03:45,076 - INFO -   - 最终训练损失: 0.061337
2025-11-23 01:03:45,076 - INFO -   - 最佳验证损失: 0.090251
2025-11-23 01:03:45,077 - INFO -   - 测试损失 (MSE): 0.102337
2025-11-23 01:03:45,077 - INFO -   - 测试RMSE: 0.231324
2025-11-23 01:03:45,077 - INFO -   - 测试MAE: 0.102337
2025-11-23 01:03:45,077 - INFO -   - 测试R²: 0.944056
2025-11-23 01:03:45,077 - INFO -   - 测试PCC: 0.971688
2025-11-23 01:03:45,077 - INFO -   - 测试Rank Loss: 0.365222
2025-11-23 01:03:45,077 - INFO -   - 测试阈值准确率 (0.5): 0.9525
2025-11-23 01:03:45,077 - INFO -   - 测试阈值准确率 (0.4): 0.9250
2025-11-23 01:03:45,077 - INFO -   - 测试阈值准确率 (0.30000000000000004): 0.8950
2025-11-23 01:03:45,077 - INFO -   - 测试阈值准确率 (0.20000000000000004): 0.8383
2025-11-23 01:03:45,077 - INFO -   - 测试阈值准确率 (0.10000000000000003): 0.7400
2025-11-23 01:03:45,077 - INFO -   - 测试阈值准确率 (0.05000000000000002): 0.6350
2025-11-23 01:03:45,077 - INFO -   - 测试阈值准确率 (0.040000000000000015): 0.5992
2025-11-23 01:03:45,077 - INFO -   - 测试阈值准确率 (0.030000000000000013): 0.5667
2025-11-23 01:03:45,077 - INFO -   - 测试阈值准确率 (0.02000000000000001): 0.5233
2025-11-23 01:03:45,077 - INFO -   - 测试阈值准确率 (0.01000000000000001): 0.4625
2025-11-23 01:03:45,077 - INFO -   - 模型已保存到: /home/data2/rhj/project/mol_editor/mol_evo/../mol_evo/output/v0/MoleculeEvolutionVisnetLinearPredictor/train-20251123_002612-homo_change_pct-12000-200/last.pth
2025-11-23 01:03:45,077 - INFO - 训练结果已保存到: /home/data2/rhj/project/mol_editor/mol_evo/../mol_evo/output/v0/MoleculeEvolutionVisnetLinearPredictor/train-20251123_002612-homo_change_pct-12000-200/training_results.json
2025-11-23 01:03:45,077 - INFO - 模型目录: /home/data2/rhj/project/mol_editor/mol_evo/../mol_evo/output/v0/MoleculeEvolutionVisnetLinearPredictor/train-20251123_002612-homo_change_pct-12000-200
