2025-10-14 02:33:33,374 - INFO - ============================================================
2025-10-14 02:33:33,381 - INFO - 基于NNConv的分子进化预测器模型训练开始
2025-10-14 02:33:33,381 - INFO - ============================================================
2025-10-14 02:33:33,381 - INFO - 数据文件: mol_evo/dataset/data/qm9-evo-pairs-step-1-with-properties-pct.csv
2025-10-14 02:33:33,381 - INFO - 最大对数: 50
2025-10-14 02:33:33,381 - INFO - 训练轮数: 20
2025-10-14 02:33:33,381 - INFO - 正在构建图数据: mol_evo/dataset/data/qm9-evo-pairs-step-1-with-properties-pct.csv
2025-10-14 02:33:33,911 - INFO - 加载缓存文件: /home/data2/rhj/project/mol_editor/mol_evo/core/utils/../../.cache/molecule_graphs/csv_qm9-evo-pairs-step-1-with-properties-pct_3cbb45cc1ac9202d.pt，包含 1994 个分子
2025-10-14 02:33:33,917 - INFO - 分子处理统计: 总数=100, 命中=100, 未命中=0, 命中率=100.00%
2025-10-14 02:33:33,924 - INFO - --- 训练集样本示例 (头部数据) ---
2025-10-14 02:33:33,924 - INFO -   样本       起始节点数        起始边数         目标节点数        目标边数         边特征             目标属性值          
2025-10-14 02:33:33,924 - INFO -   --------------------------------------------------------------------------------
2025-10-14 02:33:33,924 - INFO -   1        5            8            8            14           [1.0, 0.0, 0.   0.465178       
2025-10-14 02:33:33,924 - INFO -   2        3            4            6            10           [1.0, 0.0, 0.   0.013040       
2025-10-14 02:33:33,925 - INFO -   3        4            6            11           20           [1.0, 0.0, 0.   0.548156       
2025-10-14 02:33:33,925 - INFO -   --------------------------------------------------------------------------------
2025-10-14 02:33:33,925 - INFO - 
数据构建完成:
2025-10-14 02:33:33,925 - INFO -   项目                   值                   
2025-10-14 02:33:33,925 - INFO -   ----------------------------------------
2025-10-14 02:33:33,925 - INFO -   样本数                  50                  
2025-10-14 02:33:33,925 - INFO -   节点特征维度               11                  
2025-10-14 02:33:33,925 - INFO -   边特征维度                11                  
2025-10-14 02:33:33,925 - INFO -   目标属性变化维度             1                   
2025-10-14 02:33:33,925 - INFO - 数据集划分完成:
2025-10-14 02:33:33,925 - INFO -   - 训练集: 40 (80.0%)
2025-10-14 02:33:33,926 - INFO -   - 验证集: 5 (10.0%)
2025-10-14 02:33:33,926 - INFO -   - 测试集: 5 (10.0%)
2025-10-14 02:33:33,969 - INFO - 正在创建模型...
2025-10-14 02:33:33,969 - INFO - 模型参数数量: 1063041
2025-10-14 02:33:33,969 - INFO - 使用设备: cuda
2025-10-14 02:33:35,938 - INFO - Epoch [10/20], Train Loss: 0.791151, Val Loss: 0.368697, R²: 0.0959, MAE: 0.3687
2025-10-14 02:33:37,277 - INFO - Epoch [20/20], Train Loss: 0.634883, Val Loss: 0.267156, R²: 0.6174, MAE: 0.2672
2025-10-14 02:33:37,278 - INFO - 开始训练 (20 轮)...
2025-10-14 02:33:37,400 - INFO - Debug: 模型参数前10个值:
2025-10-14 02:33:37,401 - INFO - Debug: 参数 molecule_extractor_from.gcn_layers.0.bias (shape: torch.Size([128])) => 前10个值: [0.011766565963625908, -0.06163329631090164, -0.08288349211215973, -0.008309032768011093, -0.09736853092908859, -0.0752151608467102, -0.030601151287555695, -0.02972469851374626, -0.05032467842102051, -0.06910452991724014]
2025-10-14 02:33:37,401 - INFO - Debug: 参数 molecule_extractor_from.gcn_layers.0.lin.weight (shape: torch.Size([128, 11])) => 前10个值: [0.004600115120410919, -0.009296037256717682, -0.03435414284467697, 0.022940687835216522, 0.002305829431861639, 0.020889941602945328, 0.014190318994224072, -0.03933656960725784, 0.008140073157846928, 0.04264339059591293]
2025-10-14 02:33:37,401 - INFO - Debug: 参数 molecule_extractor_from.gcn_layers.1.bias (shape: torch.Size([256])) => 前10个值: [0.0038807278033345938, -0.036039210855960846, -0.05245589092373848, -0.03487515449523926, -0.04360008239746094, -0.04222811385989189, -0.03282895311713219, -0.06034303456544876, -0.014962777495384216, -0.047279153019189835]
2025-10-14 02:33:38,325 - INFO - 模型已保存至: /home/data2/rhj/project/mol_editor/mol_evo/../mol_evo/output/v0/gcn_linear_linear/train-20251014_023333-mu_change-50-20/last.pth
2025-10-14 02:33:38,325 - INFO - 
2025-10-14 02:33:38,325 - INFO - ============================================================
2025-10-14 02:33:38,325 - INFO - 训练完成 - 最终评估结果
2025-10-14 02:33:38,325 - INFO - ============================================================
2025-10-14 02:33:38,325 - INFO - 测试集损失: 0.313209
2025-10-14 02:33:38,325 - INFO - RMSE: 0.394230
2025-10-14 02:33:38,325 - INFO - MAE: 0.313209
2025-10-14 02:33:38,325 - INFO - R²: 0.504432
2025-10-14 02:33:38,325 - INFO - PCC: 0.951230
2025-10-14 02:33:38,325 - INFO - Rank Loss: 0.550724
2025-10-14 02:33:38,325 - INFO - 
2025-10-14 02:33:38,325 - INFO - 阈值准确率:
2025-10-14 02:33:38,325 - INFO -   阈值 0.5: 80.00%
2025-10-14 02:33:38,325 - INFO -   阈值 0.4: 80.00%
2025-10-14 02:33:38,325 - INFO -   阈值 0.30000000000000004: 80.00%
2025-10-14 02:33:38,325 - INFO -   阈值 0.20000000000000004: 20.00%
2025-10-14 02:33:38,326 - INFO - 
2025-10-14 02:33:38,326 - INFO - 训练完成:
2025-10-14 02:33:38,326 - INFO -   - 最终训练损失: 0.634883
2025-10-14 02:33:38,326 - INFO -   - 最佳验证损失: 0.074455
2025-10-14 02:33:38,326 - INFO -   - 测试损失 (MSE): 0.313209
2025-10-14 02:33:38,326 - INFO -   - 测试RMSE: 0.394230
2025-10-14 02:33:38,326 - INFO -   - 测试MAE: 0.313209
2025-10-14 02:33:38,326 - INFO -   - 测试R²: 0.504432
2025-10-14 02:33:38,326 - INFO -   - 测试PCC: 0.951230
2025-10-14 02:33:38,326 - INFO -   - 测试Rank Loss: 0.550724
2025-10-14 02:33:38,326 - INFO -   - 测试阈值准确率 (0.5): 0.8000
2025-10-14 02:33:38,326 - INFO -   - 测试阈值准确率 (0.4): 0.8000
2025-10-14 02:33:38,326 - INFO -   - 测试阈值准确率 (0.30000000000000004): 0.8000
2025-10-14 02:33:38,326 - INFO -   - 测试阈值准确率 (0.20000000000000004): 0.2000
2025-10-14 02:33:38,326 - INFO -   - 模型已保存到: /home/data2/rhj/project/mol_editor/mol_evo/../mol_evo/output/v0/gcn_linear_linear/train-20251014_023333-mu_change-50-20/last.pth
