2025-10-22 05:04:50,327 - INFO - ============================================================
2025-10-22 05:04:50,327 - INFO - 数据文件: mol_evo/dataset/data/qm9-evo-pairs-step-1-with-properties-pct.csv
2025-10-22 05:04:50,327 - INFO - 最大对数: 2000
2025-10-22 05:04:50,328 - INFO - 训练轮数: 50
2025-10-22 05:04:50,328 - INFO - ============================================================
2025-10-22 05:04:50,328 - INFO - 正在构建图数据: mol_evo/dataset/data/qm9-evo-pairs-step-1-with-properties-pct.csv
2025-10-22 05:04:50,976 - INFO - 加载缓存文件: /home/data2/rhj/project/mol_editor/mol_evo/core/utils/../../.cache/molecule_graphs/csv_qm9-evo-pairs-step-1-with-properties-pct_3cbb45cc1ac9202d.pt，包含 1994 个分子
2025-10-22 05:04:51,279 - INFO - 分子处理统计: 总数=4000, 命中=4000, 未命中=0, 命中率=100.00%
2025-10-22 05:04:51,286 - INFO - --- 训练集样本示例 (头部数据) ---
2025-10-22 05:04:51,286 - INFO -   样本       起始节点数        起始边数         目标节点数        目标边数         边特征             目标属性值          
2025-10-22 05:04:51,286 - INFO -   --------------------------------------------------------------------------------
2025-10-22 05:04:51,286 - INFO -   1        5            8            8            14           [1.0, 0.0, 0.   0.199346       
2025-10-22 05:04:51,286 - INFO -   2        3            4            6            10           [1.0, 0.0, 0.   -0.124008      
2025-10-22 05:04:51,286 - INFO -   3        4            6            11           20           [1.0, 0.0, 0.   0.258689       
2025-10-22 05:04:51,286 - INFO -   --------------------------------------------------------------------------------
2025-10-22 05:04:51,286 - INFO - 
数据构建完成:
2025-10-22 05:04:51,287 - INFO -   项目                   值                   
2025-10-22 05:04:51,287 - INFO -   ---------------------------------------- --------------------
2025-10-22 05:04:51,287 - INFO -   样本数                  2000                
2025-10-22 05:04:51,287 - INFO -   节点特征维度               11                  
2025-10-22 05:04:51,287 - INFO -   边特征维度                11                  
2025-10-22 05:04:51,287 - INFO -   目标属性变化维度             1                   
2025-10-22 05:04:51,287 - INFO - 数据集划分完成:
2025-10-22 05:04:51,287 - INFO -   - 训练集: 1600 (80.0%)
2025-10-22 05:04:51,287 - INFO -   - 验证集: 200 (10.0%)
2025-10-22 05:04:51,287 - INFO -   - 测试集: 200 (10.0%)
2025-10-22 05:04:51,411 - INFO - 正在创建模型...
2025-10-22 05:04:51,412 - INFO - 模型参数数量: 4451405
2025-10-22 05:04:51,413 - INFO - 使用设备: cuda
2025-10-22 05:05:07,426 - INFO - Epoch [10/50], Train Loss: 0.564086, Val Loss: 0.636532, R²: 0.1304, MAE: 0.6365
2025-10-22 05:05:23,412 - INFO - Epoch [20/50], Train Loss: 0.479258, Val Loss: 0.555876, R²: 0.2238, MAE: 0.5559
2025-10-22 05:05:39,093 - INFO - Epoch [30/50], Train Loss: 0.337671, Val Loss: 0.439002, R²: 0.2911, MAE: 0.4390
2025-10-22 05:05:54,734 - INFO - Epoch [40/50], Train Loss: 0.261167, Val Loss: 0.378473, R²: 0.3713, MAE: 0.3785
2025-10-22 05:06:10,381 - INFO - Epoch [50/50], Train Loss: 0.206246, Val Loss: 0.348120, R²: 0.4043, MAE: 0.3481
2025-10-22 05:06:10,382 - INFO - 开始训练 (50 轮)...
2025-10-22 05:06:11,547 - INFO - 模型已保存至: /home/data2/rhj/project/mol_editor/mol_evo/../mol_evo/output/v0/visnet_linear_linear/train-20251022_050450-mu_change-2000-50/last.pth
2025-10-22 05:06:11,547 - INFO - 
2025-10-22 05:06:11,547 - INFO - ============================================================
2025-10-22 05:06:11,547 - INFO - 训练完成 - 最终评估结果
2025-10-22 05:06:11,547 - INFO - ============================================================
2025-10-22 05:06:11,548 - INFO - 测试集损失: 0.243755
2025-10-22 05:06:11,548 - INFO - RMSE: 0.444916
2025-10-22 05:06:11,548 - INFO - MAE: 0.243755
2025-10-22 05:06:11,548 - INFO - R²: 0.749349
2025-10-22 05:06:11,548 - INFO - PCC: 0.871051
2025-10-22 05:06:11,548 - INFO - Rank Loss: 0.484008
2025-10-22 05:06:11,548 - INFO - 
2025-10-22 05:06:11,548 - INFO - 阈值准确率:
2025-10-22 05:06:11,548 - INFO -   阈值 0.5: 86.00%
2025-10-22 05:06:11,548 - INFO -   阈值 0.4: 84.50%
2025-10-22 05:06:11,548 - INFO -   阈值 0.30000000000000004: 82.00%
2025-10-22 05:06:11,548 - INFO -   阈值 0.20000000000000004: 77.50%
2025-10-22 05:06:11,548 - INFO -   阈值 0.10000000000000003: 51.00%
2025-10-22 05:06:11,548 - INFO -   阈值 0.05000000000000002: 19.00%
2025-10-22 05:06:11,548 - INFO - 
2025-10-22 05:06:11,548 - INFO - 训练完成:
2025-10-22 05:06:11,548 - INFO -   - 最终训练损失: 0.206246
2025-10-22 05:06:11,548 - INFO -   - 最佳验证损失: 0.317355
2025-10-22 05:06:11,548 - INFO -   - 测试损失 (MSE): 0.243755
2025-10-22 05:06:11,548 - INFO -   - 测试RMSE: 0.444916
2025-10-22 05:06:11,548 - INFO -   - 测试MAE: 0.243755
2025-10-22 05:06:11,548 - INFO -   - 测试R²: 0.749349
2025-10-22 05:06:11,548 - INFO -   - 测试PCC: 0.871051
2025-10-22 05:06:11,549 - INFO -   - 测试Rank Loss: 0.484008
2025-10-22 05:06:11,549 - INFO -   - 测试阈值准确率 (0.5): 0.8600
2025-10-22 05:06:11,549 - INFO -   - 测试阈值准确率 (0.4): 0.8450
2025-10-22 05:06:11,549 - INFO -   - 测试阈值准确率 (0.30000000000000004): 0.8200
2025-10-22 05:06:11,549 - INFO -   - 测试阈值准确率 (0.20000000000000004): 0.7750
2025-10-22 05:06:11,549 - INFO -   - 测试阈值准确率 (0.10000000000000003): 0.5100
2025-10-22 05:06:11,549 - INFO -   - 测试阈值准确率 (0.05000000000000002): 0.1900
2025-10-22 05:06:11,549 - INFO -   - 模型已保存到: /home/data2/rhj/project/mol_editor/mol_evo/../mol_evo/output/v0/visnet_linear_linear/train-20251022_050450-mu_change-2000-50/last.pth
