2025-10-08 04:30:57,142 - training - INFO - ============================================================
2025-10-08 04:30:57,142 - training - INFO - 基于NNConv的分子进化预测器模型训练开始
2025-10-08 04:30:57,142 - training - INFO - ============================================================
2025-10-08 04:30:57,142 - training - INFO - 数据文件: mol_evo/dataset/data/qm9-evo-pairs-step-1-with-properties.csv
2025-10-08 04:30:57,142 - training - INFO - 最大对数: 30000
2025-10-08 04:30:57,142 - training - INFO - 训练轮数: 500
2025-10-08 04:31:04,697 - training - INFO - 正在构建图数据: mol_evo/dataset/data/qm9-evo-pairs-step-1-with-properties.csv
2025-10-08 04:31:04,697 - training - INFO - 数据构建完成:
2025-10-08 04:31:04,698 - training - INFO -   - 节点数: 1987
2025-10-08 04:31:04,698 - training - INFO -   - 边数: 30000
2025-10-08 04:31:04,698 - training - INFO -   - 节点特征维度: 2048
2025-10-08 04:31:04,698 - training - INFO -   - 边特征维度: 11
2025-10-08 04:31:04,698 - training - INFO -   - 目标属性变化维度: 15
2025-10-08 04:31:04,701 - training - INFO - 数据集划分完成:
2025-10-08 04:31:04,701 - training - INFO -   - 训练集: 21000 (70.0%)
2025-10-08 04:31:04,701 - training - INFO -   - 验证集: 3000 (10.0%)
2025-10-08 04:31:04,701 - training - INFO -   - 测试集: 6000 (20.0%)
2025-10-08 04:31:04,795 - training - INFO - 正在创建模型...
2025-10-08 04:31:04,795 - training - INFO - 模型参数数量: 6791951
2025-10-08 04:31:04,795 - training - INFO - 开始训练 (500 轮)...
2025-10-08 04:31:09,604 - training - INFO - Epoch [10/500], Train Loss: 0.826079, Val Loss: 1.264726, R²: 0.0935, MAE: 0.5888
2025-10-08 04:31:14,345 - training - INFO - Epoch [20/500], Train Loss: 0.696976, Val Loss: 1.090963, R²: 0.2180, MAE: 0.5133
2025-10-08 04:31:19,120 - training - INFO - Epoch [30/500], Train Loss: 0.582040, Val Loss: 0.991453, R²: 0.2894, MAE: 0.4412
2025-10-08 04:31:23,914 - training - INFO - Epoch [40/500], Train Loss: 0.518539, Val Loss: 0.933408, R²: 0.3310, MAE: 0.3992
2025-10-08 04:31:28,658 - training - INFO - Epoch [50/500], Train Loss: 0.484533, Val Loss: 0.903054, R²: 0.3527, MAE: 0.3709
2025-10-08 04:31:33,411 - training - INFO - Epoch [60/500], Train Loss: 0.459788, Val Loss: 0.880222, R²: 0.3691, MAE: 0.3533
2025-10-08 04:31:38,176 - training - INFO - Epoch [70/500], Train Loss: 0.434892, Val Loss: 0.857228, R²: 0.3856, MAE: 0.3403
2025-10-08 04:31:42,935 - training - INFO - Epoch [80/500], Train Loss: 0.381462, Val Loss: 0.808524, R²: 0.4205, MAE: 0.3230
2025-10-08 04:31:47,698 - training - INFO - Epoch [90/500], Train Loss: 0.289641, Val Loss: 0.738557, R²: 0.4706, MAE: 0.3126
2025-10-08 04:31:52,492 - training - INFO - Epoch [100/500], Train Loss: 0.239966, Val Loss: 0.519954, R²: 0.6273, MAE: 0.2866
2025-10-08 04:31:57,286 - training - INFO - Epoch [110/500], Train Loss: 0.201957, Val Loss: 0.418579, R²: 0.7000, MAE: 0.2681
2025-10-08 04:32:02,059 - training - INFO - Epoch [120/500], Train Loss: 0.181074, Val Loss: 0.348141, R²: 0.7505, MAE: 0.2558
2025-10-08 04:32:06,876 - training - INFO - Epoch [130/500], Train Loss: 0.170758, Val Loss: 0.384573, R²: 0.7244, MAE: 0.2486
2025-10-08 04:32:11,640 - training - INFO - Epoch [140/500], Train Loss: 0.157460, Val Loss: 0.323884, R²: 0.7679, MAE: 0.2427
2025-10-08 04:32:16,444 - training - INFO - Epoch [150/500], Train Loss: 0.150241, Val Loss: 0.346189, R²: 0.7519, MAE: 0.2391
2025-10-08 04:32:20,698 - training - INFO - Epoch [160/500], Train Loss: 0.136977, Val Loss: 0.281691, R²: 0.7981, MAE: 0.2219
2025-10-08 04:32:24,038 - training - INFO - Epoch [170/500], Train Loss: 0.122611, Val Loss: 0.244498, R²: 0.8248, MAE: 0.2102
2025-10-08 04:32:27,342 - training - INFO - Epoch [180/500], Train Loss: 0.114962, Val Loss: 0.259193, R²: 0.8142, MAE: 0.2033
2025-10-08 04:32:30,689 - training - INFO - Epoch [190/500], Train Loss: 0.103827, Val Loss: 0.230857, R²: 0.8345, MAE: 0.1940
2025-10-08 04:32:34,033 - training - INFO - Epoch [200/500], Train Loss: 0.098711, Val Loss: 0.237036, R²: 0.8301, MAE: 0.1859
2025-10-08 04:32:37,352 - training - INFO - Epoch [210/500], Train Loss: 0.089677, Val Loss: 0.281326, R²: 0.7984, MAE: 0.1812
2025-10-08 04:32:40,702 - training - INFO - Epoch [220/500], Train Loss: 0.086329, Val Loss: 0.218254, R²: 0.8436, MAE: 0.1791
2025-10-08 04:32:44,037 - training - INFO - Epoch [230/500], Train Loss: 0.079751, Val Loss: 0.193111, R²: 0.8616, MAE: 0.1709
2025-10-08 04:32:47,356 - training - INFO - Epoch [240/500], Train Loss: 0.075735, Val Loss: 0.189281, R²: 0.8643, MAE: 0.1654
2025-10-08 04:32:50,678 - training - INFO - Epoch [250/500], Train Loss: 0.072680, Val Loss: 0.184924, R²: 0.8675, MAE: 0.1607
2025-10-08 04:32:54,016 - training - INFO - Epoch [260/500], Train Loss: 0.067987, Val Loss: 0.184964, R²: 0.8674, MAE: 0.1582
2025-10-08 04:32:57,326 - training - INFO - Epoch [270/500], Train Loss: 0.064346, Val Loss: 0.202209, R²: 0.8551, MAE: 0.1521
2025-10-08 04:33:00,666 - training - INFO - Epoch [280/500], Train Loss: 0.062132, Val Loss: 0.210984, R²: 0.8488, MAE: 0.1528
2025-10-08 04:33:03,959 - training - INFO - Epoch [290/500], Train Loss: 0.058751, Val Loss: 0.229415, R²: 0.8356, MAE: 0.1466
2025-10-08 04:33:07,299 - training - INFO - Epoch [300/500], Train Loss: 0.056175, Val Loss: 0.178088, R²: 0.8724, MAE: 0.1405
2025-10-08 04:33:10,620 - training - INFO - Epoch [310/500], Train Loss: 0.055242, Val Loss: 0.165136, R²: 0.8816, MAE: 0.1373
2025-10-08 04:33:13,972 - training - INFO - Epoch [320/500], Train Loss: 0.055269, Val Loss: 0.153139, R²: 0.8902, MAE: 0.1330
2025-10-08 04:33:17,295 - training - INFO - Epoch [330/500], Train Loss: 0.049993, Val Loss: 0.185853, R²: 0.8668, MAE: 0.1287
2025-10-08 04:33:20,634 - training - INFO - Epoch [340/500], Train Loss: 0.044224, Val Loss: 0.163304, R²: 0.8830, MAE: 0.1223
2025-10-08 04:33:22,687 - training - INFO - Epoch [350/500], Train Loss: 0.047819, Val Loss: 0.156498, R²: 0.8878, MAE: 0.1195
2025-10-08 04:33:24,053 - training - INFO - Epoch [360/500], Train Loss: 0.041769, Val Loss: 0.176122, R²: 0.8738, MAE: 0.1172
2025-10-08 04:33:25,415 - training - INFO - Epoch [370/500], Train Loss: 0.038784, Val Loss: 0.186280, R²: 0.8665, MAE: 0.1136
2025-10-08 04:33:26,777 - training - INFO - Epoch [380/500], Train Loss: 0.038033, Val Loss: 0.181525, R²: 0.8699, MAE: 0.1130
2025-10-08 04:33:28,139 - training - INFO - Epoch [390/500], Train Loss: 0.040153, Val Loss: 0.154622, R²: 0.8892, MAE: 0.1063
2025-10-08 04:33:29,501 - training - INFO - Epoch [400/500], Train Loss: 0.034099, Val Loss: 0.151552, R²: 0.8914, MAE: 0.1030
2025-10-08 04:33:30,864 - training - INFO - Epoch [410/500], Train Loss: 0.037034, Val Loss: 0.156799, R²: 0.8876, MAE: 0.1003
2025-10-08 04:33:32,227 - training - INFO - Epoch [420/500], Train Loss: 0.032206, Val Loss: 0.136511, R²: 0.9022, MAE: 0.1008
2025-10-08 04:33:33,588 - training - INFO - Epoch [430/500], Train Loss: 0.031074, Val Loss: 0.160634, R²: 0.8849, MAE: 0.0950
2025-10-08 04:33:34,951 - training - INFO - Epoch [440/500], Train Loss: 0.032896, Val Loss: 0.143544, R²: 0.8971, MAE: 0.0923
2025-10-08 04:33:36,314 - training - INFO - Epoch [450/500], Train Loss: 0.031883, Val Loss: 0.144342, R²: 0.8965, MAE: 0.0902
2025-10-08 04:33:37,678 - training - INFO - Epoch [460/500], Train Loss: 0.028659, Val Loss: 0.144962, R²: 0.8961, MAE: 0.0914
2025-10-08 04:33:39,040 - training - INFO - Epoch [470/500], Train Loss: 0.029497, Val Loss: 0.172944, R²: 0.8760, MAE: 0.0876
2025-10-08 04:33:40,402 - training - INFO - Epoch [480/500], Train Loss: 0.027673, Val Loss: 0.185255, R²: 0.8672, MAE: 0.0871
2025-10-08 04:33:41,764 - training - INFO - Epoch [490/500], Train Loss: 0.028224, Val Loss: 0.166300, R²: 0.8808, MAE: 0.0866
2025-10-08 04:33:43,127 - training - INFO - Epoch [500/500], Train Loss: 0.027974, Val Loss: 0.145108, R²: 0.8960, MAE: 0.0845
2025-10-08 04:33:43,169 - training - INFO - 原始尺度评估指标:
2025-10-08 04:33:43,169 - training - INFO -   - MSE: 5658.447719
2025-10-08 04:33:43,169 - training - INFO -   - RMSE: 75.222654
2025-10-08 04:33:43,169 - training - INFO -   - MAE: 22.898941
2025-10-08 04:33:43,169 - training - INFO - 各维度阈值准确率:
2025-10-08 04:33:43,169 - training - INFO - Threshold   A        B        C        mu       alpha    homo     lumo     gap      r2       zpve     U0       U        H        G        Cv       
2025-10-08 04:33:43,169 - training - INFO - ---------------------------------------------------------------------------------------------------------------------------------------------------
2025-10-08 04:33:43,169 - training - INFO - @0.400      0.9997   0.9928   0.9933   0.9860   0.9850   0.9790   0.9860   0.9922   0.9937   0.9753   0.9960   0.9963   0.9960   0.9967   0.9777   
2025-10-08 04:33:43,169 - training - INFO - @0.300      0.9995   0.9837   0.9828   0.9683   0.9657   0.9482   0.9522   0.9813   0.9867   0.9275   0.9928   0.9927   0.9930   0.9928   0.9322   
2025-10-08 04:33:43,170 - training - INFO - @0.200      0.9980   0.9422   0.9432   0.8888   0.8855   0.8520   0.8480   0.9257   0.9505   0.7988   0.9845   0.9842   0.9837   0.9860   0.8047   
2025-10-08 04:33:43,170 - training - INFO - @0.100      0.9868   0.8027   0.7932   0.6067   0.6183   0.5853   0.5555   0.6763   0.7373   0.5092   0.9123   0.9140   0.9185   0.9160   0.5000   
2025-10-08 04:33:43,170 - training - INFO - @0.050      0.8762   0.5498   0.5467   0.3370   0.3485   0.3257   0.3063   0.3917   0.4525   0.2683   0.6758   0.6810   0.7052   0.6862   0.2668   
2025-10-08 04:33:44,074 - training - INFO - 训练完成:
2025-10-08 04:33:44,074 - training - INFO -   - 最终训练损失: 0.027974
2025-10-08 04:33:44,074 - training - INFO -   - 最佳验证损失: 0.103802
2025-10-08 04:33:44,074 - training - INFO -   - 测试损失 (MSE): 0.025594
2025-10-08 04:33:44,074 - training - INFO -   - 测试RMSE: 0.159981
2025-10-08 04:33:44,074 - training - INFO -   - 测试MAE: 0.079776
2025-10-08 04:33:44,074 - training - INFO -   - 测试R²: 0.971361
2025-10-08 04:33:44,074 - training - INFO -   - 测试阈值准确率 (0.4, 所有维度): 0.9148
2025-10-08 04:33:44,074 - training - INFO -   - 测试阈值准确率 (0.4, 平均): 0.9897
2025-10-08 04:33:44,075 - training - INFO -   - 测试阈值准确率 (0.3, 所有维度): 0.7720
2025-10-08 04:33:44,075 - training - INFO -   - 测试阈值准确率 (0.3, 平均): 0.9733
2025-10-08 04:33:44,075 - training - INFO -   - 测试阈值准确率 (0.2, 所有维度): 0.4443
2025-10-08 04:33:44,075 - training - INFO -   - 测试阈值准确率 (0.2, 平均): 0.9184
2025-10-08 04:33:44,075 - training - INFO -   - 测试阈值准确率 (0.1, 所有维度): 0.0492
2025-10-08 04:33:44,075 - training - INFO -   - 测试阈值准确率 (0.1, 平均): 0.7355
2025-10-08 04:33:44,075 - training - INFO -   - 测试阈值准确率 (0.05, 所有维度): 0.0010
2025-10-08 04:33:44,075 - training - INFO -   - 测试阈值准确率 (0.05, 平均): 0.4945
2025-10-08 04:33:44,075 - training - INFO -   - 原始尺度MSE: 5658.447719
2025-10-08 04:33:44,075 - training - INFO -   - 原始尺度RMSE: 75.222654
2025-10-08 04:33:44,075 - training - INFO -   - 原始尺度MAE: 22.898941
2025-10-08 04:33:44,075 - training - INFO -   - 模型已保存到: /home/data2/rhj/project/mol_editor/mol_evo/../mol_evo/output/nnconv/training_20251008_043057/molecule_evolution_nnconv_predictor.pth
