2025-11-23 16:13:37,376 - INFO - ============================================================
2025-11-23 16:13:37,376 - INFO - 数据文件: /home/data2/rhj/project/mol_editor/mol_evo/dataset/data/qm9-evo-pairs-step-1-with-properties-pct.json
2025-11-23 16:13:37,376 - INFO - 最大对数: 13000
2025-11-23 16:13:37,377 - INFO - 训练轮数: 200
2025-11-23 16:13:37,377 - INFO - ============================================================
2025-11-23 16:13:37,377 - INFO - 模型配置已保存到: /home/data2/rhj/project/mol_editor/mol_evo/../mol_evo/output/v0/MoleculeEvolutionGCNLinearPredictor/train-20251123_161337-lumo_change-13000-200/model_config.json
2025-11-23 16:13:37,377 - INFO - 正在构建图数据: /home/data2/rhj/project/mol_editor/mol_evo/dataset/data/qm9-evo-pairs-step-1-with-properties-pct.json
2025-11-23 16:13:40,681 - INFO - 加载缓存文件失败: Ran out of input，将创建新的缓存
2025-11-23 16:15:03,913 - INFO - 分子处理统计: 总数=26000, 命中=23014, 未命中=2986, 命中率=88.52%
2025-11-23 16:15:04,392 - INFO - --- 训练集样本示例 (头部数据) ---
2025-11-23 16:15:04,392 - INFO -   样本       起始节点数        起始边数         目标节点数        目标边数         边特征             目标属性值          
2025-11-23 16:15:04,392 - INFO -   --------------------------------------------------------------------------------
2025-11-23 16:15:04,393 - INFO -   DEBUG: 边特征维度 = 16
2025-11-23 16:15:04,393 - INFO -   DEBUG: 第一个样本的边特征值 = [1.0, 0.0, 0.0, 0.0, 1.0, 0.0, 0.0, 0.0, 0.0, 0.0, 0.0, 0.0, 0.0, 0.0, 0.0, 0.0]
2025-11-23 16:15:04,393 - INFO -   DEBUG: 原子类型数量 = 4, 操作类型数量 = 12
2025-11-23 16:15:04,393 - INFO -   DEBUG: 边特征总长度 = 16
2025-11-23 16:15:04,393 - INFO -   DEBUG: 原子类型one-hot编码 = [1.0, 0.0, 0.0, 0.0]
2025-11-23 16:15:04,393 - INFO -   DEBUG: 操作类型one-hot编码 = [1.0, 0.0, 0.0, 0.0, 0.0, 0.0, 0.0, 0.0, 0.0, 0.0, 0.0, 0.0]
2025-11-23 16:15:04,393 - INFO -   DEBUG: 原子类型列表 = ['C', 'F', 'N', 'O']
2025-11-23 16:15:04,393 - INFO -   DEBUG: 操作类型列表 = ['add_atom', 'add_stereo', 'form_double_bond', 'form_double_ring', 'form_ring', 'form_triple_bond', 'remove_add_stereo', 'remove_form_double_bond', 'remove_form_double_ring', 'remove_form_ring', 'remove_form_triple_bond', 'replace_atom']
2025-11-23 16:15:04,393 - INFO -   1        7            12           10           18           [1.0, 0.0, 0.   -0.105382      
2025-11-23 16:15:04,393 - INFO -   2        9            16           11           20           [1.0, 0.0, 0.   0.100258       
2025-11-23 16:15:04,393 - INFO -   3        11           20           9            16           [0.0, 0.0, 0.   -0.354063      
2025-11-23 16:15:04,393 - INFO -   --------------------------------------------------------------------------------
2025-11-23 16:15:04,393 - INFO - 
数据构建完成:
2025-11-23 16:15:04,393 - INFO -   项目                   值                   
2025-11-23 16:15:04,393 - INFO -   ---------------------------------------- --------------------
2025-11-23 16:15:04,394 - INFO -   样本数                  13000               
2025-11-23 16:15:04,394 - INFO -   节点特征维度               11                  
2025-11-23 16:15:04,394 - INFO -   边特征维度                16                  
2025-11-23 16:15:04,394 - INFO -   目标属性变化维度             1                   
2025-11-23 16:15:04,395 - INFO - 数据集划分完成:
2025-11-23 16:15:04,395 - INFO -   - 训练集: 10400 (80.0%)
2025-11-23 16:15:04,395 - INFO -   - 验证集: 1300 (10.0%)
2025-11-23 16:15:04,395 - INFO -   - 测试集: 1300 (10.0%)
2025-11-23 16:15:04,400 - INFO - 数据集索引已保存到: /home/data2/rhj/project/mol_editor/mol_evo/dataset/data/dataset_indices/indices_20251123_161504_seed42.json
2025-11-23 16:15:04,411 - INFO - 更新模型边特征维度: 11 -> 16
2025-11-23 16:15:04,422 - INFO - 正在创建模型...
2025-11-23 16:15:04,422 - INFO - 模型参数数量: 1063361
2025-11-23 16:15:04,422 - INFO - 使用设备: cuda
2025-11-23 16:15:05,895 - INFO - 开始训练 (200 轮)...
2025-11-23 16:15:20,874 - INFO - Epoch [10/200], Train Loss: 0.361270, Val Loss: 0.366309, R²: 0.7306, MAE: 0.3663
2025-11-23 16:15:32,784 - INFO - Epoch [20/200], Train Loss: 0.327778, Val Loss: 0.356561, R²: 0.7365, MAE: 0.3566
2025-11-23 16:15:45,485 - INFO - Epoch [30/200], Train Loss: 0.320283, Val Loss: 0.338615, R²: 0.7482, MAE: 0.3386
2025-11-23 16:15:58,025 - INFO - Epoch [40/200], Train Loss: 0.316061, Val Loss: 0.337811, R²: 0.7507, MAE: 0.3378
2025-11-23 16:16:10,876 - INFO - Epoch [50/200], Train Loss: 0.314063, Val Loss: 0.333888, R²: 0.7538, MAE: 0.3339
2025-11-23 16:16:23,262 - INFO - Epoch [60/200], Train Loss: 0.313429, Val Loss: 0.333302, R²: 0.7544, MAE: 0.3333
2025-11-23 16:16:36,807 - INFO - Epoch [70/200], Train Loss: 0.312887, Val Loss: 0.332447, R²: 0.7551, MAE: 0.3324
2025-11-23 16:16:50,377 - INFO - Epoch [80/200], Train Loss: 0.312373, Val Loss: 0.332615, R²: 0.7553, MAE: 0.3326
2025-11-23 16:17:02,812 - INFO - Epoch [90/200], Train Loss: 0.312155, Val Loss: 0.332387, R²: 0.7555, MAE: 0.3324
2025-11-23 16:17:15,596 - INFO - Epoch [100/200], Train Loss: 0.311895, Val Loss: 0.331662, R²: 0.7560, MAE: 0.3317
2025-11-23 16:17:28,317 - INFO - Epoch [110/200], Train Loss: 0.311609, Val Loss: 0.331692, R²: 0.7562, MAE: 0.3317
2025-11-23 16:17:41,923 - INFO - Epoch [120/200], Train Loss: 0.311500, Val Loss: 0.331423, R²: 0.7564, MAE: 0.3314
