2025-10-14 06:17:14,120 - INFO - ============================================================
2025-10-14 06:17:14,120 - INFO - 基于NNConv的分子进化预测器模型训练开始
2025-10-14 06:17:14,120 - INFO - ============================================================
2025-10-14 06:17:14,120 - INFO - 数据文件: mol_evo/dataset/data/qm9-evo-pairs-step-1-with-properties-pct.csv
2025-10-14 06:17:14,120 - INFO - 最大对数: 30000
2025-10-14 06:17:14,120 - INFO - 训练轮数: 500
2025-10-14 06:17:14,120 - INFO - 正在构建图数据: mol_evo/dataset/data/qm9-evo-pairs-step-1-with-properties-pct.csv
2025-10-14 06:17:15,837 - INFO - 加载缓存文件: /home/data2/rhj/project/mol_editor/mol_evo/core/utils/../../.cache/molecule_graphs/csv_qm9-evo-pairs-step-1-with-properties-pct_3cbb45cc1ac9202d.pt，包含 1994 个分子
2025-10-14 06:17:44,734 - INFO - 分子处理统计: 总数=60000, 命中=59967, 未命中=33, 命中率=99.94%
2025-10-14 06:17:44,762 - INFO - --- 训练集样本示例 (头部数据) ---
2025-10-14 06:17:44,763 - INFO -   样本       起始节点数        起始边数         目标节点数        目标边数         边特征             目标属性值          
2025-10-14 06:17:44,763 - INFO -   --------------------------------------------------------------------------------
2025-10-14 06:17:44,763 - INFO -   1        5            8            8            14           [1.0, 0.0, 0.   -1.320260      
2025-10-14 06:17:44,763 - INFO -   2        3            4            6            10           [1.0, 0.0, 0.   -0.409862      
2025-10-14 06:17:44,763 - INFO -   3        4            6            11           20           [1.0, 0.0, 0.   1.652884       
2025-10-14 06:17:44,763 - INFO -   --------------------------------------------------------------------------------
2025-10-14 06:17:44,763 - INFO - 
数据构建完成:
2025-10-14 06:17:44,763 - INFO -   项目                   值                   
2025-10-14 06:17:44,763 - INFO -   ----------------------------------------
2025-10-14 06:17:44,763 - INFO -   样本数                  29967               
2025-10-14 06:17:44,763 - INFO -   节点特征维度               11                  
2025-10-14 06:17:44,763 - INFO -   边特征维度                11                  
2025-10-14 06:17:44,764 - INFO -   目标属性变化维度             1                   
2025-10-14 06:17:44,766 - INFO - 数据集划分完成:
2025-10-14 06:17:44,766 - INFO -   - 训练集: 23973 (80.0%)
2025-10-14 06:17:44,766 - INFO -   - 验证集: 2996 (10.0%)
2025-10-14 06:17:44,766 - INFO -   - 测试集: 2998 (10.0%)
2025-10-14 06:17:44,847 - INFO - 正在创建模型...
2025-10-14 06:17:44,847 - INFO - 模型参数数量: 1063041
2025-10-14 06:17:44,847 - INFO - 使用设备: cuda
2025-10-14 06:18:03,343 - INFO - Epoch [10/500], Train Loss: 0.348790, Val Loss: 0.344863, R²: 0.7458, MAE: 0.3449
2025-10-14 06:18:21,422 - INFO - Epoch [20/500], Train Loss: 0.284511, Val Loss: 0.309739, R²: 0.8025, MAE: 0.3097
2025-10-14 06:18:40,779 - INFO - Epoch [30/500], Train Loss: 0.284749, Val Loss: 0.253024, R²: 0.8528, MAE: 0.2530
2025-10-14 06:19:00,208 - INFO - Epoch [40/500], Train Loss: 0.245731, Val Loss: 0.237316, R²: 0.8699, MAE: 0.2373
2025-10-14 06:19:19,896 - INFO - Epoch [50/500], Train Loss: 0.244928, Val Loss: 0.228719, R²: 0.8737, MAE: 0.2287
2025-10-14 06:19:37,299 - INFO - Epoch [60/500], Train Loss: 0.222835, Val Loss: 0.222173, R²: 0.8829, MAE: 0.2222
2025-10-14 06:19:54,974 - INFO - Epoch [70/500], Train Loss: 0.227656, Val Loss: 0.200089, R²: 0.8983, MAE: 0.2001
2025-10-14 06:20:12,403 - INFO - Epoch [80/500], Train Loss: 0.204933, Val Loss: 0.226723, R²: 0.8858, MAE: 0.2267
2025-10-14 06:20:30,089 - INFO - Epoch [90/500], Train Loss: 0.196164, Val Loss: 0.181253, R²: 0.9105, MAE: 0.1813
2025-10-14 06:20:47,466 - INFO - 已保存checkpoint: /home/data2/rhj/project/mol_editor/mol_evo/../mol_evo/output/v0/gcn_linear_linear/train-20251014_061714-gap_change-30000-500/checkpoint_epoch_100.pth
2025-10-14 06:20:47,633 - INFO - Epoch [100/500], Train Loss: 0.217794, Val Loss: 0.207041, R²: 0.8964, MAE: 0.2070
2025-10-14 06:21:06,058 - INFO - Epoch [110/500], Train Loss: 0.162037, Val Loss: 0.165633, R²: 0.9189, MAE: 0.1656
2025-10-14 06:21:23,501 - INFO - Epoch [120/500], Train Loss: 0.156500, Val Loss: 0.158612, R²: 0.9188, MAE: 0.1586
2025-10-14 06:21:40,543 - INFO - Epoch [130/500], Train Loss: 0.167126, Val Loss: 0.175350, R²: 0.9157, MAE: 0.1754
2025-10-14 06:21:57,803 - INFO - Epoch [140/500], Train Loss: 0.143559, Val Loss: 0.149714, R²: 0.9280, MAE: 0.1497
2025-10-14 06:22:15,251 - INFO - Epoch [150/500], Train Loss: 0.141494, Val Loss: 0.151189, R²: 0.9263, MAE: 0.1512
2025-10-14 06:22:32,447 - INFO - Epoch [160/500], Train Loss: 0.137145, Val Loss: 0.150845, R²: 0.9281, MAE: 0.1508
2025-10-14 06:22:49,457 - INFO - Epoch [170/500], Train Loss: 0.124783, Val Loss: 0.135053, R²: 0.9337, MAE: 0.1351
2025-10-14 06:23:06,631 - INFO - Epoch [180/500], Train Loss: 0.132496, Val Loss: 0.139515, R²: 0.9339, MAE: 0.1395
2025-10-14 06:23:23,771 - INFO - Epoch [190/500], Train Loss: 0.118279, Val Loss: 0.128383, R²: 0.9371, MAE: 0.1284
2025-10-14 06:23:40,703 - INFO - 已保存checkpoint: /home/data2/rhj/project/mol_editor/mol_evo/../mol_evo/output/v0/gcn_linear_linear/train-20251014_061714-gap_change-30000-500/checkpoint_epoch_200.pth
2025-10-14 06:23:40,883 - INFO - Epoch [200/500], Train Loss: 0.115720, Val Loss: 0.128777, R²: 0.9374, MAE: 0.1288
2025-10-14 06:23:58,316 - INFO - Epoch [210/500], Train Loss: 0.116101, Val Loss: 0.129968, R²: 0.9374, MAE: 0.1300
2025-10-14 06:24:15,637 - INFO - Epoch [220/500], Train Loss: 0.112273, Val Loss: 0.124601, R²: 0.9387, MAE: 0.1246
2025-10-14 06:24:33,428 - INFO - Epoch [230/500], Train Loss: 0.109191, Val Loss: 0.124183, R²: 0.9388, MAE: 0.1242
2025-10-14 06:24:51,148 - INFO - Epoch [240/500], Train Loss: 0.108391, Val Loss: 0.120885, R²: 0.9403, MAE: 0.1209
2025-10-14 06:25:08,507 - INFO - Epoch [250/500], Train Loss: 0.105494, Val Loss: 0.117884, R²: 0.9410, MAE: 0.1179
2025-10-14 06:25:26,173 - INFO - Epoch [260/500], Train Loss: 0.099466, Val Loss: 0.113152, R²: 0.9419, MAE: 0.1132
2025-10-14 06:25:45,124 - INFO - Epoch [270/500], Train Loss: 0.097622, Val Loss: 0.112047, R²: 0.9424, MAE: 0.1120
2025-10-14 06:26:02,476 - INFO - Epoch [280/500], Train Loss: 0.095768, Val Loss: 0.111700, R²: 0.9427, MAE: 0.1117
2025-10-14 06:26:19,943 - INFO - Epoch [290/500], Train Loss: 0.093697, Val Loss: 0.109349, R²: 0.9437, MAE: 0.1093
2025-10-14 06:26:37,388 - INFO - 已保存checkpoint: /home/data2/rhj/project/mol_editor/mol_evo/../mol_evo/output/v0/gcn_linear_linear/train-20251014_061714-gap_change-30000-500/checkpoint_epoch_300.pth
2025-10-14 06:26:37,569 - INFO - Epoch [300/500], Train Loss: 0.094157, Val Loss: 0.108918, R²: 0.9436, MAE: 0.1089
2025-10-14 06:26:55,098 - INFO - Epoch [310/500], Train Loss: 0.088712, Val Loss: 0.106815, R²: 0.9439, MAE: 0.1068
2025-10-14 06:27:13,010 - INFO - Epoch [320/500], Train Loss: 0.089248, Val Loss: 0.107464, R²: 0.9447, MAE: 0.1075
2025-10-14 06:27:30,351 - INFO - Epoch [330/500], Train Loss: 0.087717, Val Loss: 0.107283, R²: 0.9445, MAE: 0.1073
2025-10-14 06:27:48,640 - INFO - Epoch [340/500], Train Loss: 0.086683, Val Loss: 0.104244, R²: 0.9453, MAE: 0.1042
2025-10-14 06:28:06,251 - INFO - Epoch [350/500], Train Loss: 0.085316, Val Loss: 0.104170, R²: 0.9450, MAE: 0.1042
2025-10-14 06:28:23,768 - INFO - Epoch [360/500], Train Loss: 0.085355, Val Loss: 0.104993, R²: 0.9453, MAE: 0.1050
2025-10-14 06:28:41,108 - INFO - Epoch [370/500], Train Loss: 0.084239, Val Loss: 0.103578, R²: 0.9450, MAE: 0.1036
2025-10-14 06:28:58,778 - INFO - Epoch [380/500], Train Loss: 0.083652, Val Loss: 0.103562, R²: 0.9452, MAE: 0.1036
2025-10-14 06:29:16,697 - INFO - Epoch [390/500], Train Loss: 0.083266, Val Loss: 0.101235, R²: 0.9459, MAE: 0.1012
2025-10-14 06:29:34,404 - INFO - 已保存checkpoint: /home/data2/rhj/project/mol_editor/mol_evo/../mol_evo/output/v0/gcn_linear_linear/train-20251014_061714-gap_change-30000-500/checkpoint_epoch_400.pth
2025-10-14 06:29:34,571 - INFO - Epoch [400/500], Train Loss: 0.083390, Val Loss: 0.101291, R²: 0.9461, MAE: 0.1013
2025-10-14 06:29:51,927 - INFO - Epoch [410/500], Train Loss: 0.082239, Val Loss: 0.101696, R²: 0.9462, MAE: 0.1017
2025-10-14 06:30:09,598 - INFO - Epoch [420/500], Train Loss: 0.080965, Val Loss: 0.101043, R²: 0.9459, MAE: 0.1010
2025-10-14 06:30:27,428 - INFO - Epoch [430/500], Train Loss: 0.080357, Val Loss: 0.099537, R²: 0.9465, MAE: 0.0995
2025-10-14 06:30:44,964 - INFO - Epoch [440/500], Train Loss: 0.079980, Val Loss: 0.100524, R²: 0.9465, MAE: 0.1005
2025-10-14 06:31:02,412 - INFO - Epoch [450/500], Train Loss: 0.079238, Val Loss: 0.099718, R²: 0.9467, MAE: 0.0997
2025-10-14 06:31:19,643 - INFO - Epoch [460/500], Train Loss: 0.080523, Val Loss: 0.098159, R²: 0.9469, MAE: 0.0982
2025-10-14 06:31:37,468 - INFO - Epoch [470/500], Train Loss: 0.078458, Val Loss: 0.097974, R²: 0.9472, MAE: 0.0980
2025-10-14 06:31:54,274 - INFO - Epoch [480/500], Train Loss: 0.076778, Val Loss: 0.097269, R²: 0.9472, MAE: 0.0973
2025-10-14 06:32:11,457 - INFO - Epoch [490/500], Train Loss: 0.075829, Val Loss: 0.096598, R²: 0.9474, MAE: 0.0966
2025-10-14 06:32:28,237 - INFO - 已保存checkpoint: /home/data2/rhj/project/mol_editor/mol_evo/../mol_evo/output/v0/gcn_linear_linear/train-20251014_061714-gap_change-30000-500/checkpoint_epoch_500.pth
2025-10-14 06:32:28,398 - INFO - Epoch [500/500], Train Loss: 0.075336, Val Loss: 0.097168, R²: 0.9476, MAE: 0.0972
2025-10-14 06:32:28,399 - INFO - 开始训练 (500 轮)...
2025-10-14 06:32:29,490 - INFO - 模型已保存至: /home/data2/rhj/project/mol_editor/mol_evo/../mol_evo/output/v0/gcn_linear_linear/train-20251014_061714-gap_change-30000-500/last.pth
2025-10-14 06:32:29,490 - INFO - 
2025-10-14 06:32:29,490 - INFO - ============================================================
2025-10-14 06:32:29,490 - INFO - 训练完成 - 最终评估结果
2025-10-14 06:32:29,490 - INFO - ============================================================
2025-10-14 06:32:29,490 - INFO - 测试集损失: 0.102313
2025-10-14 06:32:29,490 - INFO - RMSE: 0.235095
2025-10-14 06:32:29,491 - INFO - MAE: 0.102313
2025-10-14 06:32:29,491 - INFO - R²: 0.942537
2025-10-14 06:32:29,491 - INFO - PCC: 0.970879
2025-10-14 06:32:29,491 - INFO - Rank Loss: 0.379032
2025-10-14 06:32:29,491 - INFO - 
2025-10-14 06:32:29,491 - INFO - 阈值准确率:
2025-10-14 06:32:29,491 - INFO -   阈值 0.5: 95.10%
2025-10-14 06:32:29,491 - INFO -   阈值 0.4: 93.83%
2025-10-14 06:32:29,491 - INFO -   阈值 0.30000000000000004: 92.53%
2025-10-14 06:32:29,491 - INFO -   阈值 0.20000000000000004: 89.03%
2025-10-14 06:32:29,491 - INFO -   阈值 0.10000000000000003: 77.65%
2025-10-14 06:32:29,491 - INFO -   阈值 0.05000000000000002: 60.91%
2025-10-14 06:32:29,491 - INFO -   阈值 0.040000000000000015: 55.04%
2025-10-14 06:32:29,491 - INFO -   阈值 0.030000000000000013: 47.20%
2025-10-14 06:32:29,491 - INFO - 
2025-10-14 06:32:29,491 - INFO - 训练完成:
2025-10-14 06:32:29,491 - INFO -   - 最终训练损失: 0.075336
2025-10-14 06:32:29,491 - INFO -   - 最佳验证损失: 0.096345
2025-10-14 06:32:29,491 - INFO -   - 测试损失 (MSE): 0.102313
2025-10-14 06:32:29,491 - INFO -   - 测试RMSE: 0.235095
2025-10-14 06:32:29,491 - INFO -   - 测试MAE: 0.102313
2025-10-14 06:32:29,491 - INFO -   - 测试R²: 0.942537
2025-10-14 06:32:29,491 - INFO -   - 测试PCC: 0.970879
2025-10-14 06:32:29,491 - INFO -   - 测试Rank Loss: 0.379032
2025-10-14 06:32:29,491 - INFO -   - 测试阈值准确率 (0.5): 0.9510
2025-10-14 06:32:29,492 - INFO -   - 测试阈值准确率 (0.4): 0.9383
2025-10-14 06:32:29,492 - INFO -   - 测试阈值准确率 (0.30000000000000004): 0.9253
2025-10-14 06:32:29,492 - INFO -   - 测试阈值准确率 (0.20000000000000004): 0.8903
2025-10-14 06:32:29,492 - INFO -   - 测试阈值准确率 (0.10000000000000003): 0.7765
2025-10-14 06:32:29,492 - INFO -   - 测试阈值准确率 (0.05000000000000002): 0.6091
2025-10-14 06:32:29,492 - INFO -   - 测试阈值准确率 (0.040000000000000015): 0.5504
2025-10-14 06:32:29,492 - INFO -   - 测试阈值准确率 (0.030000000000000013): 0.4720
2025-10-14 06:32:29,492 - INFO -   - 模型已保存到: /home/data2/rhj/project/mol_editor/mol_evo/../mol_evo/output/v0/gcn_linear_linear/train-20251014_061714-gap_change-30000-500/last.pth
