
=== 开始处理分子 1/50: CC(O)(C=O)C=O ===
时间: 2025-12-18 05:38:32
初始属性值: -7.1184983253479
状态: success
耗时: 118.75 秒
优化结果数量: 0
topK结果数量: 3

=== 开始处理分子 2/50: COCCOC=O ===
时间: 2025-12-18 05:40:31
初始属性值: -7.355237483978271
状态: success
耗时: 459.76 秒
优化结果数量: 0
topK结果数量: 3

=== 开始处理分子 3/50: Oc1ncn[nH]1 ===
时间: 2025-12-18 05:48:11
初始属性值: -6.674952983856201
状态: success
耗时: 213.97 秒
优化结果数量: 0
topK结果数量: 3

=== 开始处理分子 4/50: Nc1ncn[nH]1 ===
时间: 2025-12-18 05:51:45
初始属性值: -6.171542167663574
状态: success
耗时: 165.31 秒
优化结果数量: 0
topK结果数量: 3

=== 开始处理分子 5/50: CC#CC(C)(C)C ===
时间: 2025-12-18 05:54:30
初始属性值: -6.541617393493652
状态: success
耗时: 498.53 秒
优化结果数量: 0
topK结果数量: 3

=== 开始处理分子 6/50: C#CCCC#CC ===
时间: 2025-12-18 06:02:49
初始属性值: -6.713048934936523
状态: success
耗时: 667.43 秒
优化结果数量: 0
topK结果数量: 3

=== 开始处理分子 7/50: CCCOCC ===
时间: 2025-12-18 06:13:56
初始属性值: -6.751144886016846
状态: success
耗时: 1136.35 秒
优化结果数量: 0
topK结果数量: 3

=== 开始处理分子 8/50: OC1CCCC1 ===
时间: 2025-12-18 06:32:53
初始属性值: -7.077681541442871
状态: success
耗时: 977.85 秒
优化结果数量: 0
topK结果数量: 3

=== 开始处理分子 9/50: CCC(C)(C)CC ===
时间: 2025-12-18 06:49:11
初始属性值: -8.119877815246582
状态: success
耗时: 1614.10 秒
优化结果数量: 0
topK结果数量: 3

=== 开始处理分子 10/50: C#CC(C)(C)CC ===
时间: 2025-12-18 07:16:05
初始属性值: -6.996047019958496
状态: success
耗时: 1107.57 秒
优化结果数量: 0
topK结果数量: 3

=== 开始处理分子 11/50: NC(=O)C#CCO ===
时间: 2025-12-18 07:34:33
初始属性值: -6.960672855377197
状态: success
耗时: 1101.19 秒
优化结果数量: 0
topK结果数量: 3

=== 开始处理分子 12/50: NC(=O)C#CC=O ===
时间: 2025-12-18 07:52:54
初始属性值: -7.5566020011901855
状态: success
耗时: 767.16 秒
优化结果数量: 0
topK结果数量: 3

=== 开始处理分子 13/50: COCC(C)(C)O ===
时间: 2025-12-18 08:05:41
初始属性值: -6.911692142486572
状态: success
耗时: 1830.85 秒
优化结果数量: 0
topK结果数量: 3

=== 开始处理分子 14/50: CCO[C@@H](C)CO ===
时间: 2025-12-18 08:36:12
初始属性值: -6.881759643554688
状态: success
耗时: 3289.27 秒
优化结果数量: 0
topK结果数量: 3

=== 开始处理分子 15/50: C#C[C@]1(C)CO1 ===
时间: 2025-12-18 09:31:01
初始属性值: -7.1184983253479
状态: success
耗时: 1638.50 秒
优化结果数量: 0
topK结果数量: 3

=== 开始处理分子 16/50: C#CC[C@H]1CO1 ===
时间: 2025-12-18 09:58:20
初始属性值: -7.104892730712891
状态: success
耗时: 1457.64 秒
优化结果数量: 0
topK结果数量: 3

=== 开始处理分子 17/50: C#CCOCC ===
时间: 2025-12-18 10:22:38
初始属性值: -6.930739879608154
状态: success
耗时: 1330.34 秒
优化结果数量: 0
topK结果数量: 3

=== 开始处理分子 18/50: CC#CCCCO ===
时间: 2025-12-18 10:44:48
初始属性值: -6.555222511291504
状态: success
耗时: 1781.43 秒
优化结果数量: 0
topK结果数量: 3

=== 开始处理分子 19/50: CC(C)(C)CC#N ===
时间: 2025-12-18 11:14:29
初始属性值: -8.533491134643555
状态: success
耗时: 1241.66 秒
优化结果数量: 0
topK结果数量: 3

=== 开始处理分子 20/50: CC(C)C#CC#N ===
时间: 2025-12-18 11:35:11
初始属性值: -7.689937114715576
状态: success
耗时: 816.79 秒
优化结果数量: 0
topK结果数量: 3

=== 开始处理分子 21/50: COCC(C)C ===
时间: 2025-12-18 11:48:48
初始属性值: -6.824615955352783
状态: success
耗时: 988.71 秒
优化结果数量: 0
topK结果数量: 3

=== 开始处理分子 22/50: CCCCOCC ===
时间: 2025-12-18 12:05:17
初始属性值: -6.740260601043701
状态: success
耗时: 1815.90 秒
优化结果数量: 0
topK结果数量: 3

=== 开始处理分子 23/50: Cc1c[nH]nn1 ===
时间: 2025-12-18 12:35:33
初始属性值: -6.8001251220703125
状态: success
耗时: 911.98 秒
优化结果数量: 0
topK结果数量: 3

=== 开始处理分子 24/50: Oc1c[nH]nn1 ===
时间: 2025-12-18 12:50:45
初始属性值: -6.329368591308594
状态: success
耗时: 485.85 秒
优化结果数量: 0
topK结果数量: 3

=== 开始处理分子 25/50: COCC(N)=O ===
时间: 2025-12-18 12:58:51
初始属性值: -6.704885482788086
状态: success
耗时: 2072.24 秒
优化结果数量: 0
topK结果数量: 3

=== 开始处理分子 26/50: [NH-][CH+]OC(N)=O ===
时间: 2025-12-18 13:33:24
初始属性值: -7.464083194732666
状态: success
耗时: 3146.24 秒
优化结果数量: 0
topK结果数量: 3

=== 开始处理分子 27/50: C[C@@H](CO)CC=O ===
时间: 2025-12-18 14:25:50
初始属性值: -6.8001251220703125
状态: success
耗时: 7255.88 秒
优化结果数量: 0
topK结果数量: 3

=== 开始处理分子 28/50: CCC(=O)CCO ===
时间: 2025-12-18 16:26:46
初始属性值: -6.655904769897461
状态: success
耗时: 4966.39 秒
优化结果数量: 0
topK结果数量: 3

=== 开始处理分子 29/50: O[C@H]1CCOC1 ===
时间: 2025-12-18 17:49:32
初始属性值: -6.606924533843994
状态: success
耗时: 5510.42 秒
优化结果数量: 0
topK结果数量: 3

=== 开始处理分子 30/50: C[C@H]1CCOC1 ===
时间: 2025-12-18 19:21:23
初始属性值: -6.479031085968018
状态: success
耗时: 5392.59 秒
优化结果数量: 0
topK结果数量: 3

=== 开始处理分子 31/50: C#CC#CCC ===
时间: 2025-12-18 20:51:16
初始属性值: -6.544338226318359
状态: success
耗时: 1422.14 秒
优化结果数量: 0
topK结果数量: 3

=== 开始处理分子 32/50: C#CCCCC ===
时间: 2025-12-18 21:14:58
初始属性值: -7.017816543579102
状态: success
耗时: 4170.41 秒
优化结果数量: 0
topK结果数量: 3

=== 开始处理分子 33/50: CC(C)OCC=O ===
时间: 2025-12-18 22:24:28
初始属性值: -6.928018569946289
状态: success
耗时: 6819.83 秒
优化结果数量: 0
topK结果数量: 3

=== 开始处理分子 34/50: CCCC(=O)NC ===
时间: 2025-12-19 00:18:08
初始属性值: -6.566107273101807
状态: success
耗时: 7521.84 秒
优化结果数量: 0
topK结果数量: 3

=== 开始处理分子 35/50: C[C@@H](O)CC#N ===
时间: 2025-12-19 02:23:30
初始属性值: -7.798782825469971
状态: success
耗时: 3811.28 秒
优化结果数量: 0
topK结果数量: 3

=== 开始处理分子 36/50: CC(=O)CC#N ===
时间: 2025-12-19 03:27:03
初始属性值: -7.45591926574707
状态: success
耗时: 3545.93 秒
优化结果数量: 0
topK结果数量: 3

=== 开始处理分子 37/50: CCCCCC ===
时间: 2025-12-19 04:26:09
初始属性值: -8.269539833068848
状态: success
耗时: 2851.44 秒
优化结果数量: 0
topK结果数量: 3

=== 开始处理分子 38/50: CCCCOC ===
时间: 2025-12-19 05:13:40
初始属性值: -6.791961669921875
状态: success
耗时: 1303.39 秒
优化结果数量: 0
topK结果数量: 3

=== 开始处理分子 39/50: CC#CCOC ===
时间: 2025-12-19 05:35:24
初始属性值: -6.59604024887085
状态: success
耗时: 3872.68 秒
优化结果数量: 0
topK结果数量: 3

=== 开始处理分子 40/50: CCOC(=O)C#N ===
时间: 2025-12-19 06:39:56
初始属性值: -8.58519172668457
状态: success
耗时: 4369.43 秒
优化结果数量: 0
topK结果数量: 3

=== 开始处理分子 41/50: N#CC(=O)O[CH+][NH-] ===
时间: 2025-12-19 07:52:48
初始属性值: -8.4790678024292
状态: success
耗时: 2833.28 秒
优化结果数量: 0
topK结果数量: 3

=== 开始处理分子 42/50: CCOC(C)=O ===
时间: 2025-12-19 08:40:01
初始属性值: -7.221901416778564
状态: success
耗时: 5317.07 秒
优化结果数量: 0
topK结果数量: 3

=== 开始处理分子 43/50: CCNC(C)=O ===
时间: 2025-12-19 10:08:38
初始属性值: -6.536174774169922
状态: success
耗时: 5192.93 秒
优化结果数量: 0
topK结果数量: 3

=== 开始处理分子 44/50: C#C[C@@H]1C[C@@H]1O ===
时间: 2025-12-19 11:35:11
初始属性值: -6.819173336029053
状态: success
耗时: 6582.57 秒
优化结果数量: 0
topK结果数量: 3

=== 开始处理分子 45/50: CC[C@H]1C[C@H]1O ===
时间: 2025-12-19 13:24:54
初始属性值: -6.849106311798096
状态: success
耗时: 8855.03 秒
优化结果数量: 0
topK结果数量: 3

=== 开始处理分子 46/50: O=CCCCO ===
时间: 2025-12-19 15:52:31
初始属性值: -6.8354997634887695
状态: success
耗时: 7192.42 秒
优化结果数量: 0
topK结果数量: 3

=== 开始处理分子 47/50: CC(CO)CO ===
时间: 2025-12-19 17:52:23
初始属性值: -7.094007968902588
状态: success
耗时: 6353.27 秒
优化结果数量: 0
topK结果数量: 3

=== 开始处理分子 48/50: CC(=O)C(C)(C)O ===
时间: 2025-12-19 19:38:16
初始属性值: -6.544338226318359
状态: success
耗时: 7766.32 秒
优化结果数量: 0
topK结果数量: 3

=== 开始处理分子 49/50: CC(C)CCC=O ===
时间: 2025-12-19 21:47:43
初始属性值: -6.734817981719971
状态: success
耗时: 7426.48 秒
优化结果数量: 0
topK结果数量: 3

=== 开始处理分子 50/50: CC(=O)C#CCO ===
时间: 2025-12-19 23:51:29
初始属性值: -7.001489162445068
状态: success
耗时: 2834.96 秒
优化结果数量: 0
topK结果数量: 3

=== 批量处理完成 ===
总耗时: 154813.80 秒
平均每个分子耗时: 3096.28 秒
