2025-10-14 16:00:12,523 - INFO - ============================================================
2025-10-14 16:00:12,523 - INFO - 基于NNConv的分子进化预测器模型训练开始
2025-10-14 16:00:12,523 - INFO - ============================================================
2025-10-14 16:00:12,523 - INFO - 数据文件: mol_evo/dataset/data/qm9-evo-pairs-step-1-with-properties-pct.csv
2025-10-14 16:00:12,523 - INFO - 最大对数: 30000
2025-10-14 16:00:12,523 - INFO - 训练轮数: 100
2025-10-14 16:00:12,523 - INFO - 正在构建图数据: mol_evo/dataset/data/qm9-evo-pairs-step-1-with-properties-pct.csv
2025-10-14 16:00:14,285 - INFO - 加载缓存文件: /home/data2/rhj/project/mol_editor/mol_evo/core/utils/../../.cache/molecule_graphs/csv_qm9-evo-pairs-step-1-with-properties-pct_3cbb45cc1ac9202d.pt，包含 1994 个分子
2025-10-14 16:00:41,897 - INFO - 分子处理统计: 总数=60000, 命中=59967, 未命中=33, 命中率=99.94%
2025-10-14 16:00:41,923 - INFO - --- 训练集样本示例 (头部数据) ---
2025-10-14 16:00:41,923 - INFO -   样本       起始节点数        起始边数         目标节点数        目标边数         边特征             目标属性值          
2025-10-14 16:00:41,923 - INFO -   --------------------------------------------------------------------------------
2025-10-14 16:00:41,923 - INFO -   1        5            8            8            14           [1.0, 0.0, 0.   0.023518       
2025-10-14 16:00:41,923 - INFO -   2        3            4            6            10           [1.0, 0.0, 0.   -0.273184      
2025-10-14 16:00:41,923 - INFO -   3        4            6            11           20           [1.0, 0.0, 0.   0.077970       
2025-10-14 16:00:41,924 - INFO -   --------------------------------------------------------------------------------
2025-10-14 16:00:41,924 - INFO - 
数据构建完成:
2025-10-14 16:00:41,924 - INFO -   项目                   值                   
2025-10-14 16:00:41,924 - INFO -   ----------------------------------------
2025-10-14 16:00:41,924 - INFO -   样本数                  29967               
2025-10-14 16:00:41,924 - INFO -   节点特征维度               11                  
2025-10-14 16:00:41,924 - INFO -   边特征维度                11                  
2025-10-14 16:00:41,924 - INFO -   目标属性变化维度             1                   
2025-10-14 16:00:41,926 - INFO - 数据集划分完成:
2025-10-14 16:00:41,926 - INFO -   - 训练集: 23973 (80.0%)
2025-10-14 16:00:41,926 - INFO -   - 验证集: 2996 (10.0%)
2025-10-14 16:00:41,926 - INFO -   - 测试集: 2998 (10.0%)
2025-10-14 16:00:42,144 - INFO - 正在创建模型...
2025-10-14 16:00:42,144 - INFO - 模型参数数量: 4451405
2025-10-14 16:00:42,145 - INFO - 使用设备: cuda
