2025-10-08 13:27:00,454 - nnconv_training - INFO - ============================================================
2025-10-08 13:27:00,454 - nnconv_training - INFO - 基于NNConv的分子进化预测器模型训练开始
2025-10-08 13:27:00,454 - nnconv_training - INFO - ============================================================
2025-10-08 13:27:00,454 - nnconv_training - INFO - 数据文件: mol_evo/dataset/data/qm9-evo-pairs-step-1-with-properties.csv
2025-10-08 13:27:00,454 - nnconv_training - INFO - 最大对数: 100
2025-10-08 13:27:00,454 - nnconv_training - INFO - 训练轮数: 20
2025-10-08 13:27:00,454 - nnconv_training - INFO - 正在构建图数据: mol_evo/dataset/data/qm9-evo-pairs-step-1-with-properties.csv
2025-10-08 13:27:00,899 - nnconv_training - INFO - 数据构建完成:
2025-10-08 13:27:00,900 - nnconv_training - INFO -   - 节点数: 71
2025-10-08 13:27:00,900 - nnconv_training - INFO -   - 边数: 100
2025-10-08 13:27:00,900 - nnconv_training - INFO -   - 节点特征维度: 2048
2025-10-08 13:27:00,900 - nnconv_training - INFO -   - 边特征维度: 11
2025-10-08 13:27:00,900 - nnconv_training - INFO -   - 目标属性变化维度: 15
2025-10-08 13:27:00,902 - nnconv_training - INFO - 数据集划分完成:
2025-10-08 13:27:00,902 - nnconv_training - INFO -   - 训练集: 70 (70.0%)
2025-10-08 13:27:00,902 - nnconv_training - INFO -   - 验证集: 10 (10.0%)
2025-10-08 13:27:00,902 - nnconv_training - INFO -   - 测试集: 20 (20.0%)
2025-10-08 13:27:00,902 - nnconv_training - INFO - 正在创建模型...
2025-10-08 13:27:00,960 - nnconv_training - INFO - 模型参数数量: 6791951
2025-10-08 13:27:00,960 - nnconv_training - INFO - 开始训练 (20 轮)...
2025-10-08 13:27:01,620 - nnconv_training - INFO - Epoch [10/20], Train Loss: 0.543123, Val Loss: 0.363434, R²: 0.3808, MAE: 0.3958
2025-10-08 13:27:02,088 - nnconv_training - INFO - Epoch [20/20], Train Loss: 0.404040, Val Loss: 0.328844, R²: 0.4397, MAE: 0.3501
2025-10-08 13:27:02,099 - nnconv_training - INFO - 原始尺度评估指标:
2025-10-08 13:27:02,099 - nnconv_training - INFO -   - MSE: 7313.173340
2025-10-08 13:27:02,099 - nnconv_training - INFO -   - RMSE: 85.517097
2025-10-08 13:27:02,099 - nnconv_training - INFO -   - MAE: 36.348076
2025-10-08 13:27:02,100 - nnconv_training - INFO - 各维度阈值准确率:
Threshold   A        B        C        mu       alpha    homo     lumo     gap      r2       zpve     U0       U        H        G        Cv       
---------------------------------------------------------------------------------------------------------------------------------------------------
@0.100      0.1500   0.4000   0.4500   0.0500   0.1000   0.1500   0.2500   0.3000   0.1000   0.0500   0.3000   0.3000   0.3000   0.4000   0.1000   
@0.050      0.1500   0.1500   0.0500   0.0000   0.0500   0.0500   0.2000   0.1500   0.0500   0.0000   0.1000   0.1500   0.2000   0.2500   0.1000
2025-10-08 13:27:03,082 - nnconv_training - INFO - 训练完成:
2025-10-08 13:27:03,082 - nnconv_training - INFO -   - 最终训练损失: 0.404040
2025-10-08 13:27:03,083 - nnconv_training - INFO -   - 最佳验证损失: 0.301364
2025-10-08 13:27:03,083 - nnconv_training - INFO -   - 测试损失 (MSE): 1.207548
2025-10-08 13:27:03,083 - nnconv_training - INFO -   - 测试RMSE: 1.098885
2025-10-08 13:27:03,083 - nnconv_training - INFO -   - 测试MAE: 0.577958
2025-10-08 13:27:03,083 - nnconv_training - INFO -   - 测试R²: 0.294050
2025-10-08 13:27:03,083 - nnconv_training - INFO -   - 测试阈值准确率 (0.1, 所有维度): 0.0000
2025-10-08 13:27:03,083 - nnconv_training - INFO -   - 测试阈值准确率 (0.1, 平均): 0.2267
2025-10-08 13:27:03,083 - nnconv_training - INFO -   - 测试阈值准确率 (0.05, 所有维度): 0.0000
2025-10-08 13:27:03,083 - nnconv_training - INFO -   - 测试阈值准确率 (0.05, 平均): 0.1100
2025-10-08 13:27:03,083 - nnconv_training - INFO -   - 原始尺度MSE: 7313.173340
2025-10-08 13:27:03,083 - nnconv_training - INFO -   - 原始尺度RMSE: 85.517097
2025-10-08 13:27:03,083 - nnconv_training - INFO -   - 原始尺度MAE: 36.348076
2025-10-08 13:27:03,083 - nnconv_training - INFO -   - 模型已保存到: /Users/havoc420/Documents/Projects/python/mol-evo/mol_evo/../mol_evo/model-data/training_20251008_132700/molecule_evolution_nnconv_predictor.pth
