2025-10-23 04:20:50,542 - INFO - ============================================================
2025-10-23 04:20:50,542 - INFO - 数据文件: mol_evo/dataset/data/qm9-evo-pairs-step-1-with-properties-pct.csv
2025-10-23 04:20:50,542 - INFO - 最大对数: 30000
2025-10-23 04:20:50,542 - INFO - 训练轮数: 200
2025-10-23 04:20:50,542 - INFO - ============================================================
2025-10-23 04:20:50,543 - INFO - 正在构建图数据: mol_evo/dataset/data/qm9-evo-pairs-step-1-with-properties-pct.csv
2025-10-23 04:20:51,151 - INFO - 加载缓存文件: /home/data2/rhj/project/mol_editor/mol_evo/core/utils/../../.cache/molecule_graphs/csv_qm9-evo-pairs-step-1-with-properties-pct_3cbb45cc1ac9202d.pt，包含 1994 个分子
2025-10-23 04:20:55,388 - WARNING - 跳过第25871行分子对: [H]O/N=C(\C([H])([H])[H])C([H])([H])C(C([H])([H])[H])(C([H])([H])[H])C([H])([H])[H] -> [H]ONC1C([H])([H])[C@]23C([H])([H])[C@]([H])(C2([H])[H])[C@@]13[H] (数据为None)
2025-10-23 04:20:56,232 - WARNING - 跳过第25984行分子对: [H]O/N=C(/C([H])([H])C([H])([H])[H])C(C([H])([H])[H])(C([H])([H])[H])C([H])([H])[H] -> [H]ONC1C([H])([H])[C@]23C([H])([H])[C@]([H])(C2([H])[H])[C@@]13[H] (数据为None)
2025-10-23 04:20:57,086 - WARNING - 跳过第26175行分子对: [H]O/N=C(\C([H])([H])[H])C(C([H])([H])[H])(C([H])([H])[H])C([H])([H])C([H])([H])[H] -> [H]ONC1C([H])([H])[C@]23C([H])([H])[C@]([H])(C2([H])[H])[C@@]13[H] (数据为None)
2025-10-23 04:20:57,978 - WARNING - 跳过第26431行分子对: [H]O/N=C(\C([H])([H])[H])C([H])([H])C([H])([H])C([H])(C([H])([H])[H])C([H])([H])[H] -> [H]ONC1C([H])([H])[C@]23C([H])([H])[C@]([H])(C2([H])[H])[C@@]13[H] (数据为None)
2025-10-23 04:20:58,748 - WARNING - 跳过第26530行分子对: [H]ONC1C(C([H])([H])[H])(C([H])([H])[H])C([H])([H])[C@]1([H])C([H])([H])[H] -> [H]ONC1C([H])([H])[C@]23C([H])([H])[C@]([H])(C2([H])[H])[C@@]13[H] (数据为None)
2025-10-23 04:20:59,541 - WARNING - 跳过第26630行分子对: [H]ONC1C([H])=C([H])C(C([H])([H])[H])(C([H])([H])[H])C1([H])[H] -> [H]ONC1C([H])([H])[C@]23C([H])([H])[C@]([H])(C2([H])[H])[C@@]13[H] (数据为None)
2025-10-23 04:21:00,323 - WARNING - 跳过第26691行分子对: [H]ONC1C([H])([H])C([H])([H])C(C([H])([H])[H])(C([H])([H])[H])C1([H])[H] -> [H]ONC1C([H])([H])[C@]23C([H])([H])[C@]([H])(C2([H])[H])[C@@]13[H] (数据为None)
2025-10-23 04:21:01,164 - WARNING - 跳过第26895行分子对: [H]O/N=C(\C([H])([H])C([H])([H])[H])C([H])([H])C([H])(C([H])([H])[H])C([H])([H])[H] -> [H]ONC1C([H])([H])[C@]23C([H])([H])[C@]([H])(C2([H])[H])[C@@]13[H] (数据为None)
2025-10-23 04:21:02,012 - WARNING - 跳过第27044行分子对: [H]C#C[C@]1(C([H])([H])[H])C([H])([H])[C@@H](NO[H])C1([H])[H] -> [H]ONC1C([H])([H])[C@]23C([H])([H])[C@]([H])(C2([H])[H])[C@@]13[H] (数据为None)
2025-10-23 04:21:02,870 - WARNING - 跳过第27152行分子对: [H]ON[C@H]1C([H])([H])[C@](C([H])([H])[H])(C([H])([H])C([H])([H])[H])C1([H])[H] -> [H]ONC1C([H])([H])[C@]23C([H])([H])[C@]([H])(C2([H])[H])[C@@]13[H] (数据为None)
2025-10-23 04:21:03,680 - WARNING - 跳过第27266行分子对: [H]O/N=C(\C([H])([H])[H])C([H])([H])C1(C([H])([H])[H])C([H])([H])C1([H])[H] -> [H]ONC1C([H])([H])[C@]23C([H])([H])[C@]([H])(C2([H])[H])[C@@]13[H] (数据为None)
2025-10-23 04:21:04,521 - WARNING - 跳过第27714行分子对: [H]O/N=C(\C([H])([H])[H])C([H])([H])C([H])([H])C([H])([H])C([H])([H])C([H])([H])[H] -> [H]ONC1C([H])([H])[C@]23C([H])([H])[C@]([H])(C2([H])[H])[C@@]13[H] (数据为None)
2025-10-23 04:21:05,346 - WARNING - 跳过第27835行分子对: [H]ONC1C([H])([H])C([H])=C([H])C1(C([H])([H])[H])C([H])([H])[H] -> [H]ONC1C([H])([H])[C@]23C([H])([H])[C@]([H])(C2([H])[H])[C@@]13[H] (数据为None)
2025-10-23 04:21:06,172 - WARNING - 跳过第27878行分子对: [H]ONC1=C([H])[C-]([H])C([H])([H])C1(C([H])([H])[H])C([H])([H])[H] -> [H]ONC1C([H])([H])[C@]23C([H])([H])[C@]([H])(C2([H])[H])[C@@]13[H] (数据为None)
2025-10-23 04:21:06,962 - WARNING - 跳过第27924行分子对: [H]ONC1C([H])([H])C([H])([H])C([H])([H])C1(C([H])([H])[H])C([H])([H])[H] -> [H]ONC1C([H])([H])[C@]23C([H])([H])[C@]([H])(C2([H])[H])[C@@]13[H] (数据为None)
2025-10-23 04:21:07,838 - WARNING - 跳过第28107行分子对: [H]ON=C(C([H])([H])C([H])([H])C([H])([H])[H])C([H])([H])C([H])([H])C([H])([H])[H] -> [H]ONC1C([H])([H])[C@]23C([H])([H])[C@]([H])(C2([H])[H])[C@@]13[H] (数据为None)
2025-10-23 04:21:08,706 - WARNING - 跳过第28312行分子对: [H]O/N=C(/C([H])([H])C([H])([H])C([H])([H])[H])C([H])(C([H])([H])[H])C([H])([H])[H] -> [H]ONC1C([H])([H])[C@]23C([H])([H])[C@]([H])(C2([H])[H])[C@@]13[H] (数据为None)
2025-10-23 04:21:09,568 - WARNING - 跳过第28519行分子对: [H]ON=C(C([H])(C([H])([H])[H])C([H])([H])[H])C([H])(C([H])([H])[H])C([H])([H])[H] -> [H]ONC1C([H])([H])[C@]23C([H])([H])[C@]([H])(C2([H])[H])[C@@]13[H] (数据为None)
2025-10-23 04:21:10,406 - WARNING - 跳过第28649行分子对: [H]O/N=C(\C([H])([H])[H])C1(C([H])([H])[H])C([H])([H])C([H])([H])C1([H])[H] -> [H]ONC1C([H])([H])[C@]23C([H])([H])[C@]([H])(C2([H])[H])[C@@]13[H] (数据为None)
2025-10-23 04:21:11,266 - WARNING - 跳过第28853行分子对: [H]ON[C@H]1C([H])([H])[C@]([H])(C([H])(C([H])([H])[H])C([H])([H])[H])C1([H])[H] -> [H]ONC1C([H])([H])[C@]23C([H])([H])[C@]([H])(C2([H])[H])[C@@]13[H] (数据为None)
2025-10-23 04:21:12,089 - WARNING - 跳过第28960行分子对: [H]O/N=C(\C([H])([H])[H])[C@]1([H])C([H])([H])[C@@]([H])(C([H])([H])[H])C1([H])[H] -> [H]ONC1C([H])([H])[C@]23C([H])([H])[C@]([H])(C2([H])[H])[C@@]13[H] (数据为None)
2025-10-23 04:21:12,927 - WARNING - 跳过第29052行分子对: [H]ONC1C([H])=C(C([H])([H])[H])C([H])([H])C([H])([H])C1([H])[H] -> [H]ONC1C([H])([H])[C@]23C([H])([H])[C@]([H])(C2([H])[H])[C@@]13[H] (数据为None)
2025-10-23 04:21:13,834 - WARNING - 跳过第29115行分子对: [H]ONC1C([H])([H])C(C([H])([H])[H])=C([H])C([H])([H])C1([H])[H] -> [H]ONC1C([H])([H])[C@]23C([H])([H])[C@]([H])(C2([H])[H])[C@@]13[H] (数据为None)
2025-10-23 04:21:14,691 - WARNING - 跳过第29191行分子对: [H]ONC1C([H])([H])C([H])([H])C([H])([H])[C@]([H])(C([H])([H])[H])C1([H])[H] -> [H]ONC1C([H])([H])[C@]23C([H])([H])[C@]([H])(C2([H])[H])[C@@]13[H] (数据为None)
2025-10-23 04:21:15,531 - WARNING - 跳过第29259行分子对: [H]ONC1C([H])([H])C(C([H])([H])[H])=C(C([H])([H])[H])C1([H])[H] -> [H]ONC1C([H])([H])[C@]23C([H])([H])[C@]([H])(C2([H])[H])[C@@]13[H] (数据为None)
2025-10-23 04:21:16,387 - WARNING - 跳过第29362行分子对: [H]ONC1C([H])([H])C(C([H])([H])[H])=C([H])[C@]1([H])C([H])([H])[H] -> [H]ONC1C([H])([H])[C@]23C([H])([H])[C@]([H])(C2([H])[H])[C@@]13[H] (数据为None)
2025-10-23 04:21:16,937 - WARNING - 跳过第29437行分子对: [H][N-]C1O[C@]([H])(C([H])([H])[H])C(NO[H])C1([H])[H] -> [H]ONC1C([H])([H])[C@]23C([H])([H])[N@@H+](C2([H])[H])[C@@]13[H] (数据为None)
2025-10-23 04:21:17,801 - WARNING - 跳过第29554行分子对: [H]ONC1C([H])([H])[C@]2([H])C([H])([H])[C@@]1(C([H])([H])[H])C2([H])[H] -> [H]ONC1C([H])([H])[C@]23C([H])([H])[C@]([H])(C2([H])[H])[C@@]13[H] (数据为None)
2025-10-23 04:21:18,650 - WARNING - 跳过第29644行分子对: [H]O/N=C(\C([H])([H])[H])C([H])([H])C1([H])C([H])([H])C([H])([H])C1([H])[H] -> [H]ONC1C([H])([H])[C@]23C([H])([H])[C@]([H])(C2([H])[H])[C@@]13[H] (数据为None)
2025-10-23 04:21:19,451 - WARNING - 跳过第29737行分子对: [H]C#CC([H])([H])[C@]1([H])C([H])([H])[C@@H](NO[H])C1([H])[H] -> [H]ONC1C([H])([H])[C@]23C([H])([H])[C@]([H])(C2([H])[H])[C@@]13[H] (数据为None)
2025-10-23 04:21:20,299 - WARNING - 跳过第29820行分子对: [H]ON[C@H]1C([H])([H])[C@]([H])(C#CC([H])([H])[H])C1([H])[H] -> [H]ONC1C([H])([H])[C@]23C([H])([H])[C@]([H])(C2([H])[H])[C@@]13[H] (数据为None)
2025-10-23 04:21:21,148 - WARNING - 跳过第29860行分子对: [H]ON[C@H]1C([H])([H])[C@]([H])(C([H])([H])C([H])([H])C([H])([H])[H])C1([H])[H] -> [H]ONC1C([H])([H])[C@]23C([H])([H])[C@]([H])(C2([H])[H])[C@@]13[H] (数据为None)
2025-10-23 04:21:21,978 - WARNING - 跳过第29968行分子对: [H]ONC1C([H])([H])C2(C1([H])[H])C([H])([H])C([H])([H])C2([H])[H] -> [H]ONC1C([H])([H])[C@]23C([H])([H])[C@]([H])(C2([H])[H])[C@@]13[H] (数据为None)
2025-10-23 04:21:22,036 - INFO - 分子处理统计: 总数=60000, 命中=59967, 未命中=33, 命中率=99.94%
2025-10-23 04:21:22,067 - INFO - --- 训练集样本示例 (头部数据) ---
2025-10-23 04:21:22,067 - INFO -   样本       起始节点数        起始边数         目标节点数        目标边数         边特征             目标属性值          
2025-10-23 04:21:22,067 - INFO -   --------------------------------------------------------------------------------
2025-10-23 04:21:22,067 - INFO -   1        5            8            8            14           [1.0, 0.0, 0.   0.023518       
2025-10-23 04:21:22,068 - INFO -   2        3            4            6            10           [1.0, 0.0, 0.   -0.273184      
2025-10-23 04:21:22,068 - INFO -   3        4            6            11           20           [1.0, 0.0, 0.   0.077970       
2025-10-23 04:21:22,068 - INFO -   --------------------------------------------------------------------------------
2025-10-23 04:21:22,068 - INFO - 
数据构建完成:
2025-10-23 04:21:22,068 - INFO -   项目                   值                   
2025-10-23 04:21:22,068 - INFO -   ---------------------------------------- --------------------
2025-10-23 04:21:22,068 - INFO -   样本数                  29967               
2025-10-23 04:21:22,068 - INFO -   节点特征维度               11                  
2025-10-23 04:21:22,068 - INFO -   边特征维度                11                  
2025-10-23 04:21:22,068 - INFO -   目标属性变化维度             1                   
2025-10-23 04:21:22,070 - INFO - 数据集划分完成:
2025-10-23 04:21:22,070 - INFO -   - 训练集: 23973 (80.0%)
2025-10-23 04:21:22,071 - INFO -   - 验证集: 2996 (10.0%)
2025-10-23 04:21:22,071 - INFO -   - 测试集: 2998 (10.0%)
2025-10-23 04:21:22,133 - INFO - 正在创建模型...
2025-10-23 04:21:22,133 - INFO - 模型参数数量: 2812801
2025-10-23 04:21:22,134 - INFO - 使用设备: cuda
2025-10-23 04:31:04,886 - INFO - Epoch [10/200], Train Loss: 0.354277, Val Loss: 0.355758, R²: 0.6310, MAE: 0.3558
2025-10-23 04:40:34,019 - INFO - Epoch [20/200], Train Loss: 0.271439, Val Loss: 0.280082, R²: 0.7500, MAE: 0.2801
2025-10-23 04:49:49,953 - INFO - Epoch [30/200], Train Loss: 0.193660, Val Loss: 0.198330, R²: 0.8477, MAE: 0.1983
2025-10-23 04:58:10,058 - INFO - Epoch [40/200], Train Loss: 0.186978, Val Loss: 0.207477, R²: 0.8678, MAE: 0.2075
2025-10-23 05:07:42,631 - INFO - Epoch [50/200], Train Loss: 0.159201, Val Loss: 0.146998, R²: 0.9046, MAE: 0.1470
2025-10-23 05:17:16,677 - INFO - Epoch [60/200], Train Loss: 0.141291, Val Loss: 0.190367, R²: 0.8883, MAE: 0.1904
2025-10-23 05:26:53,642 - INFO - Epoch [70/200], Train Loss: 0.124765, Val Loss: 0.138424, R²: 0.9217, MAE: 0.1384
2025-10-23 05:36:31,625 - INFO - Epoch [80/200], Train Loss: 0.101353, Val Loss: 0.123071, R²: 0.9350, MAE: 0.1231
2025-10-23 05:46:08,984 - INFO - Epoch [90/200], Train Loss: 0.068139, Val Loss: 0.087059, R²: 0.9436, MAE: 0.0871
2025-10-23 05:55:50,289 - INFO - 已保存checkpoint: /home/data2/rhj/project/mol_editor/mol_evo/../mol_evo/output/v0/MoleculeEvolutionTensornetLinearPredictor/train-20251023_042050-mu_change-30000-200/checkpoint_epoch_100.pth
2025-10-23 05:55:51,831 - INFO - Epoch [100/200], Train Loss: 0.061785, Val Loss: 0.077185, R²: 0.9505, MAE: 0.0772
2025-10-23 06:05:37,858 - INFO - Epoch [110/200], Train Loss: 0.058529, Val Loss: 0.076195, R²: 0.9535, MAE: 0.0762
2025-10-23 06:15:14,742 - INFO - Epoch [120/200], Train Loss: 0.040330, Val Loss: 0.056113, R²: 0.9595, MAE: 0.0561
2025-10-23 06:24:59,008 - INFO - Epoch [130/200], Train Loss: 0.036262, Val Loss: 0.053428, R²: 0.9612, MAE: 0.0534
2025-10-23 06:34:37,530 - INFO - Epoch [140/200], Train Loss: 0.035947, Val Loss: 0.058096, R²: 0.9615, MAE: 0.0581
2025-10-23 06:44:19,096 - INFO - Epoch [150/200], Train Loss: 0.036039, Val Loss: 0.058648, R²: 0.9625, MAE: 0.0586
2025-10-23 06:54:06,468 - INFO - Epoch [160/200], Train Loss: 0.032976, Val Loss: 0.060474, R²: 0.9639, MAE: 0.0605
2025-10-23 07:03:53,111 - INFO - Epoch [170/200], Train Loss: 0.025224, Val Loss: 0.046232, R²: 0.9654, MAE: 0.0462
2025-10-23 07:13:35,477 - INFO - Epoch [180/200], Train Loss: 0.025020, Val Loss: 0.041638, R²: 0.9663, MAE: 0.0416
2025-10-23 07:23:20,321 - INFO - Epoch [190/200], Train Loss: 0.023076, Val Loss: 0.041589, R²: 0.9666, MAE: 0.0416
2025-10-23 07:33:05,295 - INFO - 已保存checkpoint: /home/data2/rhj/project/mol_editor/mol_evo/../mol_evo/output/v0/MoleculeEvolutionTensornetLinearPredictor/train-20251023_042050-mu_change-30000-200/checkpoint_epoch_200.pth
2025-10-23 07:33:06,895 - INFO - Epoch [200/200], Train Loss: 0.021951, Val Loss: 0.040714, R²: 0.9676, MAE: 0.0407
2025-10-23 07:33:06,896 - INFO - 开始训练 (200 轮)...
2025-10-23 07:33:09,699 - INFO - 模型已保存至: /home/data2/rhj/project/mol_editor/mol_evo/../mol_evo/output/v0/MoleculeEvolutionTensornetLinearPredictor/train-20251023_042050-mu_change-30000-200/last.pth
2025-10-23 07:33:09,700 - INFO - 
2025-10-23 07:33:09,700 - INFO - ============================================================
2025-10-23 07:33:09,700 - INFO - 训练完成 - 最终评估结果
2025-10-23 07:33:09,700 - INFO - ============================================================
2025-10-23 07:33:09,700 - INFO - 测试集损失: 0.038078
2025-10-23 07:33:09,700 - INFO - RMSE: 0.146212
2025-10-23 07:33:09,700 - INFO - MAE: 0.038078
2025-10-23 07:33:09,700 - INFO - R²: 0.976339
2025-10-23 07:33:09,700 - INFO - PCC: 0.988140
2025-10-23 07:33:09,700 - INFO - Rank Loss: 0.321589
2025-10-23 07:33:09,700 - INFO - 
2025-10-23 07:33:09,700 - INFO - 阈值准确率:
2025-10-23 07:33:09,700 - INFO -   阈值 0.5: 98.43%
2025-10-23 07:33:09,700 - INFO -   阈值 0.4: 98.13%
2025-10-23 07:33:09,700 - INFO -   阈值 0.30000000000000004: 97.73%
2025-10-23 07:33:09,700 - INFO -   阈值 0.20000000000000004: 96.80%
2025-10-23 07:33:09,700 - INFO -   阈值 0.10000000000000003: 94.16%
2025-10-23 07:33:09,700 - INFO -   阈值 0.05000000000000002: 89.29%
2025-10-23 07:33:09,700 - INFO -   阈值 0.040000000000000015: 86.56%
2025-10-23 07:33:09,700 - INFO -   阈值 0.030000000000000013: 81.59%
2025-10-23 07:33:09,700 - INFO -   阈值 0.02000000000000001: 71.81%
2025-10-23 07:33:09,701 - INFO -   阈值 0.01000000000000001: 48.70%
2025-10-23 07:33:09,701 - INFO - 
2025-10-23 07:33:09,701 - INFO - 训练完成:
2025-10-23 07:33:09,701 - INFO -   - 最终训练损失: 0.021951
2025-10-23 07:33:09,701 - INFO -   - 最佳验证损失: 0.040044
2025-10-23 07:33:09,701 - INFO -   - 测试损失 (MSE): 0.038078
2025-10-23 07:33:09,701 - INFO -   - 测试RMSE: 0.146212
2025-10-23 07:33:09,701 - INFO -   - 测试MAE: 0.038078
2025-10-23 07:33:09,701 - INFO -   - 测试R²: 0.976339
2025-10-23 07:33:09,701 - INFO -   - 测试PCC: 0.988140
2025-10-23 07:33:09,701 - INFO -   - 测试Rank Loss: 0.321589
2025-10-23 07:33:09,701 - INFO -   - 测试阈值准确率 (0.5): 0.9843
2025-10-23 07:33:09,701 - INFO -   - 测试阈值准确率 (0.4): 0.9813
2025-10-23 07:33:09,701 - INFO -   - 测试阈值准确率 (0.30000000000000004): 0.9773
2025-10-23 07:33:09,701 - INFO -   - 测试阈值准确率 (0.20000000000000004): 0.9680
2025-10-23 07:33:09,701 - INFO -   - 测试阈值准确率 (0.10000000000000003): 0.9416
2025-10-23 07:33:09,701 - INFO -   - 测试阈值准确率 (0.05000000000000002): 0.8929
2025-10-23 07:33:09,701 - INFO -   - 测试阈值准确率 (0.040000000000000015): 0.8656
2025-10-23 07:33:09,701 - INFO -   - 测试阈值准确率 (0.030000000000000013): 0.8159
2025-10-23 07:33:09,701 - INFO -   - 测试阈值准确率 (0.02000000000000001): 0.7181
2025-10-23 07:33:09,701 - INFO -   - 测试阈值准确率 (0.01000000000000001): 0.4870
2025-10-23 07:33:09,701 - INFO -   - 模型已保存到: /home/data2/rhj/project/mol_editor/mol_evo/../mol_evo/output/v0/MoleculeEvolutionTensornetLinearPredictor/train-20251023_042050-mu_change-30000-200/last.pth
2025-10-23 07:33:09,702 - INFO - 训练结果已保存到: /home/data2/rhj/project/mol_editor/mol_evo/../mol_evo/output/v0/MoleculeEvolutionTensornetLinearPredictor/train-20251023_042050-mu_change-30000-200/training_results.json
2025-10-23 07:33:09,702 - INFO - 模型目录: /home/data2/rhj/project/mol_editor/mol_evo/../mol_evo/output/v0/MoleculeEvolutionTensornetLinearPredictor/train-20251023_042050-mu_change-30000-200
