2025-10-13 09:44:39,636 - INFO - training_file - ============================================================
2025-10-13 09:44:39,643 - INFO - training_console - ============================================================
2025-10-13 09:44:39,643 - INFO - training_file - 基于NNConv的分子进化预测器模型训练开始
2025-10-13 09:44:39,643 - INFO - training_console - 基于NNConv的分子进化预测器模型训练开始
2025-10-13 09:44:39,643 - INFO - training_file - ============================================================
2025-10-13 09:44:39,643 - INFO - training_console - ============================================================
2025-10-13 09:44:39,643 - INFO - training_file - 数据文件: mol_evo/dataset/data/qm9-evo-pairs-step-1-with-properties-pct.csv
2025-10-13 09:44:39,643 - INFO - training_console - 数据文件: mol_evo/dataset/data/qm9-evo-pairs-step-1-with-properties-pct.csv
2025-10-13 09:44:39,643 - INFO - training_file - 最大对数: 30000
2025-10-13 09:44:39,643 - INFO - training_console - 最大对数: 30000
2025-10-13 09:44:39,643 - INFO - training_file - 训练轮数: 500
2025-10-13 09:44:39,644 - INFO - training_console - 训练轮数: 500
2025-10-13 09:44:39,644 - INFO - training_file - 正在构建图数据: mol_evo/dataset/data/qm9-evo-pairs-step-1-with-properties-pct.csv
2025-10-13 09:44:39,644 - INFO - training_console - 正在构建图数据: mol_evo/dataset/data/qm9-evo-pairs-step-1-with-properties-pct.csv
2025-10-13 09:44:41,306 - INFO - training_file - 加载缓存文件: /home/data2/rhj/project/mol_editor/mol_evo/core/utils/../../.cache/molecule_graphs/csv_qm9-evo-pairs-step-1-with-properties-pct_3cbb45cc1ac9202d.pt，包含 1994 个分子
2025-10-13 09:44:41,306 - INFO - training_console - 加载缓存文件: /home/data2/rhj/project/mol_editor/mol_evo/core/utils/../../.cache/molecule_graphs/csv_qm9-evo-pairs-step-1-with-properties-pct_3cbb45cc1ac9202d.pt，包含 1994 个分子
2025-10-13 09:44:44,492 - WARNING - training_file - 跳过无法处理的分子对: [H]O/N=C(\C([H])([H])[H])C([H])([H])C(C([H])([H])[H])(C([H])([H])[H])C([H])([H])[H] -> [H]ONC1C([H])([H])[C@]23C([H])([H])[C@]([H])(C2([H])[H])[C@@]13[H]
2025-10-13 09:44:44,493 - WARNING - training_console - 跳过无法处理的分子对: [H]O/N=C(\C([H])([H])[H])C([H])([H])C(C([H])([H])[H])(C([H])([H])[H])C([H])([H])[H] -> [H]ONC1C([H])([H])[C@]23C([H])([H])[C@]([H])(C2([H])[H])[C@@]13[H]
2025-10-13 09:44:45,200 - WARNING - training_file - 跳过无法处理的分子对: [H]O/N=C(/C([H])([H])C([H])([H])[H])C(C([H])([H])[H])(C([H])([H])[H])C([H])([H])[H] -> [H]ONC1C([H])([H])[C@]23C([H])([H])[C@]([H])(C2([H])[H])[C@@]13[H]
2025-10-13 09:44:45,200 - WARNING - training_console - 跳过无法处理的分子对: [H]O/N=C(/C([H])([H])C([H])([H])[H])C(C([H])([H])[H])(C([H])([H])[H])C([H])([H])[H] -> [H]ONC1C([H])([H])[C@]23C([H])([H])[C@]([H])(C2([H])[H])[C@@]13[H]
2025-10-13 09:44:45,901 - WARNING - training_file - 跳过无法处理的分子对: [H]O/N=C(\C([H])([H])[H])C(C([H])([H])[H])(C([H])([H])[H])C([H])([H])C([H])([H])[H] -> [H]ONC1C([H])([H])[C@]23C([H])([H])[C@]([H])(C2([H])[H])[C@@]13[H]
2025-10-13 09:44:45,901 - WARNING - training_console - 跳过无法处理的分子对: [H]O/N=C(\C([H])([H])[H])C(C([H])([H])[H])(C([H])([H])[H])C([H])([H])C([H])([H])[H] -> [H]ONC1C([H])([H])[C@]23C([H])([H])[C@]([H])(C2([H])[H])[C@@]13[H]
2025-10-13 09:44:46,658 - WARNING - training_file - 跳过无法处理的分子对: [H]O/N=C(\C([H])([H])[H])C([H])([H])C([H])([H])C([H])(C([H])([H])[H])C([H])([H])[H] -> [H]ONC1C([H])([H])[C@]23C([H])([H])[C@]([H])(C2([H])[H])[C@@]13[H]
2025-10-13 09:44:46,658 - WARNING - training_console - 跳过无法处理的分子对: [H]O/N=C(\C([H])([H])[H])C([H])([H])C([H])([H])C([H])(C([H])([H])[H])C([H])([H])[H] -> [H]ONC1C([H])([H])[C@]23C([H])([H])[C@]([H])(C2([H])[H])[C@@]13[H]
2025-10-13 09:44:47,360 - WARNING - training_file - 跳过无法处理的分子对: [H]ONC1C(C([H])([H])[H])(C([H])([H])[H])C([H])([H])[C@]1([H])C([H])([H])[H] -> [H]ONC1C([H])([H])[C@]23C([H])([H])[C@]([H])(C2([H])[H])[C@@]13[H]
2025-10-13 09:44:47,360 - WARNING - training_console - 跳过无法处理的分子对: [H]ONC1C(C([H])([H])[H])(C([H])([H])[H])C([H])([H])[C@]1([H])C([H])([H])[H] -> [H]ONC1C([H])([H])[C@]23C([H])([H])[C@]([H])(C2([H])[H])[C@@]13[H]
2025-10-13 09:44:48,071 - WARNING - training_file - 跳过无法处理的分子对: [H]ONC1C([H])=C([H])C(C([H])([H])[H])(C([H])([H])[H])C1([H])[H] -> [H]ONC1C([H])([H])[C@]23C([H])([H])[C@]([H])(C2([H])[H])[C@@]13[H]
2025-10-13 09:44:48,071 - WARNING - training_console - 跳过无法处理的分子对: [H]ONC1C([H])=C([H])C(C([H])([H])[H])(C([H])([H])[H])C1([H])[H] -> [H]ONC1C([H])([H])[C@]23C([H])([H])[C@]([H])(C2([H])[H])[C@@]13[H]
2025-10-13 09:44:48,768 - WARNING - training_file - 跳过无法处理的分子对: [H]ONC1C([H])([H])C([H])([H])C(C([H])([H])[H])(C([H])([H])[H])C1([H])[H] -> [H]ONC1C([H])([H])[C@]23C([H])([H])[C@]([H])(C2([H])[H])[C@@]13[H]
2025-10-13 09:44:48,768 - WARNING - training_console - 跳过无法处理的分子对: [H]ONC1C([H])([H])C([H])([H])C(C([H])([H])[H])(C([H])([H])[H])C1([H])[H] -> [H]ONC1C([H])([H])[C@]23C([H])([H])[C@]([H])(C2([H])[H])[C@@]13[H]
2025-10-13 09:44:49,473 - WARNING - training_file - 跳过无法处理的分子对: [H]O/N=C(\C([H])([H])C([H])([H])[H])C([H])([H])C([H])(C([H])([H])[H])C([H])([H])[H] -> [H]ONC1C([H])([H])[C@]23C([H])([H])[C@]([H])(C2([H])[H])[C@@]13[H]
2025-10-13 09:44:49,474 - WARNING - training_console - 跳过无法处理的分子对: [H]O/N=C(\C([H])([H])C([H])([H])[H])C([H])([H])C([H])(C([H])([H])[H])C([H])([H])[H] -> [H]ONC1C([H])([H])[C@]23C([H])([H])[C@]([H])(C2([H])[H])[C@@]13[H]
2025-10-13 09:44:50,183 - WARNING - training_file - 跳过无法处理的分子对: [H]C#C[C@]1(C([H])([H])[H])C([H])([H])[C@@H](NO[H])C1([H])[H] -> [H]ONC1C([H])([H])[C@]23C([H])([H])[C@]([H])(C2([H])[H])[C@@]13[H]
2025-10-13 09:44:50,183 - WARNING - training_console - 跳过无法处理的分子对: [H]C#C[C@]1(C([H])([H])[H])C([H])([H])[C@@H](NO[H])C1([H])[H] -> [H]ONC1C([H])([H])[C@]23C([H])([H])[C@]([H])(C2([H])[H])[C@@]13[H]
2025-10-13 09:44:50,900 - WARNING - training_file - 跳过无法处理的分子对: [H]ON[C@H]1C([H])([H])[C@](C([H])([H])[H])(C([H])([H])C([H])([H])[H])C1([H])[H] -> [H]ONC1C([H])([H])[C@]23C([H])([H])[C@]([H])(C2([H])[H])[C@@]13[H]
2025-10-13 09:44:50,900 - WARNING - training_console - 跳过无法处理的分子对: [H]ON[C@H]1C([H])([H])[C@](C([H])([H])[H])(C([H])([H])C([H])([H])[H])C1([H])[H] -> [H]ONC1C([H])([H])[C@]23C([H])([H])[C@]([H])(C2([H])[H])[C@@]13[H]
2025-10-13 09:44:51,595 - WARNING - training_file - 跳过无法处理的分子对: [H]O/N=C(\C([H])([H])[H])C([H])([H])C1(C([H])([H])[H])C([H])([H])C1([H])[H] -> [H]ONC1C([H])([H])[C@]23C([H])([H])[C@]([H])(C2([H])[H])[C@@]13[H]
2025-10-13 09:44:51,595 - WARNING - training_console - 跳过无法处理的分子对: [H]O/N=C(\C([H])([H])[H])C([H])([H])C1(C([H])([H])[H])C([H])([H])C1([H])[H] -> [H]ONC1C([H])([H])[C@]23C([H])([H])[C@]([H])(C2([H])[H])[C@@]13[H]
2025-10-13 09:44:52,332 - WARNING - training_file - 跳过无法处理的分子对: [H]O/N=C(\C([H])([H])[H])C([H])([H])C([H])([H])C([H])([H])C([H])([H])C([H])([H])[H] -> [H]ONC1C([H])([H])[C@]23C([H])([H])[C@]([H])(C2([H])[H])[C@@]13[H]
2025-10-13 09:44:52,332 - WARNING - training_console - 跳过无法处理的分子对: [H]O/N=C(\C([H])([H])[H])C([H])([H])C([H])([H])C([H])([H])C([H])([H])C([H])([H])[H] -> [H]ONC1C([H])([H])[C@]23C([H])([H])[C@]([H])(C2([H])[H])[C@@]13[H]
2025-10-13 09:44:53,018 - WARNING - training_file - 跳过无法处理的分子对: [H]ONC1C([H])([H])C([H])=C([H])C1(C([H])([H])[H])C([H])([H])[H] -> [H]ONC1C([H])([H])[C@]23C([H])([H])[C@]([H])(C2([H])[H])[C@@]13[H]
2025-10-13 09:44:53,018 - WARNING - training_console - 跳过无法处理的分子对: [H]ONC1C([H])([H])C([H])=C([H])C1(C([H])([H])[H])C([H])([H])[H] -> [H]ONC1C([H])([H])[C@]23C([H])([H])[C@]([H])(C2([H])[H])[C@@]13[H]
2025-10-13 09:44:53,716 - WARNING - training_file - 跳过无法处理的分子对: [H]ONC1=C([H])[C-]([H])C([H])([H])C1(C([H])([H])[H])C([H])([H])[H] -> [H]ONC1C([H])([H])[C@]23C([H])([H])[C@]([H])(C2([H])[H])[C@@]13[H]
2025-10-13 09:44:53,716 - WARNING - training_console - 跳过无法处理的分子对: [H]ONC1=C([H])[C-]([H])C([H])([H])C1(C([H])([H])[H])C([H])([H])[H] -> [H]ONC1C([H])([H])[C@]23C([H])([H])[C@]([H])(C2([H])[H])[C@@]13[H]
2025-10-13 09:44:54,390 - WARNING - training_file - 跳过无法处理的分子对: [H]ONC1C([H])([H])C([H])([H])C([H])([H])C1(C([H])([H])[H])C([H])([H])[H] -> [H]ONC1C([H])([H])[C@]23C([H])([H])[C@]([H])(C2([H])[H])[C@@]13[H]
2025-10-13 09:44:54,390 - WARNING - training_console - 跳过无法处理的分子对: [H]ONC1C([H])([H])C([H])([H])C([H])([H])C1(C([H])([H])[H])C([H])([H])[H] -> [H]ONC1C([H])([H])[C@]23C([H])([H])[C@]([H])(C2([H])[H])[C@@]13[H]
2025-10-13 09:44:55,109 - WARNING - training_file - 跳过无法处理的分子对: [H]ON=C(C([H])([H])C([H])([H])C([H])([H])[H])C([H])([H])C([H])([H])C([H])([H])[H] -> [H]ONC1C([H])([H])[C@]23C([H])([H])[C@]([H])(C2([H])[H])[C@@]13[H]
2025-10-13 09:44:55,109 - WARNING - training_console - 跳过无法处理的分子对: [H]ON=C(C([H])([H])C([H])([H])C([H])([H])[H])C([H])([H])C([H])([H])C([H])([H])[H] -> [H]ONC1C([H])([H])[C@]23C([H])([H])[C@]([H])(C2([H])[H])[C@@]13[H]
2025-10-13 09:44:55,829 - WARNING - training_file - 跳过无法处理的分子对: [H]O/N=C(/C([H])([H])C([H])([H])C([H])([H])[H])C([H])(C([H])([H])[H])C([H])([H])[H] -> [H]ONC1C([H])([H])[C@]23C([H])([H])[C@]([H])(C2([H])[H])[C@@]13[H]
2025-10-13 09:44:55,829 - WARNING - training_console - 跳过无法处理的分子对: [H]O/N=C(/C([H])([H])C([H])([H])C([H])([H])[H])C([H])(C([H])([H])[H])C([H])([H])[H] -> [H]ONC1C([H])([H])[C@]23C([H])([H])[C@]([H])(C2([H])[H])[C@@]13[H]
2025-10-13 09:44:56,722 - WARNING - training_file - 跳过无法处理的分子对: [H]ON=C(C([H])(C([H])([H])[H])C([H])([H])[H])C([H])(C([H])([H])[H])C([H])([H])[H] -> [H]ONC1C([H])([H])[C@]23C([H])([H])[C@]([H])(C2([H])[H])[C@@]13[H]
2025-10-13 09:44:56,722 - WARNING - training_console - 跳过无法处理的分子对: [H]ON=C(C([H])(C([H])([H])[H])C([H])([H])[H])C([H])(C([H])([H])[H])C([H])([H])[H] -> [H]ONC1C([H])([H])[C@]23C([H])([H])[C@]([H])(C2([H])[H])[C@@]13[H]
2025-10-13 09:44:57,442 - WARNING - training_file - 跳过无法处理的分子对: [H]O/N=C(\C([H])([H])[H])C1(C([H])([H])[H])C([H])([H])C([H])([H])C1([H])[H] -> [H]ONC1C([H])([H])[C@]23C([H])([H])[C@]([H])(C2([H])[H])[C@@]13[H]
2025-10-13 09:44:57,442 - WARNING - training_console - 跳过无法处理的分子对: [H]O/N=C(\C([H])([H])[H])C1(C([H])([H])[H])C([H])([H])C([H])([H])C1([H])[H] -> [H]ONC1C([H])([H])[C@]23C([H])([H])[C@]([H])(C2([H])[H])[C@@]13[H]
2025-10-13 09:44:58,162 - WARNING - training_file - 跳过无法处理的分子对: [H]ON[C@H]1C([H])([H])[C@]([H])(C([H])(C([H])([H])[H])C([H])([H])[H])C1([H])[H] -> [H]ONC1C([H])([H])[C@]23C([H])([H])[C@]([H])(C2([H])[H])[C@@]13[H]
2025-10-13 09:44:58,162 - WARNING - training_console - 跳过无法处理的分子对: [H]ON[C@H]1C([H])([H])[C@]([H])(C([H])(C([H])([H])[H])C([H])([H])[H])C1([H])[H] -> [H]ONC1C([H])([H])[C@]23C([H])([H])[C@]([H])(C2([H])[H])[C@@]13[H]
2025-10-13 09:44:58,857 - WARNING - training_file - 跳过无法处理的分子对: [H]O/N=C(\C([H])([H])[H])[C@]1([H])C([H])([H])[C@@]([H])(C([H])([H])[H])C1([H])[H] -> [H]ONC1C([H])([H])[C@]23C([H])([H])[C@]([H])(C2([H])[H])[C@@]13[H]
2025-10-13 09:44:58,857 - WARNING - training_console - 跳过无法处理的分子对: [H]O/N=C(\C([H])([H])[H])[C@]1([H])C([H])([H])[C@@]([H])(C([H])([H])[H])C1([H])[H] -> [H]ONC1C([H])([H])[C@]23C([H])([H])[C@]([H])(C2([H])[H])[C@@]13[H]
2025-10-13 09:44:59,576 - WARNING - training_file - 跳过无法处理的分子对: [H]ONC1C([H])=C(C([H])([H])[H])C([H])([H])C([H])([H])C1([H])[H] -> [H]ONC1C([H])([H])[C@]23C([H])([H])[C@]([H])(C2([H])[H])[C@@]13[H]
2025-10-13 09:44:59,576 - WARNING - training_console - 跳过无法处理的分子对: [H]ONC1C([H])=C(C([H])([H])[H])C([H])([H])C([H])([H])C1([H])[H] -> [H]ONC1C([H])([H])[C@]23C([H])([H])[C@]([H])(C2([H])[H])[C@@]13[H]
2025-10-13 09:45:00,279 - WARNING - training_file - 跳过无法处理的分子对: [H]ONC1C([H])([H])C(C([H])([H])[H])=C([H])C([H])([H])C1([H])[H] -> [H]ONC1C([H])([H])[C@]23C([H])([H])[C@]([H])(C2([H])[H])[C@@]13[H]
2025-10-13 09:45:00,279 - WARNING - training_console - 跳过无法处理的分子对: [H]ONC1C([H])([H])C(C([H])([H])[H])=C([H])C([H])([H])C1([H])[H] -> [H]ONC1C([H])([H])[C@]23C([H])([H])[C@]([H])(C2([H])[H])[C@@]13[H]
2025-10-13 09:45:00,996 - WARNING - training_file - 跳过无法处理的分子对: [H]ONC1C([H])([H])C([H])([H])C([H])([H])[C@]([H])(C([H])([H])[H])C1([H])[H] -> [H]ONC1C([H])([H])[C@]23C([H])([H])[C@]([H])(C2([H])[H])[C@@]13[H]
2025-10-13 09:45:00,996 - WARNING - training_console - 跳过无法处理的分子对: [H]ONC1C([H])([H])C([H])([H])C([H])([H])[C@]([H])(C([H])([H])[H])C1([H])[H] -> [H]ONC1C([H])([H])[C@]23C([H])([H])[C@]([H])(C2([H])[H])[C@@]13[H]
2025-10-13 09:45:01,704 - WARNING - training_file - 跳过无法处理的分子对: [H]ONC1C([H])([H])C(C([H])([H])[H])=C(C([H])([H])[H])C1([H])[H] -> [H]ONC1C([H])([H])[C@]23C([H])([H])[C@]([H])(C2([H])[H])[C@@]13[H]
2025-10-13 09:45:01,704 - WARNING - training_console - 跳过无法处理的分子对: [H]ONC1C([H])([H])C(C([H])([H])[H])=C(C([H])([H])[H])C1([H])[H] -> [H]ONC1C([H])([H])[C@]23C([H])([H])[C@]([H])(C2([H])[H])[C@@]13[H]
2025-10-13 09:45:02,418 - WARNING - training_file - 跳过无法处理的分子对: [H]ONC1C([H])([H])C(C([H])([H])[H])=C([H])[C@]1([H])C([H])([H])[H] -> [H]ONC1C([H])([H])[C@]23C([H])([H])[C@]([H])(C2([H])[H])[C@@]13[H]
2025-10-13 09:45:02,418 - WARNING - training_console - 跳过无法处理的分子对: [H]ONC1C([H])([H])C(C([H])([H])[H])=C([H])[C@]1([H])C([H])([H])[H] -> [H]ONC1C([H])([H])[C@]23C([H])([H])[C@]([H])(C2([H])[H])[C@@]13[H]
2025-10-13 09:45:02,899 - WARNING - training_file - 跳过无法处理的分子对: [H][N-]C1O[C@]([H])(C([H])([H])[H])C(NO[H])C1([H])[H] -> [H]ONC1C([H])([H])[C@]23C([H])([H])[N@@H+](C2([H])[H])[C@@]13[H]
2025-10-13 09:45:02,899 - WARNING - training_console - 跳过无法处理的分子对: [H][N-]C1O[C@]([H])(C([H])([H])[H])C(NO[H])C1([H])[H] -> [H]ONC1C([H])([H])[C@]23C([H])([H])[N@@H+](C2([H])[H])[C@@]13[H]
2025-10-13 09:45:03,621 - WARNING - training_file - 跳过无法处理的分子对: [H]ONC1C([H])([H])[C@]2([H])C([H])([H])[C@@]1(C([H])([H])[H])C2([H])[H] -> [H]ONC1C([H])([H])[C@]23C([H])([H])[C@]([H])(C2([H])[H])[C@@]13[H]
2025-10-13 09:45:03,621 - WARNING - training_console - 跳过无法处理的分子对: [H]ONC1C([H])([H])[C@]2([H])C([H])([H])[C@@]1(C([H])([H])[H])C2([H])[H] -> [H]ONC1C([H])([H])[C@]23C([H])([H])[C@]([H])(C2([H])[H])[C@@]13[H]
2025-10-13 09:45:04,328 - WARNING - training_file - 跳过无法处理的分子对: [H]O/N=C(\C([H])([H])[H])C([H])([H])C1([H])C([H])([H])C([H])([H])C1([H])[H] -> [H]ONC1C([H])([H])[C@]23C([H])([H])[C@]([H])(C2([H])[H])[C@@]13[H]
2025-10-13 09:45:04,328 - WARNING - training_console - 跳过无法处理的分子对: [H]O/N=C(\C([H])([H])[H])C([H])([H])C1([H])C([H])([H])C([H])([H])C1([H])[H] -> [H]ONC1C([H])([H])[C@]23C([H])([H])[C@]([H])(C2([H])[H])[C@@]13[H]
2025-10-13 09:45:05,024 - WARNING - training_file - 跳过无法处理的分子对: [H]C#CC([H])([H])[C@]1([H])C([H])([H])[C@@H](NO[H])C1([H])[H] -> [H]ONC1C([H])([H])[C@]23C([H])([H])[C@]([H])(C2([H])[H])[C@@]13[H]
2025-10-13 09:45:05,024 - WARNING - training_console - 跳过无法处理的分子对: [H]C#CC([H])([H])[C@]1([H])C([H])([H])[C@@H](NO[H])C1([H])[H] -> [H]ONC1C([H])([H])[C@]23C([H])([H])[C@]([H])(C2([H])[H])[C@@]13[H]
2025-10-13 09:45:05,736 - WARNING - training_file - 跳过无法处理的分子对: [H]ON[C@H]1C([H])([H])[C@]([H])(C#CC([H])([H])[H])C1([H])[H] -> [H]ONC1C([H])([H])[C@]23C([H])([H])[C@]([H])(C2([H])[H])[C@@]13[H]
2025-10-13 09:45:05,737 - WARNING - training_console - 跳过无法处理的分子对: [H]ON[C@H]1C([H])([H])[C@]([H])(C#CC([H])([H])[H])C1([H])[H] -> [H]ONC1C([H])([H])[C@]23C([H])([H])[C@]([H])(C2([H])[H])[C@@]13[H]
2025-10-13 09:45:06,467 - WARNING - training_file - 跳过无法处理的分子对: [H]ON[C@H]1C([H])([H])[C@]([H])(C([H])([H])C([H])([H])C([H])([H])[H])C1([H])[H] -> [H]ONC1C([H])([H])[C@]23C([H])([H])[C@]([H])(C2([H])[H])[C@@]13[H]
2025-10-13 09:45:06,467 - WARNING - training_console - 跳过无法处理的分子对: [H]ON[C@H]1C([H])([H])[C@]([H])(C([H])([H])C([H])([H])C([H])([H])[H])C1([H])[H] -> [H]ONC1C([H])([H])[C@]23C([H])([H])[C@]([H])(C2([H])[H])[C@@]13[H]
2025-10-13 09:45:07,170 - WARNING - training_file - 跳过无法处理的分子对: [H]ONC1C([H])([H])C2(C1([H])[H])C([H])([H])C([H])([H])C2([H])[H] -> [H]ONC1C([H])([H])[C@]23C([H])([H])[C@]([H])(C2([H])[H])[C@@]13[H]
2025-10-13 09:45:07,170 - WARNING - training_console - 跳过无法处理的分子对: [H]ONC1C([H])([H])C2(C1([H])[H])C([H])([H])C([H])([H])C2([H])[H] -> [H]ONC1C([H])([H])[C@]23C([H])([H])[C@]([H])(C2([H])[H])[C@@]13[H]
2025-10-13 09:45:07,199 - INFO - training_file - 分子处理统计: 总数=60000, 命中=59967, 未命中=33, 命中率=99.94%
2025-10-13 09:45:07,199 - INFO - training_console - 分子处理统计: 总数=60000, 命中=59967, 未命中=33, 命中率=99.94%
2025-10-13 09:45:07,230 - INFO - training_file - --- 训练集样本示例 (头部数据) ---
2025-10-13 09:45:07,230 - INFO - training_console - --- 训练集样本示例 (头部数据) ---
2025-10-13 09:45:07,231 - INFO - training_file -   样本       起始节点数        起始边数         目标节点数        目标边数         边特征             目标属性值          
2025-10-13 09:45:07,231 - INFO - training_console -   样本       起始节点数        起始边数         目标节点数        目标边数         边特征             目标属性值          
2025-10-13 09:45:07,231 - INFO - training_file -   --------------------------------------------------------------------------------
2025-10-13 09:45:07,231 - INFO - training_console -   --------------------------------------------------------------------------------
2025-10-13 09:45:07,231 - INFO - training_file -   1        5            8            8            14           [1.0, 0.0, 0.   -0.798788      
2025-10-13 09:45:07,231 - INFO - training_console -   1        5            8            8            14           [1.0, 0.0, 0.   -0.798788      
2025-10-13 09:45:07,231 - INFO - training_file -   2        3            4            6            10           [1.0, 0.0, 0.   -0.397409      
2025-10-13 09:45:07,231 - INFO - training_console -   2        3            4            6            10           [1.0, 0.0, 0.   -0.397409      
2025-10-13 09:45:07,231 - INFO - training_file -   3        4            6            11           20           [1.0, 0.0, 0.   1.210377       
2025-10-13 09:45:07,231 - INFO - training_console -   3        4            6            11           20           [1.0, 0.0, 0.   1.210377       
2025-10-13 09:45:07,231 - INFO - training_file -   --------------------------------------------------------------------------------
2025-10-13 09:45:07,232 - INFO - training_console -   --------------------------------------------------------------------------------
2025-10-13 09:45:07,232 - INFO - training_file - 
数据构建完成:
2025-10-13 09:45:07,232 - INFO - training_console - 
数据构建完成:
2025-10-13 09:45:07,232 - INFO - training_file -   项目                   值                   
2025-10-13 09:45:07,232 - INFO - training_console -   项目                   值                   
2025-10-13 09:45:07,232 - INFO - training_file -   ----------------------------------------
2025-10-13 09:45:07,232 - INFO - training_console -   ----------------------------------------
2025-10-13 09:45:07,232 - INFO - training_file -   样本数                  29967               
2025-10-13 09:45:07,232 - INFO - training_console -   样本数                  29967               
2025-10-13 09:45:07,232 - INFO - training_file -   节点特征维度               11                  
2025-10-13 09:45:07,232 - INFO - training_console -   节点特征维度               11                  
2025-10-13 09:45:07,232 - INFO - training_file -   边特征维度                11                  
2025-10-13 09:45:07,232 - INFO - training_console -   边特征维度                11                  
2025-10-13 09:45:07,232 - INFO - training_file -   目标属性变化维度             1                   
2025-10-13 09:45:07,232 - INFO - training_console -   目标属性变化维度             1                   
2025-10-13 09:45:07,235 - INFO - training_file - 数据集划分完成:
2025-10-13 09:45:07,235 - INFO - training_console - 数据集划分完成:
2025-10-13 09:45:07,235 - INFO - training_file -   - 训练集: 23973 (80.0%)
2025-10-13 09:45:07,235 - INFO - training_console -   - 训练集: 23973 (80.0%)
2025-10-13 09:45:07,235 - INFO - training_file -   - 验证集: 2996 (10.0%)
2025-10-13 09:45:07,235 - INFO - training_console -   - 验证集: 2996 (10.0%)
2025-10-13 09:45:07,235 - INFO - training_file -   - 测试集: 2998 (10.0%)
2025-10-13 09:45:07,235 - INFO - training_console -   - 测试集: 2998 (10.0%)
2025-10-13 09:45:07,309 - INFO - training_file - 正在创建模型...
2025-10-13 09:45:07,309 - INFO - training_console - 正在创建模型...
2025-10-13 09:45:07,309 - INFO - training_file - 模型参数数量: 980993
2025-10-13 09:45:07,309 - INFO - training_console - 模型参数数量: 980993
2025-10-13 09:45:07,309 - INFO - training_file - 使用设备: cuda
2025-10-13 09:45:07,309 - INFO - training_console - 使用设备: cuda
2025-10-13 09:45:34,361 - INFO - training_file - Epoch [10/500], Train Loss: 0.322792, Val Loss: 0.351197, R²: 0.7056, MAE: 0.3512
2025-10-13 09:46:00,774 - INFO - training_file - Epoch [20/500], Train Loss: 0.293613, Val Loss: 0.279984, R²: 0.7921, MAE: 0.2800
2025-10-13 09:46:27,255 - INFO - training_file - Epoch [30/500], Train Loss: 0.282861, Val Loss: 0.276536, R²: 0.8062, MAE: 0.2765
2025-10-13 09:46:53,588 - INFO - training_file - Epoch [40/500], Train Loss: 0.255382, Val Loss: 0.237249, R²: 0.8395, MAE: 0.2372
2025-10-13 09:47:19,977 - INFO - training_file - Epoch [50/500], Train Loss: 0.239250, Val Loss: 0.217231, R²: 0.8565, MAE: 0.2172
2025-10-13 09:47:46,082 - INFO - training_file - Epoch [60/500], Train Loss: 0.234486, Val Loss: 0.210174, R²: 0.8620, MAE: 0.2102
2025-10-13 09:48:12,439 - INFO - training_file - Epoch [70/500], Train Loss: 0.259389, Val Loss: 0.228865, R²: 0.8533, MAE: 0.2289
2025-10-13 09:48:38,587 - INFO - training_file - Epoch [80/500], Train Loss: 0.216820, Val Loss: 0.220779, R²: 0.8596, MAE: 0.2208
2025-10-13 09:49:04,826 - INFO - training_file - Epoch [90/500], Train Loss: 0.220790, Val Loss: 0.215205, R²: 0.8624, MAE: 0.2152
2025-10-13 09:49:30,721 - INFO - training_file - 已保存checkpoint: /home/data2/rhj/project/mol_editor/mol_evo/../mol_evo/output/v0/gcn/train-20251013_094439-gap_change_pct-30000-500/checkpoint_epoch_100.pth
2025-10-13 09:49:30,721 - INFO - training_console - 已保存checkpoint: /home/data2/rhj/project/mol_editor/mol_evo/../mol_evo/output/v0/gcn/train-20251013_094439-gap_change_pct-30000-500/checkpoint_epoch_100.pth
2025-10-13 09:49:30,960 - INFO - training_file - Epoch [100/500], Train Loss: 0.186335, Val Loss: 0.185738, R²: 0.8803, MAE: 0.1857
2025-10-13 09:49:57,347 - INFO - training_file - Epoch [110/500], Train Loss: 0.198695, Val Loss: 0.206147, R²: 0.8722, MAE: 0.2061
2025-10-13 09:50:23,586 - INFO - training_file - Epoch [120/500], Train Loss: 0.173180, Val Loss: 0.184916, R²: 0.8836, MAE: 0.1849
2025-10-13 09:50:50,058 - INFO - training_file - Epoch [130/500], Train Loss: 0.160340, Val Loss: 0.165170, R²: 0.8934, MAE: 0.1652
2025-10-13 09:51:16,197 - INFO - training_file - Epoch [140/500], Train Loss: 0.154863, Val Loss: 0.165022, R²: 0.8945, MAE: 0.1650
2025-10-13 09:51:42,758 - INFO - training_file - Epoch [150/500], Train Loss: 0.151725, Val Loss: 0.160847, R²: 0.8959, MAE: 0.1608
2025-10-13 09:52:09,106 - INFO - training_file - Epoch [160/500], Train Loss: 0.145891, Val Loss: 0.157111, R²: 0.8973, MAE: 0.1571
2025-10-13 09:52:35,262 - INFO - training_file - Epoch [170/500], Train Loss: 0.143246, Val Loss: 0.159960, R²: 0.8970, MAE: 0.1600
2025-10-13 09:53:02,107 - INFO - training_file - Epoch [180/500], Train Loss: 0.146378, Val Loss: 0.154553, R²: 0.8994, MAE: 0.1546
2025-10-13 09:53:29,300 - INFO - training_file - Epoch [190/500], Train Loss: 0.140660, Val Loss: 0.154652, R²: 0.8989, MAE: 0.1547
2025-10-13 09:53:56,430 - INFO - training_file - 已保存checkpoint: /home/data2/rhj/project/mol_editor/mol_evo/../mol_evo/output/v0/gcn/train-20251013_094439-gap_change_pct-30000-500/checkpoint_epoch_200.pth
2025-10-13 09:53:56,430 - INFO - training_console - 已保存checkpoint: /home/data2/rhj/project/mol_editor/mol_evo/../mol_evo/output/v0/gcn/train-20251013_094439-gap_change_pct-30000-500/checkpoint_epoch_200.pth
2025-10-13 09:53:56,740 - INFO - training_file - Epoch [200/500], Train Loss: 0.140332, Val Loss: 0.149421, R²: 0.9021, MAE: 0.1494
2025-10-13 09:54:23,713 - INFO - training_file - Epoch [210/500], Train Loss: 0.147314, Val Loss: 0.160211, R²: 0.8996, MAE: 0.1602
2025-10-13 09:54:51,219 - INFO - training_file - Epoch [220/500], Train Loss: 0.132679, Val Loss: 0.150375, R²: 0.8998, MAE: 0.1504
2025-10-13 09:55:18,491 - INFO - training_file - Epoch [230/500], Train Loss: 0.131793, Val Loss: 0.149112, R²: 0.9030, MAE: 0.1491
2025-10-13 09:55:47,911 - INFO - training_file - Epoch [240/500], Train Loss: 0.132687, Val Loss: 0.170760, R²: 0.8957, MAE: 0.1708
2025-10-13 09:56:16,379 - INFO - training_file - Epoch [250/500], Train Loss: 0.125770, Val Loss: 0.143830, R²: 0.9059, MAE: 0.1438
2025-10-13 09:56:41,110 - INFO - training_file - Epoch [260/500], Train Loss: 0.119102, Val Loss: 0.140648, R²: 0.9055, MAE: 0.1406
2025-10-13 09:57:00,518 - INFO - training_file - Epoch [270/500], Train Loss: 0.117556, Val Loss: 0.139501, R²: 0.9050, MAE: 0.1395
2025-10-13 09:57:19,519 - INFO - training_file - Epoch [280/500], Train Loss: 0.117183, Val Loss: 0.136720, R²: 0.9075, MAE: 0.1367
2025-10-13 09:57:38,238 - INFO - training_file - Epoch [290/500], Train Loss: 0.113091, Val Loss: 0.135442, R²: 0.9069, MAE: 0.1354
2025-10-13 09:57:56,345 - INFO - training_file - 已保存checkpoint: /home/data2/rhj/project/mol_editor/mol_evo/../mol_evo/output/v0/gcn/train-20251013_094439-gap_change_pct-30000-500/checkpoint_epoch_300.pth
2025-10-13 09:57:56,345 - INFO - training_console - 已保存checkpoint: /home/data2/rhj/project/mol_editor/mol_evo/../mol_evo/output/v0/gcn/train-20251013_094439-gap_change_pct-30000-500/checkpoint_epoch_300.pth
2025-10-13 09:57:56,548 - INFO - training_file - Epoch [300/500], Train Loss: 0.109099, Val Loss: 0.134600, R²: 0.9070, MAE: 0.1346
2025-10-13 09:58:14,710 - INFO - training_file - Epoch [310/500], Train Loss: 0.107440, Val Loss: 0.134239, R²: 0.9071, MAE: 0.1342
2025-10-13 09:58:32,996 - INFO - training_file - Epoch [320/500], Train Loss: 0.105959, Val Loss: 0.134012, R²: 0.9082, MAE: 0.1340
2025-10-13 09:58:51,505 - INFO - training_file - Epoch [330/500], Train Loss: 0.105018, Val Loss: 0.132682, R²: 0.9083, MAE: 0.1327
2025-10-13 09:59:09,955 - INFO - training_file - Epoch [340/500], Train Loss: 0.102182, Val Loss: 0.130904, R²: 0.9085, MAE: 0.1309
2025-10-13 09:59:28,661 - INFO - training_file - Epoch [350/500], Train Loss: 0.101654, Val Loss: 0.132049, R²: 0.9082, MAE: 0.1320
2025-10-13 09:59:47,065 - INFO - training_file - Epoch [360/500], Train Loss: 0.101209, Val Loss: 0.131186, R²: 0.9083, MAE: 0.1312
2025-10-13 10:00:05,333 - INFO - training_file - Epoch [370/500], Train Loss: 0.100442, Val Loss: 0.130580, R²: 0.9088, MAE: 0.1306
2025-10-13 10:00:24,310 - INFO - training_file - Epoch [380/500], Train Loss: 0.099644, Val Loss: 0.131475, R²: 0.9086, MAE: 0.1315
2025-10-13 10:00:42,391 - INFO - training_file - Epoch [390/500], Train Loss: 0.099553, Val Loss: 0.129766, R²: 0.9089, MAE: 0.1298
2025-10-13 10:01:00,194 - INFO - training_file - 已保存checkpoint: /home/data2/rhj/project/mol_editor/mol_evo/../mol_evo/output/v0/gcn/train-20251013_094439-gap_change_pct-30000-500/checkpoint_epoch_400.pth
2025-10-13 10:01:00,194 - INFO - training_console - 已保存checkpoint: /home/data2/rhj/project/mol_editor/mol_evo/../mol_evo/output/v0/gcn/train-20251013_094439-gap_change_pct-30000-500/checkpoint_epoch_400.pth
2025-10-13 10:01:00,387 - INFO - training_file - Epoch [400/500], Train Loss: 0.098919, Val Loss: 0.129741, R²: 0.9088, MAE: 0.1297
2025-10-13 10:01:18,670 - INFO - training_file - Epoch [410/500], Train Loss: 0.098502, Val Loss: 0.130197, R²: 0.9088, MAE: 0.1302
2025-10-13 10:01:37,145 - INFO - training_file - Epoch [420/500], Train Loss: 0.097186, Val Loss: 0.129383, R²: 0.9088, MAE: 0.1294
2025-10-13 10:01:55,200 - INFO - training_file - Epoch [430/500], Train Loss: 0.096193, Val Loss: 0.129044, R²: 0.9088, MAE: 0.1290
2025-10-13 10:02:13,129 - INFO - training_file - Epoch [440/500], Train Loss: 0.095686, Val Loss: 0.128888, R²: 0.9090, MAE: 0.1289
2025-10-13 10:02:33,975 - INFO - training_file - Epoch [450/500], Train Loss: 0.095640, Val Loss: 0.128905, R²: 0.9091, MAE: 0.1289
2025-10-13 10:02:54,666 - INFO - training_file - Epoch [460/500], Train Loss: 0.095435, Val Loss: 0.128842, R²: 0.9091, MAE: 0.1288
2025-10-13 10:03:14,705 - INFO - training_file - Epoch [470/500], Train Loss: 0.095304, Val Loss: 0.128797, R²: 0.9090, MAE: 0.1288
2025-10-13 10:03:34,017 - INFO - training_file - Epoch [480/500], Train Loss: 0.095237, Val Loss: 0.128811, R²: 0.9091, MAE: 0.1288
2025-10-13 10:03:52,398 - INFO - training_file - Epoch [490/500], Train Loss: 0.095200, Val Loss: 0.128815, R²: 0.9091, MAE: 0.1288
2025-10-13 10:04:10,422 - INFO - training_file - 已保存checkpoint: /home/data2/rhj/project/mol_editor/mol_evo/../mol_evo/output/v0/gcn/train-20251013_094439-gap_change_pct-30000-500/checkpoint_epoch_500.pth
2025-10-13 10:04:10,422 - INFO - training_console - 已保存checkpoint: /home/data2/rhj/project/mol_editor/mol_evo/../mol_evo/output/v0/gcn/train-20251013_094439-gap_change_pct-30000-500/checkpoint_epoch_500.pth
2025-10-13 10:04:10,620 - INFO - training_file - Epoch [500/500], Train Loss: 0.095182, Val Loss: 0.128805, R²: 0.9091, MAE: 0.1288
2025-10-13 10:04:10,621 - INFO - training_file - 开始训练 (500 轮)...
2025-10-13 10:04:10,621 - INFO - training_console - 开始训练 (500 轮)...
2025-10-13 10:04:10,984 - INFO - training_file - Debug: 模型参数前10个值:
2025-10-13 10:04:10,984 - INFO - training_console - Debug: 模型参数前10个值:
2025-10-13 10:04:10,985 - INFO - training_file - Debug: 参数 from_molecule_extractor.gcn_layers.0.bias (shape: torch.Size([128])) => 前10个值: [-2.267701972868963e-07, -4.134333764227449e-09, -7.756867797719194e-16, -0.10408512502908707, -2.840692104655318e-05, -0.2502577006816864, -4.961157083095582e-40, -0.003309366526082158, 4.9145218702028524e-40, -1.0463589638636688e-15]
2025-10-13 10:04:10,985 - INFO - training_console - Debug: 参数 from_molecule_extractor.gcn_layers.0.bias (shape: torch.Size([128])) => 前10个值: [-2.267701972868963e-07, -4.134333764227449e-09, -7.756867797719194e-16, -0.10408512502908707, -2.840692104655318e-05, -0.2502577006816864, -4.961157083095582e-40, -0.003309366526082158, 4.9145218702028524e-40, -1.0463589638636688e-15]
2025-10-13 10:04:10,985 - INFO - training_file - Debug: 参数 from_molecule_extractor.gcn_layers.0.lin.weight (shape: torch.Size([128, 11])) => 前10个值: [-8.453184996294984e-17, -8.92845401832907e-15, 4.9087625335144774e-40, 4.91433970140249e-40, 5.361634171214972e-40, -0.005906654987484217, -4.911789338197419e-40, 4.919650622582281e-40, -2.8889285357192873e-31, -1.2821675926374126e-20]
2025-10-13 10:04:10,985 - INFO - training_console - Debug: 参数 from_molecule_extractor.gcn_layers.0.lin.weight (shape: torch.Size([128, 11])) => 前10个值: [-8.453184996294984e-17, -8.92845401832907e-15, 4.9087625335144774e-40, 4.91433970140249e-40, 5.361634171214972e-40, -0.005906654987484217, -4.911789338197419e-40, 4.919650622582281e-40, -2.8889285357192873e-31, -1.2821675926374126e-20]
2025-10-13 10:04:10,985 - INFO - training_file - Debug: 参数 from_molecule_extractor.gcn_layers.1.bias (shape: torch.Size([256])) => 前10个值: [-0.11202472448348999, -0.0059326402842998505, -1.633147365902504e-29, -0.03348860144615173, -9.969381364648244e-35, -1.4713373748531655e-12, -1.910094624690828e-07, -8.122185342827336e-25, -2.411327647972028e-12, -2.9591753047952807e-08]
2025-10-13 10:04:10,985 - INFO - training_console - Debug: 参数 from_molecule_extractor.gcn_layers.1.bias (shape: torch.Size([256])) => 前10个值: [-0.11202472448348999, -0.0059326402842998505, -1.633147365902504e-29, -0.03348860144615173, -9.969381364648244e-35, -1.4713373748531655e-12, -1.910094624690828e-07, -8.122185342827336e-25, -2.411327647972028e-12, -2.9591753047952807e-08]
2025-10-13 10:04:11,938 - INFO - training_file - 模型已保存至: /home/data2/rhj/project/mol_editor/mol_evo/../mol_evo/output/v0/gcn/train-20251013_094439-gap_change_pct-30000-500/last.pth
2025-10-13 10:04:11,938 - INFO - training_console - 模型已保存至: /home/data2/rhj/project/mol_editor/mol_evo/../mol_evo/output/v0/gcn/train-20251013_094439-gap_change_pct-30000-500/last.pth
2025-10-13 10:04:11,938 - INFO - training_file - 
2025-10-13 10:04:11,938 - INFO - training_console - 
2025-10-13 10:04:11,938 - INFO - training_file - ============================================================
2025-10-13 10:04:11,938 - INFO - training_console - ============================================================
2025-10-13 10:04:11,938 - INFO - training_file - 训练完成 - 最终评估结果
2025-10-13 10:04:11,938 - INFO - training_console - 训练完成 - 最终评估结果
2025-10-13 10:04:11,938 - INFO - training_file - ============================================================
2025-10-13 10:04:11,938 - INFO - training_console - ============================================================
2025-10-13 10:04:11,939 - INFO - training_file - 测试集损失: 0.130980
2025-10-13 10:04:11,939 - INFO - training_console - 测试集损失: 0.130980
2025-10-13 10:04:11,939 - INFO - training_file - RMSE: 0.289386
2025-10-13 10:04:11,939 - INFO - training_console - RMSE: 0.289386
2025-10-13 10:04:11,939 - INFO - training_file - MAE: 0.130980
2025-10-13 10:04:11,939 - INFO - training_console - MAE: 0.130980
2025-10-13 10:04:11,939 - INFO - training_file - R²: 0.914044
2025-10-13 10:04:11,939 - INFO - training_console - R²: 0.914044
2025-10-13 10:04:11,939 - INFO - training_file - 
2025-10-13 10:04:11,939 - INFO - training_console - 
2025-10-13 10:04:11,939 - INFO - training_file - 阈值准确率:
2025-10-13 10:04:11,939 - INFO - training_console - 阈值准确率:
2025-10-13 10:04:11,939 - INFO - training_file -   阈值 0.5: 94.43%
2025-10-13 10:04:11,939 - INFO - training_console -   阈值 0.5: 94.43%
2025-10-13 10:04:11,939 - INFO - training_file -   阈值 0.4: 93.53%
2025-10-13 10:04:11,939 - INFO - training_console -   阈值 0.4: 93.53%
2025-10-13 10:04:11,939 - INFO - training_file -   阈值 0.30000000000000004: 90.59%
2025-10-13 10:04:11,939 - INFO - training_console -   阈值 0.30000000000000004: 90.59%
2025-10-13 10:04:11,939 - INFO - training_file -   阈值 0.20000000000000004: 84.79%
2025-10-13 10:04:11,939 - INFO - training_console -   阈值 0.20000000000000004: 84.79%
2025-10-13 10:04:11,939 - INFO - training_file -   阈值 0.10000000000000003: 70.05%
2025-10-13 10:04:11,939 - INFO - training_console -   阈值 0.10000000000000003: 70.05%
2025-10-13 10:04:11,939 - INFO - training_file -   阈值 0.05000000000000002: 52.10%
2025-10-13 10:04:11,939 - INFO - training_console -   阈值 0.05000000000000002: 52.10%
2025-10-13 10:04:11,939 - INFO - training_file -   阈值 0.040000000000000015: 46.33%
2025-10-13 10:04:11,939 - INFO - training_console -   阈值 0.040000000000000015: 46.33%
2025-10-13 10:04:11,939 - INFO - training_file - 
2025-10-13 10:04:11,939 - INFO - training_console - 
2025-10-13 10:04:11,939 - INFO - training_file - 训练完成:
2025-10-13 10:04:11,939 - INFO - training_console - 训练完成:
2025-10-13 10:04:11,939 - INFO - training_file -   - 最终训练损失: 0.095182
2025-10-13 10:04:11,939 - INFO - training_console -   - 最终训练损失: 0.095182
2025-10-13 10:04:11,940 - INFO - training_file -   - 最佳验证损失: 0.128797
2025-10-13 10:04:11,940 - INFO - training_console -   - 最佳验证损失: 0.128797
2025-10-13 10:04:11,940 - INFO - training_file -   - 测试损失 (MSE): 0.130980
2025-10-13 10:04:11,940 - INFO - training_console -   - 测试损失 (MSE): 0.130980
2025-10-13 10:04:11,940 - INFO - training_file -   - 测试RMSE: 0.289386
2025-10-13 10:04:11,940 - INFO - training_console -   - 测试RMSE: 0.289386
2025-10-13 10:04:11,940 - INFO - training_file -   - 测试MAE: 0.130980
2025-10-13 10:04:11,940 - INFO - training_console -   - 测试MAE: 0.130980
2025-10-13 10:04:11,940 - INFO - training_file -   - 测试R²: 0.914044
2025-10-13 10:04:11,940 - INFO - training_console -   - 测试R²: 0.914044
2025-10-13 10:04:11,940 - INFO - training_file -   - 测试阈值准确率 (0.5): 0.9443
2025-10-13 10:04:11,940 - INFO - training_console -   - 测试阈值准确率 (0.5): 0.9443
2025-10-13 10:04:11,940 - INFO - training_file -   - 测试阈值准确率 (0.4): 0.9353
2025-10-13 10:04:11,940 - INFO - training_console -   - 测试阈值准确率 (0.4): 0.9353
2025-10-13 10:04:11,940 - INFO - training_file -   - 测试阈值准确率 (0.30000000000000004): 0.9059
2025-10-13 10:04:11,940 - INFO - training_console -   - 测试阈值准确率 (0.30000000000000004): 0.9059
2025-10-13 10:04:11,940 - INFO - training_file -   - 测试阈值准确率 (0.20000000000000004): 0.8479
2025-10-13 10:04:11,940 - INFO - training_console -   - 测试阈值准确率 (0.20000000000000004): 0.8479
2025-10-13 10:04:11,940 - INFO - training_file -   - 测试阈值准确率 (0.10000000000000003): 0.7005
2025-10-13 10:04:11,940 - INFO - training_console -   - 测试阈值准确率 (0.10000000000000003): 0.7005
2025-10-13 10:04:11,940 - INFO - training_file -   - 测试阈值准确率 (0.05000000000000002): 0.5210
2025-10-13 10:04:11,940 - INFO - training_console -   - 测试阈值准确率 (0.05000000000000002): 0.5210
2025-10-13 10:04:11,940 - INFO - training_file -   - 测试阈值准确率 (0.040000000000000015): 0.4633
2025-10-13 10:04:11,940 - INFO - training_console -   - 测试阈值准确率 (0.040000000000000015): 0.4633
2025-10-13 10:04:11,940 - INFO - training_file -   - 模型已保存到: /home/data2/rhj/project/mol_editor/mol_evo/../mol_evo/output/v0/gcn/train-20251013_094439-gap_change_pct-30000-500/last.pth
2025-10-13 10:04:11,940 - INFO - training_console -   - 模型已保存到: /home/data2/rhj/project/mol_editor/mol_evo/../mol_evo/output/v0/gcn/train-20251013_094439-gap_change_pct-30000-500/last.pth
