2025-11-13 17:05:07,230 - INFO - ============================================================
2025-11-13 17:05:07,230 - INFO - 数据文件: mol_evo/dataset/data/qm9-evo-pairs-step-1-with-properties-pct.csv
2025-11-13 17:05:07,230 - INFO - 最大对数: 30000
2025-11-13 17:05:07,230 - INFO - 训练轮数: 200
2025-11-13 17:05:07,230 - INFO - ============================================================
2025-11-13 17:05:07,230 - INFO - 正在构建图数据: mol_evo/dataset/data/qm9-evo-pairs-step-1-with-properties-pct.csv
2025-11-13 17:05:07,875 - INFO - 加载缓存文件: /home/data2/rhj/project/mol_editor/mol_evo/core/utils/../../.cache/molecule_graphs/csv_qm9-evo-pairs-step-1-with-properties-pct_3cbb45cc1ac9202d.pt，包含 1994 个分子
2025-11-13 17:05:18,590 - WARNING - 跳过第25871行分子对: [H]O/N=C(\C([H])([H])[H])C([H])([H])C(C([H])([H])[H])(C([H])([H])[H])C([H])([H])[H] -> [H]ONC1C([H])([H])[C@]23C([H])([H])[C@]([H])(C2([H])[H])[C@@]13[H] (数据为None)
2025-11-13 17:05:18,590 - WARNING - 跳过第25984行分子对: [H]O/N=C(/C([H])([H])C([H])([H])[H])C(C([H])([H])[H])(C([H])([H])[H])C([H])([H])[H] -> [H]ONC1C([H])([H])[C@]23C([H])([H])[C@]([H])(C2([H])[H])[C@@]13[H] (数据为None)
2025-11-13 17:05:18,590 - WARNING - 跳过第26175行分子对: [H]O/N=C(\C([H])([H])[H])C(C([H])([H])[H])(C([H])([H])[H])C([H])([H])C([H])([H])[H] -> [H]ONC1C([H])([H])[C@]23C([H])([H])[C@]([H])(C2([H])[H])[C@@]13[H] (数据为None)
2025-11-13 17:05:18,590 - WARNING - 跳过第26431行分子对: [H]O/N=C(\C([H])([H])[H])C([H])([H])C([H])([H])C([H])(C([H])([H])[H])C([H])([H])[H] -> [H]ONC1C([H])([H])[C@]23C([H])([H])[C@]([H])(C2([H])[H])[C@@]13[H] (数据为None)
2025-11-13 17:05:18,591 - WARNING - 跳过第26530行分子对: [H]ONC1C(C([H])([H])[H])(C([H])([H])[H])C([H])([H])[C@]1([H])C([H])([H])[H] -> [H]ONC1C([H])([H])[C@]23C([H])([H])[C@]([H])(C2([H])[H])[C@@]13[H] (数据为None)
2025-11-13 17:05:18,591 - WARNING - 跳过第26630行分子对: [H]ONC1C([H])=C([H])C(C([H])([H])[H])(C([H])([H])[H])C1([H])[H] -> [H]ONC1C([H])([H])[C@]23C([H])([H])[C@]([H])(C2([H])[H])[C@@]13[H] (数据为None)
2025-11-13 17:05:18,591 - WARNING - 跳过第26691行分子对: [H]ONC1C([H])([H])C([H])([H])C(C([H])([H])[H])(C([H])([H])[H])C1([H])[H] -> [H]ONC1C([H])([H])[C@]23C([H])([H])[C@]([H])(C2([H])[H])[C@@]13[H] (数据为None)
2025-11-13 17:05:18,591 - WARNING - 跳过第26895行分子对: [H]O/N=C(\C([H])([H])C([H])([H])[H])C([H])([H])C([H])(C([H])([H])[H])C([H])([H])[H] -> [H]ONC1C([H])([H])[C@]23C([H])([H])[C@]([H])(C2([H])[H])[C@@]13[H] (数据为None)
2025-11-13 17:05:18,591 - WARNING - 跳过第27044行分子对: [H]C#C[C@]1(C([H])([H])[H])C([H])([H])[C@@H](NO[H])C1([H])[H] -> [H]ONC1C([H])([H])[C@]23C([H])([H])[C@]([H])(C2([H])[H])[C@@]13[H] (数据为None)
2025-11-13 17:05:18,591 - WARNING - 跳过第27152行分子对: [H]ON[C@H]1C([H])([H])[C@](C([H])([H])[H])(C([H])([H])C([H])([H])[H])C1([H])[H] -> [H]ONC1C([H])([H])[C@]23C([H])([H])[C@]([H])(C2([H])[H])[C@@]13[H] (数据为None)
2025-11-13 17:05:18,591 - WARNING - 跳过第27266行分子对: [H]O/N=C(\C([H])([H])[H])C([H])([H])C1(C([H])([H])[H])C([H])([H])C1([H])[H] -> [H]ONC1C([H])([H])[C@]23C([H])([H])[C@]([H])(C2([H])[H])[C@@]13[H] (数据为None)
2025-11-13 17:05:18,591 - WARNING - 跳过第27714行分子对: [H]O/N=C(\C([H])([H])[H])C([H])([H])C([H])([H])C([H])([H])C([H])([H])C([H])([H])[H] -> [H]ONC1C([H])([H])[C@]23C([H])([H])[C@]([H])(C2([H])[H])[C@@]13[H] (数据为None)
2025-11-13 17:05:18,591 - WARNING - 跳过第27835行分子对: [H]ONC1C([H])([H])C([H])=C([H])C1(C([H])([H])[H])C([H])([H])[H] -> [H]ONC1C([H])([H])[C@]23C([H])([H])[C@]([H])(C2([H])[H])[C@@]13[H] (数据为None)
2025-11-13 17:05:18,591 - WARNING - 跳过第27878行分子对: [H]ONC1=C([H])[C-]([H])C([H])([H])C1(C([H])([H])[H])C([H])([H])[H] -> [H]ONC1C([H])([H])[C@]23C([H])([H])[C@]([H])(C2([H])[H])[C@@]13[H] (数据为None)
2025-11-13 17:05:18,591 - WARNING - 跳过第27924行分子对: [H]ONC1C([H])([H])C([H])([H])C([H])([H])C1(C([H])([H])[H])C([H])([H])[H] -> [H]ONC1C([H])([H])[C@]23C([H])([H])[C@]([H])(C2([H])[H])[C@@]13[H] (数据为None)
2025-11-13 17:05:18,592 - WARNING - 跳过第28107行分子对: [H]ON=C(C([H])([H])C([H])([H])C([H])([H])[H])C([H])([H])C([H])([H])C([H])([H])[H] -> [H]ONC1C([H])([H])[C@]23C([H])([H])[C@]([H])(C2([H])[H])[C@@]13[H] (数据为None)
2025-11-13 17:05:18,592 - WARNING - 跳过第28312行分子对: [H]O/N=C(/C([H])([H])C([H])([H])C([H])([H])[H])C([H])(C([H])([H])[H])C([H])([H])[H] -> [H]ONC1C([H])([H])[C@]23C([H])([H])[C@]([H])(C2([H])[H])[C@@]13[H] (数据为None)
2025-11-13 17:05:18,592 - WARNING - 跳过第28519行分子对: [H]ON=C(C([H])(C([H])([H])[H])C([H])([H])[H])C([H])(C([H])([H])[H])C([H])([H])[H] -> [H]ONC1C([H])([H])[C@]23C([H])([H])[C@]([H])(C2([H])[H])[C@@]13[H] (数据为None)
2025-11-13 17:05:18,592 - WARNING - 跳过第28649行分子对: [H]O/N=C(\C([H])([H])[H])C1(C([H])([H])[H])C([H])([H])C([H])([H])C1([H])[H] -> [H]ONC1C([H])([H])[C@]23C([H])([H])[C@]([H])(C2([H])[H])[C@@]13[H] (数据为None)
2025-11-13 17:05:18,592 - WARNING - 跳过第28853行分子对: [H]ON[C@H]1C([H])([H])[C@]([H])(C([H])(C([H])([H])[H])C([H])([H])[H])C1([H])[H] -> [H]ONC1C([H])([H])[C@]23C([H])([H])[C@]([H])(C2([H])[H])[C@@]13[H] (数据为None)
2025-11-13 17:05:18,592 - WARNING - 跳过第28960行分子对: [H]O/N=C(\C([H])([H])[H])[C@]1([H])C([H])([H])[C@@]([H])(C([H])([H])[H])C1([H])[H] -> [H]ONC1C([H])([H])[C@]23C([H])([H])[C@]([H])(C2([H])[H])[C@@]13[H] (数据为None)
2025-11-13 17:05:18,592 - WARNING - 跳过第29052行分子对: [H]ONC1C([H])=C(C([H])([H])[H])C([H])([H])C([H])([H])C1([H])[H] -> [H]ONC1C([H])([H])[C@]23C([H])([H])[C@]([H])(C2([H])[H])[C@@]13[H] (数据为None)
2025-11-13 17:05:18,592 - WARNING - 跳过第29115行分子对: [H]ONC1C([H])([H])C(C([H])([H])[H])=C([H])C([H])([H])C1([H])[H] -> [H]ONC1C([H])([H])[C@]23C([H])([H])[C@]([H])(C2([H])[H])[C@@]13[H] (数据为None)
2025-11-13 17:05:18,592 - WARNING - 跳过第29191行分子对: [H]ONC1C([H])([H])C([H])([H])C([H])([H])[C@]([H])(C([H])([H])[H])C1([H])[H] -> [H]ONC1C([H])([H])[C@]23C([H])([H])[C@]([H])(C2([H])[H])[C@@]13[H] (数据为None)
2025-11-13 17:05:18,592 - WARNING - 跳过第29259行分子对: [H]ONC1C([H])([H])C(C([H])([H])[H])=C(C([H])([H])[H])C1([H])[H] -> [H]ONC1C([H])([H])[C@]23C([H])([H])[C@]([H])(C2([H])[H])[C@@]13[H] (数据为None)
2025-11-13 17:05:18,592 - WARNING - 跳过第29362行分子对: [H]ONC1C([H])([H])C(C([H])([H])[H])=C([H])[C@]1([H])C([H])([H])[H] -> [H]ONC1C([H])([H])[C@]23C([H])([H])[C@]([H])(C2([H])[H])[C@@]13[H] (数据为None)
2025-11-13 17:05:18,592 - WARNING - 跳过第29437行分子对: [H][N-]C1O[C@]([H])(C([H])([H])[H])C(NO[H])C1([H])[H] -> [H]ONC1C([H])([H])[C@]23C([H])([H])[N@@H+](C2([H])[H])[C@@]13[H] (数据为None)
2025-11-13 17:05:18,592 - WARNING - 跳过第29554行分子对: [H]ONC1C([H])([H])[C@]2([H])C([H])([H])[C@@]1(C([H])([H])[H])C2([H])[H] -> [H]ONC1C([H])([H])[C@]23C([H])([H])[C@]([H])(C2([H])[H])[C@@]13[H] (数据为None)
2025-11-13 17:05:18,593 - WARNING - 跳过第29644行分子对: [H]O/N=C(\C([H])([H])[H])C([H])([H])C1([H])C([H])([H])C([H])([H])C1([H])[H] -> [H]ONC1C([H])([H])[C@]23C([H])([H])[C@]([H])(C2([H])[H])[C@@]13[H] (数据为None)
2025-11-13 17:05:18,593 - WARNING - 跳过第29737行分子对: [H]C#CC([H])([H])[C@]1([H])C([H])([H])[C@@H](NO[H])C1([H])[H] -> [H]ONC1C([H])([H])[C@]23C([H])([H])[C@]([H])(C2([H])[H])[C@@]13[H] (数据为None)
2025-11-13 17:05:18,593 - WARNING - 跳过第29820行分子对: [H]ON[C@H]1C([H])([H])[C@]([H])(C#CC([H])([H])[H])C1([H])[H] -> [H]ONC1C([H])([H])[C@]23C([H])([H])[C@]([H])(C2([H])[H])[C@@]13[H] (数据为None)
2025-11-13 17:05:18,593 - WARNING - 跳过第29860行分子对: [H]ON[C@H]1C([H])([H])[C@]([H])(C([H])([H])C([H])([H])C([H])([H])[H])C1([H])[H] -> [H]ONC1C([H])([H])[C@]23C([H])([H])[C@]([H])(C2([H])[H])[C@@]13[H] (数据为None)
2025-11-13 17:05:18,593 - WARNING - 跳过第29968行分子对: [H]ONC1C([H])([H])C2(C1([H])[H])C([H])([H])C([H])([H])C2([H])[H] -> [H]ONC1C([H])([H])[C@]23C([H])([H])[C@]([H])(C2([H])[H])[C@@]13[H] (数据为None)
2025-11-13 17:05:20,753 - INFO - 分子处理统计: 总数=57716, 命中=57683, 未命中=33, 命中率=99.94%
2025-11-13 17:05:20,822 - INFO - --- 训练集样本示例 (头部数据) ---
2025-11-13 17:05:20,822 - INFO -   样本       起始节点数        起始边数         目标节点数        目标边数         边特征             目标属性值          
2025-11-13 17:05:20,822 - INFO -   --------------------------------------------------------------------------------
2025-11-13 17:05:20,823 - INFO -   DEBUG: 边特征维度 = 25
2025-11-13 17:05:20,823 - INFO -   DEBUG: 第一个样本的边特征值 = [0.0, 1.0, 0.0, 0.0, 0.0, 0.0, 0.0, 0.0, 0.0, 0.0, 0.0, 0.0, 0.0, 0.0, 0.0, 0.0, 0.0, 0.0, 0.0, 0.0, 0.0, 0.0, 0.0, 0.0, 0.0]
2025-11-13 17:05:20,823 - INFO -   DEBUG: 原子类型数量 = 10, 操作类型数量 = 6
2025-11-13 17:05:20,823 - INFO -   DEBUG: 边特征总长度 = 25
2025-11-13 17:05:20,823 - INFO -   DEBUG: 原子类型one-hot编码 = [0.0, 1.0, 0.0, 0.0, 0.0, 0.0, 0.0, 0.0, 0.0, 0.0]
2025-11-13 17:05:20,823 - INFO -   DEBUG: 操作类型one-hot编码 = [0.0, 0.0, 0.0, 0.0, 0.0, 0.0]
2025-11-13 17:05:20,823 - INFO -   DEBUG: 原子类型列表 = ['H', 'C', 'N', 'O', 'F', 'P', 'S', 'Cl', 'Br', 'I']
2025-11-13 17:05:20,823 - INFO -   DEBUG: 操作类型列表 = ['add_atom', 'delete_atom', 'change_atom', 'add_bond', 'delete_bond', 'change_bond']
2025-11-13 17:05:20,823 - INFO -   1        5            8            8            14           [0.0, 1.0, 0.   -0.351208      
2025-11-13 17:05:20,823 - INFO -   2        3            4            6            10           [0.0, 1.0, 0.   0.184194       
2025-11-13 17:05:20,823 - INFO -   3        4            6            11           20           [0.0, 1.0, 0.   1.000268       
2025-11-13 17:05:20,823 - INFO -   --------------------------------------------------------------------------------
2025-11-13 17:05:20,823 - INFO - 
数据构建完成:
2025-11-13 17:05:20,823 - INFO -   项目                   值                   
2025-11-13 17:05:20,823 - INFO -   ---------------------------------------- --------------------
2025-11-13 17:05:20,823 - INFO -   样本数                  29967               
2025-11-13 17:05:20,823 - INFO -   节点特征维度               11                  
2025-11-13 17:05:20,823 - INFO -   边特征维度                25                  
2025-11-13 17:05:20,823 - INFO -   目标属性变化维度             1                   
2025-11-13 17:05:20,826 - INFO - 数据集划分完成:
2025-11-13 17:05:20,826 - INFO -   - 训练集: 23973 (80.0%)
2025-11-13 17:05:20,826 - INFO -   - 验证集: 2996 (10.0%)
2025-11-13 17:05:20,826 - INFO -   - 测试集: 2998 (10.0%)
2025-11-13 17:05:20,847 - INFO - 更新模型边特征维度: 11 -> 25
2025-11-13 17:05:20,945 - INFO - 正在创建模型...
2025-11-13 17:05:20,946 - INFO - 模型参数数量: 4452301
2025-11-13 17:05:20,946 - INFO - 使用设备: cuda
2025-11-13 17:05:22,020 - INFO - 开始训练 (200 轮)...
2025-11-13 17:12:06,070 - INFO - Epoch [10/200], Train Loss: 0.130823, Val Loss: 0.124092, R²: 0.9596, MAE: 0.1241
2025-11-13 17:18:42,995 - INFO - Epoch [20/200], Train Loss: 0.081717, Val Loss: 0.077967, R²: 0.9812, MAE: 0.0780
2025-11-13 17:25:29,524 - INFO - Epoch [30/200], Train Loss: 0.037162, Val Loss: 0.044193, R²: 0.9899, MAE: 0.0442
2025-11-13 17:32:17,301 - INFO - Epoch [40/200], Train Loss: 0.030317, Val Loss: 0.036348, R²: 0.9919, MAE: 0.0363
2025-11-13 17:39:07,214 - INFO - Epoch [50/200], Train Loss: 0.019149, Val Loss: 0.025594, R²: 0.9926, MAE: 0.0256
2025-11-13 17:45:50,120 - INFO - Epoch [60/200], Train Loss: 0.018120, Val Loss: 0.025208, R²: 0.9926, MAE: 0.0252
2025-11-13 17:52:27,084 - INFO - Epoch [70/200], Train Loss: 0.014811, Val Loss: 0.021958, R²: 0.9929, MAE: 0.0220
2025-11-13 17:58:51,377 - INFO - Epoch [80/200], Train Loss: 0.014359, Val Loss: 0.021053, R²: 0.9930, MAE: 0.0211
2025-11-13 18:05:21,553 - INFO - Epoch [90/200], Train Loss: 0.013252, Val Loss: 0.020296, R²: 0.9931, MAE: 0.0203
2025-11-13 18:11:55,030 - INFO - Epoch [100/200], Train Loss: 0.013001, Val Loss: 0.020072, R²: 0.9931, MAE: 0.0201
2025-11-13 18:18:29,708 - INFO - Epoch [110/200], Train Loss: 0.012786, Val Loss: 0.019913, R²: 0.9931, MAE: 0.0199
2025-11-13 18:25:08,749 - INFO - Epoch [120/200], Train Loss: 0.012622, Val Loss: 0.019677, R²: 0.9932, MAE: 0.0197
2025-11-13 18:31:48,636 - INFO - Epoch [130/200], Train Loss: 0.012432, Val Loss: 0.019615, R²: 0.9932, MAE: 0.0196
2025-11-13 18:38:26,604 - INFO - Epoch [140/200], Train Loss: 0.012266, Val Loss: 0.019320, R²: 0.9932, MAE: 0.0193
2025-11-13 18:45:08,265 - INFO - Epoch [150/200], Train Loss: 0.012083, Val Loss: 0.019194, R²: 0.9932, MAE: 0.0192
2025-11-13 18:51:46,201 - INFO - Epoch [160/200], Train Loss: 0.011990, Val Loss: 0.018962, R²: 0.9933, MAE: 0.0190
2025-11-13 18:58:26,232 - INFO - Epoch [170/200], Train Loss: 0.011782, Val Loss: 0.018884, R²: 0.9933, MAE: 0.0189
2025-11-13 19:05:08,483 - INFO - Epoch [180/200], Train Loss: 0.011595, Val Loss: 0.018691, R²: 0.9933, MAE: 0.0187
2025-11-13 19:11:42,823 - INFO - Epoch [190/200], Train Loss: 0.011490, Val Loss: 0.018809, R²: 0.9933, MAE: 0.0188
2025-11-13 19:18:18,655 - INFO - Epoch [200/200], Train Loss: 0.011352, Val Loss: 0.018532, R²: 0.9934, MAE: 0.0185
2025-11-13 19:18:18,656 - INFO - 开始训练 (200 轮)...
2025-11-13 19:18:22,435 - INFO - 模型已保存至: /home/data2/rhj/project/mol_editor/mol_evo/../mol_evo/output/v0/MoleculeEvolutionVisnetLinearPredictor/train-20251113_170507-lumo_change-30000-200/last.pth
2025-11-13 19:18:22,436 - INFO - 
2025-11-13 19:18:22,436 - INFO - ============================================================
2025-11-13 19:18:22,436 - INFO - 训练完成 - 最终评估结果
2025-11-13 19:18:22,436 - INFO - ============================================================
2025-11-13 19:18:22,436 - INFO - 测试集损失: 0.017682
2025-11-13 19:18:22,436 - INFO - RMSE: 0.073101
2025-11-13 19:18:22,436 - INFO - MAE: 0.017682
2025-11-13 19:18:22,436 - INFO - R²: 0.994378
2025-11-13 19:18:22,436 - INFO - PCC: 0.997186
2025-11-13 19:18:22,436 - INFO - Rank Loss: 0.343760
2025-11-13 19:18:22,436 - INFO - 
2025-11-13 19:18:22,436 - INFO - 阈值准确率:
2025-11-13 19:18:22,436 - INFO -   阈值 0.5: 99.77%
2025-11-13 19:18:22,436 - INFO -   阈值 0.4: 99.47%
2025-11-13 19:18:22,436 - INFO -   阈值 0.30000000000000004: 99.00%
2025-11-13 19:18:22,436 - INFO -   阈值 0.20000000000000004: 97.73%
2025-11-13 19:18:22,436 - INFO -   阈值 0.10000000000000003: 94.96%
2025-11-13 19:18:22,436 - INFO -   阈值 0.05000000000000002: 91.43%
2025-11-13 19:18:22,436 - INFO -   阈值 0.040000000000000015: 90.66%
2025-11-13 19:18:22,436 - INFO -   阈值 0.030000000000000013: 89.36%
2025-11-13 19:18:22,437 - INFO -   阈值 0.02000000000000001: 87.32%
2025-11-13 19:18:22,437 - INFO -   阈值 0.01000000000000001: 84.22%
2025-11-13 19:18:22,437 - INFO -   阈值 0.005000000000000005: 80.02%
2025-11-13 19:18:22,437 - INFO -   阈值 0.004000000000000005: 78.19%
2025-11-13 19:18:22,437 - INFO -   阈值 0.0030000000000000053: 75.35%
2025-11-13 19:18:22,437 - INFO -   阈值 0.0020000000000000052: 68.71%
2025-11-13 19:18:22,437 - INFO -   阈值 0.0010000000000000052: 46.36%
2025-11-13 19:18:22,437 - INFO - 
2025-11-13 19:18:22,437 - INFO - 训练完成:
2025-11-13 19:18:22,437 - INFO -   - 最终训练损失: 0.011352
2025-11-13 19:18:22,437 - INFO -   - 最佳验证损失: 0.018415
2025-11-13 19:18:22,437 - INFO -   - 测试损失 (MSE): 0.017682
2025-11-13 19:18:22,437 - INFO -   - 测试RMSE: 0.073101
2025-11-13 19:18:22,437 - INFO -   - 测试MAE: 0.017682
2025-11-13 19:18:22,437 - INFO -   - 测试R²: 0.994378
2025-11-13 19:18:22,437 - INFO -   - 测试PCC: 0.997186
2025-11-13 19:18:22,437 - INFO -   - 测试Rank Loss: 0.343760
2025-11-13 19:18:22,437 - INFO -   - 测试阈值准确率 (0.5): 0.9977
2025-11-13 19:18:22,437 - INFO -   - 测试阈值准确率 (0.4): 0.9947
2025-11-13 19:18:22,437 - INFO -   - 测试阈值准确率 (0.30000000000000004): 0.9900
2025-11-13 19:18:22,437 - INFO -   - 测试阈值准确率 (0.20000000000000004): 0.9773
2025-11-13 19:18:22,437 - INFO -   - 测试阈值准确率 (0.10000000000000003): 0.9496
2025-11-13 19:18:22,437 - INFO -   - 测试阈值准确率 (0.05000000000000002): 0.9143
2025-11-13 19:18:22,437 - INFO -   - 测试阈值准确率 (0.040000000000000015): 0.9066
2025-11-13 19:18:22,437 - INFO -   - 测试阈值准确率 (0.030000000000000013): 0.8936
2025-11-13 19:18:22,437 - INFO -   - 测试阈值准确率 (0.02000000000000001): 0.8732
2025-11-13 19:18:22,438 - INFO -   - 测试阈值准确率 (0.01000000000000001): 0.8422
2025-11-13 19:18:22,438 - INFO -   - 测试阈值准确率 (0.005000000000000005): 0.8002
2025-11-13 19:18:22,438 - INFO -   - 测试阈值准确率 (0.004000000000000005): 0.7819
2025-11-13 19:18:22,438 - INFO -   - 测试阈值准确率 (0.0030000000000000053): 0.7535
2025-11-13 19:18:22,438 - INFO -   - 测试阈值准确率 (0.0020000000000000052): 0.6871
2025-11-13 19:18:22,438 - INFO -   - 测试阈值准确率 (0.0010000000000000052): 0.4636
2025-11-13 19:18:22,438 - INFO -   - 模型已保存到: /home/data2/rhj/project/mol_editor/mol_evo/../mol_evo/output/v0/MoleculeEvolutionVisnetLinearPredictor/train-20251113_170507-lumo_change-30000-200/last.pth
2025-11-13 19:18:22,438 - INFO - 训练结果已保存到: /home/data2/rhj/project/mol_editor/mol_evo/../mol_evo/output/v0/MoleculeEvolutionVisnetLinearPredictor/train-20251113_170507-lumo_change-30000-200/training_results.json
2025-11-13 19:18:22,438 - INFO - 模型目录: /home/data2/rhj/project/mol_editor/mol_evo/../mol_evo/output/v0/MoleculeEvolutionVisnetLinearPredictor/train-20251113_170507-lumo_change-30000-200
