2025-11-05 16:08:06,045 - INFO - ============================================================
2025-11-05 16:08:06,045 - INFO - 数据文件: mol_evo/dataset/data/qm9-evo-pairs-step-1-with-properties-pct.csv
2025-11-05 16:08:06,045 - INFO - 最大对数: 30000
2025-11-05 16:08:06,045 - INFO - 训练轮数: 200
2025-11-05 16:08:06,045 - INFO - ============================================================
2025-11-05 16:08:06,045 - INFO - 正在构建图数据: mol_evo/dataset/data/qm9-evo-pairs-step-1-with-properties-pct.csv
2025-11-05 16:08:06,655 - INFO - 加载缓存文件: /home/data2/rhj/project/mol_editor/mol_evo/core/utils/../../.cache/molecule_graphs/csv_qm9-evo-pairs-step-1-with-properties-pct_3cbb45cc1ac9202d.pt，包含 1994 个分子
2025-11-05 16:08:10,843 - WARNING - 跳过第25871行分子对: [H]O/N=C(\C([H])([H])[H])C([H])([H])C(C([H])([H])[H])(C([H])([H])[H])C([H])([H])[H] -> [H]ONC1C([H])([H])[C@]23C([H])([H])[C@]([H])(C2([H])[H])[C@@]13[H] (数据为None)
2025-11-05 16:08:11,611 - WARNING - 跳过第25984行分子对: [H]O/N=C(/C([H])([H])C([H])([H])[H])C(C([H])([H])[H])(C([H])([H])[H])C([H])([H])[H] -> [H]ONC1C([H])([H])[C@]23C([H])([H])[C@]([H])(C2([H])[H])[C@@]13[H] (数据为None)
2025-11-05 16:08:12,507 - WARNING - 跳过第26175行分子对: [H]O/N=C(\C([H])([H])[H])C(C([H])([H])[H])(C([H])([H])[H])C([H])([H])C([H])([H])[H] -> [H]ONC1C([H])([H])[C@]23C([H])([H])[C@]([H])(C2([H])[H])[C@@]13[H] (数据为None)
2025-11-05 16:08:13,336 - WARNING - 跳过第26431行分子对: [H]O/N=C(\C([H])([H])[H])C([H])([H])C([H])([H])C([H])(C([H])([H])[H])C([H])([H])[H] -> [H]ONC1C([H])([H])[C@]23C([H])([H])[C@]([H])(C2([H])[H])[C@@]13[H] (数据为None)
2025-11-05 16:08:14,094 - WARNING - 跳过第26530行分子对: [H]ONC1C(C([H])([H])[H])(C([H])([H])[H])C([H])([H])[C@]1([H])C([H])([H])[H] -> [H]ONC1C([H])([H])[C@]23C([H])([H])[C@]([H])(C2([H])[H])[C@@]13[H] (数据为None)
2025-11-05 16:08:14,871 - WARNING - 跳过第26630行分子对: [H]ONC1C([H])=C([H])C(C([H])([H])[H])(C([H])([H])[H])C1([H])[H] -> [H]ONC1C([H])([H])[C@]23C([H])([H])[C@]([H])(C2([H])[H])[C@@]13[H] (数据为None)
2025-11-05 16:08:15,652 - WARNING - 跳过第26691行分子对: [H]ONC1C([H])([H])C([H])([H])C(C([H])([H])[H])(C([H])([H])[H])C1([H])[H] -> [H]ONC1C([H])([H])[C@]23C([H])([H])[C@]([H])(C2([H])[H])[C@@]13[H] (数据为None)
2025-11-05 16:08:16,436 - WARNING - 跳过第26895行分子对: [H]O/N=C(\C([H])([H])C([H])([H])[H])C([H])([H])C([H])(C([H])([H])[H])C([H])([H])[H] -> [H]ONC1C([H])([H])[C@]23C([H])([H])[C@]([H])(C2([H])[H])[C@@]13[H] (数据为None)
2025-11-05 16:08:17,240 - WARNING - 跳过第27044行分子对: [H]C#C[C@]1(C([H])([H])[H])C([H])([H])[C@@H](NO[H])C1([H])[H] -> [H]ONC1C([H])([H])[C@]23C([H])([H])[C@]([H])(C2([H])[H])[C@@]13[H] (数据为None)
2025-11-05 16:08:18,044 - WARNING - 跳过第27152行分子对: [H]ON[C@H]1C([H])([H])[C@](C([H])([H])[H])(C([H])([H])C([H])([H])[H])C1([H])[H] -> [H]ONC1C([H])([H])[C@]23C([H])([H])[C@]([H])(C2([H])[H])[C@@]13[H] (数据为None)
2025-11-05 16:08:18,825 - WARNING - 跳过第27266行分子对: [H]O/N=C(\C([H])([H])[H])C([H])([H])C1(C([H])([H])[H])C([H])([H])C1([H])[H] -> [H]ONC1C([H])([H])[C@]23C([H])([H])[C@]([H])(C2([H])[H])[C@@]13[H] (数据为None)
2025-11-05 16:08:19,644 - WARNING - 跳过第27714行分子对: [H]O/N=C(\C([H])([H])[H])C([H])([H])C([H])([H])C([H])([H])C([H])([H])C([H])([H])[H] -> [H]ONC1C([H])([H])[C@]23C([H])([H])[C@]([H])(C2([H])[H])[C@@]13[H] (数据为None)
2025-11-05 16:08:20,418 - WARNING - 跳过第27835行分子对: [H]ONC1C([H])([H])C([H])=C([H])C1(C([H])([H])[H])C([H])([H])[H] -> [H]ONC1C([H])([H])[C@]23C([H])([H])[C@]([H])(C2([H])[H])[C@@]13[H] (数据为None)
2025-11-05 16:08:21,177 - WARNING - 跳过第27878行分子对: [H]ONC1=C([H])[C-]([H])C([H])([H])C1(C([H])([H])[H])C([H])([H])[H] -> [H]ONC1C([H])([H])[C@]23C([H])([H])[C@]([H])(C2([H])[H])[C@@]13[H] (数据为None)
2025-11-05 16:08:21,914 - WARNING - 跳过第27924行分子对: [H]ONC1C([H])([H])C([H])([H])C([H])([H])C1(C([H])([H])[H])C([H])([H])[H] -> [H]ONC1C([H])([H])[C@]23C([H])([H])[C@]([H])(C2([H])[H])[C@@]13[H] (数据为None)
2025-11-05 16:08:22,702 - WARNING - 跳过第28107行分子对: [H]ON=C(C([H])([H])C([H])([H])C([H])([H])[H])C([H])([H])C([H])([H])C([H])([H])[H] -> [H]ONC1C([H])([H])[C@]23C([H])([H])[C@]([H])(C2([H])[H])[C@@]13[H] (数据为None)
2025-11-05 16:08:23,502 - WARNING - 跳过第28312行分子对: [H]O/N=C(/C([H])([H])C([H])([H])C([H])([H])[H])C([H])(C([H])([H])[H])C([H])([H])[H] -> [H]ONC1C([H])([H])[C@]23C([H])([H])[C@]([H])(C2([H])[H])[C@@]13[H] (数据为None)
2025-11-05 16:08:24,310 - WARNING - 跳过第28519行分子对: [H]ON=C(C([H])(C([H])([H])[H])C([H])([H])[H])C([H])(C([H])([H])[H])C([H])([H])[H] -> [H]ONC1C([H])([H])[C@]23C([H])([H])[C@]([H])(C2([H])[H])[C@@]13[H] (数据为None)
2025-11-05 16:08:25,102 - WARNING - 跳过第28649行分子对: [H]O/N=C(\C([H])([H])[H])C1(C([H])([H])[H])C([H])([H])C([H])([H])C1([H])[H] -> [H]ONC1C([H])([H])[C@]23C([H])([H])[C@]([H])(C2([H])[H])[C@@]13[H] (数据为None)
2025-11-05 16:08:25,889 - WARNING - 跳过第28853行分子对: [H]ON[C@H]1C([H])([H])[C@]([H])(C([H])(C([H])([H])[H])C([H])([H])[H])C1([H])[H] -> [H]ONC1C([H])([H])[C@]23C([H])([H])[C@]([H])(C2([H])[H])[C@@]13[H] (数据为None)
2025-11-05 16:08:26,636 - WARNING - 跳过第28960行分子对: [H]O/N=C(\C([H])([H])[H])[C@]1([H])C([H])([H])[C@@]([H])(C([H])([H])[H])C1([H])[H] -> [H]ONC1C([H])([H])[C@]23C([H])([H])[C@]([H])(C2([H])[H])[C@@]13[H] (数据为None)
2025-11-05 16:08:27,407 - WARNING - 跳过第29052行分子对: [H]ONC1C([H])=C(C([H])([H])[H])C([H])([H])C([H])([H])C1([H])[H] -> [H]ONC1C([H])([H])[C@]23C([H])([H])[C@]([H])(C2([H])[H])[C@@]13[H] (数据为None)
2025-11-05 16:08:28,158 - WARNING - 跳过第29115行分子对: [H]ONC1C([H])([H])C(C([H])([H])[H])=C([H])C([H])([H])C1([H])[H] -> [H]ONC1C([H])([H])[C@]23C([H])([H])[C@]([H])(C2([H])[H])[C@@]13[H] (数据为None)
2025-11-05 16:08:28,940 - WARNING - 跳过第29191行分子对: [H]ONC1C([H])([H])C([H])([H])C([H])([H])[C@]([H])(C([H])([H])[H])C1([H])[H] -> [H]ONC1C([H])([H])[C@]23C([H])([H])[C@]([H])(C2([H])[H])[C@@]13[H] (数据为None)
2025-11-05 16:08:29,696 - WARNING - 跳过第29259行分子对: [H]ONC1C([H])([H])C(C([H])([H])[H])=C(C([H])([H])[H])C1([H])[H] -> [H]ONC1C([H])([H])[C@]23C([H])([H])[C@]([H])(C2([H])[H])[C@@]13[H] (数据为None)
2025-11-05 16:08:30,464 - WARNING - 跳过第29362行分子对: [H]ONC1C([H])([H])C(C([H])([H])[H])=C([H])[C@]1([H])C([H])([H])[H] -> [H]ONC1C([H])([H])[C@]23C([H])([H])[C@]([H])(C2([H])[H])[C@@]13[H] (数据为None)
2025-11-05 16:08:30,968 - WARNING - 跳过第29437行分子对: [H][N-]C1O[C@]([H])(C([H])([H])[H])C(NO[H])C1([H])[H] -> [H]ONC1C([H])([H])[C@]23C([H])([H])[N@@H+](C2([H])[H])[C@@]13[H] (数据为None)
2025-11-05 16:08:31,743 - WARNING - 跳过第29554行分子对: [H]ONC1C([H])([H])[C@]2([H])C([H])([H])[C@@]1(C([H])([H])[H])C2([H])[H] -> [H]ONC1C([H])([H])[C@]23C([H])([H])[C@]([H])(C2([H])[H])[C@@]13[H] (数据为None)
2025-11-05 16:08:32,510 - WARNING - 跳过第29644行分子对: [H]O/N=C(\C([H])([H])[H])C([H])([H])C1([H])C([H])([H])C([H])([H])C1([H])[H] -> [H]ONC1C([H])([H])[C@]23C([H])([H])[C@]([H])(C2([H])[H])[C@@]13[H] (数据为None)
2025-11-05 16:08:33,251 - WARNING - 跳过第29737行分子对: [H]C#CC([H])([H])[C@]1([H])C([H])([H])[C@@H](NO[H])C1([H])[H] -> [H]ONC1C([H])([H])[C@]23C([H])([H])[C@]([H])(C2([H])[H])[C@@]13[H] (数据为None)
2025-11-05 16:08:34,020 - WARNING - 跳过第29820行分子对: [H]ON[C@H]1C([H])([H])[C@]([H])(C#CC([H])([H])[H])C1([H])[H] -> [H]ONC1C([H])([H])[C@]23C([H])([H])[C@]([H])(C2([H])[H])[C@@]13[H] (数据为None)
2025-11-05 16:08:34,783 - WARNING - 跳过第29860行分子对: [H]ON[C@H]1C([H])([H])[C@]([H])(C([H])([H])C([H])([H])C([H])([H])[H])C1([H])[H] -> [H]ONC1C([H])([H])[C@]23C([H])([H])[C@]([H])(C2([H])[H])[C@@]13[H] (数据为None)
2025-11-05 16:08:35,546 - WARNING - 跳过第29968行分子对: [H]ONC1C([H])([H])C2(C1([H])[H])C([H])([H])C([H])([H])C2([H])[H] -> [H]ONC1C([H])([H])[C@]23C([H])([H])[C@]([H])(C2([H])[H])[C@@]13[H] (数据为None)
2025-11-05 16:08:35,618 - INFO - 分子处理统计: 总数=60000, 命中=59967, 未命中=33, 命中率=99.94%
2025-11-05 16:08:35,643 - INFO - --- 训练集样本示例 (头部数据) ---
2025-11-05 16:08:35,643 - INFO -   样本       起始节点数        起始边数         目标节点数        目标边数         边特征             目标属性值          
2025-11-05 16:08:35,643 - INFO -   --------------------------------------------------------------------------------
2025-11-05 16:08:35,643 - INFO -   1        5            8            8            14           [1.0, 0.0, 0.   0.023518       
2025-11-05 16:08:35,643 - INFO -   2        3            4            6            10           [1.0, 0.0, 0.   -0.273184      
2025-11-05 16:08:35,643 - INFO -   3        4            6            11           20           [1.0, 0.0, 0.   0.077970       
2025-11-05 16:08:35,643 - INFO -   --------------------------------------------------------------------------------
2025-11-05 16:08:35,643 - INFO - 
数据构建完成:
2025-11-05 16:08:35,644 - INFO -   项目                   值                   
2025-11-05 16:08:35,644 - INFO -   ---------------------------------------- --------------------
2025-11-05 16:08:35,644 - INFO -   样本数                  29967               
2025-11-05 16:08:35,644 - INFO -   节点特征维度               11                  
2025-11-05 16:08:35,644 - INFO -   边特征维度                11                  
2025-11-05 16:08:35,644 - INFO -   目标属性变化维度             1                   
2025-11-05 16:08:35,646 - INFO - 数据集划分完成:
2025-11-05 16:08:35,646 - INFO -   - 训练集: 23973 (80.0%)
2025-11-05 16:08:35,646 - INFO -   - 验证集: 2996 (10.0%)
2025-11-05 16:08:35,646 - INFO -   - 测试集: 2998 (10.0%)
2025-11-05 16:08:35,691 - INFO - 正在创建模型...
2025-11-05 16:08:35,692 - INFO - 模型参数数量: 2117249
2025-11-05 16:08:35,692 - INFO - 使用设备: cuda
2025-11-05 16:08:36,938 - INFO - 开始训练 (200 轮)...
2025-11-05 16:09:02,596 - INFO - Epoch [10/200], Train Loss: 0.745482, Val Loss: 0.738892, R²: -0.0000, MAE: 0.7389
2025-11-05 16:09:23,004 - INFO - 警告: 在第 19 轮检测到NaN或inf损失值，停止训练
2025-11-05 16:09:23,005 - INFO - 早停机制触发，在第 19 轮停止训练
2025-11-05 16:09:23,005 - INFO - 开始训练 (200 轮)...
2025-11-05 16:09:24,583 - INFO - 模型已保存至: /home/data2/rhj/project/mol_editor/mol_evo/../mol_evo/output/v0/MoleculeEvolutionGCNTransformerLinearPredictor/train-20251105_160806-mu_change-30000-200/last.pth
2025-11-05 16:09:24,583 - INFO - 
2025-11-05 16:09:24,583 - INFO - ============================================================
2025-11-05 16:09:24,583 - INFO - 训练完成 - 最终评估结果
2025-11-05 16:09:24,583 - INFO - ============================================================
2025-11-05 16:09:24,583 - INFO - 测试集损失: nan
2025-11-05 16:09:24,583 - INFO - RMSE: nan
2025-11-05 16:09:24,583 - INFO - MAE: nan
2025-11-05 16:09:24,584 - INFO - R²: nan
2025-11-05 16:09:24,584 - INFO - PCC: nan
2025-11-05 16:09:24,584 - INFO - Rank Loss: nan
2025-11-05 16:09:24,584 - INFO - 
2025-11-05 16:09:24,584 - INFO - 阈值准确率:
2025-11-05 16:09:24,584 - INFO -   阈值 0.5: 0.00%
2025-11-05 16:09:24,584 - INFO - 
2025-11-05 16:09:24,584 - INFO - 训练完成:
2025-11-05 16:09:24,584 - INFO -   - 最终训练损失: 0.745471
2025-11-05 16:09:24,584 - INFO -   - 最佳验证损失: 0.738871
2025-11-05 16:09:24,584 - INFO -   - 测试损失 (MSE): nan
2025-11-05 16:09:24,584 - INFO -   - 测试RMSE: nan
2025-11-05 16:09:24,584 - INFO -   - 测试MAE: nan
2025-11-05 16:09:24,584 - INFO -   - 测试R²: nan
2025-11-05 16:09:24,584 - INFO -   - 测试PCC: nan
2025-11-05 16:09:24,584 - INFO -   - 测试Rank Loss: nan
2025-11-05 16:09:24,584 - INFO -   - 测试阈值准确率 (0.5): 0.0000
2025-11-05 16:09:24,584 - INFO -   - 模型已保存到: /home/data2/rhj/project/mol_editor/mol_evo/../mol_evo/output/v0/MoleculeEvolutionGCNTransformerLinearPredictor/train-20251105_160806-mu_change-30000-200/last.pth
2025-11-05 16:09:24,584 - INFO - 训练结果已保存到: /home/data2/rhj/project/mol_editor/mol_evo/../mol_evo/output/v0/MoleculeEvolutionGCNTransformerLinearPredictor/train-20251105_160806-mu_change-30000-200/training_results.json
2025-11-05 16:09:24,584 - INFO - 模型目录: /home/data2/rhj/project/mol_editor/mol_evo/../mol_evo/output/v0/MoleculeEvolutionGCNTransformerLinearPredictor/train-20251105_160806-mu_change-30000-200
