2025-10-08 00:27:36,188 - nnconv_training - INFO - ============================================================
2025-10-08 00:27:36,188 - nnconv_training - INFO - 基于NNConv的分子进化预测器模型训练开始
2025-10-08 00:27:36,188 - nnconv_training - INFO - ============================================================
2025-10-08 00:27:36,188 - nnconv_training - INFO - 数据文件: mol_evo/dataset/data/qm9-evo-pairs-step-1-with-properties.csv
2025-10-08 00:27:36,188 - nnconv_training - INFO - 最大对数: 5000
2025-10-08 00:27:36,188 - nnconv_training - INFO - 训练轮数: 200
2025-10-08 00:27:36,188 - nnconv_training - INFO - 正在构建图数据: mol_evo/dataset/data/qm9-evo-pairs-step-1-with-properties.csv
2025-10-08 00:27:38,029 - nnconv_training - INFO - 数据构建完成:
2025-10-08 00:27:38,029 - nnconv_training - INFO -   - 节点数: 719
2025-10-08 00:27:38,029 - nnconv_training - INFO -   - 边数: 5000
2025-10-08 00:27:38,029 - nnconv_training - INFO -   - 节点特征维度: 2048
2025-10-08 00:27:38,029 - nnconv_training - INFO -   - 边特征维度: 11
2025-10-08 00:27:38,030 - nnconv_training - INFO -   - 目标属性变化维度: 15
2025-10-08 00:27:38,032 - nnconv_training - INFO - 数据集划分完成:
2025-10-08 00:27:38,032 - nnconv_training - INFO -   - 训练集: 3500 (70.0%)
2025-10-08 00:27:38,032 - nnconv_training - INFO -   - 验证集: 500 (10.0%)
2025-10-08 00:27:38,032 - nnconv_training - INFO -   - 测试集: 1000 (20.0%)
2025-10-08 00:27:38,032 - nnconv_training - INFO - 正在创建模型...
2025-10-08 00:27:38,127 - nnconv_training - INFO - 模型参数数量: 6791951
2025-10-08 00:27:38,128 - nnconv_training - INFO - 开始训练 (200 轮)...
2025-10-08 00:27:38,128 - nnconv_training - INFO - 使用设备: cuda
2025-10-08 00:27:39,016 - nnconv_training - INFO - Epoch [10/200], Train Loss: 0.786428, Val Loss: 0.576016, R²: 0.3405, MAE: 0.5224
2025-10-08 00:27:39,270 - nnconv_training - INFO - Epoch [20/200], Train Loss: 0.682167, Val Loss: 0.478141, R²: 0.4526, MAE: 0.4407
2025-10-08 00:27:39,525 - nnconv_training - INFO - Epoch [30/200], Train Loss: 0.622983, Val Loss: 0.435793, R²: 0.5010, MAE: 0.4125
2025-10-08 00:27:39,781 - nnconv_training - INFO - Epoch [40/200], Train Loss: 0.586424, Val Loss: 0.410239, R²: 0.5303, MAE: 0.3951
2025-10-08 00:27:40,037 - nnconv_training - INFO - Epoch [50/200], Train Loss: 0.548441, Val Loss: 0.373264, R²: 0.5726, MAE: 0.3738
2025-10-08 00:27:40,291 - nnconv_training - INFO - Epoch [60/200], Train Loss: 0.462728, Val Loss: 0.277387, R²: 0.6824, MAE: 0.3152
2025-10-08 00:27:40,543 - nnconv_training - INFO - Epoch [70/200], Train Loss: 0.401616, Val Loss: 0.231248, R²: 0.7352, MAE: 0.2825
2025-10-08 00:27:40,800 - nnconv_training - INFO - Epoch [80/200], Train Loss: 0.354843, Val Loss: 0.219591, R²: 0.7486, MAE: 0.2641
2025-10-08 00:27:41,056 - nnconv_training - INFO - Epoch [90/200], Train Loss: 0.248797, Val Loss: 0.280704, R²: 0.6786, MAE: 0.2584
2025-10-08 00:27:41,311 - nnconv_training - INFO - Epoch [100/200], Train Loss: 0.164850, Val Loss: 0.242404, R²: 0.7225, MAE: 0.2544
2025-10-08 00:27:41,565 - nnconv_training - INFO - Epoch [110/200], Train Loss: 0.150999, Val Loss: 0.203560, R²: 0.7669, MAE: 0.2369
2025-10-08 00:27:41,818 - nnconv_training - INFO - Epoch [120/200], Train Loss: 0.125283, Val Loss: 0.234232, R²: 0.7318, MAE: 0.2260
2025-10-08 00:27:42,074 - nnconv_training - INFO - Epoch [130/200], Train Loss: 0.110191, Val Loss: 0.201676, R²: 0.7691, MAE: 0.2151
2025-10-08 00:27:42,330 - nnconv_training - INFO - Epoch [140/200], Train Loss: 0.099601, Val Loss: 0.173393, R²: 0.8015, MAE: 0.2039
2025-10-08 00:27:42,585 - nnconv_training - INFO - Epoch [150/200], Train Loss: 0.088136, Val Loss: 0.183139, R²: 0.7903, MAE: 0.1936
2025-10-08 00:27:42,841 - nnconv_training - INFO - Epoch [160/200], Train Loss: 0.080434, Val Loss: 0.157100, R²: 0.8201, MAE: 0.1821
2025-10-08 00:27:43,097 - nnconv_training - INFO - Epoch [170/200], Train Loss: 0.080228, Val Loss: 0.184488, R²: 0.7888, MAE: 0.1790
2025-10-08 00:27:43,351 - nnconv_training - INFO - Epoch [180/200], Train Loss: 0.066711, Val Loss: 0.149162, R²: 0.8292, MAE: 0.1728
2025-10-08 00:27:43,606 - nnconv_training - INFO - Epoch [190/200], Train Loss: 0.062034, Val Loss: 0.138889, R²: 0.8410, MAE: 0.1667
2025-10-08 00:27:43,864 - nnconv_training - INFO - Epoch [200/200], Train Loss: 0.057933, Val Loss: 0.139061, R²: 0.8408, MAE: 0.1588
2025-10-08 00:27:43,874 - nnconv_training - INFO - 原始尺度评估指标:
2025-10-08 00:27:43,874 - nnconv_training - INFO -   - MSE: 548.405334
2025-10-08 00:27:43,874 - nnconv_training - INFO -   - RMSE: 23.418056
2025-10-08 00:27:43,874 - nnconv_training - INFO -   - MAE: 9.137506
2025-10-08 00:27:44,242 - nnconv_training - INFO - 训练完成:
2025-10-08 00:27:44,243 - nnconv_training - INFO -   - 最终训练损失: 0.057933
2025-10-08 00:27:44,243 - nnconv_training - INFO -   - 最佳验证损失: 0.116524
2025-10-08 00:27:44,243 - nnconv_training - INFO -   - 测试损失 (MSE): 0.183965
2025-10-08 00:27:44,243 - nnconv_training - INFO -   - 测试RMSE: 0.428912
2025-10-08 00:27:44,243 - nnconv_training - INFO -   - 测试MAE: 0.151579
2025-10-08 00:27:44,243 - nnconv_training - INFO -   - 测试R²: 0.789883
2025-10-08 00:27:44,243 - nnconv_training - INFO -   - 测试阈值准确率 (0.1, 所有维度): 0.0010
2025-10-08 00:27:44,243 - nnconv_training - INFO -   - 测试阈值准确率 (0.1, 平均): 0.5541
2025-10-08 00:27:44,243 - nnconv_training - INFO -   - 测试阈值准确率 (0.05, 所有维度): 0.0000
2025-10-08 00:27:44,243 - nnconv_training - INFO -   - 测试阈값准确率 (0.05, 平均): 0.3358
2025-10-08 00:27:44,243 - nnconv_training - INFO -   - 原始尺度MSE: 548.405334
2025-10-08 00:27:44,243 - nnconv_training - INFO -   - 原始尺度RMSE: 23.418056
2025-10-08 00:27:44,243 - nnconv_training - INFO -   - 原始尺度MAE: 9.137506
2025-10-08 00:27:44,243 - nnconv_training - INFO -   - 模型已保存到: /home/data2/rhj/project/mol_editor/mol_evo/../mol_evo/model-data/training_20251008_002736/molecule_evolution_nnconv_predictor.pth
2025-10-08 00:27:44,243 - nnconv_training - INFO - 各维度阈值准确率详情:
2025-10-08 00:27:44,243 - nnconv_training - INFO -   阈值 @0.1:
2025-10-08 00:27:44,244 - nnconv_training - INFO -     A_change: 0.4090
2025-10-08 00:27:44,244 - nnconv_training - INFO -     B_change: 0.6340
2025-10-08 00:27:44,244 - nnconv_training - INFO -     C_change: 0.6340
2025-10-08 00:27:44,244 - nnconv_training - INFO -     mu_change: 0.3670
2025-10-08 00:27:44,244 - nnconv_training - INFO -     alpha_change: 0.4960
2025-10-08 00:27:44,244 - nnconv_training - INFO -     homo_change: 0.2620
2025-10-08 00:27:44,244 - nnconv_training - INFO -     lumo_change: 0.3870
2025-10-08 00:27:44,244 - nnconv_training - INFO -     gap_change: 0.4540
2025-10-08 00:27:44,244 - nnconv_training - INFO -     r2_change: 0.3030
2025-10-08 00:27:44,244 - nnconv_training - INFO -     zpve_change: 0.3830
2025-10-08 00:27:44,244 - nnconv_training - INFO -     U0_change: 0.9040
2025-10-08 00:27:44,244 - nnconv_training - INFO -     U_change: 0.9080
2025-10-08 00:27:44,244 - nnconv_training - INFO -     H_change: 0.9080
2025-10-08 00:27:44,244 - nnconv_training - INFO -     G_change: 0.8940
2025-10-08 00:27:44,244 - nnconv_training - INFO -     Cv_change: 0.3680
2025-10-08 00:27:44,244 - nnconv_training - INFO -   阈值 @0.05:
2025-10-08 00:27:44,244 - nnconv_training - INFO -     A_change: 0.2060
2025-10-08 00:27:44,244 - nnconv_training - INFO -     B_change: 0.3540
2025-10-08 00:27:44,244 - nnconv_training - INFO -     C_change: 0.3360
2025-10-08 00:27:44,244 - nnconv_training - INFO -     mu_change: 0.1900
2025-10-08 00:27:44,244 - nnconv_training - INFO -     alpha_change: 0.2710
2025-10-08 00:27:44,244 - nnconv_training - INFO -     homo_change: 0.1420
2025-10-08 00:27:44,244 - nnconv_training - INFO -     lumo_change: 0.1890
2025-10-08 00:27:44,244 - nnconv_training - INFO -     gap_change: 0.2380
2025-10-08 00:27:44,244 - nnconv_training - INFO -     r2_change: 0.1600
2025-10-08 00:27:44,244 - nnconv_training - INFO -     zpve_change: 0.1940
2025-10-08 00:27:44,244 - nnconv_training - INFO -     U0_change: 0.6530
2025-10-08 00:27:44,244 - nnconv_training - INFO -     U_change: 0.6370
2025-10-08 00:27:44,244 - nnconv_training - INFO -     H_change: 0.6480
2025-10-08 00:27:44,244 - nnconv_training - INFO -     G_change: 0.6230
2025-10-08 00:27:44,244 - nnconv_training - INFO -     Cv_change: 0.1960
