2025-11-12 00:46:12,379 - INFO - ============================================================
2025-11-12 00:46:12,379 - INFO - 数据文件: mol_evo/dataset/data/qm9-evo-pairs-step-1-with-properties-pct.csv
2025-11-12 00:46:12,379 - INFO - 最大对数: 30000
2025-11-12 00:46:12,379 - INFO - 训练轮数: 200
2025-11-12 00:46:12,379 - INFO - ============================================================
2025-11-12 00:46:12,379 - INFO - 正在构建图数据: mol_evo/dataset/data/qm9-evo-pairs-step-1-with-properties-pct.csv
2025-11-12 00:46:12,947 - INFO - 加载缓存文件: /home/data2/rhj/project/mol_editor/mol_evo/core/utils/../../.cache/molecule_graphs/csv_qm9-evo-pairs-step-1-with-properties-pct_3cbb45cc1ac9202d.pt，包含 1994 个分子
2025-11-12 00:46:17,352 - WARNING - 跳过第25871行分子对: [H]O/N=C(\C([H])([H])[H])C([H])([H])C(C([H])([H])[H])(C([H])([H])[H])C([H])([H])[H] -> [H]ONC1C([H])([H])[C@]23C([H])([H])[C@]([H])(C2([H])[H])[C@@]13[H] (数据为None)
2025-11-12 00:46:18,125 - WARNING - 跳过第25984行分子对: [H]O/N=C(/C([H])([H])C([H])([H])[H])C(C([H])([H])[H])(C([H])([H])[H])C([H])([H])[H] -> [H]ONC1C([H])([H])[C@]23C([H])([H])[C@]([H])(C2([H])[H])[C@@]13[H] (数据为None)
2025-11-12 00:46:18,909 - WARNING - 跳过第26175行分子对: [H]O/N=C(\C([H])([H])[H])C(C([H])([H])[H])(C([H])([H])[H])C([H])([H])C([H])([H])[H] -> [H]ONC1C([H])([H])[C@]23C([H])([H])[C@]([H])(C2([H])[H])[C@@]13[H] (数据为None)
2025-11-12 00:46:19,747 - WARNING - 跳过第26431行分子对: [H]O/N=C(\C([H])([H])[H])C([H])([H])C([H])([H])C([H])(C([H])([H])[H])C([H])([H])[H] -> [H]ONC1C([H])([H])[C@]23C([H])([H])[C@]([H])(C2([H])[H])[C@@]13[H] (数据为None)
2025-11-12 00:46:20,519 - WARNING - 跳过第26530行分子对: [H]ONC1C(C([H])([H])[H])(C([H])([H])[H])C([H])([H])[C@]1([H])C([H])([H])[H] -> [H]ONC1C([H])([H])[C@]23C([H])([H])[C@]([H])(C2([H])[H])[C@@]13[H] (数据为None)
2025-11-12 00:46:21,308 - WARNING - 跳过第26630行分子对: [H]ONC1C([H])=C([H])C(C([H])([H])[H])(C([H])([H])[H])C1([H])[H] -> [H]ONC1C([H])([H])[C@]23C([H])([H])[C@]([H])(C2([H])[H])[C@@]13[H] (数据为None)
2025-11-12 00:46:22,089 - WARNING - 跳过第26691行分子对: [H]ONC1C([H])([H])C([H])([H])C(C([H])([H])[H])(C([H])([H])[H])C1([H])[H] -> [H]ONC1C([H])([H])[C@]23C([H])([H])[C@]([H])(C2([H])[H])[C@@]13[H] (数据为None)
2025-11-12 00:46:22,889 - WARNING - 跳过第26895行分子对: [H]O/N=C(\C([H])([H])C([H])([H])[H])C([H])([H])C([H])(C([H])([H])[H])C([H])([H])[H] -> [H]ONC1C([H])([H])[C@]23C([H])([H])[C@]([H])(C2([H])[H])[C@@]13[H] (数据为None)
2025-11-12 00:46:23,687 - WARNING - 跳过第27044行分子对: [H]C#C[C@]1(C([H])([H])[H])C([H])([H])[C@@H](NO[H])C1([H])[H] -> [H]ONC1C([H])([H])[C@]23C([H])([H])[C@]([H])(C2([H])[H])[C@@]13[H] (数据为None)
2025-11-12 00:46:24,482 - WARNING - 跳过第27152行分子对: [H]ON[C@H]1C([H])([H])[C@](C([H])([H])[H])(C([H])([H])C([H])([H])[H])C1([H])[H] -> [H]ONC1C([H])([H])[C@]23C([H])([H])[C@]([H])(C2([H])[H])[C@@]13[H] (数据为None)
2025-11-12 00:46:25,263 - WARNING - 跳过第27266行分子对: [H]O/N=C(\C([H])([H])[H])C([H])([H])C1(C([H])([H])[H])C([H])([H])C1([H])[H] -> [H]ONC1C([H])([H])[C@]23C([H])([H])[C@]([H])(C2([H])[H])[C@@]13[H] (数据为None)
2025-11-12 00:46:26,090 - WARNING - 跳过第27714行分子对: [H]O/N=C(\C([H])([H])[H])C([H])([H])C([H])([H])C([H])([H])C([H])([H])C([H])([H])[H] -> [H]ONC1C([H])([H])[C@]23C([H])([H])[C@]([H])(C2([H])[H])[C@@]13[H] (数据为None)
2025-11-12 00:46:26,854 - WARNING - 跳过第27835行分子对: [H]ONC1C([H])([H])C([H])=C([H])C1(C([H])([H])[H])C([H])([H])[H] -> [H]ONC1C([H])([H])[C@]23C([H])([H])[C@]([H])(C2([H])[H])[C@@]13[H] (数据为None)
2025-11-12 00:46:27,631 - WARNING - 跳过第27878行分子对: [H]ONC1=C([H])[C-]([H])C([H])([H])C1(C([H])([H])[H])C([H])([H])[H] -> [H]ONC1C([H])([H])[C@]23C([H])([H])[C@]([H])(C2([H])[H])[C@@]13[H] (数据为None)
2025-11-12 00:46:28,384 - WARNING - 跳过第27924行分子对: [H]ONC1C([H])([H])C([H])([H])C([H])([H])C1(C([H])([H])[H])C([H])([H])[H] -> [H]ONC1C([H])([H])[C@]23C([H])([H])[C@]([H])(C2([H])[H])[C@@]13[H] (数据为None)
2025-11-12 00:46:29,188 - WARNING - 跳过第28107行分子对: [H]ON=C(C([H])([H])C([H])([H])C([H])([H])[H])C([H])([H])C([H])([H])C([H])([H])[H] -> [H]ONC1C([H])([H])[C@]23C([H])([H])[C@]([H])(C2([H])[H])[C@@]13[H] (数据为None)
2025-11-12 00:46:29,996 - WARNING - 跳过第28312行分子对: [H]O/N=C(/C([H])([H])C([H])([H])C([H])([H])[H])C([H])(C([H])([H])[H])C([H])([H])[H] -> [H]ONC1C([H])([H])[C@]23C([H])([H])[C@]([H])(C2([H])[H])[C@@]13[H] (数据为None)
2025-11-12 00:46:30,815 - WARNING - 跳过第28519行分子对: [H]ON=C(C([H])(C([H])([H])[H])C([H])([H])[H])C([H])(C([H])([H])[H])C([H])([H])[H] -> [H]ONC1C([H])([H])[C@]23C([H])([H])[C@]([H])(C2([H])[H])[C@@]13[H] (数据为None)
2025-11-12 00:46:31,608 - WARNING - 跳过第28649行分子对: [H]O/N=C(\C([H])([H])[H])C1(C([H])([H])[H])C([H])([H])C([H])([H])C1([H])[H] -> [H]ONC1C([H])([H])[C@]23C([H])([H])[C@]([H])(C2([H])[H])[C@@]13[H] (数据为None)
2025-11-12 00:46:32,401 - WARNING - 跳过第28853行分子对: [H]ON[C@H]1C([H])([H])[C@]([H])(C([H])(C([H])([H])[H])C([H])([H])[H])C1([H])[H] -> [H]ONC1C([H])([H])[C@]23C([H])([H])[C@]([H])(C2([H])[H])[C@@]13[H] (数据为None)
2025-11-12 00:46:33,155 - WARNING - 跳过第28960行分子对: [H]O/N=C(\C([H])([H])[H])[C@]1([H])C([H])([H])[C@@]([H])(C([H])([H])[H])C1([H])[H] -> [H]ONC1C([H])([H])[C@]23C([H])([H])[C@]([H])(C2([H])[H])[C@@]13[H] (数据为None)
2025-11-12 00:46:33,934 - WARNING - 跳过第29052行分子对: [H]ONC1C([H])=C(C([H])([H])[H])C([H])([H])C([H])([H])C1([H])[H] -> [H]ONC1C([H])([H])[C@]23C([H])([H])[C@]([H])(C2([H])[H])[C@@]13[H] (数据为None)
2025-11-12 00:46:34,688 - WARNING - 跳过第29115行分子对: [H]ONC1C([H])([H])C(C([H])([H])[H])=C([H])C([H])([H])C1([H])[H] -> [H]ONC1C([H])([H])[C@]23C([H])([H])[C@]([H])(C2([H])[H])[C@@]13[H] (数据为None)
2025-11-12 00:46:35,477 - WARNING - 跳过第29191行分子对: [H]ONC1C([H])([H])C([H])([H])C([H])([H])[C@]([H])(C([H])([H])[H])C1([H])[H] -> [H]ONC1C([H])([H])[C@]23C([H])([H])[C@]([H])(C2([H])[H])[C@@]13[H] (数据为None)
2025-11-12 00:46:36,243 - WARNING - 跳过第29259行分子对: [H]ONC1C([H])([H])C(C([H])([H])[H])=C(C([H])([H])[H])C1([H])[H] -> [H]ONC1C([H])([H])[C@]23C([H])([H])[C@]([H])(C2([H])[H])[C@@]13[H] (数据为None)
2025-11-12 00:46:37,039 - WARNING - 跳过第29362行分子对: [H]ONC1C([H])([H])C(C([H])([H])[H])=C([H])[C@]1([H])C([H])([H])[H] -> [H]ONC1C([H])([H])[C@]23C([H])([H])[C@]([H])(C2([H])[H])[C@@]13[H] (数据为None)
2025-11-12 00:46:37,552 - WARNING - 跳过第29437行分子对: [H][N-]C1O[C@]([H])(C([H])([H])[H])C(NO[H])C1([H])[H] -> [H]ONC1C([H])([H])[C@]23C([H])([H])[N@@H+](C2([H])[H])[C@@]13[H] (数据为None)
2025-11-12 00:46:38,332 - WARNING - 跳过第29554行分子对: [H]ONC1C([H])([H])[C@]2([H])C([H])([H])[C@@]1(C([H])([H])[H])C2([H])[H] -> [H]ONC1C([H])([H])[C@]23C([H])([H])[C@]([H])(C2([H])[H])[C@@]13[H] (数据为None)
2025-11-12 00:46:39,106 - WARNING - 跳过第29644行分子对: [H]O/N=C(\C([H])([H])[H])C([H])([H])C1([H])C([H])([H])C([H])([H])C1([H])[H] -> [H]ONC1C([H])([H])[C@]23C([H])([H])[C@]([H])(C2([H])[H])[C@@]13[H] (数据为None)
2025-11-12 00:46:39,859 - WARNING - 跳过第29737行分子对: [H]C#CC([H])([H])[C@]1([H])C([H])([H])[C@@H](NO[H])C1([H])[H] -> [H]ONC1C([H])([H])[C@]23C([H])([H])[C@]([H])(C2([H])[H])[C@@]13[H] (数据为None)
2025-11-12 00:46:40,664 - WARNING - 跳过第29820行分子对: [H]ON[C@H]1C([H])([H])[C@]([H])(C#CC([H])([H])[H])C1([H])[H] -> [H]ONC1C([H])([H])[C@]23C([H])([H])[C@]([H])(C2([H])[H])[C@@]13[H] (数据为None)
2025-11-12 00:46:41,457 - WARNING - 跳过第29860行分子对: [H]ON[C@H]1C([H])([H])[C@]([H])(C([H])([H])C([H])([H])C([H])([H])[H])C1([H])[H] -> [H]ONC1C([H])([H])[C@]23C([H])([H])[C@]([H])(C2([H])[H])[C@@]13[H] (数据为None)
2025-11-12 00:46:42,224 - WARNING - 跳过第29968行分子对: [H]ONC1C([H])([H])C2(C1([H])[H])C([H])([H])C([H])([H])C2([H])[H] -> [H]ONC1C([H])([H])[C@]23C([H])([H])[C@]([H])(C2([H])[H])[C@@]13[H] (数据为None)
2025-11-12 00:46:42,323 - INFO - 分子处理统计: 总数=60000, 命中=59967, 未命中=33, 命中率=99.94%
2025-11-12 00:46:42,359 - INFO - --- 训练集样本示例 (头部数据) ---
2025-11-12 00:46:42,359 - INFO -   样本       起始节点数        起始边数         目标节点数        目标边数         边特征             目标属性值          
2025-11-12 00:46:42,359 - INFO -   --------------------------------------------------------------------------------
2025-11-12 00:46:42,359 - INFO -   1        5            8            8            14           [0.0, 1.0, 0.   -0.798788      
2025-11-12 00:46:42,360 - INFO -   2        3            4            6            10           [0.0, 1.0, 0.   -0.397409      
2025-11-12 00:46:42,360 - INFO -   3        4            6            11           20           [0.0, 1.0, 0.   1.210377       
2025-11-12 00:46:42,360 - INFO -   --------------------------------------------------------------------------------
2025-11-12 00:46:42,360 - INFO - 
数据构建完成:
2025-11-12 00:46:42,360 - INFO -   项目                   值                   
2025-11-12 00:46:42,360 - INFO -   ---------------------------------------- --------------------
2025-11-12 00:46:42,360 - INFO -   样本数                  29967               
2025-11-12 00:46:42,360 - INFO -   节点特征维度               11                  
2025-11-12 00:46:42,360 - INFO -   边特征维度                25                  
2025-11-12 00:46:42,360 - INFO -   目标属性变化维度             1                   
2025-11-12 00:46:42,364 - INFO - 数据集划分完成:
2025-11-12 00:46:42,364 - INFO -   - 训练集: 23973 (80.0%)
2025-11-12 00:46:42,364 - INFO -   - 验证集: 2996 (10.0%)
2025-11-12 00:46:42,364 - INFO -   - 测试集: 2998 (10.0%)
2025-11-12 00:46:42,391 - INFO - 更新模型边特征维度: 11 -> 25
2025-11-12 00:46:42,490 - INFO - 正在创建模型...
2025-11-12 00:46:42,491 - INFO - 模型参数数量: 4452301
2025-11-12 00:46:42,492 - INFO - 使用设备: cuda
2025-11-12 00:46:44,459 - INFO - 开始训练 (200 轮)...
2025-11-12 00:53:07,664 - INFO - Epoch [10/200], Train Loss: 0.166539, Val Loss: 0.153769, R²: 0.9423, MAE: 0.1538
2025-11-12 00:59:25,841 - INFO - Epoch [20/200], Train Loss: 0.109094, Val Loss: 0.112187, R²: 0.9645, MAE: 0.1122
2025-11-12 01:05:45,149 - INFO - Epoch [30/200], Train Loss: 0.082715, Val Loss: 0.081130, R²: 0.9772, MAE: 0.0811
2025-11-12 01:12:01,792 - INFO - Epoch [40/200], Train Loss: 0.068370, Val Loss: 0.073042, R²: 0.9821, MAE: 0.0730
2025-11-12 01:18:20,139 - INFO - Epoch [50/200], Train Loss: 0.033069, Val Loss: 0.039739, R²: 0.9882, MAE: 0.0397
2025-11-12 01:24:36,194 - INFO - Epoch [60/200], Train Loss: 0.031064, Val Loss: 0.033822, R²: 0.9893, MAE: 0.0338
2025-11-12 01:30:54,823 - INFO - Epoch [70/200], Train Loss: 0.021686, Val Loss: 0.027348, R²: 0.9899, MAE: 0.0273
2025-11-12 01:37:11,398 - INFO - Epoch [80/200], Train Loss: 0.020218, Val Loss: 0.024840, R²: 0.9906, MAE: 0.0248
2025-11-12 01:43:27,380 - INFO - Epoch [90/200], Train Loss: 0.019223, Val Loss: 0.023941, R²: 0.9907, MAE: 0.0239
2025-11-12 01:49:38,020 - INFO - Epoch [100/200], Train Loss: 0.017722, Val Loss: 0.024233, R²: 0.9910, MAE: 0.0242
2025-11-12 01:55:48,240 - INFO - Epoch [110/200], Train Loss: 0.015501, Val Loss: 0.021400, R²: 0.9911, MAE: 0.0214
2025-11-12 02:02:00,872 - INFO - Epoch [120/200], Train Loss: 0.015017, Val Loss: 0.020861, R²: 0.9912, MAE: 0.0209
2025-11-12 02:08:17,340 - INFO - Epoch [130/200], Train Loss: 0.014683, Val Loss: 0.020360, R²: 0.9914, MAE: 0.0204
2025-11-12 02:14:33,380 - INFO - Epoch [140/200], Train Loss: 0.014284, Val Loss: 0.019944, R²: 0.9914, MAE: 0.0199
2025-11-12 02:20:51,871 - INFO - Epoch [150/200], Train Loss: 0.014027, Val Loss: 0.019762, R²: 0.9915, MAE: 0.0198
2025-11-12 02:27:12,375 - INFO - Epoch [160/200], Train Loss: 0.013383, Val Loss: 0.019296, R²: 0.9915, MAE: 0.0193
2025-11-12 02:33:34,337 - INFO - Epoch [170/200], Train Loss: 0.013244, Val Loss: 0.019133, R²: 0.9915, MAE: 0.0191
2025-11-12 02:39:54,163 - INFO - Epoch [180/200], Train Loss: 0.013112, Val Loss: 0.019084, R²: 0.9916, MAE: 0.0191
2025-11-12 02:46:10,297 - INFO - Epoch [190/200], Train Loss: 0.012956, Val Loss: 0.018855, R²: 0.9916, MAE: 0.0189
2025-11-12 02:52:31,016 - INFO - Epoch [200/200], Train Loss: 0.012846, Val Loss: 0.018914, R²: 0.9916, MAE: 0.0189
2025-11-12 02:52:31,017 - INFO - 开始训练 (200 轮)...
2025-11-12 02:52:34,017 - INFO - 模型已保存至: /home/data2/rhj/project/mol_editor/mol_evo/../mol_evo/output/v0/MoleculeEvolutionVisnetLinearPredictor/train-20251112_004612-gap_change_pct-30000-200/last.pth
2025-11-12 02:52:34,017 - INFO - 
2025-11-12 02:52:34,017 - INFO - ============================================================
2025-11-12 02:52:34,017 - INFO - 训练完成 - 最终评估结果
2025-11-12 02:52:34,017 - INFO - ============================================================
2025-11-12 02:52:34,017 - INFO - 测试集损失: 0.019410
2025-11-12 02:52:34,017 - INFO - RMSE: 0.079236
2025-11-12 02:52:34,017 - INFO - MAE: 0.019410
2025-11-12 02:52:34,018 - INFO - R²: 0.993528
2025-11-12 02:52:34,018 - INFO - PCC: 0.996774
2025-11-12 02:52:34,018 - INFO - Rank Loss: 0.347416
2025-11-12 02:52:34,018 - INFO - 
2025-11-12 02:52:34,018 - INFO - 阈值准确率:
2025-11-12 02:52:34,018 - INFO -   阈值 0.5: 99.60%
2025-11-12 02:52:34,018 - INFO -   阈值 0.4: 99.30%
2025-11-12 02:52:34,018 - INFO -   阈值 0.30000000000000004: 98.70%
2025-11-12 02:52:34,018 - INFO -   阈值 0.20000000000000004: 97.80%
2025-11-12 02:52:34,018 - INFO -   阈值 0.10000000000000003: 95.06%
2025-11-12 02:52:34,018 - INFO -   阈值 0.05000000000000002: 91.66%
2025-11-12 02:52:34,018 - INFO -   阈值 0.040000000000000015: 90.93%
2025-11-12 02:52:34,018 - INFO -   阈值 0.030000000000000013: 89.59%
2025-11-12 02:52:34,018 - INFO -   阈值 0.02000000000000001: 87.46%
2025-11-12 02:52:34,018 - INFO -   阈值 0.01000000000000001: 79.52%
2025-11-12 02:52:34,018 - INFO -   阈值 0.005000000000000005: 71.28%
2025-11-12 02:52:34,018 - INFO -   阈值 0.004000000000000005: 67.85%
2025-11-12 02:52:34,018 - INFO -   阈值 0.0030000000000000053: 62.27%
2025-11-12 02:52:34,018 - INFO -   阈值 0.0020000000000000052: 52.23%
2025-11-12 02:52:34,018 - INFO -   阈值 0.0010000000000000052: 30.12%
2025-11-12 02:52:34,018 - INFO - 
2025-11-12 02:52:34,019 - INFO - 训练完成:
2025-11-12 02:52:34,019 - INFO -   - 最终训练损失: 0.012846
2025-11-12 02:52:34,019 - INFO -   - 最佳验证损失: 0.018791
2025-11-12 02:52:34,019 - INFO -   - 测试损失 (MSE): 0.019410
2025-11-12 02:52:34,019 - INFO -   - 测试RMSE: 0.079236
2025-11-12 02:52:34,019 - INFO -   - 测试MAE: 0.019410
2025-11-12 02:52:34,019 - INFO -   - 测试R²: 0.993528
2025-11-12 02:52:34,019 - INFO -   - 测试PCC: 0.996774
2025-11-12 02:52:34,019 - INFO -   - 测试Rank Loss: 0.347416
2025-11-12 02:52:34,019 - INFO -   - 测试阈值准确率 (0.5): 0.9960
2025-11-12 02:52:34,019 - INFO -   - 测试阈值准确率 (0.4): 0.9930
2025-11-12 02:52:34,019 - INFO -   - 测试阈值准确率 (0.30000000000000004): 0.9870
2025-11-12 02:52:34,019 - INFO -   - 测试阈值准确率 (0.20000000000000004): 0.9780
2025-11-12 02:52:34,019 - INFO -   - 测试阈值准确率 (0.10000000000000003): 0.9506
2025-11-12 02:52:34,019 - INFO -   - 测试阈值准确率 (0.05000000000000002): 0.9166
2025-11-12 02:52:34,019 - INFO -   - 测试阈值准确率 (0.040000000000000015): 0.9093
2025-11-12 02:52:34,019 - INFO -   - 测试阈值准确率 (0.030000000000000013): 0.8959
2025-11-12 02:52:34,019 - INFO -   - 测试阈值准确率 (0.02000000000000001): 0.8746
2025-11-12 02:52:34,020 - INFO -   - 测试阈值准确率 (0.01000000000000001): 0.7952
2025-11-12 02:52:34,020 - INFO -   - 测试阈值准确率 (0.005000000000000005): 0.7128
2025-11-12 02:52:34,020 - INFO -   - 测试阈值准确率 (0.004000000000000005): 0.6785
2025-11-12 02:52:34,020 - INFO -   - 测试阈值准确率 (0.0030000000000000053): 0.6227
2025-11-12 02:52:34,020 - INFO -   - 测试阈值准确率 (0.0020000000000000052): 0.5223
2025-11-12 02:52:34,020 - INFO -   - 测试阈值准确率 (0.0010000000000000052): 0.3012
2025-11-12 02:52:34,020 - INFO -   - 模型已保存到: /home/data2/rhj/project/mol_editor/mol_evo/../mol_evo/output/v0/MoleculeEvolutionVisnetLinearPredictor/train-20251112_004612-gap_change_pct-30000-200/last.pth
2025-11-12 02:52:34,020 - INFO - 训练结果已保存到: /home/data2/rhj/project/mol_editor/mol_evo/../mol_evo/output/v0/MoleculeEvolutionVisnetLinearPredictor/train-20251112_004612-gap_change_pct-30000-200/training_results.json
2025-11-12 02:52:34,020 - INFO - 模型目录: /home/data2/rhj/project/mol_editor/mol_evo/../mol_evo/output/v0/MoleculeEvolutionVisnetLinearPredictor/train-20251112_004612-gap_change_pct-30000-200
