2025-10-13 04:29:19,937 - INFO - training_file - ============================================================
2025-10-13 04:29:19,937 - INFO - training_console - ============================================================
2025-10-13 04:29:19,937 - INFO - training_file - 基于NNConv的分子进化预测器模型训练开始
2025-10-13 04:29:19,937 - INFO - training_console - 基于NNConv的分子进化预测器模型训练开始
2025-10-13 04:29:19,937 - INFO - training_file - ============================================================
2025-10-13 04:29:19,937 - INFO - training_console - ============================================================
2025-10-13 04:29:19,937 - INFO - training_file - 数据文件: mol_evo/dataset/data/qm9-evo-pairs-step-1-with-properties-pct.csv
2025-10-13 04:29:19,937 - INFO - training_console - 数据文件: mol_evo/dataset/data/qm9-evo-pairs-step-1-with-properties-pct.csv
2025-10-13 04:29:19,937 - INFO - training_file - 最大对数: 2000
2025-10-13 04:29:19,937 - INFO - training_console - 最大对数: 2000
2025-10-13 04:29:19,937 - INFO - training_file - 训练轮数: 500
2025-10-13 04:29:19,937 - INFO - training_console - 训练轮数: 500
2025-10-13 04:29:19,937 - INFO - training_file - 正在构建图数据: mol_evo/dataset/data/qm9-evo-pairs-step-1-with-properties-pct.csv
2025-10-13 04:29:19,937 - INFO - training_console - 正在构建图数据: mol_evo/dataset/data/qm9-evo-pairs-step-1-with-properties-pct.csv
2025-10-13 04:29:20,562 - INFO - training_file - 加载缓存文件: /home/data2/rhj/project/mol_editor/mol_evo/core/utils/../../.cache/molecule_graphs/csv_qm9-evo-pairs-step-1-with-properties-pct_3cbb45cc1ac9202d.pt，包含 1994 个分子
2025-10-13 04:29:20,562 - INFO - training_console - 加载缓存文件: /home/data2/rhj/project/mol_editor/mol_evo/core/utils/../../.cache/molecule_graphs/csv_qm9-evo-pairs-step-1-with-properties-pct_3cbb45cc1ac9202d.pt，包含 1994 个分子
2025-10-13 04:29:20,739 - INFO - training_file - 分子处理统计: 总数=4000, 命中=4000, 未命中=0, 命中率=100.00%
2025-10-13 04:29:20,739 - INFO - training_console - 分子处理统计: 总数=4000, 命中=4000, 未命中=0, 命中率=100.00%
2025-10-13 04:29:20,746 - INFO - training_file - --- 训练集样本示例 (头部数据) ---
2025-10-13 04:29:20,746 - INFO - training_console - --- 训练集样本示例 (头部数据) ---
2025-10-13 04:29:20,746 - INFO - training_file -   样本       起始节点数        起始边数         目标节点数        目标边数         边特征             目标属性值          
2025-10-13 04:29:20,746 - INFO - training_console -   样本       起始节点数        起始边数         目标节点数        目标边数         边特征             目标属性值          
2025-10-13 04:29:20,746 - INFO - training_file -   --------------------------------------------------------------------------------
2025-10-13 04:29:20,746 - INFO - training_console -   --------------------------------------------------------------------------------
2025-10-13 04:29:20,747 - INFO - training_file -   1        5            8            8            14           [1.0, 0.0, 0.   0.199346       
2025-10-13 04:29:20,747 - INFO - training_console -   1        5            8            8            14           [1.0, 0.0, 0.   0.199346       
2025-10-13 04:29:20,747 - INFO - training_file -   2        3            4            6            10           [1.0, 0.0, 0.   -0.124008      
2025-10-13 04:29:20,747 - INFO - training_console -   2        3            4            6            10           [1.0, 0.0, 0.   -0.124008      
2025-10-13 04:29:20,747 - INFO - training_file -   3        4            6            11           20           [1.0, 0.0, 0.   0.258689       
2025-10-13 04:29:20,747 - INFO - training_console -   3        4            6            11           20           [1.0, 0.0, 0.   0.258689       
2025-10-13 04:29:20,747 - INFO - training_file -   --------------------------------------------------------------------------------
2025-10-13 04:29:20,747 - INFO - training_console -   --------------------------------------------------------------------------------
2025-10-13 04:29:20,747 - INFO - training_file - 
数据构建完成:
2025-10-13 04:29:20,747 - INFO - training_console - 
数据构建完成:
2025-10-13 04:29:20,747 - INFO - training_file -   项目                   值                   
2025-10-13 04:29:20,747 - INFO - training_console -   项目                   值                   
2025-10-13 04:29:20,747 - INFO - training_file -   ----------------------------------------
2025-10-13 04:29:20,747 - INFO - training_console -   ----------------------------------------
2025-10-13 04:29:20,747 - INFO - training_file -   样本数                  2000                
2025-10-13 04:29:20,747 - INFO - training_console -   样本数                  2000                
2025-10-13 04:29:20,747 - INFO - training_file -   节点特征维度               11                  
2025-10-13 04:29:20,747 - INFO - training_console -   节点特征维度               11                  
2025-10-13 04:29:20,747 - INFO - training_file -   边特征维度                11                  
2025-10-13 04:29:20,747 - INFO - training_console -   边特征维度                11                  
2025-10-13 04:29:20,747 - INFO - training_file -   目标属性变化维度             1                   
2025-10-13 04:29:20,747 - INFO - training_console -   目标属性变化维度             1                   
2025-10-13 04:29:20,748 - INFO - training_file - 数据集划分完成:
2025-10-13 04:29:20,748 - INFO - training_console - 数据集划分完成:
2025-10-13 04:29:20,748 - INFO - training_file -   - 训练集: 1600 (80.0%)
2025-10-13 04:29:20,748 - INFO - training_console -   - 训练集: 1600 (80.0%)
2025-10-13 04:29:20,748 - INFO - training_file -   - 验证集: 200 (10.0%)
2025-10-13 04:29:20,748 - INFO - training_console -   - 验证集: 200 (10.0%)
2025-10-13 04:29:20,748 - INFO - training_file -   - 测试集: 200 (10.0%)
2025-10-13 04:29:20,748 - INFO - training_console -   - 测试集: 200 (10.0%)
2025-10-13 04:29:20,801 - INFO - training_file - 正在创建模型...
2025-10-13 04:29:20,801 - INFO - training_console - 正在创建模型...
2025-10-13 04:29:20,802 - INFO - training_file - 模型参数数量: 980993
2025-10-13 04:29:20,802 - INFO - training_console - 模型参数数量: 980993
2025-10-13 04:29:20,802 - INFO - training_file - 使用设备: cuda
2025-10-13 04:29:20,802 - INFO - training_console - 使用设备: cuda
2025-10-13 04:29:23,768 - INFO - training_file - Epoch [10/500], Train Loss: 0.580867, Val Loss: 0.668500, R²: 0.0753, MAE: 0.6685
2025-10-13 04:29:26,409 - INFO - training_file - Epoch [20/500], Train Loss: 0.492284, Val Loss: 0.614457, R²: 0.1851, MAE: 0.6145
2025-10-13 04:29:28,948 - INFO - training_file - Epoch [30/500], Train Loss: 0.514798, Val Loss: 0.625349, R²: 0.1833, MAE: 0.6253
2025-10-13 04:29:31,500 - INFO - training_file - Epoch [40/500], Train Loss: 0.461062, Val Loss: 0.556042, R²: 0.2414, MAE: 0.5560
2025-10-13 04:29:34,161 - INFO - training_file - Epoch [50/500], Train Loss: 0.450145, Val Loss: 0.553404, R²: 0.2247, MAE: 0.5534
2025-10-13 04:29:36,787 - INFO - training_file - Epoch [60/500], Train Loss: 0.426432, Val Loss: 0.511079, R²: 0.2797, MAE: 0.5111
2025-10-13 04:29:39,633 - INFO - training_file - Epoch [70/500], Train Loss: 0.421310, Val Loss: 0.523664, R²: 0.2548, MAE: 0.5237
2025-10-13 04:29:42,096 - INFO - training_file - Epoch [80/500], Train Loss: 0.404738, Val Loss: 0.522968, R²: 0.2431, MAE: 0.5230
2025-10-13 04:29:44,652 - INFO - training_file - Epoch [90/500], Train Loss: 0.385019, Val Loss: 0.509144, R²: 0.2408, MAE: 0.5091
2025-10-13 04:29:47,160 - INFO - training_file - 已保存checkpoint: /home/data2/rhj/project/mol_editor/mol_evo/../mol_evo/output/v0/gcn/train-20251013_042919-mu_change-2000-500/checkpoint_epoch_100.pth
2025-10-13 04:29:47,160 - INFO - training_console - 已保存checkpoint: /home/data2/rhj/project/mol_editor/mol_evo/../mol_evo/output/v0/gcn/train-20251013_042919-mu_change-2000-500/checkpoint_epoch_100.pth
2025-10-13 04:29:47,249 - INFO - training_file - Epoch [100/500], Train Loss: 0.378595, Val Loss: 0.518330, R²: 0.2564, MAE: 0.5183
2025-10-13 04:29:49,794 - INFO - training_file - Epoch [110/500], Train Loss: 0.380706, Val Loss: 0.486107, R²: 0.2760, MAE: 0.4861
2025-10-13 04:29:52,399 - INFO - training_file - Epoch [120/500], Train Loss: 0.370623, Val Loss: 0.483488, R²: 0.2499, MAE: 0.4835
2025-10-13 04:29:54,881 - INFO - training_file - Epoch [130/500], Train Loss: 0.341915, Val Loss: 0.462245, R²: 0.2956, MAE: 0.4622
2025-10-13 04:29:57,600 - INFO - training_file - Epoch [140/500], Train Loss: 0.328243, Val Loss: 0.459195, R²: 0.3039, MAE: 0.4592
2025-10-13 04:30:00,220 - INFO - training_file - Epoch [150/500], Train Loss: 0.318181, Val Loss: 0.458963, R²: 0.3044, MAE: 0.4590
2025-10-13 04:30:02,898 - INFO - training_file - Epoch [160/500], Train Loss: 0.313993, Val Loss: 0.460997, R²: 0.3375, MAE: 0.4610
2025-10-13 04:30:05,339 - INFO - training_file - Epoch [170/500], Train Loss: 0.333591, Val Loss: 0.472306, R²: 0.3273, MAE: 0.4723
2025-10-13 04:30:08,078 - INFO - training_file - Epoch [180/500], Train Loss: 0.292808, Val Loss: 0.440384, R²: 0.3766, MAE: 0.4404
2025-10-13 04:30:10,457 - INFO - training_file - Epoch [190/500], Train Loss: 0.280809, Val Loss: 0.430515, R²: 0.3866, MAE: 0.4305
2025-10-13 04:30:12,949 - INFO - training_file - 已保存checkpoint: /home/data2/rhj/project/mol_editor/mol_evo/../mol_evo/output/v0/gcn/train-20251013_042919-mu_change-2000-500/checkpoint_epoch_200.pth
2025-10-13 04:30:12,949 - INFO - training_console - 已保存checkpoint: /home/data2/rhj/project/mol_editor/mol_evo/../mol_evo/output/v0/gcn/train-20251013_042919-mu_change-2000-500/checkpoint_epoch_200.pth
2025-10-13 04:30:13,050 - INFO - training_file - Epoch [200/500], Train Loss: 0.274769, Val Loss: 0.430109, R²: 0.3965, MAE: 0.4301
2025-10-13 04:30:15,478 - INFO - training_file - Epoch [210/500], Train Loss: 0.272178, Val Loss: 0.427606, R²: 0.4034, MAE: 0.4276
2025-10-13 04:30:18,092 - INFO - training_file - Epoch [220/500], Train Loss: 0.269924, Val Loss: 0.426398, R²: 0.4097, MAE: 0.4264
2025-10-13 04:30:20,826 - INFO - training_file - Epoch [230/500], Train Loss: 0.262541, Val Loss: 0.419896, R²: 0.4216, MAE: 0.4199
2025-10-13 04:30:23,420 - INFO - training_file - Epoch [240/500], Train Loss: 0.260304, Val Loss: 0.422458, R²: 0.4155, MAE: 0.4225
2025-10-13 04:30:25,957 - INFO - training_file - Epoch [250/500], Train Loss: 0.256487, Val Loss: 0.419201, R²: 0.4177, MAE: 0.4192
2025-10-13 04:30:28,536 - INFO - training_file - Epoch [260/500], Train Loss: 0.254875, Val Loss: 0.414824, R²: 0.4315, MAE: 0.4148
2025-10-13 04:30:31,204 - INFO - training_file - Epoch [270/500], Train Loss: 0.251014, Val Loss: 0.414987, R²: 0.4265, MAE: 0.4150
2025-10-13 04:30:33,592 - INFO - training_file - Epoch [280/500], Train Loss: 0.247273, Val Loss: 0.412105, R²: 0.4373, MAE: 0.4121
2025-10-13 04:30:36,114 - INFO - training_file - Epoch [290/500], Train Loss: 0.242758, Val Loss: 0.406518, R²: 0.4442, MAE: 0.4065
2025-10-13 04:30:38,684 - INFO - training_file - 已保存checkpoint: /home/data2/rhj/project/mol_editor/mol_evo/../mol_evo/output/v0/gcn/train-20251013_042919-mu_change-2000-500/checkpoint_epoch_300.pth
2025-10-13 04:30:38,684 - INFO - training_console - 已保存checkpoint: /home/data2/rhj/project/mol_editor/mol_evo/../mol_evo/output/v0/gcn/train-20251013_042919-mu_change-2000-500/checkpoint_epoch_300.pth
2025-10-13 04:30:38,798 - INFO - training_file - Epoch [300/500], Train Loss: 0.241643, Val Loss: 0.405475, R²: 0.4531, MAE: 0.4055
2025-10-13 04:30:41,390 - INFO - training_file - Epoch [310/500], Train Loss: 0.238369, Val Loss: 0.406299, R²: 0.4573, MAE: 0.4063
2025-10-13 04:30:43,968 - INFO - training_file - Epoch [320/500], Train Loss: 0.236333, Val Loss: 0.403986, R²: 0.4592, MAE: 0.4040
2025-10-13 04:30:46,706 - INFO - training_file - Epoch [330/500], Train Loss: 0.235594, Val Loss: 0.402543, R²: 0.4620, MAE: 0.4025
2025-10-13 04:30:49,331 - INFO - training_file - Epoch [340/500], Train Loss: 0.234316, Val Loss: 0.401121, R²: 0.4630, MAE: 0.4011
2025-10-13 04:30:51,975 - INFO - training_file - Epoch [350/500], Train Loss: 0.233044, Val Loss: 0.401356, R²: 0.4642, MAE: 0.4014
2025-10-13 04:30:54,659 - INFO - training_file - Epoch [360/500], Train Loss: 0.231752, Val Loss: 0.400529, R²: 0.4668, MAE: 0.4005
2025-10-13 04:30:57,064 - INFO - training_file - Epoch [370/500], Train Loss: 0.231055, Val Loss: 0.400454, R²: 0.4657, MAE: 0.4005
2025-10-13 04:30:59,562 - INFO - training_file - Epoch [380/500], Train Loss: 0.230770, Val Loss: 0.400657, R²: 0.4663, MAE: 0.4007
2025-10-13 04:31:02,023 - INFO - training_file - Epoch [390/500], Train Loss: 0.230407, Val Loss: 0.400197, R²: 0.4674, MAE: 0.4002
2025-10-13 04:31:04,457 - INFO - training_file - 已保存checkpoint: /home/data2/rhj/project/mol_editor/mol_evo/../mol_evo/output/v0/gcn/train-20251013_042919-mu_change-2000-500/checkpoint_epoch_400.pth
2025-10-13 04:31:04,457 - INFO - training_console - 已保存checkpoint: /home/data2/rhj/project/mol_editor/mol_evo/../mol_evo/output/v0/gcn/train-20251013_042919-mu_change-2000-500/checkpoint_epoch_400.pth
2025-10-13 04:31:04,561 - INFO - training_file - Epoch [400/500], Train Loss: 0.230254, Val Loss: 0.400013, R²: 0.4677, MAE: 0.4000
2025-10-13 04:31:07,258 - INFO - training_file - Epoch [410/500], Train Loss: 0.230195, Val Loss: 0.400002, R²: 0.4680, MAE: 0.4000
2025-10-13 04:31:09,861 - INFO - training_file - Epoch [420/500], Train Loss: 0.230095, Val Loss: 0.400031, R²: 0.4679, MAE: 0.4000
2025-10-13 04:31:12,367 - INFO - training_file - Epoch [430/500], Train Loss: 0.230052, Val Loss: 0.399961, R²: 0.4681, MAE: 0.4000
2025-10-13 04:31:15,057 - INFO - training_file - Epoch [440/500], Train Loss: 0.230028, Val Loss: 0.399956, R²: 0.4681, MAE: 0.4000
2025-10-13 04:31:17,712 - INFO - training_file - Epoch [450/500], Train Loss: 0.230015, Val Loss: 0.399956, R²: 0.4682, MAE: 0.4000
2025-10-13 04:31:20,354 - INFO - training_file - Epoch [460/500], Train Loss: 0.230006, Val Loss: 0.399966, R²: 0.4681, MAE: 0.4000
2025-10-13 04:31:22,851 - INFO - training_file - Epoch [470/500], Train Loss: 0.230001, Val Loss: 0.399983, R²: 0.4681, MAE: 0.4000
2025-10-13 04:31:25,329 - INFO - training_file - Epoch [480/500], Train Loss: 0.229990, Val Loss: 0.399973, R²: 0.4681, MAE: 0.4000
2025-10-13 04:31:27,926 - INFO - training_file - Epoch [490/500], Train Loss: 0.229988, Val Loss: 0.399977, R²: 0.4681, MAE: 0.4000
2025-10-13 04:31:30,428 - INFO - training_file - 已保存checkpoint: /home/data2/rhj/project/mol_editor/mol_evo/../mol_evo/output/v0/gcn/train-20251013_042919-mu_change-2000-500/checkpoint_epoch_500.pth
2025-10-13 04:31:30,428 - INFO - training_console - 已保存checkpoint: /home/data2/rhj/project/mol_editor/mol_evo/../mol_evo/output/v0/gcn/train-20251013_042919-mu_change-2000-500/checkpoint_epoch_500.pth
2025-10-13 04:31:30,519 - INFO - training_file - Epoch [500/500], Train Loss: 0.229977, Val Loss: 0.399961, R²: 0.4681, MAE: 0.4000
2025-10-13 04:31:30,519 - INFO - training_file - 开始训练 (500 轮)...
2025-10-13 04:31:30,519 - INFO - training_console - 开始训练 (500 轮)...
2025-10-13 04:31:30,682 - INFO - training_file - Debug: 模型参数前10个值:
2025-10-13 04:31:30,683 - INFO - training_console - Debug: 模型参数前10个值:
2025-10-13 04:31:30,683 - INFO - training_file - Debug: 参数 from_molecule_extractor.gcn_layers.0.bias (shape: torch.Size([128])) => 前10个值: [-0.026611274108290672, -0.09061636030673981, -0.025257432833313942, -0.05548292025923729, -0.08009445667266846, -0.11785192787647247, -0.08698689937591553, -1.3091305817169996e-11, -2.925427722288987e-08, -0.12116153538227081]
2025-10-13 04:31:30,683 - INFO - training_console - Debug: 参数 from_molecule_extractor.gcn_layers.0.bias (shape: torch.Size([128])) => 前10个值: [-0.026611274108290672, -0.09061636030673981, -0.025257432833313942, -0.05548292025923729, -0.08009445667266846, -0.11785192787647247, -0.08698689937591553, -1.3091305817169996e-11, -2.925427722288987e-08, -0.12116153538227081]
2025-10-13 04:31:30,683 - INFO - training_file - Debug: 参数 from_molecule_extractor.gcn_layers.0.lin.weight (shape: torch.Size([128, 11])) => 前10个值: [-0.013081101700663567, -0.011756121180951595, 2.9690570191512104e-33, -1.1063242482123314e-06, 4.989290952363832e-39, -0.042279619723558426, 2.973702640791803e-25, -2.031866869038352e-16, -3.0236148717487076e-27, -0.011549320071935654]
2025-10-13 04:31:30,683 - INFO - training_console - Debug: 参数 from_molecule_extractor.gcn_layers.0.lin.weight (shape: torch.Size([128, 11])) => 前10个值: [-0.013081101700663567, -0.011756121180951595, 2.9690570191512104e-33, -1.1063242482123314e-06, 4.989290952363832e-39, -0.042279619723558426, 2.973702640791803e-25, -2.031866869038352e-16, -3.0236148717487076e-27, -0.011549320071935654]
2025-10-13 04:31:30,684 - INFO - training_file - Debug: 参数 from_molecule_extractor.gcn_layers.1.bias (shape: torch.Size([256])) => 前10个值: [0.08201072365045547, -0.0027364313136786222, -0.060568444430828094, -0.04521751403808594, -0.04317977651953697, -7.873341978381632e-09, -0.0714801624417305, -0.06700269132852554, -0.0011543562868610024, -0.020555442199110985]
2025-10-13 04:31:30,684 - INFO - training_console - Debug: 参数 from_molecule_extractor.gcn_layers.1.bias (shape: torch.Size([256])) => 前10个值: [0.08201072365045547, -0.0027364313136786222, -0.060568444430828094, -0.04521751403808594, -0.04317977651953697, -7.873341978381632e-09, -0.0714801624417305, -0.06700269132852554, -0.0011543562868610024, -0.020555442199110985]
2025-10-13 04:31:31,596 - INFO - training_file - 模型已保存至: /home/data2/rhj/project/mol_editor/mol_evo/../mol_evo/output/v0/gcn/train-20251013_042919-mu_change-2000-500/last.pth
2025-10-13 04:31:31,596 - INFO - training_console - 模型已保存至: /home/data2/rhj/project/mol_editor/mol_evo/../mol_evo/output/v0/gcn/train-20251013_042919-mu_change-2000-500/last.pth
2025-10-13 04:31:31,596 - INFO - training_file - 
2025-10-13 04:31:31,596 - INFO - training_console - 
2025-10-13 04:31:31,596 - INFO - training_file - ============================================================
2025-10-13 04:31:31,596 - INFO - training_console - ============================================================
2025-10-13 04:31:31,596 - INFO - training_file - 训练完成 - 最终评估结果
2025-10-13 04:31:31,596 - INFO - training_console - 训练完成 - 最终评估结果
2025-10-13 04:31:31,596 - INFO - training_file - ============================================================
2025-10-13 04:31:31,596 - INFO - training_console - ============================================================
2025-10-13 04:31:31,596 - INFO - training_file - 测试集损失: 0.321158
2025-10-13 04:31:31,596 - INFO - training_console - 测试集损失: 0.321158
2025-10-13 04:31:31,596 - INFO - training_file - RMSE: 0.652553
2025-10-13 04:31:31,596 - INFO - training_console - RMSE: 0.652553
2025-10-13 04:31:31,596 - INFO - training_file - MAE: 0.321158
2025-10-13 04:31:31,596 - INFO - training_console - MAE: 0.321158
2025-10-13 04:31:31,596 - INFO - training_file - R²: 0.460806
2025-10-13 04:31:31,596 - INFO - training_console - R²: 0.460806
2025-10-13 04:31:31,596 - INFO - training_file - 
2025-10-13 04:31:31,596 - INFO - training_console - 
2025-10-13 04:31:31,596 - INFO - training_file - 阈值准确率:
2025-10-13 04:31:31,597 - INFO - training_console - 阈值准确率:
2025-10-13 04:31:31,597 - INFO - training_file -   阈值 0.5: 83.00%
2025-10-13 04:31:31,597 - INFO - training_console -   阈值 0.5: 83.00%
2025-10-13 04:31:31,597 - INFO - training_file -   阈值 0.4: 80.00%
2025-10-13 04:31:31,597 - INFO - training_console -   阈值 0.4: 80.00%
2025-10-13 04:31:31,597 - INFO - training_file -   阈值 0.30000000000000004: 72.50%
2025-10-13 04:31:31,597 - INFO - training_console -   阈值 0.30000000000000004: 72.50%
2025-10-13 04:31:31,597 - INFO - training_file -   阈值 0.20000000000000004: 65.50%
2025-10-13 04:31:31,597 - INFO - training_console -   阈值 0.20000000000000004: 65.50%
2025-10-13 04:31:31,597 - INFO - training_file -   阈值 0.10000000000000003: 49.00%
2025-10-13 04:31:31,597 - INFO - training_console -   阈值 0.10000000000000003: 49.00%
2025-10-13 04:31:31,597 - INFO - training_file - 
2025-10-13 04:31:31,597 - INFO - training_console - 
2025-10-13 04:31:31,597 - INFO - training_file - 训练完成:
2025-10-13 04:31:31,597 - INFO - training_console - 训练完成:
2025-10-13 04:31:31,597 - INFO - training_file -   - 最终训练损失: 0.229977
2025-10-13 04:31:31,597 - INFO - training_console -   - 最终训练损失: 0.229977
2025-10-13 04:31:31,597 - INFO - training_file -   - 最佳验证损失: 0.399945
2025-10-13 04:31:31,597 - INFO - training_console -   - 最佳验证损失: 0.399945
2025-10-13 04:31:31,597 - INFO - training_file -   - 测试损失 (MSE): 0.321158
2025-10-13 04:31:31,597 - INFO - training_console -   - 测试损失 (MSE): 0.321158
2025-10-13 04:31:31,597 - INFO - training_file -   - 测试RMSE: 0.652553
2025-10-13 04:31:31,597 - INFO - training_console -   - 测试RMSE: 0.652553
2025-10-13 04:31:31,598 - INFO - training_file -   - 测试MAE: 0.321158
2025-10-13 04:31:31,598 - INFO - training_console -   - 测试MAE: 0.321158
2025-10-13 04:31:31,598 - INFO - training_file -   - 测试R²: 0.460806
2025-10-13 04:31:31,598 - INFO - training_console -   - 测试R²: 0.460806
2025-10-13 04:31:31,598 - INFO - training_file -   - 测试阈值准确率 (0.5): 0.8300
2025-10-13 04:31:31,598 - INFO - training_console -   - 测试阈值准确率 (0.5): 0.8300
2025-10-13 04:31:31,598 - INFO - training_file -   - 测试阈值准确率 (0.4): 0.8000
2025-10-13 04:31:31,598 - INFO - training_console -   - 测试阈值准确率 (0.4): 0.8000
2025-10-13 04:31:31,598 - INFO - training_file -   - 测试阈值准确率 (0.30000000000000004): 0.7250
2025-10-13 04:31:31,598 - INFO - training_console -   - 测试阈值准确率 (0.30000000000000004): 0.7250
2025-10-13 04:31:31,598 - INFO - training_file -   - 测试阈值准确率 (0.20000000000000004): 0.6550
2025-10-13 04:31:31,598 - INFO - training_console -   - 测试阈值准确率 (0.20000000000000004): 0.6550
2025-10-13 04:31:31,598 - INFO - training_file -   - 测试阈值准确率 (0.10000000000000003): 0.4900
2025-10-13 04:31:31,598 - INFO - training_console -   - 测试阈值准确率 (0.10000000000000003): 0.4900
2025-10-13 04:31:31,598 - INFO - training_file -   - 模型已保存到: /home/data2/rhj/project/mol_editor/mol_evo/../mol_evo/output/v0/gcn/train-20251013_042919-mu_change-2000-500/last.pth
2025-10-13 04:31:31,598 - INFO - training_console -   - 模型已保存到: /home/data2/rhj/project/mol_editor/mol_evo/../mol_evo/output/v0/gcn/train-20251013_042919-mu_change-2000-500/last.pth
