2025-11-26 13:43:18,914 - INFO - ============================================================
2025-11-26 13:43:18,914 - INFO - 数据文件: /home/data2/rhj/project/mol_editor/mol_evo/dataset/data/qm9-evo-pairs-step-1-with-properties-pct.json
2025-11-26 13:43:18,914 - INFO - 最大对数: 120000
2025-11-26 13:43:18,914 - INFO - 训练轮数: 200
2025-11-26 13:43:18,914 - INFO - ============================================================
2025-11-26 13:43:18,915 - INFO - 模型配置已保存到: /home/data2/rhj/project/mol_editor/mol_evo/../mol_evo/output/v0/MoleculeEvolutionVisnetLinearPredictor/train-20251126_134318-homo_change_pct-120000-200/model_config.json
2025-11-26 13:43:18,915 - INFO - 正在构建图数据: /home/data2/rhj/project/mol_editor/mol_evo/dataset/data/qm9-evo-pairs-step-1-with-properties-pct.json
2025-11-26 13:45:56,171 - WARNING - 跳过第26973行分子对: O=C1[C@H]2C[C@@H]3[C@H]2N13 -> C[C@]12[C@@H]3C[C@H]1N2C3=O (数据为None)
2025-11-26 13:51:55,281 - WARNING - 跳过第65375行分子对: C[C@]12C[C@H](C1)[C@H]2CO -> C1OC[C@]23C[C@H](C2)[C@H]13 (数据为None)
2025-11-26 13:51:58,846 - WARNING - 跳过第66217行分子对: COCC12C[NH+](C1)C2 -> C1OC[C@]23C[N@H+](C2)[C@H]13 (数据为None)
2025-11-26 13:52:04,620 - WARNING - 跳过第66727行分子对: O=C1O[C@]23C[C@H](C2)[C@@H]13 -> O=C1N[C@]23C[C@H](C2)[C@@H]13 (数据为None)
2025-11-26 13:52:04,625 - WARNING - 跳过第66724行分子对: [NH-][C@@H]1O[C@]23C[N@H+](C2)[C@@H]13 -> C[C@H]1O[C@]23C[N@H+](C2)[C@@H]13 (数据为None)
2025-11-26 13:52:04,634 - WARNING - 跳过第66726行分子对: O=C1N[C@]23C[N@H+](C2)[C@@H]13 -> O=C1O[C@]23C[N@H+](C2)[C@@H]13 (数据为None)
2025-11-26 13:52:04,635 - WARNING - 跳过第66723行分子对: [NH-][C@@H]1O[C@]23C[C@H](C2)[C@@H]13 -> C[C@H]1O[C@]23C[C@H](C2)[C@@H]13 (数据为None)
2025-11-26 13:52:04,635 - WARNING - 跳过第66728行分子对: O=C1O[C@]23C[N@H+](C2)[C@@H]13 -> O=C1N[C@]23C[N@H+](C2)[C@@H]13 (数据为None)
2025-11-26 13:52:04,637 - WARNING - 跳过第66729行分子对: C[C@H]1C[C@]23C[C@H](C2)[C@@H]13 -> C1[C@H]2C[C@H]3C[C@H](C3)[C@@H]12 (数据为None)
2025-11-26 13:52:08,591 - WARNING - 跳过第66725行分子对: O=C1N[C@]23C[C@H](C2)[C@@H]13 -> O=C1O[C@]23C[C@H](C2)[C@@H]13 (数据为None)
2025-11-26 13:52:08,593 - WARNING - 跳过第66731行分子对: C[C@H]1O[C@]23C[C@H](C2)[C@@H]13 -> [NH-][C@@H]1O[C@]23C[C@H](C2)[C@@H]13 (数据为None)
2025-11-26 13:52:08,593 - WARNING - 跳过第66732行分子对: C[C@H]1O[C@]23C[N@H+](C2)[C@@H]13 -> [NH-][C@@H]1O[C@]23C[N@H+](C2)[C@@H]13 (数据为None)
2025-11-26 13:52:08,593 - WARNING - 跳过第66730行分子对: C[C@H]1C[C@]23C[N@H+](C2)[C@@H]13 -> O[C@H]1C[C@]23C[N@H+](C2)[C@@H]13 (数据为None)
2025-11-26 13:52:08,595 - WARNING - 跳过第66733行分子对: C[C@H]1O[C@]23C[N@H+](C2)[C@@H]13 -> C1[C@H]2O[C@H]3C[N@H+](C3)[C@@H]12 (数据为None)
2025-11-26 13:52:09,101 - WARNING - 跳过第66734行分子对: O[C@H]1C[C@]23C[N@H+](C2)[C@@H]13 -> C[C@H]1C[C@]23C[N@H+](C2)[C@@H]13 (数据为None)
2025-11-26 13:53:04,139 - WARNING - 跳过第85124行分子对: CCC1(CC)CCC1 -> C1CC23CCC12CC3 (数据为None)
2025-11-26 13:53:04,234 - WARNING - 跳过第85149行分子对: CCC1(CO)CCC1 -> C1C[C@]23CC[C@]12CO3 (数据为None)
2025-11-26 13:53:09,897 - WARNING - 跳过第89675行分子对: CC[C@@]12C=C[C@@H](C1)O2 -> C1=C[C@]23CC[C@@H]2[C@H]1O3 (数据为None)
2025-11-26 13:53:17,300 - WARNING - 跳过第98020行分子对: C[C@H]1C[C@H]2C(=O)N[C@@H]12 -> C[C@@]12C[C@H]3C(=O)N1[C@H]32 (数据为None)
2025-11-26 13:53:17,300 - WARNING - 跳过第98222行分子对: [CH+]1[NH2+][C@H]2[C@H]3C[C@@]2(C3)O1 -> C1O[C@H]2[C@H]3C[C@@]2(C3)O1 (数据为None)
2025-11-26 13:53:17,301 - WARNING - 跳过第98267行分子对: C[C@]12[C@@H]3C[C@H]1N2C3=O -> C[C@@H]1[C@@H]2C[C@H]1NC2=O (数据为None)
2025-11-26 13:53:17,302 - WARNING - 跳过第98228行分子对: C1OC[C@]23C[C@H](C2)[C@H]13 -> C[C@]12C[C@H](C1)[C@H]2CO (数据为None)
2025-11-26 13:53:17,303 - WARNING - 跳过第97994行分子对: C[C@@]12C[C@H]3C(=O)N1[C@H]32 -> C[C@H]1C[C@H]2C(=O)N[C@@H]12 (数据为None)
2025-11-26 13:53:17,303 - WARNING - 跳过第98229行分子对: C1O[C@H]2[C@H]3C[C@@]2(C3)O1 -> [CH+]1[NH2+][C@H]2[C@H]3C[C@@]2(C3)O1 (数据为None)
2025-11-26 13:53:17,304 - WARNING - 跳过第98231行分子对: C1OC[C@]23C[N@H+](C2)[C@H]13 -> COCC12C[NH+](C1)C2 (数据为None)
2025-11-26 13:53:17,512 - WARNING - 跳过第98227行分子对: C1C[C@]23C[C@H](C2)[C@@H]3O1 -> C1O[C@H]2[C@H]3C[C@@]2(C3)O1 (数据为None)
2025-11-26 13:53:21,653 - WARNING - 跳过第98230行分子对: C1O[C@H]2[C@H]3C[C@@]2(C3)O1 -> C1C[C@]23C[C@H](C2)[C@@H]3O1 (数据为None)
2025-11-26 13:53:23,617 - WARNING - 跳过第105042行分子对: CC[C@H]1CO[C@H]1CO -> C1C[C@@]23CO[C@@]12CO3 (数据为None)
2025-11-26 13:53:24,450 - WARNING - 跳过第109005行分子对: CC[C@]12CC[C@H]1CC2 -> C1CC23CCC12CC3 (数据为None)
2025-11-26 13:53:24,484 - WARNING - 跳过第109046行分子对: OC[C@]12CC[C@H]1CO2 -> C1C[C@@]23CO[C@@]12CO3 (数据为None)
2025-11-26 13:53:24,553 - WARNING - 跳过第109037行分子对: OC[C@]12CC[C@H]1CC2 -> C1C[C@]23CC[C@]12CO3 (数据为None)
2025-11-26 13:53:25,096 - WARNING - 跳过第111079行分子对: C[C@@H]1[C@@H]2C[C@H]1NC2=O -> C[C@]12[C@@H]3C[C@H]1N2C3=O (数据为None)
2025-11-26 13:53:25,153 - WARNING - 跳过第111722行分子对: C1=C[C@@]23C[C@@H]1[C@H]2CO3 -> OC[C@H]1[C@@H]2C=C[C@H]1C2 (数据为None)
2025-11-26 13:53:29,505 - WARNING - 跳过第111717行分子对: C1=C[C@]23CC[C@@H]2[C@H]1O3 -> CC[C@@]12C=C[C@@H](C1)O2 (数据为None)
2025-11-26 13:53:29,505 - WARNING - 跳过第111723行分子对: C1=C[C@]23CO[C@@H]2[C@H]1C3 -> C1=C[C@]23CO[C@@H]2[C@H]1O3 (数据为None)
2025-11-26 13:53:29,506 - WARNING - 跳过第111720行分子对: C1=C[C@]23CN[C@@H]2[C@H]1O3 -> C1=C[C@]23CO[C@@H]2[C@H]1O3 (数据为None)
2025-11-26 13:53:29,506 - WARNING - 跳过第111721行分子对: C1=C[C@@]23C[C@@H]1[C@H]2CO3 -> C1C[C@@]23C[C@@H]1[C@H]2CO3 (数据为None)
2025-11-26 13:53:29,506 - WARNING - 跳过第111716行分子对: C1=C[C@]23CC[N@@H+]2[C@H]1C3 -> CC[C@H]1[C@@H]2C=C[C@H]1C2 (数据为None)
2025-11-26 13:53:29,506 - WARNING - 跳过第111718行分子对: C1=C[C@]23CC[C@@H]2[C@H]1O3 -> C1C[C@@]23CC[C@@H](O2)[C@@H]13 (数据为None)
2025-11-26 13:53:29,507 - WARNING - 跳过第111719行分子对: C1=C[C@]23CC[C@@H]2[C@H]1O3 -> O[C@H]1C=C[C@H]2CC[C@@H]12 (数据为None)
2025-11-26 13:53:29,508 - WARNING - 跳过第111725行分子对: C1=C[C@]23CO[C@@H]2[C@H]1C3 -> C[C@H]1C=C[C@H]2CO[C@@H]12 (数据为None)
2025-11-26 13:53:33,722 - WARNING - 跳过第111715行分子对: C1=C[C@]23CC[C@@H]2[C@H]1C3 -> C1C[C@]23CC[C@@H]2[C@H]1C3 (数据为None)
2025-11-26 13:53:33,723 - WARNING - 跳过第111730行分子对: C1=C[C@]23CO[C@@H]2[C@H]1O3 -> O[C@H]1C=C[C@H]2CO[C@@H]12 (数据为None)
2025-11-26 13:53:33,723 - WARNING - 跳过第111724行分子对: C1=C[C@]23CO[C@@H]2[C@H]1C3 -> C1C[C@]23CO[C@@H]2[C@H]1C3 (数据为None)
2025-11-26 13:53:33,724 - WARNING - 跳过第111733行分子对: C1O[C@]23CC[C@@H]2[C@H]1C3 -> OC[C@H]1C[C@H]2CC[C@H]21 (数据为None)
2025-11-26 13:53:33,724 - WARNING - 跳过第111732行分子对: C1C[C@]23CC[C@@H]2[C@H]1C3 -> CC[C@H]1[C@@H]2CC[C@H]1C2 (数据为None)
2025-11-26 13:53:38,054 - WARNING - 跳过第111729行分子对: C1=C[C@]23CO[C@@H]2[C@H]1O3 -> C1C[C@@]23CO[C@H]2[C@@H]1O3 (数据为None)
2025-11-26 13:53:38,055 - WARNING - 跳过第111728行分子对: C1=C[C@]23CO[C@@H]2[C@H]1O3 -> C1=C[C@]23CO[C@@H]2[C@H]1C3 (数据为None)
2025-11-26 13:53:38,055 - WARNING - 跳过第111726行分子对: C1=C[C@]23CO[C@@H]2[C@H]1N3 -> C1C[C@@]23CO[C@H]2[C@@H]1N3 (数据为None)
2025-11-26 13:53:38,055 - WARNING - 跳过第111727行分子对: C1=C[C@]23CO[C@@H]2[C@H]1O3 -> C1=C[C@]23CN[C@@H]2[C@H]1O3 (数据为None)
2025-11-26 13:53:38,056 - WARNING - 跳过第111731行分子对: C1C[C@]23CC[C@@H]2[C@H]1C3 -> C1=C[C@]23CC[C@@H]2[C@H]1C3 (数据为None)
2025-11-26 13:53:38,056 - WARNING - 跳过第111739行分子对: C1C[C@@]23C[C@@H]1[C@H]2CO3 -> OC[C@H]1[C@@H]2CC[C@H]1C2 (数据为None)
2025-11-26 13:53:38,057 - WARNING - 跳过第111740行分子对: C1O[C@]23CO[C@H](C2)[C@@H]13 -> OC[C@H]1[C@@H]2CO[C@H]1C2 (数据为None)
2025-11-26 13:53:38,058 - WARNING - 跳过第111736行分子对: C1C[C@@]23CC[C@@H](O2)[C@@H]13 -> C1=C[C@]23CC[C@@H]2[C@H]1O3 (数据为None)
2025-11-26 13:53:38,059 - WARNING - 跳过第111734行分子对: C1C[C@]23CO[C@H](C2)[C@@H]13 -> C[C@H]1OC[C@H]2CC[C@H]21 (数据为None)
2025-11-26 13:53:42,426 - WARNING - 跳过第111738行分子对: C1C[C@@]23C[C@@H]1[C@H]2CO3 -> C1=C[C@@]23C[C@@H]1[C@H]2CO3 (数据为None)
2025-11-26 13:53:42,427 - WARNING - 跳过第111746行分子对: C1O[C@@H]2[C@H]3C[C@@]12CO3 -> C[C@H]1OC[C@H]2CO[C@H]21 (数据为None)
2025-11-26 13:53:42,428 - WARNING - 跳过第111747行分子对: C1O[C@]23CO[C@@H]2[C@H]1C3 -> OC[C@H]1C[C@H]2CO[C@H]21 (数据为None)
2025-11-26 13:53:42,428 - WARNING - 跳过第111744行分子对: C1C[C@]23CO[C@@H]2[C@H]1C3 -> C[C@H]1CC[C@H]2CO[C@H]21 (数据为None)
2025-11-26 13:53:46,651 - WARNING - 跳过第111742行分子对: C1C[C@]23CO[C@@H]2[C@H]1C3 -> C1O[C@@H]2[C@H]3C[C@@]12CO3 (数据为None)
2025-11-26 13:53:46,651 - WARNING - 跳过第111749行分子对: C1C[C@@]23CO[C@H]2[C@@H]1O3 -> C1=C[C@]23CO[C@@H]2[C@H]1O3 (数据为None)
2025-11-26 13:53:46,652 - WARNING - 跳过第111741行分子对: C1C[C@]23CO[C@@H]2[C@H]1C3 -> C1=C[C@]23CO[C@@H]2[C@H]1C3 (数据为None)
2025-11-26 13:53:46,653 - WARNING - 跳过第111743行分子对: C1C[C@]23CO[C@@H]2[C@H]1C3 -> C1C[C@@]23CO[C@H]2[C@@H]1O3 (数据为None)
2025-11-26 13:53:46,653 - WARNING - 跳过第111748行分子对: C1C[C@@]23CO[C@H]2[C@@H]1N3 -> C1=C[C@]23CO[C@@H]2[C@H]1N3 (数据为None)
2025-11-26 13:53:46,653 - WARNING - 跳过第111745行分子对: C1O[C@@H]2[C@H]3C[C@@]12CO3 -> C1C[C@]23CO[C@@H]2[C@H]1C3 (数据为None)
2025-11-26 13:53:46,655 - WARNING - 跳过第111751行分子对: C1C[C@@]23CO[C@H]2[C@@H]1O3 -> O[C@H]1CC[C@H]2CO[C@H]21 (数据为None)
2025-11-26 13:53:46,656 - WARNING - 跳过第112713行分子对: C[C@]12C[C@@H]3[C@H]1N3C2=O -> O=C1[C@H]2CC[C@@H]3[C@H]2N13 (数据为None)
2025-11-26 13:53:50,880 - WARNING - 跳过第112720行分子对: O=C1N2[C@@H]3C[C@@]1(O)[C@@H]32 -> O=C1[C@H]2OC[C@@H]3[C@H]2N13 (数据为None)
2025-11-26 13:53:50,881 - WARNING - 跳过第111750行分子对: C1C[C@@]23CO[C@H]2[C@@H]1O3 -> C1C[C@]23CO[C@@H]2[C@H]1C3 (数据为None)
2025-11-26 13:53:50,882 - WARNING - 跳过第112712行分子对: C[C@]12C[C@@H]3[C@H]1N3C2=O -> O=C1N2[C@@H]3C[C@@]1(O)[C@@H]32 (数据为None)
2025-11-26 13:53:51,151 - WARNING - 跳过第112719行分子对: O=C1N2[C@@H]3C[C@@]1(O)[C@@H]32 -> C[C@]12C[C@@H]3[C@H]1N3C2=O (数据为None)
2025-11-26 13:53:51,238 - WARNING - 跳过第114106行分子对: OC[C@H]1C[C@H]2CO[C@H]21 -> C1O[C@]23CO[C@@H]2[C@H]1C3 (数据为None)
2025-11-26 13:53:51,284 - WARNING - 跳过第114098行分子对: OC[C@H]1C[C@H]2CC[C@H]21 -> C1O[C@]23CC[C@@H]2[C@H]1C3 (数据为None)
2025-11-26 13:53:51,379 - WARNING - 跳过第114880行分子对: O[C@H]1C=C[C@H]2CO[C@@H]12 -> C1=C[C@]23CO[C@@H]2[C@H]1O3 (数据为None)
2025-11-26 13:53:51,382 - WARNING - 跳过第114870行分子对: C[C@H]1C=C[C@H]2CO[C@@H]12 -> C1=C[C@]23CO[C@@H]2[C@H]1C3 (数据为None)
2025-11-26 13:53:51,410 - WARNING - 跳过第114917行分子对: C[C@H]1OC[C@H]2CO[C@H]21 -> C1O[C@@H]2[C@H]3C[C@@]12CO3 (数据为None)
2025-11-26 13:53:55,796 - WARNING - 跳过第114929行分子对: O[C@H]1CC[C@H]2CO[C@H]21 -> C1C[C@@]23CO[C@H]2[C@@H]1O3 (数据为None)
2025-11-26 13:53:55,796 - WARNING - 跳过第114896行分子对: C[C@H]1CC[C@H]2CO[C@H]21 -> C1C[C@]23CO[C@@H]2[C@H]1C3 (数据为None)
2025-11-26 13:53:55,797 - WARNING - 跳过第114914行分子对: C[C@H]1OC[C@H]2CC[C@H]21 -> C1C[C@]23CO[C@H](C2)[C@@H]13 (数据为None)
2025-11-26 13:53:55,797 - WARNING - 跳过第114878行分子对: O[C@H]1C=C[C@H]2CC[C@@H]12 -> C1=C[C@]23CC[C@@H]2[C@H]1O3 (数据为None)
2025-11-26 13:53:55,798 - WARNING - 跳过第115845行分子对: O=C1[C@H]2OC[C@@H]3[C@H]2N13 -> O=C1N2[C@@H]3C[C@@]1(O)[C@@H]32 (数据为None)
2025-11-26 13:53:55,798 - WARNING - 跳过第115842行分子对: O=C1[C@H]2CC[C@@H]3[C@H]2N13 -> C[C@]12C[C@@H]3[C@H]1N3C2=O (数据为None)
2025-11-26 13:54:00,055 - WARNING - 跳过第116015行分子对: O=C1C[C@H]2C[C@@H]3[C@H]2N13 -> O=C1O[C@H]2C[C@@H]3[C@H]2N13 (数据为None)
2025-11-26 13:54:00,056 - WARNING - 跳过第116009行分子对: O=C1[CH-][C@H]2C[C@@H]3[C@H]2N13 -> O=C1O[C@H]2C[C@@H]3[C@H]2N13 (数据为None)
2025-11-26 13:54:00,056 - WARNING - 跳过第116008行分子对: O=C1[CH-][C@H]2C[C@@H]3[C@H]2N13 -> O=C1N[C@H]2C[C@@H]3[C@H]2N13 (数据为None)
2025-11-26 13:54:00,057 - WARNING - 跳过第116014行分子对: O=C1C[C@H]2C[C@@H]3[C@H]2N13 -> O=C1N[C@H]2C[C@@H]3[C@H]2N13 (数据为None)
2025-11-26 13:54:03,260 - WARNING - 跳过第116023行分子对: O=C1N[C@H]2C[C@@H]3[C@H]2N13 -> O=C1O[C@H]2C[C@@H]3[C@H]2N13 (数据为None)
2025-11-26 13:54:03,260 - WARNING - 跳过第116021行分子对: O=C1N[C@H]2C[C@@H]3[C@H]2N13 -> O=C1[CH-][C@H]2C[C@@H]3[C@H]2N13 (数据为None)
2025-11-26 13:54:03,260 - WARNING - 跳过第116404行分子对: C1CC2CCC1CC2 -> C1CC23CCC12CC3 (数据为None)
2025-11-26 13:54:03,261 - WARNING - 跳过第116028行分子对: O=C1O[C@H]2C[C@@H]3[C@H]2N13 -> O=C1[CH-][C@H]2C[C@@H]3[C@H]2N13 (数据为None)
2025-11-26 13:54:03,261 - WARNING - 跳过第116030行分子对: O=C1O[C@H]2C[C@@H]3[C@H]2N13 -> O=C1N[C@H]2C[C@@H]3[C@H]2N13 (数据为None)
2025-11-26 13:54:03,261 - WARNING - 跳过第116029行分子对: O=C1O[C@H]2C[C@@H]3[C@H]2N13 -> O=C1C[C@H]2C[C@@H]3[C@H]2N13 (数据为None)
2025-11-26 13:54:03,261 - WARNING - 跳过第116022行分子对: O=C1N[C@H]2C[C@@H]3[C@H]2N13 -> O=C1C[C@H]2C[C@@H]3[C@H]2N13 (数据为None)
2025-11-26 13:54:03,262 - WARNING - 跳过第116407行分子对: C1C[C@H]2CC[C@@H]1CO2 -> C1C[C@]23CC[C@]12CO3 (数据为None)
2025-11-26 13:54:03,262 - WARNING - 跳过第116047行分子对: C1[C@H]2O[C@H]3C[N@H+](C3)[C@@H]12 -> C[C@H]1O[C@]23C[N@H+](C2)[C@@H]13 (数据为None)
2025-11-26 13:54:03,262 - WARNING - 跳过第116045行分子对: C1[C@H]2C[C@H]3C[C@H](C3)[C@@H]12 -> C[C@H]1C[C@]23C[C@H](C2)[C@@H]13 (数据为None)
2025-11-26 13:54:07,361 - WARNING - 跳过第116411行分子对: C1C[C@H]2CO[C@@H]1CO2 -> C1C[C@@]23CO[C@@]12CO3 (数据为None)
2025-11-26 13:54:07,362 - WARNING - 跳过第116417行分子对: C1CC23CCC12CC3 -> CC[C@]12CC[C@H]1CC2 (数据为None)
2025-11-26 13:54:07,362 - WARNING - 跳过第116418行分子对: C1CC23CCC12CC3 -> C1CC2CCC1CC2 (数据为None)
2025-11-26 13:54:07,362 - WARNING - 跳过第116416行分子对: C1CC23CCC12CC3 -> CCC1(CC)CCC1 (数据为None)
2025-11-26 13:54:07,363 - WARNING - 跳过第116424行分子对: C1C[C@@]23CO[C@@]12CO3 -> C1C[C@H]2CO[C@@H]1CO2 (数据为None)
2025-11-26 13:54:07,363 - WARNING - 跳过第116423行分子对: C1C[C@@]23CO[C@@]12CO3 -> OC[C@]12CC[C@H]1CO2 (数据为None)
2025-11-26 13:54:07,363 - WARNING - 跳过第116422行分子对: C1C[C@@]23CO[C@@]12CO3 -> CC[C@H]1CO[C@H]1CO (数据为None)
2025-11-26 13:54:07,363 - WARNING - 跳过第116420行分子对: C1C[C@]23CC[C@]12CO3 -> OC[C@]12CC[C@H]1CC2 (数据为None)
2025-11-26 13:54:07,364 - WARNING - 跳过第116421行分子对: C1C[C@]23CC[C@]12CO3 -> C1C[C@H]2CC[C@@H]1CO2 (数据为None)
2025-11-26 13:54:07,364 - WARNING - 跳过第116419行分子对: C1C[C@]23CC[C@]12CO3 -> CCC1(CO)CCC1 (数据为None)
2025-11-26 13:54:11,729 - WARNING - 跳过第117336行分子对: OC[C@H]1[C@@H]2CO[C@H]1C2 -> C1O[C@]23CO[C@H](C2)[C@@H]13 (数据为None)
2025-11-26 13:54:11,730 - WARNING - 跳过第117300行分子对: OC[C@H]1[C@@H]2C=C[C@H]1C2 -> C1=C[C@@]23C[C@@H]1[C@H]2CO3 (数据为None)
2025-11-26 13:54:11,730 - WARNING - 跳过第117286行分子对: CC[C@H]1[C@@H]2C=C[C@H]1C2 -> C1=C[C@]23CC[N@@H+]2[C@H]1C3 (数据为None)
2025-11-26 13:54:11,731 - WARNING - 跳过第117330行分子对: OC[C@H]1[C@@H]2CC[C@H]1C2 -> C1C[C@@]23C[C@@H]1[C@H]2CO3 (数据为None)
2025-11-26 13:54:11,732 - WARNING - 跳过第117310行分子对: CC[C@H]1[C@@H]2CC[C@H]1C2 -> C1C[C@]23CC[C@@H]2[C@H]1C3 (数据为None)
2025-11-26 13:54:11,732 - WARNING - 跳过第117821行分子对: O=C1N[C@H]2[C@H]3C[C@H]3[C@@H]12 -> C[C@@H]1[C@H]2C(=O)N3[C@H]2[C@H]13 (数据为None)
2025-11-26 13:54:11,735 - WARNING - 跳过第117568行分子对: C[C@@H]1[C@H]2C(=O)N3[C@H]2[C@H]13 -> O=C1N[C@H]2[C@H]3C[C@H]3[C@@H]12 (数据为None)
2025-11-26 13:54:11,906 - WARNING - 跳过第117567行分子对: C[C@@H]1[C@H]2C(=O)N3[C@H]2[C@H]13 -> O=C1[C@@H]2[C@@H](O)[C@H]3[C@@H]2N13 (数据为None)
2025-11-26 13:54:15,972 - WARNING - 跳过第117571行分子对: O=C1[C@@H]2[C@@H](O)[C@H]3[C@@H]2N13 -> C[C@@H]1[C@H]2C(=O)N3[C@H]2[C@H]13 (数据为None)
2025-11-26 13:54:16,273 - INFO - 分子处理统计: 总数=240000, 命中=239840, 未命中=160, 命中率=99.93%
2025-11-26 13:54:20,454 - INFO - --- 训练集样本示例 (头部数据) ---
2025-11-26 13:54:20,457 - INFO -   样本       起始节点数        起始边数         目标节点数        目标边数         边特征             目标属性值          
2025-11-26 13:54:20,459 - INFO -   --------------------------------------------------------------------------------
2025-11-26 13:54:20,460 - INFO -   DEBUG: 边特征维度 = 16
2025-11-26 13:54:20,461 - INFO -   DEBUG: 第一个样本的边特征值 = [0.0, 0.0, 1.0, 0.0, 0.0, 0.0, 0.0, 0.0, 0.0, 0.0, 0.0, 0.0, 0.0, 0.0, 0.0, 1.0]
2025-11-26 13:54:20,461 - INFO -   DEBUG: 原子类型数量 = 4, 操作类型数量 = 12
2025-11-26 13:54:20,461 - INFO -   DEBUG: 边特征总长度 = 16
2025-11-26 13:54:20,461 - INFO -   DEBUG: 原子类型one-hot编码 = [0.0, 0.0, 1.0, 0.0]
2025-11-26 13:54:20,461 - INFO -   DEBUG: 操作类型one-hot编码 = [0.0, 0.0, 0.0, 0.0, 0.0, 0.0, 0.0, 0.0, 0.0, 0.0, 0.0, 1.0]
2025-11-26 13:54:20,461 - INFO -   DEBUG: 原子类型列表 = ['C', 'F', 'N', 'O']
2025-11-26 13:54:20,461 - INFO -   DEBUG: 操作类型列表 = ['add_atom', 'add_stereo', 'form_double_bond', 'form_double_ring', 'form_ring', 'form_triple_bond', 'remove_add_stereo', 'remove_form_double_bond', 'remove_form_double_ring', 'remove_form_ring', 'remove_form_triple_bond', 'replace_atom']
2025-11-26 13:54:20,461 - INFO -   1        5            8            4            6            [0.0, 0.0, 1.   -4.994380      
2025-11-26 13:54:20,461 - INFO -   2        5            8            3            4            [0.0, 0.0, 0.   -3.638171      
2025-11-26 13:54:20,461 - INFO -   3        4            6            5            8            [1.0, 0.0, 0.   7.426254       
2025-11-26 13:54:20,461 - INFO -   --------------------------------------------------------------------------------
2025-11-26 13:54:20,461 - INFO - 
数据构建完成:
2025-11-26 13:54:20,461 - INFO -   项目                   值                   
2025-11-26 13:54:20,461 - INFO -   ---------------------------------------- --------------------
2025-11-26 13:54:20,461 - INFO -   样本数                  119885              
2025-11-26 13:54:20,461 - INFO -   节点特征维度               11                  
2025-11-26 13:54:20,461 - INFO -   边特征维度                16                  
2025-11-26 13:54:20,461 - INFO -   目标属性变化维度             1                   
2025-11-26 13:54:20,468 - INFO - 数据集划分完成:
2025-11-26 13:54:20,468 - INFO -   - 训练集: 95908 (80.0%)
2025-11-26 13:54:20,468 - INFO -   - 验证集: 11988 (10.0%)
2025-11-26 13:54:20,468 - INFO -   - 测试集: 11989 (10.0%)
2025-11-26 13:54:20,512 - INFO - 数据集索引已保存到: /home/data2/rhj/project/mol_editor/mol_evo/dataset/data/dataset_indices/indices_20251126_135420_seed42.json
2025-11-26 13:54:20,599 - INFO - 更新模型边特征维度: 11 -> 16
2025-11-26 13:54:20,716 - INFO - 正在创建模型...
2025-11-26 13:54:20,717 - INFO - 模型参数数量: 4451725
2025-11-26 13:54:20,717 - INFO - 使用设备: cuda
2025-11-26 13:54:23,948 - INFO - 开始训练 (200 轮)...
2025-11-26 14:15:33,500 - INFO - Epoch [10/200], Train Loss: 0.229535, Val Loss: 0.218321, R²: 0.8822, MAE: 0.2183
2025-11-26 14:36:24,419 - INFO - Epoch [20/200], Train Loss: 0.149806, Val Loss: 0.160068, R²: 0.9284, MAE: 0.1601
2025-11-26 14:57:19,906 - INFO - Epoch [30/200], Train Loss: 0.100889, Val Loss: 0.116065, R²: 0.9565, MAE: 0.1161
2025-11-26 15:18:14,571 - INFO - Epoch [40/200], Train Loss: 0.076452, Val Loss: 0.114292, R²: 0.9634, MAE: 0.1143
2025-11-26 15:39:07,074 - INFO - Epoch [50/200], Train Loss: 0.040796, Val Loss: 0.068538, R²: 0.9747, MAE: 0.0685
2025-11-26 16:00:03,034 - INFO - Epoch [60/200], Train Loss: 0.029954, Val Loss: 0.060075, R²: 0.9773, MAE: 0.0601
2025-11-26 16:20:59,908 - INFO - Epoch [70/200], Train Loss: 0.018811, Val Loss: 0.049631, R²: 0.9791, MAE: 0.0496
2025-11-26 17:02:46,540 - INFO - Epoch [80/200], Train Loss: 0.016925, Val Loss: 0.047760, R²: 0.9794, MAE: 0.0478
2025-11-26 17:48:13,153 - INFO - Epoch [90/200], Train Loss: 0.015949, Val Loss: 0.046086, R²: 0.9799, MAE: 0.0461
2025-11-26 18:09:58,292 - INFO - Epoch [100/200], Train Loss: 0.014671, Val Loss: 0.043777, R²: 0.9803, MAE: 0.0438
2025-11-26 18:31:11,457 - INFO - Epoch [110/200], Train Loss: 0.011348, Val Loss: 0.041681, R²: 0.9805, MAE: 0.0417
2025-11-26 18:52:22,811 - INFO - Epoch [120/200], Train Loss: 0.010327, Val Loss: 0.040819, R²: 0.9807, MAE: 0.0408
2025-11-26 19:13:34,833 - INFO - Epoch [130/200], Train Loss: 0.010007, Val Loss: 0.040408, R²: 0.9808, MAE: 0.0404
2025-11-26 19:34:49,024 - INFO - Epoch [140/200], Train Loss: 0.009659, Val Loss: 0.039856, R²: 0.9809, MAE: 0.0399
2025-11-26 19:56:13,780 - INFO - Epoch [150/200], Train Loss: 0.008726, Val Loss: 0.039178, R²: 0.9809, MAE: 0.0392
2025-11-26 20:17:45,008 - INFO - Epoch [160/200], Train Loss: 0.008544, Val Loss: 0.038963, R²: 0.9809, MAE: 0.0390
2025-11-26 20:39:08,498 - INFO - Epoch [170/200], Train Loss: 0.008433, Val Loss: 0.038775, R²: 0.9810, MAE: 0.0388
2025-11-26 21:00:30,081 - INFO - Epoch [180/200], Train Loss: 0.008321, Val Loss: 0.038607, R²: 0.9810, MAE: 0.0386
2025-11-26 21:21:52,476 - INFO - Epoch [190/200], Train Loss: 0.008204, Val Loss: 0.038439, R²: 0.9811, MAE: 0.0384
2025-11-26 21:42:58,590 - INFO - Epoch [200/200], Train Loss: 0.008108, Val Loss: 0.038280, R²: 0.9811, MAE: 0.0383
2025-11-26 21:42:58,591 - INFO - 开始训练 (200 轮)...
2025-11-26 21:43:07,964 - INFO - 模型已保存至: /home/data2/rhj/project/mol_editor/mol_evo/../mol_evo/output/v0/MoleculeEvolutionVisnetLinearPredictor/train-20251126_134318-homo_change_pct-120000-200/last.pth
2025-11-26 21:43:07,964 - INFO - 
2025-11-26 21:43:07,964 - INFO - ============================================================
2025-11-26 21:43:07,964 - INFO - 训练完成 - 最终评估结果
2025-11-26 21:43:07,964 - INFO - ============================================================
2025-11-26 21:43:07,964 - INFO - 测试集损失: 0.039218
2025-11-26 21:43:07,965 - INFO - RMSE: 0.143365
2025-11-26 21:43:07,965 - INFO - MAE: 0.039218
2025-11-26 21:43:07,965 - INFO - R²: 0.978877
2025-11-26 21:43:07,965 - INFO - PCC: 0.989384
2025-11-26 21:43:07,965 - INFO - Rank Loss: 0.326746
2025-11-26 21:43:07,965 - INFO - 
2025-11-26 21:43:07,965 - INFO - 阈值准确率:
2025-11-26 21:43:07,965 - INFO -   阈值 0.5: 98.86%
2025-11-26 21:43:07,965 - INFO -   阈值 0.4: 98.09%
2025-11-26 21:43:07,965 - INFO -   阈值 0.30000000000000004: 96.57%
2025-11-26 21:43:07,965 - INFO -   阈值 0.20000000000000004: 94.14%
2025-11-26 21:43:07,965 - INFO -   阈值 0.10000000000000003: 89.61%
2025-11-26 21:43:07,965 - INFO -   阈值 0.05000000000000002: 84.89%
2025-11-26 21:43:07,965 - INFO -   阈值 0.040000000000000015: 83.32%
2025-11-26 21:43:07,965 - INFO -   阈值 0.030000000000000013: 81.34%
2025-11-26 21:43:07,965 - INFO -   阈值 0.02000000000000001: 78.51%
2025-11-26 21:43:07,965 - INFO -   阈值 0.01000000000000001: 73.28%
2025-11-26 21:43:07,965 - INFO -   阈值 0.005000000000000005: 66.03%
2025-11-26 21:43:07,965 - INFO -   阈值 0.004000000000000005: 62.99%
2025-11-26 21:43:07,965 - INFO -   阈值 0.0030000000000000053: 58.84%
2025-11-26 21:43:07,965 - INFO -   阈值 0.0020000000000000052: 51.41%
2025-11-26 21:43:07,965 - INFO -   阈值 0.0010000000000000052: 35.59%
2025-11-26 21:43:07,965 - INFO - 
2025-11-26 21:43:07,965 - INFO - 训练完成:
2025-11-26 21:43:07,965 - INFO -   - 最终训练损失: 0.008108
2025-11-26 21:43:07,965 - INFO -   - 最佳验证损失: 0.038266
2025-11-26 21:43:07,966 - INFO -   - 测试损失 (MSE): 0.039218
2025-11-26 21:43:07,966 - INFO -   - 测试RMSE: 0.143365
2025-11-26 21:43:07,966 - INFO -   - 测试MAE: 0.039218
2025-11-26 21:43:07,966 - INFO -   - 测试R²: 0.978877
2025-11-26 21:43:07,966 - INFO -   - 测试PCC: 0.989384
2025-11-26 21:43:07,966 - INFO -   - 测试Rank Loss: 0.326746
2025-11-26 21:43:07,966 - INFO -   - 测试阈值准确率 (0.5): 0.9886
2025-11-26 21:43:07,966 - INFO -   - 测试阈值准确率 (0.4): 0.9809
2025-11-26 21:43:07,966 - INFO -   - 测试阈值准确率 (0.30000000000000004): 0.9657
2025-11-26 21:43:07,966 - INFO -   - 测试阈值准确率 (0.20000000000000004): 0.9414
2025-11-26 21:43:07,966 - INFO -   - 测试阈值准确率 (0.10000000000000003): 0.8961
2025-11-26 21:43:07,966 - INFO -   - 测试阈值准确率 (0.05000000000000002): 0.8489
2025-11-26 21:43:07,966 - INFO -   - 测试阈值准确率 (0.040000000000000015): 0.8332
2025-11-26 21:43:07,966 - INFO -   - 测试阈值准确率 (0.030000000000000013): 0.8134
2025-11-26 21:43:07,966 - INFO -   - 测试阈值准确率 (0.02000000000000001): 0.7851
2025-11-26 21:43:07,966 - INFO -   - 测试阈值准确率 (0.01000000000000001): 0.7328
2025-11-26 21:43:07,966 - INFO -   - 测试阈值准确率 (0.005000000000000005): 0.6603
2025-11-26 21:43:07,966 - INFO -   - 测试阈值准确率 (0.004000000000000005): 0.6299
2025-11-26 21:43:07,966 - INFO -   - 测试阈值准确率 (0.0030000000000000053): 0.5884
2025-11-26 21:43:07,966 - INFO -   - 测试阈值准确率 (0.0020000000000000052): 0.5141
2025-11-26 21:43:07,966 - INFO -   - 测试阈值准确率 (0.0010000000000000052): 0.3559
2025-11-26 21:43:07,966 - INFO -   - 模型已保存到: /home/data2/rhj/project/mol_editor/mol_evo/../mol_evo/output/v0/MoleculeEvolutionVisnetLinearPredictor/train-20251126_134318-homo_change_pct-120000-200/last.pth
2025-11-26 21:43:07,966 - INFO - 训练结果已保存到: /home/data2/rhj/project/mol_editor/mol_evo/../mol_evo/output/v0/MoleculeEvolutionVisnetLinearPredictor/train-20251126_134318-homo_change_pct-120000-200/training_results.json
2025-11-26 21:43:07,966 - INFO - 模型目录: /home/data2/rhj/project/mol_editor/mol_evo/../mol_evo/output/v0/MoleculeEvolutionVisnetLinearPredictor/train-20251126_134318-homo_change_pct-120000-200
