2025-10-10 14:01:12,446 - INFO - training_file - ============================================================
2025-10-10 14:01:12,446 - INFO - training_console - ============================================================
2025-10-10 14:01:12,446 - INFO - training_file - 基于NNConv的分子进化预测器模型训练开始
2025-10-10 14:01:12,446 - INFO - training_console - 基于NNConv的分子进化预测器模型训练开始
2025-10-10 14:01:12,446 - INFO - training_file - ============================================================
2025-10-10 14:01:12,447 - INFO - training_console - ============================================================
2025-10-10 14:01:12,447 - INFO - training_file - 数据文件: mol_evo/dataset/data/qm9-evo-pairs-step-1-with-properties.csv
2025-10-10 14:01:12,447 - INFO - training_console - 数据文件: mol_evo/dataset/data/qm9-evo-pairs-step-1-with-properties.csv
2025-10-10 14:01:12,447 - INFO - training_file - 最大对数: 50
2025-10-10 14:01:12,447 - INFO - training_console - 最大对数: 50
2025-10-10 14:01:12,447 - INFO - training_file - 训练轮数: 1000
2025-10-10 14:01:12,447 - INFO - training_console - 训练轮数: 1000
2025-10-10 14:01:12,447 - INFO - training_file - 正在构建图数据: mol_evo/dataset/data/qm9-evo-pairs-step-1-with-properties.csv
2025-10-10 14:01:12,447 - INFO - training_console - 正在构建图数据: mol_evo/dataset/data/qm9-evo-pairs-step-1-with-properties.csv
2025-10-10 14:01:13,170 - INFO - training_file - 加载缓存文件: /home/data2/rhj/project/mol_editor/mol_evo/core/utils/../../.cache/molecule_graphs/training_dataset.pt，包含 1377 个分子
2025-10-10 14:01:13,170 - INFO - training_console - 加载缓存文件: /home/data2/rhj/project/mol_editor/mol_evo/core/utils/../../.cache/molecule_graphs/training_dataset.pt，包含 1377 个分子
2025-10-10 14:01:13,176 - INFO - training_file - 分子处理统计: 总数=100, 命中=100, 未命中=0, 命中率=100.00%
2025-10-10 14:01:13,176 - INFO - training_console - 分子处理统计: 总数=100, 命中=100, 未命中=0, 命中率=100.00%
2025-10-10 14:01:13,194 - INFO - training_file - 训练集样本示例 (头部数据):
2025-10-10 14:01:13,194 - INFO - training_console - 训练集样本示例 (头部数据):
2025-10-10 14:01:13,194 - INFO - training_file -   样本 1:
2025-10-10 14:01:13,194 - INFO - training_console -   样本 1:
2025-10-10 14:01:13,194 - INFO - training_file -     起始分子节点数: 5
2025-10-10 14:01:13,194 - INFO - training_console -     起始分子节点数: 5
2025-10-10 14:01:13,194 - INFO - training_file -     起始分子边数: 8
2025-10-10 14:01:13,194 - INFO - training_console -     起始分子边数: 8
2025-10-10 14:01:13,194 - INFO - training_file -     目标分子节点数: 8
2025-10-10 14:01:13,194 - INFO - training_console -     目标分子节点数: 8
2025-10-10 14:01:13,194 - INFO - training_file -     目标分子边数: 14
2025-10-10 14:01:13,194 - INFO - training_console -     目标分子边数: 14
2025-10-10 14:01:13,194 - INFO - training_file -     边特征: [1.0, 0.0, 0.0, 0.0, 0.0, 1.0, 0.0, 0.0, 0.0, 0.0, 0.0]
2025-10-10 14:01:13,194 - INFO - training_console -     边特征: [1.0, 0.0, 0.0, 0.0, 0.0, 1.0, 0.0, 0.0, 0.0, 0.0, 0.0]
2025-10-10 14:01:13,194 - INFO - training_file -     目标属性值: 0.46517816185951233
2025-10-10 14:01:13,194 - INFO - training_console -     目标属性值: 0.46517816185951233
2025-10-10 14:01:13,194 - INFO - training_file -   样本 2:
2025-10-10 14:01:13,194 - INFO - training_console -   样本 2:
2025-10-10 14:01:13,194 - INFO - training_file -     起始分子节点数: 3
2025-10-10 14:01:13,194 - INFO - training_console -     起始分子节点数: 3
2025-10-10 14:01:13,194 - INFO - training_file -     起始分子边数: 4
2025-10-10 14:01:13,194 - INFO - training_console -     起始分子边数: 4
2025-10-10 14:01:13,195 - INFO - training_file -     目标分子节点数: 6
2025-10-10 14:01:13,195 - INFO - training_console -     目标分子节点数: 6
2025-10-10 14:01:13,195 - INFO - training_file -     目标分子边数: 10
2025-10-10 14:01:13,195 - INFO - training_console -     目标分子边数: 10
2025-10-10 14:01:13,195 - INFO - training_file -     边特征: [1.0, 0.0, 0.0, 0.0, 0.0, 1.0, 0.0, 0.0, 0.0, 0.0, 0.0]
2025-10-10 14:01:13,195 - INFO - training_console -     边特征: [1.0, 0.0, 0.0, 0.0, 0.0, 1.0, 0.0, 0.0, 0.0, 0.0, 0.0]
2025-10-10 14:01:13,195 - INFO - training_file -     目标属性值: 0.013040220364928246
2025-10-10 14:01:13,195 - INFO - training_console -     目标属性值: 0.013040220364928246
2025-10-10 14:01:13,195 - INFO - training_file -   样本 3:
2025-10-10 14:01:13,195 - INFO - training_console -   样本 3:
2025-10-10 14:01:13,195 - INFO - training_file -     起始分子节点数: 4
2025-10-10 14:01:13,195 - INFO - training_console -     起始分子节点数: 4
2025-10-10 14:01:13,195 - INFO - training_file -     起始分子边数: 6
2025-10-10 14:01:13,195 - INFO - training_console -     起始分子边数: 6
2025-10-10 14:01:13,195 - INFO - training_file -     目标分子节点数: 11
2025-10-10 14:01:13,195 - INFO - training_console -     目标分子节点数: 11
2025-10-10 14:01:13,195 - INFO - training_file -     目标分子边数: 20
2025-10-10 14:01:13,195 - INFO - training_console -     目标分子边数: 20
2025-10-10 14:01:13,195 - INFO - training_file -     边特征: [1.0, 0.0, 0.0, 0.0, 0.0, 0.0, 1.0, 0.0, 0.0, 0.0, 0.0]
2025-10-10 14:01:13,195 - INFO - training_console -     边特征: [1.0, 0.0, 0.0, 0.0, 0.0, 0.0, 1.0, 0.0, 0.0, 0.0, 0.0]
2025-10-10 14:01:13,195 - INFO - training_file -     目标属性值: 0.5481558442115784
2025-10-10 14:01:13,195 - INFO - training_console -     目标属性值: 0.5481558442115784
2025-10-10 14:01:13,195 - INFO - training_file - 数据构建完成:
2025-10-10 14:01:13,195 - INFO - training_console - 数据构建完成:
2025-10-10 14:01:13,195 - INFO - training_file -   - 样本数: 50
2025-10-10 14:01:13,195 - INFO - training_console -   - 样本数: 50
2025-10-10 14:01:13,195 - INFO - training_file -   - 节点特征维度: 11
2025-10-10 14:01:13,195 - INFO - training_console -   - 节点特征维度: 11
2025-10-10 14:01:13,195 - INFO - training_file -   - 边特征维度: 11
2025-10-10 14:01:13,195 - INFO - training_console -   - 边特征维度: 11
2025-10-10 14:01:13,195 - INFO - training_file -   - 目标属性变化维度: 1
2025-10-10 14:01:13,195 - INFO - training_console -   - 目标属性变化维度: 1
2025-10-10 14:01:13,197 - INFO - training_file - 数据集划分完成:
2025-10-10 14:01:13,197 - INFO - training_console - 数据集划分完成:
2025-10-10 14:01:13,197 - INFO - training_file -   - 训练集: 40 (80.0%)
2025-10-10 14:01:13,197 - INFO - training_console -   - 训练集: 40 (80.0%)
2025-10-10 14:01:13,197 - INFO - training_file -   - 验证集: 5 (10.0%)
2025-10-10 14:01:13,197 - INFO - training_console -   - 验证集: 5 (10.0%)
2025-10-10 14:01:13,197 - INFO - training_file -   - 测试集: 5 (10.0%)
2025-10-10 14:01:13,197 - INFO - training_console -   - 测试集: 5 (10.0%)
2025-10-10 14:01:13,246 - INFO - training_file - 正在创建模型...
2025-10-10 14:01:13,247 - INFO - training_console - 正在创建模型...
2025-10-10 14:01:13,247 - INFO - training_file - 模型参数数量: 980993
2025-10-10 14:01:13,247 - INFO - training_console - 模型参数数量: 980993
2025-10-10 14:01:13,247 - INFO - training_file - 使用设备: cuda
2025-10-10 14:01:13,247 - INFO - training_console - 使用设备: cuda
2025-10-10 14:01:16,845 - INFO - training_file - Epoch [10/1000], Train Loss: 0.768312, Val Loss: 0.075120, R²: 0.6900, MAE: 0.2548
2025-10-10 14:01:19,776 - INFO - training_file - Epoch [20/1000], Train Loss: 0.418153, Val Loss: 0.193127, R²: 0.2031, MAE: 0.2527
2025-10-10 14:01:22,695 - INFO - training_file - Epoch [30/1000], Train Loss: 0.810375, Val Loss: 0.147881, R²: 0.3898, MAE: 0.3235
2025-10-10 14:01:25,616 - INFO - training_file - Epoch [40/1000], Train Loss: 0.773631, Val Loss: 0.337551, R²: -0.3929, MAE: 0.5174
2025-10-10 14:01:28,667 - INFO - training_file - Epoch [50/1000], Train Loss: 0.375064, Val Loss: 0.225317, R²: 0.0702, MAE: 0.3801
2025-10-10 14:01:31,588 - INFO - training_file - Epoch [60/1000], Train Loss: 0.274041, Val Loss: 0.184050, R²: 0.2405, MAE: 0.3693
2025-10-10 14:01:31,875 - INFO - training_file - 早停机制触发，在第 61 轮停止训练
2025-10-10 14:01:31,875 - INFO - training_console - 早停机制触发，在第 61 轮停止训练
2025-10-10 14:01:31,876 - INFO - training_file - 开始训练 (1000 轮)...
2025-10-10 14:01:31,876 - INFO - training_console - 开始训练 (1000 轮)...
2025-10-10 14:01:32,758 - INFO - training_file - 训练完成:
2025-10-10 14:01:32,758 - INFO - training_console - 训练完成:
2025-10-10 14:01:32,758 - INFO - training_file -   - 最终训练损失: 0.272976
2025-10-10 14:01:32,758 - INFO - training_console -   - 最终训练损失: 0.272976
2025-10-10 14:01:32,759 - INFO - training_file -   - 最佳验证损失: 0.001852
2025-10-10 14:01:32,759 - INFO - training_console -   - 最佳验证损失: 0.001852
2025-10-10 14:01:32,759 - INFO - training_file -   - 测试损失 (MSE): 0.108207
2025-10-10 14:01:32,759 - INFO - training_console -   - 测试损失 (MSE): 0.108207
2025-10-10 14:01:32,759 - INFO - training_file -   - 测试RMSE: 0.328949
2025-10-10 14:01:32,759 - INFO - training_console -   - 测试RMSE: 0.328949
2025-10-10 14:01:32,759 - INFO - training_file -   - 测试MAE: 0.239593
2025-10-10 14:01:32,759 - INFO - training_console -   - 测试MAE: 0.239593
2025-10-10 14:01:32,759 - INFO - training_file -   - 测试R²: 0.654966
2025-10-10 14:01:32,759 - INFO - training_console -   - 测试R²: 0.654966
2025-10-10 14:01:32,759 - INFO - training_file -   - 测试阈值准确率 (0.4): 0.8000
2025-10-10 14:01:32,759 - INFO - training_console -   - 测试阈值准确率 (0.4): 0.8000
2025-10-10 14:01:32,759 - INFO - training_file -   - 测试阈值准确率 (0.3): 0.8000
2025-10-10 14:01:32,759 - INFO - training_console -   - 测试阈值准确率 (0.3): 0.8000
2025-10-10 14:01:32,759 - INFO - training_file -   - 测试阈值准确率 (0.2): 0.6000
2025-10-10 14:01:32,759 - INFO - training_console -   - 测试阈值准确率 (0.2): 0.6000
2025-10-10 14:01:32,759 - INFO - training_file -   - 测试阈值准确率 (0.1): 0.4000
2025-10-10 14:01:32,759 - INFO - training_console -   - 测试阈值准确率 (0.1): 0.4000
2025-10-10 14:01:32,759 - INFO - training_file -   - 测试阈值准确率 (0.05): 0.2000
2025-10-10 14:01:32,759 - INFO - training_console -   - 测试阈值准确率 (0.05): 0.2000
2025-10-10 14:01:32,759 - INFO - training_file -   - 模型已保存到: /home/data2/rhj/project/mol_editor/mol_evo/../mol_evo/model-data/v0/training_20251010_140112/molecule_evolution_gcn_v0_mu_predictor.pth
2025-10-10 14:01:32,759 - INFO - training_console -   - 模型已保存到: /home/data2/rhj/project/mol_editor/mol_evo/../mol_evo/model-data/v0/training_20251010_140112/molecule_evolution_gcn_v0_mu_predictor.pth
