2025-10-14 05:25:29,883 - INFO - ============================================================
2025-10-14 05:25:29,883 - INFO - 基于NNConv的分子进化预测器模型训练开始
2025-10-14 05:25:29,883 - INFO - ============================================================
2025-10-14 05:25:29,883 - INFO - 数据文件: mol_evo/dataset/data/qm9-evo-pairs-step-1-with-properties-pct.csv
2025-10-14 05:25:29,883 - INFO - 最大对数: 30000
2025-10-14 05:25:29,883 - INFO - 训练轮数: 500
2025-10-14 05:25:29,883 - INFO - 正在构建图数据: mol_evo/dataset/data/qm9-evo-pairs-step-1-with-properties-pct.csv
2025-10-14 05:25:31,586 - INFO - 加载缓存文件: /home/data2/rhj/project/mol_editor/mol_evo/core/utils/../../.cache/molecule_graphs/csv_qm9-evo-pairs-step-1-with-properties-pct_3cbb45cc1ac9202d.pt，包含 1994 个分子
2025-10-14 05:25:58,888 - INFO - 分子处理统计: 总数=60000, 命中=59967, 未命中=33, 命中率=99.94%
2025-10-14 05:25:58,918 - INFO - --- 训练集样本示例 (头部数据) ---
2025-10-14 05:25:58,919 - INFO -   样本       起始节点数        起始边数         目标节点数        目标边数         边特征             目标属性值          
2025-10-14 05:25:58,919 - INFO -   --------------------------------------------------------------------------------
2025-10-14 05:25:58,919 - INFO -   1        5            8            8            14           [1.0, 0.0, 0.   0.023518       
2025-10-14 05:25:58,919 - INFO -   2        3            4            6            10           [1.0, 0.0, 0.   -0.273184      
2025-10-14 05:25:58,919 - INFO -   3        4            6            11           20           [1.0, 0.0, 0.   0.077970       
2025-10-14 05:25:58,919 - INFO -   --------------------------------------------------------------------------------
2025-10-14 05:25:58,919 - INFO - 
数据构建完成:
2025-10-14 05:25:58,919 - INFO -   项目                   值                   
2025-10-14 05:25:58,919 - INFO -   ----------------------------------------
2025-10-14 05:25:58,919 - INFO -   样本数                  29967               
2025-10-14 05:25:58,919 - INFO -   节点特征维度               11                  
2025-10-14 05:25:58,920 - INFO -   边特征维度                11                  
2025-10-14 05:25:58,920 - INFO -   目标属性变化维度             1                   
2025-10-14 05:25:58,922 - INFO - 数据集划分完成:
2025-10-14 05:25:58,922 - INFO -   - 训练集: 23973 (80.0%)
2025-10-14 05:25:58,922 - INFO -   - 验证集: 2996 (10.0%)
2025-10-14 05:25:58,922 - INFO -   - 测试集: 2998 (10.0%)
2025-10-14 05:25:59,012 - INFO - 正在创建模型...
2025-10-14 05:25:59,012 - INFO - 模型参数数量: 3313025
2025-10-14 05:25:59,012 - INFO - 使用设备: cuda
2025-10-14 05:26:24,420 - INFO - Epoch [10/500], Train Loss: 0.744937, Val Loss: 0.739621, R²: -0.0000, MAE: 0.7396
2025-10-14 05:26:41,051 - INFO - 警告: 在第 17 轮检测到NaN或inf损失值，停止训练
2025-10-14 05:26:41,236 - INFO - 警告: 在第 17 轮检测到NaN或inf验证损失值，停止训练
2025-10-14 05:26:41,276 - INFO - 警告: 在第 18 轮检测到NaN或inf损失值，停止训练
2025-10-14 05:26:41,452 - INFO - 警告: 在第 18 轮检测到NaN或inf验证损失值，停止训练
2025-10-14 05:26:41,489 - INFO - 警告: 在第 19 轮检测到NaN或inf损失值，停止训练
2025-10-14 05:26:41,671 - INFO - 警告: 在第 19 轮检测到NaN或inf验证损失值，停止训练
2025-10-14 05:26:41,705 - INFO - 警告: 在第 20 轮检测到NaN或inf损失值，停止训练
2025-10-14 05:26:41,875 - INFO - 警告: 在第 20 轮检测到NaN或inf验证损失值，停止训练
2025-10-14 05:26:41,876 - INFO - Epoch [20/500], Train Loss: 0.000000, Val Loss: nan, R²: nan, MAE: nan
2025-10-14 05:26:41,909 - INFO - 警告: 在第 21 轮检测到NaN或inf损失值，停止训练
2025-10-14 05:26:42,082 - INFO - 警告: 在第 21 轮检测到NaN或inf验证损失值，停止训练
2025-10-14 05:26:42,115 - INFO - 警告: 在第 22 轮检测到NaN或inf损失值，停止训练
2025-10-14 05:26:42,284 - INFO - 警告: 在第 22 轮检测到NaN或inf验证损失值，停止训练
2025-10-14 05:26:42,317 - INFO - 警告: 在第 23 轮检测到NaN或inf损失值，停止训练
2025-10-14 05:26:42,487 - INFO - 警告: 在第 23 轮检测到NaN或inf验证损失值，停止训练
2025-10-14 05:26:42,518 - INFO - 警告: 在第 24 轮检测到NaN或inf损失值，停止训练
2025-10-14 05:26:42,699 - INFO - 警告: 在第 24 轮检测到NaN或inf验证损失值，停止训练
2025-10-14 05:26:42,734 - INFO - 警告: 在第 25 轮检测到NaN或inf损失值，停止训练
2025-10-14 05:26:42,914 - INFO - 警告: 在第 25 轮检测到NaN或inf验证损失值，停止训练
2025-10-14 05:26:42,948 - INFO - 警告: 在第 26 轮检测到NaN或inf损失值，停止训练
2025-10-14 05:26:43,126 - INFO - 警告: 在第 26 轮检测到NaN或inf验证损失值，停止训练
2025-10-14 05:26:43,160 - INFO - 警告: 在第 27 轮检测到NaN或inf损失值，停止训练
2025-10-14 05:26:43,484 - INFO - 警告: 在第 27 轮检测到NaN或inf验证损失值，停止训练
2025-10-14 05:26:43,518 - INFO - 警告: 在第 28 轮检测到NaN或inf损失值，停止训练
2025-10-14 05:26:43,699 - INFO - 警告: 在第 28 轮检测到NaN或inf验证损失值，停止训练
2025-10-14 05:26:43,734 - INFO - 警告: 在第 29 轮检测到NaN或inf损失值，停止训练
2025-10-14 05:26:43,915 - INFO - 警告: 在第 29 轮检测到NaN或inf验证损失值，停止训练
2025-10-14 05:26:43,950 - INFO - 警告: 在第 30 轮检测到NaN或inf损失值，停止训练
2025-10-14 05:26:44,128 - INFO - 警告: 在第 30 轮检测到NaN或inf验证损失值，停止训练
2025-10-14 05:26:44,129 - INFO - Epoch [30/500], Train Loss: 0.000000, Val Loss: nan, R²: nan, MAE: nan
2025-10-14 05:26:44,164 - INFO - 警告: 在第 31 轮检测到NaN或inf损失值，停止训练
2025-10-14 05:26:44,343 - INFO - 警告: 在第 31 轮检测到NaN或inf验证损失值，停止训练
2025-10-14 05:26:44,376 - INFO - 警告: 在第 32 轮检测到NaN或inf损失值，停止训练
2025-10-14 05:26:44,559 - INFO - 警告: 在第 32 轮检测到NaN或inf验证损失值，停止训练
2025-10-14 05:26:44,594 - INFO - 警告: 在第 33 轮检测到NaN或inf损失值，停止训练
2025-10-14 05:26:44,775 - INFO - 警告: 在第 33 轮检测到NaN或inf验证损失值，停止训练
2025-10-14 05:26:44,812 - INFO - 警告: 在第 34 轮检测到NaN或inf损失值，停止训练
2025-10-14 05:26:44,994 - INFO - 警告: 在第 34 轮检测到NaN或inf验证损失值，停止训练
2025-10-14 05:26:45,029 - INFO - 警告: 在第 35 轮检测到NaN或inf损失值，停止训练
2025-10-14 05:26:45,213 - INFO - 警告: 在第 35 轮检测到NaN或inf验证损失值，停止训练
2025-10-14 05:26:45,247 - INFO - 警告: 在第 36 轮检测到NaN或inf损失值，停止训练
2025-10-14 05:26:45,430 - INFO - 警告: 在第 36 轮检测到NaN或inf验证损失值，停止训练
2025-10-14 05:26:45,465 - INFO - 警告: 在第 37 轮检测到NaN或inf损失值，停止训练
2025-10-14 05:26:45,648 - INFO - 警告: 在第 37 轮检测到NaN或inf验证损失值，停止训练
2025-10-14 05:26:45,686 - INFO - 警告: 在第 38 轮检测到NaN或inf损失值，停止训练
2025-10-14 05:26:45,870 - INFO - 警告: 在第 38 轮检测到NaN或inf验证损失值，停止训练
2025-10-14 05:26:45,905 - INFO - 警告: 在第 39 轮检测到NaN或inf损失值，停止训练
2025-10-14 05:26:46,088 - INFO - 警告: 在第 39 轮检测到NaN或inf验证损失值，停止训练
2025-10-14 05:26:46,122 - INFO - 警告: 在第 40 轮检测到NaN或inf损失值，停止训练
2025-10-14 05:26:46,305 - INFO - 警告: 在第 40 轮检测到NaN或inf验证损失值，停止训练
2025-10-14 05:26:46,306 - INFO - Epoch [40/500], Train Loss: 0.000000, Val Loss: nan, R²: nan, MAE: nan
2025-10-14 05:26:46,341 - INFO - 警告: 在第 41 轮检测到NaN或inf损失值，停止训练
2025-10-14 05:26:46,522 - INFO - 警告: 在第 41 轮检测到NaN或inf验证损失值，停止训练
2025-10-14 05:26:46,556 - INFO - 警告: 在第 42 轮检测到NaN或inf损失值，停止训练
2025-10-14 05:26:46,740 - INFO - 警告: 在第 42 轮检测到NaN或inf验证损失值，停止训练
2025-10-14 05:26:46,774 - INFO - 警告: 在第 43 轮检测到NaN或inf损失值，停止训练
2025-10-14 05:26:46,956 - INFO - 警告: 在第 43 轮检测到NaN或inf验证损失值，停止训练
2025-10-14 05:26:46,991 - INFO - 警告: 在第 44 轮检测到NaN或inf损失值，停止训练
2025-10-14 05:26:47,170 - INFO - 警告: 在第 44 轮检测到NaN或inf验证损失值，停止训练
2025-10-14 05:26:47,207 - INFO - 警告: 在第 45 轮检测到NaN或inf损失值，停止训练
2025-10-14 05:26:47,388 - INFO - 警告: 在第 45 轮检测到NaN或inf验证损失值，停止训练
2025-10-14 05:26:47,424 - INFO - 警告: 在第 46 轮检测到NaN或inf损失值，停止训练
2025-10-14 05:26:47,603 - INFO - 警告: 在第 46 轮检测到NaN或inf验证损失值，停止训练
2025-10-14 05:26:47,639 - INFO - 警告: 在第 47 轮检测到NaN或inf损失值，停止训练
2025-10-14 05:26:47,817 - INFO - 警告: 在第 47 轮检测到NaN或inf验证损失值，停止训练
2025-10-14 05:26:47,851 - INFO - 警告: 在第 48 轮检测到NaN或inf损失值，停止训练
2025-10-14 05:26:48,031 - INFO - 警告: 在第 48 轮检测到NaN或inf验证损失值，停止训练
2025-10-14 05:26:48,068 - INFO - 警告: 在第 49 轮检测到NaN或inf损失值，停止训练
2025-10-14 05:26:48,244 - INFO - 警告: 在第 49 轮检测到NaN或inf验证损失值，停止训练
2025-10-14 05:26:48,277 - INFO - 警告: 在第 50 轮检测到NaN或inf损失值，停止训练
2025-10-14 05:26:48,459 - INFO - 警告: 在第 50 轮检测到NaN或inf验证损失值，停止训练
2025-10-14 05:26:48,460 - INFO - Epoch [50/500], Train Loss: 0.000000, Val Loss: nan, R²: nan, MAE: nan
2025-10-14 05:26:48,497 - INFO - 警告: 在第 51 轮检测到NaN或inf损失值，停止训练
2025-10-14 05:26:48,799 - INFO - 警告: 在第 51 轮检测到NaN或inf验证损失值，停止训练
2025-10-14 05:26:48,799 - INFO - 早停机制触发，在第 51 轮停止训练
2025-10-14 05:26:48,801 - INFO - 开始训练 (500 轮)...
2025-10-14 05:26:49,870 - INFO - 模型已保存至: /home/data2/rhj/project/mol_editor/mol_evo/../mol_evo/output/v0/gcn_transformer_transformer/train-20251014_052529-mu_change-30000-500/last.pth
2025-10-14 05:26:49,870 - INFO - 
2025-10-14 05:26:49,870 - INFO - ============================================================
2025-10-14 05:26:49,870 - INFO - 训练完成 - 最终评估结果
2025-10-14 05:26:49,870 - INFO - ============================================================
2025-10-14 05:26:49,870 - INFO - 测试集损失: nan
2025-10-14 05:26:49,870 - INFO - RMSE: nan
2025-10-14 05:26:49,870 - INFO - MAE: nan
2025-10-14 05:26:49,870 - INFO - R²: nan
2025-10-14 05:26:49,870 - INFO - PCC: nan
2025-10-14 05:26:49,870 - INFO - Rank Loss: nan
2025-10-14 05:26:49,871 - INFO - 
2025-10-14 05:26:49,871 - INFO - 阈值准确率:
2025-10-14 05:26:49,871 - INFO -   阈值 0.5: 0.00%
2025-10-14 05:26:49,871 - INFO - 
2025-10-14 05:26:49,871 - INFO - 训练完成:
2025-10-14 05:26:49,871 - INFO -   - 最终训练损失: 0.000000
2025-10-14 05:26:49,871 - INFO -   - 最佳验证损失: 0.739562
2025-10-14 05:26:49,871 - INFO -   - 测试损失 (MSE): nan
2025-10-14 05:26:49,871 - INFO -   - 测试RMSE: nan
2025-10-14 05:26:49,871 - INFO -   - 测试MAE: nan
2025-10-14 05:26:49,871 - INFO -   - 测试R²: nan
2025-10-14 05:26:49,871 - INFO -   - 测试PCC: nan
2025-10-14 05:26:49,871 - INFO -   - 测试Rank Loss: nan
2025-10-14 05:26:49,871 - INFO -   - 测试阈值准确率 (0.5): 0.0000
2025-10-14 05:26:49,871 - INFO -   - 模型已保存到: /home/data2/rhj/project/mol_editor/mol_evo/../mol_evo/output/v0/gcn_transformer_transformer/train-20251014_052529-mu_change-30000-500/last.pth
