2025-11-01 22:52:08,673 - INFO - ============================================================
2025-11-01 22:52:08,673 - INFO - 数据文件: mol_evo/dataset/data/qm9-evo-pairs-step-1-with-properties-pct.csv
2025-11-01 22:52:08,673 - INFO - 最大对数: 30000
2025-11-01 22:52:08,673 - INFO - 训练轮数: 200
2025-11-01 22:52:08,673 - INFO - ============================================================
2025-11-01 22:52:08,673 - INFO - 正在构建图数据: mol_evo/dataset/data/qm9-evo-pairs-step-1-with-properties-pct.csv
2025-11-01 22:52:09,268 - INFO - 加载缓存文件: /home/data2/rhj/project/mol_editor/mol_evo/core/utils/../../.cache/molecule_graphs/csv_qm9-evo-pairs-step-1-with-properties-pct_3cbb45cc1ac9202d.pt，包含 1994 个分子
2025-11-01 22:52:13,533 - WARNING - 跳过第25871行分子对: [H]O/N=C(\C([H])([H])[H])C([H])([H])C(C([H])([H])[H])(C([H])([H])[H])C([H])([H])[H] -> [H]ONC1C([H])([H])[C@]23C([H])([H])[C@]([H])(C2([H])[H])[C@@]13[H] (数据为None)
2025-11-01 22:52:14,327 - WARNING - 跳过第25984行分子对: [H]O/N=C(/C([H])([H])C([H])([H])[H])C(C([H])([H])[H])(C([H])([H])[H])C([H])([H])[H] -> [H]ONC1C([H])([H])[C@]23C([H])([H])[C@]([H])(C2([H])[H])[C@@]13[H] (数据为None)
2025-11-01 22:52:15,301 - WARNING - 跳过第26175行分子对: [H]O/N=C(\C([H])([H])[H])C(C([H])([H])[H])(C([H])([H])[H])C([H])([H])C([H])([H])[H] -> [H]ONC1C([H])([H])[C@]23C([H])([H])[C@]([H])(C2([H])[H])[C@@]13[H] (数据为None)
2025-11-01 22:52:16,161 - WARNING - 跳过第26431行分子对: [H]O/N=C(\C([H])([H])[H])C([H])([H])C([H])([H])C([H])(C([H])([H])[H])C([H])([H])[H] -> [H]ONC1C([H])([H])[C@]23C([H])([H])[C@]([H])(C2([H])[H])[C@@]13[H] (数据为None)
2025-11-01 22:52:16,948 - WARNING - 跳过第26530行分子对: [H]ONC1C(C([H])([H])[H])(C([H])([H])[H])C([H])([H])[C@]1([H])C([H])([H])[H] -> [H]ONC1C([H])([H])[C@]23C([H])([H])[C@]([H])(C2([H])[H])[C@@]13[H] (数据为None)
2025-11-01 22:52:17,750 - WARNING - 跳过第26630行分子对: [H]ONC1C([H])=C([H])C(C([H])([H])[H])(C([H])([H])[H])C1([H])[H] -> [H]ONC1C([H])([H])[C@]23C([H])([H])[C@]([H])(C2([H])[H])[C@@]13[H] (数据为None)
2025-11-01 22:52:18,552 - WARNING - 跳过第26691行分子对: [H]ONC1C([H])([H])C([H])([H])C(C([H])([H])[H])(C([H])([H])[H])C1([H])[H] -> [H]ONC1C([H])([H])[C@]23C([H])([H])[C@]([H])(C2([H])[H])[C@@]13[H] (数据为None)
2025-11-01 22:52:19,373 - WARNING - 跳过第26895行分子对: [H]O/N=C(\C([H])([H])C([H])([H])[H])C([H])([H])C([H])(C([H])([H])[H])C([H])([H])[H] -> [H]ONC1C([H])([H])[C@]23C([H])([H])[C@]([H])(C2([H])[H])[C@@]13[H] (数据为None)
2025-11-01 22:52:20,185 - WARNING - 跳过第27044行分子对: [H]C#C[C@]1(C([H])([H])[H])C([H])([H])[C@@H](NO[H])C1([H])[H] -> [H]ONC1C([H])([H])[C@]23C([H])([H])[C@]([H])(C2([H])[H])[C@@]13[H] (数据为None)
2025-11-01 22:52:21,001 - WARNING - 跳过第27152行分子对: [H]ON[C@H]1C([H])([H])[C@](C([H])([H])[H])(C([H])([H])C([H])([H])[H])C1([H])[H] -> [H]ONC1C([H])([H])[C@]23C([H])([H])[C@]([H])(C2([H])[H])[C@@]13[H] (数据为None)
2025-11-01 22:52:21,801 - WARNING - 跳过第27266行分子对: [H]O/N=C(\C([H])([H])[H])C([H])([H])C1(C([H])([H])[H])C([H])([H])C1([H])[H] -> [H]ONC1C([H])([H])[C@]23C([H])([H])[C@]([H])(C2([H])[H])[C@@]13[H] (数据为None)
2025-11-01 22:52:22,649 - WARNING - 跳过第27714行分子对: [H]O/N=C(\C([H])([H])[H])C([H])([H])C([H])([H])C([H])([H])C([H])([H])C([H])([H])[H] -> [H]ONC1C([H])([H])[C@]23C([H])([H])[C@]([H])(C2([H])[H])[C@@]13[H] (数据为None)
2025-11-01 22:52:23,427 - WARNING - 跳过第27835行分子对: [H]ONC1C([H])([H])C([H])=C([H])C1(C([H])([H])[H])C([H])([H])[H] -> [H]ONC1C([H])([H])[C@]23C([H])([H])[C@]([H])(C2([H])[H])[C@@]13[H] (数据为None)
2025-11-01 22:52:24,218 - WARNING - 跳过第27878行分子对: [H]ONC1=C([H])[C-]([H])C([H])([H])C1(C([H])([H])[H])C([H])([H])[H] -> [H]ONC1C([H])([H])[C@]23C([H])([H])[C@]([H])(C2([H])[H])[C@@]13[H] (数据为None)
2025-11-01 22:52:25,013 - WARNING - 跳过第27924行分子对: [H]ONC1C([H])([H])C([H])([H])C([H])([H])C1(C([H])([H])[H])C([H])([H])[H] -> [H]ONC1C([H])([H])[C@]23C([H])([H])[C@]([H])(C2([H])[H])[C@@]13[H] (数据为None)
2025-11-01 22:52:25,833 - WARNING - 跳过第28107行分子对: [H]ON=C(C([H])([H])C([H])([H])C([H])([H])[H])C([H])([H])C([H])([H])C([H])([H])[H] -> [H]ONC1C([H])([H])[C@]23C([H])([H])[C@]([H])(C2([H])[H])[C@@]13[H] (数据为None)
2025-11-01 22:52:26,673 - WARNING - 跳过第28312行分子对: [H]O/N=C(/C([H])([H])C([H])([H])C([H])([H])[H])C([H])(C([H])([H])[H])C([H])([H])[H] -> [H]ONC1C([H])([H])[C@]23C([H])([H])[C@]([H])(C2([H])[H])[C@@]13[H] (数据为None)
2025-11-01 22:52:27,514 - WARNING - 跳过第28519行分子对: [H]ON=C(C([H])(C([H])([H])[H])C([H])([H])[H])C([H])(C([H])([H])[H])C([H])([H])[H] -> [H]ONC1C([H])([H])[C@]23C([H])([H])[C@]([H])(C2([H])[H])[C@@]13[H] (数据为None)
2025-11-01 22:52:28,331 - WARNING - 跳过第28649行分子对: [H]O/N=C(\C([H])([H])[H])C1(C([H])([H])[H])C([H])([H])C([H])([H])C1([H])[H] -> [H]ONC1C([H])([H])[C@]23C([H])([H])[C@]([H])(C2([H])[H])[C@@]13[H] (数据为None)
2025-11-01 22:52:29,145 - WARNING - 跳过第28853行分子对: [H]ON[C@H]1C([H])([H])[C@]([H])(C([H])(C([H])([H])[H])C([H])([H])[H])C1([H])[H] -> [H]ONC1C([H])([H])[C@]23C([H])([H])[C@]([H])(C2([H])[H])[C@@]13[H] (数据为None)
2025-11-01 22:52:29,928 - WARNING - 跳过第28960行分子对: [H]O/N=C(\C([H])([H])[H])[C@]1([H])C([H])([H])[C@@]([H])(C([H])([H])[H])C1([H])[H] -> [H]ONC1C([H])([H])[C@]23C([H])([H])[C@]([H])(C2([H])[H])[C@@]13[H] (数据为None)
2025-11-01 22:52:30,727 - WARNING - 跳过第29052行分子对: [H]ONC1C([H])=C(C([H])([H])[H])C([H])([H])C([H])([H])C1([H])[H] -> [H]ONC1C([H])([H])[C@]23C([H])([H])[C@]([H])(C2([H])[H])[C@@]13[H] (数据为None)
2025-11-01 22:52:31,504 - WARNING - 跳过第29115行分子对: [H]ONC1C([H])([H])C(C([H])([H])[H])=C([H])C([H])([H])C1([H])[H] -> [H]ONC1C([H])([H])[C@]23C([H])([H])[C@]([H])(C2([H])[H])[C@@]13[H] (数据为None)
2025-11-01 22:52:32,320 - WARNING - 跳过第29191行分子对: [H]ONC1C([H])([H])C([H])([H])C([H])([H])[C@]([H])(C([H])([H])[H])C1([H])[H] -> [H]ONC1C([H])([H])[C@]23C([H])([H])[C@]([H])(C2([H])[H])[C@@]13[H] (数据为None)
2025-11-01 22:52:33,113 - WARNING - 跳过第29259行分子对: [H]ONC1C([H])([H])C(C([H])([H])[H])=C(C([H])([H])[H])C1([H])[H] -> [H]ONC1C([H])([H])[C@]23C([H])([H])[C@]([H])(C2([H])[H])[C@@]13[H] (数据为None)
2025-11-01 22:52:33,912 - WARNING - 跳过第29362行分子对: [H]ONC1C([H])([H])C(C([H])([H])[H])=C([H])[C@]1([H])C([H])([H])[H] -> [H]ONC1C([H])([H])[C@]23C([H])([H])[C@]([H])(C2([H])[H])[C@@]13[H] (数据为None)
2025-11-01 22:52:34,437 - WARNING - 跳过第29437行分子对: [H][N-]C1O[C@]([H])(C([H])([H])[H])C(NO[H])C1([H])[H] -> [H]ONC1C([H])([H])[C@]23C([H])([H])[N@@H+](C2([H])[H])[C@@]13[H] (数据为None)
2025-11-01 22:52:35,235 - WARNING - 跳过第29554行分子对: [H]ONC1C([H])([H])[C@]2([H])C([H])([H])[C@@]1(C([H])([H])[H])C2([H])[H] -> [H]ONC1C([H])([H])[C@]23C([H])([H])[C@]([H])(C2([H])[H])[C@@]13[H] (数据为None)
2025-11-01 22:52:36,023 - WARNING - 跳过第29644行分子对: [H]O/N=C(\C([H])([H])[H])C([H])([H])C1([H])C([H])([H])C([H])([H])C1([H])[H] -> [H]ONC1C([H])([H])[C@]23C([H])([H])[C@]([H])(C2([H])[H])[C@@]13[H] (数据为None)
2025-11-01 22:52:36,790 - WARNING - 跳过第29737行分子对: [H]C#CC([H])([H])[C@]1([H])C([H])([H])[C@@H](NO[H])C1([H])[H] -> [H]ONC1C([H])([H])[C@]23C([H])([H])[C@]([H])(C2([H])[H])[C@@]13[H] (数据为None)
2025-11-01 22:52:37,580 - WARNING - 跳过第29820行分子对: [H]ON[C@H]1C([H])([H])[C@]([H])(C#CC([H])([H])[H])C1([H])[H] -> [H]ONC1C([H])([H])[C@]23C([H])([H])[C@]([H])(C2([H])[H])[C@@]13[H] (数据为None)
2025-11-01 22:52:38,371 - WARNING - 跳过第29860行分子对: [H]ON[C@H]1C([H])([H])[C@]([H])(C([H])([H])C([H])([H])C([H])([H])[H])C1([H])[H] -> [H]ONC1C([H])([H])[C@]23C([H])([H])[C@]([H])(C2([H])[H])[C@@]13[H] (数据为None)
2025-11-01 22:52:39,157 - WARNING - 跳过第29968行分子对: [H]ONC1C([H])([H])C2(C1([H])[H])C([H])([H])C([H])([H])C2([H])[H] -> [H]ONC1C([H])([H])[C@]23C([H])([H])[C@]([H])(C2([H])[H])[C@@]13[H] (数据为None)
2025-11-01 22:52:39,226 - INFO - 分子处理统计: 总数=60000, 命中=59967, 未命中=33, 命中率=99.94%
2025-11-01 22:52:39,251 - INFO - --- 训练集样本示例 (头部数据) ---
2025-11-01 22:52:39,251 - INFO -   样本       起始节点数        起始边数         目标节点数        目标边数         边特征             目标属性值          
2025-11-01 22:52:39,251 - INFO -   --------------------------------------------------------------------------------
2025-11-01 22:52:39,252 - INFO -   1        5            8            8            14           [1.0, 0.0, 0.   0.023518       
2025-11-01 22:52:39,252 - INFO -   2        3            4            6            10           [1.0, 0.0, 0.   -0.273184      
2025-11-01 22:52:39,252 - INFO -   3        4            6            11           20           [1.0, 0.0, 0.   0.077970       
2025-11-01 22:52:39,252 - INFO -   --------------------------------------------------------------------------------
2025-11-01 22:52:39,252 - INFO - 
数据构建完成:
2025-11-01 22:52:39,252 - INFO -   项目                   值                   
2025-11-01 22:52:39,252 - INFO -   ---------------------------------------- --------------------
2025-11-01 22:52:39,252 - INFO -   样本数                  29967               
2025-11-01 22:52:39,252 - INFO -   节点特征维度               11                  
2025-11-01 22:52:39,252 - INFO -   边特征维度                11                  
2025-11-01 22:52:39,252 - INFO -   目标属性变化维度             1                   
2025-11-01 22:52:39,255 - INFO - 数据集划分完成:
2025-11-01 22:52:39,255 - INFO -   - 训练集: 23973 (80.0%)
2025-11-01 22:52:39,255 - INFO -   - 验证集: 2996 (10.0%)
2025-11-01 22:52:39,255 - INFO -   - 测试集: 2998 (10.0%)
2025-11-01 22:52:39,295 - INFO - 正在创建模型...
2025-11-01 22:52:39,295 - INFO - 模型参数数量: 1486337
2025-11-01 22:52:39,295 - INFO - 使用设备: cuda
2025-11-01 22:52:39,731 - INFO - 开始训练 (200 轮)...
2025-11-01 22:53:10,140 - INFO - Epoch [10/200], Train Loss: 0.576290, Val Loss: 0.561471, R²: 0.3231, MAE: 0.5615
2025-11-01 22:53:40,794 - INFO - Epoch [20/200], Train Loss: 0.476978, Val Loss: 0.485918, R²: 0.4423, MAE: 0.4859
2025-11-01 22:54:10,671 - INFO - Epoch [30/200], Train Loss: 0.444178, Val Loss: 0.451936, R²: 0.4860, MAE: 0.4519
2025-11-01 22:54:40,962 - INFO - Epoch [40/200], Train Loss: 0.393163, Val Loss: 0.411066, R²: 0.5453, MAE: 0.4111
2025-11-01 22:55:13,217 - INFO - Epoch [50/200], Train Loss: 0.347020, Val Loss: 0.376105, R²: 0.5907, MAE: 0.3761
2025-11-01 22:55:43,887 - INFO - Epoch [60/200], Train Loss: 0.314750, Val Loss: 0.351005, R²: 0.6209, MAE: 0.3510
2025-11-01 22:56:14,088 - INFO - Epoch [70/200], Train Loss: 0.296037, Val Loss: 0.336161, R²: 0.6451, MAE: 0.3362
2025-11-01 22:56:45,040 - INFO - Epoch [80/200], Train Loss: 0.294358, Val Loss: 0.318357, R²: 0.6635, MAE: 0.3184
2025-11-01 22:57:15,895 - INFO - Epoch [90/200], Train Loss: 0.256985, Val Loss: 0.315118, R²: 0.6635, MAE: 0.3151
2025-11-01 22:57:46,375 - INFO - 已保存checkpoint: /home/data2/rhj/project/mol_editor/mol_evo/../mol_evo/output/v0/MoleculeEvolutionGCNLinearPredictorV01/train-20251101_225208-mu_change-30000-200/checkpoint_epoch_100.pth
2025-11-01 22:57:46,687 - INFO - Epoch [100/200], Train Loss: 0.250383, Val Loss: 0.309122, R²: 0.6697, MAE: 0.3091
2025-11-01 22:58:18,331 - INFO - Epoch [110/200], Train Loss: 0.237678, Val Loss: 0.300080, R²: 0.6830, MAE: 0.3001
2025-11-01 22:58:48,420 - INFO - Epoch [120/200], Train Loss: 0.230765, Val Loss: 0.296826, R²: 0.6888, MAE: 0.2968
2025-11-01 22:59:19,715 - INFO - Epoch [130/200], Train Loss: 0.227605, Val Loss: 0.293981, R²: 0.6947, MAE: 0.2940
2025-11-01 22:59:49,947 - INFO - Epoch [140/200], Train Loss: 0.223743, Val Loss: 0.292895, R²: 0.6969, MAE: 0.2929
2025-11-01 23:00:21,343 - INFO - Epoch [150/200], Train Loss: 0.222619, Val Loss: 0.292557, R²: 0.6964, MAE: 0.2926
2025-11-01 23:00:51,476 - INFO - Epoch [160/200], Train Loss: 0.222253, Val Loss: 0.292351, R²: 0.6968, MAE: 0.2924
2025-11-01 23:01:21,997 - INFO - Epoch [170/200], Train Loss: 0.222088, Val Loss: 0.292303, R²: 0.6968, MAE: 0.2923
2025-11-01 23:01:51,106 - INFO - Epoch [180/200], Train Loss: 0.221897, Val Loss: 0.292245, R²: 0.6969, MAE: 0.2922
2025-11-01 23:02:17,133 - INFO - Epoch [190/200], Train Loss: 0.221716, Val Loss: 0.292143, R²: 0.6971, MAE: 0.2921
2025-11-01 23:02:42,070 - INFO - 已保存checkpoint: /home/data2/rhj/project/mol_editor/mol_evo/../mol_evo/output/v0/MoleculeEvolutionGCNLinearPredictorV01/train-20251101_225208-mu_change-30000-200/checkpoint_epoch_200.pth
2025-11-01 23:02:42,363 - INFO - Epoch [200/200], Train Loss: 0.221583, Val Loss: 0.292046, R²: 0.6971, MAE: 0.2920
2025-11-01 23:02:42,363 - INFO - 开始训练 (200 轮)...
2025-11-01 23:02:43,757 - INFO - 模型已保存至: /home/data2/rhj/project/mol_editor/mol_evo/../mol_evo/output/v0/MoleculeEvolutionGCNLinearPredictorV01/train-20251101_225208-mu_change-30000-200/last.pth
2025-11-01 23:02:43,757 - INFO - 
2025-11-01 23:02:43,757 - INFO - ============================================================
2025-11-01 23:02:43,757 - INFO - 训练完成 - 最终评估结果
2025-11-01 23:02:43,757 - INFO - ============================================================
2025-11-01 23:02:43,757 - INFO - 测试集损失: 0.275621
2025-11-01 23:02:43,757 - INFO - RMSE: 0.496510
2025-11-01 23:02:43,757 - INFO - MAE: 0.275621
2025-11-01 23:02:43,757 - INFO - R²: 0.727151
2025-11-01 23:02:43,757 - INFO - PCC: 0.853499
2025-11-01 23:02:43,757 - INFO - Rank Loss: 0.450714
2025-11-01 23:02:43,757 - INFO - 
2025-11-01 23:02:43,757 - INFO - 阈值准确率:
2025-11-01 23:02:43,757 - INFO -   阈值 0.5: 82.96%
2025-11-01 23:02:43,757 - INFO -   阈值 0.4: 78.89%
2025-11-01 23:02:43,757 - INFO -   阈值 0.30000000000000004: 73.82%
2025-11-01 23:02:43,758 - INFO -   阈值 0.20000000000000004: 66.38%
2025-11-01 23:02:43,758 - INFO -   阈值 0.10000000000000003: 47.90%
2025-11-01 23:02:43,758 - INFO - 
2025-11-01 23:02:43,758 - INFO - 训练完成:
2025-11-01 23:02:43,758 - INFO -   - 最终训练损失: 0.221583
2025-11-01 23:02:43,758 - INFO -   - 最佳验证损失: 0.292046
2025-11-01 23:02:43,758 - INFO -   - 测试损失 (MSE): 0.275621
2025-11-01 23:02:43,758 - INFO -   - 测试RMSE: 0.496510
2025-11-01 23:02:43,758 - INFO -   - 测试MAE: 0.275621
2025-11-01 23:02:43,758 - INFO -   - 测试R²: 0.727151
2025-11-01 23:02:43,758 - INFO -   - 测试PCC: 0.853499
2025-11-01 23:02:43,758 - INFO -   - 测试Rank Loss: 0.450714
2025-11-01 23:02:43,758 - INFO -   - 测试阈值准确率 (0.5): 0.8296
2025-11-01 23:02:43,758 - INFO -   - 测试阈值准确率 (0.4): 0.7889
2025-11-01 23:02:43,758 - INFO -   - 测试阈值准确率 (0.30000000000000004): 0.7382
2025-11-01 23:02:43,758 - INFO -   - 测试阈值准确率 (0.20000000000000004): 0.6638
2025-11-01 23:02:43,758 - INFO -   - 测试阈值准确率 (0.10000000000000003): 0.4790
2025-11-01 23:02:43,758 - INFO -   - 模型已保存到: /home/data2/rhj/project/mol_editor/mol_evo/../mol_evo/output/v0/MoleculeEvolutionGCNLinearPredictorV01/train-20251101_225208-mu_change-30000-200/last.pth
2025-11-01 23:02:43,758 - INFO - 训练结果已保存到: /home/data2/rhj/project/mol_editor/mol_evo/../mol_evo/output/v0/MoleculeEvolutionGCNLinearPredictorV01/train-20251101_225208-mu_change-30000-200/training_results.json
2025-11-01 23:02:43,758 - INFO - 模型目录: /home/data2/rhj/project/mol_editor/mol_evo/../mol_evo/output/v0/MoleculeEvolutionGCNLinearPredictorV01/train-20251101_225208-mu_change-30000-200
