2025-10-08 23:59:14,897 - training - INFO - ============================================================
2025-10-08 23:59:14,897 - training - INFO - 基于NNConv的分子进化预测器模型训练开始
2025-10-08 23:59:14,897 - training - INFO - ============================================================
2025-10-08 23:59:14,897 - training - INFO - 数据文件: mol_evo/dataset/data/qm9-evo-pairs-step-1-with-properties.csv
2025-10-08 23:59:14,897 - training - INFO - 最大对数: 30000
2025-10-08 23:59:14,897 - training - INFO - 训练轮数: 500
2025-10-08 23:59:19,998 - training - INFO - 正在构建图数据: mol_evo/dataset/data/qm9-evo-pairs-step-1-with-properties.csv
2025-10-08 23:59:19,998 - training - INFO - 数据构建完成:
2025-10-08 23:59:19,998 - training - INFO -   - 节点数: 1987
2025-10-08 23:59:19,998 - training - INFO -   - 边数: 30000
2025-10-08 23:59:19,998 - training - INFO -   - 节点特征维度: 2048
2025-10-08 23:59:19,998 - training - INFO -   - 边特征维度: 11
2025-10-08 23:59:19,998 - training - INFO -   - 目标属性变化维度: 1
2025-10-08 23:59:20,001 - training - INFO - 数据集划分完成:
2025-10-08 23:59:20,001 - training - INFO -   - 训练集: 21000 (70.0%)
2025-10-08 23:59:20,001 - training - INFO -   - 验证集: 3000 (10.0%)
2025-10-08 23:59:20,001 - training - INFO -   - 测试集: 6000 (20.0%)
2025-10-08 23:59:20,210 - training - INFO - 正在创建模型...
2025-10-08 23:59:20,210 - training - INFO - 模型参数数量: 6790145
2025-10-08 23:59:20,210 - training - INFO - 开始训练 (500 轮)...
2025-10-08 23:59:24,471 - training - INFO - Epoch [10/500], Train Loss: 1.397585, Val Loss: 0.001692, R²: -293.1718, MAE: 0.0224
2025-10-08 23:59:27,996 - training - INFO - Epoch [20/500], Train Loss: 0.096324, Val Loss: 0.043499, R²: -7559.5522, MAE: 0.0314
2025-10-08 23:59:31,519 - training - INFO - Epoch [30/500], Train Loss: 0.042927, Val Loss: 0.010179, R²: -1768.2671, MAE: 0.0237
2025-10-08 23:59:35,048 - training - INFO - Epoch [40/500], Train Loss: 0.020893, Val Loss: 0.017521, R²: -3044.3430, MAE: 0.0093
2025-10-08 23:59:38,584 - training - INFO - Epoch [50/500], Train Loss: 0.017903, Val Loss: 0.001802, R²: -312.2647, MAE: 0.0083
2025-10-08 23:59:42,121 - training - INFO - Epoch [60/500], Train Loss: 0.023276, Val Loss: 0.002371, R²: -411.1102, MAE: 0.0043
2025-10-08 23:59:45,660 - training - INFO - Epoch [70/500], Train Loss: 0.020926, Val Loss: 0.000907, R²: -156.7153, MAE: 0.0030
2025-10-08 23:59:49,189 - training - INFO - Epoch [80/500], Train Loss: 0.021953, Val Loss: 0.001798, R²: -311.4443, MAE: 0.0026
2025-10-08 23:59:52,713 - training - INFO - Epoch [90/500], Train Loss: 0.018806, Val Loss: 0.001047, R²: -180.9285, MAE: 0.0036
2025-10-08 23:59:56,246 - training - INFO - Epoch [100/500], Train Loss: 0.019232, Val Loss: 0.000487, R²: -83.6212, MAE: 0.0030
2025-10-08 23:59:59,752 - training - INFO - Epoch [110/500], Train Loss: 0.015480, Val Loss: 0.001314, R²: -227.4032, MAE: 0.0027
2025-10-09 00:00:03,299 - training - INFO - Epoch [120/500], Train Loss: 0.008161, Val Loss: 0.001244, R²: -215.1544, MAE: 0.0030
2025-10-09 00:00:06,892 - training - INFO - Epoch [130/500], Train Loss: 0.014722, Val Loss: 0.001375, R²: -237.9777, MAE: 0.0019
2025-10-09 00:00:10,425 - training - INFO - Epoch [140/500], Train Loss: 0.013877, Val Loss: 0.000341, R²: -58.3200, MAE: 0.0014
2025-10-09 00:00:13,954 - training - INFO - Epoch [150/500], Train Loss: 0.014949, Val Loss: 0.001649, R²: -285.5495, MAE: 0.0022
2025-10-09 00:00:17,487 - training - INFO - Epoch [160/500], Train Loss: 0.053528, Val Loss: 0.000672, R²: -115.7212, MAE: 0.0016
2025-10-09 00:00:21,061 - training - INFO - Epoch [170/500], Train Loss: 0.037453, Val Loss: 0.000748, R²: -129.0129, MAE: 0.0018
2025-10-09 00:00:24,609 - training - INFO - Epoch [180/500], Train Loss: 0.007921, Val Loss: 0.001079, R²: -186.5821, MAE: 0.0018
2025-10-09 00:00:28,135 - training - INFO - Epoch [190/500], Train Loss: 0.110354, Val Loss: 0.001126, R²: -194.6696, MAE: 0.0030
2025-10-09 00:00:31,648 - training - INFO - Epoch [200/500], Train Loss: 0.024223, Val Loss: 0.000221, R²: -37.4523, MAE: 0.0014
2025-10-09 00:00:35,164 - training - INFO - Epoch [210/500], Train Loss: 0.004954, Val Loss: 0.000377, R²: -64.5401, MAE: 0.0021
2025-10-09 00:00:38,675 - training - INFO - Epoch [220/500], Train Loss: 0.006108, Val Loss: 0.000177, R²: -29.8276, MAE: 0.0019
2025-10-09 00:00:42,201 - training - INFO - Epoch [230/500], Train Loss: 0.002399, Val Loss: 0.000206, R²: -34.7575, MAE: 0.0018
2025-10-09 00:00:45,734 - training - INFO - Epoch [240/500], Train Loss: 0.004272, Val Loss: 0.000169, R²: -28.4091, MAE: 0.0012
2025-10-09 00:00:49,267 - training - INFO - Epoch [250/500], Train Loss: 0.015130, Val Loss: 0.000096, R²: -15.6856, MAE: 0.0013
2025-10-09 00:00:52,758 - training - INFO - Epoch [260/500], Train Loss: 0.030523, Val Loss: 0.000327, R²: -55.7755, MAE: 0.0019
2025-10-09 00:00:56,279 - training - INFO - Epoch [270/500], Train Loss: 0.005608, Val Loss: 0.000052, R²: -7.9568, MAE: 0.0011
2025-10-09 00:00:59,803 - training - INFO - Epoch [280/500], Train Loss: 0.024078, Val Loss: 0.000129, R²: -21.3861, MAE: 0.0014
2025-10-09 00:01:03,302 - training - INFO - Epoch [290/500], Train Loss: 0.028472, Val Loss: 0.000088, R²: -14.3078, MAE: 0.0016
2025-10-09 00:01:06,815 - training - INFO - Epoch [300/500], Train Loss: 0.043410, Val Loss: 0.000068, R²: -10.8665, MAE: 0.0011
2025-10-09 00:01:10,344 - training - INFO - Epoch [310/500], Train Loss: 0.048026, Val Loss: 0.000083, R²: -13.3634, MAE: 0.0012
2025-10-09 00:01:13,871 - training - INFO - Epoch [320/500], Train Loss: 0.001708, Val Loss: 0.000158, R²: -26.4338, MAE: 0.0016
2025-10-09 00:01:17,381 - training - INFO - Epoch [330/500], Train Loss: 0.027254, Val Loss: 0.000199, R²: -33.6182, MAE: 0.0012
2025-10-09 00:01:20,881 - training - INFO - Epoch [340/500], Train Loss: 0.014163, Val Loss: 0.000133, R²: -22.1404, MAE: 0.0013
2025-10-09 00:01:24,389 - training - INFO - Epoch [350/500], Train Loss: 0.008309, Val Loss: 0.000176, R²: -29.5854, MAE: 0.0013
2025-10-09 00:01:27,901 - training - INFO - Epoch [360/500], Train Loss: 0.006135, Val Loss: 0.000103, R²: -16.8206, MAE: 0.0010
2025-10-09 00:01:31,413 - training - INFO - Epoch [370/500], Train Loss: 0.008234, Val Loss: 0.000054, R²: -8.4223, MAE: 0.0009
2025-10-09 00:01:34,940 - training - INFO - Epoch [380/500], Train Loss: 0.030617, Val Loss: 0.000034, R²: -4.9483, MAE: 0.0010
2025-10-09 00:01:38,432 - training - INFO - Epoch [390/500], Train Loss: 0.032978, Val Loss: 0.000082, R²: -13.2639, MAE: 0.0010
2025-10-09 00:01:41,953 - training - INFO - Epoch [400/500], Train Loss: 0.004997, Val Loss: 0.000127, R²: -21.0960, MAE: 0.0012
2025-10-09 00:01:45,474 - training - INFO - Epoch [410/500], Train Loss: 0.005348, Val Loss: 0.000044, R²: -6.5789, MAE: 0.0010
2025-10-09 00:01:49,031 - training - INFO - Epoch [420/500], Train Loss: 0.027871, Val Loss: 0.000097, R²: -15.9391, MAE: 0.0013
2025-10-09 00:01:52,576 - training - INFO - Epoch [430/500], Train Loss: 0.028967, Val Loss: 0.000017, R²: -2.0306, MAE: 0.0016
2025-10-09 00:01:56,174 - training - INFO - Epoch [440/500], Train Loss: 0.017198, Val Loss: 0.000064, R²: -10.1792, MAE: 0.0010
2025-10-09 00:01:59,711 - training - INFO - Epoch [450/500], Train Loss: 0.031955, Val Loss: 0.000017, R²: -2.0381, MAE: 0.0010
2025-10-09 00:02:03,239 - training - INFO - Epoch [460/500], Train Loss: 0.015155, Val Loss: 0.000019, R²: -2.2868, MAE: 0.0010
2025-10-09 00:02:06,763 - training - INFO - Epoch [470/500], Train Loss: 0.039742, Val Loss: 0.000021, R²: -2.5726, MAE: 0.0013
2025-10-09 00:02:10,298 - training - INFO - Epoch [480/500], Train Loss: 0.017675, Val Loss: 0.000053, R²: -8.2824, MAE: 0.0048
2025-10-09 00:02:13,815 - training - INFO - Epoch [490/500], Train Loss: 0.019589, Val Loss: 0.000123, R²: -20.4578, MAE: 0.0060
2025-10-09 00:02:17,307 - training - INFO - Epoch [500/500], Train Loss: 0.001940, Val Loss: 0.000077, R²: -12.4050, MAE: 0.0049
2025-10-09 00:02:17,459 - training - INFO - 原始尺度评估指标:
2025-10-09 00:02:17,462 - training - INFO -   - MSE: 20163.068351
2025-10-09 00:02:17,463 - training - INFO -   - RMSE: 141.996720
2025-10-09 00:02:17,463 - training - INFO -   - MAE: 38.255692
2025-10-09 00:02:17,463 - training - INFO - 各维度阈值准确率:
2025-10-09 00:02:17,463 - training - INFO - Threshold   A        
2025-10-09 00:02:17,463 - training - INFO - ---------------------
2025-10-09 00:02:17,463 - training - INFO - @0.400      0.9997   
2025-10-09 00:02:17,463 - training - INFO - @0.300      0.9995   
2025-10-09 00:02:17,463 - training - INFO - @0.200      0.9987   
2025-10-09 00:02:17,463 - training - INFO - @0.100      0.9980   
2025-10-09 00:02:17,463 - training - INFO - @0.050      0.9957   
2025-10-09 00:02:18,368 - training - INFO - 训练完成:
2025-10-09 00:02:18,368 - training - INFO -   - 最终训练损失: 0.001940
2025-10-09 00:02:18,368 - training - INFO -   - 最佳验证损失: 0.000011
2025-10-09 00:02:18,368 - training - INFO -   - 测试损失 (MSE): 0.000394
2025-10-09 00:02:18,369 - training - INFO -   - 测试RMSE: 0.019839
2025-10-09 00:02:18,369 - training - INFO -   - 测试MAE: 0.005345
2025-10-09 00:02:18,369 - training - INFO -   - 测试R²: -139.039627
2025-10-09 00:02:18,369 - training - INFO -   - 测试阈值准确率 (0.4, 所有维度): 0.9997
2025-10-09 00:02:18,369 - training - INFO -   - 测试阈值准确率 (0.4, 平均): 0.9997
2025-10-09 00:02:18,369 - training - INFO -   - 测试阈值准确率 (0.3, 所有维度): 0.9995
2025-10-09 00:02:18,369 - training - INFO -   - 测试阈值准确率 (0.3, 平均): 0.9995
2025-10-09 00:02:18,369 - training - INFO -   - 测试阈值准确率 (0.2, 所有维度): 0.9987
2025-10-09 00:02:18,369 - training - INFO -   - 测试阈值准确率 (0.2, 平均): 0.9987
2025-10-09 00:02:18,369 - training - INFO -   - 测试阈值准确率 (0.1, 所有维度): 0.9980
2025-10-09 00:02:18,369 - training - INFO -   - 测试阈值准确率 (0.1, 平均): 0.9980
2025-10-09 00:02:18,369 - training - INFO -   - 测试阈值准确率 (0.05, 所有维度): 0.9957
2025-10-09 00:02:18,369 - training - INFO -   - 测试阈值准确率 (0.05, 平均): 0.9957
2025-10-09 00:02:18,369 - training - INFO -   - 原始尺度MSE: 20163.068351
2025-10-09 00:02:18,369 - training - INFO -   - 原始尺度RMSE: 141.996720
2025-10-09 00:02:18,369 - training - INFO -   - 原始尺度MAE: 38.255692
2025-10-09 00:02:18,369 - training - INFO -   - 模型已保存到: /home/data2/rhj/project/mol_editor/mol_evo/../mol_evo/output/nnconv/training_20251008_235914/molecule_evolution_nnconv_predictor.pth
