2025-11-23 19:29:21,312 - INFO - ============================================================
2025-11-23 19:29:21,312 - INFO - 数据文件: /home/data2/rhj/project/mol_editor/mol_evo/dataset/data/qm9-evo-pairs-step-1-with-properties-pct.json
2025-11-23 19:29:21,312 - INFO - 最大对数: 120000
2025-11-23 19:29:21,312 - INFO - 训练轮数: 200
2025-11-23 19:29:21,312 - INFO - ============================================================
2025-11-23 19:29:21,312 - INFO - 模型配置已保存到: /home/data2/rhj/project/mol_editor/mol_evo/../mol_evo/output/v0/MoleculeEvolutionVisnetLinearPredictor/train-20251123_192921-lumo_change-120000-200/model_config.json
2025-11-23 19:29:21,312 - INFO - 正在构建图数据: /home/data2/rhj/project/mol_editor/mol_evo/dataset/data/qm9-evo-pairs-step-1-with-properties-pct.json
2025-11-23 19:30:42,021 - WARNING - 跳过第26973行分子对: O=C1[C@H]2C[C@@H]3[C@H]2N13 -> C[C@]12[C@@H]3C[C@H]1N2C3=O (数据为None)
2025-11-23 19:31:46,651 - WARNING - 跳过第65375行分子对: C[C@]12C[C@H](C1)[C@H]2CO -> C1OC[C@]23C[C@H](C2)[C@H]13 (数据为None)
2025-11-23 19:31:49,307 - WARNING - 跳过第66217行分子对: COCC12C[NH+](C1)C2 -> C1OC[C@]23C[N@H+](C2)[C@H]13 (数据为None)
2025-11-23 19:31:59,360 - WARNING - 跳过第66728行分子对: O=C1O[C@]23C[N@H+](C2)[C@@H]13 -> O=C1N[C@]23C[N@H+](C2)[C@@H]13 (数据为None)
2025-11-23 19:31:59,366 - WARNING - 跳过第66727行分子对: O=C1O[C@]23C[C@H](C2)[C@@H]13 -> O=C1N[C@]23C[C@H](C2)[C@@H]13 (数据为None)
2025-11-23 19:31:59,372 - WARNING - 跳过第66724行分子对: [NH-][C@@H]1O[C@]23C[N@H+](C2)[C@@H]13 -> C[C@H]1O[C@]23C[N@H+](C2)[C@@H]13 (数据为None)
2025-11-23 19:31:59,372 - WARNING - 跳过第66726行分子对: O=C1N[C@]23C[N@H+](C2)[C@@H]13 -> O=C1O[C@]23C[N@H+](C2)[C@@H]13 (数据为None)
2025-11-23 19:31:59,373 - WARNING - 跳过第66725行分子对: O=C1N[C@]23C[C@H](C2)[C@@H]13 -> O=C1O[C@]23C[C@H](C2)[C@@H]13 (数据为None)
2025-11-23 19:31:59,374 - WARNING - 跳过第66729行分子对: C[C@H]1C[C@]23C[C@H](C2)[C@@H]13 -> C1[C@H]2C[C@H]3C[C@H](C3)[C@@H]12 (数据为None)
2025-11-23 19:32:04,994 - WARNING - 跳过第66732行分子对: C[C@H]1O[C@]23C[N@H+](C2)[C@@H]13 -> [NH-][C@@H]1O[C@]23C[N@H+](C2)[C@@H]13 (数据为None)
2025-11-23 19:32:04,997 - WARNING - 跳过第66731行分子对: C[C@H]1O[C@]23C[C@H](C2)[C@@H]13 -> [NH-][C@@H]1O[C@]23C[C@H](C2)[C@@H]13 (数据为None)
2025-11-23 19:32:04,999 - WARNING - 跳过第66730行分子对: C[C@H]1C[C@]23C[N@H+](C2)[C@@H]13 -> O[C@H]1C[C@]23C[N@H+](C2)[C@@H]13 (数据为None)
2025-11-23 19:32:05,000 - WARNING - 跳过第66723行分子对: [NH-][C@@H]1O[C@]23C[C@H](C2)[C@@H]13 -> C[C@H]1O[C@]23C[C@H](C2)[C@@H]13 (数据为None)
2025-11-23 19:32:05,000 - WARNING - 跳过第66733行分子对: C[C@H]1O[C@]23C[N@H+](C2)[C@@H]13 -> C1[C@H]2O[C@H]3C[N@H+](C3)[C@@H]12 (数据为None)
2025-11-23 19:32:05,594 - WARNING - 跳过第66734行分子对: O[C@H]1C[C@]23C[N@H+](C2)[C@@H]13 -> C[C@H]1C[C@]23C[N@H+](C2)[C@@H]13 (数据为None)
2025-11-23 19:32:34,874 - WARNING - 跳过第85124行分子对: CCC1(CC)CCC1 -> C1CC23CCC12CC3 (数据为None)
2025-11-23 19:32:35,026 - WARNING - 跳过第85149行分子对: CCC1(CO)CCC1 -> C1C[C@]23CC[C@]12CO3 (数据为None)
2025-11-23 19:32:39,666 - WARNING - 跳过第89675行分子对: CC[C@@]12C=C[C@@H](C1)O2 -> C1=C[C@]23CC[C@@H]2[C@H]1O3 (数据为None)
2025-11-23 19:32:49,008 - WARNING - 跳过第98020行分子对: C[C@H]1C[C@H]2C(=O)N[C@@H]12 -> C[C@@]12C[C@H]3C(=O)N1[C@H]32 (数据为None)
2025-11-23 19:32:49,010 - WARNING - 跳过第98229行分子对: C1O[C@H]2[C@H]3C[C@@]2(C3)O1 -> [CH+]1[NH2+][C@H]2[C@H]3C[C@@]2(C3)O1 (数据为None)
2025-11-23 19:32:49,011 - WARNING - 跳过第97994行分子对: C[C@@]12C[C@H]3C(=O)N1[C@H]32 -> C[C@H]1C[C@H]2C(=O)N[C@@H]12 (数据为None)
2025-11-23 19:32:49,012 - WARNING - 跳过第98228行分子对: C1OC[C@]23C[C@H](C2)[C@H]13 -> C[C@]12C[C@H](C1)[C@H]2CO (数据为None)
2025-11-23 19:32:53,861 - WARNING - 跳过第98227行分子对: C1C[C@]23C[C@H](C2)[C@@H]3O1 -> C1O[C@H]2[C@H]3C[C@@]2(C3)O1 (数据为None)
2025-11-23 19:32:53,863 - WARNING - 跳过第98222行分子对: [CH+]1[NH2+][C@H]2[C@H]3C[C@@]2(C3)O1 -> C1O[C@H]2[C@H]3C[C@@]2(C3)O1 (数据为None)
2025-11-23 19:32:53,864 - WARNING - 跳过第98230行分子对: C1O[C@H]2[C@H]3C[C@@]2(C3)O1 -> C1C[C@]23C[C@H](C2)[C@@H]3O1 (数据为None)
2025-11-23 19:32:53,866 - WARNING - 跳过第98267行分子对: C[C@]12[C@@H]3C[C@H]1N2C3=O -> C[C@@H]1[C@@H]2C[C@H]1NC2=O (数据为None)
2025-11-23 19:32:53,866 - WARNING - 跳过第98231行分子对: C1OC[C@]23C[N@H+](C2)[C@H]13 -> COCC12C[NH+](C1)C2 (数据为None)
2025-11-23 19:32:56,360 - WARNING - 跳过第105042行分子对: CC[C@H]1CO[C@H]1CO -> C1C[C@@]23CO[C@@]12CO3 (数据为None)
2025-11-23 19:32:57,758 - WARNING - 跳过第109005行分子对: CC[C@]12CC[C@H]1CC2 -> C1CC23CCC12CC3 (数据为None)
2025-11-23 19:32:57,825 - WARNING - 跳过第109046行分子对: OC[C@]12CC[C@H]1CO2 -> C1C[C@@]23CO[C@@]12CO3 (数据为None)
2025-11-23 19:32:57,882 - WARNING - 跳过第109037行分子对: OC[C@]12CC[C@H]1CC2 -> C1C[C@]23CC[C@]12CO3 (数据为None)
2025-11-23 19:32:58,428 - WARNING - 跳过第111079行分子对: C[C@@H]1[C@@H]2C[C@H]1NC2=O -> C[C@]12[C@@H]3C[C@H]1N2C3=O (数据为None)
2025-11-23 19:33:03,430 - WARNING - 跳过第111722行分子对: C1=C[C@@]23C[C@@H]1[C@H]2CO3 -> OC[C@H]1[C@@H]2C=C[C@H]1C2 (数据为None)
2025-11-23 19:33:03,433 - WARNING - 跳过第111717行分子对: C1=C[C@]23CC[C@@H]2[C@H]1O3 -> CC[C@@]12C=C[C@@H](C1)O2 (数据为None)
2025-11-23 19:33:03,434 - WARNING - 跳过第111719行分子对: C1=C[C@]23CC[C@@H]2[C@H]1O3 -> O[C@H]1C=C[C@H]2CC[C@@H]12 (数据为None)
2025-11-23 19:33:03,434 - WARNING - 跳过第111718行分子对: C1=C[C@]23CC[C@@H]2[C@H]1O3 -> C1C[C@@]23CC[C@@H](O2)[C@@H]13 (数据为None)
2025-11-23 19:33:03,435 - WARNING - 跳过第111716行分子对: C1=C[C@]23CC[N@@H+]2[C@H]1C3 -> CC[C@H]1[C@@H]2C=C[C@H]1C2 (数据为None)
2025-11-23 19:33:08,998 - WARNING - 跳过第111720行分子对: C1=C[C@]23CN[C@@H]2[C@H]1O3 -> C1=C[C@]23CO[C@@H]2[C@H]1O3 (数据为None)
2025-11-23 19:33:08,998 - WARNING - 跳过第111723行分子对: C1=C[C@]23CO[C@@H]2[C@H]1C3 -> C1=C[C@]23CO[C@@H]2[C@H]1O3 (数据为None)
2025-11-23 19:33:08,999 - WARNING - 跳过第111724行分子对: C1=C[C@]23CO[C@@H]2[C@H]1C3 -> C1C[C@]23CO[C@@H]2[C@H]1C3 (数据为None)
2025-11-23 19:33:08,999 - WARNING - 跳过第111715行分子对: C1=C[C@]23CC[C@@H]2[C@H]1C3 -> C1C[C@]23CC[C@@H]2[C@H]1C3 (数据为None)
2025-11-23 19:33:08,999 - WARNING - 跳过第111721行分子对: C1=C[C@@]23C[C@@H]1[C@H]2CO3 -> C1C[C@@]23C[C@@H]1[C@H]2CO3 (数据为None)
2025-11-23 19:33:09,000 - WARNING - 跳过第111725行分子对: C1=C[C@]23CO[C@@H]2[C@H]1C3 -> C[C@H]1C=C[C@H]2CO[C@@H]12 (数据为None)
2025-11-23 19:33:14,145 - WARNING - 跳过第111727行分子对: C1=C[C@]23CO[C@@H]2[C@H]1O3 -> C1=C[C@]23CN[C@@H]2[C@H]1O3 (数据为None)
2025-11-23 19:33:14,145 - WARNING - 跳过第111728行分子对: C1=C[C@]23CO[C@@H]2[C@H]1O3 -> C1=C[C@]23CO[C@@H]2[C@H]1C3 (数据为None)
2025-11-23 19:33:14,146 - WARNING - 跳过第111729行分子对: C1=C[C@]23CO[C@@H]2[C@H]1O3 -> C1C[C@@]23CO[C@H]2[C@@H]1O3 (数据为None)
2025-11-23 19:33:14,146 - WARNING - 跳过第111726行分子对: C1=C[C@]23CO[C@@H]2[C@H]1N3 -> C1C[C@@]23CO[C@H]2[C@@H]1N3 (数据为None)
2025-11-23 19:33:14,146 - WARNING - 跳过第111736行分子对: C1C[C@@]23CC[C@@H](O2)[C@@H]13 -> C1=C[C@]23CC[C@@H]2[C@H]1O3 (数据为None)
2025-11-23 19:33:14,147 - WARNING - 跳过第111734行分子对: C1C[C@]23CO[C@H](C2)[C@@H]13 -> C[C@H]1OC[C@H]2CC[C@H]21 (数据为None)
2025-11-23 19:33:14,147 - WARNING - 跳过第111730行分子对: C1=C[C@]23CO[C@@H]2[C@H]1O3 -> O[C@H]1C=C[C@H]2CO[C@@H]12 (数据为None)
2025-11-23 19:33:14,148 - WARNING - 跳过第111733行分子对: C1O[C@]23CC[C@@H]2[C@H]1C3 -> OC[C@H]1C[C@H]2CC[C@H]21 (数据为None)
2025-11-23 19:33:14,150 - WARNING - 跳过第111732行分子对: C1C[C@]23CC[C@@H]2[C@H]1C3 -> CC[C@H]1[C@@H]2CC[C@H]1C2 (数据为None)
2025-11-23 19:33:18,795 - WARNING - 跳过第111731行分子对: C1C[C@]23CC[C@@H]2[C@H]1C3 -> C1=C[C@]23CC[C@@H]2[C@H]1C3 (数据为None)
2025-11-23 19:33:18,796 - WARNING - 跳过第111746行分子对: C1O[C@@H]2[C@H]3C[C@@]12CO3 -> C[C@H]1OC[C@H]2CO[C@H]21 (数据为None)
2025-11-23 19:33:18,796 - WARNING - 跳过第111740行分子对: C1O[C@]23CO[C@H](C2)[C@@H]13 -> OC[C@H]1[C@@H]2CO[C@H]1C2 (数据为None)
2025-11-23 19:33:18,797 - WARNING - 跳过第111744行分子对: C1C[C@]23CO[C@@H]2[C@H]1C3 -> C[C@H]1CC[C@H]2CO[C@H]21 (数据为None)
2025-11-23 19:33:18,797 - WARNING - 跳过第111739行分子对: C1C[C@@]23C[C@@H]1[C@H]2CO3 -> OC[C@H]1[C@@H]2CC[C@H]1C2 (数据为None)
2025-11-23 19:33:24,783 - WARNING - 跳过第111741行分子对: C1C[C@]23CO[C@@H]2[C@H]1C3 -> C1=C[C@]23CO[C@@H]2[C@H]1C3 (数据为None)
2025-11-23 19:33:24,784 - WARNING - 跳过第111738行分子对: C1C[C@@]23C[C@@H]1[C@H]2CO3 -> C1=C[C@@]23C[C@@H]1[C@H]2CO3 (数据为None)
2025-11-23 19:33:24,785 - WARNING - 跳过第111745行分子对: C1O[C@@H]2[C@H]3C[C@@]12CO3 -> C1C[C@]23CO[C@@H]2[C@H]1C3 (数据为None)
2025-11-23 19:33:24,785 - WARNING - 跳过第111751行分子对: C1C[C@@]23CO[C@H]2[C@@H]1O3 -> O[C@H]1CC[C@H]2CO[C@H]21 (数据为None)
2025-11-23 19:33:24,795 - WARNING - 跳过第111747行分子对: C1O[C@]23CO[C@@H]2[C@H]1C3 -> OC[C@H]1C[C@H]2CO[C@H]21 (数据为None)
2025-11-23 19:33:24,796 - WARNING - 跳过第111743行分子对: C1C[C@]23CO[C@@H]2[C@H]1C3 -> C1C[C@@]23CO[C@H]2[C@@H]1O3 (数据为None)
2025-11-23 19:33:24,796 - WARNING - 跳过第111742行分子对: C1C[C@]23CO[C@@H]2[C@H]1C3 -> C1O[C@@H]2[C@H]3C[C@@]12CO3 (数据为None)
2025-11-23 19:33:29,322 - WARNING - 跳过第111749行分子对: C1C[C@@]23CO[C@H]2[C@@H]1O3 -> C1=C[C@]23CO[C@@H]2[C@H]1O3 (数据为None)
2025-11-23 19:33:29,324 - WARNING - 跳过第111748行分子对: C1C[C@@]23CO[C@H]2[C@@H]1N3 -> C1=C[C@]23CO[C@@H]2[C@H]1N3 (数据为None)
2025-11-23 19:33:29,324 - WARNING - 跳过第111750行分子对: C1C[C@@]23CO[C@H]2[C@@H]1O3 -> C1C[C@]23CO[C@@H]2[C@H]1C3 (数据为None)
2025-11-23 19:33:29,576 - WARNING - 跳过第112720行分子对: O=C1N2[C@@H]3C[C@@]1(O)[C@@H]32 -> O=C1[C@H]2OC[C@@H]3[C@H]2N13 (数据为None)
2025-11-23 19:33:29,669 - WARNING - 跳过第112713行分子对: C[C@]12C[C@@H]3[C@H]1N3C2=O -> O=C1[C@H]2CC[C@@H]3[C@H]2N13 (数据为None)
2025-11-23 19:33:29,915 - WARNING - 跳过第112712行分子对: C[C@]12C[C@@H]3[C@H]1N3C2=O -> O=C1N2[C@@H]3C[C@@]1(O)[C@@H]32 (数据为None)
2025-11-23 19:33:29,927 - WARNING - 跳过第112719行分子对: O=C1N2[C@@H]3C[C@@]1(O)[C@@H]32 -> C[C@]12C[C@@H]3[C@H]1N3C2=O (数据为None)
2025-11-23 19:33:29,965 - WARNING - 跳过第114106行分子对: OC[C@H]1C[C@H]2CO[C@H]21 -> C1O[C@]23CO[C@@H]2[C@H]1C3 (数据为None)
2025-11-23 19:33:34,816 - WARNING - 跳过第114098行分子对: OC[C@H]1C[C@H]2CC[C@H]21 -> C1O[C@]23CC[C@@H]2[C@H]1C3 (数据为None)
2025-11-23 19:33:35,058 - WARNING - 跳过第114880行分子对: O[C@H]1C=C[C@H]2CO[C@@H]12 -> C1=C[C@]23CO[C@@H]2[C@H]1O3 (数据为None)
2025-11-23 19:33:35,062 - WARNING - 跳过第114870行分子对: C[C@H]1C=C[C@H]2CO[C@@H]12 -> C1=C[C@]23CO[C@@H]2[C@H]1C3 (数据为None)
2025-11-23 19:33:35,067 - WARNING - 跳过第114917行分子对: C[C@H]1OC[C@H]2CO[C@H]21 -> C1O[C@@H]2[C@H]3C[C@@]12CO3 (数据为None)
2025-11-23 19:33:35,105 - WARNING - 跳过第114929行分子对: O[C@H]1CC[C@H]2CO[C@H]21 -> C1C[C@@]23CO[C@H]2[C@@H]1O3 (数据为None)
2025-11-23 19:33:35,105 - WARNING - 跳过第114896行分子对: C[C@H]1CC[C@H]2CO[C@H]21 -> C1C[C@]23CO[C@@H]2[C@H]1C3 (数据为None)
2025-11-23 19:33:35,129 - WARNING - 跳过第114878行分子对: O[C@H]1C=C[C@H]2CC[C@@H]12 -> C1=C[C@]23CC[C@@H]2[C@H]1O3 (数据为None)
2025-11-23 19:33:35,146 - WARNING - 跳过第114914行分子对: C[C@H]1OC[C@H]2CC[C@H]21 -> C1C[C@]23CO[C@H](C2)[C@@H]13 (数据为None)
2025-11-23 19:33:35,381 - WARNING - 跳过第115845行分子对: O=C1[C@H]2OC[C@@H]3[C@H]2N13 -> O=C1N2[C@@H]3C[C@@]1(O)[C@@H]32 (数据为None)
2025-11-23 19:33:39,824 - WARNING - 跳过第115842行分子对: O=C1[C@H]2CC[C@@H]3[C@H]2N13 -> C[C@]12C[C@@H]3[C@H]1N3C2=O (数据为None)
2025-11-23 19:33:39,831 - WARNING - 跳过第116028行分子对: O=C1O[C@H]2C[C@@H]3[C@H]2N13 -> O=C1[CH-][C@H]2C[C@@H]3[C@H]2N13 (数据为None)
2025-11-23 19:33:43,334 - WARNING - 跳过第116009行分子对: O=C1[CH-][C@H]2C[C@@H]3[C@H]2N13 -> O=C1O[C@H]2C[C@@H]3[C@H]2N13 (数据为None)
2025-11-23 19:33:43,334 - WARNING - 跳过第116023行分子对: O=C1N[C@H]2C[C@@H]3[C@H]2N13 -> O=C1O[C@H]2C[C@@H]3[C@H]2N13 (数据为None)
2025-11-23 19:33:43,334 - WARNING - 跳过第116015行分子对: O=C1C[C@H]2C[C@@H]3[C@H]2N13 -> O=C1O[C@H]2C[C@@H]3[C@H]2N13 (数据为None)
2025-11-23 19:33:43,335 - WARNING - 跳过第116021行分子对: O=C1N[C@H]2C[C@@H]3[C@H]2N13 -> O=C1[CH-][C@H]2C[C@@H]3[C@H]2N13 (数据为None)
2025-11-23 19:33:43,335 - WARNING - 跳过第116008行分子对: O=C1[CH-][C@H]2C[C@@H]3[C@H]2N13 -> O=C1N[C@H]2C[C@@H]3[C@H]2N13 (数据为None)
2025-11-23 19:33:43,335 - WARNING - 跳过第116014行分子对: O=C1C[C@H]2C[C@@H]3[C@H]2N13 -> O=C1N[C@H]2C[C@@H]3[C@H]2N13 (数据为None)
2025-11-23 19:33:43,335 - WARNING - 跳过第116029行分子对: O=C1O[C@H]2C[C@@H]3[C@H]2N13 -> O=C1C[C@H]2C[C@@H]3[C@H]2N13 (数据为None)
2025-11-23 19:33:43,335 - WARNING - 跳过第116022行分子对: O=C1N[C@H]2C[C@@H]3[C@H]2N13 -> O=C1C[C@H]2C[C@@H]3[C@H]2N13 (数据为None)
2025-11-23 19:33:43,336 - WARNING - 跳过第116045行分子对: C1[C@H]2C[C@H]3C[C@H](C3)[C@@H]12 -> C[C@H]1C[C@]23C[C@H](C2)[C@@H]13 (数据为None)
2025-11-23 19:33:48,172 - WARNING - 跳过第116030行分子对: O=C1O[C@H]2C[C@@H]3[C@H]2N13 -> O=C1N[C@H]2C[C@@H]3[C@H]2N13 (数据为None)
2025-11-23 19:33:48,172 - WARNING - 跳过第116404行分子对: C1CC2CCC1CC2 -> C1CC23CCC12CC3 (数据为None)
2025-11-23 19:33:48,173 - WARNING - 跳过第116411行分子对: C1C[C@H]2CO[C@@H]1CO2 -> C1C[C@@]23CO[C@@]12CO3 (数据为None)
2025-11-23 19:33:48,173 - WARNING - 跳过第116420行分子对: C1C[C@]23CC[C@]12CO3 -> OC[C@]12CC[C@H]1CC2 (数据为None)
2025-11-23 19:33:48,174 - WARNING - 跳过第116407行分子对: C1C[C@H]2CC[C@@H]1CO2 -> C1C[C@]23CC[C@]12CO3 (数据为None)
2025-11-23 19:33:48,174 - WARNING - 跳过第116047行分子对: C1[C@H]2O[C@H]3C[N@H+](C3)[C@@H]12 -> C[C@H]1O[C@]23C[N@H+](C2)[C@@H]13 (数据为None)
2025-11-23 19:33:48,174 - WARNING - 跳过第116418行分子对: C1CC23CCC12CC3 -> C1CC2CCC1CC2 (数据为None)
2025-11-23 19:33:48,175 - WARNING - 跳过第116417行分子对: C1CC23CCC12CC3 -> CC[C@]12CC[C@H]1CC2 (数据为None)
2025-11-23 19:33:48,176 - WARNING - 跳过第116416行分子对: C1CC23CCC12CC3 -> CCC1(CC)CCC1 (数据为None)
2025-11-23 19:33:48,178 - WARNING - 跳过第116419行分子对: C1C[C@]23CC[C@]12CO3 -> CCC1(CO)CCC1 (数据为None)
2025-11-23 19:33:53,181 - WARNING - 跳过第116421行分子对: C1C[C@]23CC[C@]12CO3 -> C1C[C@H]2CC[C@@H]1CO2 (数据为None)
2025-11-23 19:33:53,182 - WARNING - 跳过第116423行分子对: C1C[C@@]23CO[C@@]12CO3 -> OC[C@]12CC[C@H]1CO2 (数据为None)
2025-11-23 19:33:53,183 - WARNING - 跳过第116422行分子对: C1C[C@@]23CO[C@@]12CO3 -> CC[C@H]1CO[C@H]1CO (数据为None)
2025-11-23 19:33:53,184 - WARNING - 跳过第116424行分子对: C1C[C@@]23CO[C@@]12CO3 -> C1C[C@H]2CO[C@@H]1CO2 (数据为None)
2025-11-23 19:33:53,507 - WARNING - 跳过第117336行分子对: OC[C@H]1[C@@H]2CO[C@H]1C2 -> C1O[C@]23CO[C@H](C2)[C@@H]13 (数据为None)
2025-11-23 19:33:53,517 - WARNING - 跳过第117300行分子对: OC[C@H]1[C@@H]2C=C[C@H]1C2 -> C1=C[C@@]23C[C@@H]1[C@H]2CO3 (数据为None)
2025-11-23 19:33:53,529 - WARNING - 跳过第117286行分子对: CC[C@H]1[C@@H]2C=C[C@H]1C2 -> C1=C[C@]23CC[N@@H+]2[C@H]1C3 (数据为None)
2025-11-23 19:33:53,563 - WARNING - 跳过第117330行分子对: OC[C@H]1[C@@H]2CC[C@H]1C2 -> C1C[C@@]23C[C@@H]1[C@H]2CO3 (数据为None)
2025-11-23 19:33:53,648 - WARNING - 跳过第117310行分子对: CC[C@H]1[C@@H]2CC[C@H]1C2 -> C1C[C@]23CC[C@@H]2[C@H]1C3 (数据为None)
2025-11-23 19:33:58,248 - WARNING - 跳过第117567行分子对: C[C@@H]1[C@H]2C(=O)N3[C@H]2[C@H]13 -> O=C1[C@@H]2[C@@H](O)[C@H]3[C@@H]2N13 (数据为None)
2025-11-23 19:33:58,248 - WARNING - 跳过第117821行分子对: O=C1N[C@H]2[C@H]3C[C@H]3[C@@H]12 -> C[C@@H]1[C@H]2C(=O)N3[C@H]2[C@H]13 (数据为None)
2025-11-23 19:33:58,250 - WARNING - 跳过第117568行分子对: C[C@@H]1[C@H]2C(=O)N3[C@H]2[C@H]13 -> O=C1N[C@H]2[C@H]3C[C@H]3[C@@H]12 (数据为None)
2025-11-23 19:33:58,548 - WARNING - 跳过第117571行分子对: O=C1[C@@H]2[C@@H](O)[C@H]3[C@@H]2N13 -> C[C@@H]1[C@H]2C(=O)N3[C@H]2[C@H]13 (数据为None)
2025-11-23 19:33:58,816 - INFO - 分子处理统计: 总数=240000, 命中=239832, 未命中=168, 命中率=99.93%
2025-11-23 19:34:04,150 - INFO - --- 训练集样本示例 (头部数据) ---
2025-11-23 19:34:04,154 - INFO -   样本       起始节点数        起始边数         目标节点数        目标边数         边特征             目标属性值          
2025-11-23 19:34:04,155 - INFO -   --------------------------------------------------------------------------------
2025-11-23 19:34:04,156 - INFO -   DEBUG: 边特征维度 = 16
2025-11-23 19:34:04,156 - INFO -   DEBUG: 第一个样本的边特征值 = [0.0, 0.0, 1.0, 0.0, 0.0, 0.0, 0.0, 0.0, 0.0, 0.0, 0.0, 0.0, 0.0, 0.0, 0.0, 1.0]
2025-11-23 19:34:04,156 - INFO -   DEBUG: 原子类型数量 = 4, 操作类型数量 = 12
2025-11-23 19:34:04,156 - INFO -   DEBUG: 边特征总长度 = 16
2025-11-23 19:34:04,156 - INFO -   DEBUG: 原子类型one-hot编码 = [0.0, 0.0, 1.0, 0.0]
2025-11-23 19:34:04,156 - INFO -   DEBUG: 操作类型one-hot编码 = [0.0, 0.0, 0.0, 0.0, 0.0, 0.0, 0.0, 0.0, 0.0, 0.0, 0.0, 1.0]
2025-11-23 19:34:04,156 - INFO -   DEBUG: 原子类型列表 = ['C', 'F', 'N', 'O']
2025-11-23 19:34:04,156 - INFO -   DEBUG: 操作类型列表 = ['add_atom', 'add_stereo', 'form_double_bond', 'form_double_ring', 'form_ring', 'form_triple_bond', 'remove_add_stereo', 'remove_form_double_bond', 'remove_form_double_ring', 'remove_form_ring', 'remove_form_triple_bond', 'replace_atom']
2025-11-23 19:34:04,157 - INFO -   1        5            8            4            6            [0.0, 0.0, 1.   -0.923677      
2025-11-23 19:34:04,157 - INFO -   2        5            8            3            4            [0.0, 0.0, 0.   -1.313004      
2025-11-23 19:34:04,157 - INFO -   3        4            6            5            8            [1.0, 0.0, 0.   0.951669       
2025-11-23 19:34:04,157 - INFO -   --------------------------------------------------------------------------------
2025-11-23 19:34:04,157 - INFO - 
数据构建完成:
2025-11-23 19:34:04,157 - INFO -   项目                   值                   
2025-11-23 19:34:04,157 - INFO -   ---------------------------------------- --------------------
2025-11-23 19:34:04,157 - INFO -   样本数                  119885              
2025-11-23 19:34:04,157 - INFO -   节点特征维度               11                  
2025-11-23 19:34:04,157 - INFO -   边特征维度                16                  
2025-11-23 19:34:04,157 - INFO -   目标属性变化维度             1                   
2025-11-23 19:34:04,168 - INFO - 数据集划分完成:
2025-11-23 19:34:04,168 - INFO -   - 训练集: 95908 (80.0%)
2025-11-23 19:34:04,168 - INFO -   - 验证集: 11988 (10.0%)
2025-11-23 19:34:04,168 - INFO -   - 测试集: 11989 (10.0%)
2025-11-23 19:34:04,209 - INFO - 数据集索引已保存到: /home/data2/rhj/project/mol_editor/mol_evo/dataset/data/dataset_indices/indices_20251123_193404_seed42.json
2025-11-23 19:34:04,328 - INFO - 更新模型边特征维度: 11 -> 16
2025-11-23 19:34:04,479 - INFO - 正在创建模型...
2025-11-23 19:34:04,481 - INFO - 模型参数数量: 4451725
2025-11-23 19:34:04,481 - INFO - 使用设备: cuda
2025-11-23 19:34:06,560 - INFO - 开始训练 (200 轮)...
2025-11-23 19:56:44,799 - INFO - Epoch [10/200], Train Loss: 0.119167, Val Loss: 0.140238, R²: 0.9562, MAE: 0.1402
2025-11-23 20:19:10,235 - INFO - Epoch [20/200], Train Loss: 0.083721, Val Loss: 0.110270, R²: 0.9720, MAE: 0.1103
2025-11-23 20:41:43,065 - INFO - Epoch [30/200], Train Loss: 0.069062, Val Loss: 0.075717, R²: 0.9851, MAE: 0.0757
2025-11-23 21:03:58,083 - INFO - Epoch [40/200], Train Loss: 0.031186, Val Loss: 0.048884, R²: 0.9913, MAE: 0.0489
2025-11-23 21:26:11,461 - INFO - Epoch [50/200], Train Loss: 0.020983, Val Loss: 0.035884, R²: 0.9927, MAE: 0.0359
2025-11-23 21:48:30,993 - INFO - Epoch [60/200], Train Loss: 0.018620, Val Loss: 0.033957, R²: 0.9930, MAE: 0.0340
2025-11-23 22:10:59,671 - INFO - Epoch [70/200], Train Loss: 0.016665, Val Loss: 0.032799, R²: 0.9932, MAE: 0.0328
2025-11-23 22:33:40,715 - INFO - Epoch [80/200], Train Loss: 0.015724, Val Loss: 0.031209, R²: 0.9935, MAE: 0.0312
2025-11-23 22:56:01,911 - INFO - Epoch [90/200], Train Loss: 0.014563, Val Loss: 0.030242, R²: 0.9937, MAE: 0.0302
2025-11-23 23:17:57,932 - INFO - Epoch [100/200], Train Loss: 0.014260, Val Loss: 0.030438, R²: 0.9939, MAE: 0.0304
2025-11-23 23:39:53,774 - INFO - Epoch [110/200], Train Loss: 0.010998, Val Loss: 0.027242, R²: 0.9940, MAE: 0.0272
2025-11-24 00:01:39,798 - INFO - Epoch [120/200], Train Loss: 0.010642, Val Loss: 0.027019, R²: 0.9941, MAE: 0.0270
2025-11-24 00:23:23,798 - INFO - Epoch [130/200], Train Loss: 0.009792, Val Loss: 0.026337, R²: 0.9941, MAE: 0.0263
2025-11-24 00:45:04,107 - INFO - Epoch [140/200], Train Loss: 0.009607, Val Loss: 0.026129, R²: 0.9941, MAE: 0.0261
2025-11-24 01:06:45,714 - INFO - Epoch [150/200], Train Loss: 0.009476, Val Loss: 0.026025, R²: 0.9942, MAE: 0.0260
2025-11-24 01:28:27,477 - INFO - Epoch [160/200], Train Loss: 0.009347, Val Loss: 0.025810, R²: 0.9942, MAE: 0.0258
2025-11-24 01:50:10,875 - INFO - Epoch [170/200], Train Loss: 0.009220, Val Loss: 0.025616, R²: 0.9942, MAE: 0.0256
2025-11-24 02:11:59,128 - INFO - Epoch [180/200], Train Loss: 0.009108, Val Loss: 0.025539, R²: 0.9942, MAE: 0.0255
2025-11-24 02:34:00,560 - INFO - Epoch [190/200], Train Loss: 0.008973, Val Loss: 0.025417, R²: 0.9942, MAE: 0.0254
2025-11-24 02:56:01,645 - INFO - Epoch [200/200], Train Loss: 0.008892, Val Loss: 0.025286, R²: 0.9943, MAE: 0.0253
2025-11-24 02:56:01,646 - INFO - 开始训练 (200 轮)...
2025-11-24 02:56:12,227 - INFO - 模型已保存至: /home/data2/rhj/project/mol_editor/mol_evo/../mol_evo/output/v0/MoleculeEvolutionVisnetLinearPredictor/train-20251123_192921-lumo_change-120000-200/last.pth
2025-11-24 02:56:12,227 - INFO - 
2025-11-24 02:56:12,227 - INFO - ============================================================
2025-11-24 02:56:12,227 - INFO - 训练完成 - 最终评估结果
2025-11-24 02:56:12,228 - INFO - ============================================================
2025-11-24 02:56:12,228 - INFO - 测试集损失: 0.025044
2025-11-24 02:56:12,228 - INFO - RMSE: 0.074818
2025-11-24 02:56:12,228 - INFO - MAE: 0.025044
2025-11-24 02:56:12,228 - INFO - R²: 0.994413
2025-11-24 02:56:12,228 - INFO - PCC: 0.997203
2025-11-24 02:56:12,228 - INFO - Rank Loss: 0.358909
2025-11-24 02:56:12,228 - INFO - 
2025-11-24 02:56:12,228 - INFO - 阈值准确率:
2025-11-24 02:56:12,228 - INFO -   阈值 0.5: 99.73%
2025-11-24 02:56:12,228 - INFO -   阈值 0.4: 99.52%
2025-11-24 02:56:12,228 - INFO -   阈值 0.30000000000000004: 99.12%
2025-11-24 02:56:12,228 - INFO -   阈值 0.20000000000000004: 97.84%
2025-11-24 02:56:12,228 - INFO -   阈值 0.10000000000000003: 93.27%
2025-11-24 02:56:12,228 - INFO -   阈值 0.05000000000000002: 85.85%
2025-11-24 02:56:12,228 - INFO -   阈值 0.040000000000000015: 83.20%
2025-11-24 02:56:12,229 - INFO -   阈值 0.030000000000000013: 79.64%
2025-11-24 02:56:12,229 - INFO -   阈值 0.02000000000000001: 75.12%
2025-11-24 02:56:12,229 - INFO -   阈值 0.01000000000000001: 69.36%
2025-11-24 02:56:12,229 - INFO -   阈值 0.005000000000000005: 63.69%
2025-11-24 02:56:12,229 - INFO -   阈值 0.004000000000000005: 61.26%
2025-11-24 02:56:12,229 - INFO -   阈值 0.0030000000000000053: 57.93%
2025-11-24 02:56:12,229 - INFO -   阈值 0.0020000000000000052: 51.43%
2025-11-24 02:56:12,229 - INFO -   阈值 0.0010000000000000052: 33.71%
2025-11-24 02:56:12,229 - INFO - 
2025-11-24 02:56:12,229 - INFO - 训练完成:
2025-11-24 02:56:12,229 - INFO -   - 最终训练损失: 0.008892
2025-11-24 02:56:12,229 - INFO -   - 最佳验证损失: 0.025266
2025-11-24 02:56:12,229 - INFO -   - 测试损失 (MSE): 0.025044
2025-11-24 02:56:12,229 - INFO -   - 测试RMSE: 0.074818
2025-11-24 02:56:12,229 - INFO -   - 测试MAE: 0.025044
2025-11-24 02:56:12,229 - INFO -   - 测试R²: 0.994413
2025-11-24 02:56:12,229 - INFO -   - 测试PCC: 0.997203
2025-11-24 02:56:12,230 - INFO -   - 测试Rank Loss: 0.358909
2025-11-24 02:56:12,230 - INFO -   - 测试阈值准确率 (0.5): 0.9973
2025-11-24 02:56:12,230 - INFO -   - 测试阈值准确率 (0.4): 0.9952
2025-11-24 02:56:12,230 - INFO -   - 测试阈值准确率 (0.30000000000000004): 0.9912
2025-11-24 02:56:12,230 - INFO -   - 测试阈值准确率 (0.20000000000000004): 0.9784
2025-11-24 02:56:12,230 - INFO -   - 测试阈值准确率 (0.10000000000000003): 0.9327
2025-11-24 02:56:12,230 - INFO -   - 测试阈值准确率 (0.05000000000000002): 0.8585
2025-11-24 02:56:12,230 - INFO -   - 测试阈值准确率 (0.040000000000000015): 0.8320
2025-11-24 02:56:12,230 - INFO -   - 测试阈值准确率 (0.030000000000000013): 0.7964
2025-11-24 02:56:12,230 - INFO -   - 测试阈值准确率 (0.02000000000000001): 0.7512
2025-11-24 02:56:12,230 - INFO -   - 测试阈值准确率 (0.01000000000000001): 0.6936
2025-11-24 02:56:12,230 - INFO -   - 测试阈值准确率 (0.005000000000000005): 0.6369
2025-11-24 02:56:12,230 - INFO -   - 测试阈值准确率 (0.004000000000000005): 0.6126
2025-11-24 02:56:12,230 - INFO -   - 测试阈值准确率 (0.0030000000000000053): 0.5793
2025-11-24 02:56:12,230 - INFO -   - 测试阈值准确率 (0.0020000000000000052): 0.5143
2025-11-24 02:56:12,231 - INFO -   - 测试阈值准确率 (0.0010000000000000052): 0.3371
2025-11-24 02:56:12,231 - INFO -   - 模型已保存到: /home/data2/rhj/project/mol_editor/mol_evo/../mol_evo/output/v0/MoleculeEvolutionVisnetLinearPredictor/train-20251123_192921-lumo_change-120000-200/last.pth
2025-11-24 02:56:12,231 - INFO - 训练结果已保存到: /home/data2/rhj/project/mol_editor/mol_evo/../mol_evo/output/v0/MoleculeEvolutionVisnetLinearPredictor/train-20251123_192921-lumo_change-120000-200/training_results.json
2025-11-24 02:56:12,231 - INFO - 模型目录: /home/data2/rhj/project/mol_editor/mol_evo/../mol_evo/output/v0/MoleculeEvolutionVisnetLinearPredictor/train-20251123_192921-lumo_change-120000-200
