2025-11-13 09:50:52,752 - INFO - ============================================================
2025-11-13 09:50:52,752 - INFO - 数据文件: mol_evo/dataset/data/qm9-evo-pairs-step-1-with-properties-pct.csv
2025-11-13 09:50:52,752 - INFO - 最大对数: 30000
2025-11-13 09:50:52,752 - INFO - 训练轮数: 200
2025-11-13 09:50:52,752 - INFO - ============================================================
2025-11-13 09:50:52,752 - INFO - 正在构建图数据: mol_evo/dataset/data/qm9-evo-pairs-step-1-with-properties-pct.csv
2025-11-13 09:50:53,352 - INFO - 加载缓存文件: /home/data2/rhj/project/mol_editor/mol_evo/core/utils/../../.cache/molecule_graphs/csv_qm9-evo-pairs-step-1-with-properties-pct_3cbb45cc1ac9202d.pt，包含 1994 个分子
2025-11-13 09:50:57,791 - WARNING - 跳过第25871行分子对: [H]O/N=C(\C([H])([H])[H])C([H])([H])C(C([H])([H])[H])(C([H])([H])[H])C([H])([H])[H] -> [H]ONC1C([H])([H])[C@]23C([H])([H])[C@]([H])(C2([H])[H])[C@@]13[H] (数据为None)
2025-11-13 09:50:58,567 - WARNING - 跳过第25984行分子对: [H]O/N=C(/C([H])([H])C([H])([H])[H])C(C([H])([H])[H])(C([H])([H])[H])C([H])([H])[H] -> [H]ONC1C([H])([H])[C@]23C([H])([H])[C@]([H])(C2([H])[H])[C@@]13[H] (数据为None)
2025-11-13 09:50:59,345 - WARNING - 跳过第26175行分子对: [H]O/N=C(\C([H])([H])[H])C(C([H])([H])[H])(C([H])([H])[H])C([H])([H])C([H])([H])[H] -> [H]ONC1C([H])([H])[C@]23C([H])([H])[C@]([H])(C2([H])[H])[C@@]13[H] (数据为None)
2025-11-13 09:51:00,177 - WARNING - 跳过第26431行分子对: [H]O/N=C(\C([H])([H])[H])C([H])([H])C([H])([H])C([H])(C([H])([H])[H])C([H])([H])[H] -> [H]ONC1C([H])([H])[C@]23C([H])([H])[C@]([H])(C2([H])[H])[C@@]13[H] (数据为None)
2025-11-13 09:51:00,938 - WARNING - 跳过第26530行分子对: [H]ONC1C(C([H])([H])[H])(C([H])([H])[H])C([H])([H])[C@]1([H])C([H])([H])[H] -> [H]ONC1C([H])([H])[C@]23C([H])([H])[C@]([H])(C2([H])[H])[C@@]13[H] (数据为None)
2025-11-13 09:51:01,719 - WARNING - 跳过第26630行分子对: [H]ONC1C([H])=C([H])C(C([H])([H])[H])(C([H])([H])[H])C1([H])[H] -> [H]ONC1C([H])([H])[C@]23C([H])([H])[C@]([H])(C2([H])[H])[C@@]13[H] (数据为None)
2025-11-13 09:51:02,496 - WARNING - 跳过第26691行分子对: [H]ONC1C([H])([H])C([H])([H])C(C([H])([H])[H])(C([H])([H])[H])C1([H])[H] -> [H]ONC1C([H])([H])[C@]23C([H])([H])[C@]([H])(C2([H])[H])[C@@]13[H] (数据为None)
2025-11-13 09:51:03,292 - WARNING - 跳过第26895行分子对: [H]O/N=C(\C([H])([H])C([H])([H])[H])C([H])([H])C([H])(C([H])([H])[H])C([H])([H])[H] -> [H]ONC1C([H])([H])[C@]23C([H])([H])[C@]([H])(C2([H])[H])[C@@]13[H] (数据为None)
2025-11-13 09:51:04,081 - WARNING - 跳过第27044行分子对: [H]C#C[C@]1(C([H])([H])[H])C([H])([H])[C@@H](NO[H])C1([H])[H] -> [H]ONC1C([H])([H])[C@]23C([H])([H])[C@]([H])(C2([H])[H])[C@@]13[H] (数据为None)
2025-11-13 09:51:04,864 - WARNING - 跳过第27152行分子对: [H]ON[C@H]1C([H])([H])[C@](C([H])([H])[H])(C([H])([H])C([H])([H])[H])C1([H])[H] -> [H]ONC1C([H])([H])[C@]23C([H])([H])[C@]([H])(C2([H])[H])[C@@]13[H] (数据为None)
2025-11-13 09:51:05,676 - WARNING - 跳过第27266行分子对: [H]O/N=C(\C([H])([H])[H])C([H])([H])C1(C([H])([H])[H])C([H])([H])C1([H])[H] -> [H]ONC1C([H])([H])[C@]23C([H])([H])[C@]([H])(C2([H])[H])[C@@]13[H] (数据为None)
2025-11-13 09:51:06,513 - WARNING - 跳过第27714行分子对: [H]O/N=C(\C([H])([H])[H])C([H])([H])C([H])([H])C([H])([H])C([H])([H])C([H])([H])[H] -> [H]ONC1C([H])([H])[C@]23C([H])([H])[C@]([H])(C2([H])[H])[C@@]13[H] (数据为None)
2025-11-13 09:51:07,281 - WARNING - 跳过第27835行分子对: [H]ONC1C([H])([H])C([H])=C([H])C1(C([H])([H])[H])C([H])([H])[H] -> [H]ONC1C([H])([H])[C@]23C([H])([H])[C@]([H])(C2([H])[H])[C@@]13[H] (数据为None)
2025-11-13 09:51:08,059 - WARNING - 跳过第27878行分子对: [H]ONC1=C([H])[C-]([H])C([H])([H])C1(C([H])([H])[H])C([H])([H])[H] -> [H]ONC1C([H])([H])[C@]23C([H])([H])[C@]([H])(C2([H])[H])[C@@]13[H] (数据为None)
2025-11-13 09:51:08,818 - WARNING - 跳过第27924行分子对: [H]ONC1C([H])([H])C([H])([H])C([H])([H])C1(C([H])([H])[H])C([H])([H])[H] -> [H]ONC1C([H])([H])[C@]23C([H])([H])[C@]([H])(C2([H])[H])[C@@]13[H] (数据为None)
2025-11-13 09:51:09,626 - WARNING - 跳过第28107行分子对: [H]ON=C(C([H])([H])C([H])([H])C([H])([H])[H])C([H])([H])C([H])([H])C([H])([H])[H] -> [H]ONC1C([H])([H])[C@]23C([H])([H])[C@]([H])(C2([H])[H])[C@@]13[H] (数据为None)
2025-11-13 09:51:10,447 - WARNING - 跳过第28312行分子对: [H]O/N=C(/C([H])([H])C([H])([H])C([H])([H])[H])C([H])(C([H])([H])[H])C([H])([H])[H] -> [H]ONC1C([H])([H])[C@]23C([H])([H])[C@]([H])(C2([H])[H])[C@@]13[H] (数据为None)
2025-11-13 09:51:11,280 - WARNING - 跳过第28519行分子对: [H]ON=C(C([H])(C([H])([H])[H])C([H])([H])[H])C([H])(C([H])([H])[H])C([H])([H])[H] -> [H]ONC1C([H])([H])[C@]23C([H])([H])[C@]([H])(C2([H])[H])[C@@]13[H] (数据为None)
2025-11-13 09:51:12,090 - WARNING - 跳过第28649行分子对: [H]O/N=C(\C([H])([H])[H])C1(C([H])([H])[H])C([H])([H])C([H])([H])C1([H])[H] -> [H]ONC1C([H])([H])[C@]23C([H])([H])[C@]([H])(C2([H])[H])[C@@]13[H] (数据为None)
2025-11-13 09:51:12,906 - WARNING - 跳过第28853行分子对: [H]ON[C@H]1C([H])([H])[C@]([H])(C([H])(C([H])([H])[H])C([H])([H])[H])C1([H])[H] -> [H]ONC1C([H])([H])[C@]23C([H])([H])[C@]([H])(C2([H])[H])[C@@]13[H] (数据为None)
2025-11-13 09:51:13,681 - WARNING - 跳过第28960行分子对: [H]O/N=C(\C([H])([H])[H])[C@]1([H])C([H])([H])[C@@]([H])(C([H])([H])[H])C1([H])[H] -> [H]ONC1C([H])([H])[C@]23C([H])([H])[C@]([H])(C2([H])[H])[C@@]13[H] (数据为None)
2025-11-13 09:51:14,483 - WARNING - 跳过第29052行分子对: [H]ONC1C([H])=C(C([H])([H])[H])C([H])([H])C([H])([H])C1([H])[H] -> [H]ONC1C([H])([H])[C@]23C([H])([H])[C@]([H])(C2([H])[H])[C@@]13[H] (数据为None)
2025-11-13 09:51:15,260 - WARNING - 跳过第29115行分子对: [H]ONC1C([H])([H])C(C([H])([H])[H])=C([H])C([H])([H])C1([H])[H] -> [H]ONC1C([H])([H])[C@]23C([H])([H])[C@]([H])(C2([H])[H])[C@@]13[H] (数据为None)
2025-11-13 09:51:16,073 - WARNING - 跳过第29191行分子对: [H]ONC1C([H])([H])C([H])([H])C([H])([H])[C@]([H])(C([H])([H])[H])C1([H])[H] -> [H]ONC1C([H])([H])[C@]23C([H])([H])[C@]([H])(C2([H])[H])[C@@]13[H] (数据为None)
2025-11-13 09:51:16,873 - WARNING - 跳过第29259行分子对: [H]ONC1C([H])([H])C(C([H])([H])[H])=C(C([H])([H])[H])C1([H])[H] -> [H]ONC1C([H])([H])[C@]23C([H])([H])[C@]([H])(C2([H])[H])[C@@]13[H] (数据为None)
2025-11-13 09:51:17,721 - WARNING - 跳过第29362行分子对: [H]ONC1C([H])([H])C(C([H])([H])[H])=C([H])[C@]1([H])C([H])([H])[H] -> [H]ONC1C([H])([H])[C@]23C([H])([H])[C@]([H])(C2([H])[H])[C@@]13[H] (数据为None)
2025-11-13 09:51:18,238 - WARNING - 跳过第29437行分子对: [H][N-]C1O[C@]([H])(C([H])([H])[H])C(NO[H])C1([H])[H] -> [H]ONC1C([H])([H])[C@]23C([H])([H])[N@@H+](C2([H])[H])[C@@]13[H] (数据为None)
2025-11-13 09:51:19,020 - WARNING - 跳过第29554行分子对: [H]ONC1C([H])([H])[C@]2([H])C([H])([H])[C@@]1(C([H])([H])[H])C2([H])[H] -> [H]ONC1C([H])([H])[C@]23C([H])([H])[C@]([H])(C2([H])[H])[C@@]13[H] (数据为None)
2025-11-13 09:51:19,789 - WARNING - 跳过第29644行分子对: [H]O/N=C(\C([H])([H])[H])C([H])([H])C1([H])C([H])([H])C([H])([H])C1([H])[H] -> [H]ONC1C([H])([H])[C@]23C([H])([H])[C@]([H])(C2([H])[H])[C@@]13[H] (数据为None)
2025-11-13 09:51:20,530 - WARNING - 跳过第29737行分子对: [H]C#CC([H])([H])[C@]1([H])C([H])([H])[C@@H](NO[H])C1([H])[H] -> [H]ONC1C([H])([H])[C@]23C([H])([H])[C@]([H])(C2([H])[H])[C@@]13[H] (数据为None)
2025-11-13 09:51:21,304 - WARNING - 跳过第29820行分子对: [H]ON[C@H]1C([H])([H])[C@]([H])(C#CC([H])([H])[H])C1([H])[H] -> [H]ONC1C([H])([H])[C@]23C([H])([H])[C@]([H])(C2([H])[H])[C@@]13[H] (数据为None)
2025-11-13 09:51:22,070 - WARNING - 跳过第29860行分子对: [H]ON[C@H]1C([H])([H])[C@]([H])(C([H])([H])C([H])([H])C([H])([H])[H])C1([H])[H] -> [H]ONC1C([H])([H])[C@]23C([H])([H])[C@]([H])(C2([H])[H])[C@@]13[H] (数据为None)
2025-11-13 09:51:22,829 - WARNING - 跳过第29968行分子对: [H]ONC1C([H])([H])C2(C1([H])[H])C([H])([H])C([H])([H])C2([H])[H] -> [H]ONC1C([H])([H])[C@]23C([H])([H])[C@]([H])(C2([H])[H])[C@@]13[H] (数据为None)
2025-11-13 09:51:22,933 - INFO - 分子处理统计: 总数=60000, 命中=59967, 未命中=33, 命中率=99.94%
2025-11-13 09:51:22,965 - INFO - --- 训练集样本示例 (头部数据) ---
2025-11-13 09:51:22,965 - INFO -   样本       起始节点数        起始边数         目标节点数        目标边数         边特征             目标属性值          
2025-11-13 09:51:22,965 - INFO -   --------------------------------------------------------------------------------
2025-11-13 09:51:22,966 - INFO -   1        5            8            8            14           [0.0, 1.0, 0.   0.085322       
2025-11-13 09:51:22,966 - INFO -   2        3            4            6            10           [0.0, 1.0, 0.   0.127646       
2025-11-13 09:51:22,966 - INFO -   3        4            6            11           20           [0.0, 1.0, 0.   0.250869       
2025-11-13 09:51:22,966 - INFO -   --------------------------------------------------------------------------------
2025-11-13 09:51:22,966 - INFO - 
数据构建完成:
2025-11-13 09:51:22,966 - INFO -   项目                   值                   
2025-11-13 09:51:22,966 - INFO -   ---------------------------------------- --------------------
2025-11-13 09:51:22,966 - INFO -   样本数                  29967               
2025-11-13 09:51:22,966 - INFO -   节点特征维度               11                  
2025-11-13 09:51:22,966 - INFO -   边特征维度                25                  
2025-11-13 09:51:22,966 - INFO -   目标属性变化维度             1                   
2025-11-13 09:51:22,969 - INFO - 数据集划分完成:
2025-11-13 09:51:22,970 - INFO -   - 训练集: 23973 (80.0%)
2025-11-13 09:51:22,970 - INFO -   - 验证集: 2996 (10.0%)
2025-11-13 09:51:22,970 - INFO -   - 测试集: 2998 (10.0%)
2025-11-13 09:51:23,044 - INFO - 更新模型边特征维度: 11 -> 25
2025-11-13 09:51:23,105 - INFO - 正在创建模型...
2025-11-13 09:51:23,105 - INFO - 模型参数数量: 2813697
2025-11-13 09:51:23,105 - INFO - 使用设备: cuda
2025-11-13 09:51:23,524 - INFO - 开始训练 (200 轮)...
2025-11-13 10:00:28,307 - INFO - Epoch [10/200], Train Loss: 0.113234, Val Loss: 0.098042, R²: 0.3981, MAE: 0.0980
2025-11-13 10:09:32,672 - INFO - Epoch [20/200], Train Loss: 0.086771, Val Loss: 0.074640, R²: 0.5226, MAE: 0.0746
2025-11-13 10:18:38,179 - INFO - Epoch [30/200], Train Loss: 0.073700, Val Loss: 0.062324, R²: 0.5930, MAE: 0.0623
2025-11-13 10:27:42,708 - INFO - Epoch [40/200], Train Loss: 0.065101, Val Loss: 0.060044, R²: 0.6583, MAE: 0.0600
2025-11-13 10:36:46,963 - INFO - Epoch [50/200], Train Loss: 0.050058, Val Loss: 0.045254, R²: 0.6988, MAE: 0.0453
2025-11-13 10:46:03,246 - INFO - Epoch [60/200], Train Loss: 0.046509, Val Loss: 0.042000, R²: 0.7301, MAE: 0.0420
2025-11-13 10:55:14,797 - INFO - Epoch [70/200], Train Loss: 0.043537, Val Loss: 0.040674, R²: 0.7587, MAE: 0.0407
2025-11-13 11:04:40,200 - INFO - Epoch [80/200], Train Loss: 0.038811, Val Loss: 0.036723, R²: 0.7754, MAE: 0.0367
2025-11-13 11:13:51,021 - INFO - Epoch [90/200], Train Loss: 0.037595, Val Loss: 0.036350, R²: 0.7869, MAE: 0.0363
2025-11-13 11:22:58,653 - INFO - Epoch [100/200], Train Loss: 0.035816, Val Loss: 0.034916, R²: 0.7929, MAE: 0.0349
2025-11-13 11:32:04,987 - INFO - Epoch [110/200], Train Loss: 0.035256, Val Loss: 0.034692, R²: 0.7938, MAE: 0.0347
2025-11-13 11:41:12,169 - INFO - Epoch [120/200], Train Loss: 0.035089, Val Loss: 0.034720, R²: 0.7952, MAE: 0.0347
2025-11-13 11:50:20,394 - INFO - Epoch [130/200], Train Loss: 0.034929, Val Loss: 0.034489, R²: 0.7966, MAE: 0.0345
2025-11-13 11:59:29,188 - INFO - Epoch [140/200], Train Loss: 0.034795, Val Loss: 0.034383, R²: 0.7979, MAE: 0.0344
2025-11-13 12:08:36,403 - INFO - Epoch [150/200], Train Loss: 0.034653, Val Loss: 0.034284, R²: 0.7986, MAE: 0.0343
2025-11-13 12:17:45,337 - INFO - Epoch [160/200], Train Loss: 0.034517, Val Loss: 0.034232, R²: 0.7997, MAE: 0.0342
2025-11-13 12:26:53,101 - INFO - Epoch [170/200], Train Loss: 0.034382, Val Loss: 0.034107, R²: 0.8019, MAE: 0.0341
2025-11-13 12:36:00,817 - INFO - Epoch [180/200], Train Loss: 0.034265, Val Loss: 0.034044, R²: 0.8023, MAE: 0.0340
2025-11-13 12:45:08,136 - INFO - Epoch [190/200], Train Loss: 0.034139, Val Loss: 0.033928, R²: 0.8038, MAE: 0.0339
2025-11-13 12:54:15,392 - INFO - Epoch [200/200], Train Loss: 0.034018, Val Loss: 0.033815, R²: 0.8050, MAE: 0.0338
2025-11-13 12:54:15,393 - INFO - 开始训练 (200 轮)...
2025-11-13 12:54:17,859 - INFO - 模型已保存至: /home/data2/rhj/project/mol_editor/mol_evo/../mol_evo/output/v0/MoleculeEvolutionTensornetLinearPredictor/train-20251113_095052-lumo_change_pct-30000-200/last.pth
2025-11-13 12:54:17,859 - INFO - 
2025-11-13 12:54:17,859 - INFO - ============================================================
2025-11-13 12:54:17,859 - INFO - 训练完成 - 最终评估结果
2025-11-13 12:54:17,859 - INFO - ============================================================
2025-11-13 12:54:17,860 - INFO - 测试集损失: 0.078413
2025-11-13 12:54:17,860 - INFO - RMSE: 1.579033
2025-11-13 12:54:17,860 - INFO - MAE: 0.078413
2025-11-13 12:54:17,860 - INFO - R²: 0.109716
2025-11-13 12:54:17,860 - INFO - PCC: 0.335927
2025-11-13 12:54:17,860 - INFO - Rank Loss: 0.704510
2025-11-13 12:54:17,860 - INFO - 
2025-11-13 12:54:17,860 - INFO - 阈值准确率:
2025-11-13 12:54:17,860 - INFO -   阈值 0.5: 98.70%
2025-11-13 12:54:17,860 - INFO -   阈值 0.4: 98.37%
2025-11-13 12:54:17,860 - INFO -   阈值 0.30000000000000004: 98.00%
2025-11-13 12:54:17,860 - INFO -   阈值 0.20000000000000004: 97.57%
2025-11-13 12:54:17,860 - INFO -   阈值 0.10000000000000003: 96.00%
2025-11-13 12:54:17,860 - INFO -   阈值 0.05000000000000002: 92.70%
2025-11-13 12:54:17,860 - INFO -   阈值 0.040000000000000015: 91.36%
2025-11-13 12:54:17,860 - INFO -   阈值 0.030000000000000013: 88.99%
2025-11-13 12:54:17,860 - INFO -   阈值 0.02000000000000001: 85.69%
2025-11-13 12:54:17,860 - INFO -   阈值 0.01000000000000001: 77.42%
2025-11-13 12:54:17,860 - INFO -   阈值 0.005000000000000005: 66.74%
2025-11-13 12:54:17,860 - INFO -   阈值 0.004000000000000005: 62.44%
2025-11-13 12:54:17,860 - INFO -   阈值 0.0030000000000000053: 56.97%
2025-11-13 12:54:17,861 - INFO -   阈值 0.0020000000000000052: 49.13%
2025-11-13 12:54:17,861 - INFO - 
2025-11-13 12:54:17,861 - INFO - 训练完成:
2025-11-13 12:54:17,861 - INFO -   - 最终训练损失: 0.034018
2025-11-13 12:54:17,861 - INFO -   - 最佳验证损失: 0.033815
2025-11-13 12:54:17,861 - INFO -   - 测试损失 (MSE): 0.078413
2025-11-13 12:54:17,861 - INFO -   - 测试RMSE: 1.579033
2025-11-13 12:54:17,861 - INFO -   - 测试MAE: 0.078413
2025-11-13 12:54:17,861 - INFO -   - 测试R²: 0.109716
2025-11-13 12:54:17,861 - INFO -   - 测试PCC: 0.335927
2025-11-13 12:54:17,861 - INFO -   - 测试Rank Loss: 0.704510
2025-11-13 12:54:17,861 - INFO -   - 测试阈值准确率 (0.5): 0.9870
2025-11-13 12:54:17,861 - INFO -   - 测试阈值准确率 (0.4): 0.9837
2025-11-13 12:54:17,861 - INFO -   - 测试阈值准确率 (0.30000000000000004): 0.9800
2025-11-13 12:54:17,861 - INFO -   - 测试阈值准确率 (0.20000000000000004): 0.9757
2025-11-13 12:54:17,861 - INFO -   - 测试阈值准确率 (0.10000000000000003): 0.9600
2025-11-13 12:54:17,861 - INFO -   - 测试阈值准确率 (0.05000000000000002): 0.9270
2025-11-13 12:54:17,861 - INFO -   - 测试阈值准确率 (0.040000000000000015): 0.9136
2025-11-13 12:54:17,861 - INFO -   - 测试阈值准确率 (0.030000000000000013): 0.8899
2025-11-13 12:54:17,861 - INFO -   - 测试阈值准确率 (0.02000000000000001): 0.8569
2025-11-13 12:54:17,861 - INFO -   - 测试阈值准确率 (0.01000000000000001): 0.7742
2025-11-13 12:54:17,861 - INFO -   - 测试阈值准确率 (0.005000000000000005): 0.6674
2025-11-13 12:54:17,861 - INFO -   - 测试阈值准确率 (0.004000000000000005): 0.6244
2025-11-13 12:54:17,862 - INFO -   - 测试阈值准确率 (0.0030000000000000053): 0.5697
2025-11-13 12:54:17,862 - INFO -   - 测试阈值准确率 (0.0020000000000000052): 0.4913
2025-11-13 12:54:17,862 - INFO -   - 模型已保存到: /home/data2/rhj/project/mol_editor/mol_evo/../mol_evo/output/v0/MoleculeEvolutionTensornetLinearPredictor/train-20251113_095052-lumo_change_pct-30000-200/last.pth
2025-11-13 12:54:17,862 - INFO - 训练结果已保存到: /home/data2/rhj/project/mol_editor/mol_evo/../mol_evo/output/v0/MoleculeEvolutionTensornetLinearPredictor/train-20251113_095052-lumo_change_pct-30000-200/training_results.json
2025-11-13 12:54:17,862 - INFO - 模型目录: /home/data2/rhj/project/mol_editor/mol_evo/../mol_evo/output/v0/MoleculeEvolutionTensornetLinearPredictor/train-20251113_095052-lumo_change_pct-30000-200
